/out/sourcedata/freesurfer/sub-v2s9x29175_ses-1/mri
/opt/freesurfer/bin/talairach_avi
--i orig_nu.mgz --xfm transforms/talairach.auto.xfm
talairach_avi 7.3.2
Linux dna081 5.14.0-427.37.1.el9_4.x86_64 #1 SMP PREEMPT_DYNAMIC Fri Sep 13 12:41:50 EDT 2024 x86_64 x86_64 x86_64 GNU/Linux
Sat Mar 14 10:30:55 CET 2026
mri_convert orig_nu.mgz talsrcimg.img 
reading from orig_nu.mgz...
TR=0.00, TE=0.00, TI=0.00, flip angle=0.00
i_ras = (-1, 0, 0)
j_ras = (0, 0, -1)
k_ras = (0, 1, 0)
writing to talsrcimg.img...
Analyze Output Matrix
-1.00000   0.00000   0.00000   129.66513;
 0.00000   0.00000   1.00000  -128.00000;
 0.00000  -1.00000   0.00000   130.00000;
 0.00000   0.00000   0.00000   1.00000;
--------------------
INFO: set hdr.hist.orient to -1
mpr2mni305 talsrcimg
Sat Mar 14 10:30:55 CET 2026
/opt/freesurfer/bin/mpr2mni305 talsrcimg
mpr2mni305 7.3.2
target=711-2C_as_mni_average_305

---------------------------------------------------------------------
analyzeto4dfp talsrcimg -O0 -y
---------------------------------------------------------------------

freesurfer ifh2hdr.c
Sat Mar 14 10:30:55 2026
Writing: talsrcimg.4dfp.hdr
freesurfer analyzeto4dfp.c
Reading: talsrcimg.hdr
header size 348 bytes
hdr.dime.datatype	offset=70	value=2
hdr.dime.bitpix		offset=72	value=8
hdr.hist.orient		offset=252	value=-1
dimensionality     4
dimensions       256       256       256         1
Reading: talsrcimg.img
Writing: talsrcimg.4dfp.img
Writing: talsrcimg.4dfp.ifh
ifh2hdr talsrcimg -r0to226
ori=2

---------------------------------------------------------------------
gauss_4dfp talsrcimg 1.1
---------------------------------------------------------------------

freesurfer gauss_4dfp.c
Reading: talsrcimg.4dfp.img
Writing: talsrcimg_g11.4dfp.img
image dimensions 256 256 256 padded to 288 288 288
processing volume 1freesurfer ifh2hdr.c
Sat Mar 14 10:30:57 2026
Writing: talsrcimg_g11.4dfp.hdr

Writing: talsrcimg_g11.4dfp.ifh
including: talsrcimg.4dfp.img.rec in talsrcimg_g11.4dfp.img.rec

---------------------------------------------------------------------
imgreg_4dfp /opt/freesurfer/average/711-2C_as_mni_average_305 none talsrcimg_g11 none talsrcimg_to_711-2C_as_mni_average_305_t4 4355
---------------------------------------------------------------------

freesurfer imgreg_4dfp.c
/opt/freesurfer/average/711-2C_as_mni_average_305.4dfp.img
       256       256       256         1
  1.000000  1.000000  1.000000
orientation T byte_order littleendian
Reading image: /opt/freesurfer/average/711-2C_as_mni_average_305.4dfp.img
dimensions:      256       256       256
mmppix:       1.0000   -1.0000   -1.0000
center:     128.0000 -129.0000 -129.0000
talsrcimg_g11.4dfp.img
       256       256       256         1
  1.000000  1.000000  1.000000
orientation T byte_order littleendian
Reading image: talsrcimg_g11.4dfp.img
dimensions:      256       256       256
mmppix:       1.0000   -1.0000   -1.0000
center:     128.0000 -129.0000 -129.0000
t4_read: open error in t4_sub.f l:  41 t4_file(1:l)talsrcimg_to_711-2C_as_mni_average_305_t4 
t4_read: transform initialized to I4
rotation matrix determinant  1.000000
image alignment mode   4355 decimal     1103 hex
   -7.5000  -45.0000  -45.0000 9593.0303   20.1992
    0.0000  -45.0000  -45.000010045.7148   20.1534
    7.5000  -45.0000  -45.0000 9481.2793   20.1018
   -7.5000  -37.5000  -45.0000 9786.6582   20.1895
    0.0000  -37.5000  -45.000010241.6650   20.1483
    7.5000  -37.5000  -45.0000 9660.0889   20.1007
   -7.5000  -30.0000  -45.000010300.8193   20.1572
    0.0000  -30.0000  -45.000010773.8184   20.1220
    7.5000  -30.0000  -45.000010173.3105   20.0849
   -7.5000  -22.5000  -45.000010755.8242   20.1311
    0.0000  -22.5000  -45.000011250.5967   20.0983
    7.5000  -22.5000  -45.000010606.7480   20.0690
   -7.5000  -15.0000  -45.000011091.3174   20.1358
    0.0000  -15.0000  -45.000011598.9199   20.0998
    7.5000  -15.0000  -45.000010946.6660   20.0684
   -7.5000   -7.5000  -45.000011270.8027   20.1717
    0.0000   -7.5000  -45.000011808.4727   20.1287
    7.5000   -7.5000  -45.000011146.0322   20.0854
   -7.5000    0.0000  -45.000011355.5635   20.1992
    0.0000    0.0000  -45.000011865.6895   20.1534
    7.5000    0.0000  -45.000011205.4785   20.1018
   -7.5000    7.5000  -45.000010568.5420   20.1895
    0.0000    7.5000  -45.000011013.7559   20.1483
    7.5000    7.5000  -45.000010411.4102   20.1007
   -7.5000   15.0000  -45.0000 9722.6123   20.1572
    0.0000   15.0000  -45.000010077.8633   20.1220
    7.5000   15.0000  -45.0000 9535.6885   20.0849
   -7.5000   22.5000  -45.0000 8798.9453   20.1283
    0.0000   22.5000  -45.0000 9076.9609   20.0955
    7.5000   22.5000  -45.0000 8597.8662   20.0663
   -7.5000   30.0000  -45.0000 7791.0176   19.9243
    0.0000   30.0000  -45.0000 8035.4370   19.8881
    7.5000   30.0000  -45.0000 7591.6421   19.8560
   -7.5000   37.5000  -45.0000 6994.0269   20.2501
    0.0000   37.5000  -45.0000 7221.8530   20.2064
    7.5000   37.5000  -45.0000 6820.2778   20.1626
   -7.5000   45.0000  -45.0000 5949.4849   20.1720
    0.0000   45.0000  -45.0000 6142.2783   20.1257
    7.5000   45.0000  -45.0000 5810.0571   20.0727
   -7.5000  -45.0000  -37.500010158.3486   20.1123
    0.0000  -45.0000  -37.500010614.3691   20.0787
    7.5000  -45.0000  -37.5000 9999.3369   20.0261
   -7.5000  -37.5000  -37.500010331.7197   20.1194
    0.0000  -37.5000  -37.500010797.0703   20.0906
    7.5000  -37.5000  -37.500010169.8623   20.0386
   -7.5000  -30.0000  -37.500010858.8818   20.0938
    0.0000  -30.0000  -37.500011353.7891   20.0725
    7.5000  -30.0000  -37.500010706.1924   20.0323
   -7.5000  -22.5000  -37.500011335.1416   20.0564
    0.0000  -22.5000  -37.500011864.3291   20.0386
    7.5000  -22.5000  -37.500011169.1406   20.0113
   -7.5000  -15.0000  -37.500011652.8154   20.0454
    0.0000  -15.0000  -37.500012222.9639   20.0239
    7.5000  -15.0000  -37.500011510.0156   19.9980
   -7.5000   -7.5000  -37.500011799.5674   20.0756
    0.0000   -7.5000  -37.500012365.8682   20.0460
    7.5000   -7.5000  -37.500011653.8379   20.0066
   -7.5000    0.0000  -37.500011823.4688   20.1123
    0.0000    0.0000  -37.500012376.1797   20.0787
    7.5000    0.0000  -37.500011691.1777   20.0261
   -7.5000    7.5000  -37.500011005.6035   20.1194
    0.0000    7.5000  -37.500011513.2764   20.0906
    7.5000    7.5000  -37.500010865.4834   20.0386
   -7.5000   15.0000  -37.500010090.3213   20.0938
    0.0000   15.0000  -37.500010495.3955   20.0725
    7.5000   15.0000  -37.5000 9931.6758   20.0323
   -7.5000   22.5000  -37.5000 9120.5361   20.0536
    0.0000   22.5000  -37.5000 9437.4121   20.0359
    7.5000   22.5000  -37.5000 8938.9600   20.0086
   -7.5000   30.0000  -37.5000 8065.8047   19.8345
    0.0000   30.0000  -37.5000 8337.7129   19.8130
    7.5000   30.0000  -37.5000 7884.2734   19.7864
   -7.5000   37.5000  -37.5000 7258.5386   20.1546
    0.0000   37.5000  -37.5000 7504.4956   20.1242
    7.5000   37.5000  -37.5000 7101.7778   20.0843
   -7.5000   45.0000  -37.5000 6179.0347   20.0872
    0.0000   45.0000  -37.5000 6366.5986   20.0532
    7.5000   45.0000  -37.5000 6056.7847   19.9992
   -7.5000  -45.0000  -30.000010917.9043   20.8828
    0.0000  -45.0000  -30.000011376.3320   20.8618
    7.5000  -45.0000  -30.000010700.0137   20.8156
   -7.5000  -37.5000  -30.000011091.9395   20.8973
    0.0000  -37.5000  -30.000011548.2617   20.8793
    7.5000  -37.5000  -30.000010863.6406   20.8346
   -7.5000  -30.0000  -30.000011623.1543   20.8740
    0.0000  -30.0000  -30.000012126.6875   20.8650
    7.5000  -30.0000  -30.000011418.5117   20.8357
   -7.5000  -22.5000  -30.000012094.4463   20.8330
    0.0000  -22.5000  -30.000012647.0205   20.8295
    7.5000  -22.5000  -30.000011901.7109   20.8158
   -7.5000  -15.0000  -30.000012424.4141   20.8177
    0.0000  -15.0000  -30.000013007.0645   20.8116
    7.5000  -15.0000  -30.000012239.3076   20.7981
   -7.5000   -7.5000  -30.000012594.2275   20.8442
    0.0000   -7.5000  -30.000013169.7959   20.8295
    7.5000   -7.5000  -30.000012376.7754   20.7989
   -7.5000    0.0000  -30.000012584.6367   20.8828
    0.0000    0.0000  -30.000013138.8730   20.8618
    7.5000    0.0000  -30.000012381.5898   20.8156
   -7.5000    7.5000  -30.000011681.0244   20.8973
    0.0000    7.5000  -30.000012178.8203   20.8793
    7.5000    7.5000  -30.000011465.8955   20.8346
   -7.5000   15.0000  -30.000010663.5879   20.8740
    0.0000   15.0000  -30.000011093.1172   20.8650
    7.5000   15.0000  -30.000010481.7324   20.8357
   -7.5000   22.5000  -30.0000 9617.2754   20.8280
    0.0000   22.5000  -30.0000 9969.7295   20.8246
    7.5000   22.5000  -30.0000 9421.1533   20.8108
   -7.5000   30.0000  -30.0000 8501.8477   20.6006
    0.0000   30.0000  -30.0000 8810.6426   20.5944
    7.5000   30.0000  -30.0000 8311.8760   20.5801
   -7.5000   37.5000  -30.0000 7646.7456   20.9260
    0.0000   37.5000  -30.0000 7910.6143   20.9111
    7.5000   37.5000  -30.0000 7485.0605   20.8803
   -7.5000   45.0000  -30.0000 6489.4194   20.8666
    0.0000   45.0000  -30.0000 6706.3945   20.8463
    7.5000   45.0000  -30.0000 6397.0967   20.7993
   -7.5000  -45.0000  -22.500011664.6543   21.5651
    0.0000  -45.0000  -22.500012099.3525   21.5433
    7.5000  -45.0000  -22.500011387.2461   21.5043
   -7.5000  -37.5000  -22.500011852.4834   21.5664
    0.0000  -37.5000  -22.500012280.1582   21.5451
    7.5000  -37.5000  -22.500011556.3906   21.5139
   -7.5000  -30.0000  -22.500012407.0723   21.5394
    0.0000  -30.0000  -22.500012870.2754   21.5269
    7.5000  -30.0000  -22.500012122.1758   21.5142
   -7.5000  -22.5000  -22.500012876.8174   21.5112
    0.0000  -22.5000  -22.500013404.7227   21.5055
    7.5000  -22.5000  -22.500012610.0732   21.5048
   -7.5000  -15.0000  -22.500013217.0332   21.5115
    0.0000  -15.0000  -22.500013764.1738   21.5051
    7.5000  -15.0000  -22.500012940.5078   21.4983
   -7.5000   -7.5000  -22.500013387.9844   21.5386
    0.0000   -7.5000  -22.500013939.6230   21.5246
    7.5000   -7.5000  -22.500013106.3145   21.4980
   -7.5000    0.0000  -22.500013382.7754   21.5651
    0.0000    0.0000  -22.500013888.3555   21.5433
    7.5000    0.0000  -22.500013066.3906   21.5043
   -7.5000    7.5000  -22.500012364.9229   21.5664
    0.0000    7.5000  -22.500012829.6875   21.5451
    7.5000    7.5000  -22.500012060.1650   21.5139
   -7.5000   15.0000  -22.500011239.3955   21.5394
    0.0000   15.0000  -22.500011662.0889   21.5269
    7.5000   15.0000  -22.500010992.1221   21.5142
   -7.5000   22.5000  -22.500010107.0322   21.5046
    0.0000   22.5000  -22.500010478.5459   21.4988
    7.5000   22.5000  -22.5000 9864.7314   21.4982
   -7.5000   30.0000  -22.5000 8947.3213   21.2903
    0.0000   30.0000  -22.5000 9263.0645   21.2838
    7.5000   30.0000  -22.5000 8711.7803   21.2762
   -7.5000   37.5000  -22.5000 8034.1831   21.6218
    0.0000   37.5000  -22.5000 8330.4453   21.6085
    7.5000   37.5000  -22.5000 7870.4648   21.5820
   -7.5000   45.0000  -22.5000 6840.9980   21.5542
    0.0000   45.0000  -22.5000 7082.2837   21.5342
    7.5000   45.0000  -22.5000 6715.3813   21.4950
   -7.5000  -45.0000  -15.000012411.4014   22.0942
    0.0000  -45.0000  -15.000012732.3340   22.0615
    7.5000  -45.0000  -15.000012005.3467   22.0237
   -7.5000  -37.5000  -15.000012576.1602   22.0757
    0.0000  -37.5000  -15.000012923.1992   22.0427
    7.5000  -37.5000  -15.000012183.8057   22.0174
   -7.5000  -30.0000  -15.000013150.7803   22.0427
    0.0000  -30.0000  -15.000013554.1797   22.0157
    7.5000  -30.0000  -15.000012792.6455   22.0088
   -7.5000  -22.5000  -15.000013687.8359   22.0293
    0.0000  -22.5000  -15.000014102.7217   22.0083
    7.5000  -22.5000  -15.000013290.3564   22.0079
   -7.5000  -15.0000  -15.000014025.9883   22.0488
    0.0000  -15.0000  -15.000014470.9834   22.0282
    7.5000  -15.0000  -15.000013608.1572   22.0167
   -7.5000   -7.5000  -15.000014193.2744   22.0807
    0.0000   -7.5000  -15.000014663.1465   22.0545
    7.5000   -7.5000  -15.000013766.0898   22.0241
   -7.5000    0.0000  -15.000014165.6191   22.0942
    0.0000    0.0000  -15.000014632.5625   22.0615
    7.5000    0.0000  -15.000013751.4385   22.0237
   -7.5000    7.5000  -15.000013059.1963   22.0757
    0.0000    7.5000  -15.000013470.0322   22.0427
    7.5000    7.5000  -15.000012660.2979   22.0174
   -7.5000   15.0000  -15.000011858.0195   22.0427
    0.0000   15.0000  -15.000012223.8252   22.0157
    7.5000   15.0000  -15.000011499.7354   22.0088
   -7.5000   22.5000  -15.000010648.2197   22.0216
    0.0000   22.5000  -15.000010967.1191   22.0005
    7.5000   22.5000  -15.000010321.5205   22.0001
   -7.5000   30.0000  -15.0000 9383.9258   21.8252
    0.0000   30.0000  -15.0000 9658.1104   21.8045
    7.5000   30.0000  -15.0000 9112.4727   21.7920
   -7.5000   37.5000  -15.0000 8432.3301   22.1663
    0.0000   37.5000  -15.0000 8714.1445   22.1411
    7.5000   37.5000  -15.0000 8246.0059   22.1109
   -7.5000   45.0000  -15.0000 7217.1304   22.0902
    0.0000   45.0000  -15.0000 7433.5347   22.0595
    7.5000   45.0000  -15.0000 7032.0640   22.0217
   -7.5000  -45.0000   -7.500013179.2490   22.4030
    0.0000  -45.0000   -7.500013324.8672   22.3560
    7.5000  -45.0000   -7.500012641.0391   22.3085
   -7.5000  -37.5000   -7.500013320.0029   22.3799
    0.0000  -37.5000   -7.500013552.9424   22.3352
    7.5000  -37.5000   -7.500012835.1514   22.2978
   -7.5000  -30.0000   -7.500013968.0908   22.3429
    0.0000  -30.0000   -7.500014254.5449   22.3034
    7.5000  -30.0000   -7.500013490.4326   22.2805
   -7.5000  -22.5000   -7.500014545.3125   22.3286
    0.0000  -22.5000   -7.500014845.4355   22.2923
    7.5000  -22.5000   -7.500014018.2783   22.2746
   -7.5000  -15.0000   -7.500014912.9248   22.3492
    0.0000  -15.0000   -7.500015243.0771   22.3117
    7.5000  -15.0000   -7.500014350.1865   22.2855
   -7.5000   -7.5000   -7.500015087.3213   22.3868
    0.0000   -7.5000   -7.500015439.6191   22.3437
    7.5000   -7.5000   -7.500014515.2617   22.3023
   -7.5000    0.0000   -7.500015050.1768   22.4030
    0.0000    0.0000   -7.500015417.4014   22.3560
    7.5000    0.0000   -7.500014507.4170   22.3085
   -7.5000    7.5000   -7.500013842.2256   22.3799
    0.0000    7.5000   -7.500014208.4805   22.3352
    7.5000    7.5000   -7.500013359.0518   22.2978
   -7.5000   15.0000   -7.500012540.8984   22.3429
    0.0000   15.0000   -7.500012892.7158   22.3034
    7.5000   15.0000   -7.500012108.6689   22.2805
   -7.5000   22.5000   -7.500011227.4189   22.3183
    0.0000   22.5000   -7.500011533.7822   22.2820
    7.5000   22.5000   -7.500010849.0049   22.2644
   -7.5000   30.0000   -7.5000 9849.8750   22.1221
    0.0000   30.0000   -7.500010129.6748   22.0844
    7.5000   30.0000   -7.5000 9545.7188   22.0573
   -7.5000   37.5000   -7.5000 8881.8232   22.4752
    0.0000   37.5000   -7.5000 9112.2188   22.4323
    7.5000   37.5000   -7.5000 8605.0156   22.3908
   -7.5000   45.0000   -7.5000 7570.6099   22.4084
    0.0000   45.0000   -7.5000 7768.2549   22.3621
    7.5000   45.0000   -7.5000 7334.5791   22.3139
   -7.5000  -45.0000    0.000013970.2979   22.4848
    0.0000  -45.0000    0.000013982.9062   22.4330
    7.5000  -45.0000    0.000013341.1699   22.3743
   -7.5000  -37.5000    0.000014063.6934   22.4743
    0.0000  -37.5000    0.000014192.1025   22.4278
    7.5000  -37.5000    0.000013498.7314   22.3735
   -7.5000  -30.0000    0.000014744.3740   22.4394
    0.0000  -30.0000    0.000014947.2324   22.3998
    7.5000  -30.0000    0.000014177.2217   22.3573
   -7.5000  -22.5000    0.000015329.9941   22.4112
    0.0000  -22.5000    0.000015583.5820   22.3742
    7.5000  -22.5000    0.000014734.5254   22.3405
   -7.5000  -15.0000    0.000015663.5459   22.4164
    0.0000  -15.0000    0.000015991.4580   22.3756
    7.5000  -15.0000    0.000015054.6377   22.3396
   -7.5000   -7.5000    0.000015858.4551   22.4552
    0.0000   -7.5000    0.000016199.5381   22.4065
    7.5000   -7.5000    0.000015240.7637   22.3573
   -7.5000    0.0000    0.000015804.1035   22.4848
    0.0000    0.0000    0.000016239.9326   22.4330
    7.5000    0.0000    0.000015251.0166   22.3743
   -7.5000    7.5000    0.000014548.7803   22.4743
    0.0000    7.5000    0.000014979.0273   22.4278
    7.5000    7.5000    0.000014069.5498   22.3735
   -7.5000   15.0000    0.000013230.5732   22.4394
    0.0000   15.0000    0.000013601.6426   22.3998
    7.5000   15.0000    0.000012783.7100   22.3573
   -7.5000   22.5000    0.000011797.1250   22.4009
    0.0000   22.5000    0.000012130.0820   22.3639
    7.5000   22.5000    0.000011415.3838   22.3302
   -7.5000   30.0000    0.000010323.6426   22.1892
    0.0000   30.0000    0.000010585.1621   22.1482
    7.5000   30.0000    0.0000 9975.4775   22.1114
   -7.5000   37.5000    0.0000 9269.8574   22.5492
    0.0000   37.5000    0.0000 9473.3652   22.4997
    7.5000   37.5000    0.0000 8935.2939   22.4499
   -7.5000   45.0000    0.0000 7830.9297   22.5029
    0.0000   45.0000    0.0000 8025.2075   22.4504
    7.5000   45.0000    0.0000 7569.0708   22.3899
   -7.5000  -45.0000    7.500013440.1055   22.4899
    0.0000  -45.0000    7.500013936.5547   22.4521
    7.5000  -45.0000    7.500013221.3242   22.3931
   -7.5000  -37.5000    7.500013554.3037   22.4980
    0.0000  -37.5000    7.500013993.6260   22.4655
    7.5000  -37.5000    7.500013282.1758   22.4071
   -7.5000  -30.0000    7.500014177.8301   22.4695
    0.0000  -30.0000    7.500014603.3379   22.4454
    7.5000  -30.0000    7.500013841.3242   22.4002
   -7.5000  -22.5000    7.500014723.7461   22.4275
    0.0000  -22.5000    7.500015151.9395   22.4076
    7.5000  -22.5000    7.500014343.6484   22.3767
   -7.5000  -15.0000    7.500015088.9863   22.4151
    0.0000  -15.0000    7.500015527.6895   22.3910
    7.5000  -15.0000    7.500014609.2266   22.3617
   -7.5000   -7.5000    7.500015323.1719   22.4488
    0.0000   -7.5000    7.500015741.1289   22.4156
    7.5000   -7.5000    7.500014767.6279   22.3713
   -7.5000    0.0000    7.500015336.2568   22.4899
    0.0000    0.0000    7.500015775.1396   22.4521
    7.5000    0.0000    7.500014797.2256   22.3931
   -7.5000    7.5000    7.500014106.5146   22.4980
    0.0000    7.5000    7.500014558.2549   22.4655
    7.5000    7.5000    7.500013655.3574   22.4071
   -7.5000   15.0000    7.500012780.8486   22.4695
    0.0000   15.0000    7.500013157.4814   22.4454
    7.5000   15.0000    7.500012360.9248   22.4002
   -7.5000   22.5000    7.500011376.6592   22.4172
    0.0000   22.5000    7.500011689.7012   22.3973
    7.5000   22.5000    7.500010984.8096   22.3664
   -7.5000   30.0000    7.5000 9874.3760   22.1879
    0.0000   30.0000    7.500010108.6396   22.1637
    7.5000   30.0000    7.5000 9544.0312   22.1336
   -7.5000   37.5000    7.5000 8825.0996   22.5457
    0.0000   37.5000    7.5000 9024.9443   22.5115
    7.5000   37.5000    7.5000 8514.1934   22.4666
   -7.5000   45.0000    7.5000 7421.1304   22.5142
    0.0000   45.0000    7.5000 7610.0718   22.4758
    7.5000   45.0000    7.5000 7192.5435   22.4150
   -7.5000  -45.0000   15.000012623.3584   22.5331
    0.0000  -45.0000   15.000013351.9590   22.5102
    7.5000  -45.0000   15.000012551.1797   22.4595
   -7.5000  -37.5000   15.000012878.1406   22.5492
    0.0000  -37.5000   15.000013525.2051   22.5295
    7.5000  -37.5000   15.000012696.8340   22.4804
   -7.5000  -30.0000   15.000013475.6133   22.5243
    0.0000  -30.0000   15.000014075.8945   22.5141
    7.5000  -30.0000   15.000013227.3555   22.4815
   -7.5000  -22.5000   15.000013964.2617   22.4799
    0.0000  -22.5000   15.000014559.1387   22.4757
    7.5000  -22.5000   15.000013681.2666   22.4598
   -7.5000  -15.0000   15.000014279.9326   22.4631
    0.0000  -15.0000   15.000014815.4941   22.4560
    7.5000  -15.0000   15.000013909.8955   22.4404
   -7.5000   -7.5000   15.000014529.8262   22.4914
    0.0000   -7.5000   15.000014976.6064   22.4751
    7.5000   -7.5000   15.000014039.3154   22.4413
   -7.5000    0.0000   15.000014529.5381   22.5331
    0.0000    0.0000   15.000014941.2744   22.5102
    7.5000    0.0000   15.000014060.6445   22.4595
   -7.5000    7.5000   15.000013384.6963   22.5492
    0.0000    7.5000   15.000013752.6982   22.5295
    7.5000    7.5000   15.000012957.6533   22.4804
   -7.5000   15.0000   15.000012133.0117   22.5243
    0.0000   15.0000   15.000012454.9834   22.5141
    7.5000   15.0000   15.000011735.3604   22.4815
   -7.5000   22.5000   15.000010811.4502   22.4695
    0.0000   22.5000   15.000011100.9219   22.4653
    7.5000   22.5000   15.000010459.1885   22.4495
   -7.5000   30.0000   15.0000 9351.5381   22.2337
    0.0000   30.0000   15.0000 9614.2314   22.2265
    7.5000   30.0000   15.0000 9053.8047   22.2101
   -7.5000   37.5000   15.0000 8283.6738   22.5823
    0.0000   37.5000   15.0000 8518.8369   22.5659
    7.5000   37.5000   15.0000 8044.3208   22.5318
   -7.5000   45.0000   15.0000 6961.1348   22.5457
    0.0000   45.0000   15.0000 7154.5195   22.5235
    7.5000   45.0000   15.0000 6791.8706   22.4718
   -7.5000  -45.0000   22.500011760.9238   22.6128
    0.0000  -45.0000   22.500012333.1094   22.5893
    7.5000  -45.0000   22.500011638.5537   22.5459
   -7.5000  -37.5000   22.500012030.1104   22.6146
    0.0000  -37.5000   22.500012561.0742   22.5916
    7.5000  -37.5000   22.500011822.1211   22.5563
   -7.5000  -30.0000   22.500012634.2969   22.5862
    0.0000  -30.0000   22.500013156.4258   22.5722
    7.5000  -30.0000   22.500012365.0898   22.5564
   -7.5000  -22.5000   22.500013110.5850   22.5559
    0.0000  -22.5000   22.500013644.0410   22.5491
    7.5000  -22.5000   22.500012830.5703   22.5459
   -7.5000  -15.0000   22.500013397.6904   22.5558
    0.0000  -15.0000   22.500013903.9141   22.5485
    7.5000  -15.0000   22.500013084.4111   22.5387
   -7.5000   -7.5000   22.500013580.3213   22.5844
    0.0000   -7.5000   22.500014065.7109   22.5692
    7.5000   -7.5000   22.500013226.3281   22.5387
   -7.5000    0.0000   22.500013525.2422   22.6128
    0.0000    0.0000   22.500014027.3896   22.5893
    7.5000    0.0000   22.500013237.0840   22.5459
   -7.5000    7.5000   22.500012454.1514   22.6146
    0.0000    7.5000   22.500012888.9033   22.5916
    7.5000    7.5000   22.500012179.4014   22.5563
   -7.5000   15.0000   22.500011300.3086   22.5862
    0.0000   15.0000   22.500011665.1016   22.5722
    7.5000   15.0000   22.500011037.5820   22.5564
   -7.5000   22.5000   22.500010091.1514   22.5455
    0.0000   22.5000   22.500010419.7158   22.5388
    7.5000   22.5000   22.5000 9831.9355   22.5356
   -7.5000   30.0000   22.5000 8725.9355   22.3238
    0.0000   30.0000   22.5000 9032.6670   22.3164
    7.5000   30.0000   22.5000 8515.0518   22.3058
   -7.5000   37.5000   22.5000 7722.7505   22.6666
    0.0000   37.5000   22.5000 7994.7700   22.6523
    7.5000   37.5000   22.5000 7572.6353   22.6220
   -7.5000   45.0000   22.5000 6447.0996   22.6078
    0.0000   45.0000   22.5000 6709.5483   22.5864
    7.5000   45.0000   22.5000 6377.8125   22.5429
   -7.5000  -45.0000   30.000010945.4854   22.9605
    0.0000  -45.0000   30.000011385.9014   22.9244
    7.5000  -45.0000   30.000010802.1885   22.8793
   -7.5000  -37.5000   30.000011171.7803   22.9411
    0.0000  -37.5000   30.000011587.7002   22.9046
    7.5000  -37.5000   30.000010946.2451   22.8725
   -7.5000  -30.0000   30.000011754.3867   22.9058
    0.0000  -30.0000   30.000012182.8594   22.8756
    7.5000  -30.0000   30.000011484.6260   22.8630
   -7.5000  -22.5000   30.000012217.8057   22.8913
    0.0000  -22.5000   30.000012678.2979   22.8673
    7.5000  -22.5000   30.000011935.2490   22.8618
   -7.5000  -15.0000   30.000012526.3555   22.9119
    0.0000  -15.0000   30.000012955.5234   22.8886
    7.5000  -15.0000   30.000012204.5488   22.8712
   -7.5000   -7.5000   30.000012648.7070   22.9459
    0.0000   -7.5000   30.000013095.6016   22.9168
    7.5000   -7.5000   30.000012342.0420   22.8794
   -7.5000    0.0000   30.000012570.4385   22.9605
    0.0000    0.0000   30.000012999.7676   22.9244
    7.5000    0.0000   30.000012325.5215   22.8793
   -7.5000    7.5000   30.000011548.9346   22.9411
    0.0000    7.5000   30.000011939.2373   22.9046
    7.5000    7.5000   30.000011343.7314   22.8725
   -7.5000   15.0000   30.000010471.0137   22.9058
    0.0000   15.0000   30.000010820.8643   22.8756
    7.5000   15.0000   30.000010309.4268   22.8630
   -7.5000   22.5000   30.0000 9323.6465   22.8808
    0.0000   22.5000   30.0000 9633.3672   22.8568
    7.5000   22.5000   30.0000 9162.8838   22.8512
   -7.5000   30.0000   30.0000 8055.5088   22.6756
    0.0000   30.0000   30.0000 8328.3545   22.6522
    7.5000   30.0000   30.0000 7929.5327   22.6339
   -7.5000   37.5000   30.0000 7147.5103   23.0261
    0.0000   37.5000   30.0000 7416.3506   22.9981
    7.5000   37.5000   30.0000 7095.1748   22.9611
   -7.5000   45.0000   30.0000 5988.6250   22.9492
    0.0000   45.0000   30.0000 6220.8262   22.9154
    7.5000   45.0000   30.0000 5966.2515   22.8705
   -7.5000  -45.0000   37.500010549.7275   23.5436
    0.0000  -45.0000   37.500010943.3223   23.4896
    7.5000  -45.0000   37.500010401.4229   23.4294
   -7.5000  -37.5000   37.500010735.2129   23.5174
    0.0000  -37.5000   37.500011136.9004   23.4656
    7.5000  -37.5000   37.500010540.1240   23.4162
   -7.5000  -30.0000   37.500011279.6484   23.4763
    0.0000  -30.0000   37.500011711.2520   23.4300
    7.5000  -30.0000   37.500011056.4229   23.3961
   -7.5000  -22.5000   37.500011763.0430   23.4611
    0.0000  -22.5000   37.500012183.2012   23.4183
    7.5000  -22.5000   37.500011491.7432   23.3899
   -7.5000  -15.0000   37.500012053.2734   23.4847
    0.0000  -15.0000   37.500012463.8701   23.4408
    7.5000  -15.0000   37.500011778.1738   23.4030
   -7.5000   -7.5000   37.500012163.4463   23.5262
    0.0000   -7.5000   37.500012587.9336   23.4765
    7.5000   -7.5000   37.500011923.9609   23.4225
   -7.5000    0.0000   37.500012128.1191   23.5436
    0.0000    0.0000   37.500012518.2510   23.4896
    7.5000    0.0000   37.500011905.3037   23.4294
   -7.5000    7.5000   37.500011132.3408   23.5174
    0.0000    7.5000   37.500011495.1875   23.4656
    7.5000    7.5000   37.500010972.5615   23.4162
   -7.5000   15.0000   37.500010081.3389   23.4763
    0.0000   15.0000   37.500010412.8955   23.4300
    7.5000   15.0000   37.5000 9945.3955   23.3961
   -7.5000   22.5000   37.5000 8957.3203   23.4503
    0.0000   22.5000   37.5000 9224.0127   23.4075
    7.5000   22.5000   37.5000 8809.3975   23.3791
   -7.5000   30.0000   37.5000 7745.7251   23.2423
    0.0000   30.0000   37.5000 7988.9341   23.1982
    7.5000   30.0000   37.5000 7635.9399   23.1598
   -7.5000   37.5000   37.5000 6882.7964   23.6092
    0.0000   37.5000   37.5000 7120.0435   23.5596
    7.5000   37.5000   37.5000 6821.1079   23.5057
   -7.5000   45.0000   37.5000 5785.8491   23.5306
    0.0000   45.0000   37.5000 5990.9551   23.4775
    7.5000   45.0000   37.5000 5752.3315   23.4165
   -7.5000  -45.0000   45.0000 9717.0889   24.1459
    0.0000  -45.0000   45.000010060.5713   24.0848
    7.5000  -45.0000   45.0000 9566.2129   24.0091
   -7.5000  -37.5000   45.0000 9883.6650   24.1327
    0.0000  -37.5000   45.000010245.8174   24.0780
    7.5000  -37.5000   45.0000 9713.2031   24.0078
   -7.5000  -30.0000   45.000010395.9346   24.0896
    0.0000  -30.0000   45.000010771.5410   24.0428
    7.5000  -30.0000   45.000010199.2451   23.9861
   -7.5000  -22.5000   45.000010830.1289   24.0552
    0.0000  -22.5000   45.000011202.4209   24.0113
    7.5000  -22.5000   45.000010598.4160   23.9642
   -7.5000  -15.0000   45.000011058.8994   24.0620
    0.0000  -15.0000   45.000011454.7178   24.0133
    7.5000  -15.0000   45.000010833.1895   23.9633
   -7.5000   -7.5000   45.000011171.3848   24.1096
    0.0000   -7.5000   45.000011568.7666   24.0519
    7.5000   -7.5000   45.000010968.4639   23.9865
   -7.5000    0.0000   45.000011179.9355   24.1459
    0.0000    0.0000   45.000011550.1895   24.0848
    7.5000    0.0000   45.000010964.5791   24.0091
   -7.5000    7.5000   45.000010271.2041   24.1327
    0.0000    7.5000   45.000010613.0068   24.0780
    7.5000    7.5000   45.000010106.2334   24.0078
   -7.5000   15.0000   45.0000 9286.1924   24.0896
    0.0000   15.0000   45.0000 9595.7109   24.0428
    7.5000   15.0000   45.0000 9150.8457   23.9861
   -7.5000   22.5000   45.0000 8241.2451   24.0441
    0.0000   22.5000   45.0000 8495.4111   24.0002
    7.5000   22.5000   45.0000 8113.6323   23.9531
   -7.5000   30.0000   45.0000 7145.3950   23.8102
    0.0000   30.0000   45.0000 7356.6704   23.7614
    7.5000   30.0000   45.0000 7048.7651   23.7107
   -7.5000   37.5000   45.0000 6372.6748   24.1950
    0.0000   37.5000   45.0000 6558.0112   24.1362
    7.5000   37.5000   45.0000 6268.2012   24.0706
   -7.5000   45.0000   45.0000 5375.2671   24.1541
    0.0000   45.0000   45.0000 5546.5376   24.0920
    7.5000   45.0000   45.0000 5295.5190   24.0145

---------------------------------------------------------------------
imgreg_4dfp /opt/freesurfer/average/711-2C_as_mni_average_305 /opt/freesurfer/average/711-2B_as_mni_average_305_mask talsrcimg_g11 none talsrcimg_to_711-2C_as_mni_average_305_t4 4355
---------------------------------------------------------------------

freesurfer imgreg_4dfp.c
/opt/freesurfer/average/711-2C_as_mni_average_305.4dfp.img
       256       256       256         1
  1.000000  1.000000  1.000000
orientation T byte_order littleendian
Reading image: /opt/freesurfer/average/711-2C_as_mni_average_305.4dfp.img
dimensions:      256       256       256
mmppix:       1.0000   -1.0000   -1.0000
center:     128.0000 -129.0000 -129.0000
/opt/freesurfer/average/711-2B_as_mni_average_305_mask.4dfp.img
       256       256       256         1
  1.000000  1.000000  1.000000
orientation T byte_order littleendian
Reading mask: /opt/freesurfer/average/711-2B_as_mni_average_305_mask.4dfp.img (2306576 pixels)
talsrcimg_g11.4dfp.img
       256       256       256         1
  1.000000  1.000000  1.000000
orientation T byte_order littleendian
Reading image: talsrcimg_g11.4dfp.img
dimensions:      256       256       256
mmppix:       1.0000   -1.0000   -1.0000
center:     128.0000 -129.0000 -129.0000
rotation matrix determinant  1.000000
image alignment mode   4355 decimal     1103 hex
   -7.5000  -45.0000  -45.0000 2335.3699   17.6438
    0.0000  -45.0000  -45.0000 2354.1450   17.6313
    7.5000  -45.0000  -45.0000 2329.9316   17.7128
   -7.5000  -37.5000  -45.0000 2349.7439   17.3857
    0.0000  -37.5000  -45.0000 2363.6313   17.3594
    7.5000  -37.5000  -45.0000 2342.2383   17.4480
   -7.5000  -30.0000  -45.0000 2331.0588   17.4460
    0.0000  -30.0000  -45.0000 2340.9897   17.4190
    7.5000  -30.0000  -45.0000 2321.0974   17.5095
   -7.5000  -22.5000  -45.0000 2292.5234   17.8145
    0.0000  -22.5000  -45.0000 2296.5044   17.7695
    7.5000  -22.5000  -45.0000 2274.8257   17.9092
   -7.5000  -15.0000  -45.0000 2225.2534   18.6011
    0.0000  -15.0000  -45.0000 2225.4978   18.5431
    7.5000  -15.0000  -45.0000 2205.8108   18.7605
   -7.5000   -7.5000  -45.0000 2143.4944   19.9100
    0.0000   -7.5000  -45.0000 2141.0913   19.7775
    7.5000   -7.5000  -45.0000 2118.1062   20.0623
   -7.5000    0.0000  -45.0000 2040.7384   21.8001
    0.0000    0.0000  -45.0000 2030.4514   21.5878
    7.5000    0.0000  -45.0000 2007.9561   21.8981
   -7.5000    7.5000  -45.0000 1915.9542   24.3758
    0.0000    7.5000  -45.0000 1910.6609   24.1819
    7.5000    7.5000  -45.0000 1884.7762   24.4635
   -7.5000   15.0000  -45.0000 1780.4296   27.8068
    0.0000   15.0000  -45.0000 1771.3035   27.7034
    7.5000   15.0000  -45.0000 1750.8761   28.0706
   -7.5000   22.5000  -45.0000 1648.3165   32.5209
    0.0000   22.5000  -45.0000 1641.3788   32.3252
    7.5000   22.5000  -45.0000 1618.7809   32.7851
   -7.5000   30.0000  -45.0000 1515.6665   39.2351
    0.0000   30.0000  -45.0000 1510.9912   39.0569
    7.5000   30.0000  -45.0000 1486.1616   39.5721
   -7.5000   37.5000  -45.0000 1368.4026   49.0767
    0.0000   37.5000  -45.0000 1362.4086   48.9736
    7.5000   37.5000  -45.0000 1345.8512   49.5615
   -7.5000   45.0000  -45.0000 1193.9795   64.1349
    0.0000   45.0000  -45.0000 1199.2936   63.8527
    7.5000   45.0000  -45.0000 1191.0428   64.6777
   -7.5000  -45.0000  -37.5000 2429.1621   16.4573
    0.0000  -45.0000  -37.5000 2444.6125   16.4585
    7.5000  -45.0000  -37.5000 2418.1772   16.5411
   -7.5000  -37.5000  -37.5000 2440.2322   16.2029
    0.0000  -37.5000  -37.5000 2453.9692   16.2058
    7.5000  -37.5000  -37.5000 2431.3921   16.2885
   -7.5000  -30.0000  -37.5000 2423.4666   16.2332
    0.0000  -30.0000  -37.5000 2433.8835   16.2556
    7.5000  -30.0000  -37.5000 2412.0000   16.3391
   -7.5000  -22.5000  -37.5000 2382.6804   16.5489
    0.0000  -22.5000  -37.5000 2391.7827   16.5522
    7.5000  -22.5000  -37.5000 2367.5876   16.7132
   -7.5000  -15.0000  -37.5000 2310.4678   17.2676
    0.0000  -15.0000  -37.5000 2317.7849   17.2652
    7.5000  -15.0000  -37.5000 2294.0715   17.4744
   -7.5000   -7.5000  -37.5000 2217.8323   18.4452
    0.0000   -7.5000  -37.5000 2219.5757   18.4011
    7.5000   -7.5000  -37.5000 2196.1001   18.6635
   -7.5000    0.0000  -37.5000 2103.0161   20.2014
    0.0000    0.0000  -37.5000 2097.2698   20.0976
    7.5000    0.0000  -37.5000 2082.1318   20.4087
   -7.5000    7.5000  -37.5000 1981.2156   22.5827
    0.0000    7.5000  -37.5000 1978.1392   22.4539
    7.5000    7.5000  -37.5000 1957.9519   22.7674
   -7.5000   15.0000  -37.5000 1835.7988   25.6695
    0.0000   15.0000  -37.5000 1824.5071   25.5879
    7.5000   15.0000  -37.5000 1817.9659   26.1326
   -7.5000   22.5000  -37.5000 1700.3323   29.9395
    0.0000   22.5000  -37.5000 1693.6335   29.7972
    7.5000   22.5000  -37.5000 1677.7852   30.4660
   -7.5000   30.0000  -37.5000 1560.4338   36.0097
    0.0000   30.0000  -37.5000 1558.7404   35.9521
    7.5000   30.0000  -37.5000 1534.9091   36.5226
   -7.5000   37.5000  -37.5000 1415.4764   44.8688
    0.0000   37.5000  -37.5000 1419.9042   44.7646
    7.5000   37.5000  -37.5000 1397.2552   45.3351
   -7.5000   45.0000  -37.5000 1252.4845   58.3780
    0.0000   45.0000  -37.5000 1248.1008   58.1338
    7.5000   45.0000  -37.5000 1242.1759   58.7991
   -7.5000  -45.0000  -30.0000 2569.4858   15.8662
    0.0000  -45.0000  -30.0000 2578.4851   15.8488
    7.5000  -45.0000  -30.0000 2553.1321   15.9534
   -7.5000  -37.5000  -30.0000 2583.4771   15.6385
    0.0000  -37.5000  -30.0000 2592.4553   15.6482
    7.5000  -37.5000  -30.0000 2566.6318   15.7369
   -7.5000  -30.0000  -30.0000 2561.9734   15.6571
    0.0000  -30.0000  -30.0000 2573.9497   15.6785
    7.5000  -30.0000  -30.0000 2550.0127   15.8045
   -7.5000  -22.5000  -30.0000 2518.2185   15.9741
    0.0000  -22.5000  -30.0000 2530.3523   15.9998
    7.5000  -22.5000  -30.0000 2505.1282   16.1751
   -7.5000  -15.0000  -30.0000 2438.8640   16.6692
    0.0000  -15.0000  -30.0000 2453.9895   16.6627
    7.5000  -15.0000  -30.0000 2427.3057   16.8696
   -7.5000   -7.5000  -30.0000 2342.6001   17.7993
    0.0000   -7.5000  -30.0000 2351.0505   17.7873
    7.5000   -7.5000  -30.0000 2322.0647   18.0230
   -7.5000    0.0000  -30.0000 2210.9773   19.4631
    0.0000    0.0000  -30.0000 2211.6509   19.4477
    7.5000    0.0000  -30.0000 2192.7683   19.6643
   -7.5000    7.5000  -30.0000 2076.6816   21.7057
    0.0000    7.5000  -30.0000 2074.9775   21.6920
    7.5000    7.5000  -30.0000 2054.8184   21.8931
   -7.5000   15.0000  -30.0000 1920.6492   24.6514
    0.0000   15.0000  -30.0000 1919.0638   24.6325
    7.5000   15.0000  -30.0000 1913.9023   25.0805
   -7.5000   22.5000  -30.0000 1789.5432   28.7068
    0.0000   22.5000  -30.0000 1780.0055   28.6357
    7.5000   22.5000  -30.0000 1773.4308   29.3380
   -7.5000   30.0000  -30.0000 1649.9310   34.5235
    0.0000   30.0000  -30.0000 1642.2133   34.3561
    7.5000   30.0000  -30.0000 1627.7310   35.1325
   -7.5000   37.5000  -30.0000 1492.3656   42.8235
    0.0000   37.5000  -30.0000 1493.2914   42.6923
    7.5000   37.5000  -30.0000 1476.9846   43.2439
   -7.5000   45.0000  -30.0000 1322.1469   55.1742
    0.0000   45.0000  -30.0000 1323.2572   54.8532
    7.5000   45.0000  -30.0000 1307.4932   55.3662
   -7.5000  -45.0000  -22.5000 2675.7646   15.1768
    0.0000  -45.0000  -22.5000 2684.5623   15.1302
    7.5000  -45.0000  -22.5000 2664.9980   15.2326
   -7.5000  -37.5000  -22.5000 2697.2378   14.9994
    0.0000  -37.5000  -22.5000 2703.7827   14.9517
    7.5000  -37.5000  -22.5000 2680.8481   15.0770
   -7.5000  -30.0000  -22.5000 2678.0786   15.0503
    0.0000  -30.0000  -22.5000 2686.7065   15.0014
    7.5000  -30.0000  -22.5000 2661.9131   15.1978
   -7.5000  -22.5000  -22.5000 2625.9800   15.3590
    0.0000  -22.5000  -22.5000 2637.2290   15.3572
    7.5000  -22.5000  -22.5000 2610.4619   15.5852
   -7.5000  -15.0000  -22.5000 2540.5728   16.0334
    0.0000  -15.0000  -22.5000 2554.0100   16.0189
    7.5000  -15.0000  -22.5000 2526.3630   16.2566
   -7.5000   -7.5000  -22.5000 2432.5054   17.1359
    0.0000   -7.5000  -22.5000 2443.7708   17.1224
    7.5000   -7.5000  -22.5000 2416.9548   17.3670
   -7.5000    0.0000  -22.5000 2294.0825   18.7268
    0.0000    0.0000  -22.5000 2296.9629   18.7187
    7.5000    0.0000  -22.5000 2278.2341   18.9254
   -7.5000    7.5000  -22.5000 2150.1138   20.8654
    0.0000    7.5000  -22.5000 2150.8789   20.8590
    7.5000    7.5000  -22.5000 2126.8945   21.0943
   -7.5000   15.0000  -22.5000 1989.2847   23.7093
    0.0000   15.0000  -22.5000 1991.2223   23.6709
    7.5000   15.0000  -22.5000 1974.0054   24.0251
   -7.5000   22.5000  -22.5000 1847.4193   27.5883
    0.0000   22.5000  -22.5000 1845.6556   27.5648
    7.5000   22.5000  -22.5000 1830.1019   28.0098
   -7.5000   30.0000  -22.5000 1708.0743   33.0317
    0.0000   30.0000  -22.5000 1701.7867   32.9105
    7.5000   30.0000  -22.5000 1681.9868   33.6427
   -7.5000   37.5000  -22.5000 1547.3995   40.6006
    0.0000   37.5000  -22.5000 1548.9592   40.5180
    7.5000   37.5000  -22.5000 1534.7631   41.1376
   -7.5000   45.0000  -22.5000 1379.5087   51.5898
    0.0000   45.0000  -22.5000 1378.1281   51.6365
    7.5000   45.0000  -22.5000 1356.6919   52.2938
   -7.5000  -45.0000  -15.0000 2749.2539   14.5711
    0.0000  -45.0000  -15.0000 2754.3945   14.4053
    7.5000  -45.0000  -15.0000 2734.6025   14.5846
   -7.5000  -37.5000  -15.0000 2774.6130   14.4004
    0.0000  -37.5000  -15.0000 2780.3145   14.2389
    7.5000  -37.5000  -15.0000 2756.0430   14.4602
   -7.5000  -30.0000  -15.0000 2755.3877   14.4598
    0.0000  -30.0000  -15.0000 2759.4441   14.3637
    7.5000  -30.0000  -15.0000 2734.7808   14.6406
   -7.5000  -22.5000  -15.0000 2708.0652   14.7746
    0.0000  -22.5000  -15.0000 2706.4331   14.7513
    7.5000  -22.5000  -15.0000 2677.7520   15.0444
   -7.5000  -15.0000  -15.0000 2613.5164   15.4822
    0.0000  -15.0000  -15.0000 2616.4250   15.4506
    7.5000  -15.0000  -15.0000 2588.1318   15.7251
   -7.5000   -7.5000  -15.0000 2496.7849   16.6019
    0.0000   -7.5000  -15.0000 2506.2124   16.5553
    7.5000   -7.5000  -15.0000 2474.7764   16.8013
   -7.5000    0.0000  -15.0000 2350.5518   18.1383
    0.0000    0.0000  -15.0000 2356.1140   18.0502
    7.5000    0.0000  -15.0000 2332.5037   18.3090
   -7.5000    7.5000  -15.0000 2198.3933   20.1673
    0.0000    7.5000  -15.0000 2193.3240   20.0969
    7.5000    7.5000  -15.0000 2171.2322   20.3822
   -7.5000   15.0000  -15.0000 2030.5758   22.9015
    0.0000   15.0000  -15.0000 2021.5110   22.7551
    7.5000   15.0000  -15.0000 2005.0327   23.1259
   -7.5000   22.5000  -15.0000 1885.1047   26.5299
    0.0000   22.5000  -15.0000 1875.8013   26.4598
    7.5000   22.5000  -15.0000 1856.8367   26.9883
   -7.5000   30.0000  -15.0000 1731.0469   31.6378
    0.0000   30.0000  -15.0000 1723.8148   31.5079
    7.5000   30.0000  -15.0000 1704.2603   32.1859
   -7.5000   37.5000  -15.0000 1575.0967   38.8292
    0.0000   37.5000  -15.0000 1575.8291   38.7413
    7.5000   37.5000  -15.0000 1563.9821   39.3242
   -7.5000   45.0000  -15.0000 1423.6234   49.3504
    0.0000   45.0000  -15.0000 1415.7042   49.2909
    7.5000   45.0000  -15.0000 1396.3145   49.8587
   -7.5000  -45.0000   -7.5000 2807.6309   14.0780
    0.0000  -45.0000   -7.5000 2796.3833   13.7196
    7.5000  -45.0000   -7.5000 2776.5554   14.0536
   -7.5000  -37.5000   -7.5000 2830.1184   13.9090
    0.0000  -37.5000   -7.5000 2822.3586   13.6511
    7.5000  -37.5000   -7.5000 2800.4138   13.9564
   -7.5000  -30.0000   -7.5000 2812.9226   13.9844
    0.0000  -30.0000   -7.5000 2804.8804   13.8181
    7.5000  -30.0000   -7.5000 2783.8833   14.1313
   -7.5000  -22.5000   -7.5000 2764.8416   14.3728
    0.0000  -22.5000   -7.5000 2748.3867   14.2473
    7.5000  -22.5000   -7.5000 2722.0898   14.5988
   -7.5000  -15.0000   -7.5000 2670.5623   15.1262
    0.0000  -15.0000   -7.5000 2656.9856   14.9594
    7.5000  -15.0000   -7.5000 2624.7585   15.2773
   -7.5000   -7.5000   -7.5000 2543.4182   16.2325
    0.0000   -7.5000   -7.5000 2539.0383   16.0217
    7.5000   -7.5000   -7.5000 2504.3352   16.3390
   -7.5000    0.0000   -7.5000 2393.6558   17.7002
    0.0000    0.0000   -7.5000 2387.8218   17.5067
    7.5000    0.0000   -7.5000 2358.6177   17.8340
   -7.5000    7.5000   -7.5000 2226.8618   19.6393
    0.0000    7.5000   -7.5000 2218.7556   19.4628
    7.5000    7.5000   -7.5000 2194.8367   19.8182
   -7.5000   15.0000   -7.5000 2050.2312   22.2295
    0.0000   15.0000   -7.5000 2040.5759   22.0370
    7.5000   15.0000   -7.5000 2023.6304   22.4804
   -7.5000   22.5000   -7.5000 1905.2098   25.8134
    0.0000   22.5000   -7.5000 1893.5314   25.5972
    7.5000   22.5000   -7.5000 1876.6569   26.2267
   -7.5000   30.0000   -7.5000 1747.1644   30.6346
    0.0000   30.0000   -7.5000 1736.8878   30.4549
    7.5000   30.0000   -7.5000 1719.2266   31.2004
   -7.5000   37.5000   -7.5000 1597.6132   37.5254
    0.0000   37.5000   -7.5000 1590.4750   37.4795
    7.5000   37.5000   -7.5000 1569.9705   38.1514
   -7.5000   45.0000   -7.5000 1434.4186   47.3120
    0.0000   45.0000   -7.5000 1430.4525   47.3328
    7.5000   45.0000   -7.5000 1409.9950   48.0380
   -7.5000  -45.0000    0.0000 2845.1765   13.7587
    0.0000  -45.0000    0.0000 2819.6636   13.4057
    7.5000  -45.0000    0.0000 2798.6206   13.9220
   -7.5000  -37.5000    0.0000 2859.6052   13.5479
    0.0000  -37.5000    0.0000 2838.9788   13.3293
    7.5000  -37.5000    0.0000 2815.9194   13.7560
   -7.5000  -30.0000    0.0000 2839.1189   13.7164
    0.0000  -30.0000    0.0000 2819.6973   13.5540
    7.5000  -30.0000    0.0000 2796.6865   13.9233
   -7.5000  -22.5000    0.0000 2786.1638   14.1489
    0.0000  -22.5000    0.0000 2765.7051   14.0032
    7.5000  -22.5000    0.0000 2738.9004   14.3521
   -7.5000  -15.0000    0.0000 2684.5703   14.8888
    0.0000  -15.0000    0.0000 2671.8215   14.7432
    7.5000  -15.0000    0.0000 2637.5544   15.0546
   -7.5000   -7.5000    0.0000 2564.9587   15.9633
    0.0000   -7.5000    0.0000 2550.9082   15.8434
    7.5000   -7.5000    0.0000 2515.5498   16.1339
   -7.5000    0.0000    0.0000 2408.7390   17.4611
    0.0000    0.0000    0.0000 2404.4678   17.3542
    7.5000    0.0000    0.0000 2371.3735   17.6257
   -7.5000    7.5000    0.0000 2247.2158   19.4655
    0.0000    7.5000    0.0000 2239.0908   19.3743
    7.5000    7.5000    0.0000 2215.6560   19.6621
   -7.5000   15.0000    0.0000 2074.0129   22.0688
    0.0000   15.0000    0.0000 2061.2598   21.9965
    7.5000   15.0000    0.0000 2045.7241   22.3717
   -7.5000   22.5000    0.0000 1913.9275   25.5127
    0.0000   22.5000    0.0000 1904.5790   25.4291
    7.5000   22.5000    0.0000 1891.7854   25.9628
   -7.5000   30.0000    0.0000 1751.5157   29.9827
    0.0000   30.0000    0.0000 1741.8933   29.8809
    7.5000   30.0000    0.0000 1722.2811   30.6790
   -7.5000   37.5000    0.0000 1602.0092   36.7080
    0.0000   37.5000    0.0000 1588.7850   36.5956
    7.5000   37.5000    0.0000 1563.0702   37.2090
   -7.5000   45.0000    0.0000 1430.8649   46.3284
    0.0000   45.0000    0.0000 1430.4659   46.3243
    7.5000   45.0000    0.0000 1413.6270   47.1109
   -7.5000  -45.0000    7.5000 2862.0662   13.7272
    0.0000  -45.0000    7.5000 2860.4053   13.7088
    7.5000  -45.0000    7.5000 2822.6799   14.1554
   -7.5000  -37.5000    7.5000 2876.3064   13.4853
    0.0000  -37.5000    7.5000 2865.1289   13.4614
    7.5000  -37.5000    7.5000 2828.9827   13.8998
   -7.5000  -30.0000    7.5000 2843.2512   13.6476
    0.0000  -30.0000    7.5000 2829.1929   13.5722
    7.5000  -30.0000    7.5000 2799.2847   13.9544
   -7.5000  -22.5000    7.5000 2783.1885   14.0724
    0.0000  -22.5000    7.5000 2768.0266   13.9884
    7.5000  -22.5000    7.5000 2744.4121   14.3211
   -7.5000  -15.0000    7.5000 2685.4290   14.8207
    0.0000  -15.0000    7.5000 2674.7869   14.7275
    7.5000  -15.0000    7.5000 2640.5764   15.0296
   -7.5000   -7.5000    7.5000 2568.1379   15.9545
    0.0000   -7.5000    7.5000 2556.3630   15.8689
    7.5000   -7.5000    7.5000 2519.4922   16.1520
   -7.5000    0.0000    7.5000 2416.5349   17.5089
    0.0000    0.0000    7.5000 2408.8381   17.4364
    7.5000    0.0000    7.5000 2377.9275   17.7204
   -7.5000    7.5000    7.5000 2246.3918   19.5075
    0.0000    7.5000    7.5000 2249.7573   19.5122
    7.5000    7.5000    7.5000 2219.4663   19.7621
   -7.5000   15.0000    7.5000 2074.7292   22.0822
    0.0000   15.0000    7.5000 2069.8853   22.1019
    7.5000   15.0000    7.5000 2049.2217   22.3778
   -7.5000   22.5000    7.5000 1920.3506   25.4351
    0.0000   22.5000    7.5000 1914.0345   25.4436
    7.5000   22.5000    7.5000 1892.1914   25.9483
   -7.5000   30.0000    7.5000 1756.8287   29.9110
    0.0000   30.0000    7.5000 1744.2300   29.8467
    7.5000   30.0000    7.5000 1722.1508   30.6161
   -7.5000   37.5000    7.5000 1595.8988   36.4358
    0.0000   37.5000    7.5000 1583.7123   36.3034
    7.5000   37.5000    7.5000 1560.2006   37.1500
   -7.5000   45.0000    7.5000 1413.4709   45.5637
    0.0000   45.0000    7.5000 1416.1952   45.5241
    7.5000   45.0000    7.5000 1406.3143   46.4374
   -7.5000  -45.0000   15.0000 2860.1665   14.0138
    0.0000  -45.0000   15.0000 2861.6497   14.2467
    7.5000  -45.0000   15.0000 2820.4727   14.6315
   -7.5000  -37.5000   15.0000 2882.7634   13.8888
    0.0000  -37.5000   15.0000 2877.0764   14.0165
    7.5000  -37.5000   15.0000 2830.0928   14.3593
   -7.5000  -30.0000   15.0000 2838.1875   14.0347
    0.0000  -30.0000   15.0000 2836.3752   14.1352
    7.5000  -30.0000   15.0000 2789.3462   14.3923
   -7.5000  -22.5000   15.0000 2764.9624   14.3906
    0.0000  -22.5000   15.0000 2765.9629   14.4207
    7.5000  -22.5000   15.0000 2725.6482   14.6985
   -7.5000  -15.0000   15.0000 2664.8447   15.0638
    0.0000  -15.0000   15.0000 2661.8916   15.0361
    7.5000  -15.0000   15.0000 2619.2839   15.3050
   -7.5000   -7.5000   15.0000 2555.1021   16.1276
    0.0000   -7.5000   15.0000 2542.7249   16.0695
    7.5000   -7.5000   15.0000 2498.9238   16.3103
   -7.5000    0.0000   15.0000 2402.6404   17.6206
    0.0000    0.0000   15.0000 2390.1599   17.5504
    7.5000    0.0000   15.0000 2361.9561   17.8089
   -7.5000    7.5000   15.0000 2234.2295   19.6041
    0.0000    7.5000   15.0000 2230.2974   19.5598
    7.5000    7.5000   15.0000 2204.5994   19.8787
   -7.5000   15.0000   15.0000 2068.2087   22.2170
    0.0000   15.0000   15.0000 2065.5620   22.2238
    7.5000   15.0000   15.0000 2038.2633   22.6067
   -7.5000   22.5000   15.0000 1918.2843   25.6116
    0.0000   22.5000   15.0000 1909.7845   25.7013
    7.5000   22.5000   15.0000 1881.7189   26.1282
   -7.5000   30.0000   15.0000 1746.2698   30.0212
    0.0000   30.0000   15.0000 1735.6720   30.1340
    7.5000   30.0000   15.0000 1712.9340   30.8977
   -7.5000   37.5000   15.0000 1578.2220   36.4949
    0.0000   37.5000   15.0000 1570.9943   36.3941
    7.5000   37.5000   15.0000 1552.4988   37.2498
   -7.5000   45.0000   15.0000 1408.1603   45.6122
    0.0000   45.0000   15.0000 1397.8506   45.3570
    7.5000   45.0000   15.0000 1393.4175   46.2797
   -7.5000  -45.0000   22.5000 2833.7065   14.5660
    0.0000  -45.0000   22.5000 2825.7141   14.7212
    7.5000  -45.0000   22.5000 2783.4570   15.1314
   -7.5000  -37.5000   22.5000 2852.4958   14.4478
    0.0000  -37.5000   22.5000 2844.0242   14.4976
    7.5000  -37.5000   22.5000 2793.2808   14.8366
   -7.5000  -30.0000   22.5000 2810.5273   14.5707
    0.0000  -30.0000   22.5000 2803.4426   14.5795
    7.5000  -30.0000   22.5000 2751.2190   14.8854
   -7.5000  -22.5000   22.5000 2738.1672   14.9347
    0.0000  -22.5000   22.5000 2739.5127   14.9495
    7.5000  -22.5000   22.5000 2689.8433   15.2147
   -7.5000  -15.0000   22.5000 2637.8982   15.5700
    0.0000  -15.0000   22.5000 2631.7498   15.5753
    7.5000  -15.0000   22.5000 2589.8936   15.8200
   -7.5000   -7.5000   22.5000 2522.7412   16.5374
    0.0000   -7.5000   22.5000 2516.3044   16.5128
    7.5000   -7.5000   22.5000 2470.5735   16.7702
   -7.5000    0.0000   22.5000 2367.2678   17.9593
    0.0000    0.0000   22.5000 2366.3328   17.9244
    7.5000    0.0000   22.5000 2332.1809   18.1993
   -7.5000    7.5000   22.5000 2211.2449   19.9129
    0.0000    7.5000   22.5000 2204.5281   19.8788
    7.5000    7.5000   22.5000 2178.5947   20.2186
   -7.5000   15.0000   22.5000 2055.5210   22.4500
    0.0000   15.0000   22.5000 2045.0510   22.4304
    7.5000   15.0000   22.5000 2020.9801   22.8871
   -7.5000   22.5000   22.5000 1906.1633   25.8863
    0.0000   22.5000   22.5000 1892.4390   26.0003
    7.5000   22.5000   22.5000 1867.5005   26.5525
   -7.5000   30.0000   22.5000 1735.9100   30.5343
    0.0000   30.0000   22.5000 1725.8568   30.6544
    7.5000   30.0000   22.5000 1692.3638   31.2628
   -7.5000   37.5000   22.5000 1558.2451   36.9285
    0.0000   37.5000   22.5000 1550.2397   36.9021
    7.5000   37.5000   22.5000 1532.3048   37.6728
   -7.5000   45.0000   22.5000 1392.2240   45.8159
    0.0000   45.0000   22.5000 1383.7363   45.8198
    7.5000   45.0000   22.5000 1377.7942   46.5895
   -7.5000  -45.0000   30.0000 2787.1560   15.3134
    0.0000  -45.0000   30.0000 2770.1541   15.4040
    7.5000  -45.0000   30.0000 2724.2717   15.8215
   -7.5000  -37.5000   30.0000 2795.0095   15.1605
    0.0000  -37.5000   30.0000 2782.2266   15.1883
    7.5000  -37.5000   30.0000 2727.7366   15.5082
   -7.5000  -30.0000   30.0000 2756.3037   15.2324
    0.0000  -30.0000   30.0000 2744.4004   15.2428
    7.5000  -30.0000   30.0000 2695.1311   15.5355
   -7.5000  -22.5000   30.0000 2689.9521   15.5732
    0.0000  -22.5000   30.0000 2684.3240   15.5732
    7.5000  -22.5000   30.0000 2635.7891   15.8669
   -7.5000  -15.0000   30.0000 2602.8508   16.2471
    0.0000  -15.0000   30.0000 2587.2559   16.2611
    7.5000  -15.0000   30.0000 2546.4187   16.5089
   -7.5000   -7.5000   30.0000 2478.2986   17.2389
    0.0000   -7.5000   30.0000 2470.4839   17.2242
    7.5000   -7.5000   30.0000 2432.0188   17.4781
   -7.5000    0.0000   30.0000 2321.1116   18.5623
    0.0000    0.0000   30.0000 2315.1924   18.5719
    7.5000    0.0000   30.0000 2289.9236   18.8720
   -7.5000    7.5000   30.0000 2171.2996   20.4313
    0.0000    7.5000   30.0000 2162.1545   20.4639
    7.5000    7.5000   30.0000 2138.7722   20.8640
   -7.5000   15.0000   30.0000 2023.0579   22.9845
    0.0000   15.0000   30.0000 2012.8253   23.0615
    7.5000   15.0000   30.0000 1993.5000   23.5324
   -7.5000   22.5000   30.0000 1879.0148   26.4474
    0.0000   22.5000   30.0000 1865.7080   26.4948
    7.5000   22.5000   30.0000 1835.4949   27.0339
   -7.5000   30.0000   30.0000 1705.2865   31.1756
    0.0000   30.0000   30.0000 1693.4479   31.2483
    7.5000   30.0000   30.0000 1664.7410   31.9076
   -7.5000   37.5000   30.0000 1541.7343   37.8363
    0.0000   37.5000   30.0000 1530.8768   37.7544
    7.5000   37.5000   30.0000 1513.0917   38.5675
   -7.5000   45.0000   30.0000 1368.6331   46.8443
    0.0000   45.0000   30.0000 1365.5157   46.8320
    7.5000   45.0000   30.0000 1353.3959   47.5068
   -7.5000  -45.0000   37.5000 2720.4517   16.2450
    0.0000  -45.0000   37.5000 2696.3660   16.3353
    7.5000  -45.0000   37.5000 2653.3442   16.7435
   -7.5000  -37.5000   37.5000 2722.9272   16.0405
    0.0000  -37.5000   37.5000 2707.9788   16.0987
    7.5000  -37.5000   37.5000 2653.8850   16.4246
   -7.5000  -30.0000   37.5000 2682.8728   16.0858
    0.0000  -30.0000   37.5000 2673.1138   16.1367
    7.5000  -30.0000   37.5000 2622.3770   16.4368
   -7.5000  -22.5000   37.5000 2624.1155   16.4181
    0.0000  -22.5000   37.5000 2612.6816   16.4388
    7.5000  -22.5000   37.5000 2564.3787   16.7481
   -7.5000  -15.0000   37.5000 2537.0579   17.0731
    0.0000  -15.0000   37.5000 2521.0933   17.1111
    7.5000  -15.0000   37.5000 2483.8816   17.3964
   -7.5000   -7.5000   37.5000 2414.0149   18.1128
    0.0000   -7.5000   37.5000 2403.3191   18.1092
    7.5000   -7.5000   37.5000 2371.3076   18.3859
   -7.5000    0.0000   37.5000 2270.5425   19.5262
    0.0000    0.0000   37.5000 2258.4968   19.5145
    7.5000    0.0000   37.5000 2235.6438   19.8234
   -7.5000    7.5000   37.5000 2123.6890   21.3517
    0.0000    7.5000   37.5000 2116.0654   21.3797
    7.5000    7.5000   37.5000 2093.3193   21.7835
   -7.5000   15.0000   37.5000 1983.6641   23.8677
    0.0000   15.0000   37.5000 1978.0875   23.9148
    7.5000   15.0000   37.5000 1950.6273   24.3911
   -7.5000   22.5000   37.5000 1837.6311   27.4317
    0.0000   22.5000   37.5000 1823.2001   27.3970
    7.5000   22.5000   37.5000 1793.8361   28.0152
   -7.5000   30.0000   37.5000 1670.7815   32.2920
    0.0000   30.0000   37.5000 1657.0724   32.2646
    7.5000   30.0000   37.5000 1632.3265   33.0844
   -7.5000   37.5000   37.5000 1511.4017   39.0231
    0.0000   37.5000   37.5000 1503.0085   39.1006
    7.5000   37.5000   37.5000 1485.3073   39.9097
   -7.5000   45.0000   37.5000 1343.2428   48.6824
    0.0000   45.0000   37.5000 1341.9529   48.8282
    7.5000   45.0000   37.5000 1327.6007   49.4288
   -7.5000  -45.0000   45.0000 2636.2751   17.3857
    0.0000  -45.0000   45.0000 2610.3157   17.4837
    7.5000  -45.0000   45.0000 2568.0488   17.9388
   -7.5000  -37.5000   45.0000 2637.7292   17.1490
    0.0000  -37.5000   45.0000 2619.1299   17.2429
    7.5000  -37.5000   45.0000 2573.8501   17.5818
   -7.5000  -30.0000   45.0000 2602.8840   17.2062
    0.0000  -30.0000   45.0000 2584.9929   17.2629
    7.5000  -30.0000   45.0000 2542.5427   17.5819
   -7.5000  -22.5000   45.0000 2545.8066   17.4965
    0.0000  -22.5000   45.0000 2527.5195   17.5160
    7.5000  -22.5000   45.0000 2489.8293   17.8591
   -7.5000  -15.0000   45.0000 2452.4773   18.0936
    0.0000  -15.0000   45.0000 2442.9414   18.1271
    7.5000  -15.0000   45.0000 2406.5522   18.4382
   -7.5000   -7.5000   45.0000 2336.0095   19.1614
    0.0000   -7.5000   45.0000 2326.1155   19.1726
    7.5000   -7.5000   45.0000 2300.0483   19.4564
   -7.5000    0.0000   45.0000 2212.4246   20.6465
    0.0000    0.0000   45.0000 2200.1216   20.6278
    7.5000    0.0000   45.0000 2170.3931   20.9193
   -7.5000    7.5000   45.0000 2074.2791   22.6056
    0.0000    7.5000   45.0000 2064.3613   22.5518
    7.5000    7.5000   45.0000 2036.6882   22.9718
   -7.5000   15.0000   45.0000 1930.9053   25.1575
    0.0000   15.0000   45.0000 1922.1238   25.1724
    7.5000   15.0000   45.0000 1892.2417   25.6537
   -7.5000   22.5000   45.0000 1786.6702   28.7190
    0.0000   22.5000   45.0000 1773.6890   28.8256
    7.5000   22.5000   45.0000 1745.8434   29.4724
   -7.5000   30.0000   45.0000 1627.8920   33.7192
    0.0000   30.0000   45.0000 1614.0768   33.8165
    7.5000   30.0000   45.0000 1601.7799   34.7258
   -7.5000   37.5000   45.0000 1470.3840   41.0551
    0.0000   37.5000   45.0000 1465.0804   41.0676
    7.5000   37.5000   45.0000 1448.3376   41.9016
   -7.5000   45.0000   45.0000 1307.6407   51.1705
    0.0000   45.0000   45.0000 1304.6454   51.2573
    7.5000   45.0000   45.0000 1297.4257   51.8632

---------------------------------------------------------------------
imgreg_4dfp /opt/freesurfer/average/711-2C_as_mni_average_305 /opt/freesurfer/average/711-2B_as_mni_average_305_mask talsrcimg_g11 none talsrcimg_to_711-2C_as_mni_average_305_t4 1283
---------------------------------------------------------------------

freesurfer imgreg_4dfp.c
/opt/freesurfer/average/711-2C_as_mni_average_305.4dfp.img
       256       256       256         1
  1.000000  1.000000  1.000000
orientation T byte_order littleendian
Reading image: /opt/freesurfer/average/711-2C_as_mni_average_305.4dfp.img
dimensions:      256       256       256
mmppix:       1.0000   -1.0000   -1.0000
center:     128.0000 -129.0000 -129.0000
/opt/freesurfer/average/711-2B_as_mni_average_305_mask.4dfp.img
       256       256       256         1
  1.000000  1.000000  1.000000
orientation T byte_order littleendian
Reading mask: /opt/freesurfer/average/711-2B_as_mni_average_305_mask.4dfp.img (2306576 pixels)
talsrcimg_g11.4dfp.img
       256       256       256         1
  1.000000  1.000000  1.000000
orientation T byte_order littleendian
Reading image: talsrcimg_g11.4dfp.img
dimensions:      256       256       256
mmppix:       1.0000   -1.0000   -1.0000
center:     128.0000 -129.0000 -129.0000
rotation matrix determinant  1.000000
fimgreg.f
image alignment mode   1283 decimal      503 hex
parameters
   -7.5000  -37.5000   15.0000    0.0000    0.0000    0.0000
eta,q 0.90546 13.80364
niter,ni,del,rscale     5    3   12.0000    1.2000
parameter  1  2.752079 -> -0.500000 qaram    1.1500
parameter  5 18.759981 -> -0.500000 qaram    1.1500
parameters
   -4.0500  -38.8810   12.1878   -1.8319    3.4500    0.1788
eta,q 0.90697 13.47897
  0.1017  0.1019  0.0994  0.0974  0.1001  0.0943
  0.1015  0.0986  0.0967  0.0959  0.0985  0.0938
  0.1016  0.0979  0.0960  0.0952  0.0966  0.0933
  0.0998  0.0982  0.0982  0.0958  0.0951  0.0930
  0.0981  0.1001  0.1013  0.0973  0.0938  0.0931
  0.0977  0.1032  0.1028  0.0989  0.0924  0.0936
  0.0971  0.1069  0.1046  0.1006  0.0900  0.0943
niter,ni,del,rscale     6    3   12.0000    1.2000
parameter  5 -2.825227 -> -0.500000 qaram    1.3225
parameters
   -4.5567  -38.4699   12.4660   -1.6937    7.4175    2.2031
eta,q 0.91204 13.49940
  0.0989  0.1027  0.0989  0.0968  0.0982  0.0918
  0.0943  0.0989  0.0960  0.0952  0.0959  0.0906
  0.0923  0.0950  0.0944  0.0936  0.0938  0.0893
  0.0930  0.0931  0.0929  0.0927  0.0927  0.0883
  0.0915  0.0927  0.0931  0.0928  0.0901  0.0880
  0.0953  0.0963  0.0952  0.0943  0.0879  0.0882
  0.1027  0.1014  0.0982  0.0970  0.0881  0.0893
niter,ni,del,rscale     6    3   12.0000    1.2000
parameters
   -6.4368  -38.4818   12.0009   -2.4453   10.4877    1.2891
eta,q 0.91408 13.43131
  0.0947  0.0977  0.0932  0.0916  0.0972  0.0881
  0.0903  0.0939  0.0916  0.0904  0.0932  0.0865
  0.0884  0.0909  0.0900  0.0891  0.0906  0.0859
  0.0880  0.0882  0.0882  0.0885  0.0886  0.0861
  0.0926  0.0882  0.0889  0.0891  0.0863  0.0869
  0.1007  0.0932  0.0921  0.0913  0.0868  0.0880
  0.1076  0.0992  0.0963  0.0945  0.0899  0.0891
niter,ni,del,rscale     5    3   12.0000    1.2000
parameters
   -8.0600  -38.3267   10.9525   -3.0044   11.9887    1.2028
eta,q 0.91378 13.37192
  0.0928  0.0975  0.0912  0.0915  0.0948  0.0889
  0.0893  0.0938  0.0886  0.0896  0.0905  0.0874
  0.0891  0.0909  0.0874  0.0880  0.0883  0.0865
  0.0859  0.0882  0.0880  0.0876  0.0875  0.0862
  0.0890  0.0878  0.0887  0.0888  0.0854  0.0865
  0.0971  0.0923  0.0912  0.0909  0.0873  0.0875
  0.1047  0.0980  0.0950  0.0930  0.0908  0.0891
niter,ni,del,rscale     4    3   12.0000    1.2000
parameters
   -8.5875  -38.5138   10.4148   -2.9889   12.3734    1.2380
eta,q 0.91369 13.34073
  0.0955  0.0956  0.0918  0.0923  0.0930  0.0889
  0.0888  0.0917  0.0885  0.0900  0.0893  0.0875
  0.0884  0.0889  0.0864  0.0878  0.0876  0.0866
  0.0862  0.0870  0.0871  0.0866  0.0866  0.0863
  0.0859  0.0878  0.0886  0.0878  0.0855  0.0864
  0.0920  0.0924  0.0899  0.0901  0.0881  0.0872
  0.0997  0.0974  0.0932  0.0922  0.0925  0.0890
niter,ni,del,rscale     3    3   12.0000    1.2000
parameters
   -8.7044  -38.6346   10.3918   -2.8527   12.4529    1.1907
eta,q 0.91355 13.33827
  0.0970  0.0954  0.0929  0.0925  0.0926  0.0888
  0.0895  0.0913  0.0892  0.0901  0.0890  0.0875
  0.0875  0.0882  0.0866  0.0877  0.0876  0.0867
  0.0863  0.0865  0.0865  0.0865  0.0865  0.0864
  0.0856  0.0873  0.0884  0.0876  0.0858  0.0865
  0.0905  0.0918  0.0895  0.0899  0.0884  0.0873
  0.0982  0.0966  0.0922  0.0919  0.0932  0.0891
niter,ni,del,rscale     2    3   12.0000    1.2000
parameters
   -8.7482  -38.6828   10.4180   -2.7459   12.4796    1.1503
eta,q 0.91347 13.33897
  0.0973  0.0957  0.0930  0.0924  0.0926  0.0888
  0.0898  0.0914  0.0894  0.0900  0.0890  0.0875
  0.0874  0.0883  0.0867  0.0876  0.0876  0.0868
  0.0864  0.0865  0.0865  0.0865  0.0866  0.0865
  0.0857  0.0872  0.0885  0.0877  0.0859  0.0865
  0.0904  0.0916  0.0895  0.0899  0.0886  0.0874
  0.0980  0.0964  0.0922  0.0919  0.0933  0.0891
niter,ni,del,rscale     1    3   12.0000    1.2000
parameters
   -8.7705  -38.7047   10.4464   -2.6754   12.4894    1.1258
eta,q 0.91341 13.34008
  0.0975  0.0958  0.0930  0.0924  0.0926  0.0889
  0.0899  0.0914  0.0894  0.0900  0.0890  0.0875
  0.0875  0.0883  0.0867  0.0876  0.0877  0.0868
  0.0865  0.0866  0.0866  0.0866  0.0866  0.0866
  0.0857  0.0872  0.0885  0.0878  0.0860  0.0866
  0.0904  0.0915  0.0895  0.0900  0.0886  0.0874
  0.0980  0.0963  0.0922  0.0919  0.0934  0.0891
registration optimization eta report
parameter search radius
    6.9000    6.0000    6.0000    6.0000    7.9350    6.0000
100000*second partial in parameter space
       25.       26.       16.       15.       11.        7.
  0.0975  0.0958  0.0930  0.0924  0.0926  0.0889
  0.0899  0.0914  0.0894  0.0900  0.0890  0.0875
  0.0875  0.0883  0.0867  0.0876  0.0877  0.0868
  0.0865  0.0866  0.0866  0.0866  0.0866  0.0866
  0.0857  0.0872  0.0885  0.0878  0.0860  0.0866
  0.0904  0.0915  0.0895  0.0900  0.0886  0.0874
  0.0980  0.0963  0.0922  0.0919  0.0934  0.0891
   -8.7705  -38.7047   10.4464   -2.6754   12.4894    1.1258
eta,q 0.91341 13.34008

---------------------------------------------------------------------
imgreg_4dfp /opt/freesurfer/average/711-2C_as_mni_average_305 /opt/freesurfer/average/711-2B_as_mni_average_305_mask talsrcimg_g11 none talsrcimg_to_711-2C_as_mni_average_305_t4 3335
---------------------------------------------------------------------

freesurfer imgreg_4dfp.c
/opt/freesurfer/average/711-2C_as_mni_average_305.4dfp.img
       256       256       256         1
  1.000000  1.000000  1.000000
orientation T byte_order littleendian
Reading image: /opt/freesurfer/average/711-2C_as_mni_average_305.4dfp.img
dimensions:      256       256       256
mmppix:       1.0000   -1.0000   -1.0000
center:     128.0000 -129.0000 -129.0000
/opt/freesurfer/average/711-2B_as_mni_average_305_mask.4dfp.img
       256       256       256         1
  1.000000  1.000000  1.000000
orientation T byte_order littleendian
Reading mask: /opt/freesurfer/average/711-2B_as_mni_average_305_mask.4dfp.img (2306576 pixels)
talsrcimg_g11.4dfp.img
       256       256       256         1
  1.000000  1.000000  1.000000
orientation T byte_order littleendian
Reading image: talsrcimg_g11.4dfp.img
dimensions:      256       256       256
mmppix:       1.0000   -1.0000   -1.0000
center:     128.0000 -129.0000 -129.0000
fimgreg.f
image alignment mode   3335 decimal      D07 hex
parameters
   -8.7705  -38.7047   10.4464   -2.3852   -0.1085   -2.4728
   -0.9534  -21.6899    1.9183    4.2425   21.6259   -4.5574
eta,q 0.91468 13.52258
niter,ni,del,rscale     5    3    5.0000    1.2000
parameter  4-19.743460 ->  0.500000 qaram    1.1500
parameter  5  3.434561 ->  0.500000 qaram    1.1500
parameter  6  1.037157 ->  0.500000 qaram    1.1500
parameter  7  0.732510 ->  0.500000 qaram    1.1500
parameter 11  1.632738 ->  0.500000 qaram    1.1500
parameters
   -7.9572  -38.4123   10.2087   -6.5252   -4.2485   -6.6128
   -5.0934  -18.5757    3.2501    4.5019   17.4859   -4.5548
eta,q 0.93194 12.95987
  0.0867  0.0867  0.0859  0.0758  0.0706  0.0691  0.0703  0.0769  0.0704  0.0715  0.0675  0.0692
  0.0861  0.0859  0.0854  0.0783  0.0732  0.0704  0.0702  0.0741  0.0699  0.0705  0.0679  0.0686
  0.0857  0.0854  0.0852  0.0815  0.0761  0.0721  0.0703  0.0719  0.0696  0.0697  0.0685  0.0682
  0.0853  0.0852  0.0851  0.0851  0.0792  0.0740  0.0708  0.0702  0.0694  0.0693  0.0693  0.0681
  0.0852  0.0852  0.0854  0.0887  0.0828  0.0770  0.0715  0.0694  0.0693  0.0694  0.0703  0.0682
  0.0853  0.0855  0.0857  0.0915  0.0866  0.0820  0.0723  0.0697  0.0695  0.0701  0.0714  0.0686
  0.0856  0.0861  0.0862  0.0940  0.0908  0.0876  0.0734  0.0708  0.0699  0.0714  0.0727  0.0692
niter,ni,del,rscale     7    3    5.0000    1.2000
parameter  3  1.293927 ->  0.500000 qaram    1.1500
parameter  4  1.256237 ->  0.500000 qaram    1.3225
parameter  5  4.123857 ->  0.500000 qaram    1.3225
parameter  6  0.567005 ->  0.500000 qaram    1.3225
parameter 11  0.582847 ->  0.500000 qaram    1.3225
parameter 12  1.723762 ->  0.500000 qaram    1.1500
parameters
   -8.3885  -38.5138    8.8287  -11.2862   -9.0095  -11.3738
   -5.1925  -18.9767    0.6736    1.0825   12.7249   -8.6948
eta,q 0.94409 12.40453
  0.0697  0.0691  0.0665  0.0619  0.0547  0.0577  0.0595  0.0604  0.0577  0.0575  0.0568  0.0556
  0.0686  0.0684  0.0667  0.0628  0.0580  0.0575  0.0585  0.0587  0.0574  0.0570  0.0567  0.0558
  0.0680  0.0680  0.0672  0.0642  0.0604  0.0578  0.0578  0.0577  0.0574  0.0570  0.0567  0.0562
  0.0681  0.0680  0.0680  0.0668  0.0631  0.0587  0.0575  0.0575  0.0575  0.0574  0.0570  0.0567
  0.0687  0.0682  0.0690  0.0709  0.0661  0.0604  0.0578  0.0580  0.0578  0.0581  0.0575  0.0573
  0.0699  0.0686  0.0701  0.0751  0.0696  0.0630  0.0585  0.0592  0.0583  0.0592  0.0582  0.0579
  0.0715  0.0692  0.0713  0.0792  0.0737  0.0682  0.0596  0.0610  0.0589  0.0606  0.0593  0.0586
niter,ni,del,rscale     7    3    5.0000    1.2000
parameter  2  1.936530 ->  0.500000 qaram    1.1500
parameter  3  0.914723 ->  0.500000 qaram    1.3225
parameter  5  5.375985 ->  0.500000 qaram    1.5209
parameter 11 -0.555729 -> -0.500000 qaram    1.5209
parameter 12  0.723510 ->  0.500000 qaram    1.3225
parameters
   -8.1887  -39.8938    7.2417  -15.0228  -14.4846  -10.7331
   -2.5942  -18.7087    2.1559    2.8301   18.2001  -13.4558
eta,q 0.95628 12.32151
  0.0586  0.0543  0.0538  0.0543  0.0431  0.0485  0.0504  0.0484  0.0476  0.0503  0.0460  0.0440
  0.0572  0.0547  0.0538  0.0537  0.0449  0.0474  0.0484  0.0467  0.0465  0.0478  0.0456  0.0437
  0.0563  0.0552  0.0542  0.0535  0.0488  0.0465  0.0468  0.0456  0.0457  0.0461  0.0452  0.0440
  0.0559  0.0559  0.0548  0.0539  0.0535  0.0458  0.0456  0.0452  0.0452  0.0451  0.0449  0.0447
  0.0560  0.0567  0.0557  0.0549  0.0575  0.0453  0.0452  0.0455  0.0451  0.0449  0.0447  0.0459
  0.0567  0.0575  0.0568  0.0578  0.0615  0.0457  0.0456  0.0464  0.0455  0.0455  0.0447  0.0473
  0.0578  0.0586  0.0583  0.0627  0.0655  0.0488  0.0469  0.0480  0.0463  0.0469  0.0449  0.0489
niter,ni,del,rscale     7    3    5.0000    1.2000
parameter  5  0.589632 ->  0.500000 qaram    1.7490
parameters
   -7.9079  -40.3587    6.3376  -14.0175  -20.7811   -8.5485
   -2.4691  -19.6240    2.2404    4.0913   17.0781  -15.5194
eta,q 0.95926 12.15572
  0.0471  0.0464  0.0444  0.0471  0.0427  0.0456  0.0434  0.0428  0.0419  0.0441  0.0415  0.0416
  0.0454  0.0445  0.0436  0.0454  0.0418  0.0441  0.0420  0.0417  0.0413  0.0423  0.0412  0.0409
  0.0443  0.0436  0.0433  0.0441  0.0413  0.0428  0.0412  0.0410  0.0409  0.0413  0.0409  0.0407
  0.0437  0.0437  0.0435  0.0433  0.0431  0.0416  0.0409  0.0409  0.0409  0.0409  0.0408  0.0408
  0.0438  0.0447  0.0441  0.0429  0.0486  0.0406  0.0411  0.0413  0.0410  0.0409  0.0409  0.0412
  0.0445  0.0464  0.0452  0.0435  0.0549  0.0404  0.0419  0.0424  0.0413  0.0413  0.0412  0.0417
  0.0459  0.0487  0.0467  0.0464  0.0604  0.0440  0.0433  0.0444  0.0418  0.0423  0.0423  0.0425
niter,ni,del,rscale     7    3    5.0000    1.2000
parameter  2 -0.754284 -> -0.500000 qaram    1.3225
parameters
   -7.7794  -38.7717    6.4684  -12.1254  -25.2167   -9.2034
   -2.4614  -19.3620    1.6232    6.0042   15.9464  -17.7977
eta,q 0.96053 11.88429
  0.0433  0.0470  0.0413  0.0436  0.0413  0.0429  0.0413  0.0423  0.0400  0.0417  0.0401  0.0398
  0.0420  0.0443  0.0403  0.0420  0.0402  0.0417  0.0404  0.0406  0.0397  0.0405  0.0398  0.0395
  0.0411  0.0422  0.0397  0.0406  0.0393  0.0405  0.0398  0.0398  0.0395  0.0399  0.0396  0.0395
  0.0407  0.0407  0.0394  0.0394  0.0388  0.0394  0.0396  0.0396  0.0396  0.0395  0.0394  0.0395
  0.0409  0.0398  0.0395  0.0384  0.0413  0.0387  0.0397  0.0397  0.0396  0.0394  0.0394  0.0396
  0.0416  0.0394  0.0401  0.0387  0.0488  0.0404  0.0403  0.0404  0.0398  0.0396  0.0397  0.0399
  0.0428  0.0395  0.0410  0.0421  0.0562  0.0467  0.0414  0.0418  0.0401  0.0401  0.0409  0.0404
niter,ni,del,rscale     7    3    5.0000    1.2000
parameter  2 -0.818740 -> -0.500000 qaram    1.5209
parameter 10 -0.665934 -> -0.500000 qaram    1.1500
parameters
   -7.7103  -36.9466    5.8134  -12.0584  -29.5874  -10.3107
   -2.0871  -18.7537    2.0134   10.1442   15.1867  -15.9556
eta,q 0.96208 11.54299
  0.0415  0.0453  0.0389  0.0415  0.0394  0.0407  0.0400  0.0410  0.0390  0.0410  0.0384  0.0385
  0.0404  0.0428  0.0383  0.0402  0.0386  0.0399  0.0392  0.0395  0.0387  0.0400  0.0383  0.0383
  0.0397  0.0408  0.0382  0.0392  0.0383  0.0391  0.0388  0.0388  0.0385  0.0392  0.0381  0.0381
  0.0395  0.0395  0.0382  0.0381  0.0381  0.0383  0.0385  0.0385  0.0385  0.0385  0.0379  0.0380
  0.0396  0.0386  0.0385  0.0373  0.0391  0.0377  0.0386  0.0386  0.0385  0.0381  0.0378  0.0379
  0.0402  0.0381  0.0390  0.0388  0.0446  0.0392  0.0390  0.0391  0.0387  0.0379  0.0381  0.0380
  0.0413  0.0380  0.0399  0.0428  0.0528  0.0452  0.0398  0.0402  0.0389  0.0382  0.0390  0.0382
niter,ni,del,rscale     7    3    5.0000    1.2000
parameter  2 -0.625063 -> -0.500000 qaram    1.7490
parameters
   -7.6256  -34.8478    4.3892  -12.1879  -33.6235  -11.4382
   -2.0136  -18.8798    3.2466   12.1676   15.1413  -13.8101
eta,q 0.96359 11.20603
  0.0398  0.0452  0.0369  0.0392  0.0376  0.0381  0.0380  0.0385  0.0374  0.0393  0.0369  0.0372
  0.0388  0.0420  0.0367  0.0381  0.0368  0.0374  0.0373  0.0374  0.0370  0.0381  0.0367  0.0369
  0.0382  0.0396  0.0367  0.0373  0.0365  0.0369  0.0368  0.0369  0.0367  0.0372  0.0366  0.0367
  0.0379  0.0379  0.0368  0.0366  0.0367  0.0365  0.0366  0.0366  0.0366  0.0366  0.0365  0.0365
  0.0381  0.0370  0.0372  0.0360  0.0372  0.0362  0.0368  0.0368  0.0366  0.0364  0.0364  0.0364
  0.0386  0.0368  0.0379  0.0370  0.0402  0.0367  0.0372  0.0375  0.0368  0.0367  0.0365  0.0365
  0.0396  0.0371  0.0389  0.0407  0.0483  0.0412  0.0380  0.0388  0.0370  0.0377  0.0371  0.0368
niter,ni,del,rscale     7    3    5.0000    1.2000
parameters
   -7.5027  -33.6374    3.7151  -12.1543  -36.7098  -12.1689
   -2.6915  -18.8858    2.7900   13.0186   15.3161  -12.7475
eta,q 0.96378 10.99904
  0.0381  0.0426  0.0368  0.0387  0.0376  0.0376  0.0375  0.0383  0.0367  0.0384  0.0367  0.0369
  0.0372  0.0393  0.0365  0.0376  0.0368  0.0369  0.0369  0.0372  0.0365  0.0375  0.0365  0.0366
  0.0367  0.0373  0.0363  0.0368  0.0364  0.0365  0.0365  0.0366  0.0364  0.0368  0.0363  0.0364
  0.0364  0.0364  0.0363  0.0363  0.0363  0.0363  0.0363  0.0363  0.0363  0.0363  0.0362  0.0362
  0.0365  0.0363  0.0365  0.0356  0.0366  0.0361  0.0365  0.0365  0.0364  0.0362  0.0362  0.0362
  0.0370  0.0368  0.0369  0.0365  0.0381  0.0363  0.0371  0.0371  0.0366  0.0366  0.0363  0.0364
  0.0378  0.0378  0.0378  0.0397  0.0433  0.0392  0.0380  0.0384  0.0369  0.0380  0.0368  0.0367
niter,ni,del,rscale     6    3    5.0000    1.2000
parameters
   -7.3422  -33.0812    3.4877  -11.8852  -38.1127  -12.4002
   -2.9769  -18.7082    2.5288   13.2425   15.2447  -12.5174
eta,q 0.96374 10.92212
  0.0379  0.0406  0.0370  0.0387  0.0380  0.0376  0.0376  0.0384  0.0367  0.0382  0.0367  0.0368
  0.0370  0.0380  0.0366  0.0376  0.0371  0.0369  0.0369  0.0372  0.0365  0.0373  0.0365  0.0366
  0.0365  0.0366  0.0363  0.0368  0.0365  0.0365  0.0365  0.0366  0.0363  0.0367  0.0363  0.0363
  0.0362  0.0362  0.0363  0.0363  0.0362  0.0363  0.0363  0.0363  0.0363  0.0363  0.0363  0.0363
  0.0363  0.0365  0.0364  0.0357  0.0363  0.0361  0.0364  0.0364  0.0363  0.0362  0.0362  0.0363
  0.0367  0.0373  0.0367  0.0364  0.0371  0.0361  0.0370  0.0370  0.0365  0.0368  0.0363  0.0365
  0.0375  0.0384  0.0374  0.0393  0.0402  0.0385  0.0378  0.0383  0.0368  0.0384  0.0369  0.0368
niter,ni,del,rscale     5    3    5.0000    1.2000
parameters
   -7.2625  -32.8490    3.4219  -11.7816  -38.3409  -12.6221
   -3.0705  -18.5916    2.4438   13.3623   15.3473  -12.5109
eta,q 0.96372 10.90648
  0.0378  0.0398  0.0371  0.0387  0.0384  0.0376  0.0377  0.0384  0.0367  0.0382  0.0368  0.0368
  0.0370  0.0375  0.0367  0.0376  0.0373  0.0369  0.0370  0.0372  0.0365  0.0373  0.0366  0.0366
  0.0365  0.0364  0.0364  0.0368  0.0367  0.0365  0.0365  0.0366  0.0363  0.0367  0.0364  0.0363
  0.0363  0.0362  0.0363  0.0363  0.0363  0.0363  0.0363  0.0363  0.0363  0.0363  0.0363  0.0363
  0.0363  0.0367  0.0364  0.0357  0.0362  0.0362  0.0364  0.0364  0.0363  0.0362  0.0362  0.0363
  0.0368  0.0375  0.0367  0.0366  0.0368  0.0361  0.0369  0.0371  0.0365  0.0368  0.0363  0.0365
  0.0376  0.0387  0.0372  0.0395  0.0391  0.0384  0.0378  0.0383  0.0368  0.0385  0.0370  0.0369
niter,ni,del,rscale     4    3    5.0000    1.2000
parameters
   -7.2434  -32.7870    3.3771  -11.7763  -38.3654  -12.7176
   -3.0630  -18.5810    2.4492   13.4145   15.3535  -12.5274
eta,q 0.96371 10.90238
  0.0377  0.0394  0.0371  0.0386  0.0384  0.0376  0.0377  0.0383  0.0368  0.0382  0.0368  0.0368
  0.0370  0.0373  0.0367  0.0376  0.0374  0.0369  0.0370  0.0372  0.0365  0.0373  0.0366  0.0366
  0.0365  0.0364  0.0364  0.0368  0.0367  0.0365  0.0365  0.0366  0.0363  0.0367  0.0364  0.0363
  0.0363  0.0363  0.0363  0.0363  0.0363  0.0363  0.0363  0.0363  0.0363  0.0363  0.0363  0.0363
  0.0364  0.0368  0.0364  0.0357  0.0362  0.0362  0.0364  0.0364  0.0363  0.0362  0.0362  0.0363
  0.0368  0.0376  0.0367  0.0366  0.0368  0.0361  0.0369  0.0371  0.0365  0.0369  0.0364  0.0365
  0.0377  0.0388  0.0372  0.0396  0.0390  0.0383  0.0378  0.0384  0.0368  0.0385  0.0370  0.0369
niter,ni,del,rscale     3    3    5.0000    1.2000
parameters
   -7.2429  -32.7740    3.3586  -11.7727  -38.3678  -12.7261
   -3.0557  -18.5847    2.4356   13.4352   15.3703  -12.5144
eta,q 0.96371 10.90228
  0.0377  0.0393  0.0372  0.0386  0.0384  0.0376  0.0377  0.0383  0.0367  0.0382  0.0368  0.0368
  0.0370  0.0373  0.0367  0.0376  0.0374  0.0369  0.0370  0.0372  0.0365  0.0373  0.0366  0.0366
  0.0365  0.0363  0.0364  0.0368  0.0367  0.0365  0.0365  0.0366  0.0363  0.0367  0.0364  0.0363
  0.0363  0.0363  0.0363  0.0363  0.0363  0.0363  0.0363  0.0363  0.0363  0.0363  0.0363  0.0363
  0.0364  0.0368  0.0364  0.0357  0.0362  0.0362  0.0364  0.0364  0.0363  0.0362  0.0362  0.0363
  0.0369  0.0377  0.0367  0.0366  0.0368  0.0361  0.0369  0.0371  0.0365  0.0369  0.0364  0.0365
  0.0378  0.0389  0.0372  0.0396  0.0390  0.0382  0.0378  0.0384  0.0367  0.0386  0.0370  0.0369
registration optimization eta report
parameter search radius
    2.4000    4.1976    3.1740    9.5220   12.5928    9.5220
    8.2800    7.2000    7.2000    8.2800   10.9503    9.5220
100000*second partial in parameter space
       25.       16.        9.        3.        2.        2.
        2.        4.        1.        3.        1.        1.
  0.0377  0.0393  0.0372  0.0386  0.0384  0.0376  0.0377  0.0383  0.0367  0.0382  0.0368  0.0368
  0.0370  0.0373  0.0367  0.0376  0.0374  0.0369  0.0370  0.0372  0.0365  0.0373  0.0366  0.0366
  0.0365  0.0363  0.0364  0.0368  0.0367  0.0365  0.0365  0.0366  0.0363  0.0367  0.0364  0.0363
  0.0363  0.0363  0.0363  0.0363  0.0363  0.0363  0.0363  0.0363  0.0363  0.0363  0.0363  0.0363
  0.0364  0.0368  0.0364  0.0357  0.0362  0.0362  0.0364  0.0364  0.0363  0.0362  0.0362  0.0363
  0.0369  0.0377  0.0367  0.0366  0.0368  0.0361  0.0369  0.0371  0.0365  0.0369  0.0364  0.0365
  0.0378  0.0389  0.0372  0.0396  0.0390  0.0382  0.0378  0.0384  0.0367  0.0386  0.0370  0.0369
   -7.2429  -32.7740    3.3586  -11.7727  -38.3678  -12.7261
   -3.0557  -18.5847    2.4356   13.4352   15.3703  -12.5144
eta,q 0.96371 10.90228

---------------------------------------------------------------------
imgreg_4dfp /opt/freesurfer/average/711-2C_as_mni_average_305 /opt/freesurfer/average/711-2B_as_mni_average_305_mask talsrcimg_g11 none talsrcimg_to_711-2C_as_mni_average_305_t4 2311
---------------------------------------------------------------------

freesurfer imgreg_4dfp.c
/opt/freesurfer/average/711-2C_as_mni_average_305.4dfp.img
       256       256       256         1
  1.000000  1.000000  1.000000
orientation T byte_order littleendian
Reading image: /opt/freesurfer/average/711-2C_as_mni_average_305.4dfp.img
dimensions:      256       256       256
mmppix:       1.0000   -1.0000   -1.0000
center:     128.0000 -129.0000 -129.0000
/opt/freesurfer/average/711-2B_as_mni_average_305_mask.4dfp.img
       256       256       256         1
  1.000000  1.000000  1.000000
orientation T byte_order littleendian
Reading mask: /opt/freesurfer/average/711-2B_as_mni_average_305_mask.4dfp.img (2306576 pixels)
talsrcimg_g11.4dfp.img
       256       256       256         1
  1.000000  1.000000  1.000000
orientation T byte_order littleendian
Reading image: talsrcimg_g11.4dfp.img
dimensions:      256       256       256
mmppix:       1.0000   -1.0000   -1.0000
center:     128.0000 -129.0000 -129.0000
fimgreg.f
image alignment mode   2311 decimal      907 hex
parameters
   -7.2429  -32.7740    3.3586  -11.7727  -38.3678  -12.7261
   -3.0557  -18.5847    2.4356   13.4352   15.3703  -12.5144
eta,q 0.96371 10.90228
niter,ni,del,rscale     5    3    5.0000    0.8000
parameter  4 -1.252374 -> -0.500000 qaram    1.1500
parameter  5 -0.688908 -> -0.500000 qaram    1.1500
parameter  6 -0.632225 -> -0.500000 qaram    1.1500
parameters
   -7.1891  -33.3708    3.0748   -9.0127  -35.6078   -9.9661
   -2.9699  -18.7339    1.5246   13.2038   14.7952  -13.2574
eta,q 0.96444 11.23898
  0.0369  0.0364  0.0364  0.0371  0.0364  0.0361  0.0363  0.0372  0.0358  0.0363  0.0358  0.0357
  0.0366  0.0363  0.0363  0.0367  0.0361  0.0358  0.0359  0.0363  0.0356  0.0360  0.0357  0.0356
  0.0364  0.0362  0.0362  0.0364  0.0359  0.0357  0.0357  0.0357  0.0356  0.0357  0.0356  0.0356
  0.0363  0.0363  0.0362  0.0362  0.0357  0.0356  0.0356  0.0356  0.0356  0.0356  0.0356  0.0356
  0.0363  0.0364  0.0363  0.0359  0.0356  0.0356  0.0356  0.0358  0.0356  0.0356  0.0356  0.0356
  0.0365  0.0367  0.0364  0.0357  0.0356  0.0356  0.0359  0.0364  0.0358  0.0360  0.0357  0.0357
  0.0369  0.0369  0.0365  0.0358  0.0356  0.0355  0.0363  0.0374  0.0360  0.0367  0.0360  0.0358
niter,ni,del,rscale     7    3    5.0000    1.0000
parameters
   -7.2872  -33.6493    3.8376  -10.5405  -35.9399  -10.6289
   -2.7222  -18.6189    2.5099   12.8873   15.8478  -13.5287
eta,q 0.96422 11.15578
  0.0370  0.0361  0.0362  0.0368  0.0365  0.0365  0.0367  0.0376  0.0363  0.0369  0.0361  0.0361
  0.0362  0.0357  0.0359  0.0363  0.0361  0.0361  0.0363  0.0365  0.0360  0.0364  0.0360  0.0359
  0.0357  0.0356  0.0357  0.0359  0.0358  0.0359  0.0359  0.0360  0.0359  0.0360  0.0359  0.0358
  0.0356  0.0356  0.0355  0.0355  0.0358  0.0358  0.0358  0.0358  0.0358  0.0358  0.0358  0.0358
  0.0358  0.0357  0.0355  0.0357  0.0358  0.0356  0.0358  0.0359  0.0358  0.0358  0.0358  0.0358
  0.0364  0.0360  0.0355  0.0375  0.0361  0.0358  0.0361  0.0365  0.0359  0.0363  0.0358  0.0359
  0.0374  0.0365  0.0357  0.0402  0.0367  0.0376  0.0366  0.0375  0.0360  0.0374  0.0360  0.0361
niter,ni,del,rscale     6    3    5.0000    0.9000
parameters
   -7.2603  -33.6047    3.6722  -10.6643  -35.4042  -10.7084
   -2.8139  -18.8807    3.0892   13.0303   16.2273  -13.7812
eta,q 0.96423 11.18481
  0.0368  0.0364  0.0360  0.0370  0.0364  0.0364  0.0365  0.0371  0.0362  0.0368  0.0360  0.0360
  0.0363  0.0360  0.0359  0.0366  0.0361  0.0361  0.0361  0.0363  0.0360  0.0364  0.0359  0.0358
  0.0359  0.0358  0.0358  0.0362  0.0359  0.0359  0.0359  0.0359  0.0359  0.0360  0.0358  0.0358
  0.0358  0.0358  0.0358  0.0358  0.0358  0.0358  0.0358  0.0358  0.0358  0.0358  0.0358  0.0358
  0.0358  0.0358  0.0358  0.0355  0.0358  0.0357  0.0359  0.0360  0.0358  0.0358  0.0358  0.0358
  0.0362  0.0360  0.0360  0.0361  0.0359  0.0357  0.0361  0.0365  0.0359  0.0361  0.0358  0.0359
  0.0368  0.0363  0.0362  0.0378  0.0363  0.0368  0.0366  0.0374  0.0360  0.0369  0.0360  0.0360
niter,ni,del,rscale     5    3    5.0000    0.8000
parameters
   -7.2279  -33.6647    3.6691  -10.5104  -35.2285  -10.1099
   -2.9671  -19.1275    3.0678   13.0440   16.1758  -14.1081
eta,q 0.96429 11.22459
  0.0366  0.0362  0.0360  0.0369  0.0362  0.0363  0.0363  0.0368  0.0360  0.0365  0.0359  0.0359
  0.0362  0.0359  0.0359  0.0365  0.0360  0.0360  0.0360  0.0361  0.0358  0.0362  0.0358  0.0358
  0.0359  0.0358  0.0358  0.0361  0.0358  0.0358  0.0358  0.0358  0.0357  0.0359  0.0358  0.0357
  0.0358  0.0358  0.0358  0.0358  0.0357  0.0357  0.0357  0.0357  0.0357  0.0357  0.0357  0.0357
  0.0358  0.0358  0.0358  0.0355  0.0358  0.0356  0.0358  0.0359  0.0357  0.0357  0.0357  0.0357
  0.0361  0.0360  0.0359  0.0359  0.0359  0.0356  0.0360  0.0363  0.0358  0.0360  0.0358  0.0358
  0.0366  0.0362  0.0360  0.0372  0.0362  0.0362  0.0364  0.0371  0.0360  0.0367  0.0360  0.0359
niter,ni,del,rscale     4    3    5.0000    0.7000
parameters
   -7.2189  -33.7517    3.7335  -10.2332  -35.2159   -9.4049
   -3.0076  -19.2714    2.8535   13.0552   15.9906  -14.5449
eta,q 0.96440 11.26359
  0.0363  0.0360  0.0359  0.0367  0.0360  0.0361  0.0361  0.0366  0.0358  0.0363  0.0358  0.0358
  0.0360  0.0358  0.0358  0.0363  0.0358  0.0359  0.0358  0.0360  0.0357  0.0360  0.0357  0.0357
  0.0358  0.0357  0.0357  0.0360  0.0357  0.0357  0.0356  0.0357  0.0356  0.0357  0.0356  0.0356
  0.0357  0.0357  0.0357  0.0357  0.0356  0.0356  0.0356  0.0356  0.0356  0.0356  0.0356  0.0356
  0.0357  0.0358  0.0357  0.0355  0.0357  0.0355  0.0356  0.0357  0.0356  0.0356  0.0356  0.0356
  0.0360  0.0359  0.0358  0.0358  0.0358  0.0355  0.0358  0.0361  0.0357  0.0359  0.0357  0.0357
  0.0363  0.0361  0.0359  0.0368  0.0360  0.0360  0.0361  0.0367  0.0358  0.0364  0.0359  0.0358
niter,ni,del,rscale     3    3    5.0000    0.6000
parameters
   -7.2311  -33.8406    3.7488   -9.9233  -35.2287   -8.9010
   -2.9271  -19.3399    2.6132   13.1663   15.8526  -14.8896
eta,q 0.96451 11.29707
  0.0361  0.0358  0.0358  0.0364  0.0358  0.0359  0.0359  0.0363  0.0356  0.0360  0.0356  0.0356
  0.0358  0.0357  0.0357  0.0362  0.0357  0.0358  0.0357  0.0358  0.0356  0.0358  0.0356  0.0355
  0.0356  0.0356  0.0356  0.0359  0.0356  0.0356  0.0355  0.0356  0.0355  0.0356  0.0355  0.0355
  0.0356  0.0356  0.0356  0.0356  0.0355  0.0355  0.0355  0.0355  0.0355  0.0355  0.0355  0.0355
  0.0356  0.0356  0.0356  0.0354  0.0356  0.0354  0.0355  0.0356  0.0355  0.0355  0.0355  0.0355
  0.0358  0.0357  0.0357  0.0357  0.0356  0.0354  0.0356  0.0359  0.0356  0.0357  0.0356  0.0356
  0.0361  0.0359  0.0358  0.0365  0.0358  0.0359  0.0359  0.0364  0.0357  0.0361  0.0357  0.0357
niter,ni,del,rscale     2    3    5.0000    0.5000
parameters
   -7.2693  -33.9040    3.7598   -9.6212  -35.2387   -8.4530
   -2.8043  -19.4158    2.2248   13.2587   15.6738  -15.0538
eta,q 0.96460 11.32521
  0.0358  0.0357  0.0356  0.0362  0.0356  0.0357  0.0357  0.0360  0.0355  0.0358  0.0355  0.0355
  0.0356  0.0356  0.0356  0.0360  0.0355  0.0356  0.0355  0.0357  0.0354  0.0356  0.0355  0.0354
  0.0355  0.0355  0.0355  0.0357  0.0355  0.0355  0.0354  0.0355  0.0354  0.0355  0.0354  0.0354
  0.0355  0.0355  0.0355  0.0355  0.0354  0.0354  0.0354  0.0354  0.0354  0.0354  0.0354  0.0354
  0.0355  0.0355  0.0355  0.0354  0.0355  0.0353  0.0354  0.0355  0.0354  0.0354  0.0354  0.0354
  0.0357  0.0356  0.0355  0.0356  0.0355  0.0354  0.0355  0.0357  0.0355  0.0355  0.0355  0.0355
  0.0359  0.0357  0.0356  0.0362  0.0357  0.0357  0.0357  0.0361  0.0356  0.0358  0.0356  0.0355
niter,ni,del,rscale     1    3    5.0000    0.4000
parameters
   -7.3295  -33.9564    3.7793   -9.3073  -35.3668   -7.9431
   -2.6269  -19.5043    1.7094   13.2831   15.4150  -14.9068
eta,q 0.96469 11.34368
  0.0356  0.0355  0.0355  0.0360  0.0355  0.0356  0.0355  0.0358  0.0354  0.0356  0.0354  0.0354
  0.0355  0.0354  0.0354  0.0358  0.0354  0.0355  0.0354  0.0355  0.0353  0.0355  0.0353  0.0354
  0.0354  0.0354  0.0354  0.0356  0.0354  0.0355  0.0353  0.0354  0.0353  0.0354  0.0353  0.0353
  0.0354  0.0354  0.0354  0.0354  0.0354  0.0354  0.0353  0.0353  0.0353  0.0353  0.0353  0.0353
  0.0354  0.0354  0.0354  0.0353  0.0354  0.0353  0.0353  0.0354  0.0353  0.0353  0.0353  0.0353
  0.0355  0.0355  0.0354  0.0355  0.0354  0.0353  0.0354  0.0356  0.0354  0.0354  0.0354  0.0353
  0.0357  0.0355  0.0355  0.0359  0.0355  0.0355  0.0355  0.0358  0.0354  0.0356  0.0354  0.0354
registration optimization eta report
parameter search radius
    0.8000    0.8000    0.8000    2.7600    2.7600    2.7600
    2.4000    2.4000    2.4000    2.4000    2.4000    2.4000
100000*second partial in parameter space
       41.       21.       15.        7.        2.        3.
        3.        9.        1.        5.        2.        1.
  0.0356  0.0355  0.0355  0.0360  0.0355  0.0356  0.0355  0.0358  0.0354  0.0356  0.0354  0.0354
  0.0355  0.0354  0.0354  0.0358  0.0354  0.0355  0.0354  0.0355  0.0353  0.0355  0.0353  0.0354
  0.0354  0.0354  0.0354  0.0356  0.0354  0.0355  0.0353  0.0354  0.0353  0.0354  0.0353  0.0353
  0.0354  0.0354  0.0354  0.0354  0.0354  0.0354  0.0353  0.0353  0.0353  0.0353  0.0353  0.0353
  0.0354  0.0354  0.0354  0.0353  0.0354  0.0353  0.0353  0.0354  0.0353  0.0353  0.0353  0.0353
  0.0355  0.0355  0.0354  0.0355  0.0354  0.0353  0.0354  0.0356  0.0354  0.0354  0.0354  0.0353
  0.0357  0.0355  0.0355  0.0359  0.0355  0.0355  0.0355  0.0358  0.0354  0.0356  0.0354  0.0354
   -7.3295  -33.9564    3.7793   -9.3073  -35.3668   -7.9431
   -2.6269  -19.5043    1.7094   13.2831   15.4150  -14.9068
eta,q 0.96469 11.34368

---------------------------------------------------------------------
imgreg_4dfp /opt/freesurfer/average/711-2C_as_mni_average_305 /opt/freesurfer/average/711-2B_as_mni_average_305_mask talsrcimg_g11 none talsrcimg_to_711-2C_as_mni_average_305_t4 2311
---------------------------------------------------------------------

freesurfer imgreg_4dfp.c
/opt/freesurfer/average/711-2C_as_mni_average_305.4dfp.img
       256       256       256         1
  1.000000  1.000000  1.000000
orientation T byte_order littleendian
Reading image: /opt/freesurfer/average/711-2C_as_mni_average_305.4dfp.img
dimensions:      256       256       256
mmppix:       1.0000   -1.0000   -1.0000
center:     128.0000 -129.0000 -129.0000
/opt/freesurfer/average/711-2B_as_mni_average_305_mask.4dfp.img
       256       256       256         1
  1.000000  1.000000  1.000000
orientation T byte_order littleendian
Reading mask: /opt/freesurfer/average/711-2B_as_mni_average_305_mask.4dfp.img (2306576 pixels)
talsrcimg_g11.4dfp.img
       256       256       256         1
  1.000000  1.000000  1.000000
orientation T byte_order littleendian
Reading image: talsrcimg_g11.4dfp.img
dimensions:      256       256       256
mmppix:       1.0000   -1.0000   -1.0000
center:     128.0000 -129.0000 -129.0000
fimgreg.f
image alignment mode   2311 decimal      907 hex
parameters
   -7.3295  -33.9564    3.7793   -9.3073  -35.3668   -7.9431
   -2.6269  -19.5043    1.7094   13.2831   15.4150  -14.9068
eta,q 0.96469 11.34367
niter,ni,del,rscale     5    3    5.0000    0.8000
parameters
   -7.4377  -33.9830    3.7964  -10.0822  -35.6177   -8.8488
   -2.2055  -19.2158    2.1681   13.1245   15.6232  -14.6219
eta,q 0.96447 11.27180
  0.0363  0.0359  0.0358  0.0363  0.0358  0.0359  0.0363  0.0372  0.0359  0.0363  0.0358  0.0358
  0.0357  0.0355  0.0355  0.0359  0.0356  0.0358  0.0359  0.0362  0.0357  0.0360  0.0357  0.0357
  0.0354  0.0354  0.0354  0.0356  0.0355  0.0356  0.0356  0.0357  0.0356  0.0357  0.0356  0.0356
  0.0353  0.0353  0.0353  0.0353  0.0354  0.0354  0.0355  0.0355  0.0355  0.0355  0.0355  0.0355
  0.0355  0.0354  0.0354  0.0354  0.0355  0.0354  0.0356  0.0356  0.0355  0.0356  0.0355  0.0356
  0.0359  0.0356  0.0355  0.0363  0.0356  0.0359  0.0357  0.0360  0.0356  0.0359  0.0356  0.0356
  0.0366  0.0359  0.0357  0.0378  0.0359  0.0374  0.0361  0.0368  0.0358  0.0366  0.0358  0.0358
niter,ni,del,rscale     4    3    5.0000    0.7000
parameters
   -7.3937  -33.8566    3.7358   -9.8157  -35.3137   -8.9958
   -2.3926  -19.2458    2.2165   13.1964   15.6311  -14.6630
eta,q 0.96452 11.29153
  0.0362  0.0360  0.0358  0.0364  0.0358  0.0358  0.0359  0.0366  0.0357  0.0362  0.0357  0.0357
  0.0359  0.0357  0.0356  0.0361  0.0356  0.0357  0.0357  0.0360  0.0356  0.0359  0.0356  0.0356
  0.0356  0.0356  0.0356  0.0358  0.0355  0.0356  0.0355  0.0356  0.0355  0.0356  0.0355  0.0355
  0.0355  0.0355  0.0355  0.0355  0.0355  0.0355  0.0355  0.0355  0.0355  0.0355  0.0355  0.0355
  0.0356  0.0356  0.0356  0.0354  0.0355  0.0354  0.0356  0.0356  0.0355  0.0355  0.0355  0.0355
  0.0358  0.0357  0.0356  0.0356  0.0356  0.0355  0.0357  0.0360  0.0356  0.0357  0.0356  0.0356
  0.0362  0.0358  0.0358  0.0365  0.0357  0.0362  0.0360  0.0367  0.0357  0.0363  0.0357  0.0357
niter,ni,del,rscale     3    3    5.0000    0.6000
parameters
   -7.3778  -33.8626    3.7624   -9.5342  -35.3103   -8.4879
   -2.4633  -19.3667    1.9029   13.1621   15.4468  -14.8059
eta,q 0.96460 11.31715
  0.0360  0.0358  0.0357  0.0362  0.0357  0.0358  0.0358  0.0363  0.0355  0.0359  0.0356  0.0356
  0.0357  0.0356  0.0356  0.0360  0.0355  0.0356  0.0356  0.0358  0.0355  0.0357  0.0355  0.0355
  0.0356  0.0355  0.0355  0.0357  0.0355  0.0355  0.0354  0.0355  0.0354  0.0355  0.0354  0.0354
  0.0355  0.0355  0.0355  0.0355  0.0354  0.0354  0.0354  0.0354  0.0354  0.0354  0.0354  0.0354
  0.0355  0.0355  0.0355  0.0354  0.0355  0.0353  0.0354  0.0355  0.0354  0.0354  0.0354  0.0354
  0.0357  0.0356  0.0356  0.0356  0.0355  0.0353  0.0356  0.0359  0.0355  0.0356  0.0355  0.0355
  0.0360  0.0358  0.0357  0.0362  0.0357  0.0357  0.0358  0.0364  0.0356  0.0360  0.0356  0.0356
niter,ni,del,rscale     2    3    5.0000    0.5000
parameters
   -7.4067  -33.9377    3.7983   -9.2692  -35.3706   -7.9888
   -2.3961  -19.4359    1.6253   13.1425   15.2243  -14.7474
eta,q 0.96468 11.33802
  0.0358  0.0356  0.0356  0.0360  0.0355  0.0356  0.0356  0.0361  0.0354  0.0357  0.0354  0.0354
  0.0356  0.0355  0.0355  0.0358  0.0354  0.0355  0.0354  0.0356  0.0354  0.0355  0.0354  0.0354
  0.0354  0.0354  0.0354  0.0356  0.0354  0.0355  0.0353  0.0354  0.0353  0.0354  0.0353  0.0353
  0.0354  0.0354  0.0354  0.0354  0.0354  0.0354  0.0353  0.0353  0.0353  0.0353  0.0353  0.0353
  0.0354  0.0354  0.0354  0.0353  0.0354  0.0353  0.0353  0.0354  0.0353  0.0353  0.0353  0.0353
  0.0356  0.0355  0.0355  0.0355  0.0354  0.0353  0.0354  0.0357  0.0354  0.0355  0.0354  0.0354
  0.0358  0.0356  0.0355  0.0360  0.0355  0.0356  0.0356  0.0361  0.0355  0.0358  0.0355  0.0354
niter,ni,del,rscale     1    3    5.0000    0.4000
parameters
   -7.4552  -34.0216    3.8220   -9.0608  -35.5181   -7.5415
   -2.2795  -19.4895    1.3531   13.0894   14.9399  -14.6210
eta,q 0.96475 11.34882
  0.0356  0.0354  0.0354  0.0358  0.0354  0.0355  0.0354  0.0358  0.0353  0.0355  0.0353  0.0353
  0.0354  0.0354  0.0354  0.0356  0.0353  0.0355  0.0353  0.0355  0.0353  0.0354  0.0353  0.0353
  0.0353  0.0353  0.0353  0.0354  0.0353  0.0354  0.0353  0.0353  0.0353  0.0353  0.0353  0.0353
  0.0353  0.0353  0.0353  0.0353  0.0353  0.0353  0.0352  0.0353  0.0353  0.0352  0.0352  0.0353
  0.0353  0.0354  0.0353  0.0353  0.0353  0.0352  0.0353  0.0353  0.0353  0.0353  0.0353  0.0353
  0.0354  0.0354  0.0354  0.0354  0.0354  0.0353  0.0353  0.0355  0.0353  0.0354  0.0353  0.0353
  0.0356  0.0355  0.0354  0.0357  0.0354  0.0355  0.0354  0.0358  0.0354  0.0356  0.0354  0.0353
registration optimization eta report
parameter search radius
    0.8000    0.8000    0.8000    2.4000    2.4000    2.4000
    2.4000    2.4000    2.4000    2.4000    2.4000    2.4000
100000*second partial in parameter space
       44.       21.       16.        8.        2.        4.
        3.       10.        2.        5.        2.        1.
  0.0356  0.0354  0.0354  0.0358  0.0354  0.0355  0.0354  0.0358  0.0353  0.0355  0.0353  0.0353
  0.0354  0.0354  0.0354  0.0356  0.0353  0.0355  0.0353  0.0355  0.0353  0.0354  0.0353  0.0353
  0.0353  0.0353  0.0353  0.0354  0.0353  0.0354  0.0353  0.0353  0.0353  0.0353  0.0353  0.0353
  0.0353  0.0353  0.0353  0.0353  0.0353  0.0353  0.0352  0.0353  0.0353  0.0352  0.0352  0.0353
  0.0353  0.0354  0.0353  0.0353  0.0353  0.0352  0.0353  0.0353  0.0353  0.0353  0.0353  0.0353
  0.0354  0.0354  0.0354  0.0354  0.0354  0.0353  0.0353  0.0355  0.0353  0.0354  0.0353  0.0353
  0.0356  0.0355  0.0354  0.0357  0.0354  0.0355  0.0354  0.0358  0.0354  0.0356  0.0354  0.0353
   -7.4552  -34.0216    3.8220   -9.0608  -35.5181   -7.5415
   -2.2795  -19.4895    1.3531   13.0894   14.9399  -14.6210
eta,q 0.96475 11.34882

---------------------------------------------------------------------
compute_vox2vox talsrcimg talsrcimg_to_711-2C_as_mni_average_305_t4 /opt/freesurfer/average/711-2C_as_mni_average_305
---------------------------------------------------------------------

freesurfer compute_vox2vox.c
Reading: talsrcimg.4dfp.ifh
Reading: talsrcimg_to_711-2C_as_mni_average_305_t4
Reading: /opt/freesurfer/average/711-2C_as_mni_average_305.4dfp.ifh
Writing: talsrcimg_to_711-2C_as_mni_average_305_t4_vox2vox.txt

start time Sat Mar 14 10:30:55 CET 2026
end		time Sat Mar 14 10:31:10 CET 2026

mpr2mni305 success

avi2talxfm orig_nu.mgz /opt/freesurfer/average/mni305.cor.mgz talsrcimg_to_711-2C_as_mni_average_305_t4_vox2vox.txt transforms/talairach.auto.xfm
avi2talxfm done
mv -f /out/sourcedata/freesurfer/sub-v2s9x29175_ses-1/mri/talsrcimg_to_711-2C_as_mni_average_305_t4_vox2vox.txt /out/sourcedata/freesurfer/sub-v2s9x29175_ses-1/mri/transforms/talsrcimg_to_711-2C_as_mni_average_305_t4_vox2vox.txt
lta_convert --src orig_nu.mgz --trg /opt/freesurfer/average/mni305.cor.mgz --inxfm transforms/talairach.auto.xfm --outlta transforms/talairach.auto.xfm.lta --subject fsaverage
7.3.2

--src: orig_nu.mgz src image (geometry).
--trg: /opt/freesurfer/average/mni305.cor.mgz trg image (geometry).
--inmni: transforms/talairach.auto.xfm input MNI/XFM transform.
--outlta: transforms/talairach.auto.xfm.lta output LTA.
--s: fsaverage subject name
 LTA read, type : 1
 1.06352   0.21205   0.08568   9.24017;
-0.16992   1.01405   0.22392   1.36484;
 0.01218  -0.21030   1.50357   50.53664;
 0.00000   0.00000   0.00000   1.00000;
setting subject to fsaverage
Writing  LTA to file transforms/talairach.auto.xfm.lta...
lta_convert successful.
 
 
Started at Sat Mar 14 10:30:55 CET 2026
Ended   at Sat Mar 14 10:31:10 CET 2026
talairach_avi done
