status file for recon-all
Sat Mar 14 12:13:36 CET 2026
#@# Tessellate rh Sat Mar 14 12:13:36 CET 2026
#@# Smooth1 rh Sat Mar 14 12:13:38 CET 2026
#@# Inflation1 rh Sat Mar 14 12:13:40 CET 2026
#@# QSphere rh Sat Mar 14 12:13:52 CET 2026
#@# Fix Topology rh Sat Mar 14 12:14:38 CET 2026
#@# Smooth2 rh Sat Mar 14 12:21:49 CET 2026
#@# Inflation2 rh Sat Mar 14 12:21:51 CET 2026
#@# Curv .H and .K rh Sat Mar 14 12:22:02 CET 2026
#@# Sphere rh Sat Mar 14 12:22:34 CET 2026
#@# Surf Reg rh Sat Mar 14 12:30:42 CET 2026
#@# Jacobian white rh Sat Mar 14 12:36:29 CET 2026
#@# AvgCurv rh Sat Mar 14 12:36:29 CET 2026
#@# Cortical Parc rh Sat Mar 14 12:36:30 CET 2026
#@# white curv rh Sat Mar 14 12:44:05 CET 2026
#@# white area rh Sat Mar 14 12:44:06 CET 2026
#@# pial curv rh Sat Mar 14 12:44:06 CET 2026
#@# pial area rh Sat Mar 14 12:44:07 CET 2026
#@# thickness rh Sat Mar 14 12:44:08 CET 2026
#@# area and vertex vol rh Sat Mar 14 12:44:23 CET 2026
#@# Curvature Stats rh Sat Mar 14 12:44:24 CET 2026
#@# Cortical Parc 2 rh Sat Mar 14 12:44:26 CET 2026
#@# Cortical Parc 3 rh Sat Mar 14 12:44:34 CET 2026
#@# WM/GM Contrast rh Sat Mar 14 12:44:41 CET 2026
recon-all -s sub-v2s9x29161_ses-1 finished without error at Sat Mar 14 12:44:43 CET 2026



#New# invocation of recon-all 



status file for recon-all
Sat Mar 14 12:50:01 CET 2026
#@# white curv rh Sat Mar 14 12:50:01 CET 2026
#@# white area rh Sat Mar 14 12:50:01 CET 2026
#@# pial curv rh Sat Mar 14 12:50:01 CET 2026
#@# pial area rh Sat Mar 14 12:50:01 CET 2026
#@# thickness rh Sat Mar 14 12:50:01 CET 2026
#@# area and vertex vol rh Sat Mar 14 12:50:01 CET 2026
#@# Parcellation Stats rh Sat Mar 14 12:50:01 CET 2026
#@# Parcellation Stats 2 rh Sat Mar 14 12:50:12 CET 2026
#@# Parcellation Stats 3 rh Sat Mar 14 12:50:18 CET 2026
#@# BA_exvivo Labels rh Sat Mar 14 12:50:24 CET 2026
recon-all -s sub-v2s9x29161_ses-1 finished without error at Sat Mar 14 12:52:08 CET 2026
