status file for recon-all
Sat Mar 14 11:53:42 CET 2026
#@# Tessellate lh Sat Mar 14 11:53:42 CET 2026
#@# Smooth1 lh Sat Mar 14 11:53:45 CET 2026
#@# Inflation1 lh Sat Mar 14 11:53:47 CET 2026
#@# QSphere lh Sat Mar 14 11:53:58 CET 2026
#@# Fix Topology lh Sat Mar 14 11:54:46 CET 2026
#@# Smooth2 lh Sat Mar 14 11:59:59 CET 2026
#@# Inflation2 lh Sat Mar 14 12:00:01 CET 2026
#@# Curv .H and .K lh Sat Mar 14 12:00:12 CET 2026
#@# Sphere lh Sat Mar 14 12:00:43 CET 2026
#@# Surf Reg lh Sat Mar 14 12:03:07 CET 2026
#@# Jacobian white lh Sat Mar 14 12:07:13 CET 2026
#@# AvgCurv lh Sat Mar 14 12:07:14 CET 2026
#@# Cortical Parc lh Sat Mar 14 12:07:15 CET 2026
#@# white curv lh Sat Mar 14 12:12:53 CET 2026
#@# white area lh Sat Mar 14 12:12:54 CET 2026
#@# pial curv lh Sat Mar 14 12:12:54 CET 2026
#@# pial area lh Sat Mar 14 12:12:55 CET 2026
#@# thickness lh Sat Mar 14 12:12:56 CET 2026
#@# area and vertex vol lh Sat Mar 14 12:13:13 CET 2026
#@# Curvature Stats lh Sat Mar 14 12:13:14 CET 2026
#@# Cortical Parc 2 lh Sat Mar 14 12:13:16 CET 2026
#@# Cortical Parc 3 lh Sat Mar 14 12:13:24 CET 2026
#@# WM/GM Contrast lh Sat Mar 14 12:13:31 CET 2026
recon-all -s sub-v2s9x29161_ses-1 finished without error at Sat Mar 14 12:13:33 CET 2026



#New# invocation of recon-all 



status file for recon-all
Sat Mar 14 12:47:55 CET 2026
#@# white curv lh Sat Mar 14 12:47:55 CET 2026
#@# white area lh Sat Mar 14 12:47:55 CET 2026
#@# pial curv lh Sat Mar 14 12:47:55 CET 2026
#@# pial area lh Sat Mar 14 12:47:55 CET 2026
#@# thickness lh Sat Mar 14 12:47:55 CET 2026
#@# area and vertex vol lh Sat Mar 14 12:47:55 CET 2026
#@# Parcellation Stats lh Sat Mar 14 12:47:55 CET 2026
#@# Parcellation Stats 2 lh Sat Mar 14 12:48:06 CET 2026
#@# Parcellation Stats 3 lh Sat Mar 14 12:48:11 CET 2026
#@# BA_exvivo Labels lh Sat Mar 14 12:48:17 CET 2026
recon-all -s sub-v2s9x29161_ses-1 finished without error at Sat Mar 14 12:50:00 CET 2026
