/out/sourcedata/freesurfer/sub-v2s9x29161_ses-1/mri
/opt/freesurfer/bin/talairach_avi
--i orig_nu.mgz --xfm transforms/talairach.auto.xfm
talairach_avi 7.3.2
Linux dna074 5.14.0-427.37.1.el9_4.x86_64 #1 SMP PREEMPT_DYNAMIC Fri Sep 13 12:41:50 EDT 2024 x86_64 x86_64 x86_64 GNU/Linux
Sat Mar 14 10:30:58 CET 2026
mri_convert orig_nu.mgz talsrcimg.img 
reading from orig_nu.mgz...
TR=0.00, TE=0.00, TI=0.00, flip angle=0.00
i_ras = (-1, 0, 0)
j_ras = (0, 0, -1)
k_ras = (0, 1, 0)
writing to talsrcimg.img...
Analyze Output Matrix
-1.00000   0.00000   0.00000   129.66513;
 0.00000   0.00000   1.00000  -128.00000;
 0.00000  -1.00000   0.00000   130.00000;
 0.00000   0.00000   0.00000   1.00000;
--------------------
INFO: set hdr.hist.orient to -1
mpr2mni305 talsrcimg
Sat Mar 14 10:30:58 CET 2026
/opt/freesurfer/bin/mpr2mni305 talsrcimg
mpr2mni305 7.3.2
target=711-2C_as_mni_average_305

---------------------------------------------------------------------
analyzeto4dfp talsrcimg -O0 -y
---------------------------------------------------------------------

freesurfer ifh2hdr.c
Sat Mar 14 10:30:58 2026
Writing: talsrcimg.4dfp.hdr
freesurfer analyzeto4dfp.c
Reading: talsrcimg.hdr
header size 348 bytes
hdr.dime.datatype	offset=70	value=2
hdr.dime.bitpix		offset=72	value=8
hdr.hist.orient		offset=252	value=-1
dimensionality     4
dimensions       256       256       256         1
Reading: talsrcimg.img
Writing: talsrcimg.4dfp.img
Writing: talsrcimg.4dfp.ifh
ifh2hdr talsrcimg -r0to219
ori=2

---------------------------------------------------------------------
gauss_4dfp talsrcimg 1.1
---------------------------------------------------------------------

freesurfer gauss_4dfp.c
Reading: talsrcimg.4dfp.img
Writing: talsrcimg_g11.4dfp.img
image dimensions 256 256 256 padded to 288 288 288
processing volume 1freesurfer ifh2hdr.c
Sat Mar 14 10:30:59 2026
Writing: talsrcimg_g11.4dfp.hdr

Writing: talsrcimg_g11.4dfp.ifh
including: talsrcimg.4dfp.img.rec in talsrcimg_g11.4dfp.img.rec

---------------------------------------------------------------------
imgreg_4dfp /opt/freesurfer/average/711-2C_as_mni_average_305 none talsrcimg_g11 none talsrcimg_to_711-2C_as_mni_average_305_t4 4355
---------------------------------------------------------------------

freesurfer imgreg_4dfp.c
/opt/freesurfer/average/711-2C_as_mni_average_305.4dfp.img
       256       256       256         1
  1.000000  1.000000  1.000000
orientation T byte_order littleendian
Reading image: /opt/freesurfer/average/711-2C_as_mni_average_305.4dfp.img
dimensions:      256       256       256
mmppix:       1.0000   -1.0000   -1.0000
center:     128.0000 -129.0000 -129.0000
talsrcimg_g11.4dfp.img
       256       256       256         1
  1.000000  1.000000  1.000000
orientation T byte_order littleendian
Reading image: talsrcimg_g11.4dfp.img
dimensions:      256       256       256
mmppix:       1.0000   -1.0000   -1.0000
center:     128.0000 -129.0000 -129.0000
t4_read: open error in t4_sub.f l:  41 t4_file(1:l)talsrcimg_to_711-2C_as_mni_average_305_t4 
t4_read: transform initialized to I4
rotation matrix determinant  1.000000
image alignment mode   4355 decimal     1103 hex
   -7.5000  -45.0000  -45.0000 8741.4424   21.0163
    0.0000  -45.0000  -45.0000 9228.5742   21.0108
    7.5000  -45.0000  -45.0000 8903.5342   21.0559
   -7.5000  -37.5000  -45.0000 9126.4697   21.0389
    0.0000  -37.5000  -45.0000 9638.0947   21.0303
    7.5000  -37.5000  -45.0000 9300.2002   21.0721
   -7.5000  -30.0000  -45.0000 9794.3672   21.1080
    0.0000  -30.0000  -45.000010333.1367   21.0968
    7.5000  -30.0000  -45.0000 9987.4316   21.1334
   -7.5000  -22.5000  -45.000010417.7539   21.1499
    0.0000  -22.5000  -45.000011006.7891   21.1386
    7.5000  -22.5000  -45.000010624.2109   21.1747
   -7.5000  -15.0000  -45.000011006.7529   21.1340
    0.0000  -15.0000  -45.000011643.6768   21.1272
    7.5000  -15.0000  -45.000011210.9180   21.1672
   -7.5000   -7.5000  -45.000011596.0010   21.0693
    0.0000   -7.5000  -45.000012230.8340   21.0658
    7.5000   -7.5000  -45.000011786.3320   21.1097
   -7.5000    0.0000  -45.000012095.3584   21.0163
    0.0000    0.0000  -45.000012686.4570   21.0108
    7.5000    0.0000  -45.000012239.0859   21.0559
   -7.5000    7.5000  -45.000011542.5576   21.0389
    0.0000    7.5000  -45.000012102.2109   21.0303
    7.5000    7.5000  -45.000011660.5527   21.0721
   -7.5000   15.0000  -45.000010824.3916   21.1080
    0.0000   15.0000  -45.000011364.2998   21.0968
    7.5000   15.0000  -45.000010936.3740   21.1334
   -7.5000   22.5000  -45.000010041.9043   21.1469
    0.0000   22.5000  -45.000010543.7422   21.1357
    7.5000   22.5000  -45.000010118.8281   21.1718
   -7.5000   30.0000  -45.0000 9208.4697   20.8524
    0.0000   30.0000  -45.0000 9652.6152   20.8456
    7.5000   30.0000  -45.0000 9261.3447   20.8852
   -7.5000   37.5000  -45.0000 8710.4648   20.7886
    0.0000   37.5000  -45.0000 9145.2852   20.7851
    7.5000   37.5000  -45.0000 8741.8125   20.8284
   -7.5000   45.0000  -45.0000 7923.6812   20.2097
    0.0000   45.0000  -45.0000 8297.3779   20.2044
    7.5000   45.0000  -45.0000 7924.9546   20.2478
   -7.5000  -45.0000  -37.5000 9264.8125   20.9915
    0.0000  -45.0000  -37.5000 9788.9814   20.9781
    7.5000  -45.0000  -37.5000 9499.7568   21.0226
   -7.5000  -37.5000  -37.5000 9658.1680   21.0095
    0.0000  -37.5000  -37.500010216.8398   20.9990
    7.5000  -37.5000  -37.5000 9903.5361   21.0428
   -7.5000  -30.0000  -37.500010362.9658   21.0715
    0.0000  -30.0000  -37.500010952.1953   21.0635
    7.5000  -30.0000  -37.500010602.4385   21.1045
   -7.5000  -22.5000  -37.500011030.0039   21.1073
    0.0000  -22.5000  -37.500011667.6768   21.0973
    7.5000  -22.5000  -37.500011268.5078   21.1379
   -7.5000  -15.0000  -37.500011641.2695   21.0939
    0.0000  -15.0000  -37.500012326.7842   21.0813
    7.5000  -15.0000  -37.500011869.3887   21.1224
   -7.5000   -7.5000  -37.500012247.2480   21.0400
    0.0000   -7.5000  -37.500012923.8877   21.0265
    7.5000   -7.5000  -37.500012458.3184   21.0686
   -7.5000    0.0000  -37.500012741.8525   20.9915
    0.0000    0.0000  -37.500013376.4287   20.9781
    7.5000    0.0000  -37.500012902.7910   21.0226
   -7.5000    7.5000  -37.500012145.5732   21.0095
    0.0000    7.5000  -37.500012758.0195   20.9990
    7.5000    7.5000  -37.500012283.2422   21.0428
   -7.5000   15.0000  -37.500011364.1328   21.0715
    0.0000   15.0000  -37.500011951.7812   21.0635
    7.5000   15.0000  -37.500011478.7305   21.1045
   -7.5000   22.5000  -37.500010488.2266   21.1044
    0.0000   22.5000  -37.500011041.4336   21.0944
    7.5000   22.5000  -37.500010589.4902   21.1350
   -7.5000   30.0000  -37.5000 9613.6992   20.8128
    0.0000   30.0000  -37.500010083.4570   20.8003
    7.5000   30.0000  -37.5000 9662.9766   20.8409
   -7.5000   37.5000  -37.5000 9067.4824   20.7596
    0.0000   37.5000  -37.5000 9516.8291   20.7463
    7.5000   37.5000  -37.5000 9093.9951   20.7878
   -7.5000   45.0000  -37.5000 8219.0234   20.1858
    0.0000   45.0000  -37.5000 8616.8516   20.1730
    7.5000   45.0000  -37.5000 8234.3672   20.2157
   -7.5000  -45.0000  -30.0000 9970.9697   21.9079
    0.0000  -45.0000  -30.000010553.5713   21.8809
    7.5000  -45.0000  -30.000010221.8193   21.9299
   -7.5000  -37.5000  -30.000010377.5820   21.9240
    0.0000  -37.5000  -30.000010993.4941   21.9035
    7.5000  -37.5000  -30.000010632.9209   21.9513
   -7.5000  -30.0000  -30.000011126.9482   21.9835
    0.0000  -30.0000  -30.000011752.9189   21.9690
    7.5000  -30.0000  -30.000011364.3320   22.0152
   -7.5000  -22.5000  -30.000011808.7373   22.0157
    0.0000  -22.5000  -30.000012483.7568   21.9973
    7.5000  -22.5000  -30.000012035.8848   22.0459
   -7.5000  -15.0000  -30.000012412.7100   22.0038
    0.0000  -15.0000  -30.000013137.3428   21.9776
    7.5000  -15.0000  -30.000012654.9609   22.0263
   -7.5000   -7.5000  -30.000013042.1631   21.9554
    0.0000   -7.5000  -30.000013773.0596   21.9264
    7.5000   -7.5000  -30.000013276.7949   21.9742
   -7.5000    0.0000  -30.000013547.1787   21.9079
    0.0000    0.0000  -30.000014239.3232   21.8809
    7.5000    0.0000  -30.000013736.3389   21.9299
   -7.5000    7.5000  -30.000012888.0303   21.9240
    0.0000    7.5000  -30.000013554.4600   21.9035
    7.5000    7.5000  -30.000013043.0264   21.9513
   -7.5000   15.0000  -30.000012052.1914   21.9835
    0.0000   15.0000  -30.000012699.9883   21.9690
    7.5000   15.0000  -30.000012186.0840   22.0152
   -7.5000   22.5000  -30.000011115.0059   22.0104
    0.0000   22.5000  -30.000011723.6221   21.9920
    7.5000   22.5000  -30.000011225.4014   22.0406
   -7.5000   30.0000  -30.000010163.9033   21.7127
    0.0000   30.0000  -30.000010687.0771   21.6868
    7.5000   30.0000  -30.000010198.1064   21.7349
   -7.5000   37.5000  -30.0000 9574.5586   21.6649
    0.0000   37.5000  -30.000010053.6221   21.6363
    7.5000   37.5000  -30.0000 9577.0244   21.6834
   -7.5000   45.0000  -30.0000 8645.8008   21.0825
    0.0000   45.0000  -30.0000 9086.1660   21.0565
    7.5000   45.0000  -30.0000 8652.9980   21.1037
   -7.5000  -45.0000  -22.500010693.5361   22.6580
    0.0000  -45.0000  -22.500011318.9609   22.6272
    7.5000  -45.0000  -22.500010937.8623   22.6816
   -7.5000  -37.5000  -22.500011121.3965   22.6773
    0.0000  -37.5000  -22.500011760.8477   22.6489
    7.5000  -37.5000  -22.500011346.0244   22.6967
   -7.5000  -30.0000  -22.500011907.1758   22.7398
    0.0000  -30.0000  -22.500012543.9678   22.7148
    7.5000  -30.0000  -22.500012077.7793   22.7599
   -7.5000  -22.5000  -22.500012582.5176   22.7731
    0.0000  -22.5000  -22.500013263.9072   22.7453
    7.5000  -22.5000  -22.500012764.5498   22.7966
   -7.5000  -15.0000  -22.500013201.0127   22.7601
    0.0000  -15.0000  -22.500013948.9482   22.7280
    7.5000  -15.0000  -22.500013421.9697   22.7845
   -7.5000   -7.5000  -22.500013861.5713   22.7074
    0.0000   -7.5000  -22.500014622.4902   22.6754
    7.5000   -7.5000  -22.500014081.5371   22.7327
   -7.5000    0.0000  -22.500014350.3750   22.6580
    0.0000    0.0000  -22.500015113.1543   22.6272
    7.5000    0.0000  -22.500014531.5596   22.6816
   -7.5000    7.5000  -22.500013658.3115   22.6773
    0.0000    7.5000  -22.500014344.6465   22.6489
    7.5000    7.5000  -22.500013784.0430   22.6967
   -7.5000   15.0000  -22.500012756.2461   22.7398
    0.0000   15.0000  -22.500013408.2793   22.7148
    7.5000   15.0000  -22.500012856.4941   22.7599
   -7.5000   22.5000  -22.500011742.3018   22.7661
    0.0000   22.5000  -22.500012341.9873   22.7383
    7.5000   22.5000  -22.500011816.2363   22.7895
   -7.5000   30.0000  -22.500010690.2539   22.4624
    0.0000   30.0000  -22.500011256.1436   22.4307
    7.5000   30.0000  -22.500010749.2793   22.4864
   -7.5000   37.5000  -22.500010062.4707   22.4103
    0.0000   37.5000  -22.500010576.8262   22.3788
    7.5000   37.5000  -22.500010082.9121   22.4354
   -7.5000   45.0000  -22.5000 9054.2578   21.8207
    0.0000   45.0000  -22.5000 9492.7949   21.7911
    7.5000   45.0000  -22.5000 9048.8076   21.8435
   -7.5000  -45.0000  -15.000011372.1689   23.1658
    0.0000  -45.0000  -15.000012053.2197   23.1416
    7.5000  -45.0000  -15.000011632.8037   23.1985
   -7.5000  -37.5000  -15.000011841.3389   23.1914
    0.0000  -37.5000  -15.000012523.0508   23.1623
    7.5000  -37.5000  -15.000012070.0537   23.2075
   -7.5000  -30.0000  -15.000012659.5264   23.2609
    0.0000  -30.0000  -15.000013292.4346   23.2299
    7.5000  -30.0000  -15.000012799.7080   23.2693
   -7.5000  -22.5000  -15.000013365.4531   23.2984
    0.0000  -22.5000  -15.000013985.4678   23.2677
    7.5000  -22.5000  -15.000013486.4199   23.3146
   -7.5000  -15.0000  -15.000014012.0312   23.2813
    0.0000  -15.0000  -15.000014694.1992   23.2545
    7.5000  -15.0000  -15.000014171.9980   23.3127
   -7.5000   -7.5000  -15.000014681.5762   23.2180
    0.0000   -7.5000  -15.000015425.8271   23.1958
    7.5000   -7.5000  -15.000014877.9512   23.2583
   -7.5000    0.0000  -15.000015173.9258   23.1658
    0.0000    0.0000  -15.000015914.7373   23.1416
    7.5000    0.0000  -15.000015327.8506   23.1985
   -7.5000    7.5000  -15.000014426.4268   23.1914
    0.0000    7.5000  -15.000015097.8506   23.1623
    7.5000    7.5000  -15.000014508.0449   23.2075
   -7.5000   15.0000  -15.000013436.6777   23.2609
    0.0000   15.0000  -15.000014086.7031   23.2299
    7.5000   15.0000  -15.000013507.4834   23.2693
   -7.5000   22.5000  -15.000012364.8672   23.2902
    0.0000   22.5000  -15.000012947.0010   23.2594
    7.5000   22.5000  -15.000012416.8467   23.3064
   -7.5000   30.0000  -15.000011232.3926   22.9800
    0.0000   30.0000  -15.000011776.5254   22.9536
    7.5000   30.0000  -15.000011271.3213   23.0110
   -7.5000   37.5000  -15.000010542.8926   22.9175
    0.0000   37.5000  -15.000011067.6260   22.8957
    7.5000   37.5000  -15.000010579.9551   22.9573
   -7.5000   45.0000  -15.0000 9487.3447   22.3233
    0.0000   45.0000  -15.0000 9929.8008   22.3000
    7.5000   45.0000  -15.0000 9453.4102   22.3548
   -7.5000  -45.0000   -7.500012066.4941   23.3986
    0.0000  -45.0000   -7.500012719.3867   23.3855
    7.5000  -45.0000   -7.500012273.5693   23.4385
   -7.5000  -37.5000   -7.500012559.7705   23.4281
    0.0000  -37.5000   -7.500013170.0410   23.4075
    7.5000  -37.5000   -7.500012727.3701   23.4512
   -7.5000  -30.0000   -7.500013426.0107   23.5045
    0.0000  -30.0000   -7.500013981.6338   23.4794
    7.5000  -30.0000   -7.500013509.3477   23.5159
   -7.5000  -22.5000   -7.500014198.3369   23.5473
    0.0000  -22.5000   -7.500014693.7236   23.5236
    7.5000  -22.5000   -7.500014208.1426   23.5637
   -7.5000  -15.0000   -7.500014851.9473   23.5266
    0.0000  -15.0000   -7.500015364.6309   23.5111
    7.5000  -15.0000   -7.500014910.6758   23.5612
   -7.5000   -7.5000   -7.500015498.0068   23.4542
    0.0000   -7.5000   -7.500016111.9189   23.4446
    7.5000   -7.5000   -7.500015632.2510   23.5005
   -7.5000    0.0000   -7.500015965.6572   23.3986
    0.0000    0.0000   -7.500016619.4941   23.3855
    7.5000    0.0000   -7.500016084.6963   23.4385
   -7.5000    7.5000   -7.500015143.8389   23.4281
    0.0000    7.5000   -7.500015751.2891   23.4075
    7.5000    7.5000   -7.500015202.0176   23.4512
   -7.5000   15.0000   -7.500014103.8271   23.5045
    0.0000   15.0000   -7.500014696.0039   23.4794
    7.5000   15.0000   -7.500014160.8105   23.5159
   -7.5000   22.5000   -7.500012992.1230   23.5364
    0.0000   22.5000   -7.500013522.3281   23.5128
    7.5000   22.5000   -7.500013026.5439   23.5528
   -7.5000   30.0000   -7.500011781.8594   23.2215
    0.0000   30.0000   -7.500012276.1475   23.2062
    7.5000   30.0000   -7.500011798.8604   23.2557
   -7.5000   37.5000   -7.500011026.1680   23.1500
    0.0000   37.5000   -7.500011534.7637   23.1406
    7.5000   37.5000   -7.500011051.2754   23.1958
   -7.5000   45.0000   -7.5000 9886.5859   22.5518
    0.0000   45.0000   -7.500010326.3291   22.5392
    7.5000   45.0000   -7.5000 9851.2617   22.5903
   -7.5000  -45.0000    0.000012614.1982   23.4421
    0.0000  -45.0000    0.000013211.5420   23.4357
    7.5000  -45.0000    0.000012789.7188   23.4848
   -7.5000  -37.5000    0.000013108.6064   23.4689
    0.0000  -37.5000    0.000013690.5449   23.4589
    7.5000  -37.5000    0.000013247.7480   23.5041
   -7.5000  -30.0000    0.000014029.3203   23.5452
    0.0000  -30.0000    0.000014618.6875   23.5323
    7.5000  -30.0000    0.000014126.9902   23.5718
   -7.5000  -22.5000    0.000014846.3252   23.5895
    0.0000  -22.5000    0.000015293.4072   23.5767
    7.5000  -22.5000    0.000014832.7812   23.6157
   -7.5000  -15.0000    0.000015480.6611   23.5699
    0.0000  -15.0000    0.000015946.1943   23.5622
    7.5000  -15.0000    0.000015507.2090   23.6059
   -7.5000   -7.5000    0.000016142.4082   23.4987
    0.0000   -7.5000    0.000016723.5801   23.4946
    7.5000   -7.5000    0.000016231.3906   23.5426
   -7.5000    0.0000    0.000016593.5703   23.4421
    0.0000    0.0000    0.000017168.4844   23.4357
    7.5000    0.0000    0.000016645.5723   23.4848
   -7.5000    7.5000    0.000015756.6221   23.4689
    0.0000    7.5000    0.000016283.6699   23.4589
    7.5000    7.5000    0.000015733.2949   23.5041
   -7.5000   15.0000    0.000014730.3506   23.5452
    0.0000   15.0000    0.000015222.4580   23.5323
    7.5000   15.0000    0.000014681.5400   23.5718
   -7.5000   22.5000    0.000013588.6152   23.5786
    0.0000   22.5000    0.000014015.9580   23.5658
    7.5000   22.5000    0.000013522.2939   23.6048
   -7.5000   30.0000    0.000012323.5176   23.2649
    0.0000   30.0000    0.000012738.3564   23.2573
    7.5000   30.0000    0.000012253.6738   23.3004
   -7.5000   37.5000    0.000011497.8906   23.1946
    0.0000   37.5000    0.000011935.2344   23.1906
    7.5000   37.5000    0.000011465.0234   23.2379
   -7.5000   45.0000    0.000010276.7695   22.5955
    0.0000   45.0000    0.000010672.5537   22.5894
    7.5000   45.0000    0.000010202.2266   22.6366
   -7.5000  -45.0000    7.500012118.9922   23.4846
    0.0000  -45.0000    7.500012719.4316   23.4697
    7.5000  -45.0000    7.500012297.3125   23.5194
   -7.5000  -37.5000    7.500012581.1455   23.5051
    0.0000  -37.5000    7.500013183.2188   23.4934
    7.5000  -37.5000    7.500012734.2246   23.5424
   -7.5000  -30.0000    7.500013477.9004   23.5742
    0.0000  -30.0000    7.500014110.6631   23.5654
    7.5000  -30.0000    7.500013628.4941   23.6112
   -7.5000  -22.5000    7.500014281.0684   23.6137
    0.0000  -22.5000    7.500014820.0723   23.6025
    7.5000  -22.5000    7.500014351.4473   23.6479
   -7.5000  -15.0000    7.500015043.7061   23.5983
    0.0000  -15.0000    7.500015525.9072   23.5842
    7.5000  -15.0000    7.500015032.8701   23.6303
   -7.5000   -7.5000    7.500015794.2988   23.5382
    0.0000   -7.5000    7.500016279.8799   23.5232
    7.5000   -7.5000    7.500015737.4033   23.5704
   -7.5000    0.0000    7.500016187.6084   23.4846
    0.0000    0.0000    7.500016579.2930   23.4697
    7.5000    0.0000    7.500016058.9590   23.5194
   -7.5000    7.5000    7.500015316.8516   23.5051
    0.0000    7.5000    7.500015667.7383   23.4934
    7.5000    7.5000    7.500015183.9551   23.5424
   -7.5000   15.0000    7.500014271.5400   23.5742
    0.0000   15.0000    7.500014630.9316   23.5654
    7.5000   15.0000    7.500014149.3438   23.6112
   -7.5000   22.5000    7.500013119.3721   23.6028
    0.0000   22.5000    7.500013459.1260   23.5917
    7.5000   22.5000    7.500012982.0654   23.6370
   -7.5000   30.0000    7.500011868.8281   23.2929
    0.0000   30.0000    7.500012214.2012   23.2790
    7.5000   30.0000    7.500011750.5117   23.3245
   -7.5000   37.5000    7.500011031.2275   23.2336
    0.0000   37.5000    7.500011392.3096   23.2188
    7.5000   37.5000    7.500010941.0088   23.2653
   -7.5000   45.0000    7.5000 9812.4092   22.6364
    0.0000   45.0000    7.500010142.5791   22.6221
    7.5000   45.0000    7.5000 9704.8936   22.6700
   -7.5000  -45.0000   15.000011521.4834   23.5265
    0.0000  -45.0000   15.000012129.3389   23.4975
    7.5000  -45.0000   15.000011706.8975   23.5501
   -7.5000  -37.5000   15.000011960.6777   23.5438
    0.0000  -37.5000   15.000012584.4678   23.5218
    7.5000  -37.5000   15.000012147.3643   23.5731
   -7.5000  -30.0000   15.000012804.3672   23.6076
    0.0000  -30.0000   15.000013410.3467   23.5921
    7.5000  -30.0000   15.000012964.8965   23.6417
   -7.5000  -22.5000   15.000013578.0342   23.6422
    0.0000  -22.5000   15.000014126.7656   23.6225
    7.5000  -22.5000   15.000013683.9180   23.6746
   -7.5000  -15.0000   15.000014394.0898   23.6295
    0.0000  -15.0000   15.000014976.9248   23.6013
    7.5000  -15.0000   15.000014468.1436   23.6536
   -7.5000   -7.5000   15.000015176.0088   23.5775
    0.0000   -7.5000   15.000015794.0332   23.5464
    7.5000   -7.5000   15.000015219.9502   23.5976
   -7.5000    0.0000   15.000015534.4287   23.5265
    0.0000    0.0000   15.000016083.7471   23.4975
    7.5000    0.0000   15.000015481.7305   23.5501
   -7.5000    7.5000   15.000014630.7441   23.5438
    0.0000    7.5000   15.000015082.1904   23.5218
    7.5000    7.5000   15.000014524.4775   23.5731
   -7.5000   15.0000   15.000013580.8555   23.6076
    0.0000   15.0000   15.000013974.7559   23.5921
    7.5000   15.0000   15.000013470.2363   23.6417
   -7.5000   22.5000   15.000012451.6230   23.6313
    0.0000   22.5000   15.000012814.7666   23.6116
    7.5000   22.5000   15.000012367.3838   23.6637
   -7.5000   30.0000   15.000011256.6533   23.3237
    0.0000   30.0000   15.000011612.4775   23.2959
    7.5000   30.0000   15.000011198.6504   23.3475
   -7.5000   37.5000   15.000010438.9482   23.2724
    0.0000   37.5000   15.000010803.5479   23.2417
    7.5000   37.5000   15.000010409.3896   23.2923
   -7.5000   45.0000   15.0000 9272.6455   22.6768
    0.0000   45.0000   15.0000 9593.4561   22.6489
    7.5000   45.0000   15.0000 9218.0029   22.6996
   -7.5000  -45.0000   22.500010862.1611   23.5763
    0.0000  -45.0000   22.500011444.1611   23.5441
    7.5000  -45.0000   22.500011037.1650   23.6003
   -7.5000  -37.5000   22.500011297.9795   23.5965
    0.0000  -37.5000   22.500011883.9053   23.5668
    7.5000  -37.5000   22.500011457.0107   23.6159
   -7.5000  -30.0000   22.500012100.7803   23.6618
    0.0000  -30.0000   22.500012701.6133   23.6356
    7.5000  -30.0000   22.500012255.8984   23.6819
   -7.5000  -22.5000   22.500012869.3379   23.6964
    0.0000  -22.5000   22.500013446.4521   23.6674
    7.5000  -22.5000   22.500012994.4307   23.7202
   -7.5000  -15.0000   22.500013625.7891   23.6829
    0.0000  -15.0000   22.500014229.2910   23.6494
    7.5000  -15.0000   22.500013746.2725   23.7078
   -7.5000   -7.5000   22.500014331.0254   23.6279
    0.0000   -7.5000   22.500014962.5449   23.5946
    7.5000   -7.5000   22.500014434.4893   23.6538
   -7.5000    0.0000   22.500014645.3018   23.5763
    0.0000    0.0000   22.500015299.2217   23.5441
    7.5000    0.0000   22.500014708.4287   23.6003
   -7.5000    7.5000   22.500013762.7793   23.5965
    0.0000    7.5000   22.500014325.9580   23.5668
    7.5000    7.5000   22.500013779.5625   23.6159
   -7.5000   15.0000   22.500012777.8193   23.6618
    0.0000   15.0000   22.500013241.1338   23.6356
    7.5000   15.0000   22.500012761.1982   23.6819
   -7.5000   22.5000   22.500011719.2588   23.6855
    0.0000   22.5000   22.500012161.8496   23.6565
    7.5000   22.5000   22.500011741.4775   23.7093
   -7.5000   30.0000   22.500010571.3174   23.3764
    0.0000   30.0000   22.500010965.5205   23.3433
    7.5000   30.0000   22.500010582.0449   23.4009
   -7.5000   37.5000   22.5000 9817.0537   23.3221
    0.0000   37.5000   22.500010198.3936   23.2892
    7.5000   37.5000   22.5000 9804.6475   23.3476
   -7.5000   45.0000   22.5000 8695.3008   22.7248
    0.0000   45.0000   22.5000 9034.8096   22.6938
    7.5000   45.0000   22.5000 8650.5439   22.7480
   -7.5000  -45.0000   30.000010079.3945   23.6549
    0.0000  -45.0000   30.000010654.7637   23.6301
    7.5000  -45.0000   30.000010272.8857   23.6868
   -7.5000  -37.5000   30.000010476.1084   23.6822
    0.0000  -37.5000   30.000011088.5186   23.6523
    7.5000  -37.5000   30.000010670.6660   23.6970
   -7.5000  -30.0000   30.000011241.9189   23.7542
    0.0000  -30.0000   30.000011867.6445   23.7222
    7.5000  -30.0000   30.000011430.0840   23.7610
   -7.5000  -22.5000   30.000011957.6436   23.7924
    0.0000  -22.5000   30.000012577.5430   23.7606
    7.5000  -22.5000   30.000012124.3936   23.8071
   -7.5000  -15.0000   30.000012630.5459   23.7738
    0.0000  -15.0000   30.000013283.8203   23.7462
    7.5000  -15.0000   30.000012799.4023   23.8043
   -7.5000   -7.5000   30.000013295.9619   23.7082
    0.0000   -7.5000   30.000013928.8574   23.6854
    7.5000   -7.5000   30.000013438.5859   23.7479
   -7.5000    0.0000   30.000013572.9014   23.6549
    0.0000    0.0000   30.000014191.0098   23.6301
    7.5000    0.0000   30.000013682.0879   23.6868
   -7.5000    7.5000   30.000012762.8887   23.6822
    0.0000    7.5000   30.000013299.0693   23.6523
    7.5000    7.5000   30.000012826.3506   23.6970
   -7.5000   15.0000   30.000011856.6387   23.7542
    0.0000   15.0000   30.000012327.0166   23.7222
    7.5000   15.0000   30.000011906.9434   23.7610
   -7.5000   22.5000   30.000010897.6250   23.7814
    0.0000   22.5000   30.000011352.0771   23.7496
    7.5000   22.5000   30.000010932.7139   23.7961
   -7.5000   30.0000   30.0000 9823.0303   23.4662
    0.0000   30.0000   30.000010238.8564   23.4389
    7.5000   30.0000   30.0000 9844.2998   23.4962
   -7.5000   37.5000   30.0000 9121.9072   23.4014
    0.0000   37.5000   30.0000 9514.2803   23.3789
    7.5000   37.5000   30.0000 9138.4541   23.4405
   -7.5000   45.0000   30.0000 8074.9751   22.8006
    0.0000   45.0000   30.0000 8404.7529   22.7767
    7.5000   45.0000   30.0000 8066.7368   22.8314
   -7.5000  -45.0000   37.5000 9679.2354   23.9653
    0.0000  -45.0000   37.500010240.9707   23.9526
    7.5000  -45.0000   37.5000 9889.6689   24.0055
   -7.5000  -37.5000   37.500010066.1562   23.9980
    0.0000  -37.5000   37.500010660.3623   23.9772
    7.5000  -37.5000   37.500010282.8623   24.0204
   -7.5000  -30.0000   37.500010780.5605   24.0771
    0.0000  -30.0000   37.500011388.2441   24.0516
    7.5000  -30.0000   37.500010994.7451   24.0873
   -7.5000  -22.5000   37.500011473.6025   24.1193
    0.0000  -22.5000   37.500012090.4961   24.0955
    7.5000  -22.5000   37.500011682.9541   24.1351
   -7.5000  -15.0000   37.500012118.5381   24.0959
    0.0000  -15.0000   37.500012751.9453   24.0807
    7.5000  -15.0000   37.500012316.3154   24.1309
   -7.5000   -7.5000   37.500012712.9814   24.0209
    0.0000   -7.5000   37.500013357.2949   24.0119
    7.5000   -7.5000   37.500012904.6377   24.0681
   -7.5000    0.0000   37.500012995.0850   23.9653
    0.0000    0.0000   37.500013615.9375   23.9526
    7.5000    0.0000   37.500013139.3506   24.0055
   -7.5000    7.5000   37.500012253.0889   23.9980
    0.0000    7.5000   37.500012798.2910   23.9772
    7.5000    7.5000   37.500012361.9316   24.0204
   -7.5000   15.0000   37.500011408.3740   24.0771
    0.0000   15.0000   37.500011900.1680   24.0516
    7.5000   15.0000   37.500011499.0977   24.0873
   -7.5000   22.5000   37.500010479.0664   24.1082
    0.0000   22.5000   37.500010952.6426   24.0844
    7.5000   22.5000   37.500010569.5986   24.1240
   -7.5000   30.0000   37.5000 9452.3994   23.7840
    0.0000   30.0000   37.5000 9880.5547   23.7690
    7.5000   30.0000   37.5000 9519.3818   23.8186
   -7.5000   37.5000   37.5000 8791.7441   23.7100
    0.0000   37.5000   37.5000 9174.7471   23.7012
    7.5000   37.5000   37.5000 8819.5928   23.7566
   -7.5000   45.0000   37.5000 7768.9316   23.0998
    0.0000   45.0000   37.5000 8106.9028   23.0875
    7.5000   45.0000   37.5000 7787.4282   23.1385
   -7.5000  -45.0000   45.0000 8874.9590   24.3363
    0.0000  -45.0000   45.0000 9385.0205   24.3309
    7.5000  -45.0000   45.0000 9067.2998   24.3795
   -7.5000  -37.5000   45.0000 9233.9863   24.3688
    0.0000  -37.5000   45.0000 9765.9766   24.3603
    7.5000  -37.5000   45.0000 9429.7490   24.4056
   -7.5000  -30.0000   45.0000 9875.7764   24.4503
    0.0000  -30.0000   45.000010429.2100   24.4394
    7.5000  -30.0000   45.000010083.1973   24.4797
   -7.5000  -22.5000   45.000010511.4814   24.4935
    0.0000  -22.5000   45.000011092.3076   24.4826
    7.5000  -22.5000   45.000010694.2861   24.5229
   -7.5000  -15.0000   45.000011094.5957   24.4685
    0.0000  -15.0000   45.000011698.6182   24.4625
    7.5000  -15.0000   45.000011267.8857   24.5072
   -7.5000   -7.5000   45.000011664.0957   24.3926
    0.0000   -7.5000   45.000012280.4707   24.3898
    7.5000   -7.5000   45.000011843.7012   24.4378
   -7.5000    0.0000   45.000011934.8574   24.3363
    0.0000    0.0000   45.000012530.1445   24.3309
    7.5000    0.0000   45.000012084.3203   24.3795
   -7.5000    7.5000   45.000011284.6367   24.3688
    0.0000    7.5000   45.000011823.8438   24.3603
    7.5000    7.5000   45.000011406.0645   24.4056
   -7.5000   15.0000   45.000010517.7480   24.4503
    0.0000   15.0000   45.000011004.8350   24.4394
    7.5000   15.0000   45.000010609.0312   24.4797
   -7.5000   22.5000   45.0000 9636.2754   24.4821
    0.0000   22.5000   45.000010086.5195   24.4712
    7.5000   22.5000   45.0000 9705.3184   24.5115
   -7.5000   30.0000   45.0000 8692.4678   24.1497
    0.0000   30.0000   45.0000 9093.4531   24.1438
    7.5000   30.0000   45.0000 8749.0098   24.1879
   -7.5000   37.5000   45.0000 8097.9688   24.0749
    0.0000   37.5000   45.0000 8456.4883   24.0721
    7.5000   37.5000   45.0000 8115.8135   24.1194
   -7.5000   45.0000   45.0000 7161.2207   23.4680
    0.0000   45.0000   45.0000 7480.4136   23.4628
    7.5000   45.0000   45.0000 7180.3130   23.5097

---------------------------------------------------------------------
imgreg_4dfp /opt/freesurfer/average/711-2C_as_mni_average_305 /opt/freesurfer/average/711-2B_as_mni_average_305_mask talsrcimg_g11 none talsrcimg_to_711-2C_as_mni_average_305_t4 4355
---------------------------------------------------------------------

freesurfer imgreg_4dfp.c
/opt/freesurfer/average/711-2C_as_mni_average_305.4dfp.img
       256       256       256         1
  1.000000  1.000000  1.000000
orientation T byte_order littleendian
Reading image: /opt/freesurfer/average/711-2C_as_mni_average_305.4dfp.img
dimensions:      256       256       256
mmppix:       1.0000   -1.0000   -1.0000
center:     128.0000 -129.0000 -129.0000
/opt/freesurfer/average/711-2B_as_mni_average_305_mask.4dfp.img
       256       256       256         1
  1.000000  1.000000  1.000000
orientation T byte_order littleendian
Reading mask: /opt/freesurfer/average/711-2B_as_mni_average_305_mask.4dfp.img (2306576 pixels)
talsrcimg_g11.4dfp.img
       256       256       256         1
  1.000000  1.000000  1.000000
orientation T byte_order littleendian
Reading image: talsrcimg_g11.4dfp.img
dimensions:      256       256       256
mmppix:       1.0000   -1.0000   -1.0000
center:     128.0000 -129.0000 -129.0000
rotation matrix determinant  1.000000
image alignment mode   4355 decimal     1103 hex
   -7.5000  -45.0000  -45.0000 2140.8682   20.9358
    0.0000  -45.0000  -45.0000 2167.0894   20.6942
    7.5000  -45.0000  -45.0000 2171.7131   20.7439
   -7.5000  -37.5000  -45.0000 2203.0635   19.6460
    0.0000  -37.5000  -45.0000 2227.8103   19.4314
    7.5000  -37.5000  -45.0000 2233.0881   19.5087
   -7.5000  -30.0000  -45.0000 2242.1035   18.7783
    0.0000  -30.0000  -45.0000 2269.5396   18.5362
    7.5000  -30.0000  -45.0000 2279.5405   18.5601
   -7.5000  -22.5000  -45.0000 2266.3818   18.2700
    0.0000  -22.5000  -45.0000 2300.1470   17.9540
    7.5000  -22.5000  -45.0000 2306.0349   17.9839
   -7.5000  -15.0000  -45.0000 2271.9436   18.1641
    0.0000  -15.0000  -45.0000 2308.1858   17.7932
    7.5000  -15.0000  -45.0000 2311.1157   17.8172
   -7.5000   -7.5000  -45.0000 2262.5852   18.3408
    0.0000   -7.5000  -45.0000 2300.0417   17.9907
    7.5000   -7.5000  -45.0000 2303.7195   17.9829
   -7.5000    0.0000  -45.0000 2229.8774   18.8746
    0.0000    0.0000  -45.0000 2264.9814   18.5179
    7.5000    0.0000  -45.0000 2271.9585   18.5165
   -7.5000    7.5000  -45.0000 2175.6313   19.7182
    0.0000    7.5000  -45.0000 2212.8372   19.3381
    7.5000    7.5000  -45.0000 2219.5413   19.3518
   -7.5000   15.0000  -45.0000 2098.5051   20.9976
    0.0000   15.0000  -45.0000 2135.3474   20.6197
    7.5000   15.0000  -45.0000 2142.5308   20.6407
   -7.5000   22.5000  -45.0000 2007.4800   22.8905
    0.0000   22.5000  -45.0000 2046.0723   22.4181
    7.5000   22.5000  -45.0000 2047.7056   22.4735
   -7.5000   30.0000  -45.0000 1899.4077   25.5280
    0.0000   30.0000  -45.0000 1928.0818   25.0053
    7.5000   30.0000  -45.0000 1931.0183   25.0181
   -7.5000   37.5000  -45.0000 1783.6066   29.0302
    0.0000   37.5000  -45.0000 1814.8669   28.4718
    7.5000   37.5000  -45.0000 1809.9417   28.4672
   -7.5000   45.0000  -45.0000 1667.5094   33.7480
    0.0000   45.0000  -45.0000 1687.9418   33.2493
    7.5000   45.0000  -45.0000 1685.5060   33.2267
   -7.5000  -45.0000  -37.5000 2223.4880   19.3555
    0.0000  -45.0000  -37.5000 2254.4482   19.1067
    7.5000  -45.0000  -37.5000 2269.7278   19.1836
   -7.5000  -37.5000  -37.5000 2288.5349   18.1681
    0.0000  -37.5000  -37.5000 2321.9163   17.9339
    7.5000  -37.5000  -37.5000 2334.6475   17.9731
   -7.5000  -30.0000  -37.5000 2336.5295   17.3990
    0.0000  -30.0000  -37.5000 2364.1826   17.1824
    7.5000  -30.0000  -37.5000 2376.4912   17.2245
   -7.5000  -22.5000  -37.5000 2361.2786   16.9298
    0.0000  -22.5000  -37.5000 2398.7842   16.7009
    7.5000  -22.5000  -37.5000 2405.4016   16.7379
   -7.5000  -15.0000  -37.5000 2368.3713   16.8725
    0.0000  -15.0000  -37.5000 2409.8843   16.5842
    7.5000  -15.0000  -37.5000 2412.4353   16.6221
   -7.5000   -7.5000  -37.5000 2356.3467   17.0619
    0.0000   -7.5000  -37.5000 2397.8542   16.7378
    7.5000   -7.5000  -37.5000 2404.0183   16.7482
   -7.5000    0.0000  -37.5000 2324.8120   17.5358
    0.0000    0.0000  -37.5000 2362.7615   17.2228
    7.5000    0.0000  -37.5000 2370.3245   17.2312
   -7.5000    7.5000  -37.5000 2269.0713   18.3129
    0.0000    7.5000  -37.5000 2312.1804   17.9958
    7.5000    7.5000  -37.5000 2315.6379   18.0259
   -7.5000   15.0000  -37.5000 2185.1584   19.5057
    0.0000   15.0000  -37.5000 2226.4988   19.1480
    7.5000   15.0000  -37.5000 2228.8608   19.1874
   -7.5000   22.5000  -37.5000 2086.9807   21.2203
    0.0000   22.5000  -37.5000 2123.0823   20.8354
    7.5000   22.5000  -37.5000 2124.7439   20.8391
   -7.5000   30.0000  -37.5000 1975.8187   23.5583
    0.0000   30.0000  -37.5000 1997.3190   23.0734
    7.5000   30.0000  -37.5000 2002.8984   23.1159
   -7.5000   37.5000  -37.5000 1855.3560   26.7643
    0.0000   37.5000  -37.5000 1881.5366   26.2393
    7.5000   37.5000  -37.5000 1880.1729   26.2407
   -7.5000   45.0000  -37.5000 1728.5112   31.0307
    0.0000   45.0000  -37.5000 1755.0403   30.5550
    7.5000   45.0000  -37.5000 1750.9301   30.6300
   -7.5000  -45.0000  -30.0000 2349.4512   18.6577
    0.0000  -45.0000  -30.0000 2387.2556   18.3787
    7.5000  -45.0000  -30.0000 2394.7148   18.4643
   -7.5000  -37.5000  -30.0000 2421.0442   17.5038
    0.0000  -37.5000  -30.0000 2460.5476   17.2433
    7.5000  -37.5000  -30.0000 2464.1487   17.2710
   -7.5000  -30.0000  -30.0000 2474.9026   16.7527
    0.0000  -30.0000  -30.0000 2509.8140   16.4955
    7.5000  -30.0000  -30.0000 2516.5061   16.5294
   -7.5000  -22.5000  -30.0000 2509.0000   16.3045
    0.0000  -22.5000  -30.0000 2548.6521   16.0350
    7.5000  -22.5000  -30.0000 2552.9080   16.0740
   -7.5000  -15.0000  -30.0000 2509.9722   16.2565
    0.0000  -15.0000  -30.0000 2556.7263   15.9995
    7.5000  -15.0000  -30.0000 2559.6501   16.0171
   -7.5000   -7.5000  -30.0000 2498.9602   16.4974
    0.0000   -7.5000  -30.0000 2546.1497   16.2042
    7.5000   -7.5000  -30.0000 2551.2864   16.2222
   -7.5000    0.0000  -30.0000 2465.0564   16.9544
    0.0000    0.0000  -30.0000 2509.1448   16.6584
    7.5000    0.0000  -30.0000 2513.5559   16.6988
   -7.5000    7.5000  -30.0000 2406.0264   17.7032
    0.0000    7.5000  -30.0000 2452.6604   17.3954
    7.5000    7.5000  -30.0000 2453.3865   17.4294
   -7.5000   15.0000  -30.0000 2318.8818   18.8275
    0.0000   15.0000  -30.0000 2363.7190   18.4733
    7.5000   15.0000  -30.0000 2358.5796   18.5220
   -7.5000   22.5000  -30.0000 2208.8997   20.4514
    0.0000   22.5000  -30.0000 2249.0515   20.0644
    7.5000   22.5000  -30.0000 2246.3179   20.0773
   -7.5000   30.0000  -30.0000 2085.0308   22.7215
    0.0000   30.0000  -30.0000 2113.0059   22.2742
    7.5000   30.0000  -30.0000 2108.6333   22.2804
   -7.5000   37.5000  -30.0000 1957.0459   25.7055
    0.0000   37.5000  -30.0000 1981.6575   25.2076
    7.5000   37.5000  -30.0000 1976.8042   25.2231
   -7.5000   45.0000  -30.0000 1820.5403   29.7343
    0.0000   45.0000  -30.0000 1849.0072   29.1962
    7.5000   45.0000  -30.0000 1842.0547   29.2444
   -7.5000  -45.0000  -22.5000 2444.9705   17.8626
    0.0000  -45.0000  -22.5000 2483.9834   17.5266
    7.5000  -45.0000  -22.5000 2487.1848   17.5576
   -7.5000  -37.5000  -22.5000 2526.2061   16.7194
    0.0000  -37.5000  -22.5000 2564.2278   16.4318
    7.5000  -37.5000  -22.5000 2563.3940   16.4471
   -7.5000  -30.0000  -22.5000 2588.9648   16.0033
    0.0000  -30.0000  -22.5000 2626.8376   15.6872
    7.5000  -30.0000  -22.5000 2625.2725   15.7114
   -7.5000  -22.5000  -22.5000 2625.3337   15.5926
    0.0000  -22.5000  -22.5000 2670.7603   15.2682
    7.5000  -22.5000  -22.5000 2673.0310   15.2852
   -7.5000  -15.0000  -22.5000 2629.6052   15.5421
    0.0000  -15.0000  -22.5000 2686.7419   15.2867
    7.5000  -15.0000  -22.5000 2689.8096   15.2747
   -7.5000   -7.5000  -22.5000 2625.7031   15.8008
    0.0000   -7.5000  -22.5000 2678.1665   15.5420
    7.5000   -7.5000  -22.5000 2679.5710   15.5393
   -7.5000    0.0000  -22.5000 2585.1470   16.2954
    0.0000    0.0000  -22.5000 2638.5247   16.0236
    7.5000    0.0000  -22.5000 2636.1292   16.0302
   -7.5000    7.5000  -22.5000 2521.3323   17.0183
    0.0000    7.5000  -22.5000 2574.7183   16.7339
    7.5000    7.5000  -22.5000 2568.8269   16.7480
   -7.5000   15.0000  -22.5000 2424.8914   18.0642
    0.0000   15.0000  -22.5000 2475.2107   17.7420
    7.5000   15.0000  -22.5000 2470.2271   17.7743
   -7.5000   22.5000  -22.5000 2306.0393   19.5793
    0.0000   22.5000  -22.5000 2346.6445   19.2068
    7.5000   22.5000  -22.5000 2344.9375   19.2482
   -7.5000   30.0000  -22.5000 2169.1897   21.7771
    0.0000   30.0000  -22.5000 2204.2791   21.3347
    7.5000   30.0000  -22.5000 2201.4448   21.3695
   -7.5000   37.5000  -22.5000 2034.6023   24.6504
    0.0000   37.5000  -22.5000 2060.3960   24.1620
    7.5000   37.5000  -22.5000 2054.1790   24.1479
   -7.5000   45.0000  -22.5000 1888.0609   28.4497
    0.0000   45.0000  -22.5000 1913.1210   27.8627
    7.5000   45.0000  -22.5000 1903.9490   27.8506
   -7.5000  -45.0000  -15.0000 2508.8359   17.0852
    0.0000  -45.0000  -15.0000 2546.3567   16.6985
    7.5000  -45.0000  -15.0000 2550.5459   16.7470
   -7.5000  -37.5000  -15.0000 2600.4006   16.0030
    0.0000  -37.5000  -15.0000 2638.0591   15.6335
    7.5000  -37.5000  -15.0000 2640.0527   15.6768
   -7.5000  -30.0000  -15.0000 2673.1301   15.2980
    0.0000  -30.0000  -15.0000 2710.2764   14.9150
    7.5000  -30.0000  -15.0000 2710.1399   14.9516
   -7.5000  -22.5000  -15.0000 2716.6445   14.8786
    0.0000  -22.5000  -15.0000 2765.3655   14.4860
    7.5000  -22.5000  -15.0000 2769.7126   14.5497
   -7.5000  -15.0000  -15.0000 2727.0208   14.8596
    0.0000  -15.0000  -15.0000 2786.1843   14.5685
    7.5000  -15.0000  -15.0000 2786.7725   14.6014
   -7.5000   -7.5000  -15.0000 2718.1638   15.1428
    0.0000   -7.5000  -15.0000 2783.4858   14.8776
    7.5000   -7.5000  -15.0000 2780.3577   14.9122
   -7.5000    0.0000  -15.0000 2678.4163   15.6156
    0.0000    0.0000  -15.0000 2739.7351   15.3877
    7.5000    0.0000  -15.0000 2732.0781   15.4211
   -7.5000    7.5000  -15.0000 2606.5547   16.3325
    0.0000    7.5000  -15.0000 2662.1899   16.0756
    7.5000    7.5000  -15.0000 2652.0452   16.1115
   -7.5000   15.0000  -15.0000 2500.3933   17.3456
    0.0000   15.0000  -15.0000 2553.3521   17.0171
    7.5000   15.0000  -15.0000 2544.0957   17.0748
   -7.5000   22.5000  -15.0000 2373.7456   18.8254
    0.0000   22.5000  -15.0000 2414.0667   18.4563
    7.5000   22.5000  -15.0000 2412.8621   18.5038
   -7.5000   30.0000  -15.0000 2226.3696   20.9038
    0.0000   30.0000  -15.0000 2259.9072   20.4789
    7.5000   30.0000  -15.0000 2258.3027   20.5070
   -7.5000   37.5000  -15.0000 2077.2766   23.6265
    0.0000   37.5000  -15.0000 2106.3403   23.1827
    7.5000   37.5000  -15.0000 2107.2268   23.1622
   -7.5000   45.0000  -15.0000 1929.3418   27.2205
    0.0000   45.0000  -15.0000 1953.6570   26.6916
    7.5000   45.0000  -15.0000 1945.0619   26.6807
   -7.5000  -45.0000   -7.5000 2550.9617   16.4288
    0.0000  -45.0000   -7.5000 2588.9341   15.9551
    7.5000  -45.0000   -7.5000 2587.7073   16.0539
   -7.5000  -37.5000   -7.5000 2651.1892   15.3823
    0.0000  -37.5000   -7.5000 2687.4961   14.9124
    7.5000  -37.5000   -7.5000 2690.8401   15.0006
   -7.5000  -30.0000   -7.5000 2726.7771   14.7173
    0.0000  -30.0000   -7.5000 2768.9053   14.2664
    7.5000  -30.0000   -7.5000 2772.0161   14.3366
   -7.5000  -22.5000   -7.5000 2785.5471   14.3146
    0.0000  -22.5000   -7.5000 2839.9468   13.8562
    7.5000  -22.5000   -7.5000 2844.0525   13.9313
   -7.5000  -15.0000   -7.5000 2805.1809   14.2863
    0.0000  -15.0000   -7.5000 2865.9612   13.8889
    7.5000  -15.0000   -7.5000 2867.7490   13.9744
   -7.5000   -7.5000   -7.5000 2791.4236   14.5579
    0.0000   -7.5000   -7.5000 2860.9639   14.2434
    7.5000   -7.5000   -7.5000 2854.4475   14.3400
   -7.5000    0.0000   -7.5000 2743.2905   15.0436
    0.0000    0.0000   -7.5000 2804.4287   14.7666
    7.5000    0.0000   -7.5000 2797.3323   14.8727
   -7.5000    7.5000   -7.5000 2658.4089   15.7606
    0.0000    7.5000   -7.5000 2711.7698   15.4864
    7.5000    7.5000   -7.5000 2705.4622   15.5468
   -7.5000   15.0000   -7.5000 2541.8933   16.7746
    0.0000   15.0000   -7.5000 2590.1040   16.4639
    7.5000   15.0000   -7.5000 2587.1187   16.5016
   -7.5000   22.5000   -7.5000 2409.6724   18.2016
    0.0000   22.5000   -7.5000 2449.5076   17.8366
    7.5000   22.5000   -7.5000 2449.8506   17.8572
   -7.5000   30.0000   -7.5000 2259.9846   20.1617
    0.0000   30.0000   -7.5000 2297.1719   19.7731
    7.5000   30.0000   -7.5000 2295.7351   19.7993
   -7.5000   37.5000   -7.5000 2101.1587   22.7305
    0.0000   37.5000   -7.5000 2140.6455   22.3618
    7.5000   37.5000   -7.5000 2137.4485   22.3836
   -7.5000   45.0000   -7.5000 1947.5460   26.1159
    0.0000   45.0000   -7.5000 1977.9712   25.6943
    7.5000   45.0000   -7.5000 1974.2799   25.7552
   -7.5000  -45.0000    0.0000 2567.5444   16.0598
    0.0000  -45.0000    0.0000 2604.9558   15.5458
    7.5000  -45.0000    0.0000 2609.9922   15.6420
   -7.5000  -37.5000    0.0000 2671.2595   15.0244
    0.0000  -37.5000    0.0000 2714.6233   14.5075
    7.5000  -37.5000    0.0000 2719.6812   14.5988
   -7.5000  -30.0000    0.0000 2752.5417   14.3899
    0.0000  -30.0000    0.0000 2807.2649   13.8960
    7.5000  -30.0000    0.0000 2811.3635   13.9676
   -7.5000  -22.5000    0.0000 2818.3381   14.0316
    0.0000  -22.5000    0.0000 2887.2209   13.5238
    7.5000  -22.5000    0.0000 2890.2871   13.6024
   -7.5000  -15.0000    0.0000 2849.3486   13.9549
    0.0000  -15.0000    0.0000 2921.6711   13.4520
    7.5000  -15.0000    0.0000 2923.6228   13.5616
   -7.5000   -7.5000    0.0000 2832.4292   14.1992
    0.0000   -7.5000    0.0000 2907.0398   13.7833
    7.5000   -7.5000    0.0000 2902.1438   13.8951
   -7.5000    0.0000    0.0000 2769.5483   14.7128
    0.0000    0.0000    0.0000 2826.7090   14.3750
    7.5000    0.0000    0.0000 2827.9023   14.4428
   -7.5000    7.5000    0.0000 2675.5542   15.4687
    0.0000    7.5000    0.0000 2728.4863   15.1268
    7.5000    7.5000    0.0000 2724.3516   15.1590
   -7.5000   15.0000    0.0000 2559.9001   16.5057
    0.0000   15.0000    0.0000 2604.2622   16.1400
    7.5000   15.0000    0.0000 2600.7024   16.1662
   -7.5000   22.5000    0.0000 2419.8533   17.9425
    0.0000   22.5000    0.0000 2460.9285   17.5353
    7.5000   22.5000    0.0000 2459.7803   17.5730
   -7.5000   30.0000    0.0000 2271.3269   19.8599
    0.0000   30.0000    0.0000 2308.3943   19.4266
    7.5000   30.0000    0.0000 2305.2646   19.4660
   -7.5000   37.5000    0.0000 2111.7766   22.3817
    0.0000   37.5000    0.0000 2147.2900   21.9674
    7.5000   37.5000    0.0000 2145.5239   21.9776
   -7.5000   45.0000    0.0000 1954.7579   25.5940
    0.0000   45.0000    0.0000 1984.8916   25.1641
    7.5000   45.0000    0.0000 1981.1780   25.1759
   -7.5000  -45.0000    7.5000 2565.8354   15.9710
    0.0000  -45.0000    7.5000 2605.5139   15.5006
    7.5000  -45.0000    7.5000 2610.7812   15.5617
   -7.5000  -37.5000    7.5000 2670.0034   14.9258
    0.0000  -37.5000    7.5000 2723.6165   14.4311
    7.5000  -37.5000    7.5000 2725.5525   14.4960
   -7.5000  -30.0000    7.5000 2759.8259   14.2837
    0.0000  -30.0000    7.5000 2823.1182   13.7987
    7.5000  -30.0000    7.5000 2826.6577   13.8656
   -7.5000  -22.5000    7.5000 2826.8342   13.9529
    0.0000  -22.5000    7.5000 2902.3638   13.4642
    7.5000  -22.5000    7.5000 2905.2603   13.5240
   -7.5000  -15.0000    7.5000 2859.6074   13.9380
    0.0000  -15.0000    7.5000 2937.3008   13.4093
    7.5000  -15.0000    7.5000 2938.4023   13.4695
   -7.5000   -7.5000    7.5000 2844.6772   14.2275
    0.0000   -7.5000    7.5000 2922.4360   13.7077
    7.5000   -7.5000    7.5000 2917.4363   13.7739
   -7.5000    0.0000    7.5000 2775.4731   14.7168
    0.0000    0.0000    7.5000 2831.0032   14.2739
    7.5000    0.0000    7.5000 2831.8689   14.3038
   -7.5000    7.5000    7.5000 2676.8682   15.4403
    0.0000    7.5000    7.5000 2724.0229   15.0272
    7.5000    7.5000    7.5000 2723.5439   15.0326
   -7.5000   15.0000    7.5000 2549.6130   16.4849
    0.0000   15.0000    7.5000 2594.9763   16.1082
    7.5000   15.0000    7.5000 2592.4995   16.0772
   -7.5000   22.5000    7.5000 2411.0349   17.9323
    0.0000   22.5000    7.5000 2447.2983   17.5198
    7.5000   22.5000    7.5000 2445.7329   17.5086
   -7.5000   30.0000    7.5000 2263.4849   19.8357
    0.0000   30.0000    7.5000 2296.7185   19.3826
    7.5000   30.0000    7.5000 2291.8965   19.3725
   -7.5000   37.5000    7.5000 2106.3701   22.2753
    0.0000   37.5000    7.5000 2137.4050   21.8182
    7.5000   37.5000    7.5000 2132.2188   21.7899
   -7.5000   45.0000    7.5000 1950.5863   25.3792
    0.0000   45.0000    7.5000 1979.0070   24.9415
    7.5000   45.0000    7.5000 1969.2390   24.9071
   -7.5000  -45.0000   15.0000 2551.1008   16.1923
    0.0000  -45.0000   15.0000 2599.0291   15.7450
    7.5000  -45.0000   15.0000 2598.1133   15.7850
   -7.5000  -37.5000   15.0000 2651.9299   15.1029
    0.0000  -37.5000   15.0000 2710.1169   14.6445
    7.5000  -37.5000   15.0000 2713.4866   14.6854
   -7.5000  -30.0000   15.0000 2742.2366   14.4479
    0.0000  -30.0000   15.0000 2807.5215   13.9777
    7.5000  -30.0000   15.0000 2810.4680   14.0131
   -7.5000  -22.5000   15.0000 2806.8386   14.1253
    0.0000  -22.5000   15.0000 2880.5225   13.5894
    7.5000  -22.5000   15.0000 2880.9524   13.6750
   -7.5000  -15.0000   15.0000 2837.0256   14.1433
    0.0000  -15.0000   15.0000 2907.6526   13.6452
    7.5000  -15.0000   15.0000 2908.7808   13.6915
   -7.5000   -7.5000   15.0000 2815.0608   14.4613
    0.0000   -7.5000   15.0000 2884.1902   13.9972
    7.5000   -7.5000   15.0000 2883.2024   14.0148
   -7.5000    0.0000   15.0000 2740.3945   14.9457
    0.0000    0.0000   15.0000 2795.9875   14.5003
    7.5000    0.0000   15.0000 2794.9016   14.4943
   -7.5000    7.5000   15.0000 2642.5100   15.6538
    0.0000    7.5000   15.0000 2691.7756   15.2019
    7.5000    7.5000   15.0000 2688.6658   15.1656
   -7.5000   15.0000   15.0000 2521.1111   16.6879
    0.0000   15.0000   15.0000 2569.9414   16.2306
    7.5000   15.0000   15.0000 2564.1929   16.1821
   -7.5000   22.5000   15.0000 2381.3428   18.1330
    0.0000   22.5000   15.0000 2421.6306   17.6774
    7.5000   22.5000   15.0000 2423.2717   17.6561
   -7.5000   30.0000   15.0000 2239.5237   19.9895
    0.0000   30.0000   15.0000 2272.5740   19.5343
    7.5000   30.0000   15.0000 2270.2710   19.5165
   -7.5000   37.5000   15.0000 2084.9749   22.4163
    0.0000   37.5000   15.0000 2111.2698   21.9395
    7.5000   37.5000   15.0000 2110.0530   21.9306
   -7.5000   45.0000   15.0000 1929.6399   25.4651
    0.0000   45.0000   15.0000 1951.8894   24.9848
    7.5000   45.0000   15.0000 1951.5740   24.9894
   -7.5000  -45.0000   22.5000 2526.8655   16.7023
    0.0000  -45.0000   22.5000 2577.3208   16.2603
    7.5000  -45.0000   22.5000 2575.2876   16.2987
   -7.5000  -37.5000   22.5000 2625.8472   15.6047
    0.0000  -37.5000   22.5000 2682.9238   15.1439
    7.5000  -37.5000   22.5000 2681.5972   15.1797
   -7.5000  -30.0000   22.5000 2708.8362   14.8927
    0.0000  -30.0000   22.5000 2771.3538   14.4813
    7.5000  -30.0000   22.5000 2771.6497   14.4799
   -7.5000  -22.5000   22.5000 2767.5286   14.5279
    0.0000  -22.5000   22.5000 2835.2224   14.0623
    7.5000  -22.5000   22.5000 2832.3250   14.1033
   -7.5000  -15.0000   22.5000 2787.0747   14.5509
    0.0000  -15.0000   22.5000 2848.0471   14.1148
    7.5000  -15.0000   22.5000 2850.4692   14.1390
   -7.5000   -7.5000   22.5000 2759.7561   14.8407
    0.0000   -7.5000   22.5000 2815.5884   14.4281
    7.5000   -7.5000   22.5000 2816.8723   14.4724
   -7.5000    0.0000   22.5000 2683.9812   15.3633
    0.0000    0.0000   22.5000 2736.8000   14.9471
    7.5000    0.0000   22.5000 2731.2141   14.9626
   -7.5000    7.5000   22.5000 2585.9329   16.0909
    0.0000    7.5000   22.5000 2632.9731   15.6676
    7.5000    7.5000   22.5000 2629.0369   15.6806
   -7.5000   15.0000   22.5000 2471.5042   17.1492
    0.0000   15.0000   22.5000 2511.6819   16.7205
    7.5000   15.0000   22.5000 2510.5310   16.7019
   -7.5000   22.5000   22.5000 2342.0862   18.5788
    0.0000   22.5000   22.5000 2380.4297   18.1484
    7.5000   22.5000   22.5000 2382.7542   18.1508
   -7.5000   30.0000   22.5000 2198.4670   20.4390
    0.0000   30.0000   22.5000 2229.4282   20.0120
    7.5000   30.0000   22.5000 2228.3335   20.0320
   -7.5000   37.5000   22.5000 2046.5881   22.8187
    0.0000   37.5000   22.5000 2076.1362   22.3523
    7.5000   37.5000   22.5000 2069.6655   22.3091
   -7.5000   45.0000   22.5000 1897.5334   25.8203
    0.0000   45.0000   22.5000 1924.8881   25.3308
    7.5000   45.0000   22.5000 1921.3981   25.3215
   -7.5000  -45.0000   30.0000 2487.3699   17.4297
    0.0000  -45.0000   30.0000 2534.9868   17.0713
    7.5000  -45.0000   30.0000 2534.1387   17.0729
   -7.5000  -37.5000   30.0000 2577.4253   16.2880
    0.0000  -37.5000   30.0000 2631.8479   15.9395
    7.5000  -37.5000   30.0000 2628.1533   15.9528
   -7.5000  -30.0000   30.0000 2656.2278   15.5709
    0.0000  -30.0000   30.0000 2718.5078   15.1953
    7.5000  -30.0000   30.0000 2711.6511   15.1857
   -7.5000  -22.5000   30.0000 2708.9158   15.1668
    0.0000  -22.5000   30.0000 2767.6719   14.7922
    7.5000  -22.5000   30.0000 2765.3801   14.7877
   -7.5000  -15.0000   30.0000 2714.2742   15.1837
    0.0000  -15.0000   30.0000 2768.7366   14.8087
    7.5000  -15.0000   30.0000 2769.6707   14.8191
   -7.5000   -7.5000   30.0000 2682.6194   15.4850
    0.0000   -7.5000   30.0000 2726.6765   15.1136
    7.5000   -7.5000   30.0000 2729.7126   15.1375
   -7.5000    0.0000   30.0000 2606.5493   16.0168
    0.0000    0.0000   30.0000 2650.8943   15.6280
    7.5000    0.0000   30.0000 2651.1050   15.6597
   -7.5000    7.5000   30.0000 2514.8657   16.7631
    0.0000    7.5000   30.0000 2550.8621   16.3804
    7.5000    7.5000   30.0000 2552.6262   16.4006
   -7.5000   15.0000   30.0000 2408.6121   17.8576
    0.0000   15.0000   30.0000 2439.7607   17.4321
    7.5000   15.0000   30.0000 2444.0269   17.4453
   -7.5000   22.5000   30.0000 2288.9160   19.3145
    0.0000   22.5000   30.0000 2321.7422   18.8961
    7.5000   22.5000   30.0000 2323.5054   18.8422
   -7.5000   30.0000   30.0000 2144.9526   21.1814
    0.0000   30.0000   30.0000 2173.9072   20.7648
    7.5000   30.0000   30.0000 2175.7380   20.7148
   -7.5000   37.5000   30.0000 2002.2384   23.5187
    0.0000   37.5000   30.0000 2028.6521   23.1018
    7.5000   37.5000   30.0000 2027.0459   23.0739
   -7.5000   45.0000   30.0000 1856.5487   26.5516
    0.0000   45.0000   30.0000 1878.6633   26.0668
    7.5000   45.0000   30.0000 1877.4713   26.0845
   -7.5000  -45.0000   37.5000 2436.0347   18.4577
    0.0000  -45.0000   37.5000 2476.5505   18.1222
    7.5000  -45.0000   37.5000 2480.5981   18.1312
   -7.5000  -37.5000   37.5000 2519.7866   17.2853
    0.0000  -37.5000   37.5000 2569.3552   16.9464
    7.5000  -37.5000   37.5000 2567.1367   16.9375
   -7.5000  -30.0000   37.5000 2588.6860   16.4841
    0.0000  -30.0000   37.5000 2639.2209   16.1521
    7.5000  -30.0000   37.5000 2639.4624   16.1445
   -7.5000  -22.5000   37.5000 2638.4907   16.0189
    0.0000  -22.5000   37.5000 2685.5540   15.6841
    7.5000  -22.5000   37.5000 2688.9458   15.6766
   -7.5000  -15.0000   37.5000 2635.9075   15.9866
    0.0000  -15.0000   37.5000 2681.0234   15.6409
    7.5000  -15.0000   37.5000 2686.7908   15.6291
   -7.5000   -7.5000   37.5000 2594.2590   16.2794
    0.0000   -7.5000   37.5000 2634.3867   15.9421
    7.5000   -7.5000   37.5000 2637.5371   15.9407
   -7.5000    0.0000   37.5000 2525.3870   16.8579
    0.0000    0.0000   37.5000 2556.4390   16.5124
    7.5000    0.0000   37.5000 2557.0833   16.5224
   -7.5000    7.5000   37.5000 2439.2947   17.6932
    0.0000    7.5000   37.5000 2465.1863   17.3022
    7.5000    7.5000   37.5000 2468.6853   17.3031
   -7.5000   15.0000   37.5000 2338.8748   18.7580
    0.0000   15.0000   37.5000 2361.8716   18.3768
    7.5000   15.0000   37.5000 2369.5085   18.3879
   -7.5000   22.5000   37.5000 2222.7468   20.2429
    0.0000   22.5000   37.5000 2251.4570   19.8736
    7.5000   22.5000   37.5000 2256.7781   19.8414
   -7.5000   30.0000   37.5000 2088.3176   22.2103
    0.0000   30.0000   37.5000 2116.3235   21.7545
    7.5000   30.0000   37.5000 2117.1045   21.7021
   -7.5000   37.5000   37.5000 1949.2333   24.6131
    0.0000   37.5000   37.5000 1975.2362   24.1442
    7.5000   37.5000   37.5000 1974.2366   24.1122
   -7.5000   45.0000   37.5000 1808.3348   27.7681
    0.0000   45.0000   37.5000 1829.9363   27.2212
    7.5000   45.0000   37.5000 1829.5037   27.1943
   -7.5000  -45.0000   45.0000 2370.8784   19.7596
    0.0000  -45.0000   45.0000 2405.8105   19.4382
    7.5000  -45.0000   45.0000 2409.9126   19.4279
   -7.5000  -37.5000   45.0000 2453.2170   18.4833
    0.0000  -37.5000   45.0000 2491.0125   18.1863
    7.5000  -37.5000   45.0000 2493.0781   18.1734
   -7.5000  -30.0000   45.0000 2509.4717   17.6393
    0.0000  -30.0000   45.0000 2545.9646   17.3475
    7.5000  -30.0000   45.0000 2548.9758   17.3261
   -7.5000  -22.5000   45.0000 2549.2415   17.1105
    0.0000  -22.5000   45.0000 2587.5911   16.8041
    7.5000  -22.5000   45.0000 2586.6375   16.7734
   -7.5000  -15.0000   45.0000 2543.7871   17.0326
    0.0000  -15.0000   45.0000 2583.2075   16.6948
    7.5000  -15.0000   45.0000 2581.8340   16.6561
   -7.5000   -7.5000   45.0000 2506.3267   17.3052
    0.0000   -7.5000   45.0000 2540.1709   16.9687
    7.5000   -7.5000   45.0000 2540.4229   16.9628
   -7.5000    0.0000   45.0000 2437.9585   17.9232
    0.0000    0.0000   45.0000 2465.7034   17.5795
    7.5000    0.0000   45.0000 2463.1152   17.5826
   -7.5000    7.5000   45.0000 2359.4941   18.8146
    0.0000    7.5000   45.0000 2382.8962   18.4377
    7.5000    7.5000   45.0000 2380.9744   18.4536
   -7.5000   15.0000   45.0000 2265.1860   19.9439
    0.0000   15.0000   45.0000 2286.7271   19.5700
    7.5000   15.0000   45.0000 2287.9238   19.5648
   -7.5000   22.5000   45.0000 2146.8882   21.4622
    0.0000   22.5000   45.0000 2173.3772   21.0912
    7.5000   22.5000   45.0000 2173.5388   21.0731
   -7.5000   30.0000   45.0000 2020.8047   23.4985
    0.0000   30.0000   45.0000 2043.1929   23.0574
    7.5000   30.0000   45.0000 2045.5474   22.9969
   -7.5000   37.5000   45.0000 1893.8082   26.0668
    0.0000   37.5000   45.0000 1910.7112   25.5628
    7.5000   37.5000   45.0000 1907.4473   25.4690
   -7.5000   45.0000   45.0000 1757.5730   29.4018
    0.0000   45.0000   45.0000 1772.8732   28.8747
    7.5000   45.0000   45.0000 1768.7198   28.7624

---------------------------------------------------------------------
imgreg_4dfp /opt/freesurfer/average/711-2C_as_mni_average_305 /opt/freesurfer/average/711-2B_as_mni_average_305_mask talsrcimg_g11 none talsrcimg_to_711-2C_as_mni_average_305_t4 1283
---------------------------------------------------------------------

freesurfer imgreg_4dfp.c
/opt/freesurfer/average/711-2C_as_mni_average_305.4dfp.img
       256       256       256         1
  1.000000  1.000000  1.000000
orientation T byte_order littleendian
Reading image: /opt/freesurfer/average/711-2C_as_mni_average_305.4dfp.img
dimensions:      256       256       256
mmppix:       1.0000   -1.0000   -1.0000
center:     128.0000 -129.0000 -129.0000
/opt/freesurfer/average/711-2B_as_mni_average_305_mask.4dfp.img
       256       256       256         1
  1.000000  1.000000  1.000000
orientation T byte_order littleendian
Reading mask: /opt/freesurfer/average/711-2B_as_mni_average_305_mask.4dfp.img (2306576 pixels)
talsrcimg_g11.4dfp.img
       256       256       256         1
  1.000000  1.000000  1.000000
orientation T byte_order littleendian
Reading image: talsrcimg_g11.4dfp.img
dimensions:      256       256       256
mmppix:       1.0000   -1.0000   -1.0000
center:     128.0000 -129.0000 -129.0000
rotation matrix determinant  1.000000
fimgreg.f
image alignment mode   1283 decimal      503 hex
parameters
    7.5000  -15.0000    7.5000    0.0000    0.0000    0.0000
eta,q 0.92260 13.44709
niter,ni,del,rscale     5    3   12.0000    1.2000
parameter  1  0.505613 ->  0.500000 qaram    1.1500
parameter  4  0.706580 ->  0.500000 qaram    1.1500
parameter  5 -0.590239 -> -0.500000 qaram    1.1500
parameters
    4.0500  -14.0664    6.2880   -3.4500    3.4500    0.4671
eta,q 0.93041 13.44013
  0.0744  0.0835  0.0766  0.0728  0.0790  0.0747
  0.0729  0.0798  0.0754  0.0714  0.0757  0.0724
  0.0730  0.0756  0.0741  0.0717  0.0728  0.0706
  0.0742  0.0733  0.0727  0.0734  0.0712  0.0697
  0.0799  0.0726  0.0745  0.0762  0.0698  0.0698
  0.0899  0.0747  0.0781  0.0788  0.0697  0.0713
  0.1000  0.0797  0.0824  0.0807  0.0705  0.0736
niter,ni,del,rscale     7    3   12.0000    1.2000
parameters
    2.6866  -12.7099    5.3208   -5.3842    4.2124    0.7262
eta,q 0.93178 13.34992
  0.0778  0.0810  0.0714  0.0709  0.0765  0.0725
  0.0723  0.0766  0.0701  0.0696  0.0730  0.0708
  0.0695  0.0728  0.0688  0.0686  0.0701  0.0692
  0.0696  0.0692  0.0682  0.0684  0.0685  0.0682
  0.0719  0.0683  0.0689  0.0703  0.0686  0.0686
  0.0789  0.0706  0.0714  0.0736  0.0708  0.0702
  0.0915  0.0747  0.0759  0.0768  0.0739  0.0721
niter,ni,del,rscale     6    3   12.0000    1.2000
parameters
    2.2299  -11.9378    4.7872   -6.7978    4.2757    0.7670
eta,q 0.93156 13.34618
  0.0808  0.0800  0.0717  0.0702  0.0760  0.0715
  0.0740  0.0743  0.0693  0.0692  0.0720  0.0704
  0.0698  0.0705  0.0684  0.0687  0.0692  0.0693
  0.0682  0.0681  0.0679  0.0680  0.0684  0.0684
  0.0703  0.0686  0.0684  0.0685  0.0694  0.0687
  0.0749  0.0714  0.0704  0.0710  0.0723  0.0702
  0.0862  0.0752  0.0737  0.0746  0.0753  0.0717
niter,ni,del,rscale     5    3   12.0000    1.2000
parameters
    2.1386  -11.3019    4.1998   -8.5289    4.4943    0.4973
eta,q 0.93161 13.37258
  0.0828  0.0785  0.0722  0.0695  0.0757  0.0711
  0.0753  0.0727  0.0695  0.0683  0.0719  0.0699
  0.0706  0.0697  0.0683  0.0682  0.0689  0.0689
  0.0684  0.0684  0.0685  0.0684  0.0683  0.0684
  0.0702  0.0691  0.0692  0.0686  0.0693  0.0687
  0.0745  0.0708  0.0709  0.0701  0.0716  0.0702
  0.0847  0.0746  0.0738  0.0729  0.0744  0.0718
niter,ni,del,rscale     4    3   12.0000    1.2000
parameters
    1.9238  -10.4497    3.2235  -11.1835    5.3694    0.5969
eta,q 0.93314 13.37853
  0.0823  0.0773  0.0717  0.0686  0.0750  0.0709
  0.0745  0.0723  0.0686  0.0670  0.0720  0.0692
  0.0699  0.0696  0.0672  0.0668  0.0683  0.0677
  0.0684  0.0684  0.0682  0.0676  0.0667  0.0669
  0.0698  0.0681  0.0696  0.0689  0.0675  0.0673
  0.0746  0.0689  0.0715  0.0708  0.0693  0.0687
  0.0852  0.0736  0.0739  0.0723  0.0719  0.0709
niter,ni,del,rscale     3    3   12.0000    1.2000
parameters
    1.4333   -9.3984    2.7367  -12.4005    6.0283    0.8399
eta,q 0.93430 13.37205
  0.0806  0.0785  0.0717  0.0691  0.0733  0.0705
  0.0724  0.0730  0.0676  0.0673  0.0703  0.0683
  0.0678  0.0692  0.0658  0.0658  0.0671  0.0665
  0.0669  0.0668  0.0663  0.0660  0.0657  0.0657
  0.0686  0.0663  0.0676  0.0669  0.0663  0.0663
  0.0747  0.0680  0.0697  0.0694  0.0683  0.0676
  0.0862  0.0730  0.0728  0.0731  0.0711  0.0699
niter,ni,del,rscale     2    3   12.0000    1.2000
parameters
    1.1369   -9.0271    2.7795  -12.9389    6.2524    0.8831
eta,q 0.93458 13.38900
  0.0809  0.0774  0.0726  0.0696  0.0726  0.0703
  0.0722  0.0719  0.0684  0.0680  0.0696  0.0680
  0.0667  0.0677  0.0661  0.0661  0.0666  0.0661
  0.0657  0.0656  0.0655  0.0656  0.0654  0.0654
  0.0675  0.0665  0.0667  0.0663  0.0663  0.0662
  0.0731  0.0700  0.0687  0.0679  0.0688  0.0678
  0.0847  0.0750  0.0720  0.0721  0.0719  0.0702
niter,ni,del,rscale     1    3   12.0000    1.2000
parameters
    1.0540   -8.7647    2.7656  -13.2441    6.3041    0.8948
eta,q 0.93464 13.40176
  0.0817  0.0770  0.0724  0.0695  0.0723  0.0702
  0.0724  0.0716  0.0685  0.0681  0.0693  0.0679
  0.0668  0.0673  0.0662  0.0664  0.0665  0.0661
  0.0654  0.0654  0.0654  0.0654  0.0654  0.0654
  0.0672  0.0668  0.0666  0.0662  0.0665  0.0661
  0.0720  0.0704  0.0687  0.0674  0.0691  0.0678
  0.0831  0.0751  0.0722  0.0714  0.0722  0.0702
registration optimization eta report
parameter search radius
    6.9000    6.0000    6.0000    6.9000    6.9000    6.0000
100000*second partial in parameter space
       36.       29.       19.       10.       14.       13.
  0.0817  0.0770  0.0724  0.0695  0.0723  0.0702
  0.0724  0.0716  0.0685  0.0681  0.0693  0.0679
  0.0668  0.0673  0.0662  0.0664  0.0665  0.0661
  0.0654  0.0654  0.0654  0.0654  0.0654  0.0654
  0.0672  0.0668  0.0666  0.0662  0.0665  0.0661
  0.0720  0.0704  0.0687  0.0674  0.0691  0.0678
  0.0831  0.0751  0.0722  0.0714  0.0722  0.0702
    1.0540   -8.7647    2.7656  -13.2441    6.3041    0.8948
eta,q 0.93464 13.40176

---------------------------------------------------------------------
imgreg_4dfp /opt/freesurfer/average/711-2C_as_mni_average_305 /opt/freesurfer/average/711-2B_as_mni_average_305_mask talsrcimg_g11 none talsrcimg_to_711-2C_as_mni_average_305_t4 3335
---------------------------------------------------------------------

freesurfer imgreg_4dfp.c
/opt/freesurfer/average/711-2C_as_mni_average_305.4dfp.img
       256       256       256         1
  1.000000  1.000000  1.000000
orientation T byte_order littleendian
Reading image: /opt/freesurfer/average/711-2C_as_mni_average_305.4dfp.img
dimensions:      256       256       256
mmppix:       1.0000   -1.0000   -1.0000
center:     128.0000 -129.0000 -129.0000
/opt/freesurfer/average/711-2B_as_mni_average_305_mask.4dfp.img
       256       256       256         1
  1.000000  1.000000  1.000000
orientation T byte_order littleendian
Reading mask: /opt/freesurfer/average/711-2B_as_mni_average_305_mask.4dfp.img (2306576 pixels)
talsrcimg_g11.4dfp.img
       256       256       256         1
  1.000000  1.000000  1.000000
orientation T byte_order littleendian
Reading image: talsrcimg_g11.4dfp.img
dimensions:      256       256       256
mmppix:       1.0000   -1.0000   -1.0000
center:     128.0000 -129.0000 -129.0000
fimgreg.f
image alignment mode   3335 decimal      D07 hex
parameters
    1.0540   -8.7647    2.7656   -0.6168   -2.6323   -3.2483
    0.9953  -11.0450    1.5521   22.7403   10.9806  -22.7714
eta,q 0.93518 13.49934
niter,ni,del,rscale     5    3    5.0000    1.2000
parameter  2 -0.552180 -> -0.500000 qaram    1.1500
parameter  4  4.291676 ->  0.500000 qaram    1.1500
parameter  5  3.359696 ->  0.500000 qaram    1.1500
parameter  6  1.783493 ->  0.500000 qaram    1.1500
parameter 10  1.229583 ->  0.500000 qaram    1.1500
parameter 12  0.830516 ->  0.500000 qaram    1.1500
parameters
    0.9220   -7.3847    3.6088   -4.7568   -6.7723   -7.3883
    0.7368   -8.9823    1.2977   18.6003    7.8535  -26.9114
eta,q 0.95858 12.35287
  0.0667  0.0673  0.0664  0.0520  0.0475  0.0427  0.0478  0.0518  0.0467  0.0417  0.0426  0.0415
  0.0656  0.0662  0.0655  0.0555  0.0500  0.0448  0.0465  0.0488  0.0459  0.0422  0.0423  0.0414
  0.0650  0.0654  0.0648  0.0596  0.0530  0.0476  0.0457  0.0467  0.0454  0.0434  0.0422  0.0417
  0.0648  0.0648  0.0644  0.0642  0.0566  0.0508  0.0455  0.0455  0.0452  0.0452  0.0424  0.0422
  0.0651  0.0644  0.0642  0.0690  0.0604  0.0547  0.0459  0.0453  0.0455  0.0476  0.0429  0.0430
  0.0659  0.0644  0.0643  0.0742  0.0646  0.0596  0.0468  0.0458  0.0460  0.0504  0.0436  0.0441
  0.0672  0.0647  0.0648  0.0796  0.0689  0.0651  0.0481  0.0472  0.0469  0.0537  0.0446  0.0452
niter,ni,del,rscale     7    3    5.0000    1.2000
parameter  4  1.386974 ->  0.500000 qaram    1.3225
parameter  5  1.374966 ->  0.500000 qaram    1.3225
parameter  6  0.734663 ->  0.500000 qaram    1.3225
parameters
    1.4789   -7.3988    2.6355   -9.5178  -11.5333  -12.1493
    1.0333   -8.2566    1.9330   17.0806    9.3123  -29.8004
eta,q 0.97192 11.61373
  0.0459  0.0441  0.0417  0.0334  0.0295  0.0286  0.0317  0.0340  0.0308  0.0306  0.0303  0.0290
  0.0437  0.0426  0.0410  0.0345  0.0305  0.0286  0.0301  0.0314  0.0297  0.0292  0.0295  0.0282
  0.0423  0.0416  0.0409  0.0369  0.0324  0.0292  0.0291  0.0296  0.0289  0.0285  0.0288  0.0281
  0.0414  0.0412  0.0412  0.0409  0.0350  0.0309  0.0287  0.0287  0.0286  0.0286  0.0285  0.0284
  0.0413  0.0416  0.0421  0.0459  0.0383  0.0349  0.0289  0.0288  0.0287  0.0293  0.0284  0.0291
  0.0418  0.0426  0.0434  0.0515  0.0424  0.0401  0.0298  0.0301  0.0292  0.0307  0.0287  0.0300
  0.0431  0.0442  0.0450  0.0573  0.0468  0.0454  0.0312  0.0324  0.0302  0.0332  0.0293  0.0311
niter,ni,del,rscale     7    3    5.0000    1.2000
parameter  3  0.542165 ->  0.500000 qaram    1.1500
parameter  5  0.533141 ->  0.500000 qaram    1.5209
parameters
    1.6215   -6.3054    1.2555  -13.5831  -17.0085  -14.9915
    1.5057   -8.6715    1.5559   20.5398    9.7868  -33.4586
eta,q 0.97647 11.19302
  0.0321  0.0335  0.0274  0.0279  0.0259  0.0266  0.0271  0.0279  0.0263  0.0304  0.0252  0.0242
  0.0300  0.0311  0.0270  0.0265  0.0249  0.0253  0.0259  0.0259  0.0253  0.0279  0.0246  0.0237
  0.0287  0.0293  0.0270  0.0260  0.0248  0.0246  0.0250  0.0248  0.0247  0.0259  0.0241  0.0236
  0.0281  0.0281  0.0275  0.0269  0.0260  0.0248  0.0246  0.0246  0.0246  0.0246  0.0239  0.0239
  0.0283  0.0275  0.0284  0.0297  0.0284  0.0256  0.0247  0.0252  0.0248  0.0240  0.0240  0.0247
  0.0294  0.0278  0.0297  0.0345  0.0317  0.0294  0.0254  0.0265  0.0256  0.0242  0.0243  0.0257
  0.0313  0.0288  0.0314  0.0406  0.0356  0.0354  0.0266  0.0286  0.0267  0.0252  0.0249  0.0268
niter,ni,del,rscale     7    3    5.0000    1.2000
parameters
    1.8218   -5.0349    0.7595  -14.0901  -18.3549  -15.8173
    1.8220   -8.4127    0.9698   22.3685    9.1584  -34.3218
eta,q 0.97741 11.12442
  0.0273  0.0299  0.0243  0.0267  0.0268  0.0267  0.0254  0.0271  0.0245  0.0282  0.0235  0.0241
  0.0254  0.0272  0.0233  0.0249  0.0248  0.0248  0.0241  0.0248  0.0235  0.0258  0.0230  0.0232
  0.0241  0.0250  0.0228  0.0235  0.0233  0.0234  0.0232  0.0233  0.0230  0.0239  0.0227  0.0227
  0.0235  0.0235  0.0228  0.0227  0.0228  0.0228  0.0229  0.0228  0.0228  0.0228  0.0226  0.0226
  0.0237  0.0228  0.0233  0.0230  0.0237  0.0229  0.0230  0.0232  0.0232  0.0227  0.0228  0.0230
  0.0246  0.0229  0.0245  0.0248  0.0262  0.0249  0.0238  0.0245  0.0240  0.0235  0.0232  0.0238
  0.0263  0.0239  0.0260  0.0286  0.0300  0.0298  0.0250  0.0265  0.0251  0.0250  0.0238  0.0247
niter,ni,del,rscale     6    3    5.0000    1.2000
parameters
    1.9441   -4.6290    0.5194  -13.9133  -18.9502  -16.1199
    1.8980   -8.1921    0.9743   22.9844    8.8928  -34.5718
eta,q 0.97749 11.10801
  0.0262  0.0270  0.0244  0.0268  0.0270  0.0268  0.0249  0.0269  0.0245  0.0270  0.0234  0.0242
  0.0243  0.0249  0.0233  0.0249  0.0248  0.0248  0.0237  0.0246  0.0234  0.0247  0.0229  0.0232
  0.0231  0.0234  0.0227  0.0234  0.0232  0.0233  0.0229  0.0230  0.0228  0.0232  0.0226  0.0227
  0.0226  0.0226  0.0225  0.0225  0.0224  0.0225  0.0225  0.0225  0.0225  0.0225  0.0225  0.0225
  0.0228  0.0226  0.0229  0.0225  0.0231  0.0225  0.0228  0.0230  0.0227  0.0229  0.0227  0.0228
  0.0238  0.0235  0.0239  0.0239  0.0252  0.0241  0.0236  0.0243  0.0234  0.0241  0.0230  0.0235
  0.0256  0.0250  0.0253  0.0273  0.0286  0.0286  0.0249  0.0264  0.0245  0.0258  0.0235  0.0243
niter,ni,del,rscale     5    3    5.0000    1.2000
parameters
    2.0012   -4.4528    0.3913  -13.8134  -19.2168  -16.2954
    1.8613   -8.0992    1.0549   23.2511    8.7535  -34.6511
eta,q 0.97747 11.09919
  0.0260  0.0263  0.0245  0.0267  0.0271  0.0268  0.0248  0.0268  0.0245  0.0266  0.0234  0.0243
  0.0242  0.0244  0.0234  0.0249  0.0249  0.0248  0.0236  0.0245  0.0234  0.0245  0.0229  0.0233
  0.0230  0.0231  0.0227  0.0234  0.0233  0.0233  0.0228  0.0230  0.0228  0.0230  0.0226  0.0227
  0.0225  0.0225  0.0225  0.0225  0.0225  0.0225  0.0225  0.0225  0.0225  0.0225  0.0225  0.0225
  0.0228  0.0227  0.0228  0.0225  0.0229  0.0224  0.0228  0.0230  0.0227  0.0230  0.0227  0.0228
  0.0239  0.0238  0.0237  0.0240  0.0248  0.0239  0.0236  0.0244  0.0234  0.0243  0.0230  0.0234
  0.0257  0.0255  0.0250  0.0274  0.0281  0.0283  0.0249  0.0266  0.0244  0.0260  0.0235  0.0242
niter,ni,del,rscale     4    3    5.0000    1.2000
parameters
    2.0321   -4.3668    0.3263  -13.7632  -19.3438  -16.3914
    1.8190   -8.0519    1.1145   23.3775    8.6760  -34.6792
eta,q 0.97746 11.09444
  0.0259  0.0260  0.0246  0.0267  0.0272  0.0268  0.0248  0.0268  0.0244  0.0265  0.0235  0.0243
  0.0241  0.0242  0.0235  0.0249  0.0250  0.0248  0.0236  0.0245  0.0234  0.0244  0.0229  0.0233
  0.0230  0.0230  0.0228  0.0235  0.0234  0.0234  0.0228  0.0230  0.0228  0.0230  0.0226  0.0227
  0.0225  0.0225  0.0225  0.0225  0.0225  0.0225  0.0225  0.0225  0.0225  0.0225  0.0225  0.0225
  0.0229  0.0228  0.0228  0.0226  0.0229  0.0224  0.0228  0.0231  0.0227  0.0231  0.0227  0.0228
  0.0240  0.0239  0.0236  0.0240  0.0248  0.0238  0.0236  0.0245  0.0234  0.0243  0.0230  0.0234
  0.0258  0.0257  0.0249  0.0274  0.0279  0.0281  0.0250  0.0267  0.0244  0.0261  0.0235  0.0242
niter,ni,del,rscale     3    3    5.0000    1.2000
parameters
    2.0489   -4.3253    0.2924  -13.7369  -19.4092  -16.4393
    1.7924   -8.0267    1.1431   23.4408    8.6387  -34.6890
eta,q 0.97745 11.09193
  0.0259  0.0259  0.0247  0.0267  0.0272  0.0269  0.0249  0.0268  0.0244  0.0264  0.0235  0.0243
  0.0241  0.0242  0.0236  0.0249  0.0250  0.0248  0.0237  0.0245  0.0234  0.0244  0.0229  0.0233
  0.0230  0.0230  0.0228  0.0235  0.0234  0.0234  0.0229  0.0230  0.0228  0.0230  0.0226  0.0227
  0.0225  0.0225  0.0225  0.0225  0.0225  0.0225  0.0225  0.0225  0.0225  0.0225  0.0226  0.0225
  0.0229  0.0229  0.0228  0.0226  0.0229  0.0224  0.0228  0.0231  0.0228  0.0231  0.0227  0.0228
  0.0240  0.0240  0.0236  0.0241  0.0247  0.0238  0.0236  0.0245  0.0234  0.0244  0.0230  0.0234
  0.0259  0.0258  0.0248  0.0275  0.0278  0.0281  0.0250  0.0267  0.0244  0.0262  0.0234  0.0242
niter,ni,del,rscale     2    3    5.0000    1.2000
parameters
    2.0583   -4.3030    0.2764  -13.7207  -19.4429  -16.4670
    1.7737   -8.0125    1.1647   23.4686    8.6146  -34.6827
eta,q 0.97744 11.09030
  0.0259  0.0259  0.0247  0.0267  0.0273  0.0269  0.0249  0.0268  0.0244  0.0264  0.0235  0.0243
  0.0241  0.0241  0.0236  0.0249  0.0251  0.0249  0.0237  0.0245  0.0234  0.0243  0.0230  0.0233
  0.0230  0.0230  0.0229  0.0235  0.0235  0.0234  0.0229  0.0230  0.0228  0.0230  0.0226  0.0227
  0.0226  0.0225  0.0226  0.0226  0.0226  0.0226  0.0226  0.0226  0.0226  0.0226  0.0226  0.0226
  0.0229  0.0229  0.0228  0.0226  0.0229  0.0224  0.0228  0.0231  0.0228  0.0231  0.0227  0.0228
  0.0240  0.0240  0.0236  0.0241  0.0247  0.0237  0.0236  0.0245  0.0234  0.0244  0.0230  0.0234
  0.0259  0.0258  0.0248  0.0275  0.0278  0.0280  0.0250  0.0267  0.0244  0.0262  0.0234  0.0242
registration optimization eta report
parameter search radius
    2.4000    2.7600    2.7600    9.5220   10.9503    9.5220
    7.2000    7.2000    7.2000    8.2800    7.2000    8.2800
100000*second partial in parameter space
       58.       43.       29.        5.        4.        6.
        5.        8.        4.        5.        2.        2.
  0.0259  0.0259  0.0247  0.0267  0.0273  0.0269  0.0249  0.0268  0.0244  0.0264  0.0235  0.0243
  0.0241  0.0241  0.0236  0.0249  0.0251  0.0249  0.0237  0.0245  0.0234  0.0243  0.0230  0.0233
  0.0230  0.0230  0.0229  0.0235  0.0235  0.0234  0.0229  0.0230  0.0228  0.0230  0.0226  0.0227
  0.0226  0.0225  0.0226  0.0226  0.0226  0.0226  0.0226  0.0226  0.0226  0.0226  0.0226  0.0226
  0.0229  0.0229  0.0228  0.0226  0.0229  0.0224  0.0228  0.0231  0.0228  0.0231  0.0227  0.0228
  0.0240  0.0240  0.0236  0.0241  0.0247  0.0237  0.0236  0.0245  0.0234  0.0244  0.0230  0.0234
  0.0259  0.0258  0.0248  0.0275  0.0278  0.0280  0.0250  0.0267  0.0244  0.0262  0.0234  0.0242
    2.0583   -4.3030    0.2764  -13.7207  -19.4429  -16.4670
    1.7737   -8.0125    1.1647   23.4686    8.6146  -34.6827
eta,q 0.97744 11.09030

---------------------------------------------------------------------
imgreg_4dfp /opt/freesurfer/average/711-2C_as_mni_average_305 /opt/freesurfer/average/711-2B_as_mni_average_305_mask talsrcimg_g11 none talsrcimg_to_711-2C_as_mni_average_305_t4 2311
---------------------------------------------------------------------

freesurfer imgreg_4dfp.c
/opt/freesurfer/average/711-2C_as_mni_average_305.4dfp.img
       256       256       256         1
  1.000000  1.000000  1.000000
orientation T byte_order littleendian
Reading image: /opt/freesurfer/average/711-2C_as_mni_average_305.4dfp.img
dimensions:      256       256       256
mmppix:       1.0000   -1.0000   -1.0000
center:     128.0000 -129.0000 -129.0000
/opt/freesurfer/average/711-2B_as_mni_average_305_mask.4dfp.img
       256       256       256         1
  1.000000  1.000000  1.000000
orientation T byte_order littleendian
Reading mask: /opt/freesurfer/average/711-2B_as_mni_average_305_mask.4dfp.img (2306576 pixels)
talsrcimg_g11.4dfp.img
       256       256       256         1
  1.000000  1.000000  1.000000
orientation T byte_order littleendian
Reading image: talsrcimg_g11.4dfp.img
dimensions:      256       256       256
mmppix:       1.0000   -1.0000   -1.0000
center:     128.0000 -129.0000 -129.0000
fimgreg.f
image alignment mode   2311 decimal      907 hex
parameters
    2.0583   -4.3030    0.2764  -13.7207  -19.4430  -16.4670
    1.7737   -8.0125    1.1647   23.4686    8.6146  -34.6827
eta,q 0.97744 11.09029
niter,ni,del,rscale     5    3    5.0000    0.8000
parameters
    2.0737   -4.2825    0.3260  -12.5156  -18.8495  -14.7215
    1.7215   -8.0036    1.1279   23.4511    8.6298  -34.9532
eta,q 0.97772 11.24324
  0.0241  0.0238  0.0234  0.0241  0.0238  0.0240  0.0235  0.0245  0.0232  0.0237  0.0228  0.0229
  0.0233  0.0231  0.0230  0.0235  0.0232  0.0233  0.0228  0.0233  0.0227  0.0229  0.0225  0.0225
  0.0228  0.0227  0.0227  0.0229  0.0227  0.0228  0.0224  0.0225  0.0224  0.0224  0.0223  0.0223
  0.0226  0.0226  0.0226  0.0226  0.0224  0.0224  0.0223  0.0223  0.0223  0.0223  0.0223  0.0223
  0.0227  0.0227  0.0226  0.0224  0.0224  0.0223  0.0224  0.0225  0.0224  0.0225  0.0223  0.0224
  0.0232  0.0231  0.0229  0.0226  0.0227  0.0223  0.0229  0.0233  0.0227  0.0229  0.0225  0.0227
  0.0241  0.0237  0.0233  0.0232  0.0233  0.0227  0.0235  0.0245  0.0232  0.0236  0.0228  0.0230
niter,ni,del,rscale     4    3    5.0000    0.7000
parameters
    1.9569   -4.4278    0.4764  -12.6961  -18.5607  -14.6764
    1.8303   -8.1513    1.0918   23.2584    8.7513  -34.9368
eta,q 0.97777 11.24797
  0.0233  0.0230  0.0230  0.0232  0.0233  0.0231  0.0232  0.0238  0.0229  0.0232  0.0227  0.0228
  0.0227  0.0226  0.0226  0.0227  0.0228  0.0226  0.0227  0.0229  0.0226  0.0226  0.0224  0.0225
  0.0223  0.0223  0.0224  0.0224  0.0224  0.0224  0.0224  0.0224  0.0223  0.0223  0.0223  0.0223
  0.0223  0.0223  0.0223  0.0223  0.0223  0.0222  0.0222  0.0222  0.0222  0.0222  0.0222  0.0222
  0.0225  0.0224  0.0223  0.0224  0.0223  0.0222  0.0223  0.0225  0.0223  0.0224  0.0223  0.0223
  0.0230  0.0228  0.0224  0.0228  0.0226  0.0225  0.0226  0.0231  0.0226  0.0228  0.0224  0.0225
  0.0237  0.0234  0.0227  0.0235  0.0231  0.0232  0.0231  0.0241  0.0230  0.0234  0.0226  0.0228
niter,ni,del,rscale     3    3    5.0000    0.6000
parameters
    1.9243   -4.4984    0.5140  -12.6754  -18.4451  -14.4933
    1.8604   -8.1929    1.0591   23.1733    8.8687  -34.9515
eta,q 0.97778 11.26008
  0.0231  0.0229  0.0227  0.0230  0.0230  0.0229  0.0229  0.0235  0.0228  0.0230  0.0225  0.0226
  0.0226  0.0225  0.0225  0.0226  0.0226  0.0225  0.0226  0.0228  0.0225  0.0225  0.0224  0.0224
  0.0223  0.0223  0.0223  0.0224  0.0223  0.0223  0.0223  0.0224  0.0223  0.0223  0.0223  0.0223
  0.0222  0.0222  0.0222  0.0222  0.0222  0.0222  0.0222  0.0222  0.0222  0.0222  0.0222  0.0222
  0.0224  0.0223  0.0223  0.0223  0.0223  0.0222  0.0223  0.0224  0.0223  0.0223  0.0222  0.0223
  0.0227  0.0226  0.0224  0.0226  0.0225  0.0224  0.0225  0.0228  0.0225  0.0226  0.0223  0.0224
  0.0232  0.0230  0.0227  0.0231  0.0229  0.0228  0.0229  0.0235  0.0228  0.0231  0.0225  0.0226
niter,ni,del,rscale     2    3    5.0000    0.5000
parameters
    1.9015   -4.5339    0.5275  -12.6629  -18.3670  -14.3474
    1.8767   -8.2193    1.0391   23.1328    8.9737  -34.9661
eta,q 0.97779 11.26978
  0.0228  0.0227  0.0226  0.0228  0.0227  0.0226  0.0227  0.0231  0.0226  0.0228  0.0224  0.0225
  0.0225  0.0224  0.0224  0.0225  0.0225  0.0224  0.0224  0.0226  0.0224  0.0225  0.0223  0.0223
  0.0223  0.0223  0.0223  0.0223  0.0223  0.0223  0.0223  0.0223  0.0223  0.0223  0.0222  0.0222
  0.0222  0.0222  0.0222  0.0222  0.0222  0.0222  0.0222  0.0222  0.0222  0.0222  0.0222  0.0222
  0.0223  0.0223  0.0223  0.0223  0.0223  0.0222  0.0223  0.0223  0.0223  0.0223  0.0222  0.0223
  0.0225  0.0225  0.0224  0.0225  0.0224  0.0223  0.0224  0.0226  0.0224  0.0225  0.0223  0.0224
  0.0229  0.0227  0.0225  0.0228  0.0227  0.0226  0.0227  0.0231  0.0226  0.0228  0.0224  0.0225
niter,ni,del,rscale     1    3    5.0000    0.4000
parameters
    1.8861   -4.5567    0.5334  -12.6347  -18.3251  -14.2051
    1.8867   -8.2354    1.0093   23.1098    9.0798  -34.9831
eta,q 0.97779 11.27859
  0.0226  0.0225  0.0224  0.0226  0.0226  0.0225  0.0225  0.0228  0.0225  0.0226  0.0224  0.0224
  0.0224  0.0223  0.0223  0.0224  0.0224  0.0223  0.0224  0.0225  0.0223  0.0224  0.0223  0.0223
  0.0223  0.0222  0.0222  0.0223  0.0223  0.0223  0.0222  0.0223  0.0222  0.0222  0.0222  0.0222
  0.0222  0.0222  0.0222  0.0222  0.0222  0.0222  0.0222  0.0222  0.0222  0.0222  0.0222  0.0222
  0.0223  0.0223  0.0222  0.0222  0.0222  0.0222  0.0222  0.0223  0.0222  0.0223  0.0222  0.0222
  0.0224  0.0224  0.0223  0.0224  0.0224  0.0223  0.0224  0.0225  0.0223  0.0224  0.0223  0.0223
  0.0227  0.0226  0.0224  0.0226  0.0225  0.0224  0.0225  0.0228  0.0225  0.0226  0.0223  0.0224
registration optimization eta report
parameter search radius
    0.8000    0.8000    0.8000    2.4000    2.4000    2.4000
    2.4000    2.4000    2.4000    2.4000    2.4000    2.4000
100000*second partial in parameter space
       65.       50.       33.        7.        6.        4.
        6.       10.        4.        6.        2.        3.
  0.0226  0.0225  0.0224  0.0226  0.0226  0.0225  0.0225  0.0228  0.0225  0.0226  0.0224  0.0224
  0.0224  0.0223  0.0223  0.0224  0.0224  0.0223  0.0224  0.0225  0.0223  0.0224  0.0223  0.0223
  0.0223  0.0222  0.0222  0.0223  0.0223  0.0223  0.0222  0.0223  0.0222  0.0222  0.0222  0.0222
  0.0222  0.0222  0.0222  0.0222  0.0222  0.0222  0.0222  0.0222  0.0222  0.0222  0.0222  0.0222
  0.0223  0.0223  0.0222  0.0222  0.0222  0.0222  0.0222  0.0223  0.0222  0.0223  0.0222  0.0222
  0.0224  0.0224  0.0223  0.0224  0.0224  0.0223  0.0224  0.0225  0.0223  0.0224  0.0223  0.0223
  0.0227  0.0226  0.0224  0.0226  0.0225  0.0224  0.0225  0.0228  0.0225  0.0226  0.0223  0.0224
    1.8861   -4.5567    0.5334  -12.6347  -18.3251  -14.2051
    1.8867   -8.2354    1.0093   23.1098    9.0798  -34.9831
eta,q 0.97779 11.27859

---------------------------------------------------------------------
imgreg_4dfp /opt/freesurfer/average/711-2C_as_mni_average_305 /opt/freesurfer/average/711-2B_as_mni_average_305_mask talsrcimg_g11 none talsrcimg_to_711-2C_as_mni_average_305_t4 2311
---------------------------------------------------------------------

freesurfer imgreg_4dfp.c
/opt/freesurfer/average/711-2C_as_mni_average_305.4dfp.img
       256       256       256         1
  1.000000  1.000000  1.000000
orientation T byte_order littleendian
Reading image: /opt/freesurfer/average/711-2C_as_mni_average_305.4dfp.img
dimensions:      256       256       256
mmppix:       1.0000   -1.0000   -1.0000
center:     128.0000 -129.0000 -129.0000
/opt/freesurfer/average/711-2B_as_mni_average_305_mask.4dfp.img
       256       256       256         1
  1.000000  1.000000  1.000000
orientation T byte_order littleendian
Reading mask: /opt/freesurfer/average/711-2B_as_mni_average_305_mask.4dfp.img (2306576 pixels)
talsrcimg_g11.4dfp.img
       256       256       256         1
  1.000000  1.000000  1.000000
orientation T byte_order littleendian
Reading image: talsrcimg_g11.4dfp.img
dimensions:      256       256       256
mmppix:       1.0000   -1.0000   -1.0000
center:     128.0000 -129.0000 -129.0000
fimgreg.f
image alignment mode   2311 decimal      907 hex
parameters
    1.8861   -4.5567    0.5334  -12.6347  -18.3251  -14.2051
    1.8867   -8.2354    1.0093   23.1098    9.0798  -34.9831
eta,q 0.97779 11.27858
niter,ni,del,rscale     5    3    5.0000    0.8000
parameters
    1.8771   -4.5732    0.5468  -12.9277  -18.3814  -14.7323
    1.9645   -8.2917    0.9830   23.1121    8.8567  -34.8958
eta,q 0.97776 11.24187
  0.0239  0.0234  0.0231  0.0234  0.0234  0.0232  0.0235  0.0244  0.0232  0.0237  0.0227  0.0230
  0.0229  0.0228  0.0226  0.0228  0.0228  0.0226  0.0228  0.0232  0.0227  0.0229  0.0224  0.0226
  0.0224  0.0223  0.0223  0.0224  0.0224  0.0223  0.0224  0.0225  0.0223  0.0224  0.0223  0.0223
  0.0222  0.0222  0.0222  0.0222  0.0222  0.0222  0.0222  0.0222  0.0222  0.0222  0.0222  0.0222
  0.0224  0.0224  0.0223  0.0224  0.0224  0.0223  0.0224  0.0225  0.0224  0.0224  0.0223  0.0223
  0.0230  0.0228  0.0226  0.0229  0.0228  0.0228  0.0228  0.0233  0.0227  0.0229  0.0225  0.0226
  0.0239  0.0235  0.0230  0.0239  0.0235  0.0241  0.0234  0.0244  0.0232  0.0236  0.0228  0.0229
niter,ni,del,rscale     4    3    5.0000    0.7000
parameters
    1.9037   -4.5439    0.5366  -12.7981  -18.4070  -14.6124
    1.9181   -8.2416    1.0290   23.1229    8.8560  -34.9188
eta,q 0.97777 11.25068
  0.0235  0.0232  0.0229  0.0233  0.0232  0.0231  0.0231  0.0240  0.0230  0.0233  0.0226  0.0228
  0.0228  0.0227  0.0225  0.0228  0.0227  0.0227  0.0226  0.0230  0.0226  0.0227  0.0224  0.0225
  0.0224  0.0224  0.0223  0.0224  0.0224  0.0224  0.0223  0.0224  0.0223  0.0223  0.0223  0.0223
  0.0222  0.0222  0.0222  0.0222  0.0222  0.0222  0.0222  0.0222  0.0222  0.0222  0.0222  0.0222
  0.0224  0.0223  0.0223  0.0223  0.0223  0.0222  0.0223  0.0224  0.0223  0.0224  0.0223  0.0223
  0.0228  0.0226  0.0225  0.0226  0.0227  0.0224  0.0227  0.0230  0.0225  0.0227  0.0224  0.0225
  0.0234  0.0232  0.0229  0.0233  0.0232  0.0232  0.0232  0.0239  0.0229  0.0233  0.0226  0.0228
niter,ni,del,rscale     3    3    5.0000    0.6000
parameters
    1.9017   -4.5429    0.5334  -12.7245  -18.3709  -14.4771
    1.8986   -8.2349    1.0306   23.1179    8.9155  -34.9379
eta,q 0.97778 11.26106
  0.0232  0.0229  0.0227  0.0231  0.0229  0.0229  0.0229  0.0235  0.0228  0.0230  0.0225  0.0226
  0.0226  0.0225  0.0224  0.0226  0.0226  0.0225  0.0225  0.0228  0.0225  0.0226  0.0224  0.0224
  0.0223  0.0223  0.0223  0.0224  0.0223  0.0223  0.0223  0.0224  0.0223  0.0223  0.0223  0.0223
  0.0222  0.0222  0.0222  0.0222  0.0222  0.0222  0.0222  0.0222  0.0222  0.0222  0.0222  0.0222
  0.0223  0.0223  0.0223  0.0223  0.0223  0.0222  0.0223  0.0224  0.0223  0.0223  0.0222  0.0223
  0.0226  0.0225  0.0224  0.0226  0.0225  0.0224  0.0225  0.0228  0.0225  0.0226  0.0223  0.0224
  0.0232  0.0229  0.0227  0.0230  0.0229  0.0229  0.0229  0.0235  0.0228  0.0230  0.0225  0.0226
niter,ni,del,rscale     2    3    5.0000    0.5000
parameters
    1.8941   -4.5533    0.5384  -12.6671  -18.3440  -14.3430
    1.8971   -8.2382    1.0225   23.1093    8.9921  -34.9432
eta,q 0.97779 11.27014
  0.0229  0.0227  0.0225  0.0228  0.0227  0.0226  0.0227  0.0231  0.0226  0.0228  0.0224  0.0225
  0.0225  0.0224  0.0224  0.0225  0.0225  0.0224  0.0224  0.0226  0.0224  0.0225  0.0223  0.0223
  0.0223  0.0223  0.0223  0.0223  0.0223  0.0223  0.0223  0.0223  0.0223  0.0223  0.0222  0.0222
  0.0222  0.0222  0.0222  0.0222  0.0222  0.0222  0.0222  0.0222  0.0222  0.0222  0.0222  0.0222
  0.0223  0.0223  0.0223  0.0223  0.0223  0.0222  0.0223  0.0223  0.0223  0.0223  0.0222  0.0222
  0.0225  0.0224  0.0224  0.0225  0.0224  0.0223  0.0224  0.0226  0.0224  0.0225  0.0223  0.0224
  0.0229  0.0227  0.0225  0.0228  0.0227  0.0226  0.0227  0.0231  0.0226  0.0228  0.0224  0.0225
niter,ni,del,rscale     1    3    5.0000    0.4000
parameters
    1.8783   -4.5618    0.5388  -12.6376  -18.3077  -14.1878
    1.8980   -8.2367    1.0094   23.1078    9.0875  -34.9735
eta,q 0.97779 11.27998
  0.0226  0.0225  0.0224  0.0226  0.0226  0.0225  0.0225  0.0228  0.0225  0.0226  0.0224  0.0224
  0.0224  0.0224  0.0223  0.0224  0.0224  0.0223  0.0224  0.0225  0.0223  0.0224  0.0223  0.0223
  0.0223  0.0222  0.0222  0.0223  0.0223  0.0222  0.0222  0.0223  0.0222  0.0222  0.0222  0.0222
  0.0222  0.0222  0.0222  0.0222  0.0222  0.0222  0.0222  0.0222  0.0222  0.0222  0.0222  0.0222
  0.0223  0.0223  0.0222  0.0222  0.0222  0.0222  0.0222  0.0223  0.0222  0.0223  0.0222  0.0222
  0.0224  0.0224  0.0223  0.0224  0.0224  0.0223  0.0224  0.0225  0.0223  0.0224  0.0223  0.0223
  0.0226  0.0225  0.0224  0.0226  0.0225  0.0224  0.0225  0.0228  0.0225  0.0226  0.0223  0.0224
registration optimization eta report
parameter search radius
    0.8000    0.8000    0.8000    2.4000    2.4000    2.4000
    2.4000    2.4000    2.4000    2.4000    2.4000    2.4000
100000*second partial in parameter space
       66.       50.       32.        7.        6.        4.
        6.       10.        4.        6.        3.        3.
  0.0226  0.0225  0.0224  0.0226  0.0226  0.0225  0.0225  0.0228  0.0225  0.0226  0.0224  0.0224
  0.0224  0.0224  0.0223  0.0224  0.0224  0.0223  0.0224  0.0225  0.0223  0.0224  0.0223  0.0223
  0.0223  0.0222  0.0222  0.0223  0.0223  0.0222  0.0222  0.0223  0.0222  0.0222  0.0222  0.0222
  0.0222  0.0222  0.0222  0.0222  0.0222  0.0222  0.0222  0.0222  0.0222  0.0222  0.0222  0.0222
  0.0223  0.0223  0.0222  0.0222  0.0222  0.0222  0.0222  0.0223  0.0222  0.0223  0.0222  0.0222
  0.0224  0.0224  0.0223  0.0224  0.0224  0.0223  0.0224  0.0225  0.0223  0.0224  0.0223  0.0223
  0.0226  0.0225  0.0224  0.0226  0.0225  0.0224  0.0225  0.0228  0.0225  0.0226  0.0223  0.0224
    1.8783   -4.5618    0.5388  -12.6376  -18.3077  -14.1878
    1.8980   -8.2367    1.0094   23.1078    9.0875  -34.9735
eta,q 0.97779 11.27998

---------------------------------------------------------------------
compute_vox2vox talsrcimg talsrcimg_to_711-2C_as_mni_average_305_t4 /opt/freesurfer/average/711-2C_as_mni_average_305
---------------------------------------------------------------------

freesurfer compute_vox2vox.c
Reading: talsrcimg.4dfp.ifh
Reading: talsrcimg_to_711-2C_as_mni_average_305_t4
Reading: /opt/freesurfer/average/711-2C_as_mni_average_305.4dfp.ifh
Writing: talsrcimg_to_711-2C_as_mni_average_305_t4_vox2vox.txt

start time Sat Mar 14 10:30:58 CET 2026
end		time Sat Mar 14 10:31:11 CET 2026

mpr2mni305 success

avi2talxfm orig_nu.mgz /opt/freesurfer/average/mni305.cor.mgz talsrcimg_to_711-2C_as_mni_average_305_t4_vox2vox.txt transforms/talairach.auto.xfm
avi2talxfm done
mv -f /out/sourcedata/freesurfer/sub-v2s9x29161_ses-1/mri/talsrcimg_to_711-2C_as_mni_average_305_t4_vox2vox.txt /out/sourcedata/freesurfer/sub-v2s9x29161_ses-1/mri/transforms/talsrcimg_to_711-2C_as_mni_average_305_t4_vox2vox.txt
lta_convert --src orig_nu.mgz --trg /opt/freesurfer/average/mni305.cor.mgz --inxfm transforms/talairach.auto.xfm --outlta transforms/talairach.auto.xfm.lta --subject fsaverage
7.3.2

--src: orig_nu.mgz src image (geometry).
--trg: /opt/freesurfer/average/mni305.cor.mgz trg image (geometry).
--inmni: transforms/talairach.auto.xfm input MNI/XFM transform.
--outlta: transforms/talairach.auto.xfm.lta output LTA.
--s: fsaverage subject name
 LTA read, type : 1
 1.13364   0.10392   0.01815  -2.87463;
-0.11276   1.03454   0.44552   0.31625;
 0.01789  -0.29392   1.09786   4.02319;
 0.00000   0.00000   0.00000   1.00000;
setting subject to fsaverage
Writing  LTA to file transforms/talairach.auto.xfm.lta...
lta_convert successful.
 
 
Started at Sat Mar 14 10:30:58 CET 2026
Ended   at Sat Mar 14 10:31:12 CET 2026
talairach_avi done
