/out/sourcedata/freesurfer/sub-v2s9x29167_ses-1/mri
/opt/freesurfer/bin/talairach_avi
--i orig_nu.mgz --xfm transforms/talairach.auto.xfm
talairach_avi 7.3.2
Linux dna078 5.14.0-427.37.1.el9_4.x86_64 #1 SMP PREEMPT_DYNAMIC Fri Sep 13 12:41:50 EDT 2024 x86_64 x86_64 x86_64 GNU/Linux
Sat Mar 14 10:30:55 CET 2026
mri_convert orig_nu.mgz talsrcimg.img 
reading from orig_nu.mgz...
TR=0.00, TE=0.00, TI=0.00, flip angle=0.00
i_ras = (-1, 0, 0)
j_ras = (0, 0, -1)
k_ras = (0, 1, 0)
writing to talsrcimg.img...
Analyze Output Matrix
-1.00000   0.00000   0.00000   129.66513;
 0.00000   0.00000   1.00000  -128.00000;
 0.00000  -1.00000   0.00000   130.00000;
 0.00000   0.00000   0.00000   1.00000;
--------------------
INFO: set hdr.hist.orient to -1
mpr2mni305 talsrcimg
Sat Mar 14 10:30:55 CET 2026
/opt/freesurfer/bin/mpr2mni305 talsrcimg
mpr2mni305 7.3.2
target=711-2C_as_mni_average_305

---------------------------------------------------------------------
analyzeto4dfp talsrcimg -O0 -y
---------------------------------------------------------------------

freesurfer ifh2hdr.c
Sat Mar 14 10:30:55 2026
Writing: talsrcimg.4dfp.hdr
freesurfer analyzeto4dfp.c
Reading: talsrcimg.hdr
header size 348 bytes
hdr.dime.datatype	offset=70	value=2
hdr.dime.bitpix		offset=72	value=8
hdr.hist.orient		offset=252	value=-1
dimensionality     4
dimensions       256       256       256         1
Reading: talsrcimg.img
Writing: talsrcimg.4dfp.img
Writing: talsrcimg.4dfp.ifh
ifh2hdr talsrcimg -r0to217
ori=2

---------------------------------------------------------------------
gauss_4dfp talsrcimg 1.1
---------------------------------------------------------------------

freesurfer gauss_4dfp.c
Reading: talsrcimg.4dfp.img
Writing: talsrcimg_g11.4dfp.img
image dimensions 256 256 256 padded to 288 288 288
processing volume 1freesurfer ifh2hdr.c
Sat Mar 14 10:30:57 2026
Writing: talsrcimg_g11.4dfp.hdr

Writing: talsrcimg_g11.4dfp.ifh
including: talsrcimg.4dfp.img.rec in talsrcimg_g11.4dfp.img.rec

---------------------------------------------------------------------
imgreg_4dfp /opt/freesurfer/average/711-2C_as_mni_average_305 none talsrcimg_g11 none talsrcimg_to_711-2C_as_mni_average_305_t4 4355
---------------------------------------------------------------------

freesurfer imgreg_4dfp.c
/opt/freesurfer/average/711-2C_as_mni_average_305.4dfp.img
       256       256       256         1
  1.000000  1.000000  1.000000
orientation T byte_order littleendian
Reading image: /opt/freesurfer/average/711-2C_as_mni_average_305.4dfp.img
dimensions:      256       256       256
mmppix:       1.0000   -1.0000   -1.0000
center:     128.0000 -129.0000 -129.0000
talsrcimg_g11.4dfp.img
       256       256       256         1
  1.000000  1.000000  1.000000
orientation T byte_order littleendian
Reading image: talsrcimg_g11.4dfp.img
dimensions:      256       256       256
mmppix:       1.0000   -1.0000   -1.0000
center:     128.0000 -129.0000 -129.0000
t4_read: open error in t4_sub.f l:  41 t4_file(1:l)talsrcimg_to_711-2C_as_mni_average_305_t4 
t4_read: transform initialized to I4
rotation matrix determinant  1.000000
image alignment mode   4355 decimal     1103 hex
   -7.5000  -45.0000  -45.0000 9532.4639   21.8011
    0.0000  -45.0000  -45.0000 9920.6943   21.8220
    7.5000  -45.0000  -45.0000 9424.5322   21.8205
   -7.5000  -37.5000  -45.0000 9937.9736   21.7964
    0.0000  -37.5000  -45.000010334.2627   21.8224
    7.5000  -37.5000  -45.0000 9821.6748   21.8367
   -7.5000  -30.0000  -45.000010633.2129   21.7965
    0.0000  -30.0000  -45.000011067.5742   21.8302
    7.5000  -30.0000  -45.000010542.9912   21.8550
   -7.5000  -22.5000  -45.000011291.9678   21.7971
    0.0000  -22.5000  -45.000011708.8896   21.8305
    7.5000  -22.5000  -45.000011167.4346   21.8485
   -7.5000  -15.0000  -45.000011839.6523   21.8025
    0.0000  -15.0000  -45.000012296.3486   21.8302
    7.5000  -15.0000  -45.000011702.1855   21.8337
   -7.5000   -7.5000  -45.000012363.4160   21.8040
    0.0000   -7.5000  -45.000012866.8545   21.8271
    7.5000   -7.5000  -45.000012217.2344   21.8215
   -7.5000    0.0000  -45.000012658.3252   21.7987
    0.0000    0.0000  -45.000013171.4346   21.8195
    7.5000    0.0000  -45.000012506.1426   21.8180
   -7.5000    7.5000  -45.000011976.3779   21.7964
    0.0000    7.5000  -45.000012452.4219   21.8224
    7.5000    7.5000  -45.000011807.7031   21.8367
   -7.5000   15.0000  -45.000011202.2627   21.7965
    0.0000   15.0000  -45.000011602.6123   21.8302
    7.5000   15.0000  -45.000011006.6846   21.8550
   -7.5000   22.5000  -45.000010366.2891   21.7941
    0.0000   22.5000  -45.000010683.3633   21.8276
    7.5000   22.5000  -45.000010119.5879   21.8455
   -7.5000   30.0000  -45.0000 9461.3896   21.5119
    0.0000   30.0000  -45.0000 9703.0635   21.5393
    7.5000   30.0000  -45.0000 9213.7510   21.5427
   -7.5000   37.5000  -45.0000 8881.0342   21.5236
    0.0000   37.5000  -45.0000 9090.9336   21.5465
    7.5000   37.5000  -45.0000 8656.2910   21.5411
   -7.5000   45.0000  -45.0000 8003.0859   21.3229
    0.0000   45.0000  -45.0000 8180.9463   21.3453
    7.5000   45.0000  -45.0000 7772.5308   21.3438
   -7.5000  -45.0000  -37.500010033.3574   21.9024
    0.0000  -45.0000  -37.500010423.2588   21.9266
    7.5000  -45.0000  -37.5000 9900.3623   21.9202
   -7.5000  -37.5000  -37.500010422.8193   21.8931
    0.0000  -37.5000  -37.500010829.3418   21.9193
    7.5000  -37.5000  -37.500010296.7305   21.9277
   -7.5000  -30.0000  -37.500011144.6914   21.8856
    0.0000  -30.0000  -37.500011587.8516   21.9195
    7.5000  -30.0000  -37.500011022.4893   21.9402
   -7.5000  -22.5000  -37.500011792.5146   21.8836
    0.0000  -22.5000  -37.500012239.3721   21.9201
    7.5000  -22.5000  -37.500011641.5928   21.9364
   -7.5000  -15.0000  -37.500012341.2939   21.8937
    0.0000  -15.0000  -37.500012829.0586   21.9268
    7.5000  -15.0000  -37.500012190.7637   21.9298
   -7.5000   -7.5000  -37.500012874.5225   21.9025
    0.0000   -7.5000  -37.500013400.5186   21.9311
    7.5000   -7.5000  -37.500012708.3525   21.9234
   -7.5000    0.0000  -37.500013201.4023   21.9000
    0.0000    0.0000  -37.500013738.5449   21.9242
    7.5000    0.0000  -37.500012990.7275   21.9178
   -7.5000    7.5000  -37.500012496.2070   21.8931
    0.0000    7.5000  -37.500012957.9492   21.9193
    7.5000    7.5000  -37.500012239.3135   21.9277
   -7.5000   15.0000  -37.500011654.8477   21.8856
    0.0000   15.0000  -37.500012052.7021   21.9195
    7.5000   15.0000  -37.500011379.0244   21.9402
   -7.5000   22.5000  -37.500010760.3174   21.8806
    0.0000   22.5000  -37.500011076.0010   21.9171
    7.5000   22.5000  -37.500010448.7402   21.9334
   -7.5000   30.0000  -37.5000 9817.1836   21.6019
    0.0000   30.0000  -37.500010018.6729   21.6346
    7.5000   30.0000  -37.5000 9486.8750   21.6375
   -7.5000   37.5000  -37.5000 9187.1113   21.6210
    0.0000   37.5000  -37.5000 9376.0605   21.6493
    7.5000   37.5000  -37.5000 8897.9844   21.6418
   -7.5000   45.0000  -37.5000 8259.8281   21.4248
    0.0000   45.0000  -37.5000 8420.4062   21.4505
    7.5000   45.0000  -37.5000 7960.7842   21.4446
   -7.5000  -45.0000  -30.000010724.1914   22.8034
    0.0000  -45.0000  -30.000011151.6611   22.8197
    7.5000  -45.0000  -30.000010586.4395   22.8063
   -7.5000  -37.5000  -30.000011123.7949   22.7916
    0.0000  -37.5000  -30.000011546.9766   22.8066
    7.5000  -37.5000  -30.000010970.9766   22.8074
   -7.5000  -30.0000  -30.000011865.4805   22.7805
    0.0000  -30.0000  -30.000012311.1221   22.8028
    7.5000  -30.0000  -30.000011694.2920   22.8152
   -7.5000  -22.5000  -30.000012504.0352   22.7762
    0.0000  -22.5000  -30.000012999.1104   22.8041
    7.5000  -22.5000  -30.000012335.5127   22.8129
   -7.5000  -15.0000  -30.000013101.2744   22.7878
    0.0000  -15.0000  -30.000013639.7607   22.8155
    7.5000  -15.0000  -30.000012918.3076   22.8124
   -7.5000   -7.5000  -30.000013692.4844   22.8013
    0.0000   -7.5000  -30.000014238.1357   22.8246
    7.5000   -7.5000  -30.000013451.8477   22.8111
   -7.5000    0.0000  -30.000014026.2871   22.8008
    0.0000    0.0000  -30.000014560.9990   22.8172
    7.5000    0.0000  -30.000013731.2881   22.8037
   -7.5000    7.5000  -30.000013272.4590   22.7916
    0.0000    7.5000  -30.000013706.9688   22.8066
    7.5000    7.5000  -30.000012933.6953   22.8074
   -7.5000   15.0000  -30.000012340.5596   22.7805
    0.0000   15.0000  -30.000012728.2803   22.8028
    7.5000   15.0000  -30.000011990.9131   22.8152
   -7.5000   22.5000  -30.000011344.8887   22.7707
    0.0000   22.5000  -30.000011627.3457   22.7987
    7.5000   22.5000  -30.000010972.4268   22.8074
   -7.5000   30.0000  -30.000010323.9434   22.4863
    0.0000   30.0000  -30.000010537.4521   22.5136
    7.5000   30.0000  -30.0000 9963.5010   22.5105
   -7.5000   37.5000  -30.0000 9659.4482   22.5107
    0.0000   37.5000  -30.0000 9842.0488   22.5338
    7.5000   37.5000  -30.0000 9321.5010   22.5205
   -7.5000   45.0000  -30.0000 8656.4053   22.3210
    0.0000   45.0000  -30.0000 8820.9336   22.3389
    7.5000   45.0000  -30.0000 8314.5361   22.3267
   -7.5000  -45.0000  -22.500011486.2578   23.5275
    0.0000  -45.0000  -22.500011916.5889   23.5306
    7.5000  -45.0000  -22.500011274.3740   23.5166
   -7.5000  -37.5000  -22.500011884.5000   23.5173
    0.0000  -37.5000  -22.500012313.0430   23.5206
    7.5000  -37.5000  -22.500011652.5186   23.5211
   -7.5000  -30.0000  -22.500012609.9326   23.5111
    0.0000  -30.0000  -22.500013068.2178   23.5207
    7.5000  -30.0000  -22.500012388.1504   23.5299
   -7.5000  -22.5000  -22.500013280.3232   23.5081
    0.0000  -22.5000  -22.500013819.4844   23.5220
    7.5000  -22.5000  -22.500013048.6562   23.5243
   -7.5000  -15.0000  -22.500013943.4004   23.5167
    0.0000  -15.0000  -22.500014547.0508   23.5299
    7.5000  -15.0000  -22.500013702.0859   23.5206
   -7.5000   -7.5000  -22.500014516.9775   23.5271
    0.0000   -7.5000  -22.500015146.3340   23.5359
    7.5000   -7.5000  -22.500014259.1621   23.5190
   -7.5000    0.0000  -22.500014836.2637   23.5248
    0.0000    0.0000  -22.500015434.5342   23.5280
    7.5000    0.0000  -22.500014548.6797   23.5139
   -7.5000    7.5000  -22.500013991.8789   23.5173
    0.0000    7.5000  -22.500014487.4375   23.5206
    7.5000    7.5000  -22.500013663.4131   23.5211
   -7.5000   15.0000  -22.500013016.8457   23.5111
    0.0000   15.0000  -22.500013429.6992   23.5207
    7.5000   15.0000  -22.500012653.2930   23.5299
   -7.5000   22.5000  -22.500011950.9102   23.5008
    0.0000   22.5000  -22.500012267.7070   23.5148
    7.5000   22.5000  -22.500011574.9756   23.5171
   -7.5000   30.0000  -22.500010855.0781   23.2091
    0.0000   30.0000  -22.500011098.1191   23.2221
    7.5000   30.0000  -22.500010493.9834   23.2130
   -7.5000   37.5000  -22.500010119.0156   23.2309
    0.0000   37.5000  -22.500010344.5957   23.2397
    7.5000   37.5000  -22.5000 9797.5195   23.2232
   -7.5000   45.0000  -22.5000 9028.0176   23.0434
    0.0000   45.0000  -22.5000 9212.2373   23.0482
    7.5000   45.0000  -22.5000 8704.8408   23.0358
   -7.5000  -45.0000  -15.000012246.0527   24.0382
    0.0000  -45.0000  -15.000012658.5215   24.0346
    7.5000  -45.0000  -15.000011941.0312   24.0235
   -7.5000  -37.5000  -15.000012620.3789   24.0334
    0.0000  -37.5000  -15.000013067.4873   24.0344
    7.5000  -37.5000  -15.000012368.8359   24.0393
   -7.5000  -30.0000  -15.000013367.8486   24.0347
    0.0000  -30.0000  -15.000013866.1885   24.0427
    7.5000  -30.0000  -15.000013132.7373   24.0538
   -7.5000  -22.5000  -15.000014023.7246   24.0329
    0.0000  -22.5000  -15.000014575.1729   24.0416
    7.5000  -22.5000  -15.000013807.1895   24.0425
   -7.5000  -15.0000  -15.000014595.5859   24.0357
    0.0000  -15.0000  -15.000015248.6621   24.0404
    7.5000  -15.0000  -15.000014470.8350   24.0284
   -7.5000   -7.5000  -15.000015140.3643   24.0395
    0.0000   -7.5000  -15.000015821.0693   24.0387
    7.5000   -7.5000  -15.000015012.4766   24.0213
   -7.5000    0.0000  -15.000015437.9561   24.0354
    0.0000    0.0000  -15.000016102.2080   24.0318
    7.5000    0.0000  -15.000015258.8223   24.0208
   -7.5000    7.5000  -15.000014529.0488   24.0334
    0.0000    7.5000  -15.000015109.9229   24.0344
    7.5000    7.5000  -15.000014301.8301   24.0393
   -7.5000   15.0000  -15.000013534.0449   24.0347
    0.0000   15.0000  -15.000014004.2344   24.0427
    7.5000   15.0000  -15.000013253.7666   24.0538
   -7.5000   22.5000  -15.000012469.1143   24.0244
    0.0000   22.5000  -15.000012828.4727   24.0331
    7.5000   22.5000  -15.000012161.0244   24.0340
   -7.5000   30.0000  -15.000011333.7822   23.7246
    0.0000   30.0000  -15.000011616.1211   23.7292
    7.5000   30.0000  -15.000011017.1221   23.7174
   -7.5000   37.5000  -15.000010566.0059   23.7401
    0.0000   37.5000  -15.000010813.2861   23.7394
    7.5000   37.5000  -15.000010254.1523   23.7224
   -7.5000   45.0000  -15.0000 9378.8584   23.5556
    0.0000   45.0000  -15.0000 9551.1924   23.5536
    7.5000   45.0000  -15.0000 9056.8223   23.5438
   -7.5000  -45.0000   -7.500012811.4482   24.3128
    0.0000  -45.0000   -7.500013327.7568   24.3198
    7.5000  -45.0000   -7.500012579.4658   24.3143
   -7.5000  -37.5000   -7.500013232.3516   24.3112
    0.0000  -37.5000   -7.500013787.8633   24.3249
    7.5000  -37.5000   -7.500013042.3232   24.3365
   -7.5000  -30.0000   -7.500014073.1826   24.3159
    0.0000  -30.0000   -7.500014656.0703   24.3379
    7.5000  -30.0000   -7.500013923.7529   24.3576
   -7.5000  -22.5000   -7.500014674.2305   24.3155
    0.0000  -22.5000   -7.500015258.8262   24.3366
    7.5000  -22.5000   -7.500014604.4229   24.3465
   -7.5000  -15.0000   -7.500015250.2988   24.3164
    0.0000  -15.0000   -7.500015903.2812   24.3313
    7.5000  -15.0000   -7.500015236.4258   24.3263
   -7.5000   -7.5000   -7.500015833.9297   24.3156
    0.0000   -7.5000   -7.500016509.2734   24.3248
    7.5000   -7.5000   -7.500015777.9873   24.3125
   -7.5000    0.0000   -7.500016131.8105   24.3100
    0.0000    0.0000   -7.500016815.0098   24.3170
    7.5000    0.0000   -7.500016053.5732   24.3116
   -7.5000    7.5000   -7.500015208.9209   24.3112
    0.0000    7.5000   -7.500015845.1973   24.3249
    7.5000    7.5000   -7.500015053.4346   24.3365
   -7.5000   15.0000   -7.500014169.4521   24.3159
    0.0000   15.0000   -7.500014678.1641   24.3379
    7.5000   15.0000   -7.500013948.8994   24.3576
   -7.5000   22.5000   -7.500013046.5264   24.3043
    0.0000   22.5000   -7.500013454.7021   24.3253
    7.5000   22.5000   -7.500012782.1318   24.3352
   -7.5000   30.0000   -7.500011847.9775   24.0011
    0.0000   30.0000   -7.500012159.8281   24.0158
    7.5000   30.0000   -7.500011557.8623   24.0108
   -7.5000   37.5000   -7.500011025.8408   24.0118
    0.0000   37.5000   -7.500011303.3291   24.0210
    7.5000   37.5000   -7.500010734.5400   24.0090
   -7.5000   45.0000   -7.5000 9746.5117   23.8305
    0.0000   45.0000   -7.5000 9947.0059   23.8391
    7.5000   45.0000   -7.5000 9441.2578   23.8340
   -7.5000  -45.0000    0.000013166.7422   24.3959
    0.0000  -45.0000    0.000013787.2861   24.4192
    7.5000  -45.0000    0.000013090.5400   24.4175
   -7.5000  -37.5000    0.000013597.5117   24.3907
    0.0000  -37.5000    0.000014283.6699   24.4197
    7.5000  -37.5000    0.000013574.2793   24.4357
   -7.5000  -30.0000    0.000014520.7090   24.3907
    0.0000  -30.0000    0.000015194.7764   24.4284
    7.5000  -30.0000    0.000014543.0205   24.4561
   -7.5000  -22.5000    0.000015266.2744   24.3914
    0.0000  -22.5000    0.000015864.6250   24.4288
    7.5000  -22.5000    0.000015327.1201   24.4489
   -7.5000  -15.0000    0.000015946.3457   24.3974
    0.0000  -15.0000    0.000016565.2852   24.4284
    7.5000  -15.0000    0.000016021.5127   24.4323
   -7.5000   -7.5000    0.000016546.3359   24.3991
    0.0000   -7.5000    0.000017202.9180   24.4249
    7.5000   -7.5000    0.000016568.0684   24.4187
   -7.5000    0.0000    0.000016869.0645   24.3932
    0.0000    0.0000    0.000017515.2754   24.4165
    7.5000    0.0000    0.000016829.1328   24.4148
   -7.5000    7.5000    0.000015912.6074   24.3907
    0.0000    7.5000    0.000016499.6914   24.4197
    7.5000    7.5000    0.000015734.6973   24.4357
   -7.5000   15.0000    0.000014775.3545   24.3907
    0.0000   15.0000    0.000015254.2568   24.4284
    7.5000   15.0000    0.000014525.5996   24.4561
   -7.5000   22.5000    0.000013549.0156   24.3802
    0.0000   22.5000    0.000013953.9414   24.4175
    7.5000   22.5000    0.000013274.4727   24.4376
   -7.5000   30.0000    0.000012229.6377   24.0816
    0.0000   30.0000    0.000012567.8711   24.1123
    7.5000   30.0000    0.000011946.8760   24.1161
   -7.5000   37.5000    0.000011306.1445   24.0948
    0.0000   37.5000    0.000011629.2178   24.1203
    7.5000   37.5000    0.000011044.5762   24.1143
   -7.5000   45.0000    0.0000 9954.1592   23.9170
    0.0000   45.0000    0.000010211.5518   23.9420
    7.5000   45.0000    0.0000 9714.4277   23.9404
   -7.5000  -45.0000    7.500012616.8584   24.5094
    0.0000  -45.0000    7.500013183.0449   24.5365
    7.5000  -45.0000    7.500012614.9961   24.5292
   -7.5000  -37.5000    7.500013011.1914   24.4990
    0.0000  -37.5000    7.500013638.4189   24.5283
    7.5000  -37.5000    7.500013100.8545   24.5377
   -7.5000  -30.0000    7.500013862.8135   24.4905
    0.0000  -30.0000    7.500014513.6729   24.5285
    7.5000  -30.0000    7.500014014.6211   24.5516
   -7.5000  -22.5000    7.500014718.0547   24.4884
    0.0000  -22.5000    7.500015350.3496   24.5292
    7.5000  -22.5000    7.500014823.6162   24.5474
   -7.5000  -15.0000    7.500015545.6904   24.4996
    0.0000  -15.0000    7.500016230.5225   24.5367
    7.5000  -15.0000    7.500015570.3857   24.5400
   -7.5000   -7.5000    7.500016155.9795   24.5095
    0.0000   -7.5000    7.500016801.7852   24.5415
    7.5000   -7.5000    7.500016086.6768   24.5329
   -7.5000    0.0000    7.500016444.4785   24.5067
    0.0000    0.0000    7.500017007.9160   24.5337
    7.5000    0.0000    7.500016275.9561   24.5266
   -7.5000    7.5000    7.500015415.3457   24.4990
    0.0000    7.5000    7.500015898.1553   24.5283
    7.5000    7.5000    7.500015185.1084   24.5377
   -7.5000   15.0000    7.500014240.5713   24.4905
    0.0000   15.0000    7.500014676.5996   24.5285
    7.5000   15.0000    7.500014006.2158   24.5516
   -7.5000   22.5000    7.500012985.4697   24.4771
    0.0000   22.5000    7.500013386.8828   24.5179
    7.5000   22.5000    7.500012761.8057   24.5361
   -7.5000   30.0000    7.500011666.7158   24.1825
    0.0000   30.0000    7.500012043.5098   24.2191
    7.5000   30.0000    7.500011479.0303   24.2224
   -7.5000   37.5000    7.500010758.2852   24.2039
    0.0000   37.5000    7.500011117.4785   24.2356
    7.5000   37.5000    7.500010571.1006   24.2272
   -7.5000   45.0000    7.5000 9431.7217   24.0314
    0.0000   45.0000    7.5000 9737.7021   24.0602
    7.5000   45.0000    7.5000 9280.9043   24.0536
   -7.5000  -45.0000   15.000011984.1309   24.6319
    0.0000  -45.0000   15.000012503.8848   24.6499
    7.5000  -45.0000   15.000012006.0156   24.6353
   -7.5000  -37.5000   15.000012378.5127   24.6199
    0.0000  -37.5000   15.000012958.8174   24.6366
    7.5000  -37.5000   15.000012450.9062   24.6374
   -7.5000  -30.0000   15.000013206.8008   24.6089
    0.0000  -30.0000   15.000013825.8213   24.6334
    7.5000  -30.0000   15.000013292.4795   24.6469
   -7.5000  -22.5000   15.000013993.1797   24.6044
    0.0000  -22.5000   15.000014668.5635   24.6351
    7.5000  -22.5000   15.000014067.6338   24.6447
   -7.5000  -15.0000   15.000014761.6094   24.6164
    0.0000  -15.0000   15.000015491.6387   24.6467
    7.5000  -15.0000   15.000014796.9170   24.6434
   -7.5000   -7.5000   15.000015324.5410   24.6300
    0.0000   -7.5000   15.000016052.6465   24.6555
    7.5000   -7.5000   15.000015277.3896   24.6409
   -7.5000    0.0000   15.000015576.1250   24.6291
    0.0000    0.0000   15.000016285.5273   24.6471
    7.5000    0.0000   15.000015481.3320   24.6326
   -7.5000    7.5000   15.000014546.8066   24.6199
    0.0000    7.5000   15.000015185.7266   24.6366
    7.5000    7.5000   15.000014455.4102   24.6374
   -7.5000   15.0000   15.000013392.5850   24.6089
    0.0000   15.0000   15.000013983.3984   24.6334
    7.5000   15.0000   15.000013319.8906   24.6469
   -7.5000   22.5000   15.000012199.5322   24.5931
    0.0000   22.5000   15.000012732.3799   24.6237
    7.5000   22.5000   15.000012122.6455   24.6333
   -7.5000   30.0000   15.000010928.2783   24.2978
    0.0000   30.0000   15.000011398.0322   24.3277
    7.5000   30.0000   15.000010891.2422   24.3244
   -7.5000   37.5000   15.000010067.6514   24.3232
    0.0000   37.5000   15.000010472.6982   24.3486
    7.5000   37.5000   15.000010005.6348   24.3343
   -7.5000   45.0000   15.0000 8840.1445   24.1523
    0.0000   45.0000   15.0000 9169.4268   24.1720
    7.5000   45.0000   15.0000 8772.7451   24.1589
   -7.5000  -45.0000   22.500011216.3916   24.7136
    0.0000  -45.0000   22.500011677.9111   24.7177
    7.5000  -45.0000   22.500011174.7178   24.7026
   -7.5000  -37.5000   22.500011597.8623   24.7035
    0.0000  -37.5000   22.500012108.0898   24.7076
    7.5000  -37.5000   22.500011564.4102   24.7080
   -7.5000  -30.0000   22.500012358.3320   24.6983
    0.0000  -30.0000   22.500012903.0781   24.7091
    7.5000  -30.0000   22.500012360.6035   24.7189
   -7.5000  -22.5000   22.500013110.7402   24.6962
    0.0000  -22.5000   22.500013705.8623   24.7115
    7.5000  -22.5000   22.500013125.4033   24.7140
   -7.5000  -15.0000   22.500013827.1357   24.7050
    0.0000  -15.0000   22.500014455.8613   24.7196
    7.5000  -15.0000   22.500013814.6240   24.7097
   -7.5000   -7.5000   22.500014282.7979   24.7144
    0.0000   -7.5000   22.500014928.5820   24.7244
    7.5000   -7.5000   22.500014275.7871   24.7063
   -7.5000    0.0000   22.500014475.4717   24.7108
    0.0000    0.0000   22.500015136.9189   24.7149
    7.5000    0.0000   22.500014476.5127   24.6998
   -7.5000    7.5000   22.500013516.4199   24.7035
    0.0000    7.5000   22.500014120.5156   24.7076
    7.5000    7.5000   22.500013510.1123   24.7080
   -7.5000   15.0000   22.500012437.5186   24.6983
    0.0000   15.0000   22.500012994.9990   24.7091
    7.5000   15.0000   22.500012457.0420   24.7189
   -7.5000   22.5000   22.500011310.3799   24.6848
    0.0000   22.5000   22.500011827.3232   24.7001
    7.5000   22.5000   22.500011333.4727   24.7026
   -7.5000   30.0000   22.500010149.6113   24.3853
    0.0000   30.0000   22.500010605.6387   24.3997
    7.5000   30.0000   22.500010171.7432   24.3899
   -7.5000   37.5000   22.5000 9366.4658   24.4068
    0.0000   37.5000   22.5000 9757.8193   24.4168
    7.5000   37.5000   22.5000 9354.0811   24.3992
   -7.5000   45.0000   22.5000 8203.1816   24.2311
    0.0000   45.0000   22.5000 8514.1680   24.2369
    7.5000   45.0000   22.5000 8165.7271   24.2235
   -7.5000  -45.0000   30.000010327.1357   24.9920
    0.0000  -45.0000   30.000010742.1533   24.9891
    7.5000  -45.0000   30.000010266.6494   24.9771
   -7.5000  -37.5000   30.000010680.5977   24.9881
    0.0000  -37.5000   30.000011128.8291   24.9898
    7.5000  -37.5000   30.000010634.4336   24.9945
   -7.5000  -30.0000   30.000011408.8877   24.9922
    0.0000  -30.0000   30.000011887.5127   25.0013
    7.5000  -30.0000   30.000011357.6875   25.0126
   -7.5000  -22.5000   30.000012119.3789   24.9922
    0.0000  -22.5000   30.000012623.1260   25.0021
    7.5000  -22.5000   30.000012050.2256   25.0029
   -7.5000  -15.0000   30.000012757.9883   24.9946
    0.0000  -15.0000   30.000013304.3281   25.0005
    7.5000  -15.0000   30.000012687.8164   24.9878
   -7.5000   -7.5000   30.000013133.8740   24.9957
    0.0000   -7.5000   30.000013715.9229   24.9958
    7.5000   -7.5000   30.000013130.2803   24.9772
   -7.5000    0.0000   30.000013292.3818   24.9891
    0.0000    0.0000   30.000013908.6670   24.9862
    7.5000    0.0000   30.000013337.0820   24.9742
   -7.5000    7.5000   30.000012425.3438   24.9881
    0.0000    7.5000   30.000013005.4160   24.9898
    7.5000    7.5000   30.000012471.1357   24.9945
   -7.5000   15.0000   30.000011444.3340   24.9922
    0.0000   15.0000   30.000011971.1729   25.0013
    7.5000   15.0000   30.000011481.6572   25.0126
   -7.5000   22.5000   30.000010419.2949   24.9806
    0.0000   22.5000   30.000010879.8955   24.9906
    7.5000   22.5000   30.000010416.7373   24.9913
   -7.5000   30.0000   30.0000 9379.9131   24.6711
    0.0000   30.0000   30.0000 9766.5654   24.6769
    7.5000   30.0000   30.0000 9336.6582   24.6644
   -7.5000   37.5000   30.0000 8657.1533   24.6846
    0.0000   37.5000   30.0000 8983.5254   24.6849
    7.5000   37.5000   30.0000 8586.4795   24.6668
   -7.5000   45.0000   30.0000 7583.3931   24.5073
    0.0000   45.0000   30.0000 7862.8535   24.5062
    7.5000   45.0000   30.0000 7523.4746   24.4954
   -7.5000  -45.0000   37.5000 9851.1289   25.5439
    0.0000  -45.0000   37.500010230.2549   25.5563
    7.5000  -45.0000   37.5000 9776.3857   25.5557
   -7.5000  -37.5000   37.500010183.6504   25.5426
    0.0000  -37.5000   37.500010587.4941   25.5634
    7.5000  -37.5000   37.500010117.9590   25.5817
   -7.5000  -30.0000   37.500010895.2998   25.5493
    0.0000  -30.0000   37.500011339.4482   25.5793
    7.5000  -30.0000   37.500010812.8184   25.6069
   -7.5000  -22.5000   37.500011556.1758   25.5503
    0.0000  -22.5000   37.500012032.3076   25.5781
    7.5000  -22.5000   37.500011477.0479   25.5952
   -7.5000  -15.0000   37.500012163.9912   25.5512
    0.0000  -15.0000   37.500012666.4795   25.5711
    7.5000  -15.0000   37.500012083.1260   25.5718
   -7.5000   -7.5000   37.500012538.8184   25.5484
    0.0000   -7.5000   37.500013079.3164   25.5622
    7.5000   -7.5000   37.500012497.8174   25.5544
   -7.5000    0.0000   37.500012720.2344   25.5408
    0.0000    0.0000   37.500013274.2549   25.5533
    7.5000    0.0000   37.500012710.8867   25.5527
   -7.5000    7.5000   37.500011889.0361   25.5426
    0.0000    7.5000   37.500012430.2646   25.5634
    7.5000    7.5000   37.500011918.8438   25.5817
   -7.5000   15.0000   37.500010941.9736   25.5493
    0.0000   15.0000   37.500011454.4619   25.5793
    7.5000   15.0000   37.500010970.2998   25.6069
   -7.5000   22.5000   37.5000 9965.5371   25.5385
    0.0000   22.5000   37.500010409.0791   25.5663
    7.5000   22.5000   37.5000 9953.1523   25.5834
   -7.5000   30.0000   37.5000 8964.9355   25.2205
    0.0000   30.0000   37.5000 9341.6729   25.2402
    7.5000   30.0000   37.5000 8942.6445   25.2409
   -7.5000   37.5000   37.5000 8259.8164   25.2305
    0.0000   37.5000   37.5000 8589.2598   25.2442
    7.5000   37.5000   37.5000 8219.1396   25.2367
   -7.5000   45.0000   37.5000 7247.4614   25.0597
    0.0000   45.0000   37.5000 7519.9038   25.0740
    7.5000   45.0000   37.5000 7204.2397   25.0738
   -7.5000  -45.0000   45.0000 9019.8701   26.2346
    0.0000  -45.0000   45.0000 9357.2168   26.2671
    7.5000  -45.0000   45.0000 8924.1699   26.2629
   -7.5000  -37.5000   45.0000 9352.4150   26.2331
    0.0000  -37.5000   45.0000 9701.7598   26.2751
    7.5000  -37.5000   45.0000 9233.5420   26.2919
   -7.5000  -30.0000   45.0000 9992.8350   26.2391
    0.0000  -30.0000   45.000010378.3301   26.2914
    7.5000  -30.0000   45.0000 9892.0840   26.3225
   -7.5000  -22.5000   45.000010604.7988   26.2412
    0.0000  -22.5000   45.000011034.9053   26.2906
    7.5000  -22.5000   45.000010525.5977   26.3129
   -7.5000  -15.0000   45.000011138.6064   26.2440
    0.0000  -15.0000   45.000011602.4414   26.2834
    7.5000  -15.0000   45.000011093.0234   26.2865
   -7.5000   -7.5000   45.000011463.2959   26.2401
    0.0000   -7.5000   45.000011955.1064   26.2732
    7.5000   -7.5000   45.000011436.5273   26.2640
   -7.5000    0.0000   45.000011633.9121   26.2314
    0.0000    0.0000   45.000012137.6484   26.2639
    7.5000    0.0000   45.000011628.3711   26.2598
   -7.5000    7.5000   45.000010887.0840   26.2331
    0.0000    7.5000   45.000011372.8145   26.2751
    7.5000    7.5000   45.000010916.8789   26.2919
   -7.5000   15.0000   45.000010061.9873   26.2391
    0.0000   15.0000   45.000010512.4873   26.2914
    7.5000   15.0000   45.000010068.4551   26.3225
   -7.5000   22.5000   45.0000 9153.4512   26.2290
    0.0000   22.5000   45.0000 9569.4365   26.2784
    7.5000   22.5000   45.0000 9155.4746   26.3007
   -7.5000   30.0000   45.0000 8225.9844   25.9021
    0.0000   30.0000   45.0000 8574.3291   25.9409
    7.5000   30.0000   45.0000 8214.1035   25.9440
   -7.5000   37.5000   45.0000 7564.4985   25.9115
    0.0000   37.5000   45.0000 7870.3970   25.9443
    7.5000   37.5000   45.0000 7542.0127   25.9353
   -7.5000   45.0000   45.0000 6633.9624   25.7676
    0.0000   45.0000   45.0000 6889.8623   25.8023
    7.5000   45.0000   45.0000 6595.4604   25.7981

---------------------------------------------------------------------
imgreg_4dfp /opt/freesurfer/average/711-2C_as_mni_average_305 /opt/freesurfer/average/711-2B_as_mni_average_305_mask talsrcimg_g11 none talsrcimg_to_711-2C_as_mni_average_305_t4 4355
---------------------------------------------------------------------

freesurfer imgreg_4dfp.c
/opt/freesurfer/average/711-2C_as_mni_average_305.4dfp.img
       256       256       256         1
  1.000000  1.000000  1.000000
orientation T byte_order littleendian
Reading image: /opt/freesurfer/average/711-2C_as_mni_average_305.4dfp.img
dimensions:      256       256       256
mmppix:       1.0000   -1.0000   -1.0000
center:     128.0000 -129.0000 -129.0000
/opt/freesurfer/average/711-2B_as_mni_average_305_mask.4dfp.img
       256       256       256         1
  1.000000  1.000000  1.000000
orientation T byte_order littleendian
Reading mask: /opt/freesurfer/average/711-2B_as_mni_average_305_mask.4dfp.img (2306576 pixels)
talsrcimg_g11.4dfp.img
       256       256       256         1
  1.000000  1.000000  1.000000
orientation T byte_order littleendian
Reading image: talsrcimg_g11.4dfp.img
dimensions:      256       256       256
mmppix:       1.0000   -1.0000   -1.0000
center:     128.0000 -129.0000 -129.0000
rotation matrix determinant  1.000000
image alignment mode   4355 decimal     1103 hex
   -7.5000  -45.0000  -45.0000 2303.4912   20.7014
    0.0000  -45.0000  -45.0000 2312.6387   20.5570
    7.5000  -45.0000  -45.0000 2284.1167   20.8750
   -7.5000  -37.5000  -45.0000 2359.2788   19.5875
    0.0000  -37.5000  -45.0000 2374.8252   19.4147
    7.5000  -37.5000  -45.0000 2343.1226   19.7244
   -7.5000  -30.0000  -45.0000 2392.1084   18.8472
    0.0000  -30.0000  -45.0000 2406.3838   18.7480
    7.5000  -30.0000  -45.0000 2388.6106   19.0094
   -7.5000  -22.5000  -45.0000 2414.0447   18.4759
    0.0000  -22.5000  -45.0000 2427.5896   18.3556
    7.5000  -22.5000  -45.0000 2412.8894   18.6355
   -7.5000  -15.0000  -45.0000 2412.3315   18.4124
    0.0000  -15.0000  -45.0000 2433.5422   18.3086
    7.5000  -15.0000  -45.0000 2412.6982   18.5451
   -7.5000   -7.5000  -45.0000 2393.2986   18.7272
    0.0000   -7.5000  -45.0000 2417.3696   18.5799
    7.5000   -7.5000  -45.0000 2394.0771   18.8216
   -7.5000    0.0000  -45.0000 2350.9663   19.3986
    0.0000    0.0000  -45.0000 2375.4917   19.1987
    7.5000    0.0000  -45.0000 2351.0852   19.4131
   -7.5000    7.5000  -45.0000 2283.6531   20.3664
    0.0000    7.5000  -45.0000 2310.3730   20.1024
    7.5000    7.5000  -45.0000 2286.7124   20.3855
   -7.5000   15.0000  -45.0000 2198.0745   21.7418
    0.0000   15.0000  -45.0000 2221.1887   21.4588
    7.5000   15.0000  -45.0000 2196.5120   21.7778
   -7.5000   22.5000  -45.0000 2095.1211   23.6538
    0.0000   22.5000  -45.0000 2110.0139   23.3660
    7.5000   22.5000  -45.0000 2086.3381   23.7464
   -7.5000   30.0000  -45.0000 1976.5077   26.3750
    0.0000   30.0000  -45.0000 1992.6754   26.0374
    7.5000   30.0000  -45.0000 1973.0670   26.3768
   -7.5000   37.5000  -45.0000 1851.9602   30.1680
    0.0000   37.5000  -45.0000 1871.0040   29.8527
    7.5000   37.5000  -45.0000 1849.5452   30.1787
   -7.5000   45.0000  -45.0000 1719.1455   35.4687
    0.0000   45.0000  -45.0000 1736.1346   35.0685
    7.5000   45.0000  -45.0000 1715.7871   35.4347
   -7.5000  -45.0000  -37.5000 2380.3823   19.3738
    0.0000  -45.0000  -37.5000 2387.9729   19.2744
    7.5000  -45.0000  -37.5000 2352.5256   19.5954
   -7.5000  -37.5000  -37.5000 2440.1299   18.2981
    0.0000  -37.5000  -37.5000 2451.5962   18.1872
    7.5000  -37.5000  -37.5000 2418.1423   18.5105
   -7.5000  -30.0000  -37.5000 2479.3757   17.6357
    0.0000  -30.0000  -37.5000 2495.6826   17.5689
    7.5000  -30.0000  -37.5000 2468.1394   17.8308
   -7.5000  -22.5000  -37.5000 2504.4224   17.3197
    0.0000  -22.5000  -37.5000 2521.8760   17.2294
    7.5000  -22.5000  -37.5000 2494.8174   17.4829
   -7.5000  -15.0000  -37.5000 2500.0171   17.3289
    0.0000  -15.0000  -37.5000 2523.8467   17.2794
    7.5000  -15.0000  -37.5000 2496.6533   17.4728
   -7.5000   -7.5000  -37.5000 2480.0793   17.7148
    0.0000   -7.5000  -37.5000 2506.0891   17.6214
    7.5000   -7.5000  -37.5000 2480.1980   17.7795
   -7.5000    0.0000  -37.5000 2437.2581   18.3578
    0.0000    0.0000  -37.5000 2461.5173   18.1896
    7.5000    0.0000  -37.5000 2431.8601   18.3670
   -7.5000    7.5000  -37.5000 2368.3794   19.2648
    0.0000    7.5000  -37.5000 2391.8699   19.0550
    7.5000    7.5000  -37.5000 2362.2559   19.3059
   -7.5000   15.0000  -37.5000 2277.1841   20.4673
    0.0000   15.0000  -37.5000 2297.1831   20.2692
    7.5000   15.0000  -37.5000 2269.3752   20.5537
   -7.5000   22.5000  -37.5000 2166.5474   22.2548
    0.0000   22.5000  -37.5000 2182.7659   21.9943
    7.5000   22.5000  -37.5000 2155.7100   22.3117
   -7.5000   30.0000  -37.5000 2040.7574   24.8081
    0.0000   30.0000  -37.5000 2047.7616   24.5014
    7.5000   30.0000  -37.5000 2026.9005   24.8227
   -7.5000   37.5000  -37.5000 1911.3311   28.3466
    0.0000   37.5000  -37.5000 1918.3258   28.0078
    7.5000   37.5000  -37.5000 1899.0736   28.3012
   -7.5000   45.0000  -37.5000 1770.0886   33.1574
    0.0000   45.0000  -37.5000 1782.7419   32.6955
    7.5000   45.0000  -37.5000 1761.0710   33.1268
   -7.5000  -45.0000  -30.0000 2497.3625   18.6559
    0.0000  -45.0000  -30.0000 2503.6799   18.6300
    7.5000  -45.0000  -30.0000 2468.9744   18.9599
   -7.5000  -37.5000  -30.0000 2566.6685   17.6608
    0.0000  -37.5000  -30.0000 2575.4155   17.5930
    7.5000  -37.5000  -30.0000 2543.2356   17.9256
   -7.5000  -30.0000  -30.0000 2615.8369   17.0185
    0.0000  -30.0000  -30.0000 2629.5459   16.9632
    7.5000  -30.0000  -30.0000 2598.0728   17.2483
   -7.5000  -22.5000  -30.0000 2638.1760   16.7582
    0.0000  -22.5000  -30.0000 2660.9834   16.6811
    7.5000  -22.5000  -30.0000 2630.6301   16.9289
   -7.5000  -15.0000  -30.0000 2639.0195   16.8534
    0.0000  -15.0000  -30.0000 2666.9131   16.8011
    7.5000  -15.0000  -30.0000 2632.7395   17.0063
   -7.5000   -7.5000  -30.0000 2625.2297   17.2691
    0.0000   -7.5000  -30.0000 2654.1074   17.2064
    7.5000   -7.5000  -30.0000 2618.3076   17.3864
   -7.5000    0.0000  -30.0000 2579.8054   17.9128
    0.0000    0.0000  -30.0000 2604.2070   17.8026
    7.5000    0.0000  -30.0000 2567.4275   17.9865
   -7.5000    7.5000  -30.0000 2507.8350   18.7867
    0.0000    7.5000  -30.0000 2525.7725   18.6393
    7.5000    7.5000  -30.0000 2491.8796   18.8683
   -7.5000   15.0000  -30.0000 2403.8511   19.9733
    0.0000   15.0000  -30.0000 2424.3630   19.7789
    7.5000   15.0000  -30.0000 2390.7234   20.0286
   -7.5000   22.5000  -30.0000 2282.3130   21.6437
    0.0000   22.5000  -30.0000 2295.6448   21.4436
    7.5000   22.5000  -30.0000 2266.2290   21.7133
   -7.5000   30.0000  -30.0000 2143.7515   24.1469
    0.0000   30.0000  -30.0000 2149.6406   23.8994
    7.5000   30.0000  -30.0000 2129.2385   24.1671
   -7.5000   37.5000  -30.0000 2000.6287   27.5804
    0.0000   37.5000  -30.0000 2006.5046   27.2049
    7.5000   37.5000  -30.0000 1987.5352   27.5190
   -7.5000   45.0000  -30.0000 1856.1293   32.1143
    0.0000   45.0000  -30.0000 1864.1685   31.5706
    7.5000   45.0000  -30.0000 1843.3586   31.9839
   -7.5000  -45.0000  -22.5000 2588.5876   17.9036
    0.0000  -45.0000  -22.5000 2596.2297   17.8932
    7.5000  -45.0000  -22.5000 2558.6973   18.2753
   -7.5000  -37.5000  -22.5000 2668.0344   16.9155
    0.0000  -37.5000  -22.5000 2676.5535   16.8913
    7.5000  -37.5000  -22.5000 2639.1758   17.2298
   -7.5000  -30.0000  -22.5000 2718.4272   16.3069
    0.0000  -30.0000  -22.5000 2734.5798   16.2746
    7.5000  -30.0000  -22.5000 2698.3552   16.6096
   -7.5000  -22.5000  -22.5000 2751.7568   16.0519
    0.0000  -22.5000  -22.5000 2777.4541   16.0145
    7.5000  -22.5000  -22.5000 2734.7341   16.3066
   -7.5000  -15.0000  -22.5000 2757.1741   16.2027
    0.0000  -15.0000  -22.5000 2788.0039   16.1834
    7.5000  -15.0000  -22.5000 2739.4546   16.4329
   -7.5000   -7.5000  -22.5000 2741.9497   16.6574
    0.0000   -7.5000  -22.5000 2771.7534   16.6295
    7.5000   -7.5000  -22.5000 2723.3931   16.8219
   -7.5000    0.0000  -22.5000 2691.4009   17.2799
    0.0000    0.0000  -22.5000 2714.5134   17.2735
    7.5000    0.0000  -22.5000 2671.1877   17.4455
   -7.5000    7.5000  -22.5000 2607.4189   18.1406
    0.0000    7.5000  -22.5000 2630.7200   18.0573
    7.5000    7.5000  -22.5000 2588.1765   18.2622
   -7.5000   15.0000  -22.5000 2495.5872   19.3146
    0.0000   15.0000  -22.5000 2515.6851   19.2123
    7.5000   15.0000  -22.5000 2472.6719   19.3985
   -7.5000   22.5000  -22.5000 2360.2986   20.9616
    0.0000   22.5000  -22.5000 2380.3230   20.8034
    7.5000   22.5000  -22.5000 2347.5188   21.0429
   -7.5000   30.0000  -22.5000 2215.1973   23.3594
    0.0000   30.0000  -22.5000 2231.2974   23.1372
    7.5000   30.0000  -22.5000 2208.2922   23.4095
   -7.5000   37.5000  -22.5000 2063.4236   26.6488
    0.0000   37.5000  -22.5000 2076.2300   26.2683
    7.5000   37.5000  -22.5000 2057.7500   26.5490
   -7.5000   45.0000  -22.5000 1911.7506   30.9989
    0.0000   45.0000  -22.5000 1922.9326   30.4002
    7.5000   45.0000  -22.5000 1896.8220   30.7543
   -7.5000  -45.0000  -15.0000 2642.8621   17.2158
    0.0000  -45.0000  -15.0000 2650.6311   17.2371
    7.5000  -45.0000  -15.0000 2607.5527   17.6683
   -7.5000  -37.5000  -15.0000 2728.9556   16.2148
    0.0000  -37.5000  -15.0000 2739.7251   16.2381
    7.5000  -37.5000  -15.0000 2705.9673   16.6864
   -7.5000  -30.0000  -15.0000 2786.0342   15.6429
    0.0000  -30.0000  -15.0000 2808.5044   15.6625
    7.5000  -30.0000  -15.0000 2767.2312   16.1071
   -7.5000  -22.5000  -15.0000 2833.2339   15.3701
    0.0000  -22.5000  -15.0000 2853.8887   15.3772
    7.5000  -22.5000  -15.0000 2807.0476   15.7900
   -7.5000  -15.0000  -15.0000 2838.7029   15.5283
    0.0000  -15.0000  -15.0000 2869.1587   15.5331
    7.5000  -15.0000  -15.0000 2821.2634   15.8703
   -7.5000   -7.5000  -15.0000 2817.6533   15.9525
    0.0000   -7.5000  -15.0000 2845.7932   15.9700
    7.5000   -7.5000  -15.0000 2798.3740   16.2803
   -7.5000    0.0000  -15.0000 2753.2476   16.6202
    0.0000    0.0000  -15.0000 2772.2429   16.6120
    7.5000    0.0000  -15.0000 2729.6069   16.9017
   -7.5000    7.5000  -15.0000 2655.8291   17.5549
    0.0000    7.5000  -15.0000 2679.6448   17.5089
    7.5000    7.5000  -15.0000 2637.8445   17.7317
   -7.5000   15.0000  -15.0000 2538.0000   18.7399
    0.0000   15.0000  -15.0000 2558.8130   18.6599
    7.5000   15.0000  -15.0000 2517.9817   18.8986
   -7.5000   22.5000  -15.0000 2404.6392   20.3677
    0.0000   22.5000  -15.0000 2420.7651   20.2341
    7.5000   22.5000  -15.0000 2390.1497   20.4831
   -7.5000   30.0000  -15.0000 2255.0093   22.6837
    0.0000   30.0000  -15.0000 2273.3613   22.4398
    7.5000   30.0000  -15.0000 2244.7422   22.7077
   -7.5000   37.5000  -15.0000 2099.6462   25.7430
    0.0000   37.5000  -15.0000 2112.7651   25.4059
    7.5000   37.5000  -15.0000 2087.0894   25.7100
   -7.5000   45.0000  -15.0000 1938.7152   29.8725
    0.0000   45.0000  -15.0000 1946.8021   29.4125
    7.5000   45.0000  -15.0000 1926.3312   29.7578
   -7.5000  -45.0000   -7.5000 2663.9575   16.6110
    0.0000  -45.0000   -7.5000 2674.0181   16.7626
    7.5000  -45.0000   -7.5000 2631.2441   17.2878
   -7.5000  -37.5000   -7.5000 2758.6785   15.6313
    0.0000  -37.5000   -7.5000 2772.8999   15.7672
    7.5000  -37.5000   -7.5000 2728.4744   16.3194
   -7.5000  -30.0000   -7.5000 2828.2017   15.1411
    0.0000  -30.0000   -7.5000 2854.2158   15.2233
    7.5000  -30.0000   -7.5000 2804.8352   15.7460
   -7.5000  -22.5000   -7.5000 2881.2156   14.8978
    0.0000  -22.5000   -7.5000 2904.5178   14.9143
    7.5000  -22.5000   -7.5000 2852.5063   15.4677
   -7.5000  -15.0000   -7.5000 2888.7625   14.9695
    0.0000  -15.0000   -7.5000 2912.5063   14.9997
    7.5000  -15.0000   -7.5000 2866.7869   15.4792
   -7.5000   -7.5000   -7.5000 2856.7002   15.4644
    0.0000   -7.5000   -7.5000 2877.2798   15.4782
    7.5000   -7.5000   -7.5000 2835.8928   15.8900
   -7.5000    0.0000   -7.5000 2778.4924   16.2120
    0.0000    0.0000   -7.5000 2798.6167   16.2066
    7.5000    0.0000   -7.5000 2760.4631   16.5470
   -7.5000    7.5000   -7.5000 2679.7454   17.1760
    0.0000    7.5000   -7.5000 2703.6648   17.1410
    7.5000    7.5000   -7.5000 2658.5769   17.4619
   -7.5000   15.0000   -7.5000 2558.5205   18.4257
    0.0000   15.0000   -7.5000 2575.4167   18.3428
    7.5000   15.0000   -7.5000 2540.6692   18.6784
   -7.5000   22.5000   -7.5000 2419.7996   20.0531
    0.0000   22.5000   -7.5000 2434.1462   19.8924
    7.5000   22.5000   -7.5000 2404.8027   20.2313
   -7.5000   30.0000   -7.5000 2268.6619   22.2742
    0.0000   30.0000   -7.5000 2280.8979   22.0171
    7.5000   30.0000   -7.5000 2255.8667   22.3480
   -7.5000   37.5000   -7.5000 2107.7087   25.2479
    0.0000   37.5000   -7.5000 2123.3130   24.9066
    7.5000   37.5000   -7.5000 2097.2119   25.2504
   -7.5000   45.0000   -7.5000 1944.8477   29.0007
    0.0000   45.0000   -7.5000 1958.6221   28.6385
    7.5000   45.0000   -7.5000 1933.9781   29.0546
   -7.5000  -45.0000    0.0000 2673.1638   16.3394
    0.0000  -45.0000    0.0000 2685.7256   16.5131
    7.5000  -45.0000    0.0000 2639.2913   17.1173
   -7.5000  -37.5000    0.0000 2770.1726   15.3911
    0.0000  -37.5000    0.0000 2783.8398   15.5607
    7.5000  -37.5000    0.0000 2733.6548   16.1913
   -7.5000  -30.0000    0.0000 2845.1682   14.9069
    0.0000  -30.0000    0.0000 2862.8706   15.0509
    7.5000  -30.0000    0.0000 2812.3535   15.6493
   -7.5000  -22.5000    0.0000 2899.7517   14.7205
    0.0000  -22.5000    0.0000 2913.1682   14.7776
    7.5000  -22.5000    0.0000 2863.3035   15.3957
   -7.5000  -15.0000    0.0000 2907.0654   14.8857
    0.0000  -15.0000    0.0000 2921.9668   14.8488
    7.5000  -15.0000    0.0000 2874.6655   15.4708
   -7.5000   -7.5000    0.0000 2870.8762   15.3913
    0.0000   -7.5000    0.0000 2885.7859   15.3581
    7.5000   -7.5000    0.0000 2842.6165   15.8439
   -7.5000    0.0000    0.0000 2786.9265   16.1554
    0.0000    0.0000    0.0000 2798.8806   16.0861
    7.5000    0.0000    0.0000 2765.5232   16.4881
   -7.5000    7.5000    0.0000 2678.4722   17.1568
    0.0000    7.5000    0.0000 2696.8020   17.0292
    7.5000    7.5000    0.0000 2657.2961   17.4094
   -7.5000   15.0000    0.0000 2549.8167   18.4501
    0.0000   15.0000    0.0000 2565.0129   18.2853
    7.5000   15.0000    0.0000 2533.2217   18.6566
   -7.5000   22.5000    0.0000 2412.6533   20.0969
    0.0000   22.5000    0.0000 2424.4656   19.8239
    7.5000   22.5000    0.0000 2396.4626   20.2015
   -7.5000   30.0000    0.0000 2257.4287   22.2679
    0.0000   30.0000    0.0000 2269.7026   21.9444
    7.5000   30.0000    0.0000 2246.2849   22.2761
   -7.5000   37.5000    0.0000 2101.5676   25.1811
    0.0000   37.5000    0.0000 2111.2795   24.7635
    7.5000   37.5000    0.0000 2089.8899   25.0746
   -7.5000   45.0000    0.0000 1945.2251   28.9316
    0.0000   45.0000    0.0000 1949.6581   28.4335
    7.5000   45.0000    0.0000 1930.0977   28.7948
   -7.5000  -45.0000    7.5000 2679.9941   16.4254
    0.0000  -45.0000    7.5000 2681.0525   16.5465
    7.5000  -45.0000    7.5000 2636.5347   17.2246
   -7.5000  -37.5000    7.5000 2769.1472   15.5212
    0.0000  -37.5000    7.5000 2774.1655   15.6057
    7.5000  -37.5000    7.5000 2729.6941   16.2941
   -7.5000  -30.0000    7.5000 2838.4631   15.0328
    0.0000  -30.0000    7.5000 2851.1626   15.1243
    7.5000  -30.0000    7.5000 2797.7261   15.7888
   -7.5000  -22.5000    7.5000 2888.2136   14.9053
    0.0000  -22.5000    7.5000 2891.2502   14.9406
    7.5000  -22.5000    7.5000 2839.2810   15.5778
   -7.5000  -15.0000    7.5000 2887.3997   15.2055
    0.0000  -15.0000    7.5000 2898.6914   15.2328
    7.5000  -15.0000    7.5000 2848.6091   15.6954
   -7.5000   -7.5000    7.5000 2846.5981   15.7339
    0.0000   -7.5000    7.5000 2858.5623   15.7051
    7.5000   -7.5000    7.5000 2814.4673   16.1166
   -7.5000    0.0000    7.5000 2759.9629   16.4221
    0.0000    0.0000    7.5000 2771.3958   16.3148
    7.5000    0.0000    7.5000 2734.2859   16.7188
   -7.5000    7.5000    7.5000 2648.3254   17.3642
    0.0000    7.5000    7.5000 2659.2397   17.1849
    7.5000    7.5000    7.5000 2629.8904   17.5622
   -7.5000   15.0000    7.5000 2522.0515   18.6313
    0.0000   15.0000    7.5000 2534.7019   18.4225
    7.5000   15.0000    7.5000 2508.8899   18.7999
   -7.5000   22.5000    7.5000 2387.6506   20.2867
    0.0000   22.5000    7.5000 2399.3313   20.0347
    7.5000   22.5000    7.5000 2376.0542   20.4040
   -7.5000   30.0000    7.5000 2238.9399   22.4636
    0.0000   30.0000    7.5000 2248.1926   22.1553
    7.5000   30.0000    7.5000 2229.3955   22.5280
   -7.5000   37.5000    7.5000 2080.4182   25.3327
    0.0000   37.5000    7.5000 2092.9712   25.0017
    7.5000   37.5000    7.5000 2069.8650   25.3345
   -7.5000   45.0000    7.5000 1923.5597   29.0696
    0.0000   45.0000    7.5000 1931.8865   28.6695
    7.5000   45.0000    7.5000 1913.2804   28.9989
   -7.5000  -45.0000   15.0000 2673.1516   16.8531
    0.0000  -45.0000   15.0000 2666.2827   16.9560
    7.5000  -45.0000   15.0000 2620.2278   17.6736
   -7.5000  -37.5000   15.0000 2750.4834   15.9912
    0.0000  -37.5000   15.0000 2746.2314   16.0504
    7.5000  -37.5000   15.0000 2702.3105   16.7301
   -7.5000  -30.0000   15.0000 2805.6775   15.5183
    0.0000  -30.0000   15.0000 2812.2034   15.5809
    7.5000  -30.0000   15.0000 2756.6587   16.1903
   -7.5000  -22.5000   15.0000 2839.5115   15.3824
    0.0000  -22.5000   15.0000 2845.7703   15.4215
    7.5000  -22.5000   15.0000 2792.0432   15.9844
   -7.5000  -15.0000   15.0000 2830.6377   15.6835
    0.0000  -15.0000   15.0000 2847.9065   15.7136
    7.5000  -15.0000   15.0000 2793.5281   16.1439
   -7.5000   -7.5000   15.0000 2786.6821   16.2174
    0.0000   -7.5000   15.0000 2799.9331   16.2440
    7.5000   -7.5000   15.0000 2752.0740   16.6016
   -7.5000    0.0000   15.0000 2696.8208   16.9390
    0.0000    0.0000   15.0000 2709.5444   16.9181
    7.5000    0.0000   15.0000 2674.4282   17.2633
   -7.5000    7.5000   15.0000 2588.2090   17.8821
    0.0000    7.5000   15.0000 2603.9714   17.8503
    7.5000    7.5000   15.0000 2575.4077   18.1452
   -7.5000   15.0000   15.0000 2465.2827   19.1452
    0.0000   15.0000   15.0000 2484.7910   18.9990
    7.5000   15.0000   15.0000 2456.3484   19.3540
   -7.5000   22.5000   15.0000 2348.2876   20.7790
    0.0000   22.5000   15.0000 2364.3142   20.5835
    7.5000   22.5000   15.0000 2335.5481   20.9163
   -7.5000   30.0000   15.0000 2198.2434   22.8820
    0.0000   30.0000   15.0000 2214.1501   22.6876
    7.5000   30.0000   15.0000 2196.9106   23.0220
   -7.5000   37.5000   15.0000 2042.6335   25.7492
    0.0000   37.5000   15.0000 2054.3804   25.4315
    7.5000   37.5000   15.0000 2039.7812   25.8044
   -7.5000   45.0000   15.0000 1893.4921   29.4533
    0.0000   45.0000   15.0000 1902.8898   29.0422
    7.5000   45.0000   15.0000 1888.1870   29.5062
   -7.5000  -45.0000   22.5000 2640.0044   17.5792
    0.0000  -45.0000   22.5000 2628.9253   17.6938
    7.5000  -45.0000   22.5000 2583.8171   18.4106
   -7.5000  -37.5000   22.5000 2710.1343   16.7198
    0.0000  -37.5000   22.5000 2705.3123   16.7856
    7.5000  -37.5000   22.5000 2652.7280   17.4310
   -7.5000  -30.0000   22.5000 2753.9341   16.1920
    0.0000  -30.0000   22.5000 2759.1719   16.2558
    7.5000  -30.0000   22.5000 2701.3149   16.8878
   -7.5000  -22.5000   22.5000 2779.5505   16.0764
    0.0000  -22.5000   22.5000 2786.4124   16.1272
    7.5000  -22.5000   22.5000 2732.4241   16.6789
   -7.5000  -15.0000   22.5000 2769.3069   16.3337
    0.0000  -15.0000   22.5000 2776.1902   16.3639
    7.5000  -15.0000   22.5000 2726.7043   16.8082
   -7.5000   -7.5000   22.5000 2717.6113   16.8364
    0.0000   -7.5000   22.5000 2724.4214   16.9117
    7.5000   -7.5000   22.5000 2683.5095   17.2905
   -7.5000    0.0000   22.5000 2627.4497   17.6079
    0.0000    0.0000   22.5000 2638.5823   17.6494
    7.5000    0.0000   22.5000 2606.4041   18.0300
   -7.5000    7.5000   22.5000 2522.3157   18.6239
    0.0000    7.5000   22.5000 2536.9736   18.6591
    7.5000    7.5000   22.5000 2509.6069   19.0066
   -7.5000   15.0000   22.5000 2405.3281   19.9228
    0.0000   15.0000   22.5000 2418.9941   19.8724
    7.5000   15.0000   22.5000 2400.7446   20.2406
   -7.5000   22.5000   22.5000 2288.4290   21.5874
    0.0000   22.5000   22.5000 2304.7136   21.4272
    7.5000   22.5000   22.5000 2286.9453   21.7732
   -7.5000   30.0000   22.5000 2153.1038   23.6801
    0.0000   30.0000   22.5000 2167.4814   23.4804
    7.5000   30.0000   22.5000 2151.3503   23.8022
   -7.5000   37.5000   22.5000 2006.8457   26.5359
    0.0000   37.5000   22.5000 2016.5859   26.2682
    7.5000   37.5000   22.5000 2005.9531   26.6017
   -7.5000   45.0000   22.5000 1852.2639   30.3273
    0.0000   45.0000   22.5000 1861.7559   29.9009
    7.5000   45.0000   22.5000 1855.0781   30.3401
   -7.5000  -45.0000   30.0000 2584.4109   18.5713
    0.0000  -45.0000   30.0000 2573.5044   18.6764
    7.5000  -45.0000   30.0000 2527.1343   19.3608
   -7.5000  -37.5000   30.0000 2651.2991   17.6084
    0.0000  -37.5000   30.0000 2640.3445   17.7045
    7.5000  -37.5000   30.0000 2589.5688   18.3863
   -7.5000  -30.0000   30.0000 2693.2598   17.0677
    0.0000  -30.0000   30.0000 2687.6665   17.1826
    7.5000  -30.0000   30.0000 2628.2124   17.7641
   -7.5000  -22.5000   30.0000 2710.6982   16.9327
    0.0000  -22.5000   30.0000 2707.5864   17.0052
    7.5000  -22.5000   30.0000 2649.9580   17.5063
   -7.5000  -15.0000   30.0000 2687.8198   17.1541
    0.0000  -15.0000   30.0000 2691.8479   17.2080
    7.5000  -15.0000   30.0000 2639.6174   17.6515
   -7.5000   -7.5000   30.0000 2629.3552   17.6507
    0.0000   -7.5000   30.0000 2636.5471   17.7490
    7.5000   -7.5000   30.0000 2601.1641   18.2033
   -7.5000    0.0000   30.0000 2543.3667   18.4880
    0.0000    0.0000   30.0000 2551.8503   18.5455
    7.5000    0.0000   30.0000 2528.5562   18.9864
   -7.5000    7.5000   30.0000 2447.9988   19.5860
    0.0000    7.5000   30.0000 2460.3579   19.6268
    7.5000    7.5000   30.0000 2440.3757   20.0330
   -7.5000   15.0000   30.0000 2337.4998   20.9370
    0.0000   15.0000   30.0000 2349.5901   20.9490
    7.5000   15.0000   30.0000 2336.0359   21.3155
   -7.5000   22.5000   30.0000 2222.0984   22.6632
    0.0000   22.5000   30.0000 2236.1299   22.5444
    7.5000   22.5000   30.0000 2220.3586   22.8538
   -7.5000   30.0000   30.0000 2098.5754   24.8335
    0.0000   30.0000   30.0000 2108.2012   24.5972
    7.5000   30.0000   30.0000 2089.2368   24.9055
   -7.5000   37.5000   30.0000 1959.0502   27.7199
    0.0000   37.5000   30.0000 1965.8329   27.4307
    7.5000   37.5000   30.0000 1950.2936   27.7858
   -7.5000   45.0000   30.0000 1809.8900   31.5260
    0.0000   45.0000   30.0000 1818.0829   31.1495
    7.5000   45.0000   30.0000 1805.0013   31.5901
   -7.5000  -45.0000   37.5000 2517.9995   19.8122
    0.0000  -45.0000   37.5000 2504.8926   19.8596
    7.5000  -45.0000   37.5000 2460.8494   20.5380
   -7.5000  -37.5000   37.5000 2578.4863   18.7880
    0.0000  -37.5000   37.5000 2566.1218   18.8344
    7.5000  -37.5000   37.5000 2514.9556   19.4910
   -7.5000  -30.0000   37.5000 2619.1934   18.1932
    0.0000  -30.0000   37.5000 2607.8899   18.2958
    7.5000  -30.0000   37.5000 2550.3074   18.8445
   -7.5000  -22.5000   37.5000 2623.7991   18.0242
    0.0000  -22.5000   37.5000 2618.2258   18.0880
    7.5000  -22.5000   37.5000 2564.2686   18.6114
   -7.5000  -15.0000   37.5000 2597.9517   18.2112
    0.0000  -15.0000   37.5000 2596.3408   18.2338
    7.5000  -15.0000   37.5000 2547.5930   18.7039
   -7.5000   -7.5000   37.5000 2543.1331   18.7449
    0.0000   -7.5000   37.5000 2548.8643   18.7935
    7.5000   -7.5000   37.5000 2509.8518   19.2603
   -7.5000    0.0000   37.5000 2463.6772   19.5973
    0.0000    0.0000   37.5000 2472.6475   19.6669
    7.5000    0.0000   37.5000 2446.0652   20.1133
   -7.5000    7.5000   37.5000 2372.9172   20.7975
    0.0000    7.5000   37.5000 2386.5459   20.8758
    7.5000    7.5000   37.5000 2366.9976   21.2876
   -7.5000   15.0000   37.5000 2262.8342   22.2787
    0.0000   15.0000   37.5000 2280.5078   22.2634
    7.5000   15.0000   37.5000 2264.9287   22.6361
   -7.5000   22.5000   37.5000 2151.9702   24.0540
    0.0000   22.5000   37.5000 2163.5681   23.9090
    7.5000   22.5000   37.5000 2149.9219   24.2139
   -7.5000   30.0000   37.5000 2031.6229   26.2852
    0.0000   30.0000   37.5000 2041.0133   26.0363
    7.5000   30.0000   37.5000 2028.5302   26.3435
   -7.5000   37.5000   37.5000 1896.5430   29.2498
    0.0000   37.5000   37.5000 1904.1023   28.9605
    7.5000   37.5000   37.5000 1894.4540   29.3107
   -7.5000   45.0000   37.5000 1755.3942   33.2374
    0.0000   45.0000   37.5000 1762.2107   32.9582
    7.5000   45.0000   37.5000 1753.1122   33.3647
   -7.5000  -45.0000   45.0000 2438.4937   21.3239
    0.0000  -45.0000   45.0000 2427.5713   21.3076
    7.5000  -45.0000   45.0000 2383.1152   21.9035
   -7.5000  -37.5000   45.0000 2499.9680   20.2347
    0.0000  -37.5000   45.0000 2487.3130   20.2456
    7.5000  -37.5000   45.0000 2430.2893   20.8284
   -7.5000  -30.0000   45.0000 2529.1355   19.5731
    0.0000  -30.0000   45.0000 2517.3638   19.6604
    7.5000  -30.0000   45.0000 2463.0076   20.1762
   -7.5000  -22.5000   45.0000 2528.7583   19.3852
    0.0000  -22.5000   45.0000 2523.4124   19.4216
    7.5000  -22.5000   45.0000 2472.4653   19.9363
   -7.5000  -15.0000   45.0000 2495.0715   19.5089
    0.0000  -15.0000   45.0000 2492.0181   19.5543
    7.5000  -15.0000   45.0000 2453.8335   20.0360
   -7.5000   -7.5000   45.0000 2439.2644   20.0585
    0.0000   -7.5000   45.0000 2442.4121   20.1314
    7.5000   -7.5000   45.0000 2411.3752   20.6309
   -7.5000    0.0000   45.0000 2365.0793   21.0154
    0.0000    0.0000   45.0000 2372.5137   21.0792
    7.5000    0.0000   45.0000 2350.3176   21.5259
   -7.5000    7.5000   45.0000 2281.6619   22.2879
    0.0000    7.5000   45.0000 2292.8201   22.3367
    7.5000    7.5000   45.0000 2281.9438   22.7984
   -7.5000   15.0000   45.0000 2187.7307   23.8649
    0.0000   15.0000   45.0000 2203.6321   23.8570
    7.5000   15.0000   45.0000 2188.2014   24.2440
   -7.5000   22.5000   45.0000 2078.2830   25.8457
    0.0000   22.5000   45.0000 2095.2729   25.6210
    7.5000   22.5000   45.0000 2077.4138   25.9287
   -7.5000   30.0000   45.0000 1960.5150   28.2506
    0.0000   30.0000   45.0000 1972.2815   27.9316
    7.5000   30.0000   45.0000 1959.7448   28.1868
   -7.5000   37.5000   45.0000 1825.9052   31.3913
    0.0000   37.5000   45.0000 1839.2131   31.0689
    7.5000   37.5000   45.0000 1831.7782   31.4316
   -7.5000   45.0000   45.0000 1691.1992   35.5687
    0.0000   45.0000   45.0000 1698.6980   35.1206
    7.5000   45.0000   45.0000 1694.5457   35.5199

---------------------------------------------------------------------
imgreg_4dfp /opt/freesurfer/average/711-2C_as_mni_average_305 /opt/freesurfer/average/711-2B_as_mni_average_305_mask talsrcimg_g11 none talsrcimg_to_711-2C_as_mni_average_305_t4 1283
---------------------------------------------------------------------

freesurfer imgreg_4dfp.c
/opt/freesurfer/average/711-2C_as_mni_average_305.4dfp.img
       256       256       256         1
  1.000000  1.000000  1.000000
orientation T byte_order littleendian
Reading image: /opt/freesurfer/average/711-2C_as_mni_average_305.4dfp.img
dimensions:      256       256       256
mmppix:       1.0000   -1.0000   -1.0000
center:     128.0000 -129.0000 -129.0000
/opt/freesurfer/average/711-2B_as_mni_average_305_mask.4dfp.img
       256       256       256         1
  1.000000  1.000000  1.000000
orientation T byte_order littleendian
Reading mask: /opt/freesurfer/average/711-2B_as_mni_average_305_mask.4dfp.img (2306576 pixels)
talsrcimg_g11.4dfp.img
       256       256       256         1
  1.000000  1.000000  1.000000
orientation T byte_order littleendian
Reading image: talsrcimg_g11.4dfp.img
dimensions:      256       256       256
mmppix:       1.0000   -1.0000   -1.0000
center:     128.0000 -129.0000 -129.0000
rotation matrix determinant  1.000000
fimgreg.f
image alignment mode   1283 decimal      503 hex
parameters
    0.0000  -15.0000    0.0000    0.0000    0.0000    0.0000
eta,q 0.91753 14.82428
niter,ni,del,rscale     5    3   12.0000    1.2000
parameter  4  1.291791 ->  0.500000 qaram    1.1500
parameter  5 -1.030477 -> -0.500000 qaram    1.1500
parameter  6  0.954430 ->  0.500000 qaram    1.1500
parameters
   -1.7496  -16.4752   -1.5132   -3.4500    3.4500   -3.4500
eta,q 0.92570 14.85897
  0.0848  0.0849  0.0831  0.0783  0.0845  0.0748
  0.0820  0.0825  0.0822  0.0791  0.0822  0.0742
  0.0817  0.0810  0.0807  0.0798  0.0804  0.0750
  0.0818  0.0813  0.0806  0.0801  0.0793  0.0771
  0.0837  0.0834  0.0823  0.0819  0.0782  0.0802
  0.0877  0.0871  0.0850  0.0840  0.0770  0.0833
  0.0934  0.0917  0.0883  0.0853  0.0774  0.0861
niter,ni,del,rscale     7    3   12.0000    1.2000
parameters
   -2.9543  -14.6139   -2.1613   -6.5277    4.1356   -4.4140
eta,q 0.92696 14.87639
  0.0805  0.0850  0.0793  0.0749  0.0796  0.0759
  0.0773  0.0811  0.0764  0.0737  0.0765  0.0748
  0.0747  0.0770  0.0747  0.0728  0.0740  0.0736
  0.0743  0.0741  0.0731  0.0734  0.0730  0.0727
  0.0774  0.0731  0.0751  0.0767  0.0726  0.0734
  0.0824  0.0744  0.0791  0.0798  0.0745  0.0761
  0.0885  0.0774  0.0821  0.0818  0.0777  0.0792
niter,ni,del,rscale     6    3   12.0000    1.2000
parameters
   -3.9047  -13.2883   -2.5231   -8.7594    5.0204   -5.2507
eta,q 0.92720 14.84871
  0.0781  0.0821  0.0769  0.0736  0.0798  0.0750
  0.0749  0.0779  0.0745  0.0732  0.0772  0.0735
  0.0737  0.0748  0.0733  0.0729  0.0744  0.0732
  0.0730  0.0733  0.0726  0.0727  0.0729  0.0726
  0.0739  0.0723  0.0728  0.0731  0.0725  0.0726
  0.0778  0.0731  0.0752  0.0760  0.0743  0.0746
  0.0843  0.0771  0.0787  0.0793  0.0777  0.0772
niter,ni,del,rscale     5    3   12.0000    1.2000
parameters
   -4.4382  -12.7805   -3.1179   -9.9717    5.1810   -5.9890
eta,q 0.92723 14.83603
  0.0792  0.0802  0.0751  0.0744  0.0797  0.0751
  0.0736  0.0763  0.0736  0.0731  0.0764  0.0731
  0.0729  0.0735  0.0730  0.0728  0.0735  0.0727
  0.0728  0.0729  0.0729  0.0730  0.0729  0.0729
  0.0732  0.0731  0.0720  0.0731  0.0734  0.0729
  0.0762  0.0747  0.0735  0.0738  0.0759  0.0739
  0.0819  0.0781  0.0780  0.0770  0.0791  0.0765
niter,ni,del,rscale     4    3   12.0000    1.2000
parameters
   -4.3217  -12.6682   -3.1069   -9.7723    5.1280   -5.7350
eta,q 0.92712 14.84081
  0.0820  0.0799  0.0756  0.0758  0.0793  0.0760
  0.0747  0.0751  0.0743  0.0736  0.0759  0.0736
  0.0726  0.0728  0.0730  0.0727  0.0734  0.0728
  0.0728  0.0728  0.0728  0.0728  0.0729  0.0729
  0.0731  0.0737  0.0719  0.0733  0.0737  0.0728
  0.0749  0.0756  0.0726  0.0734  0.0763  0.0732
  0.0806  0.0784  0.0771  0.0752  0.0793  0.0755
niter,ni,del,rscale     3    3   12.0000    1.2000
parameters
   -4.2990  -12.7023   -3.1332   -9.8187    5.1289   -5.7777
eta,q 0.92715 14.84046
  0.0815  0.0794  0.0754  0.0754  0.0794  0.0757
  0.0744  0.0749  0.0741  0.0735  0.0761  0.0735
  0.0728  0.0727  0.0729  0.0727  0.0734  0.0728
  0.0729  0.0729  0.0729  0.0729  0.0729  0.0729
  0.0730  0.0738  0.0720  0.0733  0.0735  0.0727
  0.0749  0.0757  0.0725  0.0733  0.0762  0.0734
  0.0808  0.0788  0.0769  0.0755  0.0792  0.0758
registration optimization eta report
parameter search radius
    6.0000    6.0000    6.0000    6.9000    6.9000    6.9000
100000*second partial in parameter space
       25.       18.       11.        6.       14.        7.
  0.0815  0.0794  0.0754  0.0754  0.0794  0.0757
  0.0744  0.0749  0.0741  0.0735  0.0761  0.0735
  0.0728  0.0727  0.0729  0.0727  0.0734  0.0728
  0.0729  0.0729  0.0729  0.0729  0.0729  0.0729
  0.0730  0.0738  0.0720  0.0733  0.0735  0.0727
  0.0749  0.0757  0.0725  0.0733  0.0762  0.0734
  0.0808  0.0788  0.0769  0.0755  0.0792  0.0758
   -4.2990  -12.7023   -3.1332   -9.8187    5.1289   -5.7777
eta,q 0.92715 14.84046

---------------------------------------------------------------------
imgreg_4dfp /opt/freesurfer/average/711-2C_as_mni_average_305 /opt/freesurfer/average/711-2B_as_mni_average_305_mask talsrcimg_g11 none talsrcimg_to_711-2C_as_mni_average_305_t4 3335
---------------------------------------------------------------------

freesurfer imgreg_4dfp.c
/opt/freesurfer/average/711-2C_as_mni_average_305.4dfp.img
       256       256       256         1
  1.000000  1.000000  1.000000
orientation T byte_order littleendian
Reading image: /opt/freesurfer/average/711-2C_as_mni_average_305.4dfp.img
dimensions:      256       256       256
mmppix:       1.0000   -1.0000   -1.0000
center:     128.0000 -129.0000 -129.0000
/opt/freesurfer/average/711-2B_as_mni_average_305_mask.4dfp.img
       256       256       256         1
  1.000000  1.000000  1.000000
orientation T byte_order littleendian
Reading mask: /opt/freesurfer/average/711-2B_as_mni_average_305_mask.4dfp.img (2306576 pixels)
talsrcimg_g11.4dfp.img
       256       256       256         1
  1.000000  1.000000  1.000000
orientation T byte_order littleendian
Reading image: talsrcimg_g11.4dfp.img
dimensions:      256       256       256
mmppix:       1.0000   -1.0000   -1.0000
center:     128.0000 -129.0000 -129.0000
fimgreg.f
image alignment mode   3335 decimal      D07 hex
parameters
   -4.2990  -12.7023   -3.1332   -0.9064   -2.1188   -1.8593
   11.4362   -7.0473  -10.0266   17.8532    8.9397  -16.9848
eta,q 0.92846 14.80608
niter,ni,del,rscale     5    3    5.0000    1.2000
parameter  4  6.134827 ->  0.500000 qaram    1.1500
parameter  5  3.566489 ->  0.500000 qaram    1.1500
parameter  6  1.667998 ->  0.500000 qaram    1.1500
parameter  9 -0.610815 -> -0.500000 qaram    1.1500
parameter 10  0.723724 ->  0.500000 qaram    1.1500
parameters
   -4.4255  -11.7502   -2.5858   -5.0464   -6.2588   -5.9993
    9.8667   -6.3396   -5.8866   13.7132    6.9816  -19.8359
eta,q 0.94562 13.68003
  0.0731  0.0733  0.0730  0.0611  0.0579  0.0544  0.0576  0.0597  0.0592  0.0548  0.0550  0.0547
  0.0723  0.0726  0.0722  0.0643  0.0600  0.0558  0.0566  0.0576  0.0579  0.0546  0.0546  0.0545
  0.0718  0.0720  0.0716  0.0674  0.0624  0.0580  0.0562  0.0565  0.0569  0.0548  0.0545  0.0544
  0.0715  0.0716  0.0713  0.0713  0.0651  0.0606  0.0563  0.0562  0.0561  0.0556  0.0546  0.0545
  0.0717  0.0713  0.0713  0.0755  0.0681  0.0638  0.0569  0.0564  0.0557  0.0569  0.0548  0.0549
  0.0724  0.0714  0.0715  0.0793  0.0713  0.0676  0.0580  0.0571  0.0556  0.0585  0.0552  0.0554
  0.0736  0.0718  0.0719  0.0834  0.0748  0.0722  0.0593  0.0583  0.0558  0.0605  0.0557  0.0561
niter,ni,del,rscale     7    3    5.0000    1.2000
parameter  3  0.610020 ->  0.500000 qaram    1.1500
parameter  4  2.316327 ->  0.500000 qaram    1.3225
parameter  5  1.806513 ->  0.500000 qaram    1.3225
parameter  6  1.015984 ->  0.500000 qaram    1.3225
parameters
   -4.1657  -11.6892   -3.9658   -9.8074  -11.0198  -10.7603
    9.8054   -5.8673   -5.1268   13.2854    8.5610  -21.9676
eta,q 0.95966 13.08738
  0.0567  0.0559  0.0541  0.0455  0.0422  0.0398  0.0434  0.0452  0.0429  0.0433  0.0424  0.0409
  0.0554  0.0551  0.0539  0.0471  0.0434  0.0403  0.0419  0.0430  0.0417  0.0417  0.0415  0.0405
  0.0546  0.0546  0.0540  0.0501  0.0453  0.0414  0.0409  0.0415  0.0409  0.0408  0.0409  0.0403
  0.0544  0.0544  0.0544  0.0539  0.0478  0.0438  0.0405  0.0406  0.0405  0.0405  0.0405  0.0404
  0.0545  0.0545  0.0550  0.0578  0.0508  0.0479  0.0409  0.0409  0.0406  0.0410  0.0405  0.0408
  0.0550  0.0550  0.0559  0.0624  0.0541  0.0519  0.0420  0.0422  0.0412  0.0421  0.0407  0.0414
  0.0558  0.0557  0.0570  0.0669  0.0577  0.0568  0.0435  0.0443  0.0422  0.0439  0.0412  0.0421
niter,ni,del,rscale     7    3    5.0000    1.2000
parameter  2 -0.816045 -> -0.500000 qaram    1.1500
parameter  3  0.580678 ->  0.500000 qaram    1.3225
parameter  4  0.529683 ->  0.500000 qaram    1.5209
parameter  5  0.712876 ->  0.500000 qaram    1.5209
parameter 10 -0.612161 -> -0.500000 qaram    1.3225
parameter 12  0.827820 ->  0.500000 qaram    1.1500
parameters
   -4.0071  -10.3092   -5.5528  -15.2826  -16.4950  -14.8149
   10.9717   -6.3515   -6.2245   18.0464   10.1708  -26.1076
eta,q 0.96676 12.61664
  0.0442  0.0445  0.0391  0.0387  0.0358  0.0358  0.0375  0.0379  0.0361  0.0398  0.0349  0.0333
  0.0422  0.0428  0.0387  0.0374  0.0354  0.0350  0.0363  0.0358  0.0353  0.0377  0.0343  0.0332
  0.0409  0.0414  0.0388  0.0371  0.0358  0.0349  0.0354  0.0348  0.0348  0.0360  0.0340  0.0334
  0.0403  0.0403  0.0394  0.0387  0.0372  0.0354  0.0348  0.0348  0.0347  0.0347  0.0338  0.0337
  0.0406  0.0396  0.0403  0.0423  0.0394  0.0369  0.0348  0.0354  0.0351  0.0340  0.0337  0.0342
  0.0416  0.0393  0.0415  0.0466  0.0422  0.0411  0.0353  0.0367  0.0359  0.0338  0.0339  0.0348
  0.0433  0.0393  0.0432  0.0517  0.0456  0.0465  0.0363  0.0385  0.0371  0.0343  0.0342  0.0356
niter,ni,del,rscale     7    3    5.0000    1.2000
parameter  2 -1.058870 -> -0.500000 qaram    1.3225
parameter 10 -0.727047 -> -0.500000 qaram    1.5209
parameters
   -3.6529   -8.7222   -7.1099  -15.3900  -20.0638  -17.1165
   11.5202   -5.6366   -6.5140   23.5215   10.9486  -29.8405
eta,q 0.97191 12.48026
  0.0369  0.0408  0.0310  0.0359  0.0322  0.0320  0.0325  0.0344  0.0320  0.0370  0.0296  0.0287
  0.0351  0.0379  0.0305  0.0337  0.0308  0.0309  0.0314  0.0322  0.0310  0.0343  0.0290  0.0282
  0.0339  0.0353  0.0305  0.0319  0.0301  0.0302  0.0305  0.0307  0.0303  0.0320  0.0287  0.0281
  0.0332  0.0332  0.0310  0.0304  0.0305  0.0301  0.0301  0.0301  0.0301  0.0301  0.0285  0.0285
  0.0333  0.0317  0.0321  0.0304  0.0321  0.0305  0.0302  0.0304  0.0304  0.0289  0.0285  0.0291
  0.0339  0.0308  0.0337  0.0328  0.0351  0.0331  0.0309  0.0313  0.0312  0.0285  0.0287  0.0300
  0.0353  0.0305  0.0358  0.0374  0.0389  0.0381  0.0320  0.0329  0.0323  0.0290  0.0292  0.0310
niter,ni,del,rscale     7    3    5.0000    1.2000
parameter  2 -0.863373 -> -0.500000 qaram    1.5209
parameters
   -3.3941   -6.8971   -8.3819  -15.5269  -22.5578  -18.6362
   11.5775   -5.0573   -6.5658   27.9137   11.5483  -32.5965
eta,q 0.97623 12.43071
  0.0319  0.0380  0.0261  0.0303  0.0279  0.0282  0.0274  0.0299  0.0275  0.0344  0.0253  0.0246
  0.0300  0.0341  0.0253  0.0282  0.0262  0.0265  0.0262  0.0275  0.0262  0.0307  0.0246  0.0240
  0.0287  0.0307  0.0250  0.0265  0.0253  0.0254  0.0254  0.0258  0.0254  0.0275  0.0242  0.0238
  0.0281  0.0280  0.0255  0.0250  0.0251  0.0251  0.0251  0.0251  0.0251  0.0251  0.0240  0.0240
  0.0282  0.0262  0.0267  0.0249  0.0264  0.0254  0.0254  0.0255  0.0254  0.0240  0.0240  0.0246
  0.0291  0.0254  0.0284  0.0273  0.0292  0.0278  0.0261  0.0266  0.0262  0.0245  0.0243  0.0256
  0.0306  0.0255  0.0307  0.0319  0.0330  0.0329  0.0274  0.0286  0.0275  0.0265  0.0249  0.0267
niter,ni,del,rscale     7    3    5.0000    1.2000
parameters
   -3.2192   -5.5627   -8.7148  -15.4081  -23.7540  -18.6456
   11.5506   -4.9733   -6.6385   29.1658   11.3662  -34.0572
eta,q 0.97726 12.42439
  0.0278  0.0342  0.0253  0.0283  0.0268  0.0280  0.0253  0.0277  0.0255  0.0309  0.0238  0.0239
  0.0257  0.0297  0.0239  0.0260  0.0247  0.0257  0.0240  0.0252  0.0241  0.0272  0.0233  0.0231
  0.0244  0.0260  0.0231  0.0243  0.0234  0.0240  0.0232  0.0235  0.0232  0.0244  0.0229  0.0228
  0.0238  0.0237  0.0229  0.0229  0.0228  0.0229  0.0229  0.0229  0.0229  0.0229  0.0228  0.0228
  0.0240  0.0229  0.0235  0.0227  0.0236  0.0225  0.0232  0.0235  0.0233  0.0231  0.0229  0.0232
  0.0250  0.0235  0.0247  0.0248  0.0260  0.0245  0.0240  0.0251  0.0242  0.0248  0.0233  0.0239
  0.0268  0.0255  0.0266  0.0293  0.0296  0.0294  0.0254  0.0275  0.0255  0.0283  0.0239  0.0249
niter,ni,del,rscale     6    3    5.0000    1.2000
parameters
   -3.1670   -5.3372   -8.7799  -15.3106  -24.1389  -18.6894
   11.5574   -4.9229   -6.5676   29.5204   11.3309  -34.2754
eta,q 0.97725 12.41805
  0.0264  0.0296  0.0256  0.0281  0.0272  0.0280  0.0252  0.0276  0.0254  0.0300  0.0238  0.0243
  0.0245  0.0259  0.0240  0.0259  0.0250  0.0257  0.0239  0.0251  0.0240  0.0263  0.0232  0.0233
  0.0232  0.0236  0.0231  0.0241  0.0236  0.0240  0.0231  0.0234  0.0231  0.0238  0.0229  0.0229
  0.0227  0.0227  0.0227  0.0227  0.0227  0.0228  0.0228  0.0228  0.0228  0.0228  0.0228  0.0228
  0.0231  0.0233  0.0231  0.0226  0.0231  0.0223  0.0230  0.0233  0.0231  0.0233  0.0228  0.0230
  0.0243  0.0251  0.0242  0.0247  0.0251  0.0245  0.0238  0.0250  0.0239  0.0255  0.0232  0.0236
  0.0262  0.0279  0.0259  0.0291  0.0285  0.0296  0.0253  0.0275  0.0253  0.0293  0.0238  0.0244
niter,ni,del,rscale     5    3    5.0000    1.2000
parameters
   -3.1588   -5.2694   -8.7887  -15.2737  -24.2491  -18.7004
   11.5440   -4.9124   -6.5410   29.6059   11.3298  -34.3300
eta,q 0.97724 12.41624
  0.0263  0.0289  0.0257  0.0281  0.0274  0.0280  0.0252  0.0276  0.0253  0.0297  0.0238  0.0244
  0.0244  0.0255  0.0241  0.0259  0.0252  0.0258  0.0239  0.0251  0.0239  0.0261  0.0232  0.0234
  0.0232  0.0234  0.0231  0.0241  0.0237  0.0240  0.0231  0.0234  0.0231  0.0236  0.0229  0.0229
  0.0227  0.0228  0.0228  0.0228  0.0227  0.0228  0.0228  0.0228  0.0228  0.0228  0.0228  0.0228
  0.0231  0.0234  0.0231  0.0227  0.0230  0.0223  0.0230  0.0234  0.0231  0.0234  0.0228  0.0230
  0.0244  0.0254  0.0241  0.0248  0.0249  0.0245  0.0239  0.0250  0.0239  0.0257  0.0232  0.0235
  0.0263  0.0283  0.0258  0.0292  0.0281  0.0296  0.0253  0.0276  0.0253  0.0297  0.0238  0.0243
niter,ni,del,rscale     4    3    5.0000    1.2000
parameters
   -3.1566   -5.2516   -8.7897  -15.2598  -24.2796  -18.7005
   11.5379   -4.9125   -6.5348   29.6265   11.3314  -34.3393
eta,q 0.97723 12.41578
  0.0263  0.0287  0.0257  0.0281  0.0274  0.0281  0.0252  0.0276  0.0253  0.0296  0.0238  0.0244
  0.0244  0.0254  0.0241  0.0259  0.0252  0.0258  0.0239  0.0251  0.0239  0.0260  0.0232  0.0234
  0.0232  0.0234  0.0231  0.0241  0.0237  0.0240  0.0231  0.0234  0.0230  0.0236  0.0229  0.0229
  0.0228  0.0228  0.0228  0.0228  0.0228  0.0228  0.0228  0.0228  0.0228  0.0228  0.0228  0.0228
  0.0232  0.0235  0.0231  0.0227  0.0230  0.0223  0.0230  0.0234  0.0231  0.0235  0.0228  0.0230
  0.0244  0.0255  0.0241  0.0248  0.0248  0.0245  0.0239  0.0250  0.0239  0.0258  0.0232  0.0235
  0.0263  0.0284  0.0258  0.0292  0.0280  0.0296  0.0253  0.0276  0.0253  0.0297  0.0238  0.0243
registration optimization eta report
parameter search radius
    2.4000    3.6501    3.1740   10.9503   10.9503    9.5220
    7.2000    7.2000    8.2800   10.9503    7.2000    8.2800
100000*second partial in parameter space
       62.       44.       29.        5.        4.        7.
        5.        9.        4.        6.        2.        2.
  0.0263  0.0287  0.0257  0.0281  0.0274  0.0281  0.0252  0.0276  0.0253  0.0296  0.0238  0.0244
  0.0244  0.0254  0.0241  0.0259  0.0252  0.0258  0.0239  0.0251  0.0239  0.0260  0.0232  0.0234
  0.0232  0.0234  0.0231  0.0241  0.0237  0.0240  0.0231  0.0234  0.0230  0.0236  0.0229  0.0229
  0.0228  0.0228  0.0228  0.0228  0.0228  0.0228  0.0228  0.0228  0.0228  0.0228  0.0228  0.0228
  0.0232  0.0235  0.0231  0.0227  0.0230  0.0223  0.0230  0.0234  0.0231  0.0235  0.0228  0.0230
  0.0244  0.0255  0.0241  0.0248  0.0248  0.0245  0.0239  0.0250  0.0239  0.0258  0.0232  0.0235
  0.0263  0.0284  0.0258  0.0292  0.0280  0.0296  0.0253  0.0276  0.0253  0.0297  0.0238  0.0243
   -3.1566   -5.2516   -8.7897  -15.2598  -24.2796  -18.7005
   11.5379   -4.9125   -6.5348   29.6265   11.3314  -34.3393
eta,q 0.97723 12.41578

---------------------------------------------------------------------
imgreg_4dfp /opt/freesurfer/average/711-2C_as_mni_average_305 /opt/freesurfer/average/711-2B_as_mni_average_305_mask talsrcimg_g11 none talsrcimg_to_711-2C_as_mni_average_305_t4 2311
---------------------------------------------------------------------

freesurfer imgreg_4dfp.c
/opt/freesurfer/average/711-2C_as_mni_average_305.4dfp.img
       256       256       256         1
  1.000000  1.000000  1.000000
orientation T byte_order littleendian
Reading image: /opt/freesurfer/average/711-2C_as_mni_average_305.4dfp.img
dimensions:      256       256       256
mmppix:       1.0000   -1.0000   -1.0000
center:     128.0000 -129.0000 -129.0000
/opt/freesurfer/average/711-2B_as_mni_average_305_mask.4dfp.img
       256       256       256         1
  1.000000  1.000000  1.000000
orientation T byte_order littleendian
Reading mask: /opt/freesurfer/average/711-2B_as_mni_average_305_mask.4dfp.img (2306576 pixels)
talsrcimg_g11.4dfp.img
       256       256       256         1
  1.000000  1.000000  1.000000
orientation T byte_order littleendian
Reading image: talsrcimg_g11.4dfp.img
dimensions:      256       256       256
mmppix:       1.0000   -1.0000   -1.0000
center:     128.0000 -129.0000 -129.0000
fimgreg.f
image alignment mode   2311 decimal      907 hex
parameters
   -3.1566   -5.2516   -8.7897  -15.2598  -24.2796  -18.7005
   11.5379   -4.9125   -6.5348   29.6265   11.3314  -34.3393
eta,q 0.97724 12.41578
niter,ni,del,rscale     5    3    5.0000    0.8000
parameters
   -3.1505   -5.3291   -8.7540  -13.3687  -23.2599  -17.2835
   11.2631   -4.8442   -6.5267   29.5831   11.1780  -34.0279
eta,q 0.97791 12.57630
  0.0244  0.0238  0.0236  0.0246  0.0239  0.0245  0.0233  0.0248  0.0231  0.0236  0.0228  0.0230
  0.0235  0.0232  0.0231  0.0239  0.0233  0.0237  0.0226  0.0235  0.0226  0.0228  0.0224  0.0225
  0.0230  0.0228  0.0229  0.0233  0.0228  0.0229  0.0222  0.0225  0.0222  0.0223  0.0222  0.0222
  0.0228  0.0228  0.0228  0.0228  0.0225  0.0224  0.0221  0.0221  0.0221  0.0221  0.0221  0.0221
  0.0229  0.0229  0.0228  0.0225  0.0224  0.0221  0.0223  0.0224  0.0222  0.0223  0.0222  0.0222
  0.0235  0.0234  0.0231  0.0226  0.0226  0.0222  0.0228  0.0233  0.0225  0.0228  0.0225  0.0224
  0.0244  0.0240  0.0235  0.0231  0.0232  0.0231  0.0237  0.0248  0.0231  0.0237  0.0229  0.0227
niter,ni,del,rscale     4    3    5.0000    0.7000
parameters
   -3.2795   -5.3776   -8.6947  -13.7510  -23.1728  -17.2410
   11.4009   -4.8918   -6.5519   29.5643   11.2520  -34.0134
eta,q 0.97793 12.57287
  0.0233  0.0230  0.0229  0.0231  0.0230  0.0235  0.0232  0.0241  0.0228  0.0233  0.0226  0.0226
  0.0225  0.0225  0.0225  0.0226  0.0226  0.0229  0.0226  0.0231  0.0224  0.0226  0.0223  0.0223
  0.0222  0.0222  0.0222  0.0222  0.0223  0.0224  0.0222  0.0223  0.0221  0.0222  0.0221  0.0221
  0.0221  0.0221  0.0221  0.0221  0.0221  0.0221  0.0221  0.0221  0.0221  0.0221  0.0221  0.0221
  0.0223  0.0222  0.0221  0.0223  0.0221  0.0221  0.0222  0.0223  0.0222  0.0222  0.0221  0.0221
  0.0229  0.0226  0.0224  0.0228  0.0225  0.0225  0.0225  0.0231  0.0224  0.0226  0.0223  0.0223
  0.0238  0.0232  0.0228  0.0237  0.0231  0.0237  0.0231  0.0243  0.0229  0.0233  0.0226  0.0226
niter,ni,del,rscale     3    3    5.0000    0.6000
parameters
   -3.2793   -5.3927   -8.7052  -13.7375  -23.0694  -17.0885
   11.4090   -4.8777   -6.5628   29.5817   11.2686  -34.0026
eta,q 0.97796 12.58322
  0.0231  0.0228  0.0226  0.0230  0.0228  0.0232  0.0228  0.0237  0.0226  0.0230  0.0225  0.0225
  0.0225  0.0224  0.0223  0.0225  0.0225  0.0227  0.0224  0.0228  0.0223  0.0225  0.0222  0.0222
  0.0222  0.0221  0.0221  0.0222  0.0222  0.0223  0.0221  0.0223  0.0221  0.0222  0.0221  0.0221
  0.0221  0.0221  0.0221  0.0221  0.0221  0.0221  0.0220  0.0220  0.0220  0.0220  0.0220  0.0220
  0.0222  0.0222  0.0221  0.0222  0.0221  0.0220  0.0221  0.0222  0.0221  0.0221  0.0221  0.0221
  0.0225  0.0224  0.0223  0.0225  0.0224  0.0224  0.0224  0.0228  0.0223  0.0224  0.0222  0.0222
  0.0231  0.0228  0.0226  0.0230  0.0228  0.0232  0.0228  0.0237  0.0226  0.0230  0.0225  0.0225
niter,ni,del,rscale     2    3    5.0000    0.5000
parameters
   -3.2827   -5.4043   -8.7062  -13.7359  -22.9936  -16.9383
   11.4184   -4.8574   -6.5723   29.5995   11.2662  -34.0004
eta,q 0.97798 12.59159
  0.0228  0.0226  0.0224  0.0227  0.0226  0.0229  0.0226  0.0232  0.0224  0.0227  0.0223  0.0223
  0.0224  0.0223  0.0222  0.0224  0.0223  0.0225  0.0223  0.0226  0.0222  0.0223  0.0222  0.0222
  0.0221  0.0221  0.0221  0.0221  0.0221  0.0222  0.0221  0.0222  0.0221  0.0221  0.0221  0.0221
  0.0220  0.0220  0.0220  0.0220  0.0220  0.0220  0.0220  0.0220  0.0220  0.0220  0.0220  0.0220
  0.0221  0.0221  0.0221  0.0221  0.0221  0.0220  0.0221  0.0221  0.0221  0.0221  0.0221  0.0221
  0.0224  0.0223  0.0222  0.0223  0.0223  0.0223  0.0223  0.0225  0.0222  0.0223  0.0222  0.0222
  0.0228  0.0226  0.0224  0.0227  0.0226  0.0228  0.0226  0.0232  0.0224  0.0227  0.0223  0.0223
niter,ni,del,rscale     1    3    5.0000    0.4000
parameters
   -3.2840   -5.4187   -8.7087  -13.7624  -22.9334  -16.7995
   11.4378   -4.8334   -6.5623   29.6063   11.2498  -33.9833
eta,q 0.97798 12.59722
  0.0225  0.0224  0.0223  0.0225  0.0224  0.0226  0.0224  0.0228  0.0223  0.0224  0.0222  0.0222
  0.0222  0.0222  0.0221  0.0222  0.0222  0.0223  0.0222  0.0224  0.0221  0.0222  0.0221  0.0221
  0.0221  0.0221  0.0221  0.0221  0.0221  0.0221  0.0221  0.0221  0.0220  0.0221  0.0220  0.0220
  0.0220  0.0220  0.0220  0.0220  0.0220  0.0220  0.0220  0.0220  0.0220  0.0220  0.0220  0.0220
  0.0221  0.0221  0.0221  0.0221  0.0220  0.0220  0.0221  0.0221  0.0220  0.0221  0.0220  0.0220
  0.0222  0.0222  0.0222  0.0222  0.0222  0.0222  0.0222  0.0224  0.0221  0.0222  0.0221  0.0221
  0.0225  0.0224  0.0223  0.0225  0.0224  0.0225  0.0224  0.0228  0.0223  0.0224  0.0222  0.0222
registration optimization eta report
parameter search radius
    0.8000    0.8000    0.8000    2.4000    2.4000    2.4000
    2.4000    2.4000    2.4000    2.4000    2.4000    2.4000
100000*second partial in parameter space
       75.       54.       41.        8.        6.        9.
        6.       13.        4.        7.        3.        4.
  0.0225  0.0224  0.0223  0.0225  0.0224  0.0226  0.0224  0.0228  0.0223  0.0224  0.0222  0.0222
  0.0222  0.0222  0.0221  0.0222  0.0222  0.0223  0.0222  0.0224  0.0221  0.0222  0.0221  0.0221
  0.0221  0.0221  0.0221  0.0221  0.0221  0.0221  0.0221  0.0221  0.0220  0.0221  0.0220  0.0220
  0.0220  0.0220  0.0220  0.0220  0.0220  0.0220  0.0220  0.0220  0.0220  0.0220  0.0220  0.0220
  0.0221  0.0221  0.0221  0.0221  0.0220  0.0220  0.0221  0.0221  0.0220  0.0221  0.0220  0.0220
  0.0222  0.0222  0.0222  0.0222  0.0222  0.0222  0.0222  0.0224  0.0221  0.0222  0.0221  0.0221
  0.0225  0.0224  0.0223  0.0225  0.0224  0.0225  0.0224  0.0228  0.0223  0.0224  0.0222  0.0222
   -3.2840   -5.4187   -8.7087  -13.7624  -22.9334  -16.7995
   11.4378   -4.8334   -6.5623   29.6063   11.2498  -33.9833
eta,q 0.97798 12.59722

---------------------------------------------------------------------
imgreg_4dfp /opt/freesurfer/average/711-2C_as_mni_average_305 /opt/freesurfer/average/711-2B_as_mni_average_305_mask talsrcimg_g11 none talsrcimg_to_711-2C_as_mni_average_305_t4 2311
---------------------------------------------------------------------

freesurfer imgreg_4dfp.c
/opt/freesurfer/average/711-2C_as_mni_average_305.4dfp.img
       256       256       256         1
  1.000000  1.000000  1.000000
orientation T byte_order littleendian
Reading image: /opt/freesurfer/average/711-2C_as_mni_average_305.4dfp.img
dimensions:      256       256       256
mmppix:       1.0000   -1.0000   -1.0000
center:     128.0000 -129.0000 -129.0000
/opt/freesurfer/average/711-2B_as_mni_average_305_mask.4dfp.img
       256       256       256         1
  1.000000  1.000000  1.000000
orientation T byte_order littleendian
Reading mask: /opt/freesurfer/average/711-2B_as_mni_average_305_mask.4dfp.img (2306576 pixels)
talsrcimg_g11.4dfp.img
       256       256       256         1
  1.000000  1.000000  1.000000
orientation T byte_order littleendian
Reading image: talsrcimg_g11.4dfp.img
dimensions:      256       256       256
mmppix:       1.0000   -1.0000   -1.0000
center:     128.0000 -129.0000 -129.0000
fimgreg.f
image alignment mode   2311 decimal      907 hex
parameters
   -3.2840   -5.4187   -8.7087  -13.7624  -22.9334  -16.7995
   11.4378   -4.8334   -6.5623   29.6063   11.2498  -33.9833
eta,q 0.97798 12.59723
niter,ni,del,rscale     5    3    5.0000    0.8000
parameters
   -3.2789   -5.4221   -8.6907  -14.0320  -23.2539  -17.3175
   11.4615   -4.9350   -6.5544   29.5466   11.3087  -34.0127
eta,q 0.97791 12.55745
  0.0239  0.0234  0.0231  0.0235  0.0231  0.0236  0.0234  0.0246  0.0231  0.0236  0.0228  0.0228
  0.0229  0.0226  0.0225  0.0227  0.0226  0.0229  0.0227  0.0233  0.0225  0.0228  0.0224  0.0224
  0.0222  0.0222  0.0221  0.0222  0.0222  0.0223  0.0223  0.0224  0.0222  0.0223  0.0222  0.0222
  0.0220  0.0220  0.0220  0.0220  0.0220  0.0220  0.0221  0.0221  0.0221  0.0221  0.0221  0.0221
  0.0222  0.0222  0.0221  0.0222  0.0222  0.0222  0.0222  0.0224  0.0222  0.0223  0.0222  0.0222
  0.0229  0.0226  0.0225  0.0229  0.0227  0.0232  0.0227  0.0234  0.0225  0.0228  0.0224  0.0224
  0.0239  0.0234  0.0231  0.0239  0.0236  0.0250  0.0234  0.0249  0.0231  0.0237  0.0228  0.0228
niter,ni,del,rscale     4    3    5.0000    0.7000
parameters
   -3.2696   -5.3898   -8.7059  -13.8062  -23.1580  -17.2372
   11.4157   -4.9103   -6.5679   29.5683   11.2904  -34.0236
eta,q 0.97793 12.57230
  0.0235  0.0232  0.0228  0.0234  0.0231  0.0235  0.0231  0.0242  0.0228  0.0233  0.0226  0.0226
  0.0227  0.0226  0.0224  0.0228  0.0226  0.0229  0.0225  0.0231  0.0224  0.0226  0.0223  0.0223
  0.0223  0.0222  0.0222  0.0223  0.0223  0.0224  0.0222  0.0224  0.0222  0.0222  0.0221  0.0221
  0.0221  0.0221  0.0221  0.0221  0.0221  0.0221  0.0221  0.0221  0.0221  0.0221  0.0221  0.0221
  0.0223  0.0222  0.0222  0.0222  0.0221  0.0220  0.0222  0.0223  0.0222  0.0222  0.0221  0.0221
  0.0227  0.0225  0.0224  0.0225  0.0225  0.0225  0.0226  0.0230  0.0224  0.0226  0.0223  0.0223
  0.0235  0.0231  0.0229  0.0232  0.0231  0.0237  0.0231  0.0242  0.0228  0.0233  0.0226  0.0226
niter,ni,del,rscale     3    3    5.0000    0.6000
parameters
   -3.2792   -5.3958   -8.7063  -13.7485  -23.0642  -17.0890
   11.4199   -4.8819   -6.5677   29.5803   11.2713  -34.0010
eta,q 0.97796 12.58302
  0.0231  0.0228  0.0226  0.0230  0.0228  0.0232  0.0228  0.0237  0.0226  0.0230  0.0225  0.0225
  0.0225  0.0224  0.0223  0.0226  0.0225  0.0227  0.0224  0.0228  0.0223  0.0225  0.0222  0.0222
  0.0222  0.0221  0.0221  0.0222  0.0222  0.0223  0.0221  0.0223  0.0221  0.0222  0.0221  0.0221
  0.0221  0.0221  0.0221  0.0221  0.0221  0.0221  0.0220  0.0220  0.0220  0.0220  0.0220  0.0220
  0.0222  0.0221  0.0221  0.0221  0.0221  0.0220  0.0221  0.0222  0.0221  0.0221  0.0221  0.0221
  0.0226  0.0224  0.0223  0.0225  0.0224  0.0224  0.0224  0.0228  0.0223  0.0224  0.0222  0.0222
  0.0231  0.0228  0.0226  0.0230  0.0228  0.0232  0.0228  0.0237  0.0226  0.0230  0.0225  0.0225
niter,ni,del,rscale     2    3    5.0000    0.5000
parameters
   -3.2805   -5.4056   -8.7075  -13.7393  -22.9915  -16.9373
   11.4173   -4.8589   -6.5762   29.6051   11.2733  -33.9969
eta,q 0.97798 12.59181
  0.0228  0.0226  0.0225  0.0227  0.0226  0.0229  0.0226  0.0232  0.0224  0.0227  0.0223  0.0223
  0.0224  0.0223  0.0222  0.0224  0.0223  0.0225  0.0223  0.0226  0.0222  0.0223  0.0222  0.0222
  0.0221  0.0221  0.0221  0.0221  0.0221  0.0222  0.0221  0.0222  0.0221  0.0221  0.0221  0.0221
  0.0220  0.0220  0.0220  0.0220  0.0220  0.0220  0.0220  0.0220  0.0220  0.0220  0.0220  0.0220
  0.0221  0.0221  0.0221  0.0221  0.0221  0.0220  0.0221  0.0221  0.0221  0.0221  0.0221  0.0221
  0.0224  0.0223  0.0222  0.0224  0.0222  0.0223  0.0223  0.0225  0.0222  0.0223  0.0222  0.0222
  0.0228  0.0226  0.0224  0.0227  0.0226  0.0228  0.0226  0.0232  0.0224  0.0227  0.0223  0.0223
niter,ni,del,rscale     1    3    5.0000    0.4000
parameters
   -3.2851   -5.4203   -8.7099  -13.7622  -22.9210  -16.7964
   11.4454   -4.8359   -6.5690   29.6124   11.2611  -33.9828
eta,q 0.97799 12.59822
  0.0225  0.0224  0.0223  0.0225  0.0224  0.0226  0.0224  0.0228  0.0223  0.0224  0.0222  0.0222
  0.0222  0.0222  0.0221  0.0222  0.0222  0.0223  0.0222  0.0224  0.0221  0.0222  0.0221  0.0221
  0.0221  0.0221  0.0221  0.0221  0.0221  0.0221  0.0221  0.0221  0.0220  0.0221  0.0220  0.0220
  0.0220  0.0220  0.0220  0.0220  0.0220  0.0220  0.0220  0.0220  0.0220  0.0220  0.0220  0.0220
  0.0221  0.0221  0.0221  0.0221  0.0220  0.0220  0.0220  0.0221  0.0220  0.0221  0.0220  0.0220
  0.0222  0.0222  0.0222  0.0222  0.0222  0.0222  0.0222  0.0224  0.0221  0.0222  0.0221  0.0221
  0.0225  0.0224  0.0223  0.0225  0.0224  0.0225  0.0224  0.0228  0.0223  0.0224  0.0222  0.0222
registration optimization eta report
parameter search radius
    0.8000    0.8000    0.8000    2.4000    2.4000    2.4000
    2.4000    2.4000    2.4000    2.4000    2.4000    2.4000
100000*second partial in parameter space
       76.       54.       42.        8.        6.        9.
        6.       13.        5.        7.        3.        4.
  0.0225  0.0224  0.0223  0.0225  0.0224  0.0226  0.0224  0.0228  0.0223  0.0224  0.0222  0.0222
  0.0222  0.0222  0.0221  0.0222  0.0222  0.0223  0.0222  0.0224  0.0221  0.0222  0.0221  0.0221
  0.0221  0.0221  0.0221  0.0221  0.0221  0.0221  0.0221  0.0221  0.0220  0.0221  0.0220  0.0220
  0.0220  0.0220  0.0220  0.0220  0.0220  0.0220  0.0220  0.0220  0.0220  0.0220  0.0220  0.0220
  0.0221  0.0221  0.0221  0.0221  0.0220  0.0220  0.0220  0.0221  0.0220  0.0221  0.0220  0.0220
  0.0222  0.0222  0.0222  0.0222  0.0222  0.0222  0.0222  0.0224  0.0221  0.0222  0.0221  0.0221
  0.0225  0.0224  0.0223  0.0225  0.0224  0.0225  0.0224  0.0228  0.0223  0.0224  0.0222  0.0222
   -3.2851   -5.4203   -8.7099  -13.7622  -22.9210  -16.7964
   11.4454   -4.8359   -6.5690   29.6124   11.2611  -33.9828
eta,q 0.97799 12.59822

---------------------------------------------------------------------
compute_vox2vox talsrcimg talsrcimg_to_711-2C_as_mni_average_305_t4 /opt/freesurfer/average/711-2C_as_mni_average_305
---------------------------------------------------------------------

freesurfer compute_vox2vox.c
Reading: talsrcimg.4dfp.ifh
Reading: talsrcimg_to_711-2C_as_mni_average_305_t4
Reading: /opt/freesurfer/average/711-2C_as_mni_average_305.4dfp.ifh
Writing: talsrcimg_to_711-2C_as_mni_average_305_t4_vox2vox.txt

start time Sat Mar 14 10:30:55 CET 2026
end		time Sat Mar 14 10:31:09 CET 2026

mpr2mni305 success

avi2talxfm orig_nu.mgz /opt/freesurfer/average/mni305.cor.mgz talsrcimg_to_711-2C_as_mni_average_305_t4_vox2vox.txt transforms/talairach.auto.xfm
avi2talxfm done
mv -f /out/sourcedata/freesurfer/sub-v2s9x29167_ses-1/mri/talsrcimg_to_711-2C_as_mni_average_305_t4_vox2vox.txt /out/sourcedata/freesurfer/sub-v2s9x29167_ses-1/mri/transforms/talsrcimg_to_711-2C_as_mni_average_305_t4_vox2vox.txt
lta_convert --src orig_nu.mgz --trg /opt/freesurfer/average/mni305.cor.mgz --inxfm transforms/talairach.auto.xfm --outlta transforms/talairach.auto.xfm.lta --subject fsaverage
7.3.2

--src: orig_nu.mgz src image (geometry).
--trg: /opt/freesurfer/average/mni305.cor.mgz trg image (geometry).
--inmni: transforms/talairach.auto.xfm input MNI/XFM transform.
--outlta: transforms/talairach.auto.xfm.lta output LTA.
--s: fsaverage subject name
 LTA read, type : 1
 1.13616   0.10898  -0.12066   3.39253;
-0.09873   1.02939   0.46850   9.77807;
 0.13476  -0.38619   1.10710   1.88306;
 0.00000   0.00000   0.00000   1.00000;
setting subject to fsaverage
Writing  LTA to file transforms/talairach.auto.xfm.lta...
lta_convert successful.
 
 
Started at Sat Mar 14 10:30:55 CET 2026
Ended   at Sat Mar 14 10:31:10 CET 2026
talairach_avi done
