status file for recon-all
Sat Mar 14 12:26:34 CET 2026
#@# Tessellate rh Sat Mar 14 12:26:34 CET 2026
#@# Smooth1 rh Sat Mar 14 12:26:37 CET 2026
#@# Inflation1 rh Sat Mar 14 12:26:39 CET 2026
#@# QSphere rh Sat Mar 14 12:26:54 CET 2026
#@# Fix Topology rh Sat Mar 14 12:27:50 CET 2026
#@# Smooth2 rh Sat Mar 14 12:33:58 CET 2026
#@# Inflation2 rh Sat Mar 14 12:34:00 CET 2026
#@# Curv .H and .K rh Sat Mar 14 12:34:13 CET 2026
#@# Sphere rh Sat Mar 14 12:34:50 CET 2026
#@# Surf Reg rh Sat Mar 14 12:36:35 CET 2026
#@# Jacobian white rh Sat Mar 14 12:40:24 CET 2026
#@# AvgCurv rh Sat Mar 14 12:40:25 CET 2026
#@# Cortical Parc rh Sat Mar 14 12:40:26 CET 2026
#@# white curv rh Sat Mar 14 12:45:59 CET 2026
#@# white area rh Sat Mar 14 12:46:00 CET 2026
#@# pial curv rh Sat Mar 14 12:46:01 CET 2026
#@# pial area rh Sat Mar 14 12:46:03 CET 2026
#@# thickness rh Sat Mar 14 12:46:03 CET 2026
#@# area and vertex vol rh Sat Mar 14 12:46:22 CET 2026
#@# Curvature Stats rh Sat Mar 14 12:46:23 CET 2026
#@# Cortical Parc 2 rh Sat Mar 14 12:46:25 CET 2026
#@# Cortical Parc 3 rh Sat Mar 14 12:46:36 CET 2026
#@# WM/GM Contrast rh Sat Mar 14 12:46:43 CET 2026
recon-all -s sub-v2s9x29157_ses-1 finished without error at Sat Mar 14 12:46:46 CET 2026



#New# invocation of recon-all 



status file for recon-all
Sat Mar 14 12:52:43 CET 2026
#@# white curv rh Sat Mar 14 12:52:43 CET 2026
#@# white area rh Sat Mar 14 12:52:43 CET 2026
#@# pial curv rh Sat Mar 14 12:52:43 CET 2026
#@# pial area rh Sat Mar 14 12:52:43 CET 2026
#@# thickness rh Sat Mar 14 12:52:43 CET 2026
#@# area and vertex vol rh Sat Mar 14 12:52:43 CET 2026
#@# Parcellation Stats rh Sat Mar 14 12:52:43 CET 2026
#@# Parcellation Stats 2 rh Sat Mar 14 12:52:58 CET 2026
#@# Parcellation Stats 3 rh Sat Mar 14 12:53:06 CET 2026
#@# BA_exvivo Labels rh Sat Mar 14 12:53:13 CET 2026
recon-all -s sub-v2s9x29157_ses-1 finished without error at Sat Mar 14 12:55:20 CET 2026
