status file for recon-all
Sat Mar 14 10:28:24 CET 2026
#@# MotionCor Sat Mar 14 10:28:25 CET 2026
#@# Talairach Sat Mar 14 10:28:31 CET 2026
#@# Talairach Failure Detection Sat Mar 14 10:31:20 CET 2026
#@# Nu Intensity Correction Sat Mar 14 10:31:20 CET 2026
#@# Intensity Normalization Sat Mar 14 10:34:06 CET 2026
recon-all -s sub-v2s9x29157_ses-1 finished without error at Sat Mar 14 10:35:00 CET 2026



#New# invocation of recon-all 



status file for recon-all
Sat Mar 14 10:41:05 CET 2026
#@# EM Registration Sat Mar 14 10:41:05 CET 2026
recon-all -s sub-v2s9x29157_ses-1 finished without error at Sat Mar 14 10:43:35 CET 2026



#New# invocation of recon-all 



status file for recon-all
Sat Mar 14 10:43:37 CET 2026
#@# CA Normalize Sat Mar 14 10:43:37 CET 2026
#@# CA Reg Sat Mar 14 10:44:31 CET 2026
#@# SubCort Seg Sat Mar 14 11:34:47 CET 2026
#@# CC Seg Sat Mar 14 11:54:09 CET 2026
#@# Merge ASeg Sat Mar 14 11:54:38 CET 2026
#@# Intensity Normalization2 Sat Mar 14 11:54:38 CET 2026
#@# Mask BFS Sat Mar 14 11:55:57 CET 2026
#@# WM Segmentation Sat Mar 14 11:55:58 CET 2026
#@# Fill Sat Mar 14 11:57:29 CET 2026
recon-all -s sub-v2s9x29157_ses-1 finished without error at Sat Mar 14 11:58:06 CET 2026



#New# invocation of recon-all 



status file for recon-all
Sat Mar 14 12:46:49 CET 2026
#@# white curv lh Sat Mar 14 12:46:49 CET 2026
#@# white area lh Sat Mar 14 12:46:49 CET 2026
#@# pial curv lh Sat Mar 14 12:46:49 CET 2026
#@# pial area lh Sat Mar 14 12:46:49 CET 2026
#@# thickness lh Sat Mar 14 12:46:49 CET 2026
#@# area and vertex vol lh Sat Mar 14 12:46:49 CET 2026
#@# white curv rh Sat Mar 14 12:46:49 CET 2026
#@# white area rh Sat Mar 14 12:46:49 CET 2026
#@# pial curv rh Sat Mar 14 12:46:49 CET 2026
#@# pial area rh Sat Mar 14 12:46:49 CET 2026
#@# thickness rh Sat Mar 14 12:46:49 CET 2026
#@# area and vertex vol rh Sat Mar 14 12:46:49 CET 2026
#@# Cortical ribbon mask Sat Mar 14 12:46:49 CET 2026
recon-all -s sub-v2s9x29157_ses-1 finished without error at Sat Mar 14 12:49:59 CET 2026



#New# invocation of recon-all 



status file for recon-all
Sat Mar 14 12:55:26 CET 2026
#@# white curv lh Sat Mar 14 12:55:26 CET 2026
#@# white area lh Sat Mar 14 12:55:26 CET 2026
#@# pial curv lh Sat Mar 14 12:55:26 CET 2026
#@# pial area lh Sat Mar 14 12:55:26 CET 2026
#@# thickness lh Sat Mar 14 12:55:26 CET 2026
#@# area and vertex vol lh Sat Mar 14 12:55:26 CET 2026
#@# white curv rh Sat Mar 14 12:55:26 CET 2026
#@# white area rh Sat Mar 14 12:55:26 CET 2026
#@# pial curv rh Sat Mar 14 12:55:26 CET 2026
#@# pial area rh Sat Mar 14 12:55:26 CET 2026
#@# thickness rh Sat Mar 14 12:55:26 CET 2026
#@# area and vertex vol rh Sat Mar 14 12:55:26 CET 2026
#@# Curvature Stats lh Sat Mar 14 12:55:26 CET 2026
#@# Curvature Stats rh Sat Mar 14 12:55:29 CET 2026
#@# Relabel Hypointensities Sat Mar 14 12:55:31 CET 2026
#@# APas-to-ASeg Sat Mar 14 12:55:42 CET 2026
#@# AParc-to-ASeg aparc Sat Mar 14 12:55:48 CET 2026
#@# AParc-to-ASeg aparc.a2009s Sat Mar 14 12:56:20 CET 2026
#@# AParc-to-ASeg aparc.DKTatlas Sat Mar 14 12:56:47 CET 2026
#@# WMParc Sat Mar 14 12:57:13 CET 2026
#@# ASeg Stats Sat Mar 14 12:59:21 CET 2026
recon-all -s sub-v2s9x29157_ses-1 finished without error at Sat Mar 14 12:59:39 CET 2026
