status file for recon-all
Sat Mar 14 11:58:11 CET 2026
#@# Tessellate lh Sat Mar 14 11:58:11 CET 2026
#@# Smooth1 lh Sat Mar 14 11:58:14 CET 2026
#@# Inflation1 lh Sat Mar 14 11:58:16 CET 2026
#@# QSphere lh Sat Mar 14 11:58:30 CET 2026
#@# Fix Topology lh Sat Mar 14 11:59:21 CET 2026
#@# Smooth2 lh Sat Mar 14 12:05:49 CET 2026
#@# Inflation2 lh Sat Mar 14 12:05:51 CET 2026
#@# Curv .H and .K lh Sat Mar 14 12:06:04 CET 2026
#@# Sphere lh Sat Mar 14 12:06:41 CET 2026
#@# Surf Reg lh Sat Mar 14 12:13:54 CET 2026
#@# Jacobian white lh Sat Mar 14 12:20:11 CET 2026
#@# AvgCurv lh Sat Mar 14 12:20:12 CET 2026
#@# Cortical Parc lh Sat Mar 14 12:20:13 CET 2026
#@# white curv lh Sat Mar 14 12:25:42 CET 2026
#@# white area lh Sat Mar 14 12:25:43 CET 2026
#@# pial curv lh Sat Mar 14 12:25:44 CET 2026
#@# pial area lh Sat Mar 14 12:25:46 CET 2026
#@# thickness lh Sat Mar 14 12:25:46 CET 2026
#@# area and vertex vol lh Sat Mar 14 12:26:05 CET 2026
#@# Curvature Stats lh Sat Mar 14 12:26:07 CET 2026
#@# Cortical Parc 2 lh Sat Mar 14 12:26:09 CET 2026
#@# Cortical Parc 3 lh Sat Mar 14 12:26:20 CET 2026
#@# WM/GM Contrast lh Sat Mar 14 12:26:27 CET 2026
recon-all -s sub-v2s9x29157_ses-1 finished without error at Sat Mar 14 12:26:30 CET 2026



#New# invocation of recon-all 



status file for recon-all
Sat Mar 14 12:50:03 CET 2026
#@# white curv lh Sat Mar 14 12:50:03 CET 2026
#@# white area lh Sat Mar 14 12:50:03 CET 2026
#@# pial curv lh Sat Mar 14 12:50:03 CET 2026
#@# pial area lh Sat Mar 14 12:50:03 CET 2026
#@# thickness lh Sat Mar 14 12:50:03 CET 2026
#@# area and vertex vol lh Sat Mar 14 12:50:03 CET 2026
#@# Parcellation Stats lh Sat Mar 14 12:50:03 CET 2026
#@# Parcellation Stats 2 lh Sat Mar 14 12:50:18 CET 2026
#@# Parcellation Stats 3 lh Sat Mar 14 12:50:26 CET 2026
#@# BA_exvivo Labels lh Sat Mar 14 12:50:33 CET 2026
recon-all -s sub-v2s9x29157_ses-1 finished without error at Sat Mar 14 12:52:41 CET 2026
