status file for recon-all
Sat Mar 14 11:52:31 CET 2026
#@# Tessellate rh Sat Mar 14 11:52:31 CET 2026
#@# Smooth1 rh Sat Mar 14 11:52:34 CET 2026
#@# Inflation1 rh Sat Mar 14 11:52:35 CET 2026
#@# QSphere rh Sat Mar 14 11:52:41 CET 2026
#@# Fix Topology rh Sat Mar 14 11:53:15 CET 2026
#@# Smooth2 rh Sat Mar 14 11:56:29 CET 2026
#@# Inflation2 rh Sat Mar 14 11:56:31 CET 2026
#@# Curv .H and .K rh Sat Mar 14 11:56:37 CET 2026
#@# Sphere rh Sat Mar 14 11:57:07 CET 2026
#@# Surf Reg rh Sat Mar 14 11:58:12 CET 2026
#@# Jacobian white rh Sat Mar 14 12:00:02 CET 2026
#@# AvgCurv rh Sat Mar 14 12:00:02 CET 2026
#@# Cortical Parc rh Sat Mar 14 12:00:03 CET 2026
#@# white curv rh Sat Mar 14 12:04:13 CET 2026
#@# white area rh Sat Mar 14 12:04:14 CET 2026
#@# pial curv rh Sat Mar 14 12:04:15 CET 2026
#@# pial area rh Sat Mar 14 12:04:16 CET 2026
#@# thickness rh Sat Mar 14 12:04:16 CET 2026
#@# area and vertex vol rh Sat Mar 14 12:04:31 CET 2026
#@# Curvature Stats rh Sat Mar 14 12:04:31 CET 2026
#@# Cortical Parc 2 rh Sat Mar 14 12:04:32 CET 2026
#@# Cortical Parc 3 rh Sat Mar 14 12:04:40 CET 2026
#@# WM/GM Contrast rh Sat Mar 14 12:04:46 CET 2026
recon-all -s sub-v2s9x29167_ses-1 finished without error at Sat Mar 14 12:04:48 CET 2026



#New# invocation of recon-all 



status file for recon-all
Sat Mar 14 12:09:46 CET 2026
#@# white curv rh Sat Mar 14 12:09:46 CET 2026
#@# white area rh Sat Mar 14 12:09:46 CET 2026
#@# pial curv rh Sat Mar 14 12:09:46 CET 2026
#@# pial area rh Sat Mar 14 12:09:46 CET 2026
#@# thickness rh Sat Mar 14 12:09:46 CET 2026
#@# area and vertex vol rh Sat Mar 14 12:09:46 CET 2026
#@# Parcellation Stats rh Sat Mar 14 12:09:46 CET 2026
#@# Parcellation Stats 2 rh Sat Mar 14 12:09:56 CET 2026
#@# Parcellation Stats 3 rh Sat Mar 14 12:10:01 CET 2026
#@# BA_exvivo Labels rh Sat Mar 14 12:10:06 CET 2026
recon-all -s sub-v2s9x29167_ses-1 finished without error at Sat Mar 14 12:11:36 CET 2026
