status file for recon-all
Sat Mar 14 12:10:10 CET 2026
#@# Tessellate rh Sat Mar 14 12:10:10 CET 2026
#@# Smooth1 rh Sat Mar 14 12:10:13 CET 2026
#@# Inflation1 rh Sat Mar 14 12:10:15 CET 2026
#@# QSphere rh Sat Mar 14 12:10:23 CET 2026
#@# Fix Topology rh Sat Mar 14 12:11:03 CET 2026
#@# Smooth2 rh Sat Mar 14 12:19:54 CET 2026
#@# Inflation2 rh Sat Mar 14 12:19:56 CET 2026
#@# Curv .H and .K rh Sat Mar 14 12:20:05 CET 2026
#@# Sphere rh Sat Mar 14 12:20:43 CET 2026
#@# Surf Reg rh Sat Mar 14 12:24:37 CET 2026
#@# Jacobian white rh Sat Mar 14 12:28:49 CET 2026
#@# AvgCurv rh Sat Mar 14 12:28:49 CET 2026
#@# Cortical Parc rh Sat Mar 14 12:28:50 CET 2026
#@# white curv rh Sat Mar 14 12:34:34 CET 2026
#@# white area rh Sat Mar 14 12:34:35 CET 2026
#@# pial curv rh Sat Mar 14 12:34:36 CET 2026
#@# pial area rh Sat Mar 14 12:34:37 CET 2026
#@# thickness rh Sat Mar 14 12:34:37 CET 2026
#@# area and vertex vol rh Sat Mar 14 12:34:55 CET 2026
#@# Curvature Stats rh Sat Mar 14 12:34:56 CET 2026
#@# Cortical Parc 2 rh Sat Mar 14 12:34:58 CET 2026
#@# Cortical Parc 3 rh Sat Mar 14 12:35:07 CET 2026
#@# WM/GM Contrast rh Sat Mar 14 12:35:15 CET 2026
recon-all -s sub-v2s9x29158_ses-1 finished without error at Sat Mar 14 12:35:17 CET 2026



#New# invocation of recon-all 



status file for recon-all
Sat Mar 14 12:41:11 CET 2026
#@# white curv rh Sat Mar 14 12:41:11 CET 2026
#@# white area rh Sat Mar 14 12:41:11 CET 2026
#@# pial curv rh Sat Mar 14 12:41:11 CET 2026
#@# pial area rh Sat Mar 14 12:41:11 CET 2026
#@# thickness rh Sat Mar 14 12:41:11 CET 2026
#@# area and vertex vol rh Sat Mar 14 12:41:11 CET 2026
#@# Parcellation Stats rh Sat Mar 14 12:41:11 CET 2026
#@# Parcellation Stats 2 rh Sat Mar 14 12:41:25 CET 2026
#@# Parcellation Stats 3 rh Sat Mar 14 12:41:32 CET 2026
#@# BA_exvivo Labels rh Sat Mar 14 12:41:39 CET 2026
recon-all -s sub-v2s9x29158_ses-1 finished without error at Sat Mar 14 12:43:24 CET 2026
