/out/sourcedata/freesurfer/sub-v2s9x29157_ses-1/mri
/opt/freesurfer/bin/talairach_avi
--i orig_nu.mgz --xfm transforms/talairach.auto.xfm
talairach_avi 7.3.2
Linux dna071 5.14.0-427.37.1.el9_4.x86_64 #1 SMP PREEMPT_DYNAMIC Fri Sep 13 12:41:50 EDT 2024 x86_64 x86_64 x86_64 GNU/Linux
Sat Mar 14 10:31:04 CET 2026
mri_convert orig_nu.mgz talsrcimg.img 
reading from orig_nu.mgz...
TR=0.00, TE=0.00, TI=0.00, flip angle=0.00
i_ras = (-1, 0, 0)
j_ras = (0, 0, -1)
k_ras = (0, 1, 0)
writing to talsrcimg.img...
Analyze Output Matrix
-1.00000   0.00000   0.00000   129.66513;
 0.00000   0.00000   1.00000  -128.00000;
 0.00000  -1.00000   0.00000   130.00000;
 0.00000   0.00000   0.00000   1.00000;
--------------------
INFO: set hdr.hist.orient to -1
mpr2mni305 talsrcimg
Sat Mar 14 10:31:04 CET 2026
/opt/freesurfer/bin/mpr2mni305 talsrcimg
mpr2mni305 7.3.2
target=711-2C_as_mni_average_305

---------------------------------------------------------------------
analyzeto4dfp talsrcimg -O0 -y
---------------------------------------------------------------------

freesurfer ifh2hdr.c
Sat Mar 14 10:31:04 2026
Writing: talsrcimg.4dfp.hdr
freesurfer analyzeto4dfp.c
Reading: talsrcimg.hdr
header size 348 bytes
hdr.dime.datatype	offset=70	value=2
hdr.dime.bitpix		offset=72	value=8
hdr.hist.orient		offset=252	value=-1
dimensionality     4
dimensions       256       256       256         1
Reading: talsrcimg.img
Writing: talsrcimg.4dfp.img
Writing: talsrcimg.4dfp.ifh
ifh2hdr talsrcimg -r0to219
ori=2

---------------------------------------------------------------------
gauss_4dfp talsrcimg 1.1
---------------------------------------------------------------------

freesurfer gauss_4dfp.c
Reading: talsrcimg.4dfp.img
Writing: talsrcimg_g11.4dfp.img
image dimensions 256 256 256 padded to 288 288 288
processing volume 1freesurfer ifh2hdr.c
Sat Mar 14 10:31:06 2026
Writing: talsrcimg_g11.4dfp.hdr

Writing: talsrcimg_g11.4dfp.ifh
including: talsrcimg.4dfp.img.rec in talsrcimg_g11.4dfp.img.rec

---------------------------------------------------------------------
imgreg_4dfp /opt/freesurfer/average/711-2C_as_mni_average_305 none talsrcimg_g11 none talsrcimg_to_711-2C_as_mni_average_305_t4 4355
---------------------------------------------------------------------

freesurfer imgreg_4dfp.c
/opt/freesurfer/average/711-2C_as_mni_average_305.4dfp.img
       256       256       256         1
  1.000000  1.000000  1.000000
orientation T byte_order littleendian
Reading image: /opt/freesurfer/average/711-2C_as_mni_average_305.4dfp.img
dimensions:      256       256       256
mmppix:       1.0000   -1.0000   -1.0000
center:     128.0000 -129.0000 -129.0000
talsrcimg_g11.4dfp.img
       256       256       256         1
  1.000000  1.000000  1.000000
orientation T byte_order littleendian
Reading image: talsrcimg_g11.4dfp.img
dimensions:      256       256       256
mmppix:       1.0000   -1.0000   -1.0000
center:     128.0000 -129.0000 -129.0000
t4_read: open error in t4_sub.f l:  41 t4_file(1:l)talsrcimg_to_711-2C_as_mni_average_305_t4 
t4_read: transform initialized to I4
rotation matrix determinant  1.000000
image alignment mode   4355 decimal     1103 hex
   -7.5000  -45.0000  -45.0000 9735.0449   20.0115
    0.0000  -45.0000  -45.000010163.3652   19.9919
    7.5000  -45.0000  -45.0000 9704.1006   19.9672
   -7.5000  -37.5000  -45.000010015.0928   19.9770
    0.0000  -37.5000  -45.000010477.8916   19.9466
    7.5000  -37.5000  -45.0000 9977.0781   19.9129
   -7.5000  -30.0000  -45.000010611.6279   19.9606
    0.0000  -30.0000  -45.000011113.1914   19.9286
    7.5000  -30.0000  -45.000010562.7275   19.8960
   -7.5000  -22.5000  -45.000011162.8564   19.9828
    0.0000  -22.5000  -45.000011675.6768   19.9587
    7.5000  -22.5000  -45.000011106.5830   19.9363
   -7.5000  -15.0000  -45.000011617.3730   20.0191
    0.0000  -15.0000  -45.000012134.2490   20.0064
    7.5000  -15.0000  -45.000011569.5244   19.9926
   -7.5000   -7.5000  -45.000012028.8809   20.0312
    0.0000   -7.5000  -45.000012564.2793   20.0214
    7.5000   -7.5000  -45.000011970.5088   20.0065
   -7.5000    0.0000  -45.000012188.6719   20.0115
    0.0000    0.0000  -45.000012709.3096   19.9919
    7.5000    0.0000  -45.000012112.0342   19.9672
   -7.5000    7.5000  -45.000011402.5957   19.9770
    0.0000    7.5000  -45.000011854.3682   19.9466
    7.5000    7.5000  -45.000011277.8359   19.9129
   -7.5000   15.0000  -45.000010539.5146   19.9606
    0.0000   15.0000  -45.000010963.0391   19.9286
    7.5000   15.0000  -45.000010423.1748   19.8960
   -7.5000   22.5000  -45.0000 9668.6602   19.9801
    0.0000   22.5000  -45.000010044.1592   19.9560
    7.5000   22.5000  -45.0000 9575.6016   19.9335
   -7.5000   30.0000  -45.0000 8755.5518   19.7524
    0.0000   30.0000  -45.0000 9068.0645   19.7397
    7.5000   30.0000  -45.0000 8659.3271   19.7261
   -7.5000   37.5000  -45.0000 8072.7812   19.7961
    0.0000   37.5000  -45.0000 8328.6445   19.7855
    7.5000   37.5000  -45.0000 7969.5601   19.7701
   -7.5000   45.0000  -45.0000 7088.7500   19.6097
    0.0000   45.0000  -45.0000 7300.2207   19.5901
    7.5000   45.0000  -45.0000 6992.0449   19.5700
   -7.5000  -45.0000  -37.500010234.3350   19.9923
    0.0000  -45.0000  -37.500010718.2090   19.9736
    7.5000  -45.0000  -37.500010216.2910   19.9552
   -7.5000  -37.5000  -37.500010508.4658   19.9489
    0.0000  -37.5000  -37.500011018.6934   19.9199
    7.5000  -37.5000  -37.500010474.0918   19.8900
   -7.5000  -30.0000  -37.500011138.7168   19.9282
    0.0000  -30.0000  -37.500011669.9023   19.8957
    7.5000  -30.0000  -37.500011064.5195   19.8643
   -7.5000  -22.5000  -37.500011699.1680   19.9560
    0.0000  -22.5000  -37.500012248.8740   19.9281
    7.5000  -22.5000  -37.500011604.9297   19.9057
   -7.5000  -15.0000  -37.500012196.3828   20.0025
    0.0000  -15.0000  -37.500012744.8848   19.9833
    7.5000  -15.0000  -37.500012096.6191   19.9706
   -7.5000   -7.5000  -37.500012576.5068   20.0179
    0.0000   -7.5000  -37.500013146.6709   20.0045
    7.5000   -7.5000  -37.500012475.2627   19.9944
   -7.5000    0.0000  -37.500012726.8428   19.9923
    0.0000    0.0000  -37.500013270.0723   19.9736
    7.5000    0.0000  -37.500012593.5332   19.9552
   -7.5000    7.5000  -37.500011869.4424   19.9489
    0.0000    7.5000  -37.500012348.4316   19.9199
    7.5000    7.5000  -37.500011716.6162   19.8900
   -7.5000   15.0000  -37.500010935.5195   19.9282
    0.0000   15.0000  -37.500011359.5264   19.8957
    7.5000   15.0000  -37.500010802.5879   19.8643
   -7.5000   22.5000  -37.500010013.7715   19.9533
    0.0000   22.5000  -37.500010399.0410   19.9254
    7.5000   22.5000  -37.5000 9891.9863   19.9029
   -7.5000   30.0000  -37.5000 9038.9121   19.7359
    0.0000   30.0000  -37.5000 9358.0820   19.7170
    7.5000   30.0000  -37.5000 8940.5234   19.7045
   -7.5000   37.5000  -37.5000 8326.8701   19.7825
    0.0000   37.5000  -37.5000 8593.3613   19.7684
    7.5000   37.5000  -37.5000 8195.0342   19.7576
   -7.5000   45.0000  -37.5000 7324.0913   19.5898
    0.0000   45.0000  -37.5000 7549.8184   19.5709
    7.5000   45.0000  -37.5000 7210.7842   19.5570
   -7.5000  -45.0000  -30.000010905.7480   20.8461
    0.0000  -45.0000  -30.000011397.0977   20.8347
    7.5000  -45.0000  -30.000010847.0781   20.8219
   -7.5000  -37.5000  -30.000011149.3633   20.7909
    0.0000  -37.5000  -30.000011661.3936   20.7706
    7.5000  -37.5000  -30.000011085.5820   20.7465
   -7.5000  -30.0000  -30.000011807.4609   20.7648
    0.0000  -30.0000  -30.000012340.0781   20.7402
    7.5000  -30.0000  -30.000011694.1201   20.7139
   -7.5000  -22.5000  -30.000012419.4062   20.8017
    0.0000  -22.5000  -30.000012957.3057   20.7782
    7.5000  -22.5000  -30.000012252.2656   20.7587
   -7.5000  -15.0000  -30.000012923.8906   20.8616
    0.0000  -15.0000  -30.000013506.4980   20.8444
    7.5000  -15.0000  -30.000012772.3359   20.8337
   -7.5000   -7.5000  -30.000013290.9385   20.8799
    0.0000   -7.5000  -30.000013888.6338   20.8704
    7.5000   -7.5000  -30.000013151.6025   20.8643
   -7.5000    0.0000  -30.000013403.0645   20.8461
    0.0000    0.0000  -30.000013976.8906   20.8347
    7.5000    0.0000  -30.000013243.3213   20.8219
   -7.5000    7.5000  -30.000012491.5215   20.7909
    0.0000    7.5000  -30.000012982.1631   20.7706
    7.5000    7.5000  -30.000012295.6836   20.7465
   -7.5000   15.0000  -30.000011477.3955   20.7648
    0.0000   15.0000  -30.000011917.0205   20.7402
    7.5000   15.0000  -30.000011305.0059   20.7139
   -7.5000   22.5000  -30.000010507.7207   20.7967
    0.0000   22.5000  -30.000010894.3125   20.7732
    7.5000   22.5000  -30.000010337.0029   20.7537
   -7.5000   30.0000  -30.0000 9459.7607   20.5856
    0.0000   30.0000  -30.0000 9808.0312   20.5685
    7.5000   30.0000  -30.0000 9334.3193   20.5580
   -7.5000   37.5000  -30.0000 8710.7148   20.6362
    0.0000   37.5000  -30.0000 9023.7100   20.6258
    7.5000   37.5000  -30.0000 8589.7432   20.6188
   -7.5000   45.0000  -30.0000 7642.9512   20.4409
    0.0000   45.0000  -30.0000 7903.0098   20.4283
    7.5000   45.0000  -30.0000 7520.5806   20.4195
   -7.5000  -45.0000  -22.500011543.1475   21.6010
    0.0000  -45.0000  -22.500012024.6338   21.5947
    7.5000  -45.0000  -22.500011448.7832   21.5809
   -7.5000  -37.5000  -22.500011759.3486   21.5461
    0.0000  -37.5000  -22.500012254.2979   21.5319
    7.5000  -37.5000  -22.500011663.1299   21.5102
   -7.5000  -30.0000  -22.500012449.1748   21.5194
    0.0000  -30.0000  -22.500012968.2451   21.5019
    7.5000  -30.0000  -22.500012313.0586   21.4800
   -7.5000  -22.5000  -22.500013074.0762   21.5568
    0.0000  -22.5000  -22.500013642.9736   21.5405
    7.5000  -22.5000  -22.500012892.7139   21.5243
   -7.5000  -15.0000  -22.500013607.4473   21.6168
    0.0000  -15.0000  -22.500014199.7051   21.6067
    7.5000  -15.0000  -22.500013411.9209   21.5969
   -7.5000   -7.5000  -22.500013973.8789   21.6342
    0.0000   -7.5000  -22.500014565.5068   21.6309
    7.5000   -7.5000  -22.500013749.3232   21.6233
   -7.5000    0.0000  -22.500014062.3447   21.6010
    0.0000    0.0000  -22.500014654.2871   21.5947
    7.5000    0.0000  -22.500013823.6406   21.5809
   -7.5000    7.5000  -22.500013068.2734   21.5461
    0.0000    7.5000  -22.500013613.2441   21.5319
    7.5000    7.5000  -22.500012847.7520   21.5102
   -7.5000   15.0000  -22.500012006.4512   21.5194
    0.0000   15.0000  -22.500012482.8926   21.5019
    7.5000   15.0000  -22.500011790.2041   21.4800
   -7.5000   22.5000  -22.500010984.9219   21.5501
    0.0000   22.5000  -22.500011372.1787   21.5338
    7.5000   22.5000  -22.500010756.5176   21.5176
   -7.5000   30.0000  -22.5000 9860.0977   21.3340
    0.0000   30.0000  -22.500010215.2295   21.3241
    7.5000   30.0000  -22.5000 9696.3086   21.3144
   -7.5000   37.5000  -22.5000 9047.4932   21.3850
    0.0000   37.5000  -22.5000 9363.9141   21.3809
    7.5000   37.5000  -22.5000 8900.3584   21.3724
   -7.5000   45.0000  -22.5000 7892.0288   21.1976
    0.0000   45.0000  -22.5000 8153.5508   21.1891
    7.5000   45.0000  -22.5000 7770.4141   21.1786
   -7.5000  -45.0000  -15.000012180.5957   22.1384
    0.0000  -45.0000  -15.000012677.0830   22.1321
    7.5000  -45.0000  -15.000012064.2822   22.1106
   -7.5000  -37.5000  -15.000012388.7568   22.0932
    0.0000  -37.5000  -15.000012890.8525   22.0790
    7.5000  -37.5000  -15.000012267.9150   22.0534
   -7.5000  -30.0000  -15.000013067.8740   22.0720
    0.0000  -30.0000  -15.000013634.8320   22.0561
    7.5000  -30.0000  -15.000012949.0400   22.0332
   -7.5000  -22.5000  -15.000013728.9189   22.1052
    0.0000  -22.5000  -15.000014330.7227   22.0928
    7.5000  -22.5000  -15.000013581.8701   22.0758
   -7.5000  -15.0000  -15.000014277.2236   22.1552
    0.0000  -15.0000  -15.000014884.5000   22.1506
    7.5000  -15.0000  -15.000014095.9570   22.1380
   -7.5000   -7.5000  -15.000014641.5254   22.1670
    0.0000   -7.5000  -15.000015259.9277   22.1669
    7.5000   -7.5000  -15.000014423.2100   22.1525
   -7.5000    0.0000  -15.000014745.1719   22.1384
    0.0000    0.0000  -15.000015352.9609   22.1321
    7.5000    0.0000  -15.000014500.4424   22.1106
   -7.5000    7.5000  -15.000013689.0996   22.0932
    0.0000    7.5000  -15.000014256.2900   22.0790
    7.5000    7.5000  -15.000013441.1855   22.0534
   -7.5000   15.0000  -15.000012566.5244   22.0720
    0.0000   15.0000  -15.000013047.5918   22.0561
    7.5000   15.0000  -15.000012319.5342   22.0332
   -7.5000   22.5000  -15.000011427.7969   22.0974
    0.0000   22.5000  -15.000011816.2441   22.0850
    7.5000   22.5000  -15.000011186.3623   22.0680
   -7.5000   30.0000  -15.000010240.2334   21.8685
    0.0000   30.0000  -15.000010577.1396   21.8640
    7.5000   30.0000  -15.000010050.5049   21.8515
   -7.5000   37.5000  -15.0000 9357.8750   21.9152
    0.0000   37.5000  -15.0000 9665.3984   21.9142
    7.5000   37.5000  -15.0000 9197.1416   21.8991
   -7.5000   45.0000  -15.0000 8123.6890   21.7391
    0.0000   45.0000  -15.0000 8371.8877   21.7304
    7.5000   45.0000  -15.0000 8015.1060   21.7122
   -7.5000  -45.0000   -7.500012807.0547   22.3802
    0.0000  -45.0000   -7.500013317.3643   22.3669
    7.5000  -45.0000   -7.500012716.8389   22.3390
   -7.5000  -37.5000   -7.500012924.6338   22.3420
    0.0000  -37.5000   -7.500013434.7422   22.3190
    7.5000  -37.5000   -7.500012919.7686   22.2856
   -7.5000  -30.0000   -7.500013565.1670   22.3250
    0.0000  -30.0000   -7.500014133.5840   22.3013
    7.5000  -30.0000   -7.500013609.3213   22.2713
   -7.5000  -22.5000   -7.500014260.6631   22.3533
    0.0000  -22.5000   -7.500014855.0410   22.3368
    7.5000  -22.5000   -7.500014251.4746   22.3154
   -7.5000  -15.0000   -7.500014855.4248   22.3947
    0.0000  -15.0000   -7.500015429.4854   22.3891
    7.5000  -15.0000   -7.500014763.8281   22.3737
   -7.5000   -7.5000   -7.500015233.4277   22.4045
    0.0000   -7.5000   -7.500015796.7393   22.4015
    7.5000   -7.5000   -7.500015055.2080   22.3829
   -7.5000    0.0000   -7.500015320.7158   22.3802
    0.0000    0.0000   -7.500015898.9795   22.3669
    7.5000    0.0000   -7.500015137.9844   22.3390
   -7.5000    7.5000   -7.500014239.2432   22.3420
    0.0000    7.5000   -7.500014755.9902   22.3190
    7.5000    7.5000   -7.500014022.9365   22.2856
   -7.5000   15.0000   -7.500013087.9453   22.3250
    0.0000   15.0000   -7.500013550.4854   22.3013
    7.5000   15.0000   -7.500012866.1338   22.2713
   -7.5000   22.5000   -7.500011890.3320   22.3430
    0.0000   22.5000   -7.500012276.2256   22.3265
    7.5000   22.5000   -7.500011665.1689   22.3051
   -7.5000   30.0000   -7.500010616.1377   22.1043
    0.0000   30.0000   -7.500010968.4736   22.0987
    7.5000   30.0000   -7.500010416.7373   22.0836
   -7.5000   37.5000   -7.5000 9665.8203   22.1497
    0.0000   37.5000   -7.5000 9988.4541   22.1457
    7.5000   37.5000   -7.5000 9519.0059   22.1267
   -7.5000   45.0000   -7.5000 8360.2725   21.9811
    0.0000   45.0000   -7.5000 8618.6885   21.9669
    7.5000   45.0000   -7.5000 8238.2363   21.9430
   -7.5000  -45.0000    0.000013216.8945   22.3934
    0.0000  -45.0000    0.000013788.1836   22.3715
    7.5000  -45.0000    0.000013271.4346   22.3439
   -7.5000  -37.5000    0.000013415.0732   22.3548
    0.0000  -37.5000    0.000013951.8652   22.3208
    7.5000  -37.5000    0.000013516.5283   22.2831
   -7.5000  -30.0000    0.000014130.3311   22.3364
    0.0000  -30.0000    0.000014673.3877   22.3006
    7.5000  -30.0000    0.000014206.9424   22.2642
   -7.5000  -22.5000    0.000014832.8066   22.3613
    0.0000  -22.5000    0.000015363.5557   22.3343
    7.5000  -22.5000    0.000014828.5771   22.3092
   -7.5000  -15.0000    0.000015402.7266   22.4020
    0.0000  -15.0000    0.000015914.9902   22.3876
    7.5000  -15.0000    0.000015333.6074   22.3722
   -7.5000   -7.5000    0.000015735.3047   22.4155
    0.0000   -7.5000    0.000016236.5508   22.4045
    7.5000   -7.5000    0.000015593.1221   22.3878
   -7.5000    0.0000    0.000015807.7148   22.3934
    0.0000    0.0000    0.000016331.6670   22.3715
    7.5000    0.0000    0.000015652.6875   22.3439
   -7.5000    7.5000    0.000014717.4951   22.3548
    0.0000    7.5000    0.000015218.0830   22.3208
    7.5000    7.5000    0.000014550.4844   22.2831
   -7.5000   15.0000    0.000013539.1299   22.3364
    0.0000   15.0000    0.000014019.7764   22.3006
    7.5000   15.0000    0.000013368.0332   22.2642
   -7.5000   22.5000    0.000012245.3652   22.3510
    0.0000   22.5000    0.000012696.9707   22.3240
    7.5000   22.5000    0.000012092.0371   22.2989
   -7.5000   30.0000    0.000010948.0430   22.1120
    0.0000   30.0000    0.000011338.2148   22.0979
    7.5000   30.0000    0.000010797.8164   22.0827
   -7.5000   37.5000    0.0000 9977.5430   22.1610
    0.0000   37.5000    0.000010292.5820   22.1491
    7.5000   37.5000    0.0000 9838.1270   22.1319
   -7.5000   45.0000    0.0000 8596.0625   21.9955
    0.0000   45.0000    0.0000 8846.7422   21.9735
    7.5000   45.0000    0.0000 8467.4248   21.9509
   -7.5000  -45.0000    7.500012653.7715   22.3719
    0.0000  -45.0000    7.500013163.3262   22.3510
    7.5000  -45.0000    7.500012764.7725   22.3304
   -7.5000  -37.5000    7.500012960.7998   22.3233
    0.0000  -37.5000    7.500013463.0654   22.2909
    7.5000  -37.5000    7.500013062.5352   22.2574
   -7.5000  -30.0000    7.500013785.4346   22.3002
    0.0000  -30.0000    7.500014283.2695   22.2639
    7.5000  -30.0000    7.500013803.7080   22.2287
   -7.5000  -22.5000    7.500014456.3008   22.3313
    0.0000  -22.5000    7.500014934.6611   22.3001
    7.5000  -22.5000    7.500014422.4863   22.2750
   -7.5000  -15.0000    7.500014941.4590   22.3833
    0.0000  -15.0000    7.500015390.5635   22.3618
    7.5000  -15.0000    7.500014859.4180   22.3477
   -7.5000   -7.5000    7.500015149.3350   22.4005
    0.0000   -7.5000    7.500015619.4727   22.3856
    7.5000   -7.5000    7.500015041.9766   22.3743
   -7.5000    0.0000    7.500015137.4668   22.3719
    0.0000    0.0000    7.500015670.6914   22.3510
    7.5000    0.0000    7.500015062.8418   22.3304
   -7.5000    7.5000    7.500014100.4375   22.3233
    0.0000    7.5000    7.500014611.5342   22.2909
    7.5000    7.5000    7.500013993.8213   22.2574
   -7.5000   15.0000    7.500012936.1650   22.3002
    0.0000   15.0000    7.500013429.5283   22.2639
    7.5000   15.0000    7.500012833.9922   22.2287
   -7.5000   22.5000    7.500011677.0352   22.3210
    0.0000   22.5000    7.500012161.6504   22.2898
    7.5000   22.5000    7.500011595.0361   22.2647
   -7.5000   30.0000    7.500010394.3174   22.0936
    0.0000   30.0000    7.500010812.5605   22.0724
    7.5000   30.0000    7.500010324.3115   22.0585
   -7.5000   37.5000    7.5000 9449.9287   22.1458
    0.0000   37.5000    7.5000 9810.1338   22.1300
    7.5000   37.5000    7.5000 9369.3672   22.1179
   -7.5000   45.0000    7.5000 8136.7202   21.9732
    0.0000   45.0000    7.5000 8417.7598   21.9520
    7.5000   45.0000    7.5000 8060.8643   21.9363
   -7.5000  -45.0000   15.000011968.3291   22.3856
    0.0000  -45.0000   15.000012535.3750   22.3733
    7.5000  -45.0000   15.000012080.5205   22.3596
   -7.5000  -37.5000   15.000012252.6572   22.3263
    0.0000  -37.5000   15.000012849.5303   22.3045
    7.5000  -37.5000   15.000012364.7236   22.2787
   -7.5000  -30.0000   15.000013016.2881   22.2983
    0.0000  -30.0000   15.000013647.2051   22.2719
    7.5000  -30.0000   15.000013086.6152   22.2436
   -7.5000  -22.5000   15.000013666.7686   22.3379
    0.0000  -22.5000   15.000014327.5576   22.3127
    7.5000  -22.5000   15.000013712.2539   22.2917
   -7.5000  -15.0000   15.000014155.9482   22.4022
    0.0000  -15.0000   15.000014824.2002   22.3837
    7.5000  -15.0000   15.000014167.1729   22.3723
   -7.5000   -7.5000   15.000014358.4365   22.4219
    0.0000   -7.5000   15.000015000.8398   22.4117
    7.5000   -7.5000   15.000014349.2793   22.4051
   -7.5000    0.0000   15.000014358.8398   22.3856
    0.0000    0.0000   15.000014987.6523   22.3733
    7.5000    0.0000   15.000014353.8994   22.3596
   -7.5000    7.5000   15.000013341.2705   22.3263
    0.0000    7.5000   15.000013906.4844   22.3045
    7.5000    7.5000   15.000013305.8643   22.2787
   -7.5000   15.0000   15.000012231.3252   22.2983
    0.0000   15.0000   15.000012734.5586   22.2719
    7.5000   15.0000   15.000012186.6904   22.2436
   -7.5000   22.5000   15.000011070.3027   22.3276
    0.0000   22.5000   15.000011514.3994   22.3024
    7.5000   22.5000   15.000010995.7168   22.2814
   -7.5000   30.0000   15.0000 9841.3682   22.1123
    0.0000   30.0000   15.000010227.9932   22.0940
    7.5000   30.0000   15.0000 9783.9697   22.0827
   -7.5000   37.5000   15.0000 8944.2939   22.1667
    0.0000   37.5000   15.0000 9280.8799   22.1555
    7.5000   37.5000   15.0000 8876.5361   22.1480
   -7.5000   45.0000   15.0000 7701.7217   21.9860
    0.0000   45.0000   15.0000 7995.0259   21.9724
    7.5000   45.0000   15.0000 7637.6553   21.9630
   -7.5000  -45.0000   22.500011238.4932   22.4893
    0.0000  -45.0000   22.500011761.9551   22.4830
    7.5000  -45.0000   22.500011291.6455   22.4685
   -7.5000  -37.5000   22.500011514.2197   22.4321
    0.0000  -37.5000   22.500012051.7773   22.4176
    7.5000  -37.5000   22.500011580.7959   22.3949
   -7.5000  -30.0000   22.500012199.0146   22.4040
    0.0000  -30.0000   22.500012765.7324   22.3860
    7.5000  -30.0000   22.500012264.9473   22.3631
   -7.5000  -22.5000   22.500012781.4561   22.4426
    0.0000  -22.5000   22.500013350.7764   22.4257
    7.5000  -22.5000   22.500012845.6953   22.4088
   -7.5000  -15.0000   22.500013231.2471   22.5050
    0.0000  -15.0000   22.500013824.6133   22.4946
    7.5000  -15.0000   22.500013302.8525   22.4844
   -7.5000   -7.5000   22.500013454.4492   22.5234
    0.0000   -7.5000   22.500014053.5312   22.5202
    7.5000   -7.5000   22.500013511.8984   22.5122
   -7.5000    0.0000   22.500013529.7812   22.4893
    0.0000    0.0000   22.500014122.1963   22.4830
    7.5000    0.0000   22.500013557.1611   22.4685
   -7.5000    7.5000   22.500012573.2158   22.4321
    0.0000    7.5000   22.500013096.1211   22.4176
    7.5000    7.5000   22.500012550.6387   22.3949
   -7.5000   15.0000   22.500011527.9678   22.4040
    0.0000   15.0000   22.500011993.8418   22.3860
    7.5000   15.0000   22.500011473.6396   22.3631
   -7.5000   22.5000   22.500010422.0186   22.4322
    0.0000   22.5000   22.500010838.7588   22.4154
    7.5000   22.5000   22.500010342.5732   22.3985
   -7.5000   30.0000   22.5000 9240.3662   22.2137
    0.0000   30.0000   22.5000 9608.7168   22.2035
    7.5000   30.0000   22.5000 9186.1006   22.1934
   -7.5000   37.5000   22.5000 8371.3037   22.2672
    0.0000   37.5000   22.5000 8693.0840   22.2631
    7.5000   37.5000   22.5000 8317.6709   22.2542
   -7.5000   45.0000   22.5000 7203.1846   22.0893
    0.0000   45.0000   22.5000 7477.6465   22.0808
    7.5000   45.0000   22.5000 7161.2295   22.0698
   -7.5000  -45.0000   30.000010373.6426   22.6321
    0.0000  -45.0000   30.000010861.6777   22.6264
    7.5000  -45.0000   30.000010360.9990   22.6048
   -7.5000  -37.5000   30.000010623.9648   22.5861
    0.0000  -37.5000   30.000011138.0371   22.5721
    7.5000  -37.5000   30.000010633.2910   22.5462
   -7.5000  -30.0000   30.000011241.8682   22.5641
    0.0000  -30.0000   30.000011784.5889   22.5483
    7.5000  -30.0000   30.000011264.8730   22.5252
   -7.5000  -22.5000   30.000011774.6055   22.5974
    0.0000  -22.5000   30.000012330.4648   22.5853
    7.5000  -22.5000   30.000011809.0957   22.5683
   -7.5000  -15.0000   30.000012198.2393   22.6482
    0.0000  -15.0000   30.000012749.5771   22.6443
    7.5000  -15.0000   30.000012235.3555   22.6318
   -7.5000   -7.5000   30.000012440.8311   22.6607
    0.0000   -7.5000   30.000012988.3672   22.6615
    7.5000   -7.5000   30.000012436.1621   22.6472
   -7.5000    0.0000   30.000012518.6406   22.6321
    0.0000    0.0000   30.000013077.0029   22.6264
    7.5000    0.0000   30.000012509.7031   22.6048
   -7.5000    7.5000   30.000011631.6865   22.5861
    0.0000    7.5000   30.000012144.0205   22.5721
    7.5000    7.5000   30.000011612.9609   22.5462
   -7.5000   15.0000   30.000010675.8867   22.5641
    0.0000   15.0000   30.000011133.9746   22.5483
    7.5000   15.0000   30.000010627.6260   22.5252
   -7.5000   22.5000   30.0000 9631.2715   22.5870
    0.0000   22.5000   30.000010016.6650   22.5749
    7.5000   22.5000   30.0000 9587.5908   22.5579
   -7.5000   30.0000   30.0000 8546.6348   22.3551
    0.0000   30.0000   30.0000 8885.8047   22.3512
    7.5000   30.0000   30.0000 8520.3232   22.3389
   -7.5000   37.5000   30.0000 7755.0654   22.4021
    0.0000   37.5000   30.0000 8042.4668   22.4019
    7.5000   37.5000   30.0000 7709.1255   22.3869
   -7.5000   45.0000   30.0000 6687.6060   22.2250
    0.0000   45.0000   30.0000 6937.2554   22.2169
    7.5000   45.0000   30.0000 6637.9883   22.1986
   -7.5000  -45.0000   37.5000 9877.9463   23.0587
    0.0000  -45.0000   37.500010344.2861   23.0460
    7.5000  -45.0000   37.5000 9828.8418   23.0172
   -7.5000  -37.5000   37.500010122.9443   23.0192
    0.0000  -37.5000   37.500010612.1787   22.9964
    7.5000  -37.5000   37.500010101.1113   22.9615
   -7.5000  -30.0000   37.500010711.4229   23.0016
    0.0000  -30.0000   37.500011236.9561   22.9778
    7.5000  -30.0000   37.500010710.9805   22.9463
   -7.5000  -22.5000   37.500011229.7988   23.0306
    0.0000  -22.5000   37.500011758.3525   23.0141
    7.5000  -22.5000   37.500011251.4775   22.9916
   -7.5000  -15.0000   37.500011656.9502   23.0734
    0.0000  -15.0000   37.500012186.9268   23.0682
    7.5000  -15.0000   37.500011676.1270   23.0523
   -7.5000   -7.5000   37.500011903.5303   23.0838
    0.0000   -7.5000   37.500012424.9307   23.0815
    7.5000   -7.5000   37.500011888.8477   23.0625
   -7.5000    0.0000   37.500012002.7051   23.0587
    0.0000    0.0000   37.500012523.6436   23.0460
    7.5000    0.0000   37.500011987.7734   23.0172
   -7.5000    7.5000   37.500011154.1465   23.0192
    0.0000    7.5000   37.500011643.8145   22.9964
    7.5000    7.5000   37.500011139.7363   22.9615
   -7.5000   15.0000   37.500010224.5068   23.0016
    0.0000   15.0000   37.500010662.5732   22.9778
    7.5000   15.0000   37.500010199.7920   22.9463
   -7.5000   22.5000   37.5000 9232.4160   23.0200
    0.0000   22.5000   37.5000 9609.9824   23.0035
    7.5000   22.5000   37.5000 9200.9287   22.9810
   -7.5000   30.0000   37.5000 8206.0020   22.7748
    0.0000   30.0000   37.5000 8529.8047   22.7697
    7.5000   30.0000   37.5000 8182.7212   22.7539
   -7.5000   37.5000   37.5000 7460.5659   22.8199
    0.0000   37.5000   37.5000 7736.5190   22.8167
    7.5000   37.5000   37.5000 7433.2275   22.7972
   -7.5000   45.0000   37.5000 6441.8369   22.6447
    0.0000   45.0000   37.5000 6684.5869   22.6308
    7.5000   45.0000   37.5000 6419.6626   22.6063
   -7.5000  -45.0000   45.0000 8996.8447   23.5439
    0.0000  -45.0000   45.0000 9403.2363   23.5235
    7.5000  -45.0000   45.0000 8946.3438   23.4926
   -7.5000  -37.5000   45.0000 9232.2812   23.5053
    0.0000  -37.5000   45.0000 9652.1357   23.4722
    7.5000  -37.5000   45.0000 9201.7500   23.4309
   -7.5000  -30.0000   45.0000 9761.2236   23.4855
    0.0000  -30.0000   45.000010223.1904   23.4510
    7.5000  -30.0000   45.0000 9765.4746   23.4116
   -7.5000  -22.5000   45.000010241.9033   23.5087
    0.0000  -22.5000   45.000010707.9180   23.4838
    7.5000  -22.5000   45.000010253.4854   23.4568
   -7.5000  -15.0000   45.000010664.2051   23.5491
    0.0000  -15.0000   45.000011134.4277   23.5377
    7.5000  -15.0000   45.000010656.2812   23.5208
   -7.5000   -7.5000   45.000010882.7002   23.5644
    0.0000   -7.5000   45.000011348.5596   23.5561
    7.5000   -7.5000   45.000010880.0908   23.5372
   -7.5000    0.0000   45.000010973.4795   23.5439
    0.0000    0.0000   45.000011446.7334   23.5235
    7.5000    0.0000   45.000010980.7988   23.4926
   -7.5000    7.5000   45.000010219.2656   23.5053
    0.0000    7.5000   45.000010653.9697   23.4722
    7.5000    7.5000   45.000010208.1367   23.4309
   -7.5000   15.0000   45.0000 9383.5957   23.4855
    0.0000   15.0000   45.0000 9752.6035   23.4510
    7.5000   15.0000   45.0000 9344.2979   23.4116
   -7.5000   22.5000   45.0000 8470.3096   23.4978
    0.0000   22.5000   45.0000 8797.5371   23.4729
    7.5000   22.5000   45.0000 8439.6436   23.4459
   -7.5000   30.0000   45.0000 7538.7129   23.2424
    0.0000   30.0000   45.0000 7815.9077   23.2311
    7.5000   30.0000   45.0000 7501.8496   23.2143
   -7.5000   37.5000   45.0000 6865.1831   23.2928
    0.0000   37.5000   45.0000 7121.5425   23.2835
    7.5000   37.5000   45.0000 6825.5195   23.2641
   -7.5000   45.0000   45.0000 5939.9448   23.1354
    0.0000   45.0000   45.0000 6165.2148   23.1150
    7.5000   45.0000   45.0000 5913.1958   23.0896

---------------------------------------------------------------------
imgreg_4dfp /opt/freesurfer/average/711-2C_as_mni_average_305 /opt/freesurfer/average/711-2B_as_mni_average_305_mask talsrcimg_g11 none talsrcimg_to_711-2C_as_mni_average_305_t4 4355
---------------------------------------------------------------------

freesurfer imgreg_4dfp.c
/opt/freesurfer/average/711-2C_as_mni_average_305.4dfp.img
       256       256       256         1
  1.000000  1.000000  1.000000
orientation T byte_order littleendian
Reading image: /opt/freesurfer/average/711-2C_as_mni_average_305.4dfp.img
dimensions:      256       256       256
mmppix:       1.0000   -1.0000   -1.0000
center:     128.0000 -129.0000 -129.0000
/opt/freesurfer/average/711-2B_as_mni_average_305_mask.4dfp.img
       256       256       256         1
  1.000000  1.000000  1.000000
orientation T byte_order littleendian
Reading mask: /opt/freesurfer/average/711-2B_as_mni_average_305_mask.4dfp.img (2306576 pixels)
talsrcimg_g11.4dfp.img
       256       256       256         1
  1.000000  1.000000  1.000000
orientation T byte_order littleendian
Reading image: talsrcimg_g11.4dfp.img
dimensions:      256       256       256
mmppix:       1.0000   -1.0000   -1.0000
center:     128.0000 -129.0000 -129.0000
rotation matrix determinant  1.000000
image alignment mode   4355 decimal     1103 hex
   -7.5000  -45.0000  -45.0000 2277.7646   16.4492
    0.0000  -45.0000  -45.0000 2293.5205   16.3635
    7.5000  -45.0000  -45.0000 2285.4563   16.4805
   -7.5000  -37.5000  -45.0000 2319.9854   15.7492
    0.0000  -37.5000  -45.0000 2339.1265   15.6612
    7.5000  -37.5000  -45.0000 2329.5676   15.8016
   -7.5000  -30.0000  -45.0000 2336.2832   15.4481
    0.0000  -30.0000  -45.0000 2362.2903   15.3462
    7.5000  -30.0000  -45.0000 2345.1431   15.4668
   -7.5000  -22.5000  -45.0000 2331.9492   15.4698
    0.0000  -22.5000  -45.0000 2356.7812   15.3582
    7.5000  -22.5000  -45.0000 2339.8699   15.4953
   -7.5000  -15.0000  -45.0000 2297.9382   15.8475
    0.0000  -15.0000  -45.0000 2322.0220   15.7186
    7.5000  -15.0000  -45.0000 2308.6492   15.8674
   -7.5000   -7.5000  -45.0000 2245.8289   16.5131
    0.0000   -7.5000  -45.0000 2271.9866   16.3940
    7.5000   -7.5000  -45.0000 2255.3435   16.5345
   -7.5000    0.0000  -45.0000 2164.1294   17.5674
    0.0000    0.0000  -45.0000 2187.6611   17.4113
    7.5000    0.0000  -45.0000 2172.6133   17.5829
   -7.5000    7.5000  -45.0000 2068.1687   19.0630
    0.0000    7.5000  -45.0000 2083.6138   18.8968
    7.5000    7.5000  -45.0000 2065.4185   19.0730
   -7.5000   15.0000  -45.0000 1952.8328   21.2460
    0.0000   15.0000  -45.0000 1967.3873   21.0100
    7.5000   15.0000  -45.0000 1944.4440   21.2040
   -7.5000   22.5000  -45.0000 1835.0052   24.2863
    0.0000   22.5000  -45.0000 1848.5189   24.0466
    7.5000   22.5000  -45.0000 1828.2875   24.2021
   -7.5000   30.0000  -45.0000 1698.0083   28.2362
    0.0000   30.0000  -45.0000 1707.8177   27.9540
    7.5000   30.0000  -45.0000 1691.3115   28.2085
   -7.5000   37.5000  -45.0000 1558.8027   33.6733
    0.0000   37.5000  -45.0000 1567.9784   33.4088
    7.5000   37.5000  -45.0000 1557.8574   33.6977
   -7.5000   45.0000  -45.0000 1414.8939   41.3308
    0.0000   45.0000  -45.0000 1424.7460   41.1111
    7.5000   45.0000  -45.0000 1411.5398   41.4705
   -7.5000  -45.0000  -37.5000 2366.4578   15.2685
    0.0000  -45.0000  -37.5000 2387.7207   15.2095
    7.5000  -45.0000  -37.5000 2376.8494   15.3052
   -7.5000  -37.5000  -37.5000 2415.8140   14.6563
    0.0000  -37.5000  -37.5000 2437.8438   14.5926
    7.5000  -37.5000  -37.5000 2426.1030   14.6545
   -7.5000  -30.0000  -37.5000 2437.4597   14.4254
    0.0000  -30.0000  -37.5000 2461.6904   14.3470
    7.5000  -30.0000  -37.5000 2442.6057   14.4184
   -7.5000  -22.5000  -37.5000 2434.3750   14.4595
    0.0000  -22.5000  -37.5000 2461.1858   14.3775
    7.5000  -22.5000  -37.5000 2440.5137   14.4649
   -7.5000  -15.0000  -37.5000 2404.0134   14.7905
    0.0000  -15.0000  -37.5000 2430.3586   14.6966
    7.5000  -15.0000  -37.5000 2410.6465   14.7988
   -7.5000   -7.5000  -37.5000 2344.1006   15.4280
    0.0000   -7.5000  -37.5000 2373.0625   15.3420
    7.5000   -7.5000  -37.5000 2350.4456   15.4583
   -7.5000    0.0000  -37.5000 2258.6628   16.3706
    0.0000    0.0000  -37.5000 2280.9980   16.2698
    7.5000    0.0000  -37.5000 2257.9646   16.4154
   -7.5000    7.5000  -37.5000 2148.2881   17.7554
    0.0000    7.5000  -37.5000 2166.8926   17.6030
    7.5000    7.5000  -37.5000 2144.2424   17.7626
   -7.5000   15.0000  -37.5000 2020.0112   19.7025
    0.0000   15.0000  -37.5000 2031.1022   19.5218
    7.5000   15.0000  -37.5000 2015.2023   19.6849
   -7.5000   22.5000  -37.5000 1895.1595   22.4861
    0.0000   22.5000  -37.5000 1906.1931   22.2642
    7.5000   22.5000  -37.5000 1886.7842   22.4438
   -7.5000   30.0000  -37.5000 1756.9473   26.2151
    0.0000   30.0000  -37.5000 1765.2128   25.9173
    7.5000   30.0000  -37.5000 1748.7823   26.1718
   -7.5000   37.5000  -37.5000 1612.4559   31.1277
    0.0000   37.5000  -37.5000 1624.0441   30.8482
    7.5000   37.5000  -37.5000 1610.3313   31.1514
   -7.5000   45.0000  -37.5000 1466.7517   38.0131
    0.0000   45.0000  -37.5000 1477.1901   37.8162
    7.5000   45.0000  -37.5000 1463.8815   38.1760
   -7.5000  -45.0000  -30.0000 2503.8882   14.7572
    0.0000  -45.0000  -30.0000 2523.4543   14.6842
    7.5000  -45.0000  -30.0000 2510.4590   14.7956
   -7.5000  -37.5000  -30.0000 2559.3660   14.1674
    0.0000  -37.5000  -30.0000 2580.6040   14.1128
    7.5000  -37.5000  -30.0000 2566.1802   14.1797
   -7.5000  -30.0000  -30.0000 2587.4126   13.9527
    0.0000  -30.0000  -30.0000 2609.9983   13.8997
    7.5000  -30.0000  -30.0000 2588.3933   13.9530
   -7.5000  -22.5000  -30.0000 2588.5049   14.0499
    0.0000  -22.5000  -30.0000 2613.3975   13.9907
    7.5000  -22.5000  -30.0000 2584.7407   14.0785
   -7.5000  -15.0000  -30.0000 2555.3242   14.3974
    0.0000  -15.0000  -30.0000 2583.5256   14.3271
    7.5000  -15.0000  -30.0000 2556.4392   14.4257
   -7.5000   -7.5000  -30.0000 2491.1948   15.0087
    0.0000   -7.5000  -30.0000 2519.9814   14.9269
    7.5000   -7.5000  -30.0000 2490.5603   15.0688
   -7.5000    0.0000  -30.0000 2390.8054   15.9395
    0.0000    0.0000  -30.0000 2412.6477   15.8220
    7.5000    0.0000  -30.0000 2390.4023   15.9915
   -7.5000    7.5000  -30.0000 2269.5330   17.2567
    0.0000    7.5000  -30.0000 2284.9822   17.1183
    7.5000    7.5000  -30.0000 2266.1812   17.2750
   -7.5000   15.0000  -30.0000 2125.9622   19.1176
    0.0000   15.0000  -30.0000 2133.8081   18.9660
    7.5000   15.0000  -30.0000 2116.8118   19.1045
   -7.5000   22.5000  -30.0000 1991.8306   21.7289
    0.0000   22.5000  -30.0000 1998.3770   21.4975
    7.5000   22.5000  -30.0000 1977.9706   21.6696
   -7.5000   30.0000  -30.0000 1844.4073   25.2447
    0.0000   30.0000  -30.0000 1852.5547   25.0258
    7.5000   30.0000  -30.0000 1835.6799   25.2550
   -7.5000   37.5000  -30.0000 1695.3439   29.9955
    0.0000   37.5000  -30.0000 1711.9497   29.7068
    7.5000   37.5000  -30.0000 1694.8475   30.0902
   -7.5000   45.0000  -30.0000 1543.8228   36.5154
    0.0000   45.0000  -30.0000 1556.5896   36.1501
    7.5000   45.0000  -30.0000 1542.8394   36.6637
   -7.5000  -45.0000  -22.5000 2607.8875   14.2110
    0.0000  -45.0000  -22.5000 2624.9001   14.1188
    7.5000  -45.0000  -22.5000 2610.4451   14.2633
   -7.5000  -37.5000  -22.5000 2672.4124   13.6022
    0.0000  -37.5000  -22.5000 2693.1440   13.5514
    7.5000  -37.5000  -22.5000 2671.0095   13.6693
   -7.5000  -30.0000  -22.5000 2709.3684   13.4403
    0.0000  -30.0000  -22.5000 2734.5203   13.3974
    7.5000  -30.0000  -22.5000 2704.0964   13.5098
   -7.5000  -22.5000  -22.5000 2715.0923   13.5792
    0.0000  -22.5000  -22.5000 2742.4114   13.5313
    7.5000  -22.5000  -22.5000 2704.4287   13.6456
   -7.5000  -15.0000  -22.5000 2679.6267   13.9390
    0.0000  -15.0000  -22.5000 2708.3882   13.9091
    7.5000  -15.0000  -22.5000 2668.6213   14.0180
   -7.5000   -7.5000  -22.5000 2605.1548   14.5331
    0.0000   -7.5000  -22.5000 2631.8157   14.4760
    7.5000   -7.5000  -22.5000 2596.5508   14.6239
   -7.5000    0.0000  -22.5000 2493.1858   15.4078
    0.0000    0.0000  -22.5000 2515.5410   15.3417
    7.5000    0.0000  -22.5000 2485.0996   15.4910
   -7.5000    7.5000  -22.5000 2355.4050   16.7121
    0.0000    7.5000  -22.5000 2375.5305   16.6204
    7.5000    7.5000  -22.5000 2349.8840   16.7368
   -7.5000   15.0000  -22.5000 2203.0251   18.5096
    0.0000   15.0000  -22.5000 2218.5845   18.3699
    7.5000   15.0000  -22.5000 2195.4492   18.5155
   -7.5000   22.5000  -22.5000 2061.5825   20.9720
    0.0000   22.5000  -22.5000 2070.1433   20.7786
    7.5000   22.5000  -22.5000 2047.2042   20.8983
   -7.5000   30.0000  -22.5000 1903.6514   24.2823
    0.0000   30.0000  -22.5000 1915.6383   24.0255
    7.5000   30.0000  -22.5000 1896.6095   24.2193
   -7.5000   37.5000  -22.5000 1754.0449   28.6295
    0.0000   37.5000  -22.5000 1767.4358   28.3801
    7.5000   37.5000  -22.5000 1748.6852   28.7105
   -7.5000   45.0000  -22.5000 1590.9541   34.6341
    0.0000   45.0000  -22.5000 1604.3666   34.4050
    7.5000   45.0000  -22.5000 1591.7281   34.7074
   -7.5000  -45.0000  -15.0000 2678.2944   13.6696
    0.0000  -45.0000  -15.0000 2701.7268   13.5872
    7.5000  -45.0000  -15.0000 2674.9653   13.7980
   -7.5000  -37.5000  -15.0000 2757.1714   13.0918
    0.0000  -37.5000  -15.0000 2783.5920   13.0235
    7.5000  -37.5000  -15.0000 2751.3359   13.2281
   -7.5000  -30.0000  -15.0000 2800.7615   12.9913
    0.0000  -30.0000  -15.0000 2830.8970   12.9329
    7.5000  -30.0000  -15.0000 2789.0161   13.0926
   -7.5000  -22.5000  -15.0000 2806.6924   13.1615
    0.0000  -22.5000  -15.0000 2837.5491   13.1239
    7.5000  -22.5000  -15.0000 2788.9937   13.2445
   -7.5000  -15.0000  -15.0000 2763.3013   13.5175
    0.0000  -15.0000  -15.0000 2788.0935   13.5075
    7.5000  -15.0000  -15.0000 2747.0908   13.6211
   -7.5000   -7.5000  -15.0000 2674.3044   14.1050
    0.0000   -7.5000  -15.0000 2701.6396   14.0861
    7.5000   -7.5000  -15.0000 2666.5303   14.1922
   -7.5000    0.0000  -15.0000 2556.2812   14.9404
    0.0000    0.0000  -15.0000 2577.3601   14.9053
    7.5000    0.0000  -15.0000 2547.7356   15.0252
   -7.5000    7.5000  -15.0000 2412.3472   16.1736
    0.0000    7.5000  -15.0000 2435.9219   16.1166
    7.5000    7.5000  -15.0000 2401.2017   16.2331
   -7.5000   15.0000  -15.0000 2252.5857   17.9102
    0.0000   15.0000  -15.0000 2271.0481   17.7996
    7.5000   15.0000  -15.0000 2246.1289   17.9372
   -7.5000   22.5000  -15.0000 2095.6235   20.2581
    0.0000   22.5000  -15.0000 2109.2925   20.0876
    7.5000   22.5000  -15.0000 2088.8689   20.2275
   -7.5000   30.0000  -15.0000 1938.4220   23.3379
    0.0000   30.0000  -15.0000 1946.9860   23.0794
    7.5000   30.0000  -15.0000 1932.1093   23.2999
   -7.5000   37.5000  -15.0000 1781.4634   27.4917
    0.0000   37.5000  -15.0000 1789.8191   27.1352
    7.5000   37.5000  -15.0000 1775.6266   27.4589
   -7.5000   45.0000  -15.0000 1611.7045   32.9423
    0.0000   45.0000  -15.0000 1624.6876   32.6722
    7.5000   45.0000  -15.0000 1615.2798   32.9820
   -7.5000  -45.0000   -7.5000 2729.2937   13.2565
    0.0000  -45.0000   -7.5000 2753.0374   13.1495
    7.5000  -45.0000   -7.5000 2725.0718   13.4184
   -7.5000  -37.5000   -7.5000 2820.7139   12.7217
    0.0000  -37.5000   -7.5000 2857.9565   12.5793
    7.5000  -37.5000   -7.5000 2810.6509   12.8761
   -7.5000  -30.0000   -7.5000 2867.5544   12.5533
    0.0000  -30.0000   -7.5000 2905.9355   12.4380
    7.5000  -30.0000   -7.5000 2854.4729   12.7182
   -7.5000  -22.5000   -7.5000 2863.5127   12.7642
    0.0000  -22.5000   -7.5000 2894.5039   12.6738
    7.5000  -22.5000   -7.5000 2849.4001   12.8836
   -7.5000  -15.0000   -7.5000 2806.3899   13.1745
    0.0000  -15.0000   -7.5000 2830.1387   13.0911
    7.5000  -15.0000   -7.5000 2793.7668   13.2550
   -7.5000   -7.5000   -7.5000 2712.7471   13.7510
    0.0000   -7.5000   -7.5000 2735.9626   13.6640
    7.5000   -7.5000   -7.5000 2704.4495   13.8069
   -7.5000    0.0000   -7.5000 2584.4192   14.5682
    0.0000    0.0000   -7.5000 2609.9436   14.4705
    7.5000    0.0000   -7.5000 2581.3838   14.5904
   -7.5000    7.5000   -7.5000 2438.7654   15.7397
    0.0000    7.5000   -7.5000 2460.2664   15.6312
    7.5000    7.5000   -7.5000 2427.9551   15.7560
   -7.5000   15.0000   -7.5000 2271.5337   17.3524
    0.0000   15.0000   -7.5000 2291.4048   17.2321
    7.5000   15.0000   -7.5000 2266.2739   17.3920
   -7.5000   22.5000   -7.5000 2113.6709   19.5833
    0.0000   22.5000   -7.5000 2129.4868   19.4082
    7.5000   22.5000   -7.5000 2109.2251   19.6054
   -7.5000   30.0000   -7.5000 1951.5105   22.5626
    0.0000   30.0000   -7.5000 1965.2886   22.3456
    7.5000   30.0000   -7.5000 1945.2249   22.5519
   -7.5000   37.5000   -7.5000 1786.9047   26.3842
    0.0000   37.5000   -7.5000 1798.7916   26.1521
    7.5000   37.5000   -7.5000 1783.7711   26.4954
   -7.5000   45.0000   -7.5000 1618.2056   31.7273
    0.0000   45.0000   -7.5000 1625.8551   31.3461
    7.5000   45.0000   -7.5000 1617.1671   31.7547
   -7.5000  -45.0000    0.0000 2751.9756   13.1097
    0.0000  -45.0000    0.0000 2779.5059   12.9294
    7.5000  -45.0000    0.0000 2750.3840   13.2946
   -7.5000  -37.5000    0.0000 2850.2009   12.5886
    0.0000  -37.5000    0.0000 2892.8269   12.4096
    7.5000  -37.5000    0.0000 2837.8828   12.7330
   -7.5000  -30.0000    0.0000 2896.3115   12.4444
    0.0000  -30.0000    0.0000 2938.4888   12.2234
    7.5000  -30.0000    0.0000 2876.3679   12.5941
   -7.5000  -22.5000    0.0000 2884.8452   12.6210
    0.0000  -22.5000    0.0000 2917.7458   12.4234
    7.5000  -22.5000    0.0000 2866.5032   12.7102
   -7.5000  -15.0000    0.0000 2814.5146   13.0296
    0.0000  -15.0000    0.0000 2839.4558   12.8380
    7.5000  -15.0000    0.0000 2806.3640   13.0514
   -7.5000   -7.5000    0.0000 2714.2090   13.6187
    0.0000   -7.5000    0.0000 2733.4583   13.4333
    7.5000   -7.5000    0.0000 2705.1309   13.6192
   -7.5000    0.0000    0.0000 2585.3525   14.4479
    0.0000    0.0000    0.0000 2604.3640   14.2584
    7.5000    0.0000    0.0000 2576.3408   14.4298
   -7.5000    7.5000    0.0000 2437.4189   15.6201
    0.0000    7.5000    0.0000 2455.7412   15.4277
    7.5000    7.5000    0.0000 2428.4646   15.5562
   -7.5000   15.0000    0.0000 2274.2512   17.1368
    0.0000   15.0000    0.0000 2293.3916   16.9739
    7.5000   15.0000    0.0000 2267.7764   17.1212
   -7.5000   22.5000    0.0000 2113.2202   19.2964
    0.0000   22.5000    0.0000 2130.8938   19.1241
    7.5000   22.5000    0.0000 2106.1663   19.3031
   -7.5000   30.0000    0.0000 1952.4707   22.2502
    0.0000   30.0000    0.0000 1964.9128   22.0274
    7.5000   30.0000    0.0000 1945.7200   22.2247
   -7.5000   37.5000    0.0000 1784.7982   26.0422
    0.0000   37.5000    0.0000 1795.0095   25.7264
    7.5000   37.5000    0.0000 1782.8242   26.0604
   -7.5000   45.0000    0.0000 1613.5413   31.0141
    0.0000   45.0000    0.0000 1624.6426   30.6869
    7.5000   45.0000    0.0000 1611.5865   31.0973
   -7.5000  -45.0000    7.5000 2748.1858   13.2494
    0.0000  -45.0000    7.5000 2776.1060   13.0433
    7.5000  -45.0000    7.5000 2740.1206   13.4363
   -7.5000  -37.5000    7.5000 2848.0334   12.7412
    0.0000  -37.5000    7.5000 2878.9331   12.5190
    7.5000  -37.5000    7.5000 2829.1978   12.9085
   -7.5000  -30.0000    7.5000 2888.0093   12.6563
    0.0000  -30.0000    7.5000 2919.3545   12.4391
    7.5000  -30.0000    7.5000 2865.7642   12.7318
   -7.5000  -22.5000    7.5000 2871.4956   12.8049
    0.0000  -22.5000    7.5000 2900.2261   12.5916
    7.5000  -22.5000    7.5000 2853.9897   12.8014
   -7.5000  -15.0000    7.5000 2805.3718   13.0904
    0.0000  -15.0000    7.5000 2824.3516   12.9092
    7.5000  -15.0000    7.5000 2788.4187   13.0991
   -7.5000   -7.5000    7.5000 2698.2434   13.6540
    0.0000   -7.5000    7.5000 2716.3542   13.4726
    7.5000   -7.5000    7.5000 2685.6746   13.6447
   -7.5000    0.0000    7.5000 2561.3596   14.5004
    0.0000    0.0000    7.5000 2580.3730   14.3327
    7.5000    0.0000    7.5000 2556.3640   14.4781
   -7.5000    7.5000    7.5000 2420.1042   15.6613
    0.0000    7.5000    7.5000 2433.2988   15.5165
    7.5000    7.5000    7.5000 2409.7432   15.6145
   -7.5000   15.0000    7.5000 2257.4614   17.1829
    0.0000   15.0000    7.5000 2269.8181   17.0304
    7.5000   15.0000    7.5000 2247.6448   17.1340
   -7.5000   22.5000    7.5000 2095.6533   19.2925
    0.0000   22.5000    7.5000 2113.9788   19.1206
    7.5000   22.5000    7.5000 2089.0056   19.2497
   -7.5000   30.0000    7.5000 1935.4210   22.1447
    0.0000   30.0000    7.5000 1951.3607   21.9628
    7.5000   30.0000    7.5000 1930.4918   22.0887
   -7.5000   37.5000    7.5000 1771.2090   25.8205
    0.0000   37.5000    7.5000 1782.3220   25.6549
    7.5000   37.5000    7.5000 1761.7488   25.9096
   -7.5000   45.0000    7.5000 1602.9087   30.7615
    0.0000   45.0000    7.5000 1609.0502   30.4527
    7.5000   45.0000    7.5000 1597.8341   30.8596
   -7.5000  -45.0000   15.0000 2712.2817   13.6155
    0.0000  -45.0000   15.0000 2736.2471   13.5011
    7.5000  -45.0000   15.0000 2697.0288   13.8512
   -7.5000  -37.5000   15.0000 2803.8103   13.0869
    0.0000  -37.5000   15.0000 2828.1794   12.9766
    7.5000  -37.5000   15.0000 2781.7722   13.2898
   -7.5000  -30.0000   15.0000 2835.6216   12.9967
    0.0000  -30.0000   15.0000 2861.8181   12.8750
    7.5000  -30.0000   15.0000 2815.0205   13.0980
   -7.5000  -22.5000   15.0000 2812.8013   13.1426
    0.0000  -22.5000   15.0000 2834.5105   13.0251
    7.5000  -22.5000   15.0000 2796.2446   13.2033
   -7.5000  -15.0000   15.0000 2746.6072   13.4792
    0.0000  -15.0000   15.0000 2761.9819   13.3824
    7.5000  -15.0000   15.0000 2730.4578   13.5210
   -7.5000   -7.5000   15.0000 2651.6509   13.9920
    0.0000   -7.5000   15.0000 2663.7090   13.9111
    7.5000   -7.5000   15.0000 2636.1995   14.0502
   -7.5000    0.0000   15.0000 2521.5396   14.7798
    0.0000    0.0000   15.0000 2537.1953   14.6647
    7.5000    0.0000   15.0000 2514.7927   14.8111
   -7.5000    7.5000   15.0000 2383.7610   15.8552
    0.0000    7.5000   15.0000 2399.8552   15.7372
    7.5000    7.5000   15.0000 2374.7034   15.8842
   -7.5000   15.0000   15.0000 2222.6379   17.3592
    0.0000   15.0000   15.0000 2236.4551   17.2283
    7.5000   15.0000   15.0000 2217.7300   17.3765
   -7.5000   22.5000   15.0000 2068.4077   19.4523
    0.0000   22.5000   15.0000 2083.3303   19.2764
    7.5000   22.5000   15.0000 2058.8923   19.4668
   -7.5000   30.0000   15.0000 1910.0696   22.3317
    0.0000   30.0000   15.0000 1921.4773   22.0933
    7.5000   30.0000   15.0000 1897.9796   22.3541
   -7.5000   37.5000   15.0000 1743.5718   26.0208
    0.0000   37.5000   15.0000 1752.2428   25.8213
    7.5000   37.5000   15.0000 1736.8505   26.1761
   -7.5000   45.0000   15.0000 1580.8530   31.0793
    0.0000   45.0000   15.0000 1585.9786   30.8186
    7.5000   45.0000   15.0000 1573.7433   31.2156
   -7.5000  -45.0000   22.5000 2659.7932   14.2912
    0.0000  -45.0000   22.5000 2682.4863   14.1730
    7.5000  -45.0000   22.5000 2641.6443   14.5308
   -7.5000  -37.5000   22.5000 2739.7297   13.7182
    0.0000  -37.5000   22.5000 2757.3286   13.6254
    7.5000  -37.5000   22.5000 2716.0942   13.9191
   -7.5000  -30.0000   22.5000 2758.1433   13.5731
    0.0000  -30.0000   22.5000 2781.1196   13.4585
    7.5000  -30.0000   22.5000 2742.1660   13.6916
   -7.5000  -22.5000   22.5000 2731.2737   13.6974
    0.0000  -22.5000   22.5000 2747.7798   13.5757
    7.5000  -22.5000   22.5000 2717.1516   13.7894
   -7.5000  -15.0000   22.5000 2667.1038   14.0245
    0.0000  -15.0000   22.5000 2682.1128   13.9169
    7.5000  -15.0000   22.5000 2655.4873   14.1248
   -7.5000   -7.5000   22.5000 2576.1873   14.5597
    0.0000   -7.5000   22.5000 2590.1743   14.4643
    7.5000   -7.5000   22.5000 2565.4675   14.6674
   -7.5000    0.0000   22.5000 2461.0542   15.3858
    0.0000    0.0000   22.5000 2472.8992   15.2843
    7.5000    0.0000   22.5000 2450.9539   15.4344
   -7.5000    7.5000   22.5000 2329.7607   16.4519
    0.0000    7.5000   22.5000 2339.8042   16.3491
    7.5000    7.5000   22.5000 2319.4836   16.5055
   -7.5000   15.0000   22.5000 2179.1553   17.9375
    0.0000   15.0000   22.5000 2191.9929   17.8080
    7.5000   15.0000   22.5000 2171.7307   17.9818
   -7.5000   22.5000   22.5000 2029.4601   19.9900
    0.0000   22.5000   22.5000 2044.1024   19.8487
    7.5000   22.5000   22.5000 2020.4468   20.0398
   -7.5000   30.0000   22.5000 1871.5145   22.7970
    0.0000   30.0000   22.5000 1879.1027   22.6033
    7.5000   30.0000   22.5000 1863.3715   22.8801
   -7.5000   37.5000   22.5000 1711.5209   26.5415
    0.0000   37.5000   22.5000 1716.0679   26.3730
    7.5000   37.5000   22.5000 1706.6973   26.7550
   -7.5000   45.0000   22.5000 1550.1691   31.7337
    0.0000   45.0000   22.5000 1552.4434   31.5068
    7.5000   45.0000   22.5000 1542.5289   31.8934
   -7.5000  -45.0000   30.0000 2594.2498   15.2122
    0.0000  -45.0000   30.0000 2612.1958   15.1357
    7.5000  -45.0000   30.0000 2568.9358   15.4430
   -7.5000  -37.5000   30.0000 2654.6160   14.6205
    0.0000  -37.5000   30.0000 2673.8127   14.5467
    7.5000  -37.5000   30.0000 2633.7622   14.7843
   -7.5000  -30.0000   30.0000 2664.5730   14.4206
    0.0000  -30.0000   30.0000 2686.2239   14.3187
    7.5000  -30.0000   30.0000 2649.9229   14.5196
   -7.5000  -22.5000   30.0000 2636.4084   14.4902
    0.0000  -22.5000   30.0000 2651.8718   14.3942
    7.5000  -22.5000   30.0000 2623.4128   14.5980
   -7.5000  -15.0000   30.0000 2573.3540   14.8152
    0.0000  -15.0000   30.0000 2583.0808   14.7445
    7.5000  -15.0000   30.0000 2562.9680   14.9408
   -7.5000   -7.5000   30.0000 2492.9978   15.3915
    0.0000   -7.5000   30.0000 2502.3262   15.2932
    7.5000   -7.5000   30.0000 2478.9111   15.4729
   -7.5000    0.0000   30.0000 2386.8923   16.1747
    0.0000    0.0000   30.0000 2396.7615   16.1000
    7.5000    0.0000   30.0000 2375.6772   16.2253
   -7.5000    7.5000   30.0000 2260.7449   17.2783
    0.0000    7.5000   30.0000 2272.4355   17.1845
    7.5000    7.5000   30.0000 2256.3442   17.3116
   -7.5000   15.0000   30.0000 2124.3530   18.8287
    0.0000   15.0000   30.0000 2137.1580   18.7146
    7.5000   15.0000   30.0000 2116.6924   18.8586
   -7.5000   22.5000   30.0000 1975.9525   20.8996
    0.0000   22.5000   30.0000 1985.3811   20.7523
    7.5000   22.5000   30.0000 1970.4933   20.9220
   -7.5000   30.0000   30.0000 1823.1932   23.6687
    0.0000   30.0000   30.0000 1830.9056   23.5219
    7.5000   30.0000   30.0000 1815.7761   23.7964
   -7.5000   37.5000   30.0000 1670.7954   27.5472
    0.0000   37.5000   30.0000 1674.6157   27.3683
    7.5000   37.5000   30.0000 1662.4436   27.7965
   -7.5000   45.0000   30.0000 1512.5707   32.9260
    0.0000   45.0000   30.0000 1517.4906   32.6970
    7.5000   45.0000   30.0000 1505.2139   33.0971
   -7.5000  -45.0000   37.5000 2511.0146   16.4132
    0.0000  -45.0000   37.5000 2526.9817   16.3496
    7.5000  -45.0000   37.5000 2485.7659   16.5628
   -7.5000  -37.5000   37.5000 2557.9717   15.7732
    0.0000  -37.5000   37.5000 2577.2336   15.6935
    7.5000  -37.5000   37.5000 2538.5308   15.8866
   -7.5000  -30.0000   37.5000 2567.0347   15.4862
    0.0000  -30.0000   37.5000 2586.5293   15.4057
    7.5000  -30.0000   37.5000 2550.4094   15.5761
   -7.5000  -22.5000   37.5000 2536.8687   15.5229
    0.0000  -22.5000   37.5000 2550.7383   15.4404
    7.5000  -22.5000   37.5000 2524.8611   15.6184
   -7.5000  -15.0000   37.5000 2477.0610   15.8288
    0.0000  -15.0000   37.5000 2486.3923   15.8000
    7.5000  -15.0000   37.5000 2466.5576   15.9540
   -7.5000   -7.5000   37.5000 2403.4016   16.3932
    0.0000   -7.5000   37.5000 2408.4988   16.3353
    7.5000   -7.5000   37.5000 2389.3411   16.4922
   -7.5000    0.0000   37.5000 2306.5132   17.1795
    0.0000    0.0000   37.5000 2317.1731   17.1022
    7.5000    0.0000   37.5000 2296.9248   17.2472
   -7.5000    7.5000   37.5000 2190.7705   18.3208
    0.0000    7.5000   37.5000 2204.8455   18.2111
    7.5000    7.5000   37.5000 2182.7007   18.3592
   -7.5000   15.0000   37.5000 2060.9146   19.8717
    0.0000   15.0000   37.5000 2074.9707   19.7603
    7.5000   15.0000   37.5000 2050.9319   19.9765
   -7.5000   22.5000   37.5000 1916.8361   22.0532
    0.0000   22.5000   37.5000 1927.4536   21.8995
    7.5000   22.5000   37.5000 1909.3728   22.1152
   -7.5000   30.0000   37.5000 1768.9204   24.9736
    0.0000   30.0000   37.5000 1775.7720   24.7732
    7.5000   30.0000   37.5000 1765.0663   25.0303
   -7.5000   37.5000   37.5000 1622.1343   29.0920
    0.0000   37.5000   37.5000 1625.7010   28.9030
    7.5000   37.5000   37.5000 1619.6251   29.2097
   -7.5000   45.0000   37.5000 1469.8907   34.9038
    0.0000   45.0000   37.5000 1477.1902   34.6002
    7.5000   45.0000   37.5000 1466.6965   34.9198
   -7.5000  -45.0000   45.0000 2420.3750   17.8366
    0.0000  -45.0000   45.0000 2432.4661   17.7628
    7.5000  -45.0000   45.0000 2399.3789   17.9550
   -7.5000  -37.5000   45.0000 2458.4717   17.1263
    0.0000  -37.5000   45.0000 2475.5649   17.0327
    7.5000  -37.5000   45.0000 2443.1340   17.2178
   -7.5000  -30.0000   45.0000 2460.9812   16.7509
    0.0000  -30.0000   45.0000 2480.0552   16.6672
    7.5000  -30.0000   45.0000 2451.1597   16.8559
   -7.5000  -22.5000   45.0000 2429.6602   16.7628
    0.0000  -22.5000   45.0000 2442.9927   16.7043
    7.5000  -22.5000   45.0000 2422.3513   16.8762
   -7.5000  -15.0000   45.0000 2380.0723   17.0808
    0.0000  -15.0000   45.0000 2390.8083   17.0279
    7.5000  -15.0000   45.0000 2369.6104   17.1849
   -7.5000   -7.5000   45.0000 2305.7266   17.6616
    0.0000   -7.5000   45.0000 2312.3196   17.6225
    7.5000   -7.5000   45.0000 2298.7827   17.7824
   -7.5000    0.0000   45.0000 2214.4009   18.4604
    0.0000    0.0000   45.0000 2225.6692   18.3901
    7.5000    0.0000   45.0000 2213.4360   18.5436
   -7.5000    7.5000   45.0000 2107.6790   19.6294
    0.0000    7.5000   45.0000 2119.2856   19.5316
    7.5000    7.5000   45.0000 2102.9500   19.7009
   -7.5000   15.0000   45.0000 1988.2036   21.2536
    0.0000   15.0000   45.0000 1997.4659   21.1413
    7.5000   15.0000   45.0000 1978.6294   21.3225
   -7.5000   22.5000   45.0000 1847.7708   23.5243
    0.0000   22.5000   45.0000 1856.3815   23.4195
    7.5000   22.5000   45.0000 1843.3525   23.6208
   -7.5000   30.0000   45.0000 1711.5032   26.6050
    0.0000   30.0000   45.0000 1712.2773   26.4569
    7.5000   30.0000   45.0000 1700.8782   26.7725
   -7.5000   37.5000   45.0000 1567.8314   31.0180
    0.0000   37.5000   45.0000 1576.0697   30.8360
    7.5000   37.5000   45.0000 1564.3361   31.1538
   -7.5000   45.0000   45.0000 1423.8123   37.2165
    0.0000   45.0000   45.0000 1430.3629   36.8301
    7.5000   45.0000   45.0000 1425.2670   37.2086

---------------------------------------------------------------------
imgreg_4dfp /opt/freesurfer/average/711-2C_as_mni_average_305 /opt/freesurfer/average/711-2B_as_mni_average_305_mask talsrcimg_g11 none talsrcimg_to_711-2C_as_mni_average_305_t4 1283
---------------------------------------------------------------------

freesurfer imgreg_4dfp.c
/opt/freesurfer/average/711-2C_as_mni_average_305.4dfp.img
       256       256       256         1
  1.000000  1.000000  1.000000
orientation T byte_order littleendian
Reading image: /opt/freesurfer/average/711-2C_as_mni_average_305.4dfp.img
dimensions:      256       256       256
mmppix:       1.0000   -1.0000   -1.0000
center:     128.0000 -129.0000 -129.0000
/opt/freesurfer/average/711-2B_as_mni_average_305_mask.4dfp.img
       256       256       256         1
  1.000000  1.000000  1.000000
orientation T byte_order littleendian
Reading mask: /opt/freesurfer/average/711-2B_as_mni_average_305_mask.4dfp.img (2306576 pixels)
talsrcimg_g11.4dfp.img
       256       256       256         1
  1.000000  1.000000  1.000000
orientation T byte_order littleendian
Reading image: talsrcimg_g11.4dfp.img
dimensions:      256       256       256
mmppix:       1.0000   -1.0000   -1.0000
center:     128.0000 -129.0000 -129.0000
rotation matrix determinant  1.000000
fimgreg.f
image alignment mode   1283 decimal      503 hex
parameters
    0.0000  -30.0000    0.0000    0.0000    0.0000    0.0000
eta,q 0.92174 12.21075
niter,ni,del,rscale     5    3   12.0000    1.2000
parameter  6  0.662973 ->  0.500000 qaram    1.1500
parameters
   -0.1473  -29.0986    0.4197   -1.4043    1.7814   -3.4500
eta,q 0.92600 12.20738
  0.0880  0.0885  0.0828  0.0775  0.0830  0.0750
  0.0842  0.0831  0.0788  0.0769  0.0804  0.0741
  0.0799  0.0790  0.0762  0.0764  0.0780  0.0743
  0.0769  0.0768  0.0763  0.0763  0.0763  0.0757
  0.0783  0.0766  0.0780  0.0770  0.0757  0.0779
  0.0837  0.0790  0.0789  0.0782  0.0763  0.0806
  0.0906  0.0834  0.0800  0.0799  0.0784  0.0830
niter,ni,del,rscale     5    3   12.0000    1.2000
parameters
   -1.1903  -27.9484    1.1440   -3.6885    2.3990   -4.4430
eta,q 0.92690 12.26976
  0.0824  0.0861  0.0789  0.0744  0.0802  0.0767
  0.0783  0.0811  0.0751  0.0737  0.0773  0.0745
  0.0749  0.0773  0.0733  0.0733  0.0747  0.0732
  0.0740  0.0740  0.0730  0.0734  0.0733  0.0733
  0.0773  0.0729  0.0743  0.0748  0.0736  0.0743
  0.0838  0.0754  0.0749  0.0772  0.0753  0.0763
  0.0916  0.0804  0.0756  0.0795  0.0782  0.0796
niter,ni,del,rscale     4    3   12.0000    1.2000
parameters
   -1.7356  -26.5253    0.8283   -5.7475    2.9606   -4.3254
eta,q 0.92877 12.30369
  0.0833  0.0850  0.0757  0.0727  0.0792  0.0767
  0.0785  0.0803  0.0729  0.0719  0.0760  0.0738
  0.0747  0.0764  0.0714  0.0714  0.0733  0.0718
  0.0731  0.0732  0.0717  0.0715  0.0714  0.0712
  0.0754  0.0717  0.0735  0.0729  0.0716  0.0720
  0.0813  0.0738  0.0743  0.0756  0.0739  0.0735
  0.0881  0.0783  0.0753  0.0794  0.0773  0.0763
niter,ni,del,rscale     3    3   12.0000    1.2000
parameters
   -2.0750  -25.6939    0.3572   -7.2384    3.0966   -4.2922
eta,q 0.92948 12.31307
  0.0826  0.0834  0.0748  0.0722  0.0778  0.0759
  0.0780  0.0783  0.0724  0.0713  0.0748  0.0734
  0.0732  0.0741  0.0707  0.0707  0.0721  0.0715
  0.0712  0.0712  0.0707  0.0705  0.0705  0.0705
  0.0737  0.0711  0.0729  0.0713  0.0716  0.0712
  0.0793  0.0741  0.0739  0.0734  0.0745  0.0731
  0.0859  0.0788  0.0750  0.0770  0.0773  0.0761
niter,ni,del,rscale     2    3   12.0000    1.2000
parameters
   -2.1701  -25.1912    0.0514   -8.3875    3.0845   -4.1563
eta,q 0.92968 12.31987
  0.0823  0.0819  0.0747  0.0719  0.0774  0.0760
  0.0781  0.0766  0.0722  0.0713  0.0742  0.0736
  0.0733  0.0728  0.0705  0.0705  0.0716  0.0716
  0.0705  0.0706  0.0704  0.0702  0.0703  0.0703
  0.0726  0.0709  0.0724  0.0707  0.0718  0.0709
  0.0777  0.0742  0.0736  0.0722  0.0747  0.0729
  0.0840  0.0790  0.0744  0.0750  0.0770  0.0760
niter,ni,del,rscale     1    3   12.0000    1.2000
parameters
   -2.1945  -24.7682   -0.2202   -9.3124    3.0862   -3.9686
eta,q 0.92986 12.32818
  0.0822  0.0809  0.0743  0.0719  0.0773  0.0761
  0.0781  0.0761  0.0719  0.0710  0.0739  0.0737
  0.0734  0.0725  0.0703  0.0704  0.0713  0.0715
  0.0703  0.0703  0.0702  0.0701  0.0702  0.0702
  0.0722  0.0707  0.0720  0.0704  0.0717  0.0707
  0.0772  0.0738  0.0733  0.0718  0.0747  0.0728
  0.0835  0.0789  0.0738  0.0741  0.0767  0.0760
registration optimization eta report
parameter search radius
    6.0000    6.0000    6.0000    6.0000    6.0000    6.9000
100000*second partial in parameter space
       33.       26.       10.        8.       18.       12.
  0.0822  0.0809  0.0743  0.0719  0.0773  0.0761
  0.0781  0.0761  0.0719  0.0710  0.0739  0.0737
  0.0734  0.0725  0.0703  0.0704  0.0713  0.0715
  0.0703  0.0703  0.0702  0.0701  0.0702  0.0702
  0.0722  0.0707  0.0720  0.0704  0.0717  0.0707
  0.0772  0.0738  0.0733  0.0718  0.0747  0.0728
  0.0835  0.0789  0.0738  0.0741  0.0767  0.0760
   -2.1945  -24.7682   -0.2202   -9.3124    3.0862   -3.9686
eta,q 0.92986 12.32818

---------------------------------------------------------------------
imgreg_4dfp /opt/freesurfer/average/711-2C_as_mni_average_305 /opt/freesurfer/average/711-2B_as_mni_average_305_mask talsrcimg_g11 none talsrcimg_to_711-2C_as_mni_average_305_t4 3335
---------------------------------------------------------------------

freesurfer imgreg_4dfp.c
/opt/freesurfer/average/711-2C_as_mni_average_305.4dfp.img
       256       256       256         1
  1.000000  1.000000  1.000000
orientation T byte_order littleendian
Reading image: /opt/freesurfer/average/711-2C_as_mni_average_305.4dfp.img
dimensions:      256       256       256
mmppix:       1.0000   -1.0000   -1.0000
center:     128.0000 -129.0000 -129.0000
/opt/freesurfer/average/711-2B_as_mni_average_305_mask.4dfp.img
       256       256       256         1
  1.000000  1.000000  1.000000
orientation T byte_order littleendian
Reading mask: /opt/freesurfer/average/711-2B_as_mni_average_305_mask.4dfp.img (2306576 pixels)
talsrcimg_g11.4dfp.img
       256       256       256         1
  1.000000  1.000000  1.000000
orientation T byte_order littleendian
Reading image: talsrcimg_g11.4dfp.img
dimensions:      256       256       256
mmppix:       1.0000   -1.0000   -1.0000
center:     128.0000 -129.0000 -129.0000
fimgreg.f
image alignment mode   3335 decimal      D07 hex
parameters
   -2.1945  -24.7682   -0.2202   -0.3845   -1.6149   -1.4610
    7.6988   -4.1802   -6.9109   16.5106    5.3838  -16.1583
eta,q 0.93079 12.29131
niter,ni,del,rscale     5    3    5.0000    1.2000
parameter  4  2.214199 ->  0.500000 qaram    1.1500
parameter  5  4.185614 ->  0.500000 qaram    1.1500
parameter  6  2.708131 ->  0.500000 qaram    1.1500
parameter 10  0.843476 ->  0.500000 qaram    1.1500
parameter 12  0.509213 ->  0.500000 qaram    1.1500
parameters
   -2.3420  -23.7605    0.1582   -4.5245   -5.7549   -5.6010
    5.9839   -4.2947   -4.9914   12.3706    2.8128  -20.2983
eta,q 0.95245 11.27005
  0.0712  0.0717  0.0706  0.0608  0.0523  0.0463  0.0514  0.0539  0.0529  0.0477  0.0481  0.0478
  0.0701  0.0706  0.0699  0.0627  0.0554  0.0490  0.0504  0.0518  0.0515  0.0477  0.0479  0.0476
  0.0694  0.0698  0.0693  0.0654  0.0592  0.0528  0.0499  0.0504  0.0505  0.0484  0.0478  0.0476
  0.0692  0.0692  0.0689  0.0689  0.0633  0.0564  0.0500  0.0498  0.0498  0.0497  0.0479  0.0478
  0.0695  0.0689  0.0689  0.0726  0.0677  0.0607  0.0508  0.0504  0.0497  0.0516  0.0482  0.0484
  0.0704  0.0690  0.0692  0.0768  0.0724  0.0656  0.0521  0.0519  0.0500  0.0543  0.0488  0.0493
  0.0719  0.0694  0.0699  0.0815  0.0773  0.0712  0.0539  0.0542  0.0508  0.0576  0.0497  0.0504
niter,ni,del,rscale     7    3    5.0000    1.2000
parameter  3  0.687193 ->  0.500000 qaram    1.1500
parameter  4  0.764231 ->  0.500000 qaram    1.3225
parameter  5  1.841199 ->  0.500000 qaram    1.3225
parameter  6  1.174109 ->  0.500000 qaram    1.3225
parameters
   -2.4273  -23.8022   -1.2218   -9.2855  -10.5159  -10.3620
    6.5537   -4.1203   -4.6061   11.1054    3.3192  -20.8839
eta,q 0.96724 10.58013
  0.0506  0.0495  0.0472  0.0446  0.0364  0.0326  0.0360  0.0383  0.0355  0.0361  0.0344  0.0345
  0.0489  0.0484  0.0470  0.0444  0.0381  0.0326  0.0345  0.0356  0.0341  0.0342  0.0336  0.0334
  0.0478  0.0478  0.0471  0.0450  0.0408  0.0346  0.0334  0.0336  0.0332  0.0330  0.0330  0.0329
  0.0475  0.0475  0.0475  0.0470  0.0445  0.0387  0.0329  0.0329  0.0329  0.0329  0.0328  0.0328
  0.0480  0.0478  0.0482  0.0504  0.0488  0.0438  0.0330  0.0335  0.0330  0.0339  0.0329  0.0332
  0.0491  0.0485  0.0491  0.0550  0.0536  0.0490  0.0338  0.0352  0.0337  0.0360  0.0333  0.0339
  0.0511  0.0497  0.0501  0.0596  0.0588  0.0547  0.0353  0.0378  0.0350  0.0392  0.0340  0.0350
niter,ni,del,rscale     7    3    5.0000    1.2000
parameter  5  0.651233 ->  0.500000 qaram    1.5209
parameters
   -2.2795  -23.1347   -2.1819  -10.1412  -15.9910  -14.1525
    7.0373   -4.2115   -4.7931   11.9754    4.5924  -23.1209
eta,q 0.97005 10.13491
  0.0367  0.0371  0.0336  0.0363  0.0307  0.0317  0.0328  0.0339  0.0319  0.0342  0.0310  0.0306
  0.0347  0.0351  0.0324  0.0344  0.0301  0.0307  0.0315  0.0317  0.0309  0.0322  0.0305  0.0302
  0.0333  0.0336  0.0320  0.0330  0.0305  0.0300  0.0306  0.0305  0.0303  0.0308  0.0303  0.0300
  0.0328  0.0328  0.0325  0.0320  0.0322  0.0301  0.0302  0.0301  0.0301  0.0301  0.0301  0.0300
  0.0330  0.0325  0.0337  0.0324  0.0353  0.0332  0.0303  0.0306  0.0304  0.0302  0.0301  0.0304
  0.0341  0.0330  0.0354  0.0349  0.0395  0.0381  0.0310  0.0319  0.0310  0.0311  0.0302  0.0310
  0.0359  0.0340  0.0373  0.0395  0.0445  0.0442  0.0323  0.0340  0.0321  0.0329  0.0305  0.0319
niter,ni,del,rscale     7    3    5.0000    1.2000
parameters
   -2.1260  -22.4382   -2.9527   -8.1837  -17.7774  -15.5837
    7.0093   -4.1817   -5.5697   13.3818    5.3387  -24.7983
eta,q 0.97082 10.09132
  0.0333  0.0338  0.0306  0.0347  0.0325  0.0325  0.0316  0.0333  0.0306  0.0331  0.0301  0.0299
  0.0316  0.0319  0.0299  0.0327  0.0308  0.0308  0.0305  0.0310  0.0299  0.0312  0.0297  0.0294
  0.0304  0.0306  0.0296  0.0311  0.0294  0.0298  0.0297  0.0297  0.0294  0.0299  0.0294  0.0292
  0.0299  0.0299  0.0298  0.0296  0.0290  0.0290  0.0293  0.0293  0.0293  0.0293  0.0292  0.0292
  0.0301  0.0298  0.0303  0.0287  0.0300  0.0291  0.0295  0.0298  0.0296  0.0293  0.0293  0.0295
  0.0310  0.0301  0.0312  0.0294  0.0326  0.0323  0.0304  0.0310  0.0303  0.0299  0.0295  0.0300
  0.0326  0.0309  0.0325  0.0325  0.0368  0.0372  0.0318  0.0331  0.0314  0.0311  0.0298  0.0306
niter,ni,del,rscale     6    3    5.0000    1.2000
parameters
   -2.1338  -22.0163   -3.6293   -8.0214  -18.3675  -16.4100
    7.3795   -4.0869   -6.1915   14.5171    6.2456  -25.3187
eta,q 0.97087 10.05435
  0.0322  0.0320  0.0300  0.0333  0.0330  0.0327  0.0316  0.0331  0.0305  0.0324  0.0300  0.0301
  0.0305  0.0306  0.0293  0.0317  0.0313  0.0309  0.0305  0.0309  0.0297  0.0307  0.0296  0.0295
  0.0295  0.0296  0.0290  0.0303  0.0299  0.0297  0.0296  0.0296  0.0293  0.0297  0.0293  0.0292
  0.0292  0.0292  0.0291  0.0290  0.0290  0.0290  0.0292  0.0292  0.0292  0.0292  0.0292  0.0291
  0.0295  0.0292  0.0296  0.0287  0.0294  0.0288  0.0293  0.0296  0.0295  0.0293  0.0292  0.0293
  0.0305  0.0297  0.0304  0.0304  0.0313  0.0312  0.0300  0.0308  0.0301  0.0299  0.0293  0.0297
  0.0323  0.0305  0.0315  0.0342  0.0348  0.0357  0.0313  0.0328  0.0310  0.0310  0.0297  0.0302
niter,ni,del,rscale     5    3    5.0000    1.2000
parameters
   -2.1035  -21.6511   -4.0123   -8.0718  -19.0109  -17.0069
    7.6476   -4.0167   -6.6422   15.4010    6.8221  -25.3433
eta,q 0.97078 10.00519
  0.0321  0.0317  0.0302  0.0331  0.0327  0.0327  0.0315  0.0329  0.0305  0.0320  0.0300  0.0302
  0.0305  0.0304  0.0295  0.0315  0.0312  0.0309  0.0304  0.0308  0.0298  0.0305  0.0296  0.0296
  0.0295  0.0295  0.0291  0.0302  0.0299  0.0297  0.0296  0.0296  0.0294  0.0296  0.0293  0.0293
  0.0291  0.0291  0.0291  0.0291  0.0291  0.0292  0.0293  0.0293  0.0293  0.0292  0.0292  0.0292
  0.0294  0.0292  0.0294  0.0288  0.0294  0.0289  0.0294  0.0296  0.0295  0.0293  0.0292  0.0294
  0.0304  0.0297  0.0301  0.0306  0.0312  0.0308  0.0301  0.0307  0.0300  0.0299  0.0294  0.0297
  0.0320  0.0304  0.0310  0.0343  0.0346  0.0350  0.0313  0.0327  0.0309  0.0310  0.0298  0.0301
niter,ni,del,rscale     4    3    5.0000    1.2000
parameters
   -2.0682  -21.2830   -4.3085   -8.1946  -19.7653  -17.5428
    7.7928   -3.8898   -6.7671   16.2648    7.0537  -25.1267
eta,q 0.97071  9.94344
  0.0321  0.0316  0.0303  0.0329  0.0325  0.0327  0.0313  0.0328  0.0306  0.0319  0.0299  0.0302
  0.0305  0.0303  0.0296  0.0314  0.0311  0.0309  0.0304  0.0309  0.0299  0.0305  0.0296  0.0297
  0.0296  0.0296  0.0292  0.0302  0.0300  0.0298  0.0297  0.0297  0.0295  0.0297  0.0294  0.0294
  0.0292  0.0292  0.0292  0.0292  0.0292  0.0293  0.0293  0.0293  0.0293  0.0293  0.0293  0.0293
  0.0295  0.0293  0.0295  0.0289  0.0295  0.0291  0.0295  0.0296  0.0295  0.0294  0.0293  0.0294
  0.0304  0.0297  0.0300  0.0306  0.0312  0.0307  0.0301  0.0307  0.0299  0.0298  0.0295  0.0296
  0.0319  0.0304  0.0309  0.0342  0.0344  0.0347  0.0313  0.0326  0.0308  0.0311  0.0299  0.0301
niter,ni,del,rscale     3    3    5.0000    1.2000
parameters
   -2.0214  -20.8915   -4.5815   -8.3468  -20.6402  -18.1089
    7.8267   -3.7398   -6.5521   17.1702    6.8903  -24.8127
eta,q 0.97069  9.86762
  0.0320  0.0315  0.0304  0.0328  0.0323  0.0325  0.0312  0.0326  0.0308  0.0319  0.0299  0.0302
  0.0305  0.0304  0.0297  0.0313  0.0310  0.0309  0.0303  0.0309  0.0301  0.0307  0.0296  0.0297
  0.0296  0.0296  0.0293  0.0302  0.0299  0.0297  0.0297  0.0298  0.0296  0.0299  0.0294  0.0295
  0.0293  0.0293  0.0293  0.0292  0.0293  0.0294  0.0294  0.0294  0.0294  0.0294  0.0293  0.0293
  0.0295  0.0293  0.0295  0.0290  0.0296  0.0293  0.0295  0.0296  0.0295  0.0293  0.0293  0.0294
  0.0304  0.0297  0.0301  0.0306  0.0312  0.0307  0.0302  0.0306  0.0299  0.0299  0.0296  0.0296
  0.0318  0.0304  0.0309  0.0341  0.0342  0.0344  0.0313  0.0325  0.0307  0.0311  0.0300  0.0301
niter,ni,del,rscale     2    3    5.0000    1.2000
parameters
   -1.9690  -20.4785   -4.8360   -8.5051  -21.6070  -18.6594
    7.8174   -3.6116   -6.1150   18.0482    6.5197  -24.5179
eta,q 0.97069  9.78495
  0.0319  0.0315  0.0304  0.0326  0.0321  0.0324  0.0311  0.0325  0.0310  0.0320  0.0298  0.0301
  0.0305  0.0304  0.0297  0.0312  0.0309  0.0308  0.0303  0.0308  0.0302  0.0308  0.0296  0.0297
  0.0296  0.0297  0.0293  0.0301  0.0299  0.0297  0.0297  0.0298  0.0296  0.0299  0.0294  0.0295
  0.0293  0.0293  0.0293  0.0293  0.0293  0.0294  0.0294  0.0294  0.0294  0.0294  0.0293  0.0293
  0.0295  0.0293  0.0295  0.0290  0.0296  0.0294  0.0295  0.0296  0.0295  0.0294  0.0294  0.0294
  0.0303  0.0297  0.0300  0.0305  0.0312  0.0306  0.0302  0.0306  0.0299  0.0299  0.0296  0.0296
  0.0317  0.0304  0.0309  0.0338  0.0341  0.0341  0.0312  0.0324  0.0307  0.0313  0.0301  0.0300
niter,ni,del,rscale     1    3    5.0000    1.2000
parameters
   -1.9260  -20.0939   -5.0410   -8.6535  -22.4759  -19.0860
    7.7709   -3.5355   -5.7383   18.7041    6.3348  -24.3567
eta,q 0.97065  9.71388
  0.0318  0.0315  0.0304  0.0324  0.0321  0.0324  0.0310  0.0323  0.0310  0.0320  0.0299  0.0301
  0.0305  0.0304  0.0298  0.0311  0.0308  0.0308  0.0302  0.0308  0.0302  0.0308  0.0296  0.0297
  0.0296  0.0297  0.0294  0.0301  0.0299  0.0297  0.0296  0.0298  0.0296  0.0299  0.0295  0.0295
  0.0293  0.0293  0.0293  0.0293  0.0293  0.0294  0.0294  0.0294  0.0294  0.0294  0.0293  0.0293
  0.0295  0.0293  0.0295  0.0291  0.0296  0.0295  0.0295  0.0296  0.0295  0.0294  0.0294  0.0294
  0.0303  0.0297  0.0300  0.0304  0.0311  0.0305  0.0301  0.0306  0.0299  0.0301  0.0296  0.0297
  0.0317  0.0304  0.0309  0.0336  0.0338  0.0338  0.0311  0.0323  0.0307  0.0315  0.0301  0.0301
registration optimization eta report
parameter search radius
    2.4000    2.4000    2.7600    9.5220   10.9503    9.5220
    7.2000    7.2000    7.2000    8.2800    7.2000    8.2800
100000*second partial in parameter space
       42.       28.       18.        4.        3.        4.
        3.        6.        3.        3.        1.        1.
  0.0318  0.0315  0.0304  0.0324  0.0321  0.0324  0.0310  0.0323  0.0310  0.0320  0.0299  0.0301
  0.0305  0.0304  0.0298  0.0311  0.0308  0.0308  0.0302  0.0308  0.0302  0.0308  0.0296  0.0297
  0.0296  0.0297  0.0294  0.0301  0.0299  0.0297  0.0296  0.0298  0.0296  0.0299  0.0295  0.0295
  0.0293  0.0293  0.0293  0.0293  0.0293  0.0294  0.0294  0.0294  0.0294  0.0294  0.0293  0.0293
  0.0295  0.0293  0.0295  0.0291  0.0296  0.0295  0.0295  0.0296  0.0295  0.0294  0.0294  0.0294
  0.0303  0.0297  0.0300  0.0304  0.0311  0.0305  0.0301  0.0306  0.0299  0.0301  0.0296  0.0297
  0.0317  0.0304  0.0309  0.0336  0.0338  0.0338  0.0311  0.0323  0.0307  0.0315  0.0301  0.0301
   -1.9260  -20.0939   -5.0410   -8.6535  -22.4759  -19.0860
    7.7709   -3.5355   -5.7383   18.7041    6.3348  -24.3567
eta,q 0.97065  9.71388

---------------------------------------------------------------------
imgreg_4dfp /opt/freesurfer/average/711-2C_as_mni_average_305 /opt/freesurfer/average/711-2B_as_mni_average_305_mask talsrcimg_g11 none talsrcimg_to_711-2C_as_mni_average_305_t4 2311
---------------------------------------------------------------------

freesurfer imgreg_4dfp.c
/opt/freesurfer/average/711-2C_as_mni_average_305.4dfp.img
       256       256       256         1
  1.000000  1.000000  1.000000
orientation T byte_order littleendian
Reading image: /opt/freesurfer/average/711-2C_as_mni_average_305.4dfp.img
dimensions:      256       256       256
mmppix:       1.0000   -1.0000   -1.0000
center:     128.0000 -129.0000 -129.0000
/opt/freesurfer/average/711-2B_as_mni_average_305_mask.4dfp.img
       256       256       256         1
  1.000000  1.000000  1.000000
orientation T byte_order littleendian
Reading mask: /opt/freesurfer/average/711-2B_as_mni_average_305_mask.4dfp.img (2306576 pixels)
talsrcimg_g11.4dfp.img
       256       256       256         1
  1.000000  1.000000  1.000000
orientation T byte_order littleendian
Reading image: talsrcimg_g11.4dfp.img
dimensions:      256       256       256
mmppix:       1.0000   -1.0000   -1.0000
center:     128.0000 -129.0000 -129.0000
fimgreg.f
image alignment mode   2311 decimal      907 hex
parameters
   -1.9260  -20.0939   -5.0410   -8.6535  -22.4759  -19.0860
    7.7709   -3.5355   -5.7383   18.7041    6.3348  -24.3567
eta,q 0.97065  9.71388
niter,ni,del,rscale     5    3    5.0000    0.8000
parameters
   -1.8730  -19.8447   -5.1609   -6.5800  -21.6816  -17.8890
    7.5528   -3.6966   -6.1680   19.1515    4.8722  -26.3708
eta,q 0.97106  9.92963
  0.0304  0.0303  0.0297  0.0306  0.0300  0.0301  0.0299  0.0306  0.0296  0.0300  0.0292  0.0290
  0.0299  0.0298  0.0295  0.0301  0.0296  0.0296  0.0294  0.0297  0.0293  0.0295  0.0290  0.0290
  0.0295  0.0295  0.0294  0.0297  0.0293  0.0292  0.0291  0.0292  0.0291  0.0292  0.0290  0.0289
  0.0293  0.0293  0.0293  0.0293  0.0291  0.0291  0.0290  0.0290  0.0290  0.0290  0.0290  0.0290
  0.0294  0.0294  0.0294  0.0291  0.0291  0.0290  0.0292  0.0293  0.0292  0.0290  0.0291  0.0291
  0.0298  0.0295  0.0296  0.0291  0.0292  0.0291  0.0295  0.0299  0.0294  0.0293  0.0293  0.0292
  0.0303  0.0298  0.0299  0.0295  0.0296  0.0294  0.0301  0.0308  0.0299  0.0297  0.0296  0.0294
niter,ni,del,rscale     4    3    5.0000    0.7000
parameters
   -1.9522  -19.8951   -4.9129   -6.4850  -21.1012  -17.0074
    7.8387   -3.6485   -6.0540   19.4127    4.5362  -26.7413
eta,q 0.97121 10.01571
  0.0298  0.0294  0.0294  0.0299  0.0297  0.0297  0.0297  0.0304  0.0294  0.0295  0.0291  0.0290
  0.0293  0.0292  0.0292  0.0295  0.0294  0.0293  0.0293  0.0295  0.0291  0.0292  0.0289  0.0289
  0.0290  0.0290  0.0290  0.0292  0.0291  0.0290  0.0290  0.0290  0.0289  0.0289  0.0288  0.0288
  0.0289  0.0289  0.0289  0.0289  0.0289  0.0289  0.0288  0.0288  0.0288  0.0288  0.0288  0.0288
  0.0291  0.0290  0.0289  0.0289  0.0289  0.0288  0.0288  0.0290  0.0289  0.0288  0.0289  0.0288
  0.0294  0.0292  0.0290  0.0292  0.0290  0.0289  0.0291  0.0295  0.0290  0.0290  0.0290  0.0289
  0.0300  0.0295  0.0292  0.0300  0.0294  0.0292  0.0295  0.0303  0.0294  0.0294  0.0292  0.0291
niter,ni,del,rscale     3    3    5.0000    0.6000
parameters
   -2.0250  -19.9784   -4.6959   -6.4120  -20.8944  -16.6796
    7.9035   -3.7102   -5.9887   19.3822    4.5358  -26.7901
eta,q 0.97126 10.04662
  0.0294  0.0292  0.0292  0.0296  0.0293  0.0293  0.0294  0.0299  0.0292  0.0292  0.0290  0.0289
  0.0291  0.0289  0.0290  0.0293  0.0291  0.0291  0.0290  0.0292  0.0290  0.0290  0.0289  0.0288
  0.0288  0.0288  0.0289  0.0290  0.0289  0.0289  0.0288  0.0289  0.0288  0.0288  0.0288  0.0288
  0.0288  0.0288  0.0288  0.0288  0.0288  0.0288  0.0287  0.0287  0.0287  0.0287  0.0287  0.0287
  0.0289  0.0289  0.0288  0.0288  0.0288  0.0287  0.0288  0.0289  0.0288  0.0288  0.0288  0.0288
  0.0292  0.0290  0.0288  0.0291  0.0290  0.0288  0.0290  0.0293  0.0289  0.0290  0.0289  0.0288
  0.0296  0.0293  0.0290  0.0297  0.0293  0.0293  0.0293  0.0300  0.0292  0.0293  0.0290  0.0289
niter,ni,del,rscale     2    3    5.0000    0.5000
parameters
   -2.0657  -20.0565   -4.6021   -6.3180  -20.7062  -16.3842
    7.8864   -3.7816   -6.0282   19.2669    4.6113  -26.8816
eta,q 0.97130 10.07312
  0.0292  0.0290  0.0290  0.0294  0.0292  0.0292  0.0291  0.0296  0.0290  0.0290  0.0289  0.0288
  0.0289  0.0288  0.0289  0.0291  0.0290  0.0290  0.0289  0.0291  0.0288  0.0289  0.0288  0.0288
  0.0288  0.0288  0.0288  0.0289  0.0288  0.0288  0.0288  0.0288  0.0287  0.0287  0.0287  0.0287
  0.0287  0.0287  0.0287  0.0287  0.0287  0.0287  0.0287  0.0287  0.0287  0.0287  0.0287  0.0287
  0.0288  0.0288  0.0287  0.0288  0.0287  0.0287  0.0287  0.0288  0.0287  0.0288  0.0287  0.0287
  0.0290  0.0289  0.0288  0.0289  0.0289  0.0288  0.0289  0.0291  0.0288  0.0289  0.0288  0.0288
  0.0293  0.0291  0.0289  0.0294  0.0291  0.0291  0.0292  0.0296  0.0290  0.0291  0.0289  0.0288
niter,ni,del,rscale     1    3    5.0000    0.4000
parameters
   -2.0940  -20.1355   -4.5162   -6.2402  -20.5079  -16.0963
    7.8580   -3.8319   -6.1194   19.1203    4.7378  -26.9831
eta,q 0.97132 10.09851
  0.0290  0.0289  0.0289  0.0291  0.0290  0.0290  0.0290  0.0293  0.0289  0.0289  0.0288  0.0288
  0.0288  0.0288  0.0288  0.0289  0.0289  0.0289  0.0288  0.0289  0.0288  0.0288  0.0288  0.0287
  0.0287  0.0287  0.0287  0.0288  0.0287  0.0288  0.0287  0.0287  0.0287  0.0287  0.0287  0.0287
  0.0287  0.0287  0.0287  0.0287  0.0287  0.0287  0.0287  0.0287  0.0287  0.0287  0.0287  0.0287
  0.0288  0.0287  0.0287  0.0287  0.0287  0.0287  0.0287  0.0288  0.0287  0.0287  0.0287  0.0287
  0.0289  0.0288  0.0287  0.0288  0.0288  0.0287  0.0288  0.0290  0.0288  0.0288  0.0287  0.0287
  0.0291  0.0289  0.0288  0.0291  0.0289  0.0289  0.0290  0.0293  0.0289  0.0290  0.0288  0.0288
registration optimization eta report
parameter search radius
    0.8000    0.8000    0.8000    2.4000    2.4000    2.4000
    2.4000    2.4000    2.4000    2.4000    2.4000    2.4000
100000*second partial in parameter space
       56.       31.       24.        8.        5.        5.
        5.       10.        4.        4.        3.        2.
  0.0290  0.0289  0.0289  0.0291  0.0290  0.0290  0.0290  0.0293  0.0289  0.0289  0.0288  0.0288
  0.0288  0.0288  0.0288  0.0289  0.0289  0.0289  0.0288  0.0289  0.0288  0.0288  0.0288  0.0287
  0.0287  0.0287  0.0287  0.0288  0.0287  0.0288  0.0287  0.0287  0.0287  0.0287  0.0287  0.0287
  0.0287  0.0287  0.0287  0.0287  0.0287  0.0287  0.0287  0.0287  0.0287  0.0287  0.0287  0.0287
  0.0288  0.0287  0.0287  0.0287  0.0287  0.0287  0.0287  0.0288  0.0287  0.0287  0.0287  0.0287
  0.0289  0.0288  0.0287  0.0288  0.0288  0.0287  0.0288  0.0290  0.0288  0.0288  0.0287  0.0287
  0.0291  0.0289  0.0288  0.0291  0.0289  0.0289  0.0290  0.0293  0.0289  0.0290  0.0288  0.0288
   -2.0940  -20.1355   -4.5162   -6.2402  -20.5079  -16.0963
    7.8580   -3.8319   -6.1194   19.1203    4.7378  -26.9831
eta,q 0.97132 10.09851

---------------------------------------------------------------------
imgreg_4dfp /opt/freesurfer/average/711-2C_as_mni_average_305 /opt/freesurfer/average/711-2B_as_mni_average_305_mask talsrcimg_g11 none talsrcimg_to_711-2C_as_mni_average_305_t4 2311
---------------------------------------------------------------------

freesurfer imgreg_4dfp.c
/opt/freesurfer/average/711-2C_as_mni_average_305.4dfp.img
       256       256       256         1
  1.000000  1.000000  1.000000
orientation T byte_order littleendian
Reading image: /opt/freesurfer/average/711-2C_as_mni_average_305.4dfp.img
dimensions:      256       256       256
mmppix:       1.0000   -1.0000   -1.0000
center:     128.0000 -129.0000 -129.0000
/opt/freesurfer/average/711-2B_as_mni_average_305_mask.4dfp.img
       256       256       256         1
  1.000000  1.000000  1.000000
orientation T byte_order littleendian
Reading mask: /opt/freesurfer/average/711-2B_as_mni_average_305_mask.4dfp.img (2306576 pixels)
talsrcimg_g11.4dfp.img
       256       256       256         1
  1.000000  1.000000  1.000000
orientation T byte_order littleendian
Reading image: talsrcimg_g11.4dfp.img
dimensions:      256       256       256
mmppix:       1.0000   -1.0000   -1.0000
center:     128.0000 -129.0000 -129.0000
fimgreg.f
image alignment mode   2311 decimal      907 hex
parameters
   -2.0940  -20.1355   -4.5162   -6.2402  -20.5079  -16.0963
    7.8580   -3.8319   -6.1194   19.1203    4.7378  -26.9831
eta,q 0.97132 10.09850
niter,ni,del,rscale     5    3    5.0000    0.8000
parameters
   -2.1204  -20.2011   -4.4218   -6.7838  -20.6089  -16.6639
    8.0375   -3.8144   -6.0046   18.9388    4.7658  -26.4613
eta,q 0.97123 10.04381
  0.0301  0.0294  0.0294  0.0300  0.0296  0.0296  0.0299  0.0307  0.0296  0.0296  0.0293  0.0292
  0.0293  0.0290  0.0290  0.0294  0.0292  0.0292  0.0293  0.0296  0.0291  0.0292  0.0290  0.0289
  0.0288  0.0287  0.0288  0.0289  0.0289  0.0289  0.0289  0.0290  0.0289  0.0289  0.0288  0.0288
  0.0287  0.0287  0.0287  0.0287  0.0287  0.0287  0.0288  0.0288  0.0288  0.0288  0.0288  0.0288
  0.0289  0.0288  0.0287  0.0289  0.0288  0.0287  0.0288  0.0290  0.0288  0.0288  0.0288  0.0288
  0.0294  0.0291  0.0289  0.0296  0.0291  0.0293  0.0292  0.0297  0.0291  0.0292  0.0290  0.0289
  0.0302  0.0295  0.0292  0.0311  0.0298  0.0306  0.0298  0.0307  0.0295  0.0298  0.0292  0.0290
niter,ni,del,rscale     4    3    5.0000    0.7000
parameters
   -2.0844  -20.1973   -4.5762   -6.6085  -20.6289  -16.7014
    7.9582   -3.8064   -6.0291   18.9662    4.7047  -26.5649
eta,q 0.97125 10.04724
  0.0298  0.0294  0.0291  0.0300  0.0295  0.0294  0.0295  0.0303  0.0293  0.0294  0.0291  0.0290
  0.0293  0.0290  0.0289  0.0295  0.0291  0.0291  0.0291  0.0294  0.0290  0.0291  0.0289  0.0288
  0.0289  0.0288  0.0288  0.0290  0.0289  0.0289  0.0288  0.0289  0.0288  0.0289  0.0288  0.0288
  0.0288  0.0288  0.0288  0.0288  0.0287  0.0287  0.0287  0.0287  0.0287  0.0287  0.0287  0.0287
  0.0289  0.0288  0.0288  0.0287  0.0288  0.0287  0.0288  0.0290  0.0288  0.0288  0.0288  0.0288
  0.0292  0.0290  0.0290  0.0291  0.0291  0.0289  0.0291  0.0295  0.0290  0.0290  0.0289  0.0289
  0.0297  0.0294  0.0293  0.0300  0.0295  0.0297  0.0296  0.0303  0.0293  0.0294  0.0291  0.0290
niter,ni,del,rscale     3    3    5.0000    0.6000
parameters
   -2.0796  -20.1851   -4.5906   -6.4254  -20.5645  -16.5105
    7.9056   -3.8117   -6.0817   19.0011    4.6860  -26.7199
eta,q 0.97128 10.06716
  0.0295  0.0292  0.0290  0.0297  0.0293  0.0293  0.0293  0.0299  0.0291  0.0292  0.0290  0.0289
  0.0291  0.0289  0.0289  0.0293  0.0290  0.0290  0.0290  0.0293  0.0289  0.0290  0.0288  0.0288
  0.0288  0.0288  0.0288  0.0289  0.0288  0.0289  0.0288  0.0288  0.0288  0.0288  0.0287  0.0287
  0.0287  0.0287  0.0287  0.0287  0.0287  0.0287  0.0287  0.0287  0.0287  0.0287  0.0287  0.0287
  0.0288  0.0288  0.0288  0.0287  0.0288  0.0287  0.0288  0.0289  0.0288  0.0288  0.0287  0.0287
  0.0291  0.0289  0.0289  0.0290  0.0290  0.0288  0.0290  0.0293  0.0289  0.0289  0.0289  0.0288
  0.0295  0.0292  0.0291  0.0296  0.0293  0.0293  0.0294  0.0299  0.0292  0.0292  0.0290  0.0289
niter,ni,del,rscale     2    3    5.0000    0.5000
parameters
   -2.0895  -20.1969   -4.5373   -6.3062  -20.4442  -16.2472
    7.8713   -3.8265   -6.1460   18.9742    4.7495  -26.8522
eta,q 0.97132 10.09028
  0.0292  0.0290  0.0290  0.0294  0.0291  0.0291  0.0291  0.0296  0.0290  0.0290  0.0289  0.0288
  0.0290  0.0288  0.0288  0.0291  0.0289  0.0290  0.0289  0.0291  0.0288  0.0289  0.0288  0.0287
  0.0288  0.0287  0.0287  0.0288  0.0288  0.0288  0.0287  0.0288  0.0287  0.0287  0.0287  0.0287
  0.0287  0.0287  0.0287  0.0287  0.0287  0.0287  0.0287  0.0287  0.0287  0.0287  0.0287  0.0287
  0.0288  0.0287  0.0287  0.0287  0.0287  0.0287  0.0287  0.0288  0.0287  0.0287  0.0287  0.0287
  0.0290  0.0289  0.0288  0.0289  0.0289  0.0288  0.0289  0.0291  0.0288  0.0289  0.0288  0.0288
  0.0293  0.0290  0.0289  0.0294  0.0291  0.0291  0.0292  0.0296  0.0290  0.0291  0.0289  0.0288
niter,ni,del,rscale     1    3    5.0000    0.4000
parameters
   -2.1079  -20.2435   -4.4611   -6.2229  -20.2840  -15.9781
    7.8398   -3.8626   -6.2423   18.8739    4.8732  -26.9719
eta,q 0.97134 10.11340
  0.0290  0.0289  0.0289  0.0291  0.0290  0.0290  0.0290  0.0293  0.0288  0.0289  0.0288  0.0287
  0.0288  0.0288  0.0288  0.0289  0.0288  0.0289  0.0288  0.0289  0.0287  0.0288  0.0287  0.0287
  0.0287  0.0287  0.0287  0.0288  0.0287  0.0287  0.0287  0.0287  0.0287  0.0287  0.0287  0.0287
  0.0287  0.0287  0.0287  0.0287  0.0287  0.0287  0.0287  0.0287  0.0287  0.0287  0.0287  0.0287
  0.0287  0.0287  0.0287  0.0287  0.0287  0.0287  0.0287  0.0287  0.0287  0.0287  0.0287  0.0287
  0.0289  0.0288  0.0287  0.0288  0.0288  0.0287  0.0288  0.0290  0.0288  0.0288  0.0287  0.0287
  0.0291  0.0289  0.0288  0.0291  0.0289  0.0289  0.0290  0.0293  0.0289  0.0289  0.0288  0.0288
registration optimization eta report
parameter search radius
    0.8000    0.8000    0.8000    2.4000    2.4000    2.4000
    2.4000    2.4000    2.4000    2.4000    2.4000    2.4000
100000*second partial in parameter space
       56.       31.       24.        8.        5.        5.
        5.       11.        3.        4.        3.        2.
  0.0290  0.0289  0.0289  0.0291  0.0290  0.0290  0.0290  0.0293  0.0288  0.0289  0.0288  0.0287
  0.0288  0.0288  0.0288  0.0289  0.0288  0.0289  0.0288  0.0289  0.0287  0.0288  0.0287  0.0287
  0.0287  0.0287  0.0287  0.0288  0.0287  0.0287  0.0287  0.0287  0.0287  0.0287  0.0287  0.0287
  0.0287  0.0287  0.0287  0.0287  0.0287  0.0287  0.0287  0.0287  0.0287  0.0287  0.0287  0.0287
  0.0287  0.0287  0.0287  0.0287  0.0287  0.0287  0.0287  0.0287  0.0287  0.0287  0.0287  0.0287
  0.0289  0.0288  0.0287  0.0288  0.0288  0.0287  0.0288  0.0290  0.0288  0.0288  0.0287  0.0287
  0.0291  0.0289  0.0288  0.0291  0.0289  0.0289  0.0290  0.0293  0.0289  0.0289  0.0288  0.0288
   -2.1079  -20.2435   -4.4611   -6.2229  -20.2840  -15.9781
    7.8398   -3.8626   -6.2423   18.8739    4.8732  -26.9719
eta,q 0.97134 10.11340

---------------------------------------------------------------------
compute_vox2vox talsrcimg talsrcimg_to_711-2C_as_mni_average_305_t4 /opt/freesurfer/average/711-2C_as_mni_average_305
---------------------------------------------------------------------

freesurfer compute_vox2vox.c
Reading: talsrcimg.4dfp.ifh
Reading: talsrcimg_to_711-2C_as_mni_average_305_t4
Reading: /opt/freesurfer/average/711-2C_as_mni_average_305.4dfp.ifh
Writing: talsrcimg_to_711-2C_as_mni_average_305_t4_vox2vox.txt

start time Sat Mar 14 10:31:04 CET 2026
end		time Sat Mar 14 10:31:18 CET 2026

mpr2mni305 success

avi2talxfm orig_nu.mgz /opt/freesurfer/average/mni305.cor.mgz talsrcimg_to_711-2C_as_mni_average_305_t4_vox2vox.txt transforms/talairach.auto.xfm
avi2talxfm done
mv -f /out/sourcedata/freesurfer/sub-v2s9x29157_ses-1/mri/talsrcimg_to_711-2C_as_mni_average_305_t4_vox2vox.txt /out/sourcedata/freesurfer/sub-v2s9x29157_ses-1/mri/transforms/talsrcimg_to_711-2C_as_mni_average_305_t4_vox2vox.txt
lta_convert --src orig_nu.mgz --trg /opt/freesurfer/average/mni305.cor.mgz --inxfm transforms/talairach.auto.xfm --outlta transforms/talairach.auto.xfm.lta --subject fsaverage
7.3.2

--src: orig_nu.mgz src image (geometry).
--trg: /opt/freesurfer/average/mni305.cor.mgz trg image (geometry).
--inmni: transforms/talairach.auto.xfm input MNI/XFM transform.
--outlta: transforms/talairach.auto.xfm.lta output LTA.
--s: fsaverage subject name
 LTA read, type : 1
 1.05747   0.06689  -0.08137   0.25836;
-0.03230   1.10406   0.37673   11.12846;
 0.09045  -0.25616   1.15889   21.28871;
 0.00000   0.00000   0.00000   1.00000;
setting subject to fsaverage
Writing  LTA to file transforms/talairach.auto.xfm.lta...
lta_convert successful.
 
 
Started at Sat Mar 14 10:31:04 CET 2026
Ended   at Sat Mar 14 10:31:18 CET 2026
talairach_avi done
