status file for recon-all
Sat Mar 14 10:28:08 CET 2026
#@# MotionCor Sat Mar 14 10:28:09 CET 2026
#@# Talairach Sat Mar 14 10:28:15 CET 2026
#@# Talairach Failure Detection Sat Mar 14 10:31:05 CET 2026
#@# Nu Intensity Correction Sat Mar 14 10:31:06 CET 2026
#@# Intensity Normalization Sat Mar 14 10:33:50 CET 2026
recon-all -s sub-v2s9x29163_ses-1 finished without error at Sat Mar 14 10:34:46 CET 2026



#New# invocation of recon-all 



status file for recon-all
Sat Mar 14 10:40:37 CET 2026
#@# EM Registration Sat Mar 14 10:40:37 CET 2026
recon-all -s sub-v2s9x29163_ses-1 finished without error at Sat Mar 14 10:42:05 CET 2026



#New# invocation of recon-all 



status file for recon-all
Sat Mar 14 10:42:08 CET 2026
#@# CA Normalize Sat Mar 14 10:42:08 CET 2026
#@# CA Reg Sat Mar 14 10:43:01 CET 2026
#@# SubCort Seg Sat Mar 14 11:13:44 CET 2026
#@# CC Seg Sat Mar 14 11:32:57 CET 2026
#@# Merge ASeg Sat Mar 14 11:33:37 CET 2026
#@# Intensity Normalization2 Sat Mar 14 11:33:37 CET 2026
#@# Mask BFS Sat Mar 14 11:34:58 CET 2026
#@# WM Segmentation Sat Mar 14 11:34:58 CET 2026
#@# Fill Sat Mar 14 11:36:24 CET 2026
recon-all -s sub-v2s9x29163_ses-1 finished without error at Sat Mar 14 11:37:02 CET 2026



#New# invocation of recon-all 



status file for recon-all
Sat Mar 14 12:19:44 CET 2026
#@# white curv lh Sat Mar 14 12:19:44 CET 2026
#@# white area lh Sat Mar 14 12:19:44 CET 2026
#@# pial curv lh Sat Mar 14 12:19:44 CET 2026
#@# pial area lh Sat Mar 14 12:19:44 CET 2026
#@# thickness lh Sat Mar 14 12:19:44 CET 2026
#@# area and vertex vol lh Sat Mar 14 12:19:44 CET 2026
#@# white curv rh Sat Mar 14 12:19:44 CET 2026
#@# white area rh Sat Mar 14 12:19:44 CET 2026
#@# pial curv rh Sat Mar 14 12:19:44 CET 2026
#@# pial area rh Sat Mar 14 12:19:44 CET 2026
#@# thickness rh Sat Mar 14 12:19:44 CET 2026
#@# area and vertex vol rh Sat Mar 14 12:19:44 CET 2026
#@# Cortical ribbon mask Sat Mar 14 12:19:44 CET 2026
recon-all -s sub-v2s9x29163_ses-1 finished without error at Sat Mar 14 12:22:25 CET 2026



#New# invocation of recon-all 



status file for recon-all
Sat Mar 14 12:26:31 CET 2026
#@# white curv lh Sat Mar 14 12:26:31 CET 2026
#@# white area lh Sat Mar 14 12:26:31 CET 2026
#@# pial curv lh Sat Mar 14 12:26:31 CET 2026
#@# pial area lh Sat Mar 14 12:26:31 CET 2026
#@# thickness lh Sat Mar 14 12:26:31 CET 2026
#@# area and vertex vol lh Sat Mar 14 12:26:31 CET 2026
#@# white curv rh Sat Mar 14 12:26:31 CET 2026
#@# white area rh Sat Mar 14 12:26:31 CET 2026
#@# pial curv rh Sat Mar 14 12:26:31 CET 2026
#@# pial area rh Sat Mar 14 12:26:31 CET 2026
#@# thickness rh Sat Mar 14 12:26:31 CET 2026
#@# area and vertex vol rh Sat Mar 14 12:26:31 CET 2026
#@# Curvature Stats lh Sat Mar 14 12:26:31 CET 2026
#@# Curvature Stats rh Sat Mar 14 12:26:32 CET 2026
#@# Relabel Hypointensities Sat Mar 14 12:26:34 CET 2026
#@# APas-to-ASeg Sat Mar 14 12:26:44 CET 2026
#@# AParc-to-ASeg aparc Sat Mar 14 12:26:49 CET 2026
#@# AParc-to-ASeg aparc.a2009s Sat Mar 14 12:27:09 CET 2026
#@# AParc-to-ASeg aparc.DKTatlas Sat Mar 14 12:27:30 CET 2026
#@# WMParc Sat Mar 14 12:27:51 CET 2026
#@# ASeg Stats Sat Mar 14 12:29:26 CET 2026
recon-all -s sub-v2s9x29163_ses-1 finished without error at Sat Mar 14 12:29:41 CET 2026
