status file for recon-all
Sat Mar 14 11:37:05 CET 2026
#@# Tessellate lh Sat Mar 14 11:37:05 CET 2026
#@# Smooth1 lh Sat Mar 14 11:37:08 CET 2026
#@# Inflation1 lh Sat Mar 14 11:37:10 CET 2026
#@# QSphere lh Sat Mar 14 11:37:16 CET 2026
#@# Fix Topology lh Sat Mar 14 11:37:52 CET 2026
#@# Smooth2 lh Sat Mar 14 11:46:45 CET 2026
#@# Inflation2 lh Sat Mar 14 11:46:47 CET 2026
#@# Curv .H and .K lh Sat Mar 14 11:46:54 CET 2026
#@# Sphere lh Sat Mar 14 11:47:27 CET 2026
#@# Surf Reg lh Sat Mar 14 11:49:45 CET 2026
#@# Jacobian white lh Sat Mar 14 11:51:56 CET 2026
#@# AvgCurv lh Sat Mar 14 11:51:56 CET 2026
#@# Cortical Parc lh Sat Mar 14 11:51:57 CET 2026
#@# white curv lh Sat Mar 14 11:56:12 CET 2026
#@# white area lh Sat Mar 14 11:56:13 CET 2026
#@# pial curv lh Sat Mar 14 11:56:14 CET 2026
#@# pial area lh Sat Mar 14 11:56:15 CET 2026
#@# thickness lh Sat Mar 14 11:56:15 CET 2026
#@# area and vertex vol lh Sat Mar 14 11:56:32 CET 2026
#@# Curvature Stats lh Sat Mar 14 11:56:32 CET 2026
#@# Cortical Parc 2 lh Sat Mar 14 11:56:34 CET 2026
#@# Cortical Parc 3 lh Sat Mar 14 11:56:42 CET 2026
#@# WM/GM Contrast lh Sat Mar 14 11:56:49 CET 2026
recon-all -s sub-v2s9x29163_ses-1 finished without error at Sat Mar 14 11:56:51 CET 2026



#New# invocation of recon-all 



status file for recon-all
Sat Mar 14 12:22:30 CET 2026
#@# white curv lh Sat Mar 14 12:22:30 CET 2026
#@# white area lh Sat Mar 14 12:22:30 CET 2026
#@# pial curv lh Sat Mar 14 12:22:30 CET 2026
#@# pial area lh Sat Mar 14 12:22:30 CET 2026
#@# thickness lh Sat Mar 14 12:22:30 CET 2026
#@# area and vertex vol lh Sat Mar 14 12:22:30 CET 2026
#@# Parcellation Stats lh Sat Mar 14 12:22:30 CET 2026
#@# Parcellation Stats 2 lh Sat Mar 14 12:22:42 CET 2026
#@# Parcellation Stats 3 lh Sat Mar 14 12:22:48 CET 2026
#@# BA_exvivo Labels lh Sat Mar 14 12:22:53 CET 2026
recon-all -s sub-v2s9x29163_ses-1 finished without error at Sat Mar 14 12:24:28 CET 2026
