/out/sourcedata/freesurfer/sub-v2s9x29168_ses-1/mri
/opt/freesurfer/bin/talairach_avi
--i orig_nu.mgz --xfm transforms/talairach.auto.xfm
talairach_avi 7.3.2
Linux dna078 5.14.0-427.37.1.el9_4.x86_64 #1 SMP PREEMPT_DYNAMIC Fri Sep 13 12:41:50 EDT 2024 x86_64 x86_64 x86_64 GNU/Linux
Sat Mar 14 10:30:52 CET 2026
mri_convert orig_nu.mgz talsrcimg.img 
reading from orig_nu.mgz...
TR=0.00, TE=0.00, TI=0.00, flip angle=0.00
i_ras = (-1, 0, 0)
j_ras = (0, 0, -1)
k_ras = (0, 1, 0)
writing to talsrcimg.img...
Analyze Output Matrix
-1.00000   0.00000   0.00000   129.66513;
 0.00000   0.00000   1.00000  -128.00000;
 0.00000  -1.00000   0.00000   130.00000;
 0.00000   0.00000   0.00000   1.00000;
--------------------
INFO: set hdr.hist.orient to -1
mpr2mni305 talsrcimg
Sat Mar 14 10:30:52 CET 2026
/opt/freesurfer/bin/mpr2mni305 talsrcimg
mpr2mni305 7.3.2
target=711-2C_as_mni_average_305

---------------------------------------------------------------------
analyzeto4dfp talsrcimg -O0 -y
---------------------------------------------------------------------

freesurfer ifh2hdr.c
Sat Mar 14 10:30:52 2026
Writing: talsrcimg.4dfp.hdr
freesurfer analyzeto4dfp.c
Reading: talsrcimg.hdr
header size 348 bytes
hdr.dime.datatype	offset=70	value=2
hdr.dime.bitpix		offset=72	value=8
hdr.hist.orient		offset=252	value=-1
dimensionality     4
dimensions       256       256       256         1
Reading: talsrcimg.img
Writing: talsrcimg.4dfp.img
Writing: talsrcimg.4dfp.ifh
ifh2hdr talsrcimg -r0to201
ori=2

---------------------------------------------------------------------
gauss_4dfp talsrcimg 1.1
---------------------------------------------------------------------

freesurfer gauss_4dfp.c
Reading: talsrcimg.4dfp.img
Writing: talsrcimg_g11.4dfp.img
image dimensions 256 256 256 padded to 288 288 288
processing volume 1freesurfer ifh2hdr.c
Sat Mar 14 10:30:54 2026
Writing: talsrcimg_g11.4dfp.hdr

Writing: talsrcimg_g11.4dfp.ifh
including: talsrcimg.4dfp.img.rec in talsrcimg_g11.4dfp.img.rec

---------------------------------------------------------------------
imgreg_4dfp /opt/freesurfer/average/711-2C_as_mni_average_305 none talsrcimg_g11 none talsrcimg_to_711-2C_as_mni_average_305_t4 4355
---------------------------------------------------------------------

freesurfer imgreg_4dfp.c
/opt/freesurfer/average/711-2C_as_mni_average_305.4dfp.img
       256       256       256         1
  1.000000  1.000000  1.000000
orientation T byte_order littleendian
Reading image: /opt/freesurfer/average/711-2C_as_mni_average_305.4dfp.img
dimensions:      256       256       256
mmppix:       1.0000   -1.0000   -1.0000
center:     128.0000 -129.0000 -129.0000
talsrcimg_g11.4dfp.img
       256       256       256         1
  1.000000  1.000000  1.000000
orientation T byte_order littleendian
Reading image: talsrcimg_g11.4dfp.img
dimensions:      256       256       256
mmppix:       1.0000   -1.0000   -1.0000
center:     128.0000 -129.0000 -129.0000
t4_read: open error in t4_sub.f l:  41 t4_file(1:l)talsrcimg_to_711-2C_as_mni_average_305_t4 
t4_read: transform initialized to I4
rotation matrix determinant  1.000000
image alignment mode   4355 decimal     1103 hex
   -7.5000  -45.0000  -45.0000 8985.8691   19.6384
    0.0000  -45.0000  -45.0000 9310.2148   19.6110
    7.5000  -45.0000  -45.0000 8854.6523   19.5742
   -7.5000  -37.5000  -45.0000 9387.0010   19.6149
    0.0000  -37.5000  -45.0000 9715.7793   19.5913
    7.5000  -37.5000  -45.0000 9245.9893   19.5446
   -7.5000  -30.0000  -45.000010080.3398   19.6334
    0.0000  -30.0000  -45.000010414.1152   19.6133
    7.5000  -30.0000  -45.0000 9913.3730   19.5667
   -7.5000  -22.5000  -45.000010699.1279   19.6979
    0.0000  -22.5000  -45.000011064.6953   19.6754
    7.5000  -22.5000  -45.000010475.5547   19.6383
   -7.5000  -15.0000  -45.000011250.0039   19.7305
    0.0000  -15.0000  -45.000011601.7529   19.7030
    7.5000  -15.0000  -45.000010984.1436   19.6744
   -7.5000   -7.5000  -45.000011781.6445   19.6895
    0.0000   -7.5000  -45.000012143.0156   19.6606
    7.5000   -7.5000  -45.000011487.4795   19.6324
   -7.5000    0.0000  -45.000012231.3740   19.6384
    0.0000    0.0000  -45.000012586.9316   19.6110
    7.5000    0.0000  -45.000011921.9072   19.5742
   -7.5000    7.5000  -45.000011586.9473   19.6149
    0.0000    7.5000  -45.000011904.4580   19.5913
    7.5000    7.5000  -45.000011287.1895   19.5446
   -7.5000   15.0000  -45.000010857.4717   19.6334
    0.0000   15.0000  -45.000011173.9922   19.6133
    7.5000   15.0000  -45.000010553.7852   19.5667
   -7.5000   22.5000  -45.000010052.3965   19.6952
    0.0000   22.5000  -45.000010368.7080   19.6726
    7.5000   22.5000  -45.0000 9777.1846   19.6356
   -7.5000   30.0000  -45.0000 9216.3838   19.4675
    0.0000   30.0000  -45.0000 9498.4619   19.4405
    7.5000   30.0000  -45.0000 8954.8408   19.4122
   -7.5000   37.5000  -45.0000 8675.3633   19.4271
    0.0000   37.5000  -45.0000 8928.2109   19.3986
    7.5000   37.5000  -45.0000 8430.8281   19.3708
   -7.5000   45.0000  -45.0000 7720.5811   18.8857
    0.0000   45.0000  -45.0000 7954.5298   18.8593
    7.5000   45.0000  -45.0000 7504.2280   18.8240
   -7.5000  -45.0000  -37.5000 9589.7168   19.5153
    0.0000  -45.0000  -37.5000 9931.6279   19.4859
    7.5000  -45.0000  -37.5000 9433.6982   19.4593
   -7.5000  -37.5000  -37.500010003.5361   19.5031
    0.0000  -37.5000  -37.500010347.9287   19.4750
    7.5000  -37.5000  -37.5000 9828.4678   19.4342
   -7.5000  -30.0000  -37.500010726.7471   19.5303
    0.0000  -30.0000  -37.500011073.3232   19.5038
    7.5000  -30.0000  -37.500010522.2559   19.4624
   -7.5000  -22.5000  -37.500011370.0244   19.5906
    0.0000  -22.5000  -37.500011721.3145   19.5622
    7.5000  -22.5000  -37.500011103.5068   19.5335
   -7.5000  -15.0000  -37.500011917.8047   19.6125
    0.0000  -15.0000  -37.500012294.7334   19.5819
    7.5000  -15.0000  -37.500011648.1611   19.5661
   -7.5000   -7.5000  -37.500012456.0693   19.5644
    0.0000   -7.5000  -37.500012871.0029   19.5344
    7.5000   -7.5000  -37.500012179.3447   19.5200
   -7.5000    0.0000  -37.500012928.7188   19.5153
    0.0000    0.0000  -37.500013320.3887   19.4859
    7.5000    0.0000  -37.500012599.1279   19.4593
   -7.5000    7.5000  -37.500012252.6729   19.5031
    0.0000    7.5000  -37.500012601.5938   19.4750
    7.5000    7.5000  -37.500011934.9619   19.4342
   -7.5000   15.0000  -37.500011439.0039   19.5303
    0.0000   15.0000  -37.500011790.6123   19.5038
    7.5000   15.0000  -37.500011148.5527   19.4624
   -7.5000   22.5000  -37.500010567.8564   19.5879
    0.0000   22.5000  -37.500010918.3359   19.5595
    7.5000   22.5000  -37.500010311.1865   19.5308
   -7.5000   30.0000  -37.5000 9661.7871   19.3511
    0.0000   30.0000  -37.5000 9965.5342   19.3210
    7.5000   30.0000  -37.5000 9398.0332   19.3054
   -7.5000   37.5000  -37.5000 9073.1396   19.3037
    0.0000   37.5000  -37.5000 9351.8818   19.2741
    7.5000   37.5000  -37.5000 8813.0264   19.2599
   -7.5000   45.0000  -37.5000 8050.4976   18.7674
    0.0000   45.0000  -37.5000 8283.7334   18.7391
    7.5000   45.0000  -37.5000 7819.3242   18.7135
   -7.5000  -45.0000  -30.000010345.0088   20.2541
    0.0000  -45.0000  -30.000010715.2705   20.2179
    7.5000  -45.0000  -30.000010163.8750   20.2053
   -7.5000  -37.5000  -30.000010788.4717   20.2489
    0.0000  -37.5000  -30.000011168.1895   20.2130
    7.5000  -37.5000  -30.000010575.2393   20.1837
   -7.5000  -30.0000  -30.000011575.6924   20.2871
    0.0000  -30.0000  -30.000011950.7393   20.2500
    7.5000  -30.0000  -30.000011301.4092   20.2160
   -7.5000  -22.5000  -30.000012250.3242   20.3506
    0.0000  -22.5000  -30.000012622.4111   20.3101
    7.5000  -22.5000  -30.000011937.5869   20.2878
   -7.5000  -15.0000  -30.000012807.6982   20.3657
    0.0000  -15.0000  -30.000013215.7432   20.3247
    7.5000  -15.0000  -30.000012489.3936   20.3187
   -7.5000   -7.5000  -30.000013366.6592   20.3076
    0.0000   -7.5000  -30.000013805.2305   20.2696
    7.5000   -7.5000  -30.000013060.2100   20.2686
   -7.5000    0.0000  -30.000013843.2578   20.2541
    0.0000    0.0000  -30.000014271.8008   20.2179
    7.5000    0.0000  -30.000013486.2568   20.2053
   -7.5000    7.5000  -30.000013115.4512   20.2489
    0.0000    7.5000  -30.000013499.4482   20.2130
    7.5000    7.5000  -30.000012738.9365   20.1837
   -7.5000   15.0000  -30.000012227.4189   20.2871
    0.0000   15.0000  -30.000012593.7832   20.2500
    7.5000   15.0000  -30.000011904.3154   20.2160
   -7.5000   22.5000  -30.000011263.9053   20.3457
    0.0000   22.5000  -30.000011626.5811   20.3052
    7.5000   22.5000  -30.000010989.7744   20.2829
   -7.5000   30.0000  -30.000010269.0928   20.0962
    0.0000   30.0000  -30.000010601.6689   20.0557
    7.5000   30.0000  -30.000010019.9326   20.0499
   -7.5000   37.5000  -30.0000 9607.3213   20.0388
    0.0000   37.5000  -30.0000 9913.4746   20.0014
    7.5000   37.5000  -30.0000 9357.8320   20.0004
   -7.5000   45.0000  -30.0000 8517.6543   19.4922
    0.0000   45.0000  -30.0000 8761.8955   19.4573
    7.5000   45.0000  -30.0000 8284.6523   19.4452
   -7.5000  -45.0000  -22.500011118.2168   20.9232
    0.0000  -45.0000  -22.500011484.4160   20.8843
    7.5000  -45.0000  -22.500010876.1182   20.8764
   -7.5000  -37.5000  -22.500011589.5557   20.9139
    0.0000  -37.5000  -22.500011974.7080   20.8772
    7.5000  -37.5000  -22.500011329.8623   20.8555
   -7.5000  -30.0000  -22.500012408.5254   20.9571
    0.0000  -30.0000  -22.500012791.5596   20.9182
    7.5000  -30.0000  -22.500012072.7744   20.8875
   -7.5000  -22.5000  -22.500013117.1680   21.0302
    0.0000  -22.5000  -22.500013497.7490   20.9854
    7.5000  -22.5000  -22.500012720.6426   20.9600
   -7.5000  -15.0000  -22.500013696.5557   21.0493
    0.0000  -15.0000  -22.500014113.3945   21.0025
    7.5000  -15.0000  -22.500013294.0859   20.9910
   -7.5000   -7.5000  -22.500014308.1650   20.9857
    0.0000   -7.5000  -22.500014745.5762   20.9424
    7.5000   -7.5000  -22.500013898.1221   20.9395
   -7.5000    0.0000  -22.500014750.4541   20.9232
    0.0000    0.0000  -22.500015182.1504   20.8843
    7.5000    0.0000  -22.500014320.4121   20.8764
   -7.5000    7.5000  -22.500013923.5840   20.9139
    0.0000    7.5000  -22.500014312.0078   20.8772
    7.5000    7.5000  -22.500013495.9385   20.8555
   -7.5000   15.0000  -22.500012963.0605   20.9571
    0.0000   15.0000  -22.500013334.9092   20.9182
    7.5000   15.0000  -22.500012587.4570   20.8875
   -7.5000   22.5000  -22.500011934.3252   21.0237
    0.0000   22.5000  -22.500012309.6963   20.9789
    7.5000   22.5000  -22.500011619.1064   20.9535
   -7.5000   30.0000  -22.500010863.3750   20.7740
    0.0000   30.0000  -22.500011201.5693   20.7277
    7.5000   30.0000  -22.500010568.3262   20.7164
   -7.5000   37.5000  -22.500010149.5234   20.7112
    0.0000   37.5000  -22.500010439.8428   20.6685
    7.5000   37.5000  -22.5000 9868.9238   20.6656
   -7.5000   45.0000  -22.5000 8970.3398   20.1512
    0.0000   45.0000  -22.5000 9228.4971   20.1137
    7.5000   45.0000  -22.5000 8749.1543   20.1061
   -7.5000  -45.0000  -15.000011875.9834   21.4604
    0.0000  -45.0000  -15.000012263.7617   21.4248
    7.5000  -45.0000  -15.000011616.4307   21.4080
   -7.5000  -37.5000  -15.000012379.2451   21.4387
    0.0000  -37.5000  -15.000012783.2266   21.4080
    7.5000  -37.5000  -15.000012081.3467   21.3820
   -7.5000  -30.0000  -15.000013230.7959   21.4747
    0.0000  -30.0000  -15.000013645.4277   21.4435
    7.5000  -30.0000  -15.000012861.8564   21.4089
   -7.5000  -22.5000  -15.000013960.1699   21.5554
    0.0000  -22.5000  -15.000014366.3867   21.5174
    7.5000  -22.5000  -15.000013517.6406   21.4843
   -7.5000  -15.0000  -15.000014609.9785   21.5872
    0.0000  -15.0000  -15.000015001.2510   21.5440
    7.5000  -15.0000  -15.000014109.0439   21.5203
   -7.5000   -7.5000  -15.000015248.0068   21.5284
    0.0000   -7.5000  -15.000015631.0576   21.4868
    7.5000   -7.5000  -15.000014714.5020   21.4709
   -7.5000    0.0000  -15.000015651.0498   21.4604
    0.0000    0.0000  -15.000016037.8027   21.4248
    7.5000    0.0000  -15.000015097.1006   21.4080
   -7.5000    7.5000  -15.000014740.7793   21.4387
    0.0000    7.5000  -15.000015107.4316   21.4080
    7.5000    7.5000  -15.000014232.6074   21.3820
   -7.5000   15.0000  -15.000013739.5107   21.4747
    0.0000   15.0000  -15.000014098.4004   21.4435
    7.5000   15.0000  -15.000013289.2051   21.4089
   -7.5000   22.5000  -15.000012672.3926   21.5478
    0.0000   22.5000  -15.000013013.8691   21.5098
    7.5000   22.5000  -15.000012272.5820   21.4767
   -7.5000   30.0000  -15.000011526.9961   21.3078
    0.0000   30.0000  -15.000011835.2471   21.2652
    7.5000   30.0000  -15.000011160.2920   21.2418
   -7.5000   37.5000  -15.000010726.9316   21.2498
    0.0000   37.5000  -15.000011014.4785   21.2087
    7.5000   37.5000  -15.000010413.6582   21.1931
   -7.5000   45.0000  -15.0000 9450.1484   20.6811
    0.0000   45.0000  -15.0000 9736.5537   20.6467
    7.5000   45.0000  -15.0000 9219.8135   20.6306
   -7.5000  -45.0000   -7.500012659.4902   21.7804
    0.0000  -45.0000   -7.500013091.3428   21.7486
    7.5000  -45.0000   -7.500012379.3262   21.7158
   -7.5000  -37.5000   -7.500013216.6689   21.7505
    0.0000  -37.5000   -7.500013631.1631   21.7245
    7.5000  -37.5000   -7.500012871.9580   21.6833
   -7.5000  -30.0000   -7.500014155.9678   21.7749
    0.0000  -30.0000   -7.500014580.4600   21.7515
    7.5000  -30.0000   -7.500013732.5186   21.7063
   -7.5000  -22.5000   -7.500014887.4268   21.8543
    0.0000  -22.5000   -7.500015291.6182   21.8262
    7.5000  -22.5000   -7.500014377.2354   21.7855
   -7.5000  -15.0000   -7.500015557.2549   21.8944
    0.0000  -15.0000   -7.500015915.1846   21.8595
    7.5000  -15.0000   -7.500014985.0879   21.8266
   -7.5000   -7.5000   -7.500016202.3311   21.8450
    0.0000   -7.5000   -7.500016547.2480   21.8089
    7.5000   -7.5000   -7.500015590.4951   21.7799
   -7.5000    0.0000   -7.500016614.6895   21.7804
    0.0000    0.0000   -7.500016955.4863   21.7486
    7.5000    0.0000   -7.500015980.6807   21.7158
   -7.5000    7.5000   -7.500015649.0195   21.7505
    0.0000    7.5000   -7.500015964.5508   21.7245
    7.5000    7.5000   -7.500015098.0791   21.6833
   -7.5000   15.0000   -7.500014614.8096   21.7749
    0.0000   15.0000   -7.500014929.4365   21.7515
    7.5000   15.0000   -7.500014112.2012   21.7063
   -7.5000   22.5000   -7.500013507.3408   21.8442
    0.0000   22.5000   -7.500013808.6133   21.8161
    7.5000   22.5000   -7.500013036.4756   21.7754
   -7.5000   30.0000   -7.500012264.3320   21.6105
    0.0000   30.0000   -7.500012570.1191   21.5760
    7.5000   30.0000   -7.500011853.3203   21.5435
   -7.5000   37.5000   -7.500011384.0137   21.5617
    0.0000   37.5000   -7.500011696.6338   21.5261
    7.5000   37.5000   -7.500011018.9883   21.4974
   -7.5000   45.0000   -7.500010001.7646   20.9934
    0.0000   45.0000   -7.500010287.0088   20.9627
    7.5000   45.0000   -7.5000 9696.7510   20.9311
   -7.5000  -45.0000    0.000013238.6855   21.8576
    0.0000  -45.0000    0.000013702.7832   21.8274
    7.5000  -45.0000    0.000012957.5225   21.7876
   -7.5000  -37.5000    0.000013835.2051   21.8319
    0.0000  -37.5000    0.000014321.5400   21.8059
    7.5000  -37.5000    0.000013530.2754   21.7548
   -7.5000  -30.0000    0.000014976.9355   21.8540
    0.0000  -30.0000    0.000015511.3203   21.8321
    7.5000  -30.0000    0.000014539.5039   21.7806
   -7.5000  -22.5000    0.000015813.4434   21.9273
    0.0000  -22.5000    0.000016235.7383   21.9026
    7.5000  -22.5000    0.000015253.9961   21.8615
   -7.5000  -15.0000    0.000016421.3672   21.9633
    0.0000  -15.0000    0.000016778.0176   21.9332
    7.5000  -15.0000    0.000015856.8184   21.9017
   -7.5000   -7.5000    0.000017047.0703   21.9160
    0.0000   -7.5000    0.000017419.6035   21.8842
    7.5000   -7.5000    0.000016482.6387   21.8537
   -7.5000    0.0000    0.000017470.9590   21.8576
    0.0000    0.0000    0.000017831.7188   21.8274
    7.5000    0.0000    0.000016846.5840   21.7876
   -7.5000    7.5000    0.000016497.1484   21.8319
    0.0000    7.5000    0.000016867.4883   21.8059
    7.5000    7.5000    0.000015897.3535   21.7548
   -7.5000   15.0000    0.000015422.6348   21.8540
    0.0000   15.0000    0.000015758.4766   21.8321
    7.5000   15.0000    0.000014821.6445   21.7806
   -7.5000   22.5000    0.000014285.9668   21.9172
    0.0000   22.5000    0.000014576.5635   21.8925
    7.5000   22.5000    0.000013705.2812   21.8515
   -7.5000   30.0000    0.000012952.3711   21.6791
    0.0000   30.0000    0.000013240.8916   21.6494
    7.5000   30.0000    0.000012452.9307   21.6182
   -7.5000   37.5000    0.000011992.3770   21.6324
    0.0000   37.5000    0.000012262.0615   21.6010
    7.5000   37.5000    0.000011545.4658   21.5709
   -7.5000   45.0000    0.000010549.4248   21.0694
    0.0000   45.0000    0.000010802.0938   21.0402
    7.5000   45.0000    0.000010165.1162   21.0019
   -7.5000  -45.0000    7.500012673.0811   21.8184
    0.0000  -45.0000    7.500013158.7910   21.7855
    7.5000  -45.0000    7.500012523.2432   21.7564
   -7.5000  -37.5000    7.500013259.7314   21.8046
    0.0000  -37.5000    7.500013771.0820   21.7732
    7.5000  -37.5000    7.500013117.6621   21.7282
   -7.5000  -30.0000    7.500014597.5674   21.8351
    0.0000  -30.0000    7.500015137.5811   21.8056
    7.5000  -30.0000    7.500014156.7939   21.7599
   -7.5000  -22.5000    7.500015522.4150   21.9028
    0.0000  -22.5000    7.500016040.2891   21.8711
    7.5000  -22.5000    7.500014933.0898   21.8396
   -7.5000  -15.0000    7.500016062.6934   21.9273
    0.0000  -15.0000    7.500016566.9023   21.8932
    7.5000  -15.0000    7.500015543.1729   21.8761
   -7.5000   -7.5000    7.500016620.0938   21.8735
    0.0000   -7.5000    7.500017108.5449   21.8400
    7.5000   -7.5000    7.500016096.2334   21.8245
   -7.5000    0.0000    7.500016946.0020   21.8184
    0.0000    0.0000    7.500017402.0176   21.7855
    7.5000    0.0000    7.500016354.6543   21.7564
   -7.5000    7.5000    7.500015974.2549   21.8046
    0.0000    7.5000    7.500016387.7148   21.7732
    7.5000    7.5000    7.500015404.0732   21.7282
   -7.5000   15.0000    7.500014944.3926   21.8351
    0.0000   15.0000    7.500015301.9668   21.8056
    7.5000   15.0000    7.500014371.1992   21.7599
   -7.5000   22.5000    7.500013851.6445   21.8927
    0.0000   22.5000    7.500014134.4775   21.8610
    7.5000   22.5000    7.500013268.2441   21.8296
   -7.5000   30.0000    7.500012570.4883   21.6436
    0.0000   30.0000    7.500012827.4053   21.6099
    7.5000   30.0000    7.500012062.8135   21.5930
   -7.5000   37.5000    7.500011593.5508   21.5904
    0.0000   37.5000    7.500011832.5439   21.5574
    7.5000   37.5000    7.500011148.6699   21.5420
   -7.5000   45.0000    7.500010176.6367   21.0316
    0.0000   45.0000    7.500010430.1846   20.9999
    7.5000   45.0000    7.5000 9807.2656   20.9718
   -7.5000  -45.0000   15.000012075.0732   21.7860
    0.0000  -45.0000   15.000012539.5410   21.7476
    7.5000  -45.0000   15.000011969.7500   21.7340
   -7.5000  -37.5000   15.000012654.8818   21.7807
    0.0000  -37.5000   15.000013148.2021   21.7427
    7.5000  -37.5000   15.000012520.4199   21.7111
   -7.5000  -30.0000   15.000013793.9404   21.8221
    0.0000  -30.0000   15.000014372.8096   21.7827
    7.5000  -30.0000   15.000013469.6328   21.7462
   -7.5000  -22.5000   15.000014590.6748   21.8901
    0.0000  -22.5000   15.000015261.2656   21.8472
    7.5000  -22.5000   15.000014245.6787   21.8233
   -7.5000  -15.0000   15.000015288.3975   21.9059
    0.0000  -15.0000   15.000015937.3027   21.8624
    7.5000  -15.0000   15.000014900.7734   21.8561
   -7.5000   -7.5000   15.000015952.0361   21.8432
    0.0000   -7.5000   15.000016559.9668   21.8030
    7.5000   -7.5000   15.000015485.4434   21.8019
   -7.5000    0.0000   15.000016208.9170   21.7860
    0.0000    0.0000   15.000016750.3887   21.7476
    7.5000    0.0000   15.000015683.0215   21.7340
   -7.5000    7.5000   15.000015172.2520   21.7807
    0.0000    7.5000   15.000015656.1152   21.7427
    7.5000    7.5000   15.000014718.4131   21.7111
   -7.5000   15.0000   15.000014165.6797   21.8221
    0.0000   15.0000   15.000014592.0371   21.7827
    7.5000   15.0000   15.000013712.2012   21.7462
   -7.5000   22.5000   15.000013121.8682   21.8800
    0.0000   22.5000   15.000013488.3809   21.8372
    7.5000   22.5000   15.000012642.5146   21.8132
   -7.5000   30.0000   15.000011906.0410   21.6224
    0.0000   30.0000   15.000012235.6348   21.5795
    7.5000   30.0000   15.000011479.9189   21.5732
   -7.5000   37.5000   15.000010978.1543   21.5605
    0.0000   37.5000   15.000011280.7207   21.5208
    7.5000   37.5000   15.000010629.2344   21.5197
   -7.5000   45.0000   15.0000 9662.0244   21.0004
    0.0000   45.0000   15.0000 9911.6641   20.9633
    7.5000   45.0000   15.0000 9328.5664   20.9503
   -7.5000  -45.0000   22.500011443.8457   21.8380
    0.0000  -45.0000   22.500011858.5859   21.7984
    7.5000  -45.0000   22.500011290.8584   21.7905
   -7.5000  -37.5000   22.500011985.1494   21.8293
    0.0000  -37.5000   22.500012417.3779   21.7921
    7.5000  -37.5000   22.500011797.3906   21.7698
   -7.5000  -30.0000   22.500012942.1963   21.8750
    0.0000  -30.0000   22.500013454.5664   21.8354
    7.5000  -30.0000   22.500012700.0059   21.8037
   -7.5000  -22.5000   22.500013667.2256   21.9507
    0.0000  -22.5000   22.500014225.1221   21.9049
    7.5000  -22.5000   22.500013457.3242   21.8787
   -7.5000  -15.0000   22.500014355.0430   21.9694
    0.0000  -15.0000   22.500014904.8301   21.9214
    7.5000  -15.0000   22.500014108.1279   21.9099
   -7.5000   -7.5000   22.500015015.1357   21.9026
    0.0000   -7.5000   22.500015550.5488   21.8583
    7.5000   -7.5000   22.500014709.0000   21.8557
   -7.5000    0.0000   22.500015298.0654   21.8380
    0.0000    0.0000   22.500015810.7480   21.7984
    7.5000    0.0000   22.500014926.9277   21.7905
   -7.5000    7.5000   22.500014313.0049   21.8293
    0.0000    7.5000   22.500014795.5537   21.7921
    7.5000    7.5000   22.500013981.1611   21.7698
   -7.5000   15.0000   22.500013345.0879   21.8750
    0.0000   15.0000   22.500013766.4248   21.8354
    7.5000   15.0000   22.500012971.8760   21.8037
   -7.5000   22.5000   22.500012336.6807   21.9406
    0.0000   22.5000   22.500012698.6162   21.8948
    7.5000   22.5000   22.500011933.4570   21.8686
   -7.5000   30.0000   22.500011159.6631   21.6851
    0.0000   30.0000   22.500011489.5586   21.6377
    7.5000   30.0000   22.500010811.2822   21.6263
   -7.5000   37.5000   22.500010235.9893   21.6192
    0.0000   37.5000   22.500010570.2588   21.5755
    7.5000   37.5000   22.5000 9985.0791   21.5729
   -7.5000   45.0000   22.5000 8998.4434   21.0504
    0.0000   45.0000   22.5000 9288.0996   21.0122
    7.5000   45.0000   22.5000 8777.9219   21.0046
   -7.5000  -45.0000   30.000010727.9082   22.0795
    0.0000  -45.0000   30.000011097.9531   22.0435
    7.5000  -45.0000   30.000010587.2002   22.0259
   -7.5000  -37.5000   30.000011207.1562   22.0584
    0.0000  -37.5000   30.000011623.3242   22.0275
    7.5000  -37.5000   30.000011046.1533   22.0003
   -7.5000  -30.0000   30.000012047.4229   22.0962
    0.0000  -30.0000   30.000012524.0059   22.0646
    7.5000  -30.0000   30.000011878.6953   22.0285
   -7.5000  -22.5000   30.000012717.6113   22.1785
    0.0000  -22.5000   30.000013223.6963   22.1398
    7.5000  -22.5000   30.000012580.7764   22.1054
   -7.5000  -15.0000   30.000013367.4756   22.2097
    0.0000  -15.0000   30.000013880.7227   22.1656
    7.5000  -15.0000   30.000013173.2461   22.1409
   -7.5000   -7.5000   30.000013954.9912   22.1487
    0.0000   -7.5000   30.000014477.9688   22.1064
    7.5000   -7.5000   30.000013718.4814   22.0898
   -7.5000    0.0000   30.000014211.0186   22.0795
    0.0000    0.0000   30.000014749.7715   22.0435
    7.5000    0.0000   30.000013932.5264   22.0259
   -7.5000    7.5000   30.000013345.6211   22.0584
    0.0000    7.5000   30.000013830.3760   22.0275
    7.5000    7.5000   30.000013075.3018   22.0003
   -7.5000   15.0000   30.000012429.0498   22.0962
    0.0000   15.0000   30.000012851.8203   22.0646
    7.5000   15.0000   30.000012137.3955   22.0285
   -7.5000   22.5000   30.000011473.3076   22.1683
    0.0000   22.5000   30.000011839.4727   22.1296
    7.5000   22.5000   30.000011154.9346   22.0953
   -7.5000   30.0000   30.000010335.7656   21.9222
    0.0000   30.0000   30.000010663.0654   21.8787
    7.5000   30.0000   30.000010081.1816   21.8544
   -7.5000   37.5000   30.0000 9483.4600   21.8621
    0.0000   37.5000   30.0000 9790.8447   21.8203
    7.5000   37.5000   30.0000 9265.7070   21.8039
   -7.5000   45.0000   30.0000 8320.9150   21.2832
    0.0000   45.0000   30.0000 8595.3438   21.2485
    7.5000   45.0000   30.0000 8171.2476   21.2315
   -7.5000  -45.0000   37.500010358.6113   22.4970
    0.0000  -45.0000   37.500010702.4492   22.4644
    7.5000  -45.0000   37.500010214.5371   22.4291
   -7.5000  -37.5000   37.500010818.3604   22.4664
    0.0000  -37.5000   37.500011193.2627   22.4403
    7.5000  -37.5000   37.500010639.4863   22.3963
   -7.5000  -30.0000   37.500011596.8105   22.4916
    0.0000  -30.0000   37.500012029.4092   22.4685
    7.5000  -30.0000   37.500011436.9688   22.4207
   -7.5000  -22.5000   37.500012239.4971   22.5732
    0.0000  -22.5000   37.500012701.0342   22.5450
    7.5000  -22.5000   37.500012120.7695   22.5023
   -7.5000  -15.0000   37.500012838.6064   22.6139
    0.0000  -15.0000   37.500013324.8066   22.5781
    7.5000  -15.0000   37.500012691.4336   22.5434
   -7.5000   -7.5000   37.500013385.2207   22.5629
    0.0000   -7.5000   37.500013915.7363   22.5257
    7.5000   -7.5000   37.500013235.1816   22.4946
   -7.5000    0.0000   37.500013634.2031   22.4970
    0.0000    0.0000   37.500014143.0801   22.4644
    7.5000    0.0000   37.500013438.7344   22.4291
   -7.5000    7.5000   37.500012826.2500   22.4664
    0.0000    7.5000   37.500013280.0850   22.4403
    7.5000    7.5000   37.500012622.4160   22.3963
   -7.5000   15.0000   37.500011959.8467   22.4916
    0.0000   15.0000   37.500012365.2012   22.4685
    7.5000   15.0000   37.500011727.7812   22.4207
   -7.5000   22.5000   37.500011012.6709   22.5628
    0.0000   22.5000   37.500011370.1680   22.5346
    7.5000   22.5000   37.500010766.8750   22.4920
   -7.5000   30.0000   37.5000 9921.2080   22.3212
    0.0000   30.0000   37.500010233.0742   22.2859
    7.5000   30.0000   37.5000 9718.8564   22.2516
   -7.5000   37.5000   37.5000 9115.6455   22.2709
    0.0000   37.5000   37.5000 9390.0508   22.2342
    7.5000   37.5000   37.5000 8934.2510   22.2035
   -7.5000   45.0000   37.5000 8011.8867   21.6855
    0.0000   45.0000   37.5000 8262.5928   21.6542
    7.5000   45.0000   37.5000 7894.2905   21.6201
   -7.5000  -45.0000   45.0000 9543.1572   22.9571
    0.0000  -45.0000   45.0000 9850.3311   22.9209
    7.5000  -45.0000   45.0000 9395.7529   22.8740
   -7.5000  -37.5000   45.0000 9953.7168   22.9292
    0.0000  -37.5000   45.000010294.7432   22.8989
    7.5000  -37.5000   45.0000 9788.7402   22.8403
   -7.5000  -30.0000   45.000010683.4033   22.9525
    0.0000  -30.0000   45.000011049.7031   22.9279
    7.5000  -30.0000   45.000010526.4795   22.8693
   -7.5000  -22.5000   45.000011271.4775   23.0305
    0.0000  -22.5000   45.000011665.3154   23.0030
    7.5000  -22.5000   45.000011147.4805   22.9553
   -7.5000  -15.0000   45.000011798.4590   23.0686
    0.0000  -15.0000   45.000012236.2783   23.0341
    7.5000  -15.0000   45.000011662.1025   22.9961
   -7.5000   -7.5000   45.000012300.5752   23.0187
    0.0000   -7.5000   45.000012803.1182   22.9810
    7.5000   -7.5000   45.000012191.9248   22.9439
   -7.5000    0.0000   45.000012519.1367   22.9571
    0.0000    0.0000   45.000013012.7373   22.9209
    7.5000    0.0000   45.000012385.3828   22.8740
   -7.5000    7.5000   45.000011826.1650   22.9292
    0.0000    7.5000   45.000012259.0127   22.8989
    7.5000    7.5000   45.000011650.6562   22.8403
   -7.5000   15.0000   45.000011009.9180   22.9525
    0.0000   15.0000   45.000011401.8818   22.9279
    7.5000   15.0000   45.000010818.1426   22.8693
   -7.5000   22.5000   45.000010120.8545   23.0198
    0.0000   22.5000   45.000010464.9990   22.9924
    7.5000   22.5000   45.0000 9916.0469   22.9447
   -7.5000   30.0000   45.0000 9127.6611   22.7681
    0.0000   30.0000   45.0000 9435.0811   22.7340
    7.5000   30.0000   45.0000 8947.3486   22.6965
   -7.5000   37.5000   45.0000 8388.3457   22.7188
    0.0000   37.5000   45.0000 8673.1777   22.6816
    7.5000   37.5000   45.0000 8250.3691   22.6450
   -7.5000   45.0000   45.0000 7371.9253   22.1391
    0.0000   45.0000   45.0000 7641.6831   22.1042
    7.5000   45.0000   45.0000 7298.1074   22.0590

---------------------------------------------------------------------
imgreg_4dfp /opt/freesurfer/average/711-2C_as_mni_average_305 /opt/freesurfer/average/711-2B_as_mni_average_305_mask talsrcimg_g11 none talsrcimg_to_711-2C_as_mni_average_305_t4 4355
---------------------------------------------------------------------

freesurfer imgreg_4dfp.c
/opt/freesurfer/average/711-2C_as_mni_average_305.4dfp.img
       256       256       256         1
  1.000000  1.000000  1.000000
orientation T byte_order littleendian
Reading image: /opt/freesurfer/average/711-2C_as_mni_average_305.4dfp.img
dimensions:      256       256       256
mmppix:       1.0000   -1.0000   -1.0000
center:     128.0000 -129.0000 -129.0000
/opt/freesurfer/average/711-2B_as_mni_average_305_mask.4dfp.img
       256       256       256         1
  1.000000  1.000000  1.000000
orientation T byte_order littleendian
Reading mask: /opt/freesurfer/average/711-2B_as_mni_average_305_mask.4dfp.img (2306576 pixels)
talsrcimg_g11.4dfp.img
       256       256       256         1
  1.000000  1.000000  1.000000
orientation T byte_order littleendian
Reading image: talsrcimg_g11.4dfp.img
dimensions:      256       256       256
mmppix:       1.0000   -1.0000   -1.0000
center:     128.0000 -129.0000 -129.0000
rotation matrix determinant  1.000000
image alignment mode   4355 decimal     1103 hex
   -7.5000  -45.0000  -45.0000 2247.2405   20.1887
    0.0000  -45.0000  -45.0000 2244.4988   20.1799
    7.5000  -45.0000  -45.0000 2224.6638   20.4089
   -7.5000  -37.5000  -45.0000 2306.6362   19.0332
    0.0000  -37.5000  -45.0000 2305.0415   19.0123
    7.5000  -37.5000  -45.0000 2286.3032   19.2477
   -7.5000  -30.0000  -45.0000 2343.4402   18.2458
    0.0000  -30.0000  -45.0000 2336.7566   18.2208
    7.5000  -30.0000  -45.0000 2322.3142   18.4620
   -7.5000  -22.5000  -45.0000 2359.3311   17.9336
    0.0000  -22.5000  -45.0000 2356.9668   17.8869
    7.5000  -22.5000  -45.0000 2331.7817   18.1577
   -7.5000  -15.0000  -45.0000 2351.9207   17.8997
    0.0000  -15.0000  -45.0000 2350.4622   17.8406
    7.5000  -15.0000  -45.0000 2323.3440   18.1575
   -7.5000   -7.5000  -45.0000 2327.4180   18.2535
    0.0000   -7.5000  -45.0000 2318.0391   18.2196
    7.5000   -7.5000  -45.0000 2286.9033   18.5157
   -7.5000    0.0000  -45.0000 2276.2971   18.9385
    0.0000    0.0000  -45.0000 2267.6992   18.8903
    7.5000    0.0000  -45.0000 2238.3608   19.2044
   -7.5000    7.5000  -45.0000 2205.9194   20.0063
    0.0000    7.5000  -45.0000 2198.3865   19.9665
    7.5000    7.5000  -45.0000 2172.1069   20.3392
   -7.5000   15.0000  -45.0000 2117.2676   21.6273
    0.0000   15.0000  -45.0000 2115.9402   21.5892
    7.5000   15.0000  -45.0000 2085.1362   22.0295
   -7.5000   22.5000  -45.0000 2013.7152   23.9439
    0.0000   22.5000  -45.0000 2009.2872   23.9472
    7.5000   22.5000  -45.0000 1977.2426   24.4110
   -7.5000   30.0000  -45.0000 1897.3632   27.1855
    0.0000   30.0000  -45.0000 1884.4882   27.1619
    7.5000   30.0000  -45.0000 1864.3530   27.6771
   -7.5000   37.5000  -45.0000 1772.0386   31.5595
    0.0000   37.5000  -45.0000 1765.6414   31.4887
    7.5000   37.5000  -45.0000 1750.7893   32.0270
   -7.5000   45.0000  -45.0000 1644.5234   37.7458
    0.0000   45.0000  -45.0000 1635.1702   37.5469
    7.5000   45.0000  -45.0000 1615.7198   38.1482
   -7.5000  -45.0000  -37.5000 2336.7485   18.6329
    0.0000  -45.0000  -37.5000 2337.6064   18.6261
    7.5000  -45.0000  -37.5000 2318.9829   18.8418
   -7.5000  -37.5000  -37.5000 2400.8940   17.6263
    0.0000  -37.5000  -37.5000 2396.9749   17.5858
    7.5000  -37.5000  -37.5000 2376.5898   17.8093
   -7.5000  -30.0000  -37.5000 2436.5920   16.9271
    0.0000  -30.0000  -37.5000 2431.2996   16.9229
    7.5000  -30.0000  -37.5000 2413.2615   17.1375
   -7.5000  -22.5000  -37.5000 2454.1240   16.6321
    0.0000  -22.5000  -37.5000 2448.8218   16.6045
    7.5000  -22.5000  -37.5000 2423.1309   16.8256
   -7.5000  -15.0000  -37.5000 2447.5015   16.5854
    0.0000  -15.0000  -37.5000 2443.4846   16.5424
    7.5000  -15.0000  -37.5000 2415.9229   16.8213
   -7.5000   -7.5000  -37.5000 2420.2300   16.8570
    0.0000   -7.5000  -37.5000 2418.1223   16.8218
    7.5000   -7.5000  -37.5000 2383.0630   17.1319
   -7.5000    0.0000  -37.5000 2370.5291   17.4774
    0.0000    0.0000  -37.5000 2364.6956   17.4477
    7.5000    0.0000  -37.5000 2329.1399   17.7442
   -7.5000    7.5000  -37.5000 2301.8057   18.4195
    0.0000    7.5000  -37.5000 2293.2749   18.4085
    7.5000    7.5000  -37.5000 2263.0962   18.7338
   -7.5000   15.0000  -37.5000 2208.9558   19.8437
    0.0000   15.0000  -37.5000 2206.1982   19.8283
    7.5000   15.0000  -37.5000 2172.7192   20.2031
   -7.5000   22.5000  -37.5000 2099.8950   21.9795
    0.0000   22.5000  -37.5000 2095.3508   21.9652
    7.5000   22.5000  -37.5000 2061.7236   22.3316
   -7.5000   30.0000  -37.5000 1978.1521   24.9005
    0.0000   30.0000  -37.5000 1968.0443   24.8313
    7.5000   30.0000  -37.5000 1933.2302   25.2641
   -7.5000   37.5000  -37.5000 1852.5494   28.8025
    0.0000   37.5000  -37.5000 1843.1909   28.7743
    7.5000   37.5000  -37.5000 1817.0175   29.1786
   -7.5000   45.0000  -37.5000 1709.7253   34.1430
    0.0000   45.0000  -37.5000 1700.0520   34.1886
    7.5000   45.0000  -37.5000 1677.0399   34.7571
   -7.5000  -45.0000  -30.0000 2464.2996   17.8836
    0.0000  -45.0000  -30.0000 2464.5144   17.8177
    7.5000  -45.0000  -30.0000 2444.2090   18.0151
   -7.5000  -37.5000  -30.0000 2535.2231   16.8667
    0.0000  -37.5000  -30.0000 2534.3586   16.8231
    7.5000  -37.5000  -30.0000 2512.0859   17.0049
   -7.5000  -30.0000  -30.0000 2582.8694   16.2699
    0.0000  -30.0000  -30.0000 2574.3745   16.2609
    7.5000  -30.0000  -30.0000 2547.6445   16.4364
   -7.5000  -22.5000  -30.0000 2601.0012   15.9743
    0.0000  -22.5000  -30.0000 2587.7651   15.9667
    7.5000  -22.5000  -30.0000 2567.9600   16.1698
   -7.5000  -15.0000  -30.0000 2592.6440   15.9350
    0.0000  -15.0000  -30.0000 2584.8933   15.8999
    7.5000  -15.0000  -30.0000 2555.9106   16.1774
   -7.5000   -7.5000  -30.0000 2562.7737   16.1652
    0.0000   -7.5000  -30.0000 2559.3262   16.1485
    7.5000   -7.5000  -30.0000 2523.3696   16.4233
   -7.5000    0.0000  -30.0000 2515.0591   16.7122
    0.0000    0.0000  -30.0000 2507.6497   16.7138
    7.5000    0.0000  -30.0000 2463.4517   16.9697
   -7.5000    7.5000  -30.0000 2439.1995   17.6488
    0.0000    7.5000  -30.0000 2429.5210   17.6242
    7.5000    7.5000  -30.0000 2390.0332   17.8858
   -7.5000   15.0000  -30.0000 2336.1780   18.9962
    0.0000   15.0000  -30.0000 2329.4568   18.9734
    7.5000   15.0000  -30.0000 2293.8687   19.3010
   -7.5000   22.5000  -30.0000 2217.0205   20.9727
    0.0000   22.5000  -30.0000 2213.0330   20.9260
    7.5000   22.5000  -30.0000 2177.7212   21.3252
   -7.5000   30.0000  -30.0000 2085.6787   23.7156
    0.0000   30.0000  -30.0000 2076.1077   23.5514
    7.5000   30.0000  -30.0000 2046.1455   23.9843
   -7.5000   37.5000  -30.0000 1954.5070   27.3822
    0.0000   37.5000  -30.0000 1942.7184   27.2967
    7.5000   37.5000  -30.0000 1912.0765   27.7301
   -7.5000   45.0000  -30.0000 1800.9209   32.4006
    0.0000   45.0000  -30.0000 1788.1066   32.3986
    7.5000   45.0000  -30.0000 1767.3307   32.8789
   -7.5000  -45.0000  -22.5000 2562.4065   17.0444
    0.0000  -45.0000  -22.5000 2556.6121   16.9624
    7.5000  -45.0000  -22.5000 2531.8123   17.1949
   -7.5000  -37.5000  -22.5000 2644.0093   16.0852
    0.0000  -37.5000  -22.5000 2640.9995   16.0311
    7.5000  -37.5000  -22.5000 2614.2383   16.2151
   -7.5000  -30.0000  -22.5000 2696.9700   15.4965
    0.0000  -30.0000  -22.5000 2687.9058   15.4508
    7.5000  -30.0000  -22.5000 2654.2590   15.6230
   -7.5000  -22.5000  -22.5000 2723.4333   15.2056
    0.0000  -22.5000  -22.5000 2706.0415   15.1752
    7.5000  -22.5000  -22.5000 2675.9263   15.3537
   -7.5000  -15.0000  -22.5000 2714.0835   15.1957
    0.0000  -15.0000  -22.5000 2704.3760   15.1842
    7.5000  -15.0000  -22.5000 2671.8896   15.3829
   -7.5000   -7.5000  -22.5000 2685.9014   15.4234
    0.0000   -7.5000  -22.5000 2678.4417   15.4393
    7.5000   -7.5000  -22.5000 2639.3999   15.6708
   -7.5000    0.0000  -22.5000 2628.0623   15.9488
    0.0000    0.0000  -22.5000 2620.9829   15.9420
    7.5000    0.0000  -22.5000 2579.5239   16.1814
   -7.5000    7.5000  -22.5000 2546.7607   16.8212
    0.0000    7.5000  -22.5000 2533.8662   16.7973
    7.5000    7.5000  -22.5000 2496.7737   17.0805
   -7.5000   15.0000  -22.5000 2432.5537   18.1500
    0.0000   15.0000  -22.5000 2423.1279   18.0981
    7.5000   15.0000  -22.5000 2390.9009   18.4098
   -7.5000   22.5000  -22.5000 2309.7212   20.0106
    0.0000   22.5000  -22.5000 2302.1125   19.9539
    7.5000   22.5000  -22.5000 2272.3298   20.2979
   -7.5000   30.0000  -22.5000 2167.6086   22.5585
    0.0000   30.0000  -22.5000 2157.8765   22.4824
    7.5000   30.0000  -22.5000 2127.1670   22.8487
   -7.5000   37.5000  -22.5000 2023.8138   25.9888
    0.0000   37.5000  -22.5000 2005.6953   25.9072
    7.5000   37.5000  -22.5000 1978.0035   26.3271
   -7.5000   45.0000  -22.5000 1864.2963   30.7435
    0.0000   45.0000  -22.5000 1848.6354   30.7109
    7.5000   45.0000  -22.5000 1828.4786   31.0873
   -7.5000  -45.0000  -15.0000 2624.9717   16.3047
    0.0000  -45.0000  -15.0000 2621.0078   16.2626
    7.5000  -45.0000  -15.0000 2590.9902   16.5038
   -7.5000  -37.5000  -15.0000 2715.1343   15.3540
    0.0000  -37.5000  -15.0000 2712.0916   15.3160
    7.5000  -37.5000  -15.0000 2678.2019   15.5316
   -7.5000  -30.0000  -15.0000 2771.2061   14.8134
    0.0000  -30.0000  -15.0000 2769.3257   14.7296
    7.5000  -30.0000  -15.0000 2729.5264   14.9378
   -7.5000  -22.5000  -15.0000 2809.4175   14.4953
    0.0000  -22.5000  -15.0000 2799.3286   14.4563
    7.5000  -22.5000  -15.0000 2756.5049   14.6541
   -7.5000  -15.0000  -15.0000 2809.5562   14.4836
    0.0000  -15.0000  -15.0000 2795.1223   14.4853
    7.5000  -15.0000  -15.0000 2758.2781   14.6662
   -7.5000   -7.5000  -15.0000 2776.9446   14.7516
    0.0000   -7.5000  -15.0000 2764.9836   14.7397
    7.5000   -7.5000  -15.0000 2726.9319   14.9755
   -7.5000    0.0000  -15.0000 2706.7451   15.2483
    0.0000    0.0000  -15.0000 2698.6719   15.2441
    7.5000    0.0000  -15.0000 2662.1790   15.5151
   -7.5000    7.5000  -15.0000 2619.1199   16.0776
    0.0000    7.5000  -15.0000 2608.0793   16.0774
    7.5000    7.5000  -15.0000 2571.7080   16.3853
   -7.5000   15.0000  -15.0000 2502.4451   17.3663
    0.0000   15.0000  -15.0000 2494.8818   17.3622
    7.5000   15.0000  -15.0000 2459.9526   17.6649
   -7.5000   22.5000  -15.0000 2372.1682   19.2167
    0.0000   22.5000  -15.0000 2364.8394   19.1345
    7.5000   22.5000  -15.0000 2334.3638   19.5200
   -7.5000   30.0000  -15.0000 2220.7930   21.6542
    0.0000   30.0000  -15.0000 2210.3579   21.5773
    7.5000   30.0000  -15.0000 2184.5010   22.0244
   -7.5000   37.5000  -15.0000 2069.7922   24.9111
    0.0000   37.5000  -15.0000 2050.0942   24.8397
    7.5000   37.5000  -15.0000 2027.1381   25.2669
   -7.5000   45.0000  -15.0000 1898.3995   29.1918
    0.0000   45.0000  -15.0000 1885.4808   29.2126
    7.5000   45.0000  -15.0000 1869.2090   29.7090
   -7.5000  -45.0000   -7.5000 2659.4192   15.6949
    0.0000  -45.0000   -7.5000 2660.5735   15.6697
    7.5000  -45.0000   -7.5000 2632.3926   15.9474
   -7.5000  -37.5000   -7.5000 2763.9202   14.7503
    0.0000  -37.5000   -7.5000 2758.2556   14.7155
    7.5000  -37.5000   -7.5000 2727.5869   14.9752
   -7.5000  -30.0000   -7.5000 2838.5847   14.2250
    0.0000  -30.0000   -7.5000 2831.7324   14.1540
    7.5000  -30.0000   -7.5000 2791.3591   14.4115
   -7.5000  -22.5000   -7.5000 2879.7075   13.8793
    0.0000  -22.5000   -7.5000 2870.9585   13.8182
    7.5000  -22.5000   -7.5000 2819.3845   14.1172
   -7.5000  -15.0000   -7.5000 2882.4795   13.8711
    0.0000  -15.0000   -7.5000 2868.0242   13.8259
    7.5000  -15.0000   -7.5000 2818.3586   14.1459
   -7.5000   -7.5000   -7.5000 2841.8857   14.1581
    0.0000   -7.5000   -7.5000 2830.6306   14.1202
    7.5000   -7.5000   -7.5000 2784.9014   14.4264
   -7.5000    0.0000   -7.5000 2771.0188   14.6632
    0.0000    0.0000   -7.5000 2763.5330   14.6309
    7.5000    0.0000   -7.5000 2718.9177   14.9586
   -7.5000    7.5000   -7.5000 2671.5864   15.4311
    0.0000    7.5000   -7.5000 2661.3428   15.4395
    7.5000    7.5000   -7.5000 2626.4170   15.8345
   -7.5000   15.0000   -7.5000 2545.7527   16.6982
    0.0000   15.0000   -7.5000 2539.1729   16.7090
    7.5000   15.0000   -7.5000 2503.5632   17.1196
   -7.5000   22.5000   -7.5000 2410.9722   18.4847
    0.0000   22.5000   -7.5000 2404.0012   18.4862
    7.5000   22.5000   -7.5000 2369.6624   18.9478
   -7.5000   30.0000   -7.5000 2259.9055   20.8601
    0.0000   30.0000   -7.5000 2253.4753   20.8743
    7.5000   30.0000   -7.5000 2221.4890   21.3719
   -7.5000   37.5000   -7.5000 2104.1304   23.9036
    0.0000   37.5000   -7.5000 2094.0171   23.9280
    7.5000   37.5000   -7.5000 2062.1716   24.4670
   -7.5000   45.0000   -7.5000 1929.1017   27.9153
    0.0000   45.0000   -7.5000 1914.5491   28.0027
    7.5000   45.0000   -7.5000 1896.3617   28.5564
   -7.5000  -45.0000    0.0000 2674.0625   15.2392
    0.0000  -45.0000    0.0000 2674.0615   15.2303
    7.5000  -45.0000    0.0000 2645.2141   15.5956
   -7.5000  -37.5000    0.0000 2789.8965   14.3218
    0.0000  -37.5000    0.0000 2787.7842   14.2951
    7.5000  -37.5000    0.0000 2754.1436   14.6366
   -7.5000  -30.0000    0.0000 2881.1731   13.8512
    0.0000  -30.0000    0.0000 2879.2498   13.7990
    7.5000  -30.0000    0.0000 2833.4346   14.0850
   -7.5000  -22.5000    0.0000 2935.9512   13.5350
    0.0000  -22.5000    0.0000 2931.8059   13.4646
    7.5000  -22.5000    0.0000 2871.1445   13.8007
   -7.5000  -15.0000    0.0000 2939.0867   13.5103
    0.0000  -15.0000    0.0000 2924.6157   13.3879
    7.5000  -15.0000    0.0000 2862.3638   13.8247
   -7.5000   -7.5000    0.0000 2889.9204   13.8126
    0.0000   -7.5000    0.0000 2874.9817   13.6794
    7.5000   -7.5000    0.0000 2821.3069   14.0951
   -7.5000    0.0000    0.0000 2807.6912   14.3097
    0.0000    0.0000    0.0000 2799.0000   14.2442
    7.5000    0.0000    0.0000 2749.1521   14.6254
   -7.5000    7.5000    0.0000 2699.5779   15.1010
    0.0000    7.5000    0.0000 2694.6760   15.0903
    7.5000    7.5000    0.0000 2649.3269   15.4779
   -7.5000   15.0000    0.0000 2566.1404   16.3561
    0.0000   15.0000    0.0000 2557.8669   16.3508
    7.5000   15.0000    0.0000 2520.4192   16.7314
   -7.5000   22.5000    0.0000 2433.5344   18.1163
    0.0000   22.5000    0.0000 2426.1604   18.1001
    7.5000   22.5000    0.0000 2387.8767   18.5302
   -7.5000   30.0000    0.0000 2281.6262   20.4513
    0.0000   30.0000    0.0000 2275.5549   20.4375
    7.5000   30.0000    0.0000 2243.7788   20.9421
   -7.5000   37.5000    0.0000 2122.6201   23.4366
    0.0000   37.5000    0.0000 2109.1433   23.4643
    7.5000   37.5000    0.0000 2082.4678   24.0118
   -7.5000   45.0000    0.0000 1948.8256   27.3286
    0.0000   45.0000    0.0000 1936.2305   27.4165
    7.5000   45.0000    0.0000 1912.2051   28.0370
   -7.5000  -45.0000    7.5000 2675.8240   14.9367
    0.0000  -45.0000    7.5000 2675.9885   14.9690
    7.5000  -45.0000    7.5000 2643.9409   15.4069
   -7.5000  -37.5000    7.5000 2796.5898   14.0470
    0.0000  -37.5000    7.5000 2800.2937   14.0301
    7.5000  -37.5000    7.5000 2766.7856   14.4518
   -7.5000  -30.0000    7.5000 2898.8918   13.6724
    0.0000  -30.0000    7.5000 2901.8960   13.6232
    7.5000  -30.0000    7.5000 2852.3347   13.9756
   -7.5000  -22.5000    7.5000 2971.7148   13.4961
    0.0000  -22.5000    7.5000 2968.3118   13.4128
    7.5000  -22.5000    7.5000 2892.0596   13.6883
   -7.5000  -15.0000    7.5000 2980.5085   13.3963
    0.0000  -15.0000    7.5000 2960.9851   13.3150
    7.5000  -15.0000    7.5000 2886.7373   13.6667
   -7.5000   -7.5000    7.5000 2923.5344   13.5685
    0.0000   -7.5000    7.5000 2901.4866   13.5212
    7.5000   -7.5000    7.5000 2836.5940   13.9159
   -7.5000    0.0000    7.5000 2823.1589   14.1372
    0.0000    0.0000    7.5000 2809.6433   14.0888
    7.5000    0.0000    7.5000 2757.6616   14.4540
   -7.5000    7.5000    7.5000 2706.4626   14.9993
    0.0000    7.5000    7.5000 2700.8684   14.9427
    7.5000    7.5000    7.5000 2658.7537   15.2923
   -7.5000   15.0000    7.5000 2571.1531   16.2676
    0.0000   15.0000    7.5000 2562.7134   16.2175
    7.5000   15.0000    7.5000 2528.1636   16.5915
   -7.5000   22.5000    7.5000 2435.9189   18.0179
    0.0000   22.5000    7.5000 2421.8032   17.9666
    7.5000   22.5000    7.5000 2388.2773   18.3689
   -7.5000   30.0000    7.5000 2284.0588   20.2957
    0.0000   30.0000    7.5000 2268.8259   20.3047
    7.5000   30.0000    7.5000 2238.4951   20.7293
   -7.5000   37.5000    7.5000 2121.0010   23.2664
    0.0000   37.5000    7.5000 2108.0989   23.2981
    7.5000   37.5000    7.5000 2080.7134   23.7931
   -7.5000   45.0000    7.5000 1952.5645   27.0639
    0.0000   45.0000    7.5000 1942.7136   27.2061
    7.5000   45.0000    7.5000 1914.0229   27.7079
   -7.5000  -45.0000   15.0000 2659.9495   15.0243
    0.0000  -45.0000   15.0000 2653.9958   15.1008
    7.5000  -45.0000   15.0000 2623.3894   15.6036
   -7.5000  -37.5000   15.0000 2786.1394   14.0963
    0.0000  -37.5000   15.0000 2784.7927   14.1578
    7.5000  -37.5000   15.0000 2748.9678   14.6025
   -7.5000  -30.0000   15.0000 2892.4741   13.6939
    0.0000  -30.0000   15.0000 2887.5413   13.7316
    7.5000  -30.0000   15.0000 2834.2856   14.0608
   -7.5000  -22.5000   15.0000 2955.4839   13.4670
    0.0000  -22.5000   15.0000 2945.0352   13.5140
    7.5000  -22.5000   15.0000 2875.4893   13.8028
   -7.5000  -15.0000   15.0000 2960.2917   13.4188
    0.0000  -15.0000   15.0000 2936.4136   13.4972
    7.5000  -15.0000   15.0000 2870.8938   13.8083
   -7.5000   -7.5000   15.0000 2908.2209   13.7208
    0.0000   -7.5000   15.0000 2885.3718   13.7318
    7.5000   -7.5000   15.0000 2825.5366   14.0438
   -7.5000    0.0000   15.0000 2811.1035   14.3134
    0.0000    0.0000   15.0000 2794.6003   14.2763
    7.5000    0.0000   15.0000 2742.6177   14.5488
   -7.5000    7.5000   15.0000 2687.6804   15.1773
    0.0000    7.5000   15.0000 2678.7585   15.0947
    7.5000    7.5000   15.0000 2639.2295   15.4144
   -7.5000   15.0000   15.0000 2555.5193   16.4256
    0.0000   15.0000   15.0000 2546.0935   16.3341
    7.5000   15.0000   15.0000 2512.0222   16.6806
   -7.5000   22.5000   15.0000 2417.8738   18.1131
    0.0000   22.5000   15.0000 2406.0938   18.0299
    7.5000   22.5000   15.0000 2368.2874   18.3897
   -7.5000   30.0000   15.0000 2265.7817   20.2840
    0.0000   30.0000   15.0000 2249.9019   20.2418
    7.5000   30.0000   15.0000 2219.2100   20.6721
   -7.5000   37.5000   15.0000 2100.5706   23.1958
    0.0000   37.5000   15.0000 2087.7275   23.2047
    7.5000   37.5000   15.0000 2063.7178   23.7602
   -7.5000   45.0000   15.0000 1930.5276   26.9425
    0.0000   45.0000   15.0000 1922.4746   27.0482
    7.5000   45.0000   15.0000 1897.6105   27.5687
   -7.5000  -45.0000   22.5000 2634.2334   15.3988
    0.0000  -45.0000   22.5000 2626.6482   15.5141
    7.5000  -45.0000   22.5000 2597.7976   15.9964
   -7.5000  -37.5000   22.5000 2761.0117   14.4406
    0.0000  -37.5000   22.5000 2753.0012   14.5372
    7.5000  -37.5000   22.5000 2717.3096   14.9746
   -7.5000  -30.0000   22.5000 2860.7544   13.9929
    0.0000  -30.0000   22.5000 2851.6313   14.0643
    7.5000  -30.0000   22.5000 2806.0615   14.3979
   -7.5000  -22.5000   22.5000 2915.5645   13.6738
    0.0000  -22.5000   22.5000 2904.2195   13.7740
    7.5000  -22.5000   22.5000 2844.1892   14.1552
   -7.5000  -15.0000   22.5000 2915.7139   13.7342
    0.0000  -15.0000   22.5000 2893.2805   13.8100
    7.5000  -15.0000   22.5000 2835.6360   14.1935
   -7.5000   -7.5000   22.5000 2865.5251   14.1014
    0.0000   -7.5000   22.5000 2845.2310   14.0964
    7.5000   -7.5000   22.5000 2791.5728   14.4191
   -7.5000    0.0000   22.5000 2776.1008   14.7210
    0.0000    0.0000   22.5000 2758.1399   14.6429
    7.5000    0.0000   22.5000 2713.6575   14.9295
   -7.5000    7.5000   22.5000 2648.3396   15.6107
    0.0000    7.5000   22.5000 2640.8945   15.5332
    7.5000    7.5000   22.5000 2606.4243   15.8024
   -7.5000   15.0000   22.5000 2523.9175   16.8341
    0.0000   15.0000   22.5000 2513.8955   16.7498
    7.5000   15.0000   22.5000 2479.2432   17.0186
   -7.5000   22.5000   22.5000 2391.4036   18.4612
    0.0000   22.5000   22.5000 2379.0103   18.3604
    7.5000   22.5000   22.5000 2336.2493   18.6628
   -7.5000   30.0000   22.5000 2235.1714   20.5809
    0.0000   30.0000   22.5000 2223.2336   20.5401
    7.5000   30.0000   22.5000 2190.1016   20.8987
   -7.5000   37.5000   22.5000 2063.4043   23.3557
    0.0000   37.5000   22.5000 2058.7769   23.3633
    7.5000   37.5000   22.5000 2036.1353   23.8505
   -7.5000   45.0000   22.5000 1906.6779   27.1136
    0.0000   45.0000   22.5000 1902.4341   27.1453
    7.5000   45.0000   22.5000 1878.7468   27.6803
   -7.5000  -45.0000   30.0000 2609.8711   16.0830
    0.0000  -45.0000   30.0000 2597.8481   16.1806
    7.5000  -45.0000   30.0000 2567.6587   16.7127
   -7.5000  -37.5000   30.0000 2725.6208   15.0977
    0.0000  -37.5000   30.0000 2715.0176   15.1884
    7.5000  -37.5000   30.0000 2678.4814   15.6427
   -7.5000  -30.0000   30.0000 2816.6384   14.5140
    0.0000  -30.0000   30.0000 2804.7073   14.6260
    7.5000  -30.0000   30.0000 2759.5000   14.9942
   -7.5000  -22.5000   30.0000 2863.2510   14.1938
    0.0000  -22.5000   30.0000 2843.5164   14.3199
    7.5000  -22.5000   30.0000 2789.1643   14.7176
   -7.5000  -15.0000   30.0000 2855.4312   14.2982
    0.0000  -15.0000   30.0000 2834.4026   14.3758
    7.5000  -15.0000   30.0000 2779.6050   14.7488
   -7.5000   -7.5000   30.0000 2801.4666   14.6508
    0.0000   -7.5000   30.0000 2785.3022   14.6939
    7.5000   -7.5000   30.0000 2732.8767   15.0141
   -7.5000    0.0000   30.0000 2716.0898   15.2802
    0.0000    0.0000   30.0000 2703.7576   15.2728
    7.5000    0.0000   30.0000 2653.5801   15.5706
   -7.5000    7.5000   30.0000 2604.0610   16.2064
    0.0000    7.5000   30.0000 2593.1475   16.1529
    7.5000    7.5000   30.0000 2554.7856   16.4548
   -7.5000   15.0000   30.0000 2484.2422   17.4336
    0.0000   15.0000   30.0000 2470.9656   17.3582
    7.5000   15.0000   30.0000 2438.4260   17.6571
   -7.5000   22.5000   30.0000 2350.0059   19.0559
    0.0000   22.5000   30.0000 2340.2590   18.9431
    7.5000   22.5000   30.0000 2299.1440   19.2777
   -7.5000   30.0000   30.0000 2185.0200   21.1386
    0.0000   30.0000   30.0000 2181.7593   21.0596
    7.5000   30.0000   30.0000 2148.4568   21.4782
   -7.5000   37.5000   30.0000 2022.0172   23.8718
    0.0000   37.5000   30.0000 2020.9614   23.8877
    7.5000   37.5000   30.0000 1993.7581   24.3754
   -7.5000   45.0000   30.0000 1873.5448   27.5901
    0.0000   45.0000   30.0000 1867.9211   27.6929
    7.5000   45.0000   30.0000 1848.0536   28.2525
   -7.5000  -45.0000   37.5000 2575.7249   17.0450
    0.0000  -45.0000   37.5000 2557.8325   17.1166
    7.5000  -45.0000   37.5000 2526.8848   17.6462
   -7.5000  -37.5000   37.5000 2682.4565   15.9835
    0.0000  -37.5000   37.5000 2665.8945   16.0621
    7.5000  -37.5000   37.5000 2625.2617   16.5272
   -7.5000  -30.0000   37.5000 2758.8943   15.3290
    0.0000  -30.0000   37.5000 2744.3599   15.4031
    7.5000  -30.0000   37.5000 2694.8333   15.8317
   -7.5000  -22.5000   37.5000 2791.6670   15.0018
    0.0000  -22.5000   37.5000 2771.7043   15.0979
    7.5000  -22.5000   37.5000 2726.4165   15.5050
   -7.5000  -15.0000   37.5000 2778.8450   15.0812
    0.0000  -15.0000   37.5000 2760.9983   15.1511
    7.5000  -15.0000   37.5000 2711.7927   15.5260
   -7.5000   -7.5000   37.5000 2719.7095   15.4535
    0.0000   -7.5000   37.5000 2709.6487   15.5112
    7.5000   -7.5000   37.5000 2664.0112   15.8442
   -7.5000    0.0000   37.5000 2643.7080   16.0598
    0.0000    0.0000   37.5000 2627.3386   16.1092
    7.5000    0.0000   37.5000 2585.3674   16.4345
   -7.5000    7.5000   37.5000 2546.1304   16.9413
    0.0000    7.5000   37.5000 2528.3562   16.9570
    7.5000    7.5000   37.5000 2493.3140   17.2607
   -7.5000   15.0000   37.5000 2435.1658   18.2087
    0.0000   15.0000   37.5000 2417.7966   18.1661
    7.5000   15.0000   37.5000 2381.9441   18.4925
   -7.5000   22.5000   37.5000 2301.6460   19.8719
    0.0000   22.5000   37.5000 2288.0376   19.7953
    7.5000   22.5000   37.5000 2252.0605   20.1050
   -7.5000   30.0000   37.5000 2140.3159   21.9949
    0.0000   30.0000   37.5000 2132.3574   21.9525
    7.5000   30.0000   37.5000 2104.6287   22.3430
   -7.5000   37.5000   37.5000 1986.2742   24.7307
    0.0000   37.5000   37.5000 1975.7502   24.7651
    7.5000   37.5000   37.5000 1951.3949   25.2381
   -7.5000   45.0000   37.5000 1835.7271   28.5903
    0.0000   45.0000   37.5000 1830.0735   28.6113
    7.5000   45.0000   37.5000 1814.5233   29.1972
   -7.5000  -45.0000   45.0000 2518.1687   18.1734
    0.0000  -45.0000   45.0000 2500.0383   18.2106
    7.5000  -45.0000   45.0000 2465.3391   18.7618
   -7.5000  -37.5000   45.0000 2616.5801   17.0588
    0.0000  -37.5000   45.0000 2599.2952   17.0886
    7.5000  -37.5000   45.0000 2555.1775   17.5732
   -7.5000  -30.0000   45.0000 2684.2368   16.3825
    0.0000  -30.0000   45.0000 2664.6018   16.4429
    7.5000  -30.0000   45.0000 2621.2266   16.8648
   -7.5000  -22.5000   45.0000 2707.1938   16.0541
    0.0000  -22.5000   45.0000 2687.6360   16.0992
    7.5000  -22.5000   45.0000 2648.1577   16.5047
   -7.5000  -15.0000   45.0000 2687.4146   16.0745
    0.0000  -15.0000   45.0000 2674.1516   16.0932
    7.5000  -15.0000   45.0000 2626.5696   16.4847
   -7.5000   -7.5000   45.0000 2633.6255   16.4168
    0.0000   -7.5000   45.0000 2627.1265   16.4667
    7.5000   -7.5000   45.0000 2584.1814   16.8013
   -7.5000    0.0000   45.0000 2557.4512   17.0195
    0.0000    0.0000   45.0000 2548.0002   17.0794
    7.5000    0.0000   45.0000 2509.3242   17.3968
   -7.5000    7.5000   45.0000 2478.8567   17.9017
    0.0000    7.5000   45.0000 2462.9890   17.9038
    7.5000    7.5000   45.0000 2427.3625   18.2087
   -7.5000   15.0000   45.0000 2370.5425   19.1363
    0.0000   15.0000   45.0000 2352.5222   19.1095
    7.5000   15.0000   45.0000 2317.6833   19.4020
   -7.5000   22.5000   45.0000 2241.6523   20.8183
    0.0000   22.5000   45.0000 2223.2817   20.7809
    7.5000   22.5000   45.0000 2190.9944   21.1069
   -7.5000   30.0000   45.0000 2091.3821   23.0384
    0.0000   30.0000   45.0000 2079.1213   23.0277
    7.5000   30.0000   45.0000 2050.0564   23.4099
   -7.5000   37.5000   45.0000 1934.8000   25.9202
    0.0000   37.5000   45.0000 1927.8619   25.9033
    7.5000   37.5000   45.0000 1908.6108   26.3637
   -7.5000   45.0000   45.0000 1789.4672   29.7781
    0.0000   45.0000   45.0000 1787.7554   29.8211
    7.5000   45.0000   45.0000 1770.2947   30.3409

---------------------------------------------------------------------
imgreg_4dfp /opt/freesurfer/average/711-2C_as_mni_average_305 /opt/freesurfer/average/711-2B_as_mni_average_305_mask talsrcimg_g11 none talsrcimg_to_711-2C_as_mni_average_305_t4 1283
---------------------------------------------------------------------

freesurfer imgreg_4dfp.c
/opt/freesurfer/average/711-2C_as_mni_average_305.4dfp.img
       256       256       256         1
  1.000000  1.000000  1.000000
orientation T byte_order littleendian
Reading image: /opt/freesurfer/average/711-2C_as_mni_average_305.4dfp.img
dimensions:      256       256       256
mmppix:       1.0000   -1.0000   -1.0000
center:     128.0000 -129.0000 -129.0000
/opt/freesurfer/average/711-2B_as_mni_average_305_mask.4dfp.img
       256       256       256         1
  1.000000  1.000000  1.000000
orientation T byte_order littleendian
Reading mask: /opt/freesurfer/average/711-2B_as_mni_average_305_mask.4dfp.img (2306576 pixels)
talsrcimg_g11.4dfp.img
       256       256       256         1
  1.000000  1.000000  1.000000
orientation T byte_order littleendian
Reading image: talsrcimg_g11.4dfp.img
dimensions:      256       256       256
mmppix:       1.0000   -1.0000   -1.0000
center:     128.0000 -129.0000 -129.0000
rotation matrix determinant  1.000000
fimgreg.f
image alignment mode   1283 decimal      503 hex
parameters
   -7.5000  -15.0000    7.5000    0.0000    0.0000    0.0000
eta,q 0.93376 13.35426
niter,ni,del,rscale     5    3   12.0000    1.2000
parameter  2  0.552297 ->  0.500000 qaram    1.1500
parameter  4  1.031113 ->  0.500000 qaram    1.1500
parameter  5 -0.909529 -> -0.500000 qaram    1.1500
parameter  6 -0.703306 -> -0.500000 qaram    1.1500
parameters
   -4.8582  -18.4500    8.7204   -3.4500    3.4500    3.4500
eta,q 0.94736 13.22457
  0.0854  0.0628  0.0721  0.0582  0.0720  0.0657
  0.0787  0.0612  0.0677  0.0583  0.0665  0.0626
  0.0717  0.0620  0.0637  0.0591  0.0617  0.0585
  0.0662  0.0637  0.0609  0.0607  0.0586  0.0545
  0.0636  0.0669  0.0611  0.0640  0.0557  0.0526
  0.0646  0.0738  0.0632  0.0673  0.0544  0.0528
  0.0685  0.0808  0.0661  0.0698  0.0544  0.0534
niter,ni,del,rscale     7    3   12.0000    1.2000
parameters
   -5.6397  -17.3872    8.6132   -6.1284    6.0679    3.3069
eta,q 0.94983 13.25259
  0.0647  0.0706  0.0627  0.0556  0.0664  0.0572
  0.0575  0.0623  0.0595  0.0527  0.0607  0.0532
  0.0534  0.0545  0.0559  0.0522  0.0564  0.0505
  0.0526  0.0525  0.0533  0.0533  0.0521  0.0502
  0.0559  0.0548  0.0541  0.0565  0.0503  0.0519
  0.0627  0.0577  0.0587  0.0604  0.0508  0.0543
  0.0737  0.0611  0.0650  0.0636  0.0551  0.0568
niter,ni,del,rscale     6    3   12.0000    1.2000
parameters
   -7.0116  -16.1416    8.0378   -9.2118    7.3301    3.1339
eta,q 0.95273 13.27839
  0.0602  0.0691  0.0585  0.0499  0.0622  0.0546
  0.0534  0.0600  0.0533  0.0487  0.0570  0.0509
  0.0494  0.0518  0.0501  0.0479  0.0520  0.0483
  0.0502  0.0491  0.0493  0.0493  0.0480  0.0473
  0.0559  0.0504  0.0517  0.0517  0.0474  0.0486
  0.0643  0.0536  0.0568  0.0557  0.0501  0.0516
  0.0749  0.0579  0.0620  0.0601  0.0560  0.0552
niter,ni,del,rscale     5    3   12.0000    1.2000
parameters
   -7.6274  -14.3910    7.1868  -11.5041    7.9180    2.8453
eta,q 0.95503 13.27994
  0.0631  0.0658  0.0566  0.0492  0.0582  0.0523
  0.0539  0.0575  0.0497  0.0462  0.0530  0.0480
  0.0489  0.0511  0.0460  0.0453  0.0484  0.0457
  0.0473  0.0474  0.0473  0.0463  0.0453  0.0450
  0.0510  0.0474  0.0511  0.0496  0.0453  0.0464
  0.0604  0.0491  0.0562  0.0527  0.0490  0.0493
  0.0703  0.0536  0.0606  0.0569  0.0558  0.0532
niter,ni,del,rscale     4    3   12.0000    1.2000
parameters
   -7.8242  -13.8067    6.9716  -11.5545    7.9857    2.7269
eta,q 0.95516 13.25402
  0.0641  0.0632  0.0583  0.0538  0.0568  0.0524
  0.0534  0.0552  0.0514  0.0490  0.0518  0.0480
  0.0470  0.0477  0.0457  0.0460  0.0473  0.0457
  0.0450  0.0450  0.0450  0.0449  0.0449  0.0448
  0.0477  0.0460  0.0482  0.0460  0.0457  0.0459
  0.0563  0.0505  0.0531  0.0499  0.0503  0.0488
  0.0659  0.0586  0.0593  0.0536  0.0576  0.0526
niter,ni,del,rscale     3    3   12.0000    1.2000
parameters
   -7.8566  -13.7413    6.9499  -11.5631    8.0086    2.7124
eta,q 0.95515 13.25099
  0.0653  0.0612  0.0590  0.0540  0.0568  0.0526
  0.0540  0.0532  0.0522  0.0491  0.0517  0.0482
  0.0470  0.0463  0.0461  0.0461  0.0472  0.0458
  0.0448  0.0449  0.0449  0.0449  0.0449  0.0449
  0.0472  0.0467  0.0477  0.0458  0.0458  0.0458
  0.0555  0.0523  0.0524  0.0498  0.0505  0.0486
  0.0649  0.0607  0.0586  0.0537  0.0578  0.0524
registration optimization eta report
parameter search radius
    6.0000    6.9000    6.0000    6.9000    6.9000    6.9000
100000*second partial in parameter space
       56.       34.       38.       19.       26.       16.
  0.0653  0.0612  0.0590  0.0540  0.0568  0.0526
  0.0540  0.0532  0.0522  0.0491  0.0517  0.0482
  0.0470  0.0463  0.0461  0.0461  0.0472  0.0458
  0.0448  0.0449  0.0449  0.0449  0.0449  0.0449
  0.0472  0.0467  0.0477  0.0458  0.0458  0.0458
  0.0555  0.0523  0.0524  0.0498  0.0505  0.0486
  0.0649  0.0607  0.0586  0.0537  0.0578  0.0524
   -7.8566  -13.7413    6.9499  -11.5631    8.0086    2.7124
eta,q 0.95515 13.25099

---------------------------------------------------------------------
imgreg_4dfp /opt/freesurfer/average/711-2C_as_mni_average_305 /opt/freesurfer/average/711-2B_as_mni_average_305_mask talsrcimg_g11 none talsrcimg_to_711-2C_as_mni_average_305_t4 3335
---------------------------------------------------------------------

freesurfer imgreg_4dfp.c
/opt/freesurfer/average/711-2C_as_mni_average_305.4dfp.img
       256       256       256         1
  1.000000  1.000000  1.000000
orientation T byte_order littleendian
Reading image: /opt/freesurfer/average/711-2C_as_mni_average_305.4dfp.img
dimensions:      256       256       256
mmppix:       1.0000   -1.0000   -1.0000
center:     128.0000 -129.0000 -129.0000
/opt/freesurfer/average/711-2B_as_mni_average_305_mask.4dfp.img
       256       256       256         1
  1.000000  1.000000  1.000000
orientation T byte_order littleendian
Reading mask: /opt/freesurfer/average/711-2B_as_mni_average_305_mask.4dfp.img (2306576 pixels)
talsrcimg_g11.4dfp.img
       256       256       256         1
  1.000000  1.000000  1.000000
orientation T byte_order littleendian
Reading image: talsrcimg_g11.4dfp.img
dimensions:      256       256       256
mmppix:       1.0000   -1.0000   -1.0000
center:     128.0000 -129.0000 -129.0000
fimgreg.f
image alignment mode   3335 decimal      D07 hex
parameters
   -7.8566  -13.7413    6.9499   -1.0862   -2.0071   -2.9850
   -1.8467  -14.5828    4.6862   19.3763   13.9323  -19.8492
eta,q 0.95520 13.44935
niter,ni,del,rscale     5    3    5.0000    1.2000
parameter  4  0.530518 ->  0.500000 qaram    1.1500
parameter  5  3.615520 ->  0.500000 qaram    1.1500
parameter 10  0.598637 ->  0.500000 qaram    1.1500
parameters
   -7.7126  -14.0832    6.5269   -5.2262   -6.1471   -5.5969
   -0.4859  -12.6016    4.9042   15.2363   12.7704  -22.9384
eta,q 0.96389 12.95854
  0.0490  0.0465  0.0465  0.0444  0.0349  0.0397  0.0410  0.0453  0.0402  0.0370  0.0373  0.0366
  0.0468  0.0454  0.0453  0.0436  0.0374  0.0388  0.0396  0.0423  0.0389  0.0364  0.0368  0.0362
  0.0453  0.0448  0.0447  0.0436  0.0403  0.0382  0.0387  0.0398  0.0381  0.0366  0.0365  0.0361
  0.0448  0.0448  0.0447  0.0446  0.0436  0.0382  0.0382  0.0381  0.0377  0.0377  0.0364  0.0364
  0.0451  0.0453  0.0454  0.0466  0.0471  0.0401  0.0382  0.0377  0.0379  0.0396  0.0366  0.0370
  0.0462  0.0463  0.0467  0.0495  0.0509  0.0437  0.0386  0.0385  0.0387  0.0424  0.0373  0.0378
  0.0481  0.0478  0.0483  0.0532  0.0550  0.0475  0.0395  0.0405  0.0399  0.0458  0.0382  0.0389
niter,ni,del,rscale     7    3    5.0000    1.2000
parameter  5  1.406569 ->  0.500000 qaram    1.3225
parameters
   -7.6454  -14.2365    6.2598   -4.5091  -10.9081   -6.1823
   -0.3365  -12.3678    5.0021   15.3713   12.6116  -23.3937
eta,q 0.96815 12.69949
  0.0399  0.0387  0.0376  0.0402  0.0303  0.0341  0.0343  0.0370  0.0343  0.0365  0.0331  0.0331
  0.0378  0.0371  0.0367  0.0385  0.0314  0.0330  0.0329  0.0343  0.0329  0.0341  0.0325  0.0324
  0.0366  0.0363  0.0361  0.0371  0.0331  0.0323  0.0321  0.0325  0.0321  0.0326  0.0320  0.0319
  0.0361  0.0361  0.0361  0.0361  0.0359  0.0318  0.0319  0.0319  0.0319  0.0319  0.0319  0.0319
  0.0365  0.0366  0.0365  0.0359  0.0394  0.0317  0.0321  0.0324  0.0321  0.0323  0.0320  0.0321
  0.0376  0.0377  0.0373  0.0371  0.0433  0.0329  0.0328  0.0339  0.0329  0.0338  0.0325  0.0326
  0.0395  0.0393  0.0384  0.0395  0.0478  0.0361  0.0340  0.0364  0.0341  0.0364  0.0333  0.0334
niter,ni,del,rscale     7    3    5.0000    1.2000
parameter  5  0.766769 ->  0.500000 qaram    1.5209
parameters
   -7.6308  -14.1978    6.4237   -4.1637  -16.3833   -5.8544
   -0.7203  -12.3639    4.7588   15.9860   12.7517  -22.8410
eta,q 0.97027 12.34359
  0.0355  0.0352  0.0340  0.0354  0.0296  0.0325  0.0318  0.0347  0.0318  0.0346  0.0311  0.0311
  0.0335  0.0334  0.0329  0.0339  0.0297  0.0313  0.0306  0.0321  0.0306  0.0323  0.0304  0.0305
  0.0323  0.0322  0.0322  0.0327  0.0304  0.0305  0.0299  0.0303  0.0299  0.0305  0.0299  0.0300
  0.0319  0.0319  0.0319  0.0319  0.0318  0.0298  0.0298  0.0298  0.0298  0.0298  0.0297  0.0297
  0.0323  0.0322  0.0320  0.0318  0.0342  0.0296  0.0302  0.0304  0.0301  0.0301  0.0298  0.0298
  0.0334  0.0333  0.0326  0.0331  0.0379  0.0302  0.0310  0.0321  0.0309  0.0313  0.0303  0.0302
  0.0354  0.0349  0.0335  0.0354  0.0422  0.0327  0.0322  0.0346  0.0320  0.0335  0.0310  0.0308
niter,ni,del,rscale     7    3    5.0000    1.2000
parameters
   -7.6457  -14.1631    6.8870   -4.3604  -19.1702   -5.2324
   -0.8446  -12.4748    4.8251   16.0528   12.6659  -22.2897
eta,q 0.97079 12.14030
  0.0333  0.0328  0.0322  0.0328  0.0319  0.0322  0.0315  0.0340  0.0314  0.0336  0.0305  0.0305
  0.0313  0.0311  0.0310  0.0314  0.0301  0.0311  0.0302  0.0314  0.0303  0.0313  0.0298  0.0299
  0.0301  0.0301  0.0302  0.0303  0.0293  0.0301  0.0294  0.0297  0.0295  0.0298  0.0294  0.0295
  0.0297  0.0297  0.0297  0.0297  0.0297  0.0293  0.0292  0.0292  0.0292  0.0292  0.0292  0.0292
  0.0302  0.0301  0.0297  0.0299  0.0309  0.0291  0.0296  0.0299  0.0295  0.0297  0.0293  0.0293
  0.0314  0.0310  0.0301  0.0312  0.0331  0.0296  0.0304  0.0316  0.0302  0.0312  0.0298  0.0297
  0.0334  0.0325  0.0308  0.0336  0.0370  0.0320  0.0316  0.0342  0.0314  0.0335  0.0306  0.0302
niter,ni,del,rscale     6    3    5.0000    1.2000
parameters
   -7.6587  -14.0636    7.0890   -4.3323  -19.3601   -5.0928
   -0.9264  -12.4875    4.8647   16.0240   12.6088  -22.1556
eta,q 0.97084 12.13205
  0.0327  0.0324  0.0312  0.0325  0.0335  0.0320  0.0314  0.0341  0.0314  0.0335  0.0304  0.0304
  0.0308  0.0307  0.0302  0.0310  0.0311  0.0309  0.0302  0.0314  0.0302  0.0312  0.0298  0.0298
  0.0296  0.0296  0.0295  0.0299  0.0296  0.0298  0.0294  0.0297  0.0294  0.0297  0.0293  0.0293
  0.0292  0.0292  0.0292  0.0292  0.0292  0.0292  0.0292  0.0292  0.0292  0.0292  0.0292  0.0292
  0.0296  0.0295  0.0293  0.0293  0.0298  0.0290  0.0295  0.0298  0.0294  0.0297  0.0293  0.0293
  0.0308  0.0304  0.0298  0.0306  0.0312  0.0299  0.0303  0.0315  0.0301  0.0312  0.0297  0.0297
  0.0328  0.0318  0.0307  0.0329  0.0339  0.0325  0.0315  0.0340  0.0313  0.0335  0.0305  0.0303
niter,ni,del,rscale     5    3    5.0000    1.2000
parameters
   -7.6708  -14.0540    7.1197   -4.3259  -19.3837   -5.0707
   -0.9504  -12.4911    4.8726   16.0065   12.5997  -22.1123
eta,q 0.97084 12.13090
  0.0327  0.0321  0.0309  0.0324  0.0336  0.0320  0.0315  0.0341  0.0314  0.0335  0.0304  0.0303
  0.0307  0.0304  0.0300  0.0310  0.0312  0.0308  0.0302  0.0314  0.0302  0.0312  0.0298  0.0297
  0.0295  0.0295  0.0294  0.0299  0.0296  0.0298  0.0294  0.0297  0.0294  0.0297  0.0293  0.0293
  0.0292  0.0292  0.0292  0.0292  0.0292  0.0292  0.0292  0.0292  0.0292  0.0292  0.0292  0.0292
  0.0296  0.0295  0.0293  0.0293  0.0297  0.0290  0.0295  0.0298  0.0294  0.0297  0.0293  0.0293
  0.0308  0.0305  0.0299  0.0306  0.0311  0.0300  0.0303  0.0315  0.0302  0.0312  0.0297  0.0297
  0.0327  0.0320  0.0309  0.0329  0.0337  0.0327  0.0315  0.0340  0.0314  0.0335  0.0305  0.0303
niter,ni,del,rscale     4    3    5.0000    1.2000
parameters
   -7.6727  -14.0554    7.1262   -4.3290  -19.3842   -5.0672
   -0.9579  -12.4902    4.8773   15.9937   12.6006  -22.0985
eta,q 0.97085 12.13049
  0.0327  0.0321  0.0309  0.0324  0.0336  0.0319  0.0315  0.0341  0.0313  0.0335  0.0304  0.0303
  0.0307  0.0304  0.0299  0.0310  0.0312  0.0308  0.0302  0.0314  0.0302  0.0312  0.0298  0.0297
  0.0296  0.0294  0.0294  0.0299  0.0296  0.0298  0.0294  0.0297  0.0294  0.0297  0.0293  0.0293
  0.0292  0.0292  0.0292  0.0292  0.0292  0.0292  0.0292  0.0292  0.0292  0.0292  0.0292  0.0292
  0.0296  0.0295  0.0293  0.0293  0.0297  0.0290  0.0295  0.0298  0.0294  0.0297  0.0293  0.0293
  0.0308  0.0305  0.0299  0.0306  0.0311  0.0300  0.0302  0.0315  0.0302  0.0312  0.0297  0.0297
  0.0327  0.0320  0.0309  0.0329  0.0337  0.0327  0.0315  0.0340  0.0314  0.0335  0.0305  0.0303
registration optimization eta report
parameter search radius
    2.4000    2.4000    2.4000    8.2800   10.9503    7.2000
    7.2000    7.2000    7.2000    8.2800    7.2000    7.2000
100000*second partial in parameter space
       61.       50.       30.        5.        4.        6.
        4.        9.        4.        6.        2.        2.
  0.0327  0.0321  0.0309  0.0324  0.0336  0.0319  0.0315  0.0341  0.0313  0.0335  0.0304  0.0303
  0.0307  0.0304  0.0299  0.0310  0.0312  0.0308  0.0302  0.0314  0.0302  0.0312  0.0298  0.0297
  0.0296  0.0294  0.0294  0.0299  0.0296  0.0298  0.0294  0.0297  0.0294  0.0297  0.0293  0.0293
  0.0292  0.0292  0.0292  0.0292  0.0292  0.0292  0.0292  0.0292  0.0292  0.0292  0.0292  0.0292
  0.0296  0.0295  0.0293  0.0293  0.0297  0.0290  0.0295  0.0298  0.0294  0.0297  0.0293  0.0293
  0.0308  0.0305  0.0299  0.0306  0.0311  0.0300  0.0302  0.0315  0.0302  0.0312  0.0297  0.0297
  0.0327  0.0320  0.0309  0.0329  0.0337  0.0327  0.0315  0.0340  0.0314  0.0335  0.0305  0.0303
   -7.6727  -14.0554    7.1262   -4.3290  -19.3842   -5.0672
   -0.9579  -12.4902    4.8773   15.9937   12.6006  -22.0985
eta,q 0.97085 12.13049

---------------------------------------------------------------------
imgreg_4dfp /opt/freesurfer/average/711-2C_as_mni_average_305 /opt/freesurfer/average/711-2B_as_mni_average_305_mask talsrcimg_g11 none talsrcimg_to_711-2C_as_mni_average_305_t4 2311
---------------------------------------------------------------------

freesurfer imgreg_4dfp.c
/opt/freesurfer/average/711-2C_as_mni_average_305.4dfp.img
       256       256       256         1
  1.000000  1.000000  1.000000
orientation T byte_order littleendian
Reading image: /opt/freesurfer/average/711-2C_as_mni_average_305.4dfp.img
dimensions:      256       256       256
mmppix:       1.0000   -1.0000   -1.0000
center:     128.0000 -129.0000 -129.0000
/opt/freesurfer/average/711-2B_as_mni_average_305_mask.4dfp.img
       256       256       256         1
  1.000000  1.000000  1.000000
orientation T byte_order littleendian
Reading mask: /opt/freesurfer/average/711-2B_as_mni_average_305_mask.4dfp.img (2306576 pixels)
talsrcimg_g11.4dfp.img
       256       256       256         1
  1.000000  1.000000  1.000000
orientation T byte_order littleendian
Reading image: talsrcimg_g11.4dfp.img
dimensions:      256       256       256
mmppix:       1.0000   -1.0000   -1.0000
center:     128.0000 -129.0000 -129.0000
fimgreg.f
image alignment mode   2311 decimal      907 hex
parameters
   -7.6727  -14.0554    7.1262   -4.3290  -19.3842   -5.0672
   -0.9579  -12.4902    4.8773   15.9937   12.6006  -22.0985
eta,q 0.97085 12.13049
niter,ni,del,rscale     5    3    5.0000    0.8000
parameters
   -7.6747  -14.0863    7.1341   -3.6488  -19.5357   -4.3038
   -0.9258  -12.6353    4.9694   16.0167   12.4663  -22.0789
eta,q 0.97101 12.17826
  0.0307  0.0304  0.0299  0.0307  0.0299  0.0307  0.0301  0.0314  0.0300  0.0305  0.0296  0.0296
  0.0299  0.0297  0.0295  0.0300  0.0294  0.0300  0.0295  0.0300  0.0295  0.0297  0.0293  0.0293
  0.0293  0.0293  0.0292  0.0295  0.0291  0.0294  0.0291  0.0292  0.0291  0.0292  0.0291  0.0290
  0.0292  0.0292  0.0292  0.0292  0.0291  0.0291  0.0290  0.0290  0.0290  0.0290  0.0290  0.0290
  0.0293  0.0293  0.0292  0.0291  0.0292  0.0289  0.0292  0.0294  0.0291  0.0292  0.0291  0.0291
  0.0299  0.0298  0.0295  0.0294  0.0296  0.0291  0.0295  0.0303  0.0294  0.0297  0.0293  0.0293
  0.0307  0.0305  0.0299  0.0301  0.0300  0.0301  0.0300  0.0316  0.0300  0.0305  0.0297  0.0295
niter,ni,del,rscale     4    3    5.0000    0.7000
parameters
   -7.6890  -14.0713    7.1698   -3.6674  -19.6796   -4.1805
   -0.9890  -12.6720    5.0258   16.0303   12.4624  -22.0789
eta,q 0.97103 12.17197
  0.0302  0.0300  0.0296  0.0301  0.0296  0.0301  0.0298  0.0309  0.0298  0.0302  0.0295  0.0294
  0.0295  0.0294  0.0293  0.0296  0.0293  0.0296  0.0293  0.0298  0.0293  0.0295  0.0292  0.0292
  0.0291  0.0291  0.0291  0.0292  0.0290  0.0292  0.0290  0.0291  0.0291  0.0291  0.0290  0.0290
  0.0290  0.0290  0.0290  0.0290  0.0290  0.0290  0.0290  0.0290  0.0290  0.0290  0.0290  0.0290
  0.0291  0.0291  0.0290  0.0291  0.0291  0.0289  0.0291  0.0292  0.0291  0.0291  0.0290  0.0290
  0.0296  0.0294  0.0292  0.0295  0.0293  0.0292  0.0294  0.0299  0.0293  0.0295  0.0292  0.0292
  0.0303  0.0300  0.0296  0.0302  0.0297  0.0302  0.0298  0.0309  0.0297  0.0301  0.0295  0.0294
niter,ni,del,rscale     3    3    5.0000    0.6000
parameters
   -7.6881  -14.0698    7.1768   -3.6165  -19.7614   -3.9868
   -1.0399  -12.7269    5.0557   16.0381   12.4580  -22.1081
eta,q 0.97105 12.17547
  0.0299  0.0297  0.0294  0.0298  0.0295  0.0298  0.0296  0.0304  0.0295  0.0298  0.0293  0.0293
  0.0294  0.0293  0.0292  0.0294  0.0292  0.0294  0.0292  0.0295  0.0292  0.0293  0.0291  0.0291
  0.0291  0.0290  0.0290  0.0291  0.0290  0.0291  0.0290  0.0291  0.0290  0.0291  0.0290  0.0290
  0.0290  0.0290  0.0290  0.0290  0.0290  0.0290  0.0289  0.0289  0.0289  0.0289  0.0289  0.0289
  0.0291  0.0291  0.0290  0.0290  0.0290  0.0289  0.0290  0.0292  0.0290  0.0291  0.0290  0.0290
  0.0294  0.0293  0.0292  0.0293  0.0292  0.0291  0.0293  0.0297  0.0292  0.0293  0.0291  0.0291
  0.0299  0.0297  0.0294  0.0298  0.0295  0.0298  0.0296  0.0304  0.0295  0.0298  0.0293  0.0293
niter,ni,del,rscale     2    3    5.0000    0.5000
parameters
   -7.6878  -14.0700    7.1765   -3.5924  -19.8176   -3.8043
   -1.1006  -12.7836    5.0739   16.0585   12.4500  -22.1511
eta,q 0.97107 12.17969
  0.0296  0.0295  0.0293  0.0296  0.0293  0.0295  0.0294  0.0300  0.0293  0.0296  0.0292  0.0292
  0.0292  0.0292  0.0291  0.0293  0.0291  0.0293  0.0291  0.0293  0.0291  0.0292  0.0291  0.0290
  0.0290  0.0290  0.0290  0.0290  0.0290  0.0291  0.0290  0.0290  0.0290  0.0290  0.0290  0.0290
  0.0289  0.0289  0.0289  0.0289  0.0289  0.0289  0.0289  0.0289  0.0289  0.0289  0.0289  0.0289
  0.0290  0.0290  0.0290  0.0290  0.0290  0.0289  0.0290  0.0291  0.0290  0.0290  0.0290  0.0290
  0.0292  0.0292  0.0291  0.0292  0.0291  0.0290  0.0292  0.0294  0.0291  0.0292  0.0291  0.0291
  0.0296  0.0295  0.0293  0.0296  0.0293  0.0295  0.0294  0.0300  0.0293  0.0295  0.0292  0.0292
niter,ni,del,rscale     1    3    5.0000    0.4000
parameters
   -7.6902  -14.0728    7.1714   -3.5794  -19.8603   -3.6197
   -1.1431  -12.8436    5.1015   16.0779   12.4642  -22.1921
eta,q 0.97109 12.18441
  0.0294  0.0293  0.0291  0.0293  0.0292  0.0293  0.0292  0.0296  0.0292  0.0293  0.0291  0.0291
  0.0291  0.0291  0.0290  0.0291  0.0290  0.0291  0.0290  0.0292  0.0290  0.0291  0.0290  0.0290
  0.0290  0.0290  0.0290  0.0290  0.0290  0.0290  0.0289  0.0290  0.0289  0.0290  0.0289  0.0289
  0.0289  0.0289  0.0289  0.0289  0.0289  0.0289  0.0289  0.0289  0.0289  0.0289  0.0289  0.0289
  0.0290  0.0290  0.0290  0.0290  0.0290  0.0289  0.0290  0.0290  0.0289  0.0290  0.0289  0.0289
  0.0291  0.0291  0.0290  0.0291  0.0290  0.0290  0.0291  0.0292  0.0290  0.0291  0.0290  0.0290
  0.0294  0.0293  0.0291  0.0293  0.0292  0.0293  0.0292  0.0296  0.0292  0.0293  0.0291  0.0291
registration optimization eta report
parameter search radius
    0.8000    0.8000    0.8000    2.4000    2.4000    2.4000
    2.4000    2.4000    2.4000    2.4000    2.4000    2.4000
100000*second partial in parameter space
       66.       52.       34.        7.        4.        6.
        5.       12.        5.        7.        3.        3.
  0.0294  0.0293  0.0291  0.0293  0.0292  0.0293  0.0292  0.0296  0.0292  0.0293  0.0291  0.0291
  0.0291  0.0291  0.0290  0.0291  0.0290  0.0291  0.0290  0.0292  0.0290  0.0291  0.0290  0.0290
  0.0290  0.0290  0.0290  0.0290  0.0290  0.0290  0.0289  0.0290  0.0289  0.0290  0.0289  0.0289
  0.0289  0.0289  0.0289  0.0289  0.0289  0.0289  0.0289  0.0289  0.0289  0.0289  0.0289  0.0289
  0.0290  0.0290  0.0290  0.0290  0.0290  0.0289  0.0290  0.0290  0.0289  0.0290  0.0289  0.0289
  0.0291  0.0291  0.0290  0.0291  0.0290  0.0290  0.0291  0.0292  0.0290  0.0291  0.0290  0.0290
  0.0294  0.0293  0.0291  0.0293  0.0292  0.0293  0.0292  0.0296  0.0292  0.0293  0.0291  0.0291
   -7.6902  -14.0728    7.1714   -3.5794  -19.8603   -3.6197
   -1.1431  -12.8436    5.1015   16.0779   12.4642  -22.1921
eta,q 0.97109 12.18441

---------------------------------------------------------------------
imgreg_4dfp /opt/freesurfer/average/711-2C_as_mni_average_305 /opt/freesurfer/average/711-2B_as_mni_average_305_mask talsrcimg_g11 none talsrcimg_to_711-2C_as_mni_average_305_t4 2311
---------------------------------------------------------------------

freesurfer imgreg_4dfp.c
/opt/freesurfer/average/711-2C_as_mni_average_305.4dfp.img
       256       256       256         1
  1.000000  1.000000  1.000000
orientation T byte_order littleendian
Reading image: /opt/freesurfer/average/711-2C_as_mni_average_305.4dfp.img
dimensions:      256       256       256
mmppix:       1.0000   -1.0000   -1.0000
center:     128.0000 -129.0000 -129.0000
/opt/freesurfer/average/711-2B_as_mni_average_305_mask.4dfp.img
       256       256       256         1
  1.000000  1.000000  1.000000
orientation T byte_order littleendian
Reading mask: /opt/freesurfer/average/711-2B_as_mni_average_305_mask.4dfp.img (2306576 pixels)
talsrcimg_g11.4dfp.img
       256       256       256         1
  1.000000  1.000000  1.000000
orientation T byte_order littleendian
Reading image: talsrcimg_g11.4dfp.img
dimensions:      256       256       256
mmppix:       1.0000   -1.0000   -1.0000
center:     128.0000 -129.0000 -129.0000
fimgreg.f
image alignment mode   2311 decimal      907 hex
parameters
   -7.6902  -14.0728    7.1714   -3.5794  -19.8603   -3.6197
   -1.1431  -12.8436    5.1015   16.0779   12.4642  -22.1921
eta,q 0.97109 12.18440
niter,ni,del,rscale     5    3    5.0000    0.8000
parameters
   -7.6809  -14.0506    7.1723   -3.8511  -19.7460   -4.2786
   -1.0242  -12.6497    5.0183   16.0569   12.5033  -22.0788
eta,q 0.97101 12.15666
  0.0306  0.0303  0.0298  0.0302  0.0299  0.0301  0.0301  0.0317  0.0300  0.0305  0.0297  0.0296
  0.0297  0.0295  0.0293  0.0296  0.0293  0.0295  0.0295  0.0302  0.0294  0.0297  0.0293  0.0293
  0.0291  0.0291  0.0290  0.0291  0.0290  0.0291  0.0291  0.0293  0.0291  0.0292  0.0291  0.0291
  0.0289  0.0289  0.0289  0.0289  0.0289  0.0289  0.0290  0.0290  0.0290  0.0290  0.0290  0.0290
  0.0291  0.0291  0.0290  0.0291  0.0290  0.0290  0.0291  0.0292  0.0291  0.0292  0.0291  0.0291
  0.0297  0.0295  0.0293  0.0297  0.0293  0.0299  0.0295  0.0300  0.0295  0.0297  0.0293  0.0293
  0.0306  0.0302  0.0298  0.0307  0.0298  0.0316  0.0300  0.0313  0.0300  0.0305  0.0297  0.0295
niter,ni,del,rscale     4    3    5.0000    0.7000
parameters
   -7.6802  -14.0608    7.1759   -3.6699  -19.7080   -4.1782
   -1.0176  -12.6738    5.0278   16.0291   12.4676  -22.0779
eta,q 0.97103 12.16986
  0.0303  0.0300  0.0296  0.0301  0.0297  0.0301  0.0298  0.0309  0.0298  0.0301  0.0295  0.0294
  0.0296  0.0294  0.0293  0.0296  0.0293  0.0296  0.0293  0.0298  0.0293  0.0295  0.0292  0.0292
  0.0291  0.0291  0.0291  0.0292  0.0291  0.0292  0.0290  0.0291  0.0291  0.0291  0.0290  0.0290
  0.0290  0.0290  0.0290  0.0290  0.0290  0.0290  0.0290  0.0290  0.0290  0.0290  0.0290  0.0290
  0.0291  0.0291  0.0291  0.0290  0.0291  0.0289  0.0291  0.0292  0.0291  0.0291  0.0290  0.0290
  0.0296  0.0295  0.0293  0.0294  0.0293  0.0292  0.0294  0.0299  0.0293  0.0295  0.0292  0.0292
  0.0302  0.0300  0.0296  0.0300  0.0297  0.0303  0.0298  0.0309  0.0298  0.0302  0.0295  0.0294
niter,ni,del,rscale     3    3    5.0000    0.6000
parameters
   -7.6863  -14.0680    7.1773   -3.6170  -19.7597   -3.9853
   -1.0454  -12.7260    5.0539   16.0364   12.4533  -22.1074
eta,q 0.97105 12.17560
  0.0299  0.0297  0.0294  0.0298  0.0295  0.0298  0.0296  0.0304  0.0295  0.0298  0.0293  0.0293
  0.0294  0.0293  0.0292  0.0294  0.0292  0.0294  0.0292  0.0296  0.0292  0.0293  0.0291  0.0291
  0.0291  0.0290  0.0290  0.0291  0.0290  0.0291  0.0290  0.0291  0.0290  0.0291  0.0290  0.0290
  0.0290  0.0290  0.0290  0.0290  0.0290  0.0290  0.0289  0.0290  0.0289  0.0289  0.0289  0.0289
  0.0291  0.0291  0.0290  0.0290  0.0290  0.0289  0.0290  0.0292  0.0290  0.0291  0.0290  0.0290
  0.0294  0.0293  0.0292  0.0293  0.0292  0.0291  0.0293  0.0297  0.0292  0.0293  0.0291  0.0291
  0.0299  0.0297  0.0294  0.0298  0.0295  0.0298  0.0296  0.0304  0.0295  0.0298  0.0294  0.0293
niter,ni,del,rscale     2    3    5.0000    0.5000
parameters
   -7.6882  -14.0718    7.1754   -3.5911  -19.8117   -3.8043
   -1.0954  -12.7831    5.0740   16.0549   12.4568  -22.1598
eta,q 0.97107 12.18021
  0.0296  0.0295  0.0293  0.0296  0.0293  0.0296  0.0294  0.0300  0.0293  0.0296  0.0292  0.0292
  0.0292  0.0292  0.0291  0.0293  0.0291  0.0293  0.0291  0.0294  0.0291  0.0292  0.0291  0.0290
  0.0290  0.0290  0.0290  0.0290  0.0290  0.0291  0.0290  0.0290  0.0290  0.0290  0.0290  0.0290
  0.0289  0.0289  0.0289  0.0289  0.0289  0.0289  0.0289  0.0289  0.0289  0.0289  0.0289  0.0289
  0.0290  0.0290  0.0290  0.0290  0.0290  0.0289  0.0290  0.0291  0.0290  0.0290  0.0290  0.0290
  0.0292  0.0292  0.0291  0.0292  0.0291  0.0290  0.0292  0.0294  0.0291  0.0292  0.0291  0.0291
  0.0296  0.0295  0.0293  0.0296  0.0293  0.0295  0.0294  0.0300  0.0293  0.0295  0.0292  0.0292
niter,ni,del,rscale     1    3    5.0000    0.4000
parameters
   -7.6898  -14.0725    7.1737   -3.5812  -19.8686   -3.6279
   -1.1559  -12.8396    5.1067   16.0778   12.4579  -22.1920
eta,q 0.97108 12.18339
  0.0294  0.0293  0.0291  0.0293  0.0292  0.0293  0.0292  0.0296  0.0292  0.0293  0.0291  0.0291
  0.0291  0.0291  0.0290  0.0291  0.0290  0.0291  0.0290  0.0292  0.0290  0.0291  0.0290  0.0290
  0.0290  0.0290  0.0290  0.0290  0.0290  0.0290  0.0289  0.0290  0.0289  0.0290  0.0289  0.0289
  0.0289  0.0289  0.0289  0.0289  0.0289  0.0289  0.0289  0.0289  0.0289  0.0289  0.0289  0.0289
  0.0290  0.0290  0.0290  0.0290  0.0290  0.0289  0.0290  0.0290  0.0289  0.0290  0.0289  0.0289
  0.0291  0.0291  0.0290  0.0291  0.0290  0.0290  0.0291  0.0292  0.0290  0.0291  0.0290  0.0290
  0.0294  0.0293  0.0291  0.0293  0.0292  0.0293  0.0292  0.0296  0.0292  0.0293  0.0291  0.0291
registration optimization eta report
parameter search radius
    0.8000    0.8000    0.8000    2.4000    2.4000    2.4000
    2.4000    2.4000    2.4000    2.4000    2.4000    2.4000
100000*second partial in parameter space
       66.       52.       33.        7.        4.        6.
        5.       12.        5.        7.        3.        3.
  0.0294  0.0293  0.0291  0.0293  0.0292  0.0293  0.0292  0.0296  0.0292  0.0293  0.0291  0.0291
  0.0291  0.0291  0.0290  0.0291  0.0290  0.0291  0.0290  0.0292  0.0290  0.0291  0.0290  0.0290
  0.0290  0.0290  0.0290  0.0290  0.0290  0.0290  0.0289  0.0290  0.0289  0.0290  0.0289  0.0289
  0.0289  0.0289  0.0289  0.0289  0.0289  0.0289  0.0289  0.0289  0.0289  0.0289  0.0289  0.0289
  0.0290  0.0290  0.0290  0.0290  0.0290  0.0289  0.0290  0.0290  0.0289  0.0290  0.0289  0.0289
  0.0291  0.0291  0.0290  0.0291  0.0290  0.0290  0.0291  0.0292  0.0290  0.0291  0.0290  0.0290
  0.0294  0.0293  0.0291  0.0293  0.0292  0.0293  0.0292  0.0296  0.0292  0.0293  0.0291  0.0291
   -7.6898  -14.0725    7.1737   -3.5812  -19.8686   -3.6279
   -1.1559  -12.8396    5.1067   16.0778   12.4579  -22.1920
eta,q 0.97108 12.18339

---------------------------------------------------------------------
compute_vox2vox talsrcimg talsrcimg_to_711-2C_as_mni_average_305_t4 /opt/freesurfer/average/711-2C_as_mni_average_305
---------------------------------------------------------------------

freesurfer compute_vox2vox.c
Reading: talsrcimg.4dfp.ifh
Reading: talsrcimg_to_711-2C_as_mni_average_305_t4
Reading: /opt/freesurfer/average/711-2C_as_mni_average_305.4dfp.ifh
Writing: talsrcimg_to_711-2C_as_mni_average_305_t4_vox2vox.txt

start time Sat Mar 14 10:30:52 CET 2026
end		time Sat Mar 14 10:31:06 CET 2026

mpr2mni305 success

avi2talxfm orig_nu.mgz /opt/freesurfer/average/mni305.cor.mgz talsrcimg_to_711-2C_as_mni_average_305_t4_vox2vox.txt transforms/talairach.auto.xfm
avi2talxfm done
mv -f /out/sourcedata/freesurfer/sub-v2s9x29168_ses-1/mri/talsrcimg_to_711-2C_as_mni_average_305_t4_vox2vox.txt /out/sourcedata/freesurfer/sub-v2s9x29168_ses-1/mri/transforms/talsrcimg_to_711-2C_as_mni_average_305_t4_vox2vox.txt
lta_convert --src orig_nu.mgz --trg /opt/freesurfer/average/mni305.cor.mgz --inxfm transforms/talairach.auto.xfm --outlta transforms/talairach.auto.xfm.lta --subject fsaverage
7.3.2

--src: orig_nu.mgz src image (geometry).
--trg: /opt/freesurfer/average/mni305.cor.mgz trg image (geometry).
--inmni: transforms/talairach.auto.xfm input MNI/XFM transform.
--outlta: transforms/talairach.auto.xfm.lta output LTA.
--s: fsaverage subject name
 LTA read, type : 1
 1.01805   0.12730   0.04994   6.89110;
-0.14007   0.97430   0.26781  -5.47242;
-0.03678  -0.20360   1.19103   16.77199;
 0.00000   0.00000   0.00000   1.00000;
setting subject to fsaverage
Writing  LTA to file transforms/talairach.auto.xfm.lta...
lta_convert successful.
 
 
Started at Sat Mar 14 10:30:52 CET 2026
Ended   at Sat Mar 14 10:31:06 CET 2026
talairach_avi done
