status file for recon-all
Sat Mar 14 10:28:18 CET 2026
#@# MotionCor Sat Mar 14 10:28:20 CET 2026
#@# Talairach Sat Mar 14 10:28:25 CET 2026
#@# Talairach Failure Detection Sat Mar 14 10:31:15 CET 2026
#@# Nu Intensity Correction Sat Mar 14 10:31:15 CET 2026
#@# Intensity Normalization Sat Mar 14 10:34:00 CET 2026
recon-all -s sub-v2s9x29171_ses-1 finished without error at Sat Mar 14 10:34:55 CET 2026



#New# invocation of recon-all 



status file for recon-all
Sat Mar 14 10:40:54 CET 2026
#@# EM Registration Sat Mar 14 10:40:54 CET 2026
recon-all -s sub-v2s9x29171_ses-1 finished without error at Sat Mar 14 10:45:55 CET 2026



#New# invocation of recon-all 



status file for recon-all
Sat Mar 14 10:45:57 CET 2026
#@# CA Normalize Sat Mar 14 10:45:57 CET 2026
#@# CA Reg Sat Mar 14 10:46:51 CET 2026
#@# SubCort Seg Sat Mar 14 11:32:01 CET 2026
#@# CC Seg Sat Mar 14 11:49:39 CET 2026
#@# Merge ASeg Sat Mar 14 11:49:58 CET 2026
#@# Intensity Normalization2 Sat Mar 14 11:49:58 CET 2026
#@# Mask BFS Sat Mar 14 11:51:21 CET 2026
#@# WM Segmentation Sat Mar 14 11:51:22 CET 2026
#@# Fill Sat Mar 14 11:52:47 CET 2026
recon-all -s sub-v2s9x29171_ses-1 finished without error at Sat Mar 14 11:53:24 CET 2026



#New# invocation of recon-all 



status file for recon-all
Sat Mar 14 12:33:14 CET 2026
#@# white curv lh Sat Mar 14 12:33:14 CET 2026
#@# white area lh Sat Mar 14 12:33:14 CET 2026
#@# pial curv lh Sat Mar 14 12:33:14 CET 2026
#@# pial area lh Sat Mar 14 12:33:14 CET 2026
#@# thickness lh Sat Mar 14 12:33:14 CET 2026
#@# area and vertex vol lh Sat Mar 14 12:33:14 CET 2026
#@# white curv rh Sat Mar 14 12:33:14 CET 2026
#@# white area rh Sat Mar 14 12:33:14 CET 2026
#@# pial curv rh Sat Mar 14 12:33:14 CET 2026
#@# pial area rh Sat Mar 14 12:33:14 CET 2026
#@# thickness rh Sat Mar 14 12:33:14 CET 2026
#@# area and vertex vol rh Sat Mar 14 12:33:14 CET 2026
#@# Cortical ribbon mask Sat Mar 14 12:33:14 CET 2026
recon-all -s sub-v2s9x29171_ses-1 finished without error at Sat Mar 14 12:35:46 CET 2026



#New# invocation of recon-all 



status file for recon-all
Sat Mar 14 12:40:12 CET 2026
#@# white curv lh Sat Mar 14 12:40:12 CET 2026
#@# white area lh Sat Mar 14 12:40:12 CET 2026
#@# pial curv lh Sat Mar 14 12:40:12 CET 2026
#@# pial area lh Sat Mar 14 12:40:12 CET 2026
#@# thickness lh Sat Mar 14 12:40:12 CET 2026
#@# area and vertex vol lh Sat Mar 14 12:40:12 CET 2026
#@# white curv rh Sat Mar 14 12:40:12 CET 2026
#@# white area rh Sat Mar 14 12:40:12 CET 2026
#@# pial curv rh Sat Mar 14 12:40:12 CET 2026
#@# pial area rh Sat Mar 14 12:40:12 CET 2026
#@# thickness rh Sat Mar 14 12:40:12 CET 2026
#@# area and vertex vol rh Sat Mar 14 12:40:12 CET 2026
#@# Curvature Stats lh Sat Mar 14 12:40:12 CET 2026
#@# Curvature Stats rh Sat Mar 14 12:40:14 CET 2026
#@# Relabel Hypointensities Sat Mar 14 12:40:15 CET 2026
#@# APas-to-ASeg Sat Mar 14 12:40:26 CET 2026
#@# AParc-to-ASeg aparc Sat Mar 14 12:40:31 CET 2026
#@# AParc-to-ASeg aparc.a2009s Sat Mar 14 12:40:49 CET 2026
#@# AParc-to-ASeg aparc.DKTatlas Sat Mar 14 12:41:07 CET 2026
#@# WMParc Sat Mar 14 12:41:28 CET 2026
#@# ASeg Stats Sat Mar 14 12:43:06 CET 2026
recon-all -s sub-v2s9x29171_ses-1 finished without error at Sat Mar 14 12:43:23 CET 2026
