status file for recon-all
Sat Mar 14 12:11:38 CET 2026
#@# Tessellate rh Sat Mar 14 12:11:38 CET 2026
#@# Smooth1 rh Sat Mar 14 12:11:41 CET 2026
#@# Inflation1 rh Sat Mar 14 12:11:42 CET 2026
#@# QSphere rh Sat Mar 14 12:11:55 CET 2026
#@# Fix Topology rh Sat Mar 14 12:12:48 CET 2026
#@# Smooth2 rh Sat Mar 14 12:17:23 CET 2026
#@# Inflation2 rh Sat Mar 14 12:17:25 CET 2026
#@# Curv .H and .K rh Sat Mar 14 12:17:36 CET 2026
#@# Sphere rh Sat Mar 14 12:18:06 CET 2026
#@# Surf Reg rh Sat Mar 14 12:19:51 CET 2026
#@# Jacobian white rh Sat Mar 14 12:27:25 CET 2026
#@# AvgCurv rh Sat Mar 14 12:27:26 CET 2026
#@# Cortical Parc rh Sat Mar 14 12:27:26 CET 2026
#@# white curv rh Sat Mar 14 12:32:32 CET 2026
#@# white area rh Sat Mar 14 12:32:34 CET 2026
#@# pial curv rh Sat Mar 14 12:32:34 CET 2026
#@# pial area rh Sat Mar 14 12:32:35 CET 2026
#@# thickness rh Sat Mar 14 12:32:36 CET 2026
#@# area and vertex vol rh Sat Mar 14 12:32:50 CET 2026
#@# Curvature Stats rh Sat Mar 14 12:32:51 CET 2026
#@# Cortical Parc 2 rh Sat Mar 14 12:32:52 CET 2026
#@# Cortical Parc 3 rh Sat Mar 14 12:33:01 CET 2026
#@# WM/GM Contrast rh Sat Mar 14 12:33:07 CET 2026
recon-all -s sub-v2s9x29171_ses-1 finished without error at Sat Mar 14 12:33:09 CET 2026



#New# invocation of recon-all 



status file for recon-all
Sat Mar 14 12:37:59 CET 2026
#@# white curv rh Sat Mar 14 12:37:59 CET 2026
#@# white area rh Sat Mar 14 12:37:59 CET 2026
#@# pial curv rh Sat Mar 14 12:38:00 CET 2026
#@# pial area rh Sat Mar 14 12:38:00 CET 2026
#@# thickness rh Sat Mar 14 12:38:00 CET 2026
#@# area and vertex vol rh Sat Mar 14 12:38:00 CET 2026
#@# Parcellation Stats rh Sat Mar 14 12:38:00 CET 2026
#@# Parcellation Stats 2 rh Sat Mar 14 12:38:10 CET 2026
#@# Parcellation Stats 3 rh Sat Mar 14 12:38:16 CET 2026
#@# BA_exvivo Labels rh Sat Mar 14 12:38:21 CET 2026
recon-all -s sub-v2s9x29171_ses-1 finished without error at Sat Mar 14 12:40:08 CET 2026
