status file for recon-all
Sat Mar 14 11:53:28 CET 2026
#@# Tessellate lh Sat Mar 14 11:53:28 CET 2026
#@# Smooth1 lh Sat Mar 14 11:53:31 CET 2026
#@# Inflation1 lh Sat Mar 14 11:53:32 CET 2026
#@# QSphere lh Sat Mar 14 11:53:43 CET 2026
#@# Fix Topology lh Sat Mar 14 11:54:35 CET 2026
#@# Smooth2 lh Sat Mar 14 11:58:58 CET 2026
#@# Inflation2 lh Sat Mar 14 11:59:00 CET 2026
#@# Curv .H and .K lh Sat Mar 14 11:59:10 CET 2026
#@# Sphere lh Sat Mar 14 11:59:39 CET 2026
#@# Surf Reg lh Sat Mar 14 12:02:23 CET 2026
#@# Jacobian white lh Sat Mar 14 12:05:56 CET 2026
#@# AvgCurv lh Sat Mar 14 12:05:56 CET 2026
#@# Cortical Parc lh Sat Mar 14 12:05:57 CET 2026
#@# white curv lh Sat Mar 14 12:10:57 CET 2026
#@# white area lh Sat Mar 14 12:10:58 CET 2026
#@# pial curv lh Sat Mar 14 12:10:59 CET 2026
#@# pial area lh Sat Mar 14 12:11:00 CET 2026
#@# thickness lh Sat Mar 14 12:11:01 CET 2026
#@# area and vertex vol lh Sat Mar 14 12:11:15 CET 2026
#@# Curvature Stats lh Sat Mar 14 12:11:17 CET 2026
#@# Cortical Parc 2 lh Sat Mar 14 12:11:18 CET 2026
#@# Cortical Parc 3 lh Sat Mar 14 12:11:27 CET 2026
#@# WM/GM Contrast lh Sat Mar 14 12:11:33 CET 2026
recon-all -s sub-v2s9x29171_ses-1 finished without error at Sat Mar 14 12:11:36 CET 2026



#New# invocation of recon-all 



status file for recon-all
Sat Mar 14 12:35:50 CET 2026
#@# white curv lh Sat Mar 14 12:35:50 CET 2026
#@# white area lh Sat Mar 14 12:35:50 CET 2026
#@# pial curv lh Sat Mar 14 12:35:50 CET 2026
#@# pial area lh Sat Mar 14 12:35:50 CET 2026
#@# thickness lh Sat Mar 14 12:35:50 CET 2026
#@# area and vertex vol lh Sat Mar 14 12:35:50 CET 2026
#@# Parcellation Stats lh Sat Mar 14 12:35:50 CET 2026
#@# Parcellation Stats 2 lh Sat Mar 14 12:36:01 CET 2026
#@# Parcellation Stats 3 lh Sat Mar 14 12:36:06 CET 2026
#@# BA_exvivo Labels lh Sat Mar 14 12:36:12 CET 2026
recon-all -s sub-v2s9x29171_ses-1 finished without error at Sat Mar 14 12:37:57 CET 2026
