/out/sourcedata/freesurfer/sub-v2s9x29166_ses-1/mri
/opt/freesurfer/bin/talairach_avi
--i orig_nu.mgz --xfm transforms/talairach.auto.xfm
talairach_avi 7.3.2
Linux dna077 5.14.0-427.37.1.el9_4.x86_64 #1 SMP PREEMPT_DYNAMIC Fri Sep 13 12:41:50 EDT 2024 x86_64 x86_64 x86_64 GNU/Linux
Sat Mar 14 10:30:48 CET 2026
mri_convert orig_nu.mgz talsrcimg.img 
reading from orig_nu.mgz...
TR=0.00, TE=0.00, TI=0.00, flip angle=0.00
i_ras = (-1, 0, 0)
j_ras = (0, 0, -1)
k_ras = (0, 1, 0)
writing to talsrcimg.img...
Analyze Output Matrix
-1.00000   0.00000   0.00000   129.66513;
 0.00000   0.00000   1.00000  -128.00000;
 0.00000  -1.00000   0.00000   130.00000;
 0.00000   0.00000   0.00000   1.00000;
--------------------
INFO: set hdr.hist.orient to -1
mpr2mni305 talsrcimg
Sat Mar 14 10:30:48 CET 2026
/opt/freesurfer/bin/mpr2mni305 talsrcimg
mpr2mni305 7.3.2
target=711-2C_as_mni_average_305

---------------------------------------------------------------------
analyzeto4dfp talsrcimg -O0 -y
---------------------------------------------------------------------

freesurfer ifh2hdr.c
Sat Mar 14 10:30:48 2026
Writing: talsrcimg.4dfp.hdr
freesurfer analyzeto4dfp.c
Reading: talsrcimg.hdr
header size 348 bytes
hdr.dime.datatype	offset=70	value=2
hdr.dime.bitpix		offset=72	value=8
hdr.hist.orient		offset=252	value=-1
dimensionality     4
dimensions       256       256       256         1
Reading: talsrcimg.img
Writing: talsrcimg.4dfp.img
Writing: talsrcimg.4dfp.ifh
ifh2hdr talsrcimg -r0to215
ori=2

---------------------------------------------------------------------
gauss_4dfp talsrcimg 1.1
---------------------------------------------------------------------

freesurfer gauss_4dfp.c
Reading: talsrcimg.4dfp.img
Writing: talsrcimg_g11.4dfp.img
image dimensions 256 256 256 padded to 288 288 288
processing volume 1freesurfer ifh2hdr.c
Sat Mar 14 10:30:49 2026
Writing: talsrcimg_g11.4dfp.hdr

Writing: talsrcimg_g11.4dfp.ifh
including: talsrcimg.4dfp.img.rec in talsrcimg_g11.4dfp.img.rec

---------------------------------------------------------------------
imgreg_4dfp /opt/freesurfer/average/711-2C_as_mni_average_305 none talsrcimg_g11 none talsrcimg_to_711-2C_as_mni_average_305_t4 4355
---------------------------------------------------------------------

freesurfer imgreg_4dfp.c
/opt/freesurfer/average/711-2C_as_mni_average_305.4dfp.img
       256       256       256         1
  1.000000  1.000000  1.000000
orientation T byte_order littleendian
Reading image: /opt/freesurfer/average/711-2C_as_mni_average_305.4dfp.img
dimensions:      256       256       256
mmppix:       1.0000   -1.0000   -1.0000
center:     128.0000 -129.0000 -129.0000
talsrcimg_g11.4dfp.img
       256       256       256         1
  1.000000  1.000000  1.000000
orientation T byte_order littleendian
Reading image: talsrcimg_g11.4dfp.img
dimensions:      256       256       256
mmppix:       1.0000   -1.0000   -1.0000
center:     128.0000 -129.0000 -129.0000
t4_read: open error in t4_sub.f l:  41 t4_file(1:l)talsrcimg_to_711-2C_as_mni_average_305_t4 
t4_read: transform initialized to I4
rotation matrix determinant  1.000000
image alignment mode   4355 decimal     1103 hex
   -7.5000  -45.0000  -45.0000 8577.3750   22.0738
    0.0000  -45.0000  -45.0000 9098.3311   22.0824
    7.5000  -45.0000  -45.0000 8877.3916   22.0773
   -7.5000  -37.5000  -45.0000 9109.4746   21.9850
    0.0000  -37.5000  -45.0000 9685.6709   21.9909
    7.5000  -37.5000  -45.0000 9426.9717   21.9899
   -7.5000  -30.0000  -45.0000 9909.9922   21.9371
    0.0000  -30.0000  -45.000010536.4932   21.9327
    7.5000  -30.0000  -45.000010271.4268   21.9338
   -7.5000  -22.5000  -45.000010639.3242   21.9168
    0.0000  -22.5000  -45.000011320.0947   21.9048
    7.5000  -22.5000  -45.000011037.3301   21.9046
   -7.5000  -15.0000  -45.000011293.0039   21.8971
    0.0000  -15.0000  -45.000012004.3506   21.8889
    7.5000  -15.0000  -45.000011710.2861   21.8882
   -7.5000   -7.5000  -45.000011913.9746   21.8768
    0.0000   -7.5000  -45.000012655.6572   21.8791
    7.5000   -7.5000  -45.000012337.1436   21.8762
   -7.5000    0.0000  -45.000012371.6377   21.8694
    0.0000    0.0000  -45.000013115.7480   21.8781
    7.5000    0.0000  -45.000012796.9902   21.8739
   -7.5000    7.5000  -45.000011838.8369   21.8828
    0.0000    7.5000  -45.000012549.9219   21.8889
    7.5000    7.5000  -45.000012273.0898   21.8884
   -7.5000   15.0000  -45.000011207.6543   21.9082
    0.0000   15.0000  -45.000011859.1855   21.9042
    7.5000   15.0000  -45.000011606.2578   21.9055
   -7.5000   22.5000  -45.000010502.8193   21.9120
    0.0000   22.5000  -45.000011093.3105   21.9001
    7.5000   22.5000  -45.000010813.4189   21.8999
   -7.5000   30.0000  -45.0000 9706.0801   21.6063
    0.0000   30.0000  -45.000010265.6865   21.5982
    7.5000   30.0000  -45.0000 9992.7568   21.5975
   -7.5000   37.5000  -45.0000 9205.0068   21.6127
    0.0000   37.5000  -45.0000 9783.1338   21.6151
    7.5000   37.5000  -45.0000 9502.3604   21.6124
   -7.5000   45.0000  -45.0000 8355.3545   21.2127
    0.0000   45.0000  -45.0000 8877.4375   21.2192
    7.5000   45.0000  -45.0000 8633.8213   21.2115
   -7.5000  -45.0000  -37.5000 9117.7607   22.0520
    0.0000  -45.0000  -37.5000 9672.8418   22.0646
    7.5000  -45.0000  -37.5000 9438.4814   22.0695
   -7.5000  -37.5000  -37.5000 9655.8887   21.9545
    0.0000  -37.5000  -37.500010258.1963   21.9632
    7.5000  -37.5000  -37.5000 9967.8379   21.9698
   -7.5000  -30.0000  -37.500010475.3105   21.9061
    0.0000  -30.0000  -37.500011112.8350   21.9023
    7.5000  -30.0000  -37.500010804.1836   21.9089
   -7.5000  -22.5000  -37.500011208.7715   21.8954
    0.0000  -22.5000  -37.500011873.1426   21.8830
    7.5000  -22.5000  -37.500011564.6436   21.8885
   -7.5000  -15.0000  -37.500011856.9736   21.8873
    0.0000  -15.0000  -37.500012587.3320   21.8797
    7.5000  -15.0000  -37.500012253.6289   21.8868
   -7.5000   -7.5000  -37.500012527.9736   21.8659
    0.0000   -7.5000  -37.500013257.0127   21.8712
    7.5000   -7.5000  -37.500012886.9707   21.8783
   -7.5000    0.0000  -37.500012982.9766   21.8482
    0.0000    0.0000  -37.500013704.3125   21.8610
    7.5000    0.0000  -37.500013322.7686   21.8666
   -7.5000    7.5000  -37.500012394.3047   21.8530
    0.0000    7.5000  -37.500013086.4551   21.8620
    7.5000    7.5000  -37.500012757.9844   21.8690
   -7.5000   15.0000  -37.500011717.9199   21.8774
    0.0000   15.0000  -37.500012376.4141   21.8739
    7.5000   15.0000  -37.500012058.6865   21.8807
   -7.5000   22.5000  -37.500010948.5234   21.8907
    0.0000   22.5000  -37.500011541.5215   21.8784
    7.5000   22.5000  -37.500011240.0303   21.8839
   -7.5000   30.0000  -37.500010100.7764   21.5965
    0.0000   30.0000  -37.500010648.4365   21.5890
    7.5000   30.0000  -37.500010353.5986   21.5959
   -7.5000   37.5000  -37.5000 9567.0693   21.6012
    0.0000   37.5000  -37.500010148.2402   21.6064
    7.5000   37.5000  -37.5000 9812.8457   21.6136
   -7.5000   45.0000  -37.5000 8684.7021   21.1900
    0.0000   45.0000  -37.5000 9219.4600   21.2006
    7.5000   45.0000  -37.5000 8928.9678   21.2024
   -7.5000  -45.0000  -30.0000 9808.5811   22.9744
    0.0000  -45.0000  -30.000010428.5996   22.9827
    7.5000  -45.0000  -30.000010162.0625   22.9985
   -7.5000  -37.5000  -30.000010354.4941   22.8721
    0.0000  -37.5000  -30.000011008.5635   22.8783
    7.5000  -37.5000  -30.000010711.5449   22.8960
   -7.5000  -30.0000  -30.000011188.9199   22.8302
    0.0000  -30.0000  -30.000011862.7334   22.8279
    7.5000  -30.0000  -30.000011563.3975   22.8467
   -7.5000  -22.5000  -30.000011942.2178   22.8303
    0.0000  -22.5000  -30.000012623.7100   22.8205
    7.5000  -22.5000  -30.000012319.0342   22.8393
   -7.5000  -15.0000  -30.000012662.4961   22.8263
    0.0000  -15.0000  -30.000013344.8506   22.8198
    7.5000  -15.0000  -30.000012991.8848   22.8391
   -7.5000   -7.5000  -30.000013362.8330   22.7937
    0.0000   -7.5000  -30.000014034.3691   22.7969
    7.5000   -7.5000  -30.000013616.7373   22.8149
   -7.5000    0.0000  -30.000013824.4980   22.7622
    0.0000    0.0000  -30.000014534.2109   22.7709
    7.5000    0.0000  -30.000014079.3877   22.7873
   -7.5000    7.5000  -30.000013161.4238   22.7667
    0.0000    7.5000  -30.000013847.1465   22.7734
    7.5000    7.5000  -30.000013446.6338   22.7914
   -7.5000   15.0000  -30.000012398.8984   22.8004
    0.0000   15.0000  -30.000013068.5322   22.7984
    7.5000   15.0000  -30.000012668.0605   22.8174
   -7.5000   22.5000  -30.000011532.2559   22.8230
    0.0000   22.5000  -30.000012166.5459   22.8133
    7.5000   22.5000  -30.000011764.2012   22.8321
   -7.5000   30.0000  -30.000010622.3750   22.5250
    0.0000   30.0000  -30.000011208.0000   22.5186
    7.5000   30.0000  -30.000010826.3574   22.5376
   -7.5000   37.5000  -30.000010048.9375   22.5185
    0.0000   37.5000  -30.000010635.9121   22.5218
    7.5000   37.5000  -30.000010253.6191   22.5400
   -7.5000   45.0000  -30.0000 9103.2520   22.0901
    0.0000   45.0000  -30.0000 9641.9277   22.0975
    7.5000   45.0000  -30.0000 9294.0518   22.1094
   -7.5000  -45.0000  -22.500010429.9658   23.7909
    0.0000  -45.0000  -22.500011124.3115   23.7880
    7.5000  -45.0000  -22.500010846.7666   23.8019
   -7.5000  -37.5000  -22.500010979.8672   23.6953
    0.0000  -37.5000  -22.500011689.8633   23.6946
    7.5000  -37.5000  -22.500011391.2070   23.7134
   -7.5000  -30.0000  -22.500011872.9688   23.6621
    0.0000  -30.0000  -22.500012568.0449   23.6594
    7.5000  -30.0000  -22.500012283.0703   23.6838
   -7.5000  -22.5000  -22.500012673.8291   23.6609
    0.0000  -22.5000  -22.500013345.1426   23.6530
    7.5000  -22.5000  -22.500013049.1855   23.6791
   -7.5000  -15.0000  -22.500013428.5312   23.6466
    0.0000  -15.0000  -22.500014085.8984   23.6384
    7.5000  -15.0000  -22.500013711.7520   23.6619
   -7.5000   -7.5000  -22.500014145.5254   23.6038
    0.0000   -7.5000  -22.500014775.1797   23.5990
    7.5000   -7.5000  -22.500014349.7158   23.6166
   -7.5000    0.0000  -22.500014609.1270   23.5708
    0.0000    0.0000  -22.500015257.3320   23.5684
    7.5000    0.0000  -22.500014827.3125   23.5830
   -7.5000    7.5000  -22.500013924.2979   23.5858
    0.0000    7.5000  -22.500014587.9844   23.5857
    7.5000    7.5000  -22.500014173.9854   23.6047
   -7.5000   15.0000  -22.500013064.7266   23.6312
    0.0000   15.0000  -22.500013726.4229   23.6290
    7.5000   15.0000  -22.500013325.4180   23.6535
   -7.5000   22.5000  -22.500012114.3037   23.6518
    0.0000   22.5000  -22.500012769.8779   23.6440
    7.5000   22.5000  -22.500012352.8398   23.6700
   -7.5000   30.0000  -22.500011147.1299   23.3381
    0.0000   30.0000  -22.500011725.0684   23.3299
    7.5000   30.0000  -22.500011332.6709   23.3532
   -7.5000   37.5000  -22.500010529.6875   23.3218
    0.0000   37.5000  -22.500011076.6162   23.3173
    7.5000   37.5000  -22.500010680.6846   23.3351
   -7.5000   45.0000  -22.5000 9498.8213   22.8917
    0.0000   45.0000  -22.500010021.9834   22.8889
    7.5000   45.0000  -22.5000 9649.2354   22.8991
   -7.5000  -45.0000  -15.000010909.3818   24.3856
    0.0000  -45.0000  -15.000011599.5645   24.3755
    7.5000  -45.0000  -15.000011367.8086   24.3791
   -7.5000  -37.5000  -15.000011456.2129   24.3000
    0.0000  -37.5000  -15.000012166.3135   24.2940
    7.5000  -37.5000  -15.000011915.7158   24.3049
   -7.5000  -30.0000  -15.000012386.1201   24.2699
    0.0000  -30.0000  -15.000013103.5898   24.2654
    7.5000  -30.0000  -15.000012830.2197   24.2855
   -7.5000  -22.5000  -15.000013275.5049   24.2586
    0.0000  -22.5000  -15.000013942.5107   24.2503
    7.5000  -22.5000  -15.000013641.7793   24.2735
   -7.5000  -15.0000  -15.000014070.5137   24.2291
    0.0000  -15.0000  -15.000014720.7637   24.2194
    7.5000  -15.0000  -15.000014318.5439   24.2379
   -7.5000   -7.5000  -15.000014818.4326   24.1833
    0.0000   -7.5000  -15.000015448.8340   24.1734
    7.5000   -7.5000  -15.000014983.5234   24.1821
   -7.5000    0.0000  -15.000015314.3379   24.1595
    0.0000    0.0000  -15.000015917.5820   24.1499
    7.5000    0.0000  -15.000015468.1934   24.1544
   -7.5000    7.5000  -15.000014591.4961   24.1870
    0.0000    7.5000  -15.000015202.4141   24.1815
    7.5000    7.5000  -15.000014763.8359   24.1928
   -7.5000   15.0000  -15.000013673.4551   24.2382
    0.0000   15.0000  -15.000014282.5078   24.2341
    7.5000   15.0000  -15.000013857.5029   24.2543
   -7.5000   22.5000  -15.000012683.9238   24.2481
    0.0000   22.5000  -15.000013269.4297   24.2400
    7.5000   22.5000  -15.000012845.0898   24.2631
   -7.5000   30.0000  -15.000011626.6113   23.9164
    0.0000   30.0000  -15.000012141.9453   23.9068
    7.5000   30.0000  -15.000011732.3232   23.9250
   -7.5000   37.5000  -15.000010956.0527   23.8983
    0.0000   37.5000  -15.000011450.4541   23.8889
    7.5000   37.5000  -15.000011027.4697   23.8979
   -7.5000   45.0000  -15.0000 9864.3936   23.4795
    0.0000   45.0000  -15.000010327.9873   23.4696
    7.5000   45.0000  -15.0000 9940.4463   23.4701
   -7.5000  -45.0000   -7.500011430.3535   24.6689
    0.0000  -45.0000   -7.500012124.3525   24.6662
    7.5000  -45.0000   -7.500011875.1523   24.6611
   -7.5000  -37.5000   -7.500011986.5830   24.5812
    0.0000  -37.5000   -7.500012719.2393   24.5796
    7.5000  -37.5000   -7.500012445.5732   24.5817
   -7.5000  -30.0000   -7.500012945.6143   24.5413
    0.0000  -30.0000   -7.500013700.0166   24.5362
    7.5000  -30.0000   -7.500013405.1221   24.5451
   -7.5000  -22.5000   -7.500013837.6816   24.5201
    0.0000  -22.5000   -7.500014569.7490   24.5101
    7.5000  -22.5000   -7.500014267.9873   24.5201
   -7.5000  -15.0000   -7.500014661.7881   24.4879
    0.0000  -15.0000   -7.500015370.6963   24.4791
    7.5000  -15.0000   -7.500014927.2598   24.4853
   -7.5000   -7.5000   -7.500015420.9238   24.4521
    0.0000   -7.5000   -7.500016073.4541   24.4473
    7.5000   -7.5000   -7.500015584.3418   24.4461
   -7.5000    0.0000   -7.500015929.0127   24.4401
    0.0000    0.0000   -7.500016587.8125   24.4377
    7.5000    0.0000   -7.500016128.1895   24.4335
   -7.5000    7.5000   -7.500015208.8438   24.4667
    0.0000    7.5000   -7.500015841.4131   24.4654
    7.5000    7.5000   -7.500015376.0098   24.4680
   -7.5000   15.0000   -7.500014265.6162   24.5090
    0.0000   15.0000   -7.500014818.2383   24.5044
    7.5000   15.0000   -7.500014377.4980   24.5134
   -7.5000   22.5000   -7.500013200.2969   24.5068
    0.0000   22.5000   -7.500013717.0625   24.4970
    7.5000   22.5000   -7.500013308.5107   24.5069
   -7.5000   30.0000   -7.500012032.7402   24.1714
    0.0000   30.0000   -7.500012503.1230   24.1626
    7.5000   30.0000   -7.500012101.2549   24.1688
   -7.5000   37.5000   -7.500011351.3506   24.1650
    0.0000   37.5000   -7.500011779.0947   24.1604
    7.5000   37.5000   -7.500011350.8613   24.1595
   -7.5000   45.0000   -7.500010253.9209   23.7595
    0.0000   45.0000   -7.500010646.9805   23.7557
    7.5000   45.0000   -7.500010243.5967   23.7478
   -7.5000  -45.0000    0.000011887.6943   24.7012
    0.0000  -45.0000    0.000012633.9805   24.7108
    7.5000  -45.0000    0.000012323.0410   24.7051
   -7.5000  -37.5000    0.000012446.4561   24.6018
    0.0000  -37.5000    0.000013197.3037   24.6084
    7.5000  -37.5000    0.000012882.7852   24.6073
   -7.5000  -30.0000    0.000013400.8594   24.5482
    0.0000  -30.0000    0.000014184.2197   24.5433
    7.5000  -30.0000    0.000013860.1318   24.5445
   -7.5000  -22.5000    0.000014284.8359   24.5255
    0.0000  -22.5000    0.000015044.0352   24.5120
    7.5000  -22.5000    0.000014773.5332   24.5118
   -7.5000  -15.0000    0.000015157.6299   24.5035
    0.0000  -15.0000    0.000015909.8203   24.4943
    7.5000  -15.0000    0.000015513.5322   24.4935
   -7.5000   -7.5000    0.000015978.6230   24.4807
    0.0000   -7.5000    0.000016693.2383   24.4833
    7.5000   -7.5000    0.000016233.0752   24.4800
   -7.5000    0.0000    0.000016468.9297   24.4724
    0.0000    0.0000    0.000017238.2129   24.4822
    7.5000    0.0000    0.000016758.0391   24.4775
   -7.5000    7.5000    0.000015708.4102   24.4875
    0.0000    7.5000    0.000016386.1211   24.4943
    7.5000    7.5000    0.000015864.2822   24.4937
   -7.5000   15.0000    0.000014727.5312   24.5158
    0.0000   15.0000    0.000015319.9873   24.5114
    7.5000   15.0000    0.000014775.6641   24.5128
   -7.5000   22.5000    0.000013572.6064   24.5122
    0.0000   22.5000    0.000014102.5332   24.4989
    7.5000   22.5000    0.000013615.2314   24.4987
   -7.5000   30.0000    0.000012343.9941   24.1874
    0.0000   30.0000    0.000012815.2715   24.1783
    7.5000   30.0000    0.000012379.1699   24.1775
   -7.5000   37.5000    0.000011647.5752   24.1946
    0.0000   37.5000    0.000012076.4717   24.1973
    7.5000   37.5000    0.000011646.5068   24.1943
   -7.5000   45.0000    0.000010537.4717   23.7934
    0.0000   45.0000    0.000010899.7637   23.8008
    7.5000   45.0000    0.000010515.3564   23.7922
   -7.5000  -45.0000    7.500011417.5420   24.6768
    0.0000  -45.0000    7.500012159.2480   24.6909
    7.5000  -45.0000    7.500011855.6514   24.6964
   -7.5000  -37.5000    7.500011948.9795   24.5677
    0.0000  -37.5000    7.500012705.0068   24.5774
    7.5000  -37.5000    7.500012370.4971   24.5848
   -7.5000  -30.0000    7.500012841.8525   24.5135
    0.0000  -30.0000    7.500013625.8281   24.5093
    7.5000  -30.0000    7.500013298.2949   24.5166
   -7.5000  -22.5000    7.500013684.4727   24.5016
    0.0000  -22.5000    7.500014457.0000   24.4876
    7.5000  -22.5000    7.500014146.7900   24.4939
   -7.5000  -15.0000    7.500014536.1768   24.4925
    0.0000  -15.0000    7.500015265.2275   24.4840
    7.5000  -15.0000    7.500014899.5049   24.4919
   -7.5000   -7.5000    7.500015335.5283   24.4686
    0.0000   -7.5000    7.500016063.4854   24.4744
    7.5000   -7.5000    7.500015672.8506   24.4824
   -7.5000    0.0000    7.500015827.0244   24.4487
    0.0000    0.0000    7.500016582.7344   24.4631
    7.5000    0.0000    7.500016121.2227   24.4694
   -7.5000    7.5000    7.500015065.4619   24.4541
    0.0000    7.5000    7.500015727.6035   24.4641
    7.5000    7.5000    7.500015204.1631   24.4719
   -7.5000   15.0000    7.500014050.2266   24.4813
    0.0000   15.0000    7.500014675.1162   24.4775
    7.5000   15.0000    7.500014156.9463   24.4851
   -7.5000   22.5000    7.500012929.5625   24.4883
    0.0000   22.5000    7.500013492.1641   24.4745
    7.5000   22.5000    7.500013040.2109   24.4807
   -7.5000   30.0000    7.500011777.6484   24.1765
    0.0000   30.0000    7.500012282.6377   24.1680
    7.5000   30.0000    7.500011862.8711   24.1759
   -7.5000   37.5000    7.500011091.6016   24.1817
    0.0000   37.5000    7.500011568.9219   24.1875
    7.5000   37.5000    7.500011144.9004   24.1957
   -7.5000   45.0000    7.500010001.9785   23.7680
    0.0000   45.0000    7.500010410.7783   23.7799
    7.5000   45.0000    7.500010040.3135   23.7819
   -7.5000  -45.0000   15.000010795.8018   24.7036
    0.0000  -45.0000   15.000011485.0762   24.7125
    7.5000  -45.0000   15.000011199.0684   24.7305
   -7.5000  -37.5000   15.000011311.3096   24.5934
    0.0000  -37.5000   15.000012028.2666   24.6001
    7.5000  -37.5000   15.000011723.6133   24.6199
   -7.5000  -30.0000   15.000012182.9395   24.5484
    0.0000  -30.0000   15.000012928.4795   24.5462
    7.5000  -30.0000   15.000012606.2178   24.5668
   -7.5000  -22.5000   15.000012994.8164   24.5485
    0.0000  -22.5000   15.000013744.6895   24.5384
    7.5000  -22.5000   15.000013401.9316   24.5592
   -7.5000  -15.0000   15.000013796.6641   24.5441
    0.0000  -15.0000   15.000014514.6562   24.5376
    7.5000  -15.0000   15.000014108.4863   24.5593
   -7.5000   -7.5000   15.000014497.9414   24.5091
    0.0000   -7.5000   15.000015244.1816   24.5126
    7.5000   -7.5000   15.000014833.3154   24.5333
   -7.5000    0.0000   15.000014942.6455   24.4751
    0.0000    0.0000   15.000015701.8311   24.4845
    7.5000    0.0000   15.000015292.9229   24.5031
   -7.5000    7.5000   15.000014187.1543   24.4799
    0.0000    7.5000   15.000014873.2520   24.4871
    7.5000    7.5000   15.000014513.5869   24.5072
   -7.5000   15.0000   15.000013210.9307   24.5163
    0.0000   15.0000   15.000013877.5264   24.5144
    7.5000   15.0000   15.000013519.3408   24.5354
   -7.5000   22.5000   15.000012146.7441   24.5352
    0.0000   22.5000   15.000012752.3955   24.5253
    7.5000   22.5000   15.000012408.6299   24.5461
   -7.5000   30.0000   15.000011082.4121   24.2273
    0.0000   30.0000   15.000011629.8486   24.2208
    7.5000   30.0000   15.000011305.5850   24.2423
   -7.5000   37.5000   15.000010437.7100   24.2204
    0.0000   37.5000   15.000010925.7041   24.2240
    7.5000   37.5000   15.000010588.3301   24.2448
   -7.5000   45.0000   15.0000 9397.7490   23.7913
    0.0000   45.0000   15.0000 9817.9824   23.7991
    7.5000   45.0000   15.0000 9512.2588   23.8130
   -7.5000  -45.0000   22.500010076.8057   24.8094
    0.0000  -45.0000   22.500010713.5469   24.8072
    7.5000  -45.0000   22.500010443.1504   24.8242
   -7.5000  -37.5000   22.500010570.0938   24.7095
    0.0000  -37.5000   22.500011248.0752   24.7096
    7.5000  -37.5000   22.500010956.5820   24.7310
   -7.5000  -30.0000   22.500011413.4014   24.6749
    0.0000  -30.0000   22.500012117.4600   24.6734
    7.5000  -30.0000   22.500011816.7930   24.7001
   -7.5000  -22.5000   22.500012207.4385   24.6735
    0.0000  -22.5000   22.500012936.3330   24.6668
    7.5000  -22.5000   22.500012609.2002   24.6955
   -7.5000  -15.0000   22.500012978.6104   24.6583
    0.0000  -15.0000   22.500013731.5645   24.6512
    7.5000  -15.0000   22.500013375.3848   24.6779
   -7.5000   -7.5000   22.500013605.2812   24.6134
    0.0000   -7.5000   22.500014392.3887   24.6095
    7.5000   -7.5000   22.500014038.6533   24.6304
   -7.5000    0.0000   22.500013951.7998   24.5789
    0.0000    0.0000   22.500014768.4229   24.5772
    7.5000    0.0000   22.500014419.8662   24.5948
   -7.5000    7.5000   22.500013227.9326   24.5948
    0.0000    7.5000   22.500013943.1172   24.5955
    7.5000    7.5000   22.500013639.2217   24.6171
   -7.5000   15.0000   22.500012339.9951   24.6425
    0.0000   15.0000   22.500012985.5176   24.6414
    7.5000   15.0000   22.500012683.5078   24.6684
   -7.5000   22.5000   22.500011368.0439   24.6602
    0.0000   22.5000   22.500011969.5596   24.6536
    7.5000   22.5000   22.500011671.9736   24.6823
   -7.5000   30.0000   22.500010367.4141   24.3399
    0.0000   30.0000   22.500010929.9355   24.3329
    7.5000   30.0000   22.500010660.5723   24.3594
   -7.5000   37.5000   22.5000 9759.1670   24.3228
    0.0000   37.5000   22.500010261.8242   24.3193
    7.5000   37.5000   22.5000 9993.9004   24.3404
   -7.5000   45.0000   22.5000 8788.3027   23.8923
    0.0000   45.0000   22.5000 9218.3398   23.8902
    7.5000   45.0000   22.5000 8969.7588   23.9032
   -7.5000  -45.0000   30.0000 9293.2910   24.9600
    0.0000  -45.0000   30.0000 9865.7510   24.9514
    7.5000  -45.0000   30.0000 9609.4277   24.9583
   -7.5000  -37.5000   30.0000 9756.6035   24.8721
    0.0000  -37.5000   30.000010362.1787   24.8675
    7.5000  -37.5000   30.000010099.2656   24.8812
   -7.5000  -30.0000   30.000010567.6094   24.8413
    0.0000  -30.0000   30.000011210.8818   24.8388
    7.5000  -30.0000   30.000010942.3496   24.8613
   -7.5000  -22.5000   30.000011321.6514   24.8293
    0.0000  -22.5000   30.000012002.1191   24.8235
    7.5000  -22.5000   30.000011726.1650   24.8495
   -7.5000  -15.0000   30.000012009.6279   24.7987
    0.0000  -15.0000   30.000012746.5781   24.7915
    7.5000  -15.0000   30.000012436.3506   24.8135
   -7.5000   -7.5000   30.000012582.2988   24.7514
    0.0000   -7.5000   30.000013362.3506   24.7435
    7.5000   -7.5000   30.000013026.5342   24.7558
   -7.5000    0.0000   30.000012900.5840   24.7269
    0.0000    0.0000   30.000013707.7881   24.7187
    7.5000    0.0000   30.000013385.5273   24.7264
   -7.5000    7.5000   30.000012208.1191   24.7555
    0.0000    7.5000   30.000012944.8926   24.7514
    7.5000    7.5000   30.000012663.5547   24.7654
   -7.5000   15.0000   30.000011400.3770   24.8085
    0.0000   15.0000   30.000012046.2812   24.8064
    7.5000   15.0000   30.000011762.1006   24.8290
   -7.5000   22.5000   30.000010508.6729   24.8159
    0.0000   22.5000   30.000011107.6943   24.8103
    7.5000   22.5000   30.000010837.8115   24.8362
   -7.5000   30.0000   30.0000 9580.5850   24.4786
    0.0000   30.0000   30.000010131.6836   24.4715
    7.5000   30.0000   30.0000 9895.8633   24.4932
   -7.5000   37.5000   30.0000 9006.9971   24.4600
    0.0000   37.5000   30.0000 9498.5479   24.4526
    7.5000   37.5000   30.0000 9262.2510   24.4652
   -7.5000   45.0000   30.0000 8103.9395   24.0392
    0.0000   45.0000   30.0000 8527.7500   24.0307
    7.5000   45.0000   30.0000 8307.5488   24.0343
   -7.5000  -45.0000   37.5000 8869.2461   25.3135
    0.0000  -45.0000   37.5000 9436.0098   25.3124
    7.5000  -45.0000   37.5000 9181.5928   25.3091
   -7.5000  -37.5000   37.5000 9318.5098   25.2270
    0.0000  -37.5000   37.5000 9913.7480   25.2273
    7.5000  -37.5000   37.5000 9657.7451   25.2311
   -7.5000  -30.0000   37.500010111.6377   25.1898
    0.0000  -30.0000   37.500010737.9307   25.1871
    7.5000  -30.0000   37.500010459.3535   25.1975
   -7.5000  -22.5000   37.500010838.1523   25.1676
    0.0000  -22.5000   37.500011506.5459   25.1602
    7.5000  -22.5000   37.500011210.4238   25.1717
   -7.5000  -15.0000   37.500011508.4736   25.1341
    0.0000  -15.0000   37.500012223.7471   25.1276
    7.5000  -15.0000   37.500011908.7373   25.1357
   -7.5000   -7.5000   37.500012025.8916   25.0968
    0.0000   -7.5000   37.500012784.1211   25.0938
    7.5000   -7.5000   37.500012466.3359   25.0945
   -7.5000    0.0000   37.500012349.5254   25.0838
    0.0000    0.0000   37.500013121.0957   25.0829
    7.5000    0.0000   37.500012806.9648   25.0804
   -7.5000    7.5000   37.500011691.4424   25.1113
    0.0000    7.5000   37.500012403.3662   25.1120
    7.5000    7.5000   37.500012127.4766   25.1162
   -7.5000   15.0000   37.500010899.8945   25.1559
    0.0000   15.0000   37.500011537.5762   25.1536
    7.5000   15.0000   37.500011289.9102   25.1642
   -7.5000   22.5000   37.500010068.0713   25.1540
    0.0000   22.5000   37.500010660.6318   25.1467
    7.5000   22.5000   37.500010408.0088   25.1582
   -7.5000   30.0000   37.5000 9196.8672   24.8099
    0.0000   30.0000   37.5000 9724.9912   24.8035
    7.5000   30.0000   37.5000 9473.9102   24.8115
   -7.5000   37.5000   37.5000 8641.7686   24.8035
    0.0000   37.5000   37.5000 9110.5840   24.8007
    7.5000   37.5000   37.5000 8873.7285   24.8017
   -7.5000   45.0000   37.5000 7771.5322   24.3923
    0.0000   45.0000   37.5000 8196.1475   24.3898
    7.5000   45.0000   37.5000 7974.3853   24.3834
   -7.5000  -45.0000   45.0000 8110.4741   25.7265
    0.0000  -45.0000   45.0000 8619.7188   25.7416
    7.5000  -45.0000   45.0000 8379.6807   25.7365
   -7.5000  -37.5000   45.0000 8520.5996   25.6313
    0.0000  -37.5000   45.0000 9056.3848   25.6423
    7.5000  -37.5000   45.0000 8802.2529   25.6411
   -7.5000  -30.0000   45.0000 9245.1074   25.5841
    0.0000  -30.0000   45.0000 9822.6289   25.5823
    7.5000  -30.0000   45.0000 9557.8379   25.5831
   -7.5000  -22.5000   45.0000 9913.4082   25.5595
    0.0000  -22.5000   45.000010527.8027   25.5488
    7.5000  -22.5000   45.000010258.3105   25.5484
   -7.5000  -15.0000   45.000010517.2178   25.5349
    0.0000  -15.0000   45.000011145.9854   25.5294
    7.5000  -15.0000   45.000010863.1816   25.5291
   -7.5000   -7.5000   45.000010959.7871   25.5096
    0.0000   -7.5000   45.000011655.1523   25.5171
    7.5000   -7.5000   45.000011352.1533   25.5147
   -7.5000    0.0000   45.000011267.2617   25.5006
    0.0000    0.0000   45.000011960.1973   25.5156
    7.5000    0.0000   45.000011643.7148   25.5114
   -7.5000    7.5000   45.000010676.8477   25.5177
    0.0000    7.5000   45.000011310.0625   25.5289
    7.5000    7.5000   45.000011014.6387   25.5283
   -7.5000   15.0000   45.0000 9968.1260   25.5492
    0.0000   15.0000   45.000010555.6104   25.5479
    7.5000   15.0000   45.000010294.6133   25.5489
   -7.5000   22.5000   45.0000 9201.0137   25.5455
    0.0000   22.5000   45.0000 9755.1816   25.5350
    7.5000   22.5000   45.0000 9501.8926   25.5345
   -7.5000   30.0000   45.0000 8408.4082   25.2034
    0.0000   30.0000   45.0000 8899.2715   25.1980
    7.5000   30.0000   45.0000 8675.3564   25.1977
   -7.5000   37.5000   45.0000 7893.6294   25.2108
    0.0000   37.5000   45.0000 8326.6318   25.2184
    7.5000   37.5000   45.0000 8129.5425   25.2163
   -7.5000   45.0000   45.0000 7095.8374   24.8149
    0.0000   45.0000   45.0000 7489.7461   24.8271
    7.5000   45.0000   45.0000 7306.2759   24.8187

---------------------------------------------------------------------
imgreg_4dfp /opt/freesurfer/average/711-2C_as_mni_average_305 /opt/freesurfer/average/711-2B_as_mni_average_305_mask talsrcimg_g11 none talsrcimg_to_711-2C_as_mni_average_305_t4 4355
---------------------------------------------------------------------

freesurfer imgreg_4dfp.c
/opt/freesurfer/average/711-2C_as_mni_average_305.4dfp.img
       256       256       256         1
  1.000000  1.000000  1.000000
orientation T byte_order littleendian
Reading image: /opt/freesurfer/average/711-2C_as_mni_average_305.4dfp.img
dimensions:      256       256       256
mmppix:       1.0000   -1.0000   -1.0000
center:     128.0000 -129.0000 -129.0000
/opt/freesurfer/average/711-2B_as_mni_average_305_mask.4dfp.img
       256       256       256         1
  1.000000  1.000000  1.000000
orientation T byte_order littleendian
Reading mask: /opt/freesurfer/average/711-2B_as_mni_average_305_mask.4dfp.img (2306576 pixels)
talsrcimg_g11.4dfp.img
       256       256       256         1
  1.000000  1.000000  1.000000
orientation T byte_order littleendian
Reading image: talsrcimg_g11.4dfp.img
dimensions:      256       256       256
mmppix:       1.0000   -1.0000   -1.0000
center:     128.0000 -129.0000 -129.0000
rotation matrix determinant  1.000000
image alignment mode   4355 decimal     1103 hex
   -7.5000  -45.0000  -45.0000 2099.5330   22.9533
    0.0000  -45.0000  -45.0000 2135.8728   22.3013
    7.5000  -45.0000  -45.0000 2150.6599   22.0375
   -7.5000  -37.5000  -45.0000 2176.0566   21.4614
    0.0000  -37.5000  -45.0000 2220.0291   20.8058
    7.5000  -37.5000  -45.0000 2231.7539   20.5396
   -7.5000  -30.0000  -45.0000 2226.7671   20.2907
    0.0000  -30.0000  -45.0000 2268.3914   19.6586
    7.5000  -30.0000  -45.0000 2289.9578   19.3714
   -7.5000  -22.5000  -45.0000 2259.2183   19.5585
    0.0000  -22.5000  -45.0000 2304.5808   18.9296
    7.5000  -22.5000  -45.0000 2327.3999   18.6205
   -7.5000  -15.0000  -45.0000 2271.8945   19.2169
    0.0000  -15.0000  -45.0000 2319.1377   18.5373
    7.5000  -15.0000  -45.0000 2345.5962   18.2433
   -7.5000   -7.5000  -45.0000 2264.6211   19.1795
    0.0000   -7.5000  -45.0000 2311.8940   18.4976
    7.5000   -7.5000  -45.0000 2346.3333   18.1886
   -7.5000    0.0000  -45.0000 2245.6899   19.4086
    0.0000    0.0000  -45.0000 2292.4460   18.7233
    7.5000    0.0000  -45.0000 2331.1140   18.4241
   -7.5000    7.5000  -45.0000 2210.6235   19.9202
    0.0000    7.5000  -45.0000 2261.3042   19.1834
    7.5000    7.5000  -45.0000 2303.8438   18.8344
   -7.5000   15.0000  -45.0000 2160.8757   20.8659
    0.0000   15.0000  -45.0000 2211.2153   20.0078
    7.5000   15.0000  -45.0000 2256.9829   19.6325
   -7.5000   22.5000  -45.0000 2097.0876   22.2873
    0.0000   22.5000  -45.0000 2144.3730   21.3419
    7.5000   22.5000  -45.0000 2188.6123   20.9041
   -7.5000   30.0000  -45.0000 2008.2360   24.1998
    0.0000   30.0000  -45.0000 2055.9990   23.1979
    7.5000   30.0000  -45.0000 2096.4404   22.6956
   -7.5000   37.5000  -45.0000 1905.0892   26.6955
    0.0000   37.5000  -45.0000 1955.6222   25.5875
    7.5000   37.5000  -45.0000 1986.6840   25.0466
   -7.5000   45.0000  -45.0000 1789.0833   30.1667
    0.0000   45.0000  -45.0000 1837.5035   28.8655
    7.5000   45.0000  -45.0000 1865.3818   28.2344
   -7.5000  -45.0000  -37.5000 2183.1023   21.2267
    0.0000  -45.0000  -37.5000 2216.3083   20.6568
    7.5000  -45.0000  -37.5000 2235.4578   20.4424
   -7.5000  -37.5000  -37.5000 2260.9177   19.8000
    0.0000  -37.5000  -37.5000 2301.3157   19.2036
    7.5000  -37.5000  -37.5000 2314.6846   18.9859
   -7.5000  -30.0000  -37.5000 2316.2007   18.7361
    0.0000  -30.0000  -37.5000 2353.4810   18.1246
    7.5000  -30.0000  -37.5000 2372.2498   17.8872
   -7.5000  -22.5000  -37.5000 2350.1902   18.0726
    0.0000  -22.5000  -37.5000 2395.9434   17.4579
    7.5000  -22.5000  -37.5000 2415.7185   17.1865
   -7.5000  -15.0000  -37.5000 2359.9202   17.7821
    0.0000  -15.0000  -37.5000 2413.5557   17.1492
    7.5000  -15.0000  -37.5000 2443.5012   16.8811
   -7.5000   -7.5000  -37.5000 2363.9792   17.7443
    0.0000   -7.5000  -37.5000 2412.8257   17.1577
    7.5000   -7.5000  -37.5000 2451.2769   16.8572
   -7.5000    0.0000  -37.5000 2344.2981   18.0032
    0.0000    0.0000  -37.5000 2392.1030   17.4078
    7.5000    0.0000  -37.5000 2433.7810   17.1094
   -7.5000    7.5000  -37.5000 2304.1523   18.5372
    0.0000    7.5000  -37.5000 2359.3547   17.8589
    7.5000    7.5000  -37.5000 2407.8076   17.6057
   -7.5000   15.0000  -37.5000 2248.9666   19.4196
    0.0000   15.0000  -37.5000 2308.5229   18.6842
    7.5000   15.0000  -37.5000 2356.3110   18.4019
   -7.5000   22.5000  -37.5000 2177.3030   20.7251
    0.0000   22.5000  -37.5000 2233.9380   19.9338
    7.5000   22.5000  -37.5000 2282.0547   19.5719
   -7.5000   30.0000  -37.5000 2083.0371   22.4451
    0.0000   30.0000  -37.5000 2136.0969   21.5724
    7.5000   30.0000  -37.5000 2180.7390   21.1688
   -7.5000   37.5000  -37.5000 1975.1847   24.7398
    0.0000   37.5000  -37.5000 2027.4677   23.7723
    7.5000   37.5000  -37.5000 2056.6099   23.2963
   -7.5000   45.0000  -37.5000 1858.0393   27.8773
    0.0000   45.0000  -37.5000 1904.4021   26.7628
    7.5000   45.0000  -37.5000 1930.3389   26.2411
   -7.5000  -45.0000  -30.0000 2294.6755   20.4577
    0.0000  -45.0000  -30.0000 2333.1335   19.9037
    7.5000  -45.0000  -30.0000 2348.3210   19.7318
   -7.5000  -37.5000  -30.0000 2378.2104   19.0610
    0.0000  -37.5000  -30.0000 2419.3550   18.4478
    7.5000  -37.5000  -30.0000 2434.2053   18.2451
   -7.5000  -30.0000  -30.0000 2435.0671   18.0669
    0.0000  -30.0000  -30.0000 2478.6194   17.4003
    7.5000  -30.0000  -30.0000 2500.3140   17.2118
   -7.5000  -22.5000  -30.0000 2473.2812   17.4438
    0.0000  -22.5000  -30.0000 2523.2710   16.7919
    7.5000  -22.5000  -30.0000 2551.0574   16.5586
   -7.5000  -15.0000  -30.0000 2493.4536   17.1619
    0.0000  -15.0000  -30.0000 2548.9089   16.4924
    7.5000  -15.0000  -30.0000 2584.8403   16.2392
   -7.5000   -7.5000  -30.0000 2501.0537   17.1346
    0.0000   -7.5000  -30.0000 2556.5410   16.4877
    7.5000   -7.5000  -30.0000 2595.2500   16.2239
   -7.5000    0.0000  -30.0000 2483.2532   17.3914
    0.0000    0.0000  -30.0000 2543.3027   16.7758
    7.5000    0.0000  -30.0000 2588.4226   16.5247
   -7.5000    7.5000  -30.0000 2442.7173   17.9383
    0.0000    7.5000  -30.0000 2507.2061   17.3397
    7.5000    7.5000  -30.0000 2559.7468   17.1010
   -7.5000   15.0000  -30.0000 2376.4656   18.8164
    0.0000   15.0000  -30.0000 2447.5410   18.1882
    7.5000   15.0000  -30.0000 2497.4111   17.9517
   -7.5000   22.5000  -30.0000 2290.7358   20.0824
    0.0000   22.5000  -30.0000 2363.0498   19.3798
    7.5000   22.5000  -30.0000 2410.1768   19.0933
   -7.5000   30.0000  -30.0000 2193.6167   21.7380
    0.0000   30.0000  -30.0000 2255.5037   20.9323
    7.5000   30.0000  -30.0000 2296.6631   20.5775
   -7.5000   37.5000  -30.0000 2076.2214   23.9214
    0.0000   37.5000  -30.0000 2131.5291   23.0019
    7.5000   37.5000  -30.0000 2162.7585   22.6116
   -7.5000   45.0000  -30.0000 1949.9915   26.9207
    0.0000   45.0000  -30.0000 1998.0084   25.8324
    7.5000   45.0000  -30.0000 2020.3806   25.3634
   -7.5000  -45.0000  -22.5000 2376.3247   19.6561
    0.0000  -45.0000  -22.5000 2417.5557   19.0347
    7.5000  -45.0000  -22.5000 2431.5159   18.9426
   -7.5000  -37.5000  -22.5000 2457.1296   18.2968
    0.0000  -37.5000  -22.5000 2505.7729   17.6441
    7.5000  -37.5000  -22.5000 2516.1414   17.4963
   -7.5000  -30.0000  -22.5000 2522.1892   17.3670
    0.0000  -30.0000  -22.5000 2571.2183   16.6442
    7.5000  -30.0000  -22.5000 2596.4211   16.4925
   -7.5000  -22.5000  -22.5000 2571.4819   16.8097
    0.0000  -22.5000  -22.5000 2627.6140   16.0747
    7.5000  -22.5000  -22.5000 2659.5269   15.8878
   -7.5000  -15.0000  -22.5000 2597.4404   16.5430
    0.0000  -15.0000  -22.5000 2665.7725   15.7978
    7.5000  -15.0000  -22.5000 2703.8032   15.5314
   -7.5000   -7.5000  -22.5000 2607.4771   16.5190
    0.0000   -7.5000  -22.5000 2674.9575   15.8319
    7.5000   -7.5000  -22.5000 2720.2166   15.5547
   -7.5000    0.0000  -22.5000 2590.8110   16.7964
    0.0000    0.0000  -22.5000 2659.9915   16.1563
    7.5000    0.0000  -22.5000 2707.9634   15.9210
   -7.5000    7.5000  -22.5000 2550.9062   17.3856
    0.0000    7.5000  -22.5000 2628.1040   16.7596
    7.5000    7.5000  -22.5000 2679.6072   16.5582
   -7.5000   15.0000  -22.5000 2473.1519   18.2658
    0.0000   15.0000  -22.5000 2555.2283   17.6323
    7.5000   15.0000  -22.5000 2609.8452   17.4523
   -7.5000   22.5000  -22.5000 2378.8899   19.4459
    0.0000   22.5000  -22.5000 2460.7261   18.7367
    7.5000   22.5000  -22.5000 2510.7039   18.5214
   -7.5000   30.0000  -22.5000 2272.1213   21.0159
    0.0000   30.0000  -22.5000 2340.4182   20.1970
    7.5000   30.0000  -22.5000 2382.8508   19.9012
   -7.5000   37.5000  -22.5000 2151.6511   23.1027
    0.0000   37.5000  -22.5000 2208.5183   22.1864
    7.5000   37.5000  -22.5000 2244.6648   21.8102
   -7.5000   45.0000  -22.5000 2015.6202   25.9692
    0.0000   45.0000  -22.5000 2067.8215   24.9088
    7.5000   45.0000  -22.5000 2096.6672   24.4724
   -7.5000  -45.0000  -15.0000 2423.2405   18.9197
    0.0000  -45.0000  -15.0000 2464.1504   18.2735
    7.5000  -45.0000  -15.0000 2482.0376   18.1896
   -7.5000  -37.5000  -15.0000 2504.9749   17.6198
    0.0000  -37.5000  -15.0000 2554.1855   16.9585
    7.5000  -37.5000  -15.0000 2573.4009   16.8259
   -7.5000  -30.0000  -15.0000 2571.3596   16.7768
    0.0000  -30.0000  -15.0000 2631.2290   16.0509
    7.5000  -30.0000  -15.0000 2659.5933   15.8799
   -7.5000  -22.5000  -15.0000 2632.1636   16.2630
    0.0000  -22.5000  -15.0000 2696.1038   15.4764
    7.5000  -22.5000  -15.0000 2734.2866   15.2875
   -7.5000  -15.0000  -15.0000 2667.3669   15.9961
    0.0000  -15.0000  -15.0000 2746.8860   15.2043
    7.5000  -15.0000  -15.0000 2790.7495   14.9626
   -7.5000   -7.5000  -15.0000 2680.3940   16.0089
    0.0000   -7.5000  -15.0000 2765.8101   15.2650
    7.5000   -7.5000  -15.0000 2819.5022   14.9745
   -7.5000    0.0000  -15.0000 2665.6533   16.3028
    0.0000    0.0000  -15.0000 2750.5947   15.6250
    7.5000    0.0000  -15.0000 2806.7793   15.3750
   -7.5000    7.5000  -15.0000 2618.8574   16.9429
    0.0000    7.5000  -15.0000 2710.3889   16.2835
    7.5000    7.5000  -15.0000 2765.1362   16.0041
   -7.5000   15.0000  -15.0000 2528.5525   17.8216
    0.0000   15.0000  -15.0000 2621.9673   17.1381
    7.5000   15.0000  -15.0000 2676.9382   16.9206
   -7.5000   22.5000  -15.0000 2431.4661   18.8844
    0.0000   22.5000  -15.0000 2514.3777   18.1948
    7.5000   22.5000  -15.0000 2567.4158   17.9470
   -7.5000   30.0000  -15.0000 2316.6113   20.3869
    0.0000   30.0000  -15.0000 2389.2109   19.5745
    7.5000   30.0000  -15.0000 2434.1746   19.2468
   -7.5000   37.5000  -15.0000 2194.5032   22.3947
    0.0000   37.5000  -15.0000 2255.5967   21.5008
    7.5000   37.5000  -15.0000 2291.5137   21.1167
   -7.5000   45.0000  -15.0000 2054.7283   25.1025
    0.0000   45.0000  -15.0000 2107.9700   24.1368
    7.5000   45.0000  -15.0000 2140.5479   23.7006
   -7.5000  -45.0000   -7.5000 2453.1768   18.4678
    0.0000  -45.0000   -7.5000 2489.0720   17.8463
    7.5000  -45.0000   -7.5000 2507.4463   17.6998
   -7.5000  -37.5000   -7.5000 2535.1226   17.1709
    0.0000  -37.5000   -7.5000 2585.3477   16.5026
    7.5000  -37.5000   -7.5000 2607.5171   16.3556
   -7.5000  -30.0000   -7.5000 2603.7271   16.3194
    0.0000  -30.0000   -7.5000 2667.8069   15.6119
    7.5000  -30.0000   -7.5000 2701.3340   15.4362
   -7.5000  -22.5000   -7.5000 2665.9998   15.7973
    0.0000  -22.5000   -7.5000 2739.1262   15.0454
    7.5000  -22.5000   -7.5000 2781.3616   14.8418
   -7.5000  -15.0000   -7.5000 2707.6777   15.5244
    0.0000  -15.0000   -7.5000 2796.0386   14.7826
    7.5000  -15.0000   -7.5000 2851.1321   14.5603
   -7.5000   -7.5000   -7.5000 2724.5232   15.5427
    0.0000   -7.5000   -7.5000 2825.9231   14.8115
    7.5000   -7.5000   -7.5000 2892.0764   14.5277
   -7.5000    0.0000   -7.5000 2708.5068   15.8683
    0.0000    0.0000   -7.5000 2810.9221   15.1823
    7.5000    0.0000   -7.5000 2873.8989   14.8999
   -7.5000    7.5000   -7.5000 2661.3511   16.4795
    0.0000    7.5000   -7.5000 2761.6890   15.8178
    7.5000    7.5000   -7.5000 2815.1130   15.5557
   -7.5000   15.0000   -7.5000 2570.0615   17.3149
    0.0000   15.0000   -7.5000 2657.1294   16.6395
    7.5000   15.0000   -7.5000 2714.1453   16.3622
   -7.5000   22.5000   -7.5000 2465.4243   18.3781
    0.0000   22.5000   -7.5000 2544.6660   17.6835
    7.5000   22.5000   -7.5000 2594.1316   17.4015
   -7.5000   30.0000   -7.5000 2339.2383   19.8687
    0.0000   30.0000   -7.5000 2410.9915   19.0822
    7.5000   30.0000   -7.5000 2454.0479   18.7077
   -7.5000   37.5000   -7.5000 2214.9346   21.8741
    0.0000   37.5000   -7.5000 2274.8228   20.9924
    7.5000   37.5000   -7.5000 2308.7676   20.5534
   -7.5000   45.0000   -7.5000 2075.3770   24.4993
    0.0000   45.0000   -7.5000 2128.0222   23.5073
    7.5000   45.0000   -7.5000 2158.3167   23.0549
   -7.5000  -45.0000    0.0000 2469.3628   18.3471
    0.0000  -45.0000    0.0000 2511.3164   17.7187
    7.5000  -45.0000    0.0000 2524.0598   17.5428
   -7.5000  -37.5000    0.0000 2546.9124   16.9778
    0.0000  -37.5000    0.0000 2601.2546   16.3356
    7.5000  -37.5000    0.0000 2618.7852   16.1838
   -7.5000  -30.0000    0.0000 2614.3167   16.0925
    0.0000  -30.0000    0.0000 2681.6902   15.4258
    7.5000  -30.0000    0.0000 2711.6855   15.2651
   -7.5000  -22.5000    0.0000 2675.8511   15.5749
    0.0000  -22.5000    0.0000 2749.0483   14.8796
    7.5000  -22.5000    0.0000 2798.7415   14.6836
   -7.5000  -15.0000    0.0000 2720.2205   15.3250
    0.0000  -15.0000    0.0000 2812.3191   14.6009
    7.5000  -15.0000    0.0000 2869.4019   14.4258
   -7.5000   -7.5000    0.0000 2743.7048   15.3916
    0.0000   -7.5000    0.0000 2850.0500   14.6448
    7.5000   -7.5000    0.0000 2914.2793   14.4246
   -7.5000    0.0000    0.0000 2726.2715   15.7084
    0.0000    0.0000    0.0000 2843.3657   14.9759
    7.5000    0.0000    0.0000 2907.1406   14.7504
   -7.5000    7.5000    0.0000 2670.4922   16.2980
    0.0000    7.5000    0.0000 2776.8650   15.6062
    7.5000    7.5000    0.0000 2829.3467   15.3357
   -7.5000   15.0000    0.0000 2578.9622   17.1132
    0.0000   15.0000    0.0000 2669.4961   16.4167
    7.5000   15.0000    0.0000 2716.3596   16.1241
   -7.5000   22.5000    0.0000 2467.0823   18.1800
    0.0000   22.5000    0.0000 2544.2791   17.4434
    7.5000   22.5000    0.0000 2593.6030   17.1086
   -7.5000   30.0000    0.0000 2342.8508   19.6463
    0.0000   30.0000    0.0000 2407.4067   18.8325
    7.5000   30.0000    0.0000 2449.8682   18.4486
   -7.5000   37.5000    0.0000 2214.7966   21.6470
    0.0000   37.5000    0.0000 2268.5312   20.7261
    7.5000   37.5000    0.0000 2303.6626   20.3217
   -7.5000   45.0000    0.0000 2075.1074   24.2349
    0.0000   45.0000    0.0000 2118.5125   23.2284
    7.5000   45.0000    0.0000 2149.2080   22.7957
   -7.5000  -45.0000    7.5000 2472.1733   18.5077
    0.0000  -45.0000    7.5000 2520.5764   17.8684
    7.5000  -45.0000    7.5000 2534.4099   17.6815
   -7.5000  -37.5000    7.5000 2547.9666   17.0807
    0.0000  -37.5000    7.5000 2609.3323   16.4606
    7.5000  -37.5000    7.5000 2625.8826   16.2945
   -7.5000  -30.0000    7.5000 2611.8906   16.1477
    0.0000  -30.0000    7.5000 2682.6226   15.5210
    7.5000  -30.0000    7.5000 2713.4780   15.3353
   -7.5000  -22.5000    7.5000 2670.1240   15.6258
    0.0000  -22.5000    7.5000 2747.4949   14.9641
    7.5000  -22.5000    7.5000 2796.3489   14.7621
   -7.5000  -15.0000    7.5000 2717.2625   15.3978
    0.0000  -15.0000    7.5000 2801.1079   14.6981
    7.5000  -15.0000    7.5000 2855.6624   14.4698
   -7.5000   -7.5000    7.5000 2738.4600   15.4995
    0.0000   -7.5000    7.5000 2834.6052   14.7629
    7.5000   -7.5000    7.5000 2887.0278   14.5615
   -7.5000    0.0000    7.5000 2714.4739   15.8518
    0.0000    0.0000    7.5000 2815.7893   15.1497
    7.5000    0.0000    7.5000 2871.2512   14.9360
   -7.5000    7.5000    7.5000 2659.3955   16.4345
    0.0000    7.5000    7.5000 2746.2583   15.7532
    7.5000    7.5000    7.5000 2795.9846   15.4915
   -7.5000   15.0000    7.5000 2564.8667   17.2111
    0.0000   15.0000    7.5000 2648.5178   16.4945
    7.5000   15.0000    7.5000 2693.4602   16.2073
   -7.5000   22.5000    7.5000 2449.2883   18.2904
    0.0000   22.5000    7.5000 2524.5759   17.5243
    7.5000   22.5000    7.5000 2570.4009   17.2064
   -7.5000   30.0000    7.5000 2327.1809   19.7603
    0.0000   30.0000    7.5000 2387.1804   18.9734
    7.5000   30.0000    7.5000 2421.3982   18.5882
   -7.5000   37.5000    7.5000 2200.0374   21.7428
    0.0000   37.5000    7.5000 2252.7617   20.8916
    7.5000   37.5000    7.5000 2280.7424   20.4710
   -7.5000   45.0000    7.5000 2057.4338   24.2739
    0.0000   45.0000    7.5000 2100.2908   23.3389
    7.5000   45.0000    7.5000 2123.7354   22.8969
   -7.5000  -45.0000   15.0000 2458.0876   18.9163
    0.0000  -45.0000   15.0000 2506.7332   18.2518
    7.5000  -45.0000   15.0000 2520.4451   18.0624
   -7.5000  -37.5000   15.0000 2536.2224   17.4589
    0.0000  -37.5000   15.0000 2595.7214   16.8374
    7.5000  -37.5000   15.0000 2612.7009   16.6181
   -7.5000  -30.0000   15.0000 2597.0959   16.5027
    0.0000  -30.0000   15.0000 2667.0127   15.8764
    7.5000  -30.0000   15.0000 2692.1450   15.6649
   -7.5000  -22.5000   15.0000 2648.1733   15.9557
    0.0000  -22.5000   15.0000 2724.8376   15.2953
    7.5000  -22.5000   15.0000 2763.5117   15.0820
   -7.5000  -15.0000   15.0000 2687.6003   15.7312
    0.0000  -15.0000   15.0000 2762.1138   15.0610
    7.5000  -15.0000   15.0000 2804.3472   14.8164
   -7.5000   -7.5000   15.0000 2693.1274   15.8636
    0.0000   -7.5000   15.0000 2777.8582   15.1997
    7.5000   -7.5000   15.0000 2817.3906   14.9715
   -7.5000    0.0000   15.0000 2665.0623   16.2369
    0.0000    0.0000   15.0000 2746.9297   15.6008
    7.5000    0.0000   15.0000 2785.3225   15.3421
   -7.5000    7.5000   15.0000 2610.3691   16.8388
    0.0000    7.5000   15.0000 2678.4033   16.1710
    7.5000    7.5000   15.0000 2720.0244   15.9472
   -7.5000   15.0000   15.0000 2514.7629   17.6567
    0.0000   15.0000   15.0000 2587.3254   16.9661
    7.5000   15.0000   15.0000 2625.4514   16.7326
   -7.5000   22.5000   15.0000 2405.3103   18.7862
    0.0000   22.5000   15.0000 2474.6248   18.0287
    7.5000   22.5000   15.0000 2511.3018   17.7547
   -7.5000   30.0000   15.0000 2286.1653   20.2296
    0.0000   30.0000   15.0000 2346.2668   19.4340
    7.5000   30.0000   15.0000 2381.2253   19.0980
   -7.5000   37.5000   15.0000 2161.8357   22.1413
    0.0000   37.5000   15.0000 2212.4734   21.2867
    7.5000   37.5000   15.0000 2239.1672   20.9160
   -7.5000   45.0000   15.0000 2022.0619   24.6255
    0.0000   45.0000   15.0000 2062.2258   23.6983
    7.5000   45.0000   15.0000 2087.2998   23.2625
   -7.5000  -45.0000   22.5000 2428.5842   19.5985
    0.0000  -45.0000   22.5000 2471.4170   18.9678
    7.5000  -45.0000   22.5000 2488.7715   18.7076
   -7.5000  -37.5000   22.5000 2503.0344   18.1366
    0.0000  -37.5000   22.5000 2558.4001   17.5154
    7.5000  -37.5000   22.5000 2577.1045   17.2592
   -7.5000  -30.0000   22.5000 2565.7615   17.1335
    0.0000  -30.0000   22.5000 2628.5833   16.5288
    7.5000  -30.0000   22.5000 2655.2280   16.2725
   -7.5000  -22.5000   22.5000 2611.3813   16.5711
    0.0000  -22.5000   22.5000 2684.2383   15.9533
    7.5000  -22.5000   22.5000 2713.6399   15.7053
   -7.5000  -15.0000   22.5000 2640.0237   16.3529
    0.0000  -15.0000   22.5000 2711.5833   15.7263
    7.5000  -15.0000   22.5000 2741.4490   15.5053
   -7.5000   -7.5000   22.5000 2638.6221   16.4690
    0.0000   -7.5000   22.5000 2707.7871   15.8716
    7.5000   -7.5000   22.5000 2737.0259   15.6431
   -7.5000    0.0000   22.5000 2594.6956   16.8266
    0.0000    0.0000   22.5000 2663.1768   16.2535
    7.5000    0.0000   22.5000 2695.6628   16.0054
   -7.5000    7.5000   22.5000 2543.4514   17.4608
    0.0000    7.5000   22.5000 2598.6731   16.8360
    7.5000    7.5000   22.5000 2630.0610   16.6248
   -7.5000   15.0000   22.5000 2458.6658   18.3344
    0.0000   15.0000   22.5000 2512.8811   17.6765
    7.5000   15.0000   22.5000 2538.8625   17.4508
   -7.5000   22.5000   22.5000 2356.5400   19.5549
    0.0000   22.5000   22.5000 2412.2578   18.7716
    7.5000   22.5000   22.5000 2434.0923   18.5549
   -7.5000   30.0000   22.5000 2238.6602   21.0057
    0.0000   30.0000   22.5000 2290.1870   20.2526
    7.5000   30.0000   22.5000 2314.5640   19.9646
   -7.5000   37.5000   22.5000 2116.3044   22.8933
    0.0000   37.5000   22.5000 2161.4065   22.0979
    7.5000   37.5000   22.5000 2181.9060   21.7510
   -7.5000   45.0000   22.5000 1983.1720   25.4181
    0.0000   45.0000   22.5000 2020.9545   24.4623
    7.5000   45.0000   22.5000 2040.2960   24.1142
   -7.5000  -45.0000   30.0000 2377.9990   20.5462
    0.0000  -45.0000   30.0000 2419.7698   19.9387
    7.5000  -45.0000   30.0000 2432.9048   19.6589
   -7.5000  -37.5000   30.0000 2451.9597   19.0806
    0.0000  -37.5000   30.0000 2502.8381   18.4592
    7.5000  -37.5000   30.0000 2520.8250   18.2268
   -7.5000  -30.0000   30.0000 2514.7148   18.0637
    0.0000  -30.0000   30.0000 2570.1121   17.4819
    7.5000  -30.0000   30.0000 2591.4382   17.2791
   -7.5000  -22.5000   30.0000 2556.5520   17.4488
    0.0000  -22.5000   30.0000 2614.1956   16.8785
    7.5000  -22.5000   30.0000 2642.0710   16.6833
   -7.5000  -15.0000   30.0000 2574.2781   17.1838
    0.0000  -15.0000   30.0000 2633.7905   16.6187
    7.5000  -15.0000   30.0000 2658.9304   16.4221
   -7.5000   -7.5000   30.0000 2563.6919   17.2939
    0.0000   -7.5000   30.0000 2623.4895   16.7357
    7.5000   -7.5000   30.0000 2644.6460   16.5495
   -7.5000    0.0000   30.0000 2517.0664   17.6874
    0.0000    0.0000   30.0000 2577.3655   17.1153
    7.5000    0.0000   30.0000 2600.4883   16.9269
   -7.5000    7.5000   30.0000 2458.3032   18.3702
    0.0000    7.5000   30.0000 2510.1946   17.7924
    7.5000    7.5000   30.0000 2536.9788   17.6000
   -7.5000   15.0000   30.0000 2382.3906   19.2996
    0.0000   15.0000   30.0000 2428.5125   18.6443
    7.5000   15.0000   30.0000 2447.1296   18.4797
   -7.5000   22.5000   30.0000 2293.0405   20.5443
    0.0000   22.5000   30.0000 2337.4980   19.7966
    7.5000   22.5000   30.0000 2353.4836   19.5799
   -7.5000   30.0000   30.0000 2183.1550   22.0282
    0.0000   30.0000   30.0000 2226.0171   21.2706
    7.5000   30.0000   30.0000 2246.6702   20.9745
   -7.5000   37.5000   30.0000 2064.1855   23.9401
    0.0000   37.5000   30.0000 2100.5056   23.1446
    7.5000   37.5000   30.0000 2122.2734   22.7748
   -7.5000   45.0000   30.0000 1935.9658   26.4709
    0.0000   45.0000   30.0000 1964.6051   25.5807
    7.5000   45.0000   30.0000 1986.9734   25.2589
   -7.5000  -45.0000   37.5000 2317.3274   21.8116
    0.0000  -45.0000   37.5000 2360.8096   21.2440
    7.5000  -45.0000   37.5000 2371.5361   21.0203
   -7.5000  -37.5000   37.5000 2390.8113   20.2692
    0.0000  -37.5000   37.5000 2436.1958   19.7370
    7.5000  -37.5000   37.5000 2450.9072   19.5365
   -7.5000  -30.0000   37.5000 2450.1682   19.2267
    0.0000  -30.0000   37.5000 2494.6997   18.7012
    7.5000  -30.0000   37.5000 2516.0574   18.5132
   -7.5000  -22.5000   37.5000 2486.4182   18.5815
    0.0000  -22.5000   37.5000 2535.4822   18.0189
    7.5000  -22.5000   37.5000 2557.6089   17.8460
   -7.5000  -15.0000   37.5000 2497.9949   18.3052
    0.0000  -15.0000   37.5000 2546.7600   17.7634
    7.5000  -15.0000   37.5000 2568.1309   17.5909
   -7.5000   -7.5000   37.5000 2476.8665   18.4161
    0.0000   -7.5000   37.5000 2528.3826   17.8721
    7.5000   -7.5000   37.5000 2548.0310   17.7083
   -7.5000    0.0000   37.5000 2431.6531   18.8142
    0.0000    0.0000   37.5000 2483.0276   18.2559
    7.5000    0.0000   37.5000 2504.0850   18.1146
   -7.5000    7.5000   37.5000 2371.9827   19.5126
    0.0000    7.5000   37.5000 2418.1042   18.9702
    7.5000    7.5000   37.5000 2444.1848   18.8049
   -7.5000   15.0000   37.5000 2297.2815   20.5203
    0.0000   15.0000   37.5000 2339.4363   19.8909
    7.5000   15.0000   37.5000 2367.6345   19.7571
   -7.5000   22.5000   37.5000 2215.1411   21.8027
    0.0000   22.5000   37.5000 2257.9861   21.0869
    7.5000   22.5000   37.5000 2278.2473   20.8721
   -7.5000   30.0000   37.5000 2118.8069   23.3793
    0.0000   30.0000   37.5000 2155.7639   22.6017
    7.5000   30.0000   37.5000 2173.4285   22.2669
   -7.5000   37.5000   37.5000 2008.2427   25.3481
    0.0000   37.5000   37.5000 2035.4785   24.5297
    7.5000   37.5000   37.5000 2055.5679   24.1621
   -7.5000   45.0000   37.5000 1885.3840   27.8695
    0.0000   45.0000   37.5000 1907.4370   27.0571
    7.5000   45.0000   37.5000 1922.8196   26.6789
   -7.5000  -45.0000   45.0000 2252.4517   23.3650
    0.0000  -45.0000   45.0000 2286.5869   22.8409
    7.5000  -45.0000   45.0000 2295.9006   22.6233
   -7.5000  -37.5000   45.0000 2321.4731   21.7682
    0.0000  -37.5000   45.0000 2357.3730   21.2710
    7.5000  -37.5000   45.0000 2369.2078   21.0403
   -7.5000  -30.0000   45.0000 2374.1428   20.6723
    0.0000  -30.0000   45.0000 2416.5674   20.1697
    7.5000  -30.0000   45.0000 2432.6565   19.9663
   -7.5000  -22.5000   45.0000 2403.4180   19.9688
    0.0000  -22.5000   45.0000 2449.6011   19.4394
    7.5000  -22.5000   45.0000 2469.3440   19.2826
   -7.5000  -15.0000   45.0000 2405.5627   19.6847
    0.0000  -15.0000   45.0000 2445.4592   19.1344
    7.5000  -15.0000   45.0000 2464.2678   18.9755
   -7.5000   -7.5000   45.0000 2376.0732   19.8015
    0.0000   -7.5000   45.0000 2419.1443   19.2647
    7.5000   -7.5000   45.0000 2438.1560   19.1043
   -7.5000    0.0000   45.0000 2332.6257   20.2722
    0.0000    0.0000   45.0000 2372.3779   19.6993
    7.5000    0.0000   45.0000 2389.3240   19.5302
   -7.5000    7.5000   45.0000 2274.8552   21.0389
    0.0000    7.5000   45.0000 2313.6389   20.4380
    7.5000    7.5000   45.0000 2330.2285   20.2305
   -7.5000   15.0000   45.0000 2208.9072   22.0856
    0.0000   15.0000   45.0000 2247.9199   21.4701
    7.5000   15.0000   45.0000 2268.4211   21.2637
   -7.5000   22.5000   45.0000 2129.9670   23.3896
    0.0000   22.5000   45.0000 2170.8228   22.7396
    7.5000   22.5000   45.0000 2187.2202   22.5125
   -7.5000   30.0000   45.0000 2039.1703   25.0216
    0.0000   30.0000   45.0000 2070.2224   24.3104
    7.5000   30.0000   45.0000 2092.4185   23.9440
   -7.5000   37.5000   45.0000 1937.3442   27.0308
    0.0000   37.5000   45.0000 1959.1820   26.2919
    7.5000   37.5000   45.0000 1982.6621   25.9091
   -7.5000   45.0000   45.0000 1816.6949   29.6373
    0.0000   45.0000   45.0000 1835.8950   28.8425
    7.5000   45.0000   45.0000 1855.2422   28.4478

---------------------------------------------------------------------
imgreg_4dfp /opt/freesurfer/average/711-2C_as_mni_average_305 /opt/freesurfer/average/711-2B_as_mni_average_305_mask talsrcimg_g11 none talsrcimg_to_711-2C_as_mni_average_305_t4 1283
---------------------------------------------------------------------

freesurfer imgreg_4dfp.c
/opt/freesurfer/average/711-2C_as_mni_average_305.4dfp.img
       256       256       256         1
  1.000000  1.000000  1.000000
orientation T byte_order littleendian
Reading image: /opt/freesurfer/average/711-2C_as_mni_average_305.4dfp.img
dimensions:      256       256       256
mmppix:       1.0000   -1.0000   -1.0000
center:     128.0000 -129.0000 -129.0000
/opt/freesurfer/average/711-2B_as_mni_average_305_mask.4dfp.img
       256       256       256         1
  1.000000  1.000000  1.000000
orientation T byte_order littleendian
Reading mask: /opt/freesurfer/average/711-2B_as_mni_average_305_mask.4dfp.img (2306576 pixels)
talsrcimg_g11.4dfp.img
       256       256       256         1
  1.000000  1.000000  1.000000
orientation T byte_order littleendian
Reading image: talsrcimg_g11.4dfp.img
dimensions:      256       256       256
mmppix:       1.0000   -1.0000   -1.0000
center:     128.0000 -129.0000 -129.0000
rotation matrix determinant  1.000000
fimgreg.f
image alignment mode   1283 decimal      503 hex
parameters
    7.5000   -7.5000    0.0000    0.0000    0.0000    0.0000
eta,q 0.91367 14.41025
niter,ni,del,rscale     5    3   12.0000    1.2000
parameter  5 -0.992786 -> -0.500000 qaram    1.1500
parameter  6  2.072167 ->  0.500000 qaram    1.1500
parameters
    8.7360   -5.2919   -1.1904   -0.8021    3.4500   -3.4500
eta,q 0.92186 14.44059
  0.0963  0.0985  0.0883  0.0857  0.0906  0.0769
  0.0900  0.0938  0.0854  0.0844  0.0881  0.0778
  0.0870  0.0885  0.0838  0.0834  0.0852  0.0793
  0.0849  0.0848  0.0839  0.0834  0.0833  0.0815
  0.0851  0.0839  0.0860  0.0838  0.0822  0.0842
  0.0868  0.0851  0.0891  0.0855  0.0813  0.0867
  0.0892  0.0876  0.0938  0.0877  0.0811  0.0893
niter,ni,del,rscale     6    3   12.0000    1.2000
parameters
    7.3660   -4.4169   -1.1562   -0.2535    4.8762   -6.4494
eta,q 0.92439 14.36505
  0.0845  0.0895  0.0867  0.0827  0.0866  0.0772
  0.0795  0.0843  0.0815  0.0797  0.0830  0.0762
  0.0770  0.0797  0.0777  0.0777  0.0792  0.0755
  0.0781  0.0769  0.0769  0.0769  0.0768  0.0763
  0.0822  0.0776  0.0781  0.0769  0.0764  0.0785
  0.0867  0.0805  0.0812  0.0781  0.0782  0.0824
  0.0924  0.0842  0.0864  0.0811  0.0816  0.0857
niter,ni,del,rscale     5    3   12.0000    1.2000
parameters
    7.0065   -3.9688   -1.1561    0.2970    4.7760   -7.3497
eta,q 0.92410 14.37212
  0.0870  0.0861  0.0859  0.0813  0.0834  0.0784
  0.0806  0.0815  0.0805  0.0787  0.0796  0.0774
  0.0768  0.0769  0.0767  0.0769  0.0765  0.0764
  0.0756  0.0756  0.0759  0.0759  0.0757  0.0757
  0.0781  0.0778  0.0768  0.0750  0.0770  0.0759
  0.0830  0.0796  0.0805  0.0764  0.0801  0.0779
  0.0897  0.0831  0.0858  0.0804  0.0836  0.0819
niter,ni,del,rscale     4    3   12.0000    1.2000
parameters
    6.9342   -3.9906   -1.1679    0.3820    4.6350   -7.5223
eta,q 0.92412 14.37392
  0.0876  0.0850  0.0858  0.0807  0.0829  0.0787
  0.0814  0.0804  0.0803  0.0782  0.0795  0.0777
  0.0773  0.0763  0.0765  0.0768  0.0765  0.0767
  0.0759  0.0759  0.0759  0.0759  0.0758  0.0758
  0.0776  0.0779  0.0768  0.0752  0.0773  0.0756
  0.0819  0.0802  0.0804  0.0774  0.0800  0.0769
  0.0881  0.0848  0.0857  0.0813  0.0832  0.0802
niter,ni,del,rscale     3    3   12.0000    1.2000
parameters
    6.9454   -3.9969   -1.1756    0.3911    4.5672   -7.5381
eta,q 0.92413 14.37445
  0.0880  0.0851  0.0857  0.0806  0.0829  0.0788
  0.0816  0.0806  0.0802  0.0781  0.0797  0.0778
  0.0774  0.0764  0.0765  0.0768  0.0766  0.0767
  0.0759  0.0759  0.0759  0.0759  0.0759  0.0759
  0.0774  0.0778  0.0768  0.0752  0.0772  0.0756
  0.0816  0.0803  0.0804  0.0776  0.0798  0.0767
  0.0878  0.0849  0.0857  0.0814  0.0831  0.0799
registration optimization eta report
parameter search radius
    6.0000    6.0000    6.0000    6.0000    6.9000    6.9000
100000*second partial in parameter space
       33.       25.       28.       15.       15.        7.
  0.0880  0.0851  0.0857  0.0806  0.0829  0.0788
  0.0816  0.0806  0.0802  0.0781  0.0797  0.0778
  0.0774  0.0764  0.0765  0.0768  0.0766  0.0767
  0.0759  0.0759  0.0759  0.0759  0.0759  0.0759
  0.0774  0.0778  0.0768  0.0752  0.0772  0.0756
  0.0816  0.0803  0.0804  0.0776  0.0798  0.0767
  0.0878  0.0849  0.0857  0.0814  0.0831  0.0799
    6.9454   -3.9969   -1.1756    0.3911    4.5672   -7.5381
eta,q 0.92413 14.37445

---------------------------------------------------------------------
imgreg_4dfp /opt/freesurfer/average/711-2C_as_mni_average_305 /opt/freesurfer/average/711-2B_as_mni_average_305_mask talsrcimg_g11 none talsrcimg_to_711-2C_as_mni_average_305_t4 3335
---------------------------------------------------------------------

freesurfer imgreg_4dfp.c
/opt/freesurfer/average/711-2C_as_mni_average_305.4dfp.img
       256       256       256         1
  1.000000  1.000000  1.000000
orientation T byte_order littleendian
Reading image: /opt/freesurfer/average/711-2C_as_mni_average_305.4dfp.img
dimensions:      256       256       256
mmppix:       1.0000   -1.0000   -1.0000
center:     128.0000 -129.0000 -129.0000
/opt/freesurfer/average/711-2B_as_mni_average_305_mask.4dfp.img
       256       256       256         1
  1.000000  1.000000  1.000000
orientation T byte_order littleendian
Reading mask: /opt/freesurfer/average/711-2B_as_mni_average_305_mask.4dfp.img (2306576 pixels)
talsrcimg_g11.4dfp.img
       256       256       256         1
  1.000000  1.000000  1.000000
orientation T byte_order littleendian
Reading image: talsrcimg_g11.4dfp.img
dimensions:      256       256       256
mmppix:       1.0000   -1.0000   -1.0000
center:     128.0000 -129.0000 -129.0000
fimgreg.f
image alignment mode   3335 decimal      D07 hex
parameters
    6.9454   -3.9969   -1.1756   -1.1790   -0.8594   -0.3199
   13.0644   -7.9833  -13.0769    0.3679    7.9628    0.6804
eta,q 0.92096 14.51522
niter,ni,del,rscale     5    3    5.0000    1.2000
parameter  4  2.774796 ->  0.500000 qaram    1.1500
parameter  5  2.905668 ->  0.500000 qaram    1.1500
parameter  6  1.826985 ->  0.500000 qaram    1.1500
parameter  9 -0.669989 -> -0.500000 qaram    1.1500
parameter 11  0.936549 ->  0.500000 qaram    1.1500
parameter 12  1.433580 ->  0.500000 qaram    1.1500
parameters
    6.5358   -3.3813   -0.5476   -5.3190   -4.9994   -4.4599
   11.9480   -7.6683   -8.9369   -1.9695    3.8228   -3.4596
eta,q 0.93980 13.17136
  0.0804  0.0807  0.0805  0.0686  0.0655  0.0594  0.0640  0.0665  0.0649  0.0629  0.0613  0.0599
  0.0795  0.0799  0.0796  0.0715  0.0674  0.0619  0.0631  0.0645  0.0639  0.0621  0.0613  0.0601
  0.0791  0.0793  0.0792  0.0748  0.0697  0.0647  0.0626  0.0631  0.0631  0.0619  0.0615  0.0606
  0.0790  0.0790  0.0789  0.0788  0.0723  0.0680  0.0626  0.0626  0.0626  0.0621  0.0619  0.0613
  0.0795  0.0789  0.0788  0.0833  0.0752  0.0720  0.0631  0.0629  0.0622  0.0628  0.0624  0.0623
  0.0805  0.0791  0.0789  0.0881  0.0784  0.0771  0.0640  0.0640  0.0621  0.0640  0.0630  0.0633
  0.0819  0.0796  0.0794  0.0935  0.0819  0.0829  0.0653  0.0659  0.0622  0.0655  0.0639  0.0644
niter,ni,del,rscale     7    3    5.0000    1.2000
parameter  4  1.605469 ->  0.500000 qaram    1.3225
parameter  5  1.483300 ->  0.500000 qaram    1.3225
parameter  6  1.188571 ->  0.500000 qaram    1.3225
parameters
    6.6160   -2.3984   -1.4688  -10.0800   -9.7604   -9.2209
   11.5975   -7.6118   -8.0933   -0.7556    3.0919   -7.3892
eta,q 0.95387 12.27315
  0.0626  0.0625  0.0602  0.0527  0.0501  0.0460  0.0486  0.0505  0.0484  0.0499  0.0476  0.0466
  0.0613  0.0615  0.0599  0.0543  0.0511  0.0463  0.0475  0.0484  0.0475  0.0483  0.0469  0.0462
  0.0605  0.0607  0.0598  0.0567  0.0526  0.0483  0.0468  0.0470  0.0469  0.0471  0.0466  0.0462
  0.0602  0.0602  0.0600  0.0598  0.0548  0.0514  0.0466  0.0466  0.0466  0.0466  0.0465  0.0465
  0.0604  0.0600  0.0604  0.0636  0.0576  0.0552  0.0469  0.0471  0.0466  0.0466  0.0467  0.0470
  0.0611  0.0601  0.0611  0.0682  0.0609  0.0597  0.0477  0.0484  0.0471  0.0472  0.0472  0.0478
  0.0623  0.0605  0.0620  0.0733  0.0645  0.0649  0.0490  0.0504  0.0478  0.0482  0.0480  0.0489
niter,ni,del,rscale     7    3    5.0000    1.2000
parameter  2 -1.404871 -> -0.500000 qaram    1.1500
parameter  3  0.675612 ->  0.500000 qaram    1.1500
parameter  4  0.552633 ->  0.500000 qaram    1.5209
parameter  5  0.680037 ->  0.500000 qaram    1.5209
parameter  6  0.543501 ->  0.500000 qaram    1.5209
parameter 10 -0.632117 -> -0.500000 qaram    1.1500
parameters
    7.0463   -1.0184   -2.8488  -15.5551  -15.2355  -14.6960
   11.6119   -6.8312   -9.4575    3.3844    6.3576   -5.9227
eta,q 0.96156 11.55347
  0.0496  0.0506  0.0439  0.0432  0.0408  0.0401  0.0415  0.0435  0.0406  0.0437  0.0412  0.0405
  0.0479  0.0489  0.0437  0.0421  0.0405  0.0396  0.0405  0.0416  0.0398  0.0418  0.0401  0.0395
  0.0468  0.0473  0.0438  0.0422  0.0409  0.0397  0.0398  0.0402  0.0395  0.0404  0.0393  0.0388
  0.0461  0.0460  0.0445  0.0437  0.0420  0.0405  0.0396  0.0396  0.0395  0.0395  0.0387  0.0385
  0.0461  0.0450  0.0455  0.0466  0.0441  0.0434  0.0398  0.0397  0.0398  0.0389  0.0385  0.0385
  0.0467  0.0443  0.0469  0.0506  0.0470  0.0481  0.0404  0.0406  0.0405  0.0387  0.0386  0.0388
  0.0478  0.0439  0.0485  0.0556  0.0504  0.0533  0.0416  0.0422  0.0416  0.0389  0.0391  0.0394
niter,ni,del,rscale     7    3    5.0000    1.2000
parameter  2 -2.472187 -> -0.500000 qaram    1.3225
parameters
    7.3668    0.5686   -4.0894  -15.0070  -17.4822  -17.0865
   11.9163   -6.2604  -10.2033    7.3155    6.8768   -9.5076
eta,q 0.96631 11.40733
  0.0417  0.0462  0.0351  0.0413  0.0372  0.0375  0.0370  0.0386  0.0361  0.0397  0.0355  0.0342
  0.0401  0.0435  0.0347  0.0385  0.0356  0.0360  0.0358  0.0367  0.0352  0.0374  0.0348  0.0338
  0.0389  0.0409  0.0346  0.0360  0.0346  0.0349  0.0350  0.0353  0.0347  0.0357  0.0343  0.0337
  0.0384  0.0384  0.0349  0.0346  0.0345  0.0344  0.0346  0.0346  0.0346  0.0346  0.0340  0.0340
  0.0385  0.0362  0.0357  0.0348  0.0356  0.0350  0.0348  0.0348  0.0349  0.0341  0.0341  0.0345
  0.0392  0.0345  0.0369  0.0370  0.0379  0.0389  0.0355  0.0359  0.0356  0.0341  0.0345  0.0353
  0.0403  0.0333  0.0384  0.0407  0.0414  0.0449  0.0367  0.0376  0.0368  0.0347  0.0352  0.0362
niter,ni,del,rscale     7    3    5.0000    1.2000
parameter  2 -2.252273 -> -0.500000 qaram    1.5209
parameter 10 -0.536899 -> -0.500000 qaram    1.3225
parameters
    7.6390    2.3937   -4.8133  -15.0969  -19.5003  -17.8856
   12.1819   -5.5247  -10.5320   12.0765    6.6362  -12.1189
eta,q 0.97206 11.34133
  0.0372  0.0436  0.0302  0.0354  0.0322  0.0334  0.0318  0.0336  0.0312  0.0354  0.0296  0.0289
  0.0354  0.0402  0.0295  0.0327  0.0302  0.0312  0.0304  0.0315  0.0301  0.0327  0.0288  0.0282
  0.0342  0.0368  0.0292  0.0304  0.0292  0.0298  0.0295  0.0299  0.0293  0.0305  0.0283  0.0279
  0.0337  0.0337  0.0293  0.0292  0.0292  0.0291  0.0291  0.0291  0.0291  0.0291  0.0282  0.0282
  0.0338  0.0309  0.0298  0.0296  0.0303  0.0289  0.0294  0.0293  0.0294  0.0283  0.0284  0.0288
  0.0345  0.0287  0.0309  0.0322  0.0325  0.0311  0.0301  0.0303  0.0302  0.0282  0.0289  0.0297
  0.0359  0.0274  0.0325  0.0363  0.0360  0.0365  0.0315  0.0322  0.0316  0.0289  0.0298  0.0308
niter,ni,del,rscale     7    3    5.0000    1.2000
parameter  2 -1.075374 -> -0.500000 qaram    1.7490
parameters
    7.9342    4.4925   -5.2789  -15.3172  -20.4551  -17.6152
   12.2915   -4.9106  -10.8442   13.9997    6.4914  -14.3573
eta,q 0.97683 11.35402
  0.0321  0.0405  0.0253  0.0300  0.0285  0.0299  0.0266  0.0288  0.0265  0.0315  0.0250  0.0243
  0.0300  0.0361  0.0243  0.0272  0.0258  0.0269  0.0250  0.0263  0.0249  0.0278  0.0241  0.0235
  0.0286  0.0318  0.0238  0.0250  0.0241  0.0248  0.0240  0.0245  0.0239  0.0250  0.0235  0.0232
  0.0279  0.0279  0.0237  0.0237  0.0237  0.0237  0.0236  0.0236  0.0236  0.0236  0.0234  0.0234
  0.0280  0.0250  0.0242  0.0241  0.0246  0.0231  0.0239  0.0239  0.0240  0.0235  0.0236  0.0240
  0.0289  0.0234  0.0253  0.0269  0.0270  0.0249  0.0249  0.0252  0.0252  0.0246  0.0242  0.0249
  0.0305  0.0235  0.0269  0.0314  0.0308  0.0307  0.0264  0.0275  0.0270  0.0270  0.0250  0.0262
niter,ni,del,rscale     7    3    5.0000    1.2000
parameters
    8.1178    5.4809   -5.3807  -15.3402  -20.8765  -17.4100
   12.4685   -4.6969  -11.0450   15.3374    6.3498  -15.4306
eta,q 0.97764 11.38212
  0.0277  0.0351  0.0247  0.0289  0.0279  0.0291  0.0255  0.0273  0.0255  0.0298  0.0240  0.0239
  0.0253  0.0300  0.0235  0.0261  0.0251  0.0259  0.0239  0.0248  0.0238  0.0260  0.0231  0.0230
  0.0238  0.0258  0.0227  0.0239  0.0232  0.0237  0.0228  0.0231  0.0228  0.0235  0.0226  0.0225
  0.0232  0.0232  0.0225  0.0225  0.0225  0.0225  0.0224  0.0224  0.0224  0.0224  0.0224  0.0224
  0.0234  0.0225  0.0228  0.0228  0.0232  0.0219  0.0227  0.0228  0.0228  0.0227  0.0226  0.0228
  0.0245  0.0242  0.0237  0.0254  0.0254  0.0241  0.0237  0.0243  0.0240  0.0240  0.0232  0.0237
  0.0265  0.0279  0.0252  0.0299  0.0290  0.0301  0.0253  0.0268  0.0258  0.0264  0.0241  0.0248
niter,ni,del,rscale     6    3    5.0000    1.2000
parameters
    8.1990    5.6634   -5.5231  -15.2697  -20.9425  -17.3289
   12.5946   -4.5902  -11.0913   15.7977    6.2818  -15.7704
eta,q 0.97770 11.39918
  0.0266  0.0316  0.0245  0.0289  0.0279  0.0291  0.0253  0.0270  0.0253  0.0284  0.0239  0.0241
  0.0243  0.0270  0.0233  0.0260  0.0251  0.0259  0.0237  0.0246  0.0237  0.0250  0.0230  0.0231
  0.0229  0.0238  0.0226  0.0237  0.0231  0.0236  0.0227  0.0229  0.0227  0.0229  0.0225  0.0225
  0.0224  0.0224  0.0223  0.0223  0.0223  0.0223  0.0223  0.0223  0.0223  0.0223  0.0223  0.0223
  0.0227  0.0230  0.0226  0.0225  0.0228  0.0216  0.0226  0.0227  0.0226  0.0229  0.0225  0.0226
  0.0240  0.0259  0.0236  0.0251  0.0248  0.0243  0.0236  0.0243  0.0237  0.0244  0.0230  0.0233
  0.0261  0.0304  0.0251  0.0296  0.0283  0.0305  0.0252  0.0269  0.0254  0.0271  0.0239  0.0244
niter,ni,del,rscale     5    3    5.0000    1.2000
parameters
    8.2251    5.7139   -5.5930  -15.2510  -20.9630  -17.3250
   12.6302   -4.5453  -11.0934   15.9370    6.2860  -15.8859
eta,q 0.97770 11.40342
  0.0264  0.0310  0.0246  0.0288  0.0278  0.0291  0.0253  0.0270  0.0253  0.0279  0.0239  0.0242
  0.0242  0.0266  0.0234  0.0260  0.0251  0.0259  0.0237  0.0245  0.0237  0.0246  0.0230  0.0232
  0.0228  0.0236  0.0226  0.0237  0.0231  0.0237  0.0227  0.0229  0.0227  0.0227  0.0225  0.0225
  0.0223  0.0223  0.0223  0.0223  0.0223  0.0223  0.0223  0.0223  0.0223  0.0223  0.0223  0.0223
  0.0227  0.0232  0.0226  0.0226  0.0228  0.0215  0.0226  0.0228  0.0226  0.0229  0.0225  0.0226
  0.0241  0.0261  0.0235  0.0251  0.0248  0.0245  0.0236  0.0243  0.0237  0.0246  0.0230  0.0233
  0.0262  0.0308  0.0249  0.0297  0.0282  0.0307  0.0252  0.0269  0.0253  0.0274  0.0239  0.0243
niter,ni,del,rscale     4    3    5.0000    1.2000
parameters
    8.2347    5.7285   -5.6187  -15.2478  -20.9704  -17.3300
   12.6439   -4.5317  -11.0926   15.9835    6.2827  -15.9347
eta,q 0.97769 11.40435
  0.0263  0.0308  0.0247  0.0288  0.0278  0.0291  0.0253  0.0269  0.0253  0.0278  0.0239  0.0242
  0.0241  0.0264  0.0234  0.0260  0.0251  0.0259  0.0237  0.0245  0.0237  0.0246  0.0230  0.0232
  0.0228  0.0235  0.0226  0.0237  0.0231  0.0237  0.0227  0.0229  0.0227  0.0227  0.0225  0.0225
  0.0223  0.0223  0.0223  0.0223  0.0223  0.0223  0.0223  0.0223  0.0223  0.0223  0.0223  0.0223
  0.0228  0.0232  0.0226  0.0226  0.0228  0.0215  0.0226  0.0228  0.0226  0.0230  0.0225  0.0226
  0.0241  0.0262  0.0234  0.0252  0.0247  0.0245  0.0236  0.0244  0.0237  0.0247  0.0230  0.0232
  0.0262  0.0309  0.0248  0.0297  0.0282  0.0308  0.0253  0.0270  0.0253  0.0275  0.0239  0.0243
registration optimization eta report
parameter search radius
    2.4000    4.1976    2.7600   10.9503   10.9503   10.9503
    7.2000    7.2000    8.2800    9.5220    8.2800    8.2800
100000*second partial in parameter space
       69.       48.       32.        6.        5.        7.
        6.        9.        4.        6.        2.        3.
  0.0263  0.0308  0.0247  0.0288  0.0278  0.0291  0.0253  0.0269  0.0253  0.0278  0.0239  0.0242
  0.0241  0.0264  0.0234  0.0260  0.0251  0.0259  0.0237  0.0245  0.0237  0.0246  0.0230  0.0232
  0.0228  0.0235  0.0226  0.0237  0.0231  0.0237  0.0227  0.0229  0.0227  0.0227  0.0225  0.0225
  0.0223  0.0223  0.0223  0.0223  0.0223  0.0223  0.0223  0.0223  0.0223  0.0223  0.0223  0.0223
  0.0228  0.0232  0.0226  0.0226  0.0228  0.0215  0.0226  0.0228  0.0226  0.0230  0.0225  0.0226
  0.0241  0.0262  0.0234  0.0252  0.0247  0.0245  0.0236  0.0244  0.0237  0.0247  0.0230  0.0232
  0.0262  0.0309  0.0248  0.0297  0.0282  0.0308  0.0253  0.0270  0.0253  0.0275  0.0239  0.0243
    8.2347    5.7285   -5.6187  -15.2478  -20.9704  -17.3300
   12.6439   -4.5317  -11.0926   15.9835    6.2827  -15.9347
eta,q 0.97769 11.40435

---------------------------------------------------------------------
imgreg_4dfp /opt/freesurfer/average/711-2C_as_mni_average_305 /opt/freesurfer/average/711-2B_as_mni_average_305_mask talsrcimg_g11 none talsrcimg_to_711-2C_as_mni_average_305_t4 2311
---------------------------------------------------------------------

freesurfer imgreg_4dfp.c
/opt/freesurfer/average/711-2C_as_mni_average_305.4dfp.img
       256       256       256         1
  1.000000  1.000000  1.000000
orientation T byte_order littleendian
Reading image: /opt/freesurfer/average/711-2C_as_mni_average_305.4dfp.img
dimensions:      256       256       256
mmppix:       1.0000   -1.0000   -1.0000
center:     128.0000 -129.0000 -129.0000
/opt/freesurfer/average/711-2B_as_mni_average_305_mask.4dfp.img
       256       256       256         1
  1.000000  1.000000  1.000000
orientation T byte_order littleendian
Reading mask: /opt/freesurfer/average/711-2B_as_mni_average_305_mask.4dfp.img (2306576 pixels)
talsrcimg_g11.4dfp.img
       256       256       256         1
  1.000000  1.000000  1.000000
orientation T byte_order littleendian
Reading image: talsrcimg_g11.4dfp.img
dimensions:      256       256       256
mmppix:       1.0000   -1.0000   -1.0000
center:     128.0000 -129.0000 -129.0000
fimgreg.f
image alignment mode   2311 decimal      907 hex
parameters
    8.2347    5.7285   -5.6187  -15.2478  -20.9704  -17.3300
   12.6439   -4.5317  -11.0926   15.9835    6.2827  -15.9347
eta,q 0.97769 11.40434
niter,ni,del,rscale     5    3    5.0000    0.8000
parameter  6 -0.686709 -> -0.500000 qaram    1.1500
parameters
    8.2338    5.8034   -5.5637  -14.1047  -20.6804  -14.5700
   12.7729   -4.7110  -10.7607   16.2123    5.7251  -16.0885
eta,q 0.97860 11.60383
  0.0241  0.0238  0.0232  0.0244  0.0235  0.0243  0.0230  0.0240  0.0227  0.0234  0.0220  0.0221
  0.0231  0.0230  0.0227  0.0235  0.0228  0.0234  0.0221  0.0226  0.0221  0.0224  0.0217  0.0217
  0.0225  0.0225  0.0224  0.0228  0.0224  0.0227  0.0216  0.0217  0.0216  0.0217  0.0214  0.0215
  0.0223  0.0223  0.0223  0.0223  0.0222  0.0222  0.0214  0.0214  0.0214  0.0214  0.0214  0.0214
  0.0225  0.0224  0.0224  0.0222  0.0222  0.0217  0.0216  0.0218  0.0215  0.0216  0.0216  0.0215
  0.0231  0.0228  0.0226  0.0224  0.0226  0.0214  0.0220  0.0228  0.0218  0.0221  0.0219  0.0218
  0.0241  0.0236  0.0231  0.0231  0.0232  0.0219  0.0228  0.0244  0.0224  0.0231  0.0224  0.0222
niter,ni,del,rscale     5    3    5.0000    0.8000
parameters
    8.1948    5.7057   -5.4767  -14.3135  -20.7497  -15.4229
   12.6786   -4.6074  -10.7724   16.2086    5.8447  -15.6661
eta,q 0.97843 11.54691
  0.0233  0.0227  0.0227  0.0230  0.0226  0.0233  0.0230  0.0242  0.0227  0.0232  0.0223  0.0225
  0.0222  0.0220  0.0220  0.0222  0.0220  0.0225  0.0222  0.0228  0.0221  0.0223  0.0219  0.0220
  0.0216  0.0215  0.0216  0.0216  0.0215  0.0219  0.0217  0.0219  0.0217  0.0218  0.0217  0.0217
  0.0214  0.0214  0.0214  0.0214  0.0214  0.0214  0.0216  0.0216  0.0216  0.0216  0.0216  0.0216
  0.0217  0.0216  0.0215  0.0216  0.0215  0.0217  0.0218  0.0218  0.0217  0.0218  0.0217  0.0216
  0.0223  0.0222  0.0219  0.0223  0.0220  0.0233  0.0223  0.0226  0.0221  0.0223  0.0219  0.0218
  0.0235  0.0231  0.0225  0.0235  0.0227  0.0261  0.0231  0.0241  0.0227  0.0232  0.0223  0.0222
niter,ni,del,rscale     4    3    5.0000    0.7000
parameters
    8.1818    5.7077   -5.5166  -14.1417  -20.5699  -15.3564
   12.6543   -4.6111  -10.7382   16.1584    5.8334  -15.6812
eta,q 0.97846 11.56665
  0.0230  0.0227  0.0223  0.0230  0.0226  0.0234  0.0226  0.0235  0.0224  0.0228  0.0221  0.0221
  0.0222  0.0221  0.0219  0.0223  0.0221  0.0227  0.0220  0.0225  0.0219  0.0221  0.0218  0.0218
  0.0217  0.0217  0.0216  0.0218  0.0217  0.0221  0.0217  0.0218  0.0217  0.0217  0.0216  0.0216
  0.0216  0.0216  0.0216  0.0216  0.0216  0.0216  0.0215  0.0215  0.0215  0.0215  0.0215  0.0215
  0.0218  0.0217  0.0217  0.0217  0.0216  0.0214  0.0217  0.0217  0.0216  0.0217  0.0216  0.0216
  0.0223  0.0221  0.0220  0.0221  0.0219  0.0221  0.0220  0.0224  0.0219  0.0221  0.0218  0.0218
  0.0231  0.0227  0.0224  0.0229  0.0224  0.0238  0.0227  0.0236  0.0224  0.0229  0.0221  0.0221
niter,ni,del,rscale     3    3    5.0000    0.6000
parameters
    8.1818    5.6966   -5.5266  -14.1079  -20.5456  -15.0818
   12.6600   -4.6092  -10.7015   16.1790    5.7874  -15.7719
eta,q 0.97853 11.58221
  0.0226  0.0224  0.0221  0.0226  0.0223  0.0230  0.0223  0.0230  0.0221  0.0225  0.0219  0.0219
  0.0220  0.0219  0.0218  0.0220  0.0219  0.0225  0.0218  0.0222  0.0218  0.0220  0.0217  0.0217
  0.0217  0.0216  0.0216  0.0217  0.0216  0.0220  0.0216  0.0217  0.0216  0.0216  0.0215  0.0215
  0.0215  0.0215  0.0215  0.0215  0.0215  0.0215  0.0215  0.0215  0.0215  0.0215  0.0215  0.0215
  0.0217  0.0216  0.0216  0.0216  0.0216  0.0214  0.0216  0.0216  0.0215  0.0216  0.0215  0.0215
  0.0220  0.0219  0.0218  0.0220  0.0218  0.0218  0.0218  0.0222  0.0218  0.0219  0.0217  0.0217
  0.0226  0.0224  0.0222  0.0226  0.0222  0.0230  0.0223  0.0230  0.0221  0.0225  0.0219  0.0219
niter,ni,del,rscale     2    3    5.0000    0.5000
parameters
    8.1828    5.6967   -5.5144  -14.1012  -20.5708  -14.8122
   12.6628   -4.5950  -10.6745   16.1931    5.7307  -15.8489
eta,q 0.97858 11.59316
  0.0222  0.0221  0.0219  0.0222  0.0220  0.0226  0.0220  0.0225  0.0219  0.0222  0.0217  0.0217
  0.0218  0.0217  0.0217  0.0218  0.0217  0.0222  0.0217  0.0219  0.0216  0.0218  0.0216  0.0215
  0.0216  0.0215  0.0215  0.0216  0.0215  0.0218  0.0215  0.0216  0.0215  0.0215  0.0215  0.0214
  0.0215  0.0215  0.0215  0.0215  0.0215  0.0215  0.0214  0.0214  0.0214  0.0214  0.0214  0.0214
  0.0216  0.0215  0.0215  0.0215  0.0215  0.0214  0.0215  0.0215  0.0215  0.0215  0.0215  0.0215
  0.0218  0.0217  0.0217  0.0218  0.0217  0.0217  0.0217  0.0219  0.0216  0.0218  0.0216  0.0216
  0.0222  0.0221  0.0219  0.0222  0.0220  0.0226  0.0220  0.0225  0.0219  0.0222  0.0218  0.0217
niter,ni,del,rscale     1    3    5.0000    0.4000
parameters
    8.1870    5.7040   -5.4925  -14.1135  -20.6203  -14.5579
   12.6646   -4.5873  -10.6495   16.1942    5.6789  -15.9391
eta,q 0.97861 11.60129
  0.0219  0.0218  0.0217  0.0219  0.0217  0.0223  0.0217  0.0221  0.0217  0.0219  0.0216  0.0216
  0.0216  0.0216  0.0216  0.0216  0.0216  0.0219  0.0215  0.0217  0.0215  0.0216  0.0215  0.0215
  0.0215  0.0215  0.0215  0.0215  0.0215  0.0216  0.0214  0.0215  0.0214  0.0214  0.0214  0.0214
  0.0214  0.0214  0.0214  0.0214  0.0214  0.0214  0.0214  0.0214  0.0214  0.0214  0.0214  0.0214
  0.0215  0.0215  0.0214  0.0215  0.0215  0.0214  0.0214  0.0215  0.0214  0.0214  0.0214  0.0214
  0.0216  0.0216  0.0215  0.0216  0.0216  0.0216  0.0215  0.0217  0.0215  0.0216  0.0215  0.0215
  0.0219  0.0218  0.0217  0.0219  0.0218  0.0221  0.0217  0.0221  0.0217  0.0219  0.0216  0.0216
registration optimization eta report
parameter search radius
    0.8000    0.8000    0.8000    2.4000    2.4000    2.7600
    2.4000    2.4000    2.4000    2.4000    2.4000    2.4000
100000*second partial in parameter space
       77.       61.       47.        8.        6.       10.
        6.       13.        5.        9.        4.        3.
  0.0219  0.0218  0.0217  0.0219  0.0217  0.0223  0.0217  0.0221  0.0217  0.0219  0.0216  0.0216
  0.0216  0.0216  0.0216  0.0216  0.0216  0.0219  0.0215  0.0217  0.0215  0.0216  0.0215  0.0215
  0.0215  0.0215  0.0215  0.0215  0.0215  0.0216  0.0214  0.0215  0.0214  0.0214  0.0214  0.0214
  0.0214  0.0214  0.0214  0.0214  0.0214  0.0214  0.0214  0.0214  0.0214  0.0214  0.0214  0.0214
  0.0215  0.0215  0.0214  0.0215  0.0215  0.0214  0.0214  0.0215  0.0214  0.0214  0.0214  0.0214
  0.0216  0.0216  0.0215  0.0216  0.0216  0.0216  0.0215  0.0217  0.0215  0.0216  0.0215  0.0215
  0.0219  0.0218  0.0217  0.0219  0.0218  0.0221  0.0217  0.0221  0.0217  0.0219  0.0216  0.0216
    8.1870    5.7040   -5.4925  -14.1135  -20.6203  -14.5579
   12.6646   -4.5873  -10.6495   16.1942    5.6789  -15.9391
eta,q 0.97861 11.60129

---------------------------------------------------------------------
imgreg_4dfp /opt/freesurfer/average/711-2C_as_mni_average_305 /opt/freesurfer/average/711-2B_as_mni_average_305_mask talsrcimg_g11 none talsrcimg_to_711-2C_as_mni_average_305_t4 2311
---------------------------------------------------------------------

freesurfer imgreg_4dfp.c
/opt/freesurfer/average/711-2C_as_mni_average_305.4dfp.img
       256       256       256         1
  1.000000  1.000000  1.000000
orientation T byte_order littleendian
Reading image: /opt/freesurfer/average/711-2C_as_mni_average_305.4dfp.img
dimensions:      256       256       256
mmppix:       1.0000   -1.0000   -1.0000
center:     128.0000 -129.0000 -129.0000
/opt/freesurfer/average/711-2B_as_mni_average_305_mask.4dfp.img
       256       256       256         1
  1.000000  1.000000  1.000000
orientation T byte_order littleendian
Reading mask: /opt/freesurfer/average/711-2B_as_mni_average_305_mask.4dfp.img (2306576 pixels)
talsrcimg_g11.4dfp.img
       256       256       256         1
  1.000000  1.000000  1.000000
orientation T byte_order littleendian
Reading image: talsrcimg_g11.4dfp.img
dimensions:      256       256       256
mmppix:       1.0000   -1.0000   -1.0000
center:     128.0000 -129.0000 -129.0000
fimgreg.f
image alignment mode   2311 decimal      907 hex
parameters
    8.1870    5.7040   -5.4925  -14.1135  -20.6203  -14.5579
   12.6646   -4.5873  -10.6495   16.1942    5.6789  -15.9391
eta,q 0.97861 11.60129
niter,ni,del,rscale     5    3    5.0000    0.8000
parameters
    8.1971    5.6929   -5.4596  -14.3192  -20.7317  -15.1894
   12.6487   -4.6123  -10.7436   16.1760    5.8241  -15.6774
eta,q 0.97849 11.55704
  0.0234  0.0229  0.0226  0.0230  0.0226  0.0230  0.0229  0.0241  0.0226  0.0232  0.0223  0.0224
  0.0223  0.0221  0.0220  0.0222  0.0219  0.0224  0.0221  0.0227  0.0220  0.0223  0.0219  0.0219
  0.0216  0.0216  0.0215  0.0216  0.0215  0.0218  0.0217  0.0218  0.0216  0.0217  0.0216  0.0216
  0.0214  0.0214  0.0214  0.0214  0.0214  0.0214  0.0215  0.0215  0.0215  0.0215  0.0215  0.0215
  0.0216  0.0216  0.0215  0.0216  0.0215  0.0216  0.0217  0.0218  0.0217  0.0217  0.0216  0.0216
  0.0223  0.0221  0.0219  0.0223  0.0220  0.0227  0.0222  0.0227  0.0221  0.0223  0.0218  0.0218
  0.0233  0.0230  0.0225  0.0234  0.0227  0.0249  0.0230  0.0242  0.0227  0.0232  0.0222  0.0222
niter,ni,del,rscale     4    3    5.0000    0.7000
parameters
    8.1799    5.6977   -5.4954  -14.1706  -20.6015  -15.0913
   12.6571   -4.6270  -10.7216   16.1516    5.8042  -15.7128
eta,q 0.97852 11.57523
  0.0230  0.0227  0.0223  0.0230  0.0225  0.0230  0.0226  0.0235  0.0224  0.0228  0.0221  0.0221
  0.0221  0.0220  0.0219  0.0222  0.0220  0.0224  0.0220  0.0224  0.0219  0.0221  0.0218  0.0217
  0.0217  0.0217  0.0216  0.0217  0.0216  0.0219  0.0216  0.0217  0.0216  0.0216  0.0215  0.0215
  0.0215  0.0215  0.0215  0.0215  0.0215  0.0215  0.0215  0.0215  0.0215  0.0215  0.0215  0.0215
  0.0217  0.0216  0.0216  0.0216  0.0216  0.0214  0.0216  0.0217  0.0216  0.0216  0.0215  0.0215
  0.0222  0.0220  0.0219  0.0220  0.0219  0.0219  0.0220  0.0224  0.0219  0.0221  0.0218  0.0217
  0.0230  0.0227  0.0224  0.0228  0.0224  0.0233  0.0226  0.0236  0.0224  0.0229  0.0221  0.0221
niter,ni,del,rscale     3    3    5.0000    0.6000
parameters
    8.1804    5.6926   -5.5006  -14.1413  -20.5894  -14.8654
   12.6701   -4.6175  -10.6976   16.1615    5.7520  -15.7940
eta,q 0.97857 11.58744
  0.0226  0.0223  0.0221  0.0225  0.0222  0.0227  0.0223  0.0230  0.0221  0.0225  0.0219  0.0218
  0.0220  0.0219  0.0218  0.0220  0.0218  0.0222  0.0218  0.0222  0.0217  0.0219  0.0216  0.0216
  0.0216  0.0216  0.0215  0.0216  0.0216  0.0218  0.0215  0.0216  0.0215  0.0216  0.0215  0.0215
  0.0215  0.0215  0.0215  0.0215  0.0215  0.0215  0.0214  0.0214  0.0214  0.0214  0.0214  0.0214
  0.0216  0.0216  0.0216  0.0216  0.0216  0.0214  0.0215  0.0216  0.0215  0.0215  0.0215  0.0215
  0.0220  0.0219  0.0218  0.0219  0.0218  0.0217  0.0218  0.0221  0.0217  0.0219  0.0217  0.0216
  0.0226  0.0224  0.0221  0.0225  0.0222  0.0227  0.0223  0.0230  0.0221  0.0225  0.0219  0.0219
niter,ni,del,rscale     2    3    5.0000    0.5000
parameters
    8.1821    5.6953   -5.4863  -14.1313  -20.6154  -14.6372
   12.6716   -4.6041  -10.6677   16.1756    5.6981  -15.8637
eta,q 0.97861 11.59655
  0.0222  0.0220  0.0219  0.0222  0.0219  0.0224  0.0220  0.0225  0.0219  0.0222  0.0217  0.0217
  0.0218  0.0217  0.0216  0.0218  0.0216  0.0220  0.0216  0.0219  0.0216  0.0218  0.0215  0.0215
  0.0215  0.0215  0.0215  0.0215  0.0215  0.0217  0.0215  0.0215  0.0215  0.0215  0.0214  0.0214
  0.0214  0.0214  0.0214  0.0214  0.0214  0.0214  0.0214  0.0214  0.0214  0.0214  0.0214  0.0214
  0.0215  0.0215  0.0215  0.0215  0.0215  0.0214  0.0215  0.0215  0.0214  0.0215  0.0214  0.0214
  0.0218  0.0217  0.0216  0.0217  0.0217  0.0216  0.0217  0.0219  0.0216  0.0217  0.0216  0.0215
  0.0222  0.0220  0.0219  0.0222  0.0219  0.0223  0.0220  0.0225  0.0219  0.0222  0.0217  0.0217
niter,ni,del,rscale     1    3    5.0000    0.4000
parameters
    8.1847    5.7034   -5.4726  -14.1397  -20.6419  -14.4410
   12.6697   -4.5953  -10.6441   16.1795    5.6542  -15.9321
eta,q 0.97863 11.60332
  0.0219  0.0218  0.0217  0.0219  0.0217  0.0221  0.0217  0.0221  0.0217  0.0219  0.0216  0.0216
  0.0216  0.0216  0.0215  0.0216  0.0215  0.0218  0.0215  0.0217  0.0215  0.0216  0.0215  0.0214
  0.0215  0.0214  0.0214  0.0214  0.0214  0.0216  0.0214  0.0215  0.0214  0.0214  0.0214  0.0214
  0.0214  0.0214  0.0214  0.0214  0.0214  0.0214  0.0214  0.0214  0.0214  0.0214  0.0214  0.0214
  0.0215  0.0214  0.0214  0.0214  0.0214  0.0214  0.0214  0.0214  0.0214  0.0214  0.0214  0.0214
  0.0216  0.0216  0.0215  0.0216  0.0215  0.0216  0.0215  0.0217  0.0215  0.0216  0.0215  0.0215
  0.0219  0.0218  0.0217  0.0219  0.0217  0.0220  0.0217  0.0221  0.0217  0.0219  0.0216  0.0216
registration optimization eta report
parameter search radius
    0.8000    0.8000    0.8000    2.4000    2.4000    2.4000
    2.4000    2.4000    2.4000    2.4000    2.4000    2.4000
100000*second partial in parameter space
       77.       61.       48.        8.        6.       11.
        6.       13.        5.        9.        4.        3.
  0.0219  0.0218  0.0217  0.0219  0.0217  0.0221  0.0217  0.0221  0.0217  0.0219  0.0216  0.0216
  0.0216  0.0216  0.0215  0.0216  0.0215  0.0218  0.0215  0.0217  0.0215  0.0216  0.0215  0.0214
  0.0215  0.0214  0.0214  0.0214  0.0214  0.0216  0.0214  0.0215  0.0214  0.0214  0.0214  0.0214
  0.0214  0.0214  0.0214  0.0214  0.0214  0.0214  0.0214  0.0214  0.0214  0.0214  0.0214  0.0214
  0.0215  0.0214  0.0214  0.0214  0.0214  0.0214  0.0214  0.0214  0.0214  0.0214  0.0214  0.0214
  0.0216  0.0216  0.0215  0.0216  0.0215  0.0216  0.0215  0.0217  0.0215  0.0216  0.0215  0.0215
  0.0219  0.0218  0.0217  0.0219  0.0217  0.0220  0.0217  0.0221  0.0217  0.0219  0.0216  0.0216
    8.1847    5.7034   -5.4726  -14.1397  -20.6419  -14.4410
   12.6697   -4.5953  -10.6441   16.1795    5.6542  -15.9321
eta,q 0.97863 11.60332

---------------------------------------------------------------------
compute_vox2vox talsrcimg talsrcimg_to_711-2C_as_mni_average_305_t4 /opt/freesurfer/average/711-2C_as_mni_average_305
---------------------------------------------------------------------

freesurfer compute_vox2vox.c
Reading: talsrcimg.4dfp.ifh
Reading: talsrcimg_to_711-2C_as_mni_average_305_t4
Reading: /opt/freesurfer/average/711-2C_as_mni_average_305.4dfp.ifh
Writing: talsrcimg_to_711-2C_as_mni_average_305_t4_vox2vox.txt

start time Sat Mar 14 10:30:48 CET 2026
end		time Sat Mar 14 10:31:02 CET 2026

mpr2mni305 success

avi2talxfm orig_nu.mgz /opt/freesurfer/average/mni305.cor.mgz talsrcimg_to_711-2C_as_mni_average_305_t4_vox2vox.txt transforms/talairach.auto.xfm
avi2talxfm done
mv -f /out/sourcedata/freesurfer/sub-v2s9x29166_ses-1/mri/talsrcimg_to_711-2C_as_mni_average_305_t4_vox2vox.txt /out/sourcedata/freesurfer/sub-v2s9x29166_ses-1/mri/transforms/talsrcimg_to_711-2C_as_mni_average_305_t4_vox2vox.txt
lta_convert --src orig_nu.mgz --trg /opt/freesurfer/average/mni305.cor.mgz --inxfm transforms/talairach.auto.xfm --outlta transforms/talairach.auto.xfm.lta --subject fsaverage
7.3.2

--src: orig_nu.mgz src image (geometry).
--trg: /opt/freesurfer/average/mni305.cor.mgz trg image (geometry).
--inmni: transforms/talairach.auto.xfm input MNI/XFM transform.
--outlta: transforms/talairach.auto.xfm.lta output LTA.
--s: fsaverage subject name
 LTA read, type : 1
 1.13838   0.09202  -0.16327  -8.47639;
-0.04509   1.12239   0.23253   3.98257;
 0.16188  -0.21649   1.19080  -10.59981;
 0.00000   0.00000   0.00000   1.00000;
setting subject to fsaverage
Writing  LTA to file transforms/talairach.auto.xfm.lta...
lta_convert successful.
 
 
Started at Sat Mar 14 10:30:48 CET 2026
Ended   at Sat Mar 14 10:31:02 CET 2026
talairach_avi done
