/out/sourcedata/freesurfer/sub-v2s9x29174_ses-1/mri
/opt/freesurfer/bin/talairach_avi
--i orig_nu.mgz --xfm transforms/talairach.auto.xfm
talairach_avi 7.3.2
Linux dna081 5.14.0-427.37.1.el9_4.x86_64 #1 SMP PREEMPT_DYNAMIC Fri Sep 13 12:41:50 EDT 2024 x86_64 x86_64 x86_64 GNU/Linux
Sat Mar 14 10:30:56 CET 2026
mri_convert orig_nu.mgz talsrcimg.img 
reading from orig_nu.mgz...
TR=0.00, TE=0.00, TI=0.00, flip angle=0.00
i_ras = (-1, 0, 0)
j_ras = (0, 0, -1)
k_ras = (0, 1, 0)
writing to talsrcimg.img...
Analyze Output Matrix
-1.00000   0.00000   0.00000   129.66513;
 0.00000   0.00000   1.00000  -128.00000;
 0.00000  -1.00000   0.00000   130.00000;
 0.00000   0.00000   0.00000   1.00000;
--------------------
INFO: set hdr.hist.orient to -1
mpr2mni305 talsrcimg
Sat Mar 14 10:30:57 CET 2026
/opt/freesurfer/bin/mpr2mni305 talsrcimg
mpr2mni305 7.3.2
target=711-2C_as_mni_average_305

---------------------------------------------------------------------
analyzeto4dfp talsrcimg -O0 -y
---------------------------------------------------------------------

freesurfer ifh2hdr.c
Sat Mar 14 10:30:57 2026
Writing: talsrcimg.4dfp.hdr
freesurfer analyzeto4dfp.c
Reading: talsrcimg.hdr
header size 348 bytes
hdr.dime.datatype	offset=70	value=2
hdr.dime.bitpix		offset=72	value=8
hdr.hist.orient		offset=252	value=-1
dimensionality     4
dimensions       256       256       256         1
Reading: talsrcimg.img
Writing: talsrcimg.4dfp.img
Writing: talsrcimg.4dfp.ifh
ifh2hdr talsrcimg -r0to221
ori=2

---------------------------------------------------------------------
gauss_4dfp talsrcimg 1.1
---------------------------------------------------------------------

freesurfer gauss_4dfp.c
Reading: talsrcimg.4dfp.img
Writing: talsrcimg_g11.4dfp.img
image dimensions 256 256 256 padded to 288 288 288
processing volume 1freesurfer ifh2hdr.c
Sat Mar 14 10:30:58 2026
Writing: talsrcimg_g11.4dfp.hdr

Writing: talsrcimg_g11.4dfp.ifh
including: talsrcimg.4dfp.img.rec in talsrcimg_g11.4dfp.img.rec

---------------------------------------------------------------------
imgreg_4dfp /opt/freesurfer/average/711-2C_as_mni_average_305 none talsrcimg_g11 none talsrcimg_to_711-2C_as_mni_average_305_t4 4355
---------------------------------------------------------------------

freesurfer imgreg_4dfp.c
/opt/freesurfer/average/711-2C_as_mni_average_305.4dfp.img
       256       256       256         1
  1.000000  1.000000  1.000000
orientation T byte_order littleendian
Reading image: /opt/freesurfer/average/711-2C_as_mni_average_305.4dfp.img
dimensions:      256       256       256
mmppix:       1.0000   -1.0000   -1.0000
center:     128.0000 -129.0000 -129.0000
talsrcimg_g11.4dfp.img
       256       256       256         1
  1.000000  1.000000  1.000000
orientation T byte_order littleendian
Reading image: talsrcimg_g11.4dfp.img
dimensions:      256       256       256
mmppix:       1.0000   -1.0000   -1.0000
center:     128.0000 -129.0000 -129.0000
t4_read: open error in t4_sub.f l:  41 t4_file(1:l)talsrcimg_to_711-2C_as_mni_average_305_t4 
t4_read: transform initialized to I4
rotation matrix determinant  1.000000
image alignment mode   4355 decimal     1103 hex
   -7.5000  -45.0000  -45.0000 9118.0059   19.5404
    0.0000  -45.0000  -45.0000 9569.3721   19.5247
    7.5000  -45.0000  -45.0000 9173.6826   19.5470
   -7.5000  -37.5000  -45.0000 9432.5293   19.5216
    0.0000  -37.5000  -45.0000 9904.8359   19.5030
    7.5000  -37.5000  -45.0000 9482.9668   19.5352
   -7.5000  -30.0000  -45.000010063.8555   19.5102
    0.0000  -30.0000  -45.000010559.1250   19.4920
    7.5000  -30.0000  -45.000010136.3438   19.5327
   -7.5000  -22.5000  -45.000010607.8154   19.4963
    0.0000  -22.5000  -45.000011130.7500   19.4813
    7.5000  -22.5000  -45.000010718.6992   19.5195
   -7.5000  -15.0000  -45.000011114.6436   19.4851
    0.0000  -15.0000  -45.000011672.1289   19.4724
    7.5000  -15.0000  -45.000011219.5312   19.5018
   -7.5000   -7.5000  -45.000011567.8057   19.4912
    0.0000   -7.5000  -45.000012124.5410   19.4787
    7.5000   -7.5000  -45.000011636.7480   19.5007
   -7.5000    0.0000  -45.000011877.4551   19.5084
    0.0000    0.0000  -45.000012432.1133   19.4931
    7.5000    0.0000  -45.000011941.2998   19.5154
   -7.5000    7.5000  -45.000011226.3984   19.5160
    0.0000    7.5000  -45.000011722.3125   19.4975
    7.5000    7.5000  -45.000011268.3525   19.5297
   -7.5000   15.0000  -45.000010449.0527   19.5102
    0.0000   15.0000  -45.000010926.3916   19.4920
    7.5000   15.0000  -45.000010491.7910   19.5327
   -7.5000   22.5000  -45.0000 9595.2090   19.4937
    0.0000   22.5000  -45.000010027.2373   19.4787
    7.5000   22.5000  -45.0000 9632.0830   19.5168
   -7.5000   30.0000  -45.0000 8694.0410   19.2256
    0.0000   30.0000  -45.0000 9087.3701   19.2131
    7.5000   30.0000  -45.0000 8726.3896   19.2421
   -7.5000   37.5000  -45.0000 8115.3184   19.2657
    0.0000   37.5000  -45.0000 8468.2451   19.2531
    7.5000   37.5000  -45.0000 8150.6089   19.2747
   -7.5000   45.0000  -45.0000 7233.7871   18.9084
    0.0000   45.0000  -45.0000 7546.4106   18.8925
    7.5000   45.0000  -45.0000 7244.9834   18.9117
   -7.5000  -45.0000  -37.5000 9633.2637   19.5278
    0.0000  -45.0000  -37.500010134.2559   19.5025
    7.5000  -45.0000  -37.5000 9702.6406   19.5121
   -7.5000  -37.5000  -37.5000 9954.0215   19.5026
    0.0000  -37.5000  -37.500010485.3750   19.4734
    7.5000  -37.5000  -37.500010035.1943   19.4907
   -7.5000  -30.0000  -37.500010612.4199   19.4874
    0.0000  -30.0000  -37.500011165.8633   19.4621
    7.5000  -30.0000  -37.500010724.8828   19.4879
   -7.5000  -22.5000  -37.500011192.6768   19.4775
    0.0000  -22.5000  -37.500011765.0479   19.4596
    7.5000  -22.5000  -37.500011316.5615   19.4844
   -7.5000  -15.0000  -37.500011716.0000   19.4729
    0.0000  -15.0000  -37.500012301.3760   19.4583
    7.5000  -15.0000  -37.500011801.7266   19.4761
   -7.5000   -7.5000  -37.500012178.2568   19.4821
    0.0000   -7.5000  -37.500012767.5732   19.4643
    7.5000   -7.5000  -37.500012222.8750   19.4756
   -7.5000    0.0000  -37.500012449.5098   19.4961
    0.0000    0.0000  -37.500013058.8184   19.4711
    7.5000    0.0000  -37.500012529.0312   19.4808
   -7.5000    7.5000  -37.500011727.9697   19.4967
    0.0000    7.5000  -37.500012284.1973   19.4675
    7.5000    7.5000  -37.500011792.9121   19.4848
   -7.5000   15.0000  -37.500010905.7617   19.4874
    0.0000   15.0000  -37.500011407.8281   19.4621
    7.5000   15.0000  -37.500010951.4492   19.4879
   -7.5000   22.5000  -37.500010006.5830   19.4748
    0.0000   22.5000  -37.500010469.2705   19.4569
    7.5000   22.5000  -37.500010049.2900   19.4817
   -7.5000   30.0000  -37.5000 9073.5088   19.2136
    0.0000   30.0000  -37.5000 9488.0586   19.1992
    7.5000   30.0000  -37.5000 9100.1025   19.2167
   -7.5000   37.5000  -37.5000 8448.1592   19.2579
    0.0000   37.5000  -37.5000 8837.1426   19.2400
    7.5000   37.5000  -37.5000 8486.2637   19.2509
   -7.5000   45.0000  -37.5000 7507.5713   18.8960
    0.0000   45.0000  -37.5000 7838.2300   18.8707
    7.5000   45.0000  -37.5000 7530.0996   18.8778
   -7.5000  -45.0000  -30.000010282.4902   20.3409
    0.0000  -45.0000  -30.000010830.8604   20.3094
    7.5000  -45.0000  -30.000010405.8799   20.3078
   -7.5000  -37.5000  -30.000010636.5684   20.3102
    0.0000  -37.5000  -30.000011190.7822   20.2735
    7.5000  -37.5000  -30.000010754.1572   20.2783
   -7.5000  -30.0000  -30.000011327.8223   20.2868
    0.0000  -30.0000  -30.000011907.2324   20.2589
    7.5000  -30.0000  -30.000011452.9834   20.2713
   -7.5000  -22.5000  -30.000011944.5605   20.2750
    0.0000  -22.5000  -30.000012546.3750   20.2603
    7.5000  -22.5000  -30.000012068.5859   20.2715
   -7.5000  -15.0000  -30.000012483.1592   20.2751
    0.0000  -15.0000  -30.000013093.3818   20.2655
    7.5000  -15.0000  -30.000012574.2549   20.2704
   -7.5000   -7.5000  -30.000012968.2666   20.2911
    0.0000   -7.5000  -30.000013575.8115   20.2738
    7.5000   -7.5000  -30.000013024.4922   20.2737
   -7.5000    0.0000  -30.000013244.1113   20.3082
    0.0000    0.0000  -30.000013878.3154   20.2770
    7.5000    0.0000  -30.000013334.3945   20.2755
   -7.5000    7.5000  -30.000012472.6572   20.3040
    0.0000    7.5000  -30.000013064.8369   20.2674
    7.5000    7.5000  -30.000012545.1152   20.2722
   -7.5000   15.0000  -30.000011580.0420   20.2868
    0.0000   15.0000  -30.000012097.0381   20.2589
    7.5000   15.0000  -30.000011622.9199   20.2713
   -7.5000   22.5000  -30.000010610.0293   20.2701
    0.0000   22.5000  -30.000011091.5000   20.2554
    7.5000   22.5000  -30.000010659.0771   20.2666
   -7.5000   30.0000  -30.0000 9638.7305   20.0071
    0.0000   30.0000  -30.000010079.4873   19.9976
    7.5000   30.0000  -30.0000 9676.8818   20.0025
   -7.5000   37.5000  -30.0000 8931.9062   20.0603
    0.0000   37.5000  -30.0000 9354.8467   20.0428
    7.5000   37.5000  -30.0000 9001.7363   20.0423
   -7.5000   45.0000  -30.0000 7939.2651   19.6979
    0.0000   45.0000  -30.0000 8303.2168   19.6665
    7.5000   45.0000  -30.0000 7968.3320   19.6627
   -7.5000  -45.0000  -22.500010932.2793   21.0167
    0.0000  -45.0000  -22.500011495.1016   20.9894
    7.5000  -45.0000  -22.500011095.4336   20.9891
   -7.5000  -37.5000  -22.500011290.4727   20.9877
    0.0000  -37.5000  -22.500011841.8672   20.9543
    7.5000  -37.5000  -22.500011421.0977   20.9606
   -7.5000  -30.0000  -22.500011991.1133   20.9578
    0.0000  -30.0000  -22.500012572.6904   20.9340
    7.5000  -30.0000  -22.500012128.5127   20.9472
   -7.5000  -22.5000  -22.500012666.3604   20.9371
    0.0000  -22.5000  -22.500013276.9756   20.9286
    7.5000  -22.5000  -22.500012788.3252   20.9394
   -7.5000  -15.0000  -22.500013224.2686   20.9343
    0.0000  -15.0000  -22.500013849.1348   20.9327
    7.5000  -15.0000  -22.500013313.9932   20.9376
   -7.5000   -7.5000  -22.500013707.6943   20.9564
    0.0000   -7.5000  -22.500014361.3887   20.9459
    7.5000   -7.5000  -22.500013782.5234   20.9465
   -7.5000    0.0000  -22.500014001.6035   20.9832
    0.0000    0.0000  -22.500014662.4570   20.9561
    7.5000    0.0000  -22.500014086.7578   20.9559
   -7.5000    7.5000  -22.500013157.8330   20.9817
    0.0000    7.5000  -22.500013778.4297   20.9484
    7.5000    7.5000  -22.500013242.5811   20.9547
   -7.5000   15.0000  -22.500012194.6533   20.9578
    0.0000   15.0000  -22.500012752.0371   20.9340
    7.5000   15.0000  -22.500012268.0859   20.9472
   -7.5000   22.5000  -22.500011158.1201   20.9307
    0.0000   22.5000  -22.500011665.1592   20.9221
    7.5000   22.5000  -22.500011236.2119   20.9330
   -7.5000   30.0000  -22.500010143.0879   20.6607
    0.0000   30.0000  -22.500010591.9590   20.6591
    7.5000   30.0000  -22.500010196.3633   20.6640
   -7.5000   37.5000  -22.5000 9383.3506   20.7206
    0.0000   37.5000  -22.5000 9823.7490   20.7098
    7.5000   37.5000  -22.5000 9457.5186   20.7101
   -7.5000   45.0000  -22.5000 8331.7119   20.3682
    0.0000   45.0000  -22.5000 8707.4258   20.3406
    7.5000   45.0000  -22.5000 8363.9727   20.3381
   -7.5000  -45.0000  -15.000011617.2549   21.4956
    0.0000  -45.0000  -15.000012213.3154   21.4779
    7.5000  -45.0000  -15.000011782.5225   21.4907
   -7.5000  -37.5000  -15.000011941.2998   21.4698
    0.0000  -37.5000  -15.000012509.7344   21.4463
    7.5000  -37.5000  -15.000012072.3047   21.4681
   -7.5000  -30.0000  -15.000012677.0732   21.4399
    0.0000  -30.0000  -15.000013263.3418   21.4221
    7.5000  -30.0000  -15.000012791.5957   21.4500
   -7.5000  -22.5000  -15.000013392.6855   21.4135
    0.0000  -22.5000  -15.000014006.6357   21.4075
    7.5000  -22.5000  -15.000013481.0508   21.4311
   -7.5000  -15.0000  -15.000013975.8555   21.4056
    0.0000  -15.0000  -15.000014612.9209   21.4064
    7.5000  -15.0000  -15.000014036.5703   21.4226
   -7.5000   -7.5000  -15.000014461.0361   21.4289
    0.0000   -7.5000  -15.000015119.9619   21.4240
    7.5000   -7.5000  -15.000014496.0498   21.4355
   -7.5000    0.0000  -15.000014772.0410   21.4611
    0.0000    0.0000  -15.000015453.0361   21.4437
    7.5000    0.0000  -15.000014799.3691   21.4565
   -7.5000    7.5000  -15.000013888.8828   21.4641
    0.0000    7.5000  -15.000014532.0127   21.4408
    7.5000    7.5000  -15.000013935.8379   21.4624
   -7.5000   15.0000  -15.000012839.4473   21.4399
    0.0000   15.0000  -15.000013418.2920   21.4221
    7.5000   15.0000  -15.000012894.3242   21.4500
   -7.5000   22.5000  -15.000011708.8311   21.4060
    0.0000   22.5000  -15.000012240.6260   21.3999
    7.5000   22.5000  -15.000011765.7842   21.4235
   -7.5000   30.0000  -15.000010619.4004   21.1288
    0.0000   30.0000  -15.000011080.6973   21.1295
    7.5000   30.0000  -15.000010654.9844   21.1455
   -7.5000   37.5000  -15.0000 9818.9453   21.1893
    0.0000   37.5000  -15.000010234.6572   21.1842
    7.5000   37.5000  -15.0000 9861.3076   21.1953
   -7.5000   45.0000  -15.0000 8703.4580   20.8448
    0.0000   45.0000  -15.0000 9074.3193   20.8265
    7.5000   45.0000  -15.0000 8709.5566   20.8366
   -7.5000  -45.0000   -7.500012351.3242   21.7401
    0.0000  -45.0000   -7.500012981.1787   21.7270
    7.5000  -45.0000   -7.500012494.3564   21.7519
   -7.5000  -37.5000   -7.500012639.0215   21.7182
    0.0000  -37.5000   -7.500013234.5098   21.7001
    7.5000  -37.5000   -7.500012739.4404   21.7359
   -7.5000  -30.0000   -7.500013374.5176   21.6958
    0.0000  -30.0000   -7.500013978.2783   21.6785
    7.5000  -30.0000   -7.500013456.1338   21.7211
   -7.5000  -22.5000   -7.500014122.1807   21.6711
    0.0000  -22.5000   -7.500014791.2158   21.6600
    7.5000  -22.5000   -7.500014169.2383   21.6980
   -7.5000  -15.0000   -7.500014758.1982   21.6581
    0.0000  -15.0000   -7.500015425.3252   21.6523
    7.5000  -15.0000   -7.500014758.8086   21.6813
   -7.5000   -7.5000   -7.500015242.2500   21.6753
    0.0000   -7.5000   -7.500015916.1914   21.6684
    7.5000   -7.5000   -7.500015228.2451   21.6913
   -7.5000    0.0000   -7.500015593.6191   21.7048
    0.0000    0.0000   -7.500016236.5771   21.6920
    7.5000    0.0000   -7.500015536.7314   21.7169
   -7.5000    7.5000   -7.500014664.8389   21.7124
    0.0000    7.5000   -7.500015297.2373   21.6943
    7.5000    7.5000   -7.500014648.7246   21.7301
   -7.5000   15.0000   -7.500013558.7656   21.6958
    0.0000   15.0000   -7.500014108.9795   21.6785
    7.5000   15.0000   -7.500013541.3145   21.7211
   -7.5000   22.5000   -7.500012340.6719   21.6611
    0.0000   22.5000   -7.500012811.3379   21.6500
    7.5000   22.5000   -7.500012307.7773   21.6879
   -7.5000   30.0000   -7.500011142.3379   21.3774
    0.0000   30.0000   -7.500011578.0693   21.3716
    7.5000   30.0000   -7.500011121.4990   21.4002
   -7.5000   37.5000   -7.500010262.4521   21.4316
    0.0000   37.5000   -7.500010669.4795   21.4246
    7.5000   37.5000   -7.500010273.4131   21.4471
   -7.5000   45.0000   -7.5000 9051.9902   21.0853
    0.0000   45.0000   -7.5000 9402.8145   21.0716
    7.5000   45.0000   -7.5000 9045.5752   21.0932
   -7.5000  -45.0000    0.000013015.9414   21.7952
    0.0000  -45.0000    0.000013626.3389   21.7769
    7.5000  -45.0000    0.000013077.6211   21.8011
   -7.5000  -37.5000    0.000013307.7178   21.7737
    0.0000  -37.5000    0.000013871.1514   21.7512
    7.5000  -37.5000    0.000013338.8809   21.7857
   -7.5000  -30.0000    0.000014020.0625   21.7583
    0.0000  -30.0000    0.000014606.1943   21.7359
    7.5000  -30.0000    0.000014036.5293   21.7795
   -7.5000  -22.5000    0.000014765.9053   21.7404
    0.0000  -22.5000    0.000015359.7217   21.7222
    7.5000  -22.5000    0.000014717.1406   21.7634
   -7.5000  -15.0000    0.000015402.1250   21.7277
    0.0000  -15.0000    0.000016019.4873   21.7131
    7.5000  -15.0000    0.000015366.2002   21.7455
   -7.5000   -7.5000    0.000015903.3730   21.7377
    0.0000   -7.5000    0.000016532.5312   21.7235
    7.5000   -7.5000    0.000015858.1318   21.7479
   -7.5000    0.0000    0.000016268.2891   21.7597
    0.0000    0.0000    0.000016897.8496   21.7417
    7.5000    0.0000    0.000016198.5205   21.7660
   -7.5000    7.5000    0.000015334.3691   21.7675
    0.0000    7.5000    0.000015925.3438   21.7450
    7.5000    7.5000    0.000015284.6494   21.7795
   -7.5000   15.0000    0.000014186.5059   21.7583
    0.0000   15.0000    0.000014673.9316   21.7359
    7.5000   15.0000    0.000014104.7520   21.7795
   -7.5000   22.5000    0.000012912.3340   21.7304
    0.0000   22.5000    0.000013341.3809   21.7122
    7.5000   22.5000    0.000012825.6797   21.7534
   -7.5000   30.0000    0.000011613.5010   21.4467
    0.0000   30.0000    0.000012021.4512   21.4323
    7.5000   30.0000    0.000011546.3311   21.4642
   -7.5000   37.5000    0.000010701.1836   21.4944
    0.0000   37.5000    0.000011080.0352   21.4801
    7.5000   37.5000    0.000010661.8506   21.5041
   -7.5000   45.0000    0.0000 9395.9678   21.1396
    0.0000   45.0000    0.0000 9737.8428   21.1209
    7.5000   45.0000    0.0000 9340.4189   21.1418
   -7.5000  -45.0000    7.500012626.6260   21.8484
    0.0000  -45.0000    7.500013161.1289   21.8200
    7.5000  -45.0000    7.500012632.6719   21.8309
   -7.5000  -37.5000    7.500012939.1895   21.8198
    0.0000  -37.5000    7.500013426.4238   21.7871
    7.5000  -37.5000    7.500012919.0439   21.8066
   -7.5000  -30.0000    7.500013678.4404   21.8023
    0.0000  -30.0000    7.500014143.5723   21.7741
    7.5000  -30.0000    7.500013638.7666   21.8030
   -7.5000  -22.5000    7.500014392.9746   21.7912
    0.0000  -22.5000    7.500014874.4805   21.7713
    7.5000  -22.5000    7.500014335.9258   21.7991
   -7.5000  -15.0000    7.500015000.8174   21.7865
    0.0000  -15.0000    7.500015570.1445   21.7702
    7.5000  -15.0000    7.500015006.3975   21.7902
   -7.5000   -7.5000    7.500015488.6738   21.7973
    0.0000   -7.5000    7.500016075.2021   21.7774
    7.5000   -7.5000    7.500015490.5527   21.7901
   -7.5000    0.0000    7.500015832.0938   21.8129
    0.0000    0.0000    7.500016431.3750   21.7849
    7.5000    0.0000    7.500015763.8105   21.7959
   -7.5000    7.5000    7.500014911.9609   21.8132
    0.0000    7.5000    7.500015496.4209   21.7806
    7.5000    7.5000    7.500014837.7773   21.8000
   -7.5000   15.0000    7.500013736.6416   21.8023
    0.0000   15.0000    7.500014245.5732   21.7741
    7.5000   15.0000    7.500013645.8281   21.8030
   -7.5000   22.5000    7.500012507.0176   21.7812
    0.0000   22.5000    7.500012939.2246   21.7612
    7.5000   22.5000    7.500012391.3730   21.7891
   -7.5000   30.0000    7.500011225.0322   21.5048
    0.0000   30.0000    7.500011628.7402   21.4887
    7.5000   30.0000    7.500011131.8096   21.5084
   -7.5000   37.5000    7.500010324.8398   21.5548
    0.0000   37.5000    7.500010690.6924   21.5348
    7.5000   37.5000    7.500010234.1572   21.5470
   -7.5000   45.0000    7.5000 9040.0625   21.1913
    0.0000   45.0000    7.5000 9331.4023   21.1629
    7.5000   45.0000    7.5000 8913.1582   21.1709
   -7.5000  -45.0000   15.000012056.6143   21.9321
    0.0000  -45.0000   15.000012527.2305   21.8986
    7.5000  -45.0000   15.000012071.2695   21.8968
   -7.5000  -37.5000   15.000012367.8408   21.8985
    0.0000  -37.5000   15.000012826.1357   21.8594
    7.5000  -37.5000   15.000012358.4814   21.8646
   -7.5000  -30.0000   15.000013095.4971   21.8734
    0.0000  -30.0000   15.000013573.2783   21.8438
    7.5000  -30.0000   15.000013065.5674   21.8573
   -7.5000  -22.5000   15.000013801.5488   21.8612
    0.0000  -22.5000   15.000014369.1426   21.8459
    7.5000  -22.5000   15.000013803.5293   21.8581
   -7.5000  -15.0000   15.000014452.7158   21.8618
    0.0000  -15.0000   15.000015086.9131   21.8520
    7.5000  -15.0000   15.000014493.4658   21.8574
   -7.5000   -7.5000   15.000014945.9375   21.8788
    0.0000   -7.5000   15.000015572.8311   21.8607
    7.5000   -7.5000   15.000014954.4424   21.8606
   -7.5000    0.0000   15.000015259.3506   21.8967
    0.0000    0.0000   15.000015834.7607   21.8636
    7.5000    0.0000   15.000015182.7676   21.8619
   -7.5000    7.5000   15.000014344.6055   21.8918
    0.0000    7.5000   15.000014876.6045   21.8528
    7.5000    7.5000   15.000014231.7744   21.8580
   -7.5000   15.0000   15.000013185.4727   21.8734
    0.0000   15.0000   15.000013650.6094   21.8438
    7.5000   15.0000   15.000013038.7910   21.8573
   -7.5000   22.5000   15.000011973.3809   21.8511
    0.0000   22.5000   15.000012363.8818   21.8358
    7.5000   22.5000   15.000011810.1016   21.8480
   -7.5000   30.0000   15.000010722.6787   21.5791
    0.0000   30.0000   15.000011068.3887   21.5695
    7.5000   30.0000   15.000010574.8672   21.5748
   -7.5000   37.5000   15.0000 9826.4395   21.6365
    0.0000   37.5000   15.000010143.6221   21.6182
    7.5000   37.5000   15.0000 9682.6045   21.6177
   -7.5000   45.0000   15.0000 8580.9805   21.2738
    0.0000   45.0000   15.0000 8840.6875   21.2404
    7.5000   45.0000   15.0000 8434.3125   21.2362
   -7.5000  -45.0000   22.500011312.4395   22.0212
    0.0000  -45.0000   22.500011821.2236   21.9936
    7.5000  -45.0000   22.500011384.8896   21.9935
   -7.5000  -37.5000   22.500011635.9697   21.9901
    0.0000  -37.5000   22.500012161.5947   21.9562
    7.5000  -37.5000   22.500011699.8213   21.9633
   -7.5000  -30.0000   22.500012358.3174   21.9584
    0.0000  -30.0000   22.500012912.1953   21.9347
    7.5000  -30.0000   22.500012411.1826   21.9490
   -7.5000  -22.5000   22.500013072.9238   21.9368
    0.0000  -22.5000   22.500013665.6895   21.9292
    7.5000  -22.5000   22.500013146.0449   21.9409
   -7.5000  -15.0000   22.500013703.1191   21.9343
    0.0000  -15.0000   22.500014350.5488   21.9339
    7.5000  -15.0000   22.500013775.7803   21.9391
   -7.5000   -7.5000   22.500014175.6172   21.9577
    0.0000   -7.5000   22.500014799.8389   21.9478
    7.5000   -7.5000   22.500014188.4824   21.9485
   -7.5000    0.0000   22.500014451.3359   21.9857
    0.0000    0.0000   22.500015002.2539   21.9584
    7.5000    0.0000   22.500014382.9482   21.9584
   -7.5000    7.5000   22.500013572.0947   21.9838
    0.0000    7.5000   22.500014060.4863   21.9501
    7.5000    7.5000   22.500013436.2559   21.9571
   -7.5000   15.0000   22.500012466.6270   21.9584
    0.0000   15.0000   22.500012900.9883   21.9347
    7.5000   15.0000   22.500012305.0273   21.9490
   -7.5000   22.5000   22.500011294.8877   21.9267
    0.0000   22.5000   22.500011671.7744   21.9191
    7.5000   22.5000   22.500011119.9717   21.9308
   -7.5000   30.0000   22.500010100.6562   21.6506
    0.0000   30.0000   22.500010438.2344   21.6502
    7.5000   30.0000   22.5000 9950.6777   21.6554
   -7.5000   37.5000   22.5000 9225.3037   21.7140
    0.0000   37.5000   22.5000 9546.1768   21.7038
    7.5000   37.5000   22.5000 9099.8691   21.7041
   -7.5000   45.0000   22.5000 8036.8984   21.3615
    0.0000   45.0000   22.5000 8311.3906   21.3336
    7.5000   45.0000   22.5000 7920.4302   21.3310
   -7.5000  -45.0000   30.000010486.1338   22.1565
    0.0000  -45.0000   30.000010991.0117   22.1398
    7.5000  -45.0000   30.000010598.1426   22.1540
   -7.5000  -37.5000   30.000010817.8203   22.1286
    0.0000  -37.5000   30.000011341.2148   22.1059
    7.5000  -37.5000   30.000010921.3926   22.1296
   -7.5000  -30.0000   30.000011514.2451   22.0964
    0.0000  -30.0000   30.000012071.8252   22.0796
    7.5000  -30.0000   30.000011612.7734   22.1097
   -7.5000  -22.5000   30.000012182.2715   22.0687
    0.0000  -22.5000   30.000012776.0869   22.0641
    7.5000  -22.5000   30.000012299.9648   22.0897
   -7.5000  -15.0000   30.000012800.5830   22.0612
    0.0000  -15.0000   30.000013396.1211   22.0637
    7.5000  -15.0000   30.000012880.1572   22.0815
   -7.5000   -7.5000   30.000013234.1885   22.0865
    0.0000   -7.5000   30.000013809.7295   22.0830
    7.5000   -7.5000   30.000013258.7695   22.0959
   -7.5000    0.0000   30.000013460.3516   22.1204
    0.0000    0.0000   30.000013984.7451   22.1039
    7.5000    0.0000   30.000013424.3467   22.1181
   -7.5000    7.5000   30.000012643.9971   22.1227
    0.0000    7.5000   30.000013096.5645   22.1000
    7.5000    7.5000   30.000012527.0850   22.1237
   -7.5000   15.0000   30.000011613.2139   22.0964
    0.0000   15.0000   30.000012034.6484   22.0796
    7.5000   15.0000   30.000011483.7070   22.1097
   -7.5000   22.5000   30.000010496.5869   22.0585
    0.0000   22.5000   30.000010849.7549   22.0539
    7.5000   22.5000   30.000010362.7305   22.0796
   -7.5000   30.0000   30.0000 9386.7129   21.7759
    0.0000   30.0000   30.0000 9704.3857   21.7783
    7.5000   30.0000   30.0000 9266.3975   21.7959
   -7.5000   37.5000   30.0000 8579.9922   21.8402
    0.0000   37.5000   30.0000 8886.9453   21.8365
    7.5000   37.5000   30.0000 8481.6865   21.8490
   -7.5000   45.0000   30.0000 7479.5293   21.4936
    0.0000   45.0000   30.0000 7758.6704   21.4762
    7.5000   45.0000   30.0000 7399.2324   21.4876
   -7.5000  -45.0000   37.500010035.4951   22.4720
    0.0000  -45.0000   37.500010532.8506   22.4598
    7.5000  -45.0000   37.500010155.6660   22.4862
   -7.5000  -37.5000   37.500010371.3369   22.4456
    0.0000  -37.5000   37.500010896.1230   22.4282
    7.5000  -37.5000   37.500010500.1240   22.4662
   -7.5000  -30.0000   37.500011055.8438   22.4188
    0.0000  -30.0000   37.500011613.5039   22.4022
    7.5000  -30.0000   37.500011170.9541   22.4470
   -7.5000  -22.5000   37.500011713.1914   22.3928
    0.0000  -22.5000   37.500012308.3330   22.3825
    7.5000  -22.5000   37.500011837.5000   22.4220
   -7.5000  -15.0000   37.500012320.5430   22.3821
    0.0000  -15.0000   37.500012880.5771   22.3771
    7.5000  -15.0000   37.500012386.1553   22.4072
   -7.5000   -7.5000   37.500012745.6924   22.4032
    0.0000   -7.5000   37.500013280.1162   22.3972
    7.5000   -7.5000   37.500012749.2021   22.4211
   -7.5000    0.0000   37.500012962.7422   22.4344
    0.0000    0.0000   37.500013469.3975   22.4225
    7.5000    0.0000   37.500012926.8594   22.4489
   -7.5000    7.5000   37.500012145.0137   22.4394
    0.0000    7.5000   37.500012596.9629   22.4221
    7.5000    7.5000   37.500012078.2363   22.4600
   -7.5000   15.0000   37.500011159.0576   22.4188
    0.0000   15.0000   37.500011581.3037   22.4022
    7.5000   15.0000   37.500011081.5615   22.4470
   -7.5000   22.5000   37.500010080.5566   22.3825
    0.0000   22.5000   37.500010445.7549   22.3722
    7.5000   22.5000   37.5000 9991.8828   22.4117
   -7.5000   30.0000   37.5000 9016.0049   22.0926
    0.0000   30.0000   37.5000 9365.8242   22.0877
    7.5000   30.0000   37.5000 8950.1504   22.1173
   -7.5000   37.5000   37.5000 8276.5869   22.1532
    0.0000   37.5000   37.5000 8596.7852   22.1471
    7.5000   37.5000   37.5000 8215.0332   22.1705
   -7.5000   45.0000   37.5000 7236.9844   21.8012
    0.0000   45.0000   37.5000 7506.8481   21.7883
    7.5000   45.0000   37.5000 7172.4487   21.8111
   -7.5000  -45.0000   45.0000 9177.6230   22.8839
    0.0000  -45.0000   45.0000 9655.7344   22.8635
    7.5000  -45.0000   45.0000 9315.1924   22.8880
   -7.5000  -37.5000   45.0000 9516.5957   22.8597
    0.0000  -37.5000   45.000010004.7178   22.8338
    7.5000  -37.5000   45.0000 9636.3057   22.8684
   -7.5000  -30.0000   45.000010156.0947   22.8401
    0.0000  -30.0000   45.000010676.8770   22.8136
    7.5000  -30.0000   45.000010278.9395   22.8573
   -7.5000  -22.5000   45.000010756.9346   22.8176
    0.0000  -22.5000   45.000011304.2822   22.7958
    7.5000  -22.5000   45.000010874.5586   22.8380
   -7.5000  -15.0000   45.000011308.2881   22.8035
    0.0000  -15.0000   45.000011843.1045   22.7865
    7.5000  -15.0000   45.000011366.6357   22.8204
   -7.5000   -7.5000   45.000011728.1943   22.8175
    0.0000   -7.5000   45.000012222.5420   22.8018
    7.5000   -7.5000   45.000011733.6211   22.8272
   -7.5000    0.0000   45.000011944.2412   22.8444
    0.0000    0.0000   45.000012426.6367   22.8245
    7.5000    0.0000   45.000011928.7334   22.8490
   -7.5000    7.5000   45.000011194.9492   22.8528
    0.0000    7.5000   45.000011631.4229   22.8270
    7.5000    7.5000   45.000011143.5068   22.8615
   -7.5000   15.0000   45.000010279.7939   22.8401
    0.0000   15.0000   45.000010692.6436   22.8136
    7.5000   15.0000   45.000010244.7129   22.8573
   -7.5000   22.5000   45.0000 9296.1816   22.8070
    0.0000   22.5000   45.0000 9669.8525   22.7852
    7.5000   22.5000   45.0000 9255.4072   22.8274
   -7.5000   30.0000   45.0000 8329.7393   22.5066
    0.0000   30.0000   45.0000 8683.0225   22.4899
    7.5000   30.0000   45.0000 8305.2041   22.5233
   -7.5000   37.5000   45.0000 7674.1128   22.5625
    0.0000   37.5000   45.0000 7976.0640   22.5466
    7.5000   37.5000   45.0000 7633.3354   22.5716
   -7.5000   45.0000   45.0000 6720.3403   22.2134
    0.0000   45.0000   45.0000 6975.0112   22.1927
    7.5000   45.0000   45.0000 6666.4961   22.2135

---------------------------------------------------------------------
imgreg_4dfp /opt/freesurfer/average/711-2C_as_mni_average_305 /opt/freesurfer/average/711-2B_as_mni_average_305_mask talsrcimg_g11 none talsrcimg_to_711-2C_as_mni_average_305_t4 4355
---------------------------------------------------------------------

freesurfer imgreg_4dfp.c
/opt/freesurfer/average/711-2C_as_mni_average_305.4dfp.img
       256       256       256         1
  1.000000  1.000000  1.000000
orientation T byte_order littleendian
Reading image: /opt/freesurfer/average/711-2C_as_mni_average_305.4dfp.img
dimensions:      256       256       256
mmppix:       1.0000   -1.0000   -1.0000
center:     128.0000 -129.0000 -129.0000
/opt/freesurfer/average/711-2B_as_mni_average_305_mask.4dfp.img
       256       256       256         1
  1.000000  1.000000  1.000000
orientation T byte_order littleendian
Reading mask: /opt/freesurfer/average/711-2B_as_mni_average_305_mask.4dfp.img (2306576 pixels)
talsrcimg_g11.4dfp.img
       256       256       256         1
  1.000000  1.000000  1.000000
orientation T byte_order littleendian
Reading image: talsrcimg_g11.4dfp.img
dimensions:      256       256       256
mmppix:       1.0000   -1.0000   -1.0000
center:     128.0000 -129.0000 -129.0000
rotation matrix determinant  1.000000
image alignment mode   4355 decimal     1103 hex
   -7.5000  -45.0000  -45.0000 2255.7917   18.0595
    0.0000  -45.0000  -45.0000 2280.5657   17.8056
    7.5000  -45.0000  -45.0000 2259.9653   17.8835
   -7.5000  -37.5000  -45.0000 2299.7100   17.3267
    0.0000  -37.5000  -45.0000 2322.3228   17.0452
    7.5000  -37.5000  -45.0000 2299.8291   17.1228
   -7.5000  -30.0000  -45.0000 2316.1855   16.8555
    0.0000  -30.0000  -45.0000 2341.9114   16.6019
    7.5000  -30.0000  -45.0000 2320.9399   16.6889
   -7.5000  -22.5000  -45.0000 2310.5708   16.6299
    0.0000  -22.5000  -45.0000 2329.7466   16.3751
    7.5000  -22.5000  -45.0000 2316.4985   16.4913
   -7.5000  -15.0000  -45.0000 2291.1772   16.7153
    0.0000  -15.0000  -45.0000 2313.4878   16.4370
    7.5000  -15.0000  -45.0000 2295.4956   16.5313
   -7.5000   -7.5000  -45.0000 2249.3794   17.1152
    0.0000   -7.5000  -45.0000 2270.1729   16.8375
    7.5000   -7.5000  -45.0000 2247.7175   16.9723
   -7.5000    0.0000  -45.0000 2182.5293   17.9034
    0.0000    0.0000  -45.0000 2205.7527   17.5980
    7.5000    0.0000  -45.0000 2185.7366   17.7458
   -7.5000    7.5000  -45.0000 2104.8806   19.0738
    0.0000    7.5000  -45.0000 2126.2898   18.7152
    7.5000    7.5000  -45.0000 2105.3132   18.8884
   -7.5000   15.0000  -45.0000 2006.7113   20.7156
    0.0000   15.0000  -45.0000 2030.0453   20.3039
    7.5000   15.0000  -45.0000 2006.7272   20.4654
   -7.5000   22.5000  -45.0000 1900.4648   22.9350
    0.0000   22.5000  -45.0000 1920.3058   22.5636
    7.5000   22.5000  -45.0000 1903.1705   22.6919
   -7.5000   30.0000  -45.0000 1781.3486   26.0558
    0.0000   30.0000  -45.0000 1801.3481   25.6818
    7.5000   30.0000  -45.0000 1783.2673   25.8299
   -7.5000   37.5000  -45.0000 1658.3809   30.4184
    0.0000   37.5000  -45.0000 1675.2200   30.0313
    7.5000   37.5000  -45.0000 1666.8499   30.2018
   -7.5000   45.0000  -45.0000 1521.7217   36.7628
    0.0000   45.0000  -45.0000 1535.1163   36.2505
    7.5000   45.0000  -45.0000 1532.4434   36.3985
   -7.5000  -45.0000  -37.5000 2342.1604   16.7692
    0.0000  -45.0000  -37.5000 2374.4561   16.5132
    7.5000  -45.0000  -37.5000 2348.8376   16.5642
   -7.5000  -37.5000  -37.5000 2388.7266   16.0894
    0.0000  -37.5000  -37.5000 2420.1282   15.8356
    7.5000  -37.5000  -37.5000 2392.7869   15.8549
   -7.5000  -30.0000  -37.5000 2407.7205   15.6969
    0.0000  -30.0000  -37.5000 2436.9314   15.4354
    7.5000  -30.0000  -37.5000 2415.3235   15.4924
   -7.5000  -22.5000  -37.5000 2404.4043   15.5225
    0.0000  -22.5000  -37.5000 2430.2327   15.2893
    7.5000  -22.5000  -37.5000 2413.6621   15.3321
   -7.5000  -15.0000  -37.5000 2383.3159   15.6127
    0.0000  -15.0000  -37.5000 2411.9771   15.3577
    7.5000  -15.0000  -37.5000 2389.9553   15.3972
   -7.5000   -7.5000  -37.5000 2340.2185   15.9663
    0.0000   -7.5000  -37.5000 2369.4963   15.6911
    7.5000   -7.5000  -37.5000 2343.2295   15.7703
   -7.5000    0.0000  -37.5000 2272.0178   16.6373
    0.0000    0.0000  -37.5000 2300.9060   16.3554
    7.5000    0.0000  -37.5000 2278.4170   16.4475
   -7.5000    7.5000  -37.5000 2186.8997   17.6546
    0.0000    7.5000  -37.5000 2212.6162   17.3374
    7.5000    7.5000  -37.5000 2191.3958   17.4591
   -7.5000   15.0000  -37.5000 2081.6907   19.1561
    0.0000   15.0000  -37.5000 2109.0581   18.7774
    7.5000   15.0000  -37.5000 2090.2983   18.8941
   -7.5000   22.5000  -37.5000 1969.6652   21.1621
    0.0000   22.5000  -37.5000 1994.4497   20.8085
    7.5000   22.5000  -37.5000 1977.1132   20.9125
   -7.5000   30.0000  -37.5000 1847.9657   23.9928
    0.0000   30.0000  -37.5000 1872.9076   23.6476
    7.5000   30.0000  -37.5000 1852.9088   23.7851
   -7.5000   37.5000  -37.5000 1722.8771   27.8834
    0.0000   37.5000  -37.5000 1743.8175   27.5574
    7.5000   37.5000  -37.5000 1728.1511   27.7075
   -7.5000   45.0000  -37.5000 1580.9071   33.5375
    0.0000   45.0000  -37.5000 1597.6030   33.1244
    7.5000   45.0000  -37.5000 1590.2471   33.2166
   -7.5000  -45.0000  -30.0000 2462.0320   16.1424
    0.0000  -45.0000  -30.0000 2500.9141   15.8573
    7.5000  -45.0000  -30.0000 2476.4141   15.8891
   -7.5000  -37.5000  -30.0000 2520.0947   15.4646
    0.0000  -37.5000  -30.0000 2552.0964   15.1979
    7.5000  -37.5000  -30.0000 2529.2368   15.2166
   -7.5000  -30.0000  -30.0000 2546.2822   15.1023
    0.0000  -30.0000  -30.0000 2578.6238   14.8153
    7.5000  -30.0000  -30.0000 2555.4788   14.8482
   -7.5000  -22.5000  -30.0000 2544.8518   14.9904
    0.0000  -22.5000  -30.0000 2577.3938   14.7293
    7.5000  -22.5000  -30.0000 2555.9133   14.7325
   -7.5000  -15.0000  -30.0000 2524.4636   15.1064
    0.0000  -15.0000  -30.0000 2556.6458   14.8387
    7.5000  -15.0000  -30.0000 2536.3784   14.8227
   -7.5000   -7.5000  -30.0000 2482.9895   15.4570
    0.0000   -7.5000  -30.0000 2514.5603   15.1761
    7.5000   -7.5000  -30.0000 2492.6279   15.1936
   -7.5000    0.0000  -30.0000 2407.8743   16.0738
    0.0000    0.0000  -30.0000 2442.0142   15.7909
    7.5000    0.0000  -30.0000 2421.9502   15.8217
   -7.5000    7.5000  -30.0000 2317.4822   17.0297
    0.0000    7.5000  -30.0000 2348.2566   16.7086
    7.5000    7.5000  -30.0000 2330.2654   16.7725
   -7.5000   15.0000  -30.0000 2205.2925   18.4050
    0.0000   15.0000  -30.0000 2234.2849   18.0484
    7.5000   15.0000  -30.0000 2220.0479   18.1484
   -7.5000   22.5000  -30.0000 2080.2563   20.3149
    0.0000   22.5000  -30.0000 2105.9343   19.9227
    7.5000   22.5000  -30.0000 2094.8047   20.0434
   -7.5000   30.0000  -30.0000 1955.4585   22.9771
    0.0000   30.0000  -30.0000 1978.2343   22.5991
    7.5000   30.0000  -30.0000 1963.4745   22.7334
   -7.5000   37.5000  -30.0000 1819.7715   26.6782
    0.0000   37.5000  -30.0000 1843.2651   26.2761
    7.5000   37.5000  -30.0000 1830.1364   26.5007
   -7.5000   45.0000  -30.0000 1678.0732   31.9653
    0.0000   45.0000  -30.0000 1698.0807   31.4779
    7.5000   45.0000  -30.0000 1683.3114   31.6267
   -7.5000  -45.0000  -22.5000 2556.3086   15.4623
    0.0000  -45.0000  -22.5000 2592.5508   15.1444
    7.5000  -45.0000  -22.5000 2576.5334   15.1410
   -7.5000  -37.5000  -22.5000 2623.6880   14.7897
    0.0000  -37.5000  -22.5000 2653.7314   14.4698
    7.5000  -37.5000  -22.5000 2634.6116   14.4796
   -7.5000  -30.0000  -22.5000 2651.7078   14.4331
    0.0000  -30.0000  -22.5000 2686.2109   14.1302
    7.5000  -30.0000  -22.5000 2667.0728   14.1349
   -7.5000  -22.5000  -22.5000 2659.3213   14.3537
    0.0000  -22.5000  -22.5000 2695.0315   14.0655
    7.5000  -22.5000  -22.5000 2676.5940   14.0543
   -7.5000  -15.0000  -22.5000 2640.0645   14.4976
    0.0000  -15.0000  -22.5000 2675.0857   14.2169
    7.5000  -15.0000  -22.5000 2656.1836   14.1908
   -7.5000   -7.5000  -22.5000 2594.4795   14.8568
    0.0000   -7.5000  -22.5000 2634.5195   14.5944
    7.5000   -7.5000  -22.5000 2617.6152   14.5588
   -7.5000    0.0000  -22.5000 2516.8855   15.4688
    0.0000    0.0000  -22.5000 2559.2354   15.1900
    7.5000    0.0000  -22.5000 2542.0308   15.1979
   -7.5000    7.5000  -22.5000 2415.8149   16.3534
    0.0000    7.5000  -22.5000 2457.3164   16.0544
    7.5000    7.5000  -22.5000 2440.6736   16.0941
   -7.5000   15.0000  -22.5000 2300.2068   17.6073
    0.0000   15.0000  -22.5000 2334.0337   17.3048
    7.5000   15.0000  -22.5000 2320.2327   17.3763
   -7.5000   22.5000  -22.5000 2164.9451   19.4401
    0.0000   22.5000  -22.5000 2192.3879   19.0878
    7.5000   22.5000  -22.5000 2183.6660   19.1934
   -7.5000   30.0000  -22.5000 2033.8668   21.9863
    0.0000   30.0000  -22.5000 2054.8972   21.6097
    7.5000   30.0000  -22.5000 2045.5148   21.7410
   -7.5000   37.5000  -22.5000 1886.9031   25.4279
    0.0000   37.5000  -22.5000 1915.3485   25.0552
    7.5000   37.5000  -22.5000 1903.5887   25.1937
   -7.5000   45.0000  -22.5000 1744.3955   30.2897
    0.0000   45.0000  -22.5000 1764.7690   29.8872
    7.5000   45.0000  -22.5000 1752.1877   29.9593
   -7.5000  -45.0000  -15.0000 2619.3921   14.8477
    0.0000  -45.0000  -15.0000 2655.6858   14.5129
    7.5000  -45.0000  -15.0000 2639.9402   14.5135
   -7.5000  -37.5000  -15.0000 2693.5752   14.1749
    0.0000  -37.5000  -15.0000 2729.3962   13.8364
    7.5000  -37.5000  -15.0000 2708.4827   13.8282
   -7.5000  -30.0000  -15.0000 2731.5620   13.8374
    0.0000  -30.0000  -15.0000 2767.0776   13.4952
    7.5000  -30.0000  -15.0000 2750.7107   13.4910
   -7.5000  -22.5000  -15.0000 2739.4126   13.7868
    0.0000  -22.5000  -15.0000 2784.4648   13.4546
    7.5000  -22.5000  -15.0000 2768.1670   13.4303
   -7.5000  -15.0000  -15.0000 2722.8689   13.9446
    0.0000  -15.0000  -15.0000 2770.8464   13.6435
    7.5000  -15.0000  -15.0000 2755.3350   13.5912
   -7.5000   -7.5000  -15.0000 2676.9136   14.3098
    0.0000   -7.5000  -15.0000 2726.8328   14.0407
    7.5000   -7.5000  -15.0000 2709.6318   13.9804
   -7.5000    0.0000  -15.0000 2597.8713   14.9026
    0.0000    0.0000  -15.0000 2647.2039   14.6476
    7.5000    0.0000  -15.0000 2627.4724   14.6277
   -7.5000    7.5000  -15.0000 2491.0317   15.7516
    0.0000    7.5000  -15.0000 2538.5015   15.4826
    7.5000    7.5000  -15.0000 2519.3301   15.5153
   -7.5000   15.0000  -15.0000 2367.7043   16.9576
    0.0000   15.0000  -15.0000 2407.2393   16.6626
    7.5000   15.0000  -15.0000 2389.8777   16.7260
   -7.5000   22.5000  -15.0000 2222.5078   18.7100
    0.0000   22.5000  -15.0000 2255.1875   18.3910
    7.5000   22.5000  -15.0000 2244.8298   18.4747
   -7.5000   30.0000  -15.0000 2081.6150   21.1350
    0.0000   30.0000  -15.0000 2106.2056   20.7974
    7.5000   30.0000  -15.0000 2096.0205   20.8879
   -7.5000   37.5000  -15.0000 1928.9873   24.3319
    0.0000   37.5000  -15.0000 1951.8191   23.9714
    7.5000   37.5000  -15.0000 1947.2635   24.0852
   -7.5000   45.0000  -15.0000 1778.0894   28.7602
    0.0000   45.0000  -15.0000 1801.1290   28.3269
    7.5000   45.0000  -15.0000 1793.6857   28.4417
   -7.5000  -45.0000   -7.5000 2657.6670   14.3557
    0.0000  -45.0000   -7.5000 2696.5757   13.9908
    7.5000  -45.0000   -7.5000 2678.3118   13.9740
   -7.5000  -37.5000   -7.5000 2740.1575   13.6602
    0.0000  -37.5000   -7.5000 2785.8179   13.2778
    7.5000  -37.5000   -7.5000 2760.6597   13.2817
   -7.5000  -30.0000   -7.5000 2792.8464   13.2778
    0.0000  -30.0000   -7.5000 2833.0549   12.9157
    7.5000  -30.0000   -7.5000 2816.4121   12.9212
   -7.5000  -22.5000   -7.5000 2805.5835   13.2491
    0.0000  -22.5000   -7.5000 2858.1445   12.9020
    7.5000  -22.5000   -7.5000 2839.8752   12.8694
   -7.5000  -15.0000   -7.5000 2790.0632   13.4370
    0.0000  -15.0000   -7.5000 2845.5808   13.1200
    7.5000  -15.0000   -7.5000 2829.8267   13.0532
   -7.5000   -7.5000   -7.5000 2731.9292   13.8296
    0.0000   -7.5000   -7.5000 2794.4307   13.5373
    7.5000   -7.5000   -7.5000 2781.3813   13.4782
   -7.5000    0.0000   -7.5000 2650.6335   14.4170
    0.0000    0.0000   -7.5000 2706.3662   14.1523
    7.5000    0.0000   -7.5000 2690.1902   14.1314
   -7.5000    7.5000   -7.5000 2537.9324   15.2638
    0.0000    7.5000   -7.5000 2591.6946   15.0113
    7.5000    7.5000   -7.5000 2573.3054   15.0339
   -7.5000   15.0000   -7.5000 2408.4036   16.4279
    0.0000   15.0000   -7.5000 2447.4277   16.1642
    7.5000   15.0000   -7.5000 2432.6328   16.2208
   -7.5000   22.5000   -7.5000 2261.5684   18.1197
    0.0000   22.5000   -7.5000 2292.9280   17.8329
    7.5000   22.5000   -7.5000 2283.2678   17.9187
   -7.5000   30.0000   -7.5000 2113.6924   20.4315
    0.0000   30.0000   -7.5000 2139.6099   20.1255
    7.5000   30.0000   -7.5000 2128.5300   20.2119
   -7.5000   37.5000   -7.5000 1957.2694   23.4063
    0.0000   37.5000   -7.5000 1977.4553   23.1022
    7.5000   37.5000   -7.5000 1970.2692   23.2025
   -7.5000   45.0000   -7.5000 1798.9684   27.5124
    0.0000   45.0000   -7.5000 1821.4658   27.1251
    7.5000   45.0000   -7.5000 1814.6211   27.2405
   -7.5000  -45.0000    0.0000 2668.6956   14.1118
    0.0000  -45.0000    0.0000 2712.2056   13.6371
    7.5000  -45.0000    0.0000 2697.9668   13.6411
   -7.5000  -37.5000    0.0000 2760.3152   13.3645
    0.0000  -37.5000    0.0000 2814.4790   12.9289
    7.5000  -37.5000    0.0000 2792.4607   12.9441
   -7.5000  -30.0000    0.0000 2824.0745   12.9508
    0.0000  -30.0000    0.0000 2879.3364   12.5303
    7.5000  -30.0000    0.0000 2858.5093   12.5807
   -7.5000  -22.5000    0.0000 2848.6555   12.8983
    0.0000  -22.5000    0.0000 2905.6306   12.5197
    7.5000  -22.5000    0.0000 2889.5986   12.5116
   -7.5000  -15.0000    0.0000 2829.7485   13.0960
    0.0000  -15.0000    0.0000 2891.2891   12.7375
    7.5000  -15.0000    0.0000 2881.5793   12.7161
   -7.5000   -7.5000    0.0000 2770.8235   13.5048
    0.0000   -7.5000    0.0000 2832.1462   13.1681
    7.5000   -7.5000    0.0000 2821.2312   13.1471
   -7.5000    0.0000    0.0000 2682.1736   14.1009
    0.0000    0.0000    0.0000 2734.6609   13.7998
    7.5000    0.0000    0.0000 2717.4670   13.8331
   -7.5000    7.5000    0.0000 2565.7932   14.9922
    0.0000    7.5000    0.0000 2613.3982   14.6969
    7.5000    7.5000    0.0000 2596.3262   14.7634
   -7.5000   15.0000    0.0000 2431.8157   16.1851
    0.0000   15.0000    0.0000 2464.3354   15.8765
    7.5000   15.0000    0.0000 2450.9473   15.9912
   -7.5000   22.5000    0.0000 2282.4275   17.8330
    0.0000   22.5000    0.0000 2312.5044   17.4634
    7.5000   22.5000    0.0000 2301.9802   17.6138
   -7.5000   30.0000    0.0000 2126.1162   20.0268
    0.0000   30.0000    0.0000 2155.5745   19.6638
    7.5000   30.0000    0.0000 2143.1577   19.8002
   -7.5000   37.5000    0.0000 1972.1217   22.8898
    0.0000   37.5000    0.0000 1992.8630   22.5520
    7.5000   37.5000    0.0000 1985.9318   22.7057
   -7.5000   45.0000    0.0000 1808.2865   26.7422
    0.0000   45.0000    0.0000 1832.8958   26.3938
    7.5000   45.0000    0.0000 1824.8837   26.5032
   -7.5000  -45.0000    7.5000 2662.6780   14.0743
    0.0000  -45.0000    7.5000 2711.3728   13.5426
    7.5000  -45.0000    7.5000 2702.6567   13.5614
   -7.5000  -37.5000    7.5000 2753.6099   13.3089
    0.0000  -37.5000    7.5000 2812.5015   12.8245
    7.5000  -37.5000    7.5000 2800.2549   12.8552
   -7.5000  -30.0000    7.5000 2823.3459   12.8930
    0.0000  -30.0000    7.5000 2887.5610   12.4244
    7.5000  -30.0000    7.5000 2876.6934   12.4701
   -7.5000  -22.5000    7.5000 2852.8835   12.8364
    0.0000  -22.5000    7.5000 2922.4619   12.3905
    7.5000  -22.5000    7.5000 2911.0623   12.4414
   -7.5000  -15.0000    7.5000 2839.3289   13.0194
    0.0000  -15.0000    7.5000 2910.1926   12.6245
    7.5000  -15.0000    7.5000 2902.5295   12.6522
   -7.5000   -7.5000    7.5000 2781.1602   13.4306
    0.0000   -7.5000    7.5000 2840.6555   13.0850
    7.5000   -7.5000    7.5000 2836.3831   13.1120
   -7.5000    0.0000    7.5000 2688.7209   14.0738
    0.0000    0.0000    7.5000 2739.3728   13.7467
    7.5000    0.0000    7.5000 2724.8215   13.7955
   -7.5000    7.5000    7.5000 2570.1296   14.9942
    0.0000    7.5000    7.5000 2616.8604   14.6713
    7.5000    7.5000    7.5000 2598.9106   14.7242
   -7.5000   15.0000    7.5000 2430.6187   16.2000
    0.0000   15.0000    7.5000 2466.9622   15.8983
    7.5000   15.0000    7.5000 2451.6155   15.9790
   -7.5000   22.5000    7.5000 2284.1538   17.7788
    0.0000   22.5000    7.5000 2311.3481   17.4454
    7.5000   22.5000    7.5000 2301.8508   17.5482
   -7.5000   30.0000    7.5000 2121.9253   19.8937
    0.0000   30.0000    7.5000 2148.6667   19.5762
    7.5000   30.0000    7.5000 2141.7732   19.6298
   -7.5000   37.5000    7.5000 1968.1084   22.6941
    0.0000   37.5000    7.5000 1988.5626   22.3409
    7.5000   37.5000    7.5000 1985.2050   22.4444
   -7.5000   45.0000    7.5000 1809.6727   26.4453
    0.0000   45.0000    7.5000 1831.9727   26.0063
    7.5000   45.0000    7.5000 1825.5621   26.0810
   -7.5000  -45.0000   15.0000 2635.3953   14.2800
    0.0000  -45.0000   15.0000 2686.0374   13.7827
    7.5000  -45.0000   15.0000 2685.6194   13.7902
   -7.5000  -37.5000   15.0000 2724.7385   13.4993
    0.0000  -37.5000   15.0000 2781.3699   13.0267
    7.5000  -37.5000   15.0000 2778.7629   13.0304
   -7.5000  -30.0000   15.0000 2792.8728   13.0463
    0.0000  -30.0000   15.0000 2857.2993   12.6136
    7.5000  -30.0000   15.0000 2855.2422   12.6306
   -7.5000  -22.5000   15.0000 2824.9680   12.9647
    0.0000  -22.5000   15.0000 2895.0085   12.5990
    7.5000  -22.5000   15.0000 2893.0398   12.5811
   -7.5000  -15.0000   15.0000 2812.1897   13.1899
    0.0000  -15.0000   15.0000 2878.8191   12.8828
    7.5000  -15.0000   15.0000 2877.5881   12.8541
   -7.5000   -7.5000   15.0000 2755.7288   13.6334
    0.0000   -7.5000   15.0000 2812.0591   13.3400
    7.5000   -7.5000   15.0000 2808.3596   13.3234
   -7.5000    0.0000   15.0000 2664.1594   14.3116
    0.0000    0.0000   15.0000 2710.6450   13.9573
    7.5000    0.0000   15.0000 2699.8918   13.9752
   -7.5000    7.5000   15.0000 2547.9946   15.2075
    0.0000    7.5000   15.0000 2592.0146   14.8321
    7.5000    7.5000   15.0000 2578.7786   14.8839
   -7.5000   15.0000   15.0000 2412.2402   16.4083
    0.0000   15.0000   15.0000 2448.0315   16.0507
    7.5000   15.0000   15.0000 2434.9214   16.1185
   -7.5000   22.5000   15.0000 2269.2092   17.9597
    0.0000   22.5000   15.0000 2293.0034   17.5911
    7.5000   22.5000   15.0000 2285.6724   17.6996
   -7.5000   30.0000   15.0000 2109.2148   20.0420
    0.0000   30.0000   15.0000 2131.1714   19.6642
    7.5000   30.0000   15.0000 2126.1836   19.7484
   -7.5000   37.5000   15.0000 1952.5955   22.7938
    0.0000   37.5000   15.0000 1973.1099   22.4418
    7.5000   37.5000   15.0000 1968.1783   22.4864
   -7.5000   45.0000   15.0000 1797.7034   26.4240
    0.0000   45.0000   15.0000 1815.5894   26.0369
    7.5000   45.0000   15.0000 1812.6512   26.0141
   -7.5000  -45.0000   22.5000 2598.2346   14.7417
    0.0000  -45.0000   22.5000 2643.5232   14.2740
    7.5000  -45.0000   22.5000 2650.2961   14.2679
   -7.5000  -37.5000   22.5000 2681.6982   13.9180
    0.0000  -37.5000   22.5000 2739.2490   13.5003
    7.5000  -37.5000   22.5000 2741.4563   13.4841
   -7.5000  -30.0000   22.5000 2744.3755   13.4574
    0.0000  -30.0000   22.5000 2812.0911   13.0831
    7.5000  -30.0000   22.5000 2814.5811   13.0702
   -7.5000  -22.5000   22.5000 2777.1248   13.3634
    0.0000  -22.5000   22.5000 2841.2861   13.0341
    7.5000  -22.5000   22.5000 2845.2815   13.0067
   -7.5000  -15.0000   22.5000 2759.6118   13.5904
    0.0000  -15.0000   22.5000 2819.7581   13.3137
    7.5000  -15.0000   22.5000 2819.3884   13.2765
   -7.5000   -7.5000   22.5000 2704.6631   14.0577
    0.0000   -7.5000   22.5000 2757.5691   13.7609
    7.5000   -7.5000   22.5000 2752.3420   13.7248
   -7.5000    0.0000   22.5000 2615.0337   14.7349
    0.0000    0.0000   22.5000 2655.2534   14.3953
    7.5000    0.0000   22.5000 2652.3015   14.3749
   -7.5000    7.5000   22.5000 2506.3354   15.6183
    0.0000    7.5000   22.5000 2544.0366   15.2609
    7.5000    7.5000   22.5000 2535.9434   15.2667
   -7.5000   15.0000   22.5000 2377.6731   16.7941
    0.0000   15.0000   22.5000 2412.4927   16.4110
    7.5000   15.0000   22.5000 2398.8347   16.4662
   -7.5000   22.5000   22.5000 2235.4685   18.3446
    0.0000   22.5000   22.5000 2263.2468   17.9532
    7.5000   22.5000   22.5000 2252.8945   18.0145
   -7.5000   30.0000   22.5000 2079.7971   20.3770
    0.0000   30.0000   22.5000 2104.4141   19.9685
    7.5000   30.0000   22.5000 2097.3218   20.0341
   -7.5000   37.5000   22.5000 1925.2812   23.0757
    0.0000   37.5000   22.5000 1945.8955   22.6677
    7.5000   37.5000   22.5000 1942.4805   22.7339
   -7.5000   45.0000   22.5000 1774.2798   26.6169
    0.0000   45.0000   22.5000 1791.0582   26.1580
    7.5000   45.0000   22.5000 1787.5043   26.2032
   -7.5000  -45.0000   30.0000 2549.1309   15.3966
    0.0000  -45.0000   30.0000 2594.5215   14.9849
    7.5000  -45.0000   30.0000 2600.8364   14.9807
   -7.5000  -37.5000   30.0000 2630.5229   14.5324
    0.0000  -37.5000   30.0000 2685.0942   14.1685
    7.5000  -37.5000   30.0000 2691.0151   14.1559
   -7.5000  -30.0000   30.0000 2686.3091   14.0891
    0.0000  -30.0000   30.0000 2752.9788   13.7128
    7.5000  -30.0000   30.0000 2755.1680   13.7057
   -7.5000  -22.5000   30.0000 2710.3555   13.9533
    0.0000  -22.5000   30.0000 2771.1001   13.6332
    7.5000  -22.5000   30.0000 2776.9299   13.6225
   -7.5000  -15.0000   30.0000 2694.9983   14.1756
    0.0000  -15.0000   30.0000 2745.0486   13.8779
    7.5000  -15.0000   30.0000 2746.4983   13.8499
   -7.5000   -7.5000   30.0000 2636.7065   14.6491
    0.0000   -7.5000   30.0000 2681.2024   14.3508
    7.5000   -7.5000   30.0000 2675.0190   14.3009
   -7.5000    0.0000   30.0000 2549.3262   15.3363
    0.0000    0.0000   30.0000 2583.2666   15.0177
    7.5000    0.0000   30.0000 2582.3330   14.9735
   -7.5000    7.5000   30.0000 2450.1072   16.2441
    0.0000    7.5000   30.0000 2479.9458   15.8800
    7.5000    7.5000   30.0000 2472.1716   15.8811
   -7.5000   15.0000   30.0000 2329.8818   17.3843
    0.0000   15.0000   30.0000 2360.0784   17.0240
    7.5000   15.0000   30.0000 2347.1345   17.0691
   -7.5000   22.5000   30.0000 2192.2317   18.8623
    0.0000   22.5000   30.0000 2215.9307   18.4883
    7.5000   22.5000   30.0000 2206.3247   18.5702
   -7.5000   30.0000   30.0000 2043.8654   20.8534
    0.0000   30.0000   30.0000 2063.5352   20.4951
    7.5000   30.0000   30.0000 2056.2808   20.5651
   -7.5000   37.5000   30.0000 1895.2231   23.6010
    0.0000   37.5000   30.0000 1909.3422   23.1712
    7.5000   37.5000   30.0000 1904.5035   23.2669
   -7.5000   45.0000   30.0000 1744.6794   27.1313
    0.0000   45.0000   30.0000 1760.7487   26.7084
    7.5000   45.0000   30.0000 1756.9819   26.7510
   -7.5000  -45.0000   37.5000 2487.8152   16.2775
    0.0000  -45.0000   37.5000 2532.6963   15.8929
    7.5000  -45.0000   37.5000 2536.8687   15.9062
   -7.5000  -37.5000   37.5000 2564.9412   15.3763
    0.0000  -37.5000   37.5000 2620.7649   15.0056
    7.5000  -37.5000   37.5000 2626.8262   15.0272
   -7.5000  -30.0000   37.5000 2616.7068   14.8761
    0.0000  -30.0000   37.5000 2682.3914   14.5311
    7.5000  -30.0000   37.5000 2682.2627   14.5395
   -7.5000  -22.5000   37.5000 2637.5845   14.7412
    0.0000  -22.5000   37.5000 2698.8625   14.4160
    7.5000  -22.5000   37.5000 2698.9927   14.3962
   -7.5000  -15.0000   37.5000 2618.5913   14.9465
    0.0000  -15.0000   37.5000 2664.8013   14.6359
    7.5000  -15.0000   37.5000 2664.2053   14.6138
   -7.5000   -7.5000   37.5000 2562.7036   15.4073
    0.0000   -7.5000   37.5000 2598.5356   15.0874
    7.5000   -7.5000   37.5000 2595.1470   15.0671
   -7.5000    0.0000   37.5000 2478.9343   16.0997
    0.0000    0.0000   37.5000 2508.8940   15.7788
    7.5000    0.0000   37.5000 2506.2124   15.7516
   -7.5000    7.5000   37.5000 2381.1792   16.9856
    0.0000    7.5000   37.5000 2407.6809   16.6693
    7.5000    7.5000   37.5000 2402.3569   16.6757
   -7.5000   15.0000   37.5000 2269.0708   18.1369
    0.0000   15.0000   37.5000 2298.4348   17.8171
    7.5000   15.0000   37.5000 2285.3406   17.8552
   -7.5000   22.5000   37.5000 2138.1401   19.6425
    0.0000   22.5000   37.5000 2159.3906   19.2707
    7.5000   22.5000   37.5000 2149.2485   19.3793
   -7.5000   30.0000   37.5000 1995.1094   21.6834
    0.0000   30.0000   37.5000 2018.9429   21.3170
    7.5000   30.0000   37.5000 2011.2924   21.4139
   -7.5000   37.5000   37.5000 1856.1366   24.4290
    0.0000   37.5000   37.5000 1872.8347   24.0757
    7.5000   37.5000   37.5000 1868.5179   24.1439
   -7.5000   45.0000   37.5000 1710.7396   28.0745
    0.0000   45.0000   37.5000 1724.9586   27.6477
    7.5000   45.0000   37.5000 1722.3627   27.7171
   -7.5000  -45.0000   45.0000 2411.9875   17.4137
    0.0000  -45.0000   45.0000 2459.9390   17.0519
    7.5000  -45.0000   45.0000 2462.2163   17.0792
   -7.5000  -37.5000   45.0000 2489.3428   16.4455
    0.0000  -37.5000   45.0000 2542.9700   16.0781
    7.5000  -37.5000   45.0000 2543.9089   16.1103
   -7.5000  -30.0000   45.0000 2534.1418   15.8961
    0.0000  -30.0000   45.0000 2596.6343   15.5391
    7.5000  -30.0000   45.0000 2595.4829   15.5764
   -7.5000  -22.5000   45.0000 2548.8208   15.7104
    0.0000  -22.5000   45.0000 2609.9983   15.3662
    7.5000  -22.5000   45.0000 2609.7805   15.3659
   -7.5000  -15.0000   45.0000 2527.6523   15.9111
    0.0000  -15.0000   45.0000 2577.9587   15.5767
    7.5000  -15.0000   45.0000 2571.8757   15.5541
   -7.5000   -7.5000   45.0000 2480.9558   16.3873
    0.0000   -7.5000   45.0000 2511.9897   16.0507
    7.5000   -7.5000   45.0000 2507.4021   16.0259
   -7.5000    0.0000   45.0000 2400.7666   17.0928
    0.0000    0.0000   45.0000 2429.7385   16.7494
    7.5000    0.0000   45.0000 2424.6973   16.7217
   -7.5000    7.5000   45.0000 2309.4458   18.0034
    0.0000    7.5000   45.0000 2333.5930   17.6567
    7.5000    7.5000   45.0000 2327.3618   17.6745
   -7.5000   15.0000   45.0000 2199.8538   19.1759
    0.0000   15.0000   45.0000 2226.0977   18.8412
    7.5000   15.0000   45.0000 2219.1943   18.9017
   -7.5000   22.5000   45.0000 2077.7888   20.7178
    0.0000   22.5000   45.0000 2098.7322   20.3615
    7.5000   22.5000   45.0000 2092.0198   20.4805
   -7.5000   30.0000   45.0000 1947.8059   22.7954
    0.0000   30.0000   45.0000 1969.0570   22.4465
    7.5000   30.0000   45.0000 1962.2568   22.5429
   -7.5000   37.5000   45.0000 1812.8749   25.6348
    0.0000   37.5000   45.0000 1829.2815   25.2551
    7.5000   37.5000   45.0000 1824.3248   25.3496
   -7.5000   45.0000   45.0000 1673.0256   29.3763
    0.0000   45.0000   45.0000 1684.0269   29.0023
    7.5000   45.0000   45.0000 1677.4371   29.1183

---------------------------------------------------------------------
imgreg_4dfp /opt/freesurfer/average/711-2C_as_mni_average_305 /opt/freesurfer/average/711-2B_as_mni_average_305_mask talsrcimg_g11 none talsrcimg_to_711-2C_as_mni_average_305_t4 1283
---------------------------------------------------------------------

freesurfer imgreg_4dfp.c
/opt/freesurfer/average/711-2C_as_mni_average_305.4dfp.img
       256       256       256         1
  1.000000  1.000000  1.000000
orientation T byte_order littleendian
Reading image: /opt/freesurfer/average/711-2C_as_mni_average_305.4dfp.img
dimensions:      256       256       256
mmppix:       1.0000   -1.0000   -1.0000
center:     128.0000 -129.0000 -129.0000
/opt/freesurfer/average/711-2B_as_mni_average_305_mask.4dfp.img
       256       256       256         1
  1.000000  1.000000  1.000000
orientation T byte_order littleendian
Reading mask: /opt/freesurfer/average/711-2B_as_mni_average_305_mask.4dfp.img (2306576 pixels)
talsrcimg_g11.4dfp.img
       256       256       256         1
  1.000000  1.000000  1.000000
orientation T byte_order littleendian
Reading image: talsrcimg_g11.4dfp.img
dimensions:      256       256       256
mmppix:       1.0000   -1.0000   -1.0000
center:     128.0000 -129.0000 -129.0000
rotation matrix determinant  1.000000
fimgreg.f
image alignment mode   1283 decimal      503 hex
parameters
    0.0000  -22.5000    7.5000    0.0000    0.0000    0.0000
eta,q 0.91867 12.35473
niter,ni,del,rscale     5    3   12.0000    1.2000
parameter  1 -0.544604 -> -0.500000 qaram    1.1500
parameter  2 -0.574157 -> -0.500000 qaram    1.1500
parameter  4  0.928835 ->  0.500000 qaram    1.1500
parameter  5  0.595129 ->  0.500000 qaram    1.1500
parameter  6 -0.571736 -> -0.500000 qaram    1.1500
parameters
    3.4500  -19.0500    7.3511   -3.4500   -3.4500    3.4500
eta,q 0.92758 12.37903
  0.1025  0.0912  0.0833  0.0752  0.0739  0.0821
  0.0936  0.0865  0.0804  0.0746  0.0742  0.0791
  0.0863  0.0821  0.0778  0.0756  0.0746  0.0766
  0.0816  0.0791  0.0769  0.0769  0.0748  0.0743
  0.0799  0.0773  0.0779  0.0790  0.0761  0.0727
  0.0794  0.0768  0.0804  0.0814  0.0787  0.0726
  0.0809  0.0785  0.0843  0.0837  0.0823  0.0741
niter,ni,del,rscale     7    3   12.0000    1.2000
parameters
    4.5502  -18.5865    6.4012   -4.4226   -4.0387    3.5482
eta,q 0.92822 12.29788
  0.0946  0.0837  0.0756  0.0753  0.0761  0.0774
  0.0832  0.0799  0.0727  0.0734  0.0736  0.0748
  0.0756  0.0754  0.0718  0.0719  0.0725  0.0725
  0.0724  0.0721  0.0718  0.0717  0.0717  0.0718
  0.0726  0.0724  0.0727  0.0728  0.0726  0.0727
  0.0762  0.0760  0.0752  0.0752  0.0749  0.0746
  0.0836  0.0828  0.0793  0.0783  0.0780  0.0770
niter,ni,del,rscale     6    3   12.0000    1.2000
parameters
    4.6912  -18.2630    6.0713   -5.0723   -4.2471    3.4192
eta,q 0.92819 12.28766
  0.0886  0.0828  0.0767  0.0749  0.0766  0.0767
  0.0785  0.0788  0.0731  0.0735  0.0740  0.0742
  0.0730  0.0743  0.0718  0.0721  0.0728  0.0722
  0.0718  0.0718  0.0717  0.0717  0.0717  0.0718
  0.0733  0.0724  0.0724  0.0720  0.0720  0.0729
  0.0778  0.0757  0.0743  0.0742  0.0743  0.0745
  0.0869  0.0824  0.0776  0.0771  0.0776  0.0768
niter,ni,del,rscale     5    3   12.0000    1.2000
parameters
    4.7079  -18.0605    5.8238   -5.6893   -4.2940    3.1867
eta,q 0.92831 12.28215
  0.0877  0.0822  0.0770  0.0746  0.0767  0.0763
  0.0778  0.0780  0.0734  0.0733  0.0741  0.0737
  0.0726  0.0738  0.0718  0.0721  0.0728  0.0719
  0.0718  0.0718  0.0718  0.0717  0.0717  0.0717
  0.0734  0.0723  0.0725  0.0718  0.0717  0.0729
  0.0780  0.0756  0.0744  0.0738  0.0740  0.0743
  0.0871  0.0824  0.0776  0.0765  0.0773  0.0765
niter,ni,del,rscale     4    3   12.0000    1.2000
parameters
    4.6513  -17.8595    5.5920   -6.3898   -4.2769    2.8918
eta,q 0.92857 12.28001
  0.0873  0.0820  0.0774  0.0742  0.0767  0.0758
  0.0775  0.0774  0.0736  0.0730  0.0740  0.0733
  0.0724  0.0736  0.0717  0.0718  0.0726  0.0715
  0.0717  0.0717  0.0716  0.0716  0.0715  0.0715
  0.0733  0.0720  0.0727  0.0719  0.0715  0.0727
  0.0781  0.0754  0.0747  0.0735  0.0739  0.0740
  0.0873  0.0820  0.0778  0.0761  0.0771  0.0761
niter,ni,del,rscale     3    3   12.0000    1.2000
parameters
    4.5526  -17.6300    5.3476   -7.1601   -4.2676    2.5993
eta,q 0.92894 12.27656
  0.0869  0.0818  0.0777  0.0739  0.0767  0.0755
  0.0773  0.0770  0.0738  0.0728  0.0737  0.0730
  0.0722  0.0735  0.0714  0.0714  0.0722  0.0712
  0.0714  0.0714  0.0713  0.0712  0.0712  0.0712
  0.0731  0.0715  0.0728  0.0719  0.0714  0.0724
  0.0782  0.0751  0.0750  0.0733  0.0738  0.0737
  0.0875  0.0816  0.0780  0.0759  0.0768  0.0757
niter,ni,del,rscale     2    3   12.0000    1.2000
parameters
    4.4431  -17.4074    5.1360   -7.9043   -4.2977    2.3651
eta,q 0.92924 12.27314
  0.0867  0.0814  0.0780  0.0736  0.0766  0.0752
  0.0773  0.0767  0.0739  0.0726  0.0733  0.0728
  0.0721  0.0734  0.0712  0.0712  0.0717  0.0711
  0.0711  0.0711  0.0710  0.0709  0.0708  0.0708
  0.0728  0.0711  0.0727  0.0718  0.0714  0.0721
  0.0781  0.0748  0.0752  0.0730  0.0739  0.0735
  0.0876  0.0813  0.0782  0.0756  0.0765  0.0754
niter,ni,del,rscale     1    3   12.0000    1.2000
parameters
    4.3662  -17.1978    4.9458   -8.6053   -4.3641    2.2049
eta,q 0.92942 12.27081
  0.0868  0.0810  0.0782  0.0734  0.0764  0.0750
  0.0775  0.0766  0.0739  0.0724  0.0731  0.0728
  0.0720  0.0734  0.0711  0.0712  0.0713  0.0711
  0.0708  0.0708  0.0706  0.0706  0.0706  0.0706
  0.0725  0.0708  0.0725  0.0714  0.0714  0.0718
  0.0780  0.0746  0.0752  0.0729  0.0738  0.0733
  0.0874  0.0813  0.0783  0.0752  0.0762  0.0751
registration optimization eta report
parameter search radius
    6.9000    6.9000    6.0000    6.9000    6.9000    6.9000
100000*second partial in parameter space
       35.       22.       21.        7.       12.        9.
  0.0868  0.0810  0.0782  0.0734  0.0764  0.0750
  0.0775  0.0766  0.0739  0.0724  0.0731  0.0728
  0.0720  0.0734  0.0711  0.0712  0.0713  0.0711
  0.0708  0.0708  0.0706  0.0706  0.0706  0.0706
  0.0725  0.0708  0.0725  0.0714  0.0714  0.0718
  0.0780  0.0746  0.0752  0.0729  0.0738  0.0733
  0.0874  0.0813  0.0783  0.0752  0.0762  0.0751
    4.3662  -17.1978    4.9458   -8.6053   -4.3641    2.2049
eta,q 0.92942 12.27081

---------------------------------------------------------------------
imgreg_4dfp /opt/freesurfer/average/711-2C_as_mni_average_305 /opt/freesurfer/average/711-2B_as_mni_average_305_mask talsrcimg_g11 none talsrcimg_to_711-2C_as_mni_average_305_t4 3335
---------------------------------------------------------------------

freesurfer imgreg_4dfp.c
/opt/freesurfer/average/711-2C_as_mni_average_305.4dfp.img
       256       256       256         1
  1.000000  1.000000  1.000000
orientation T byte_order littleendian
Reading image: /opt/freesurfer/average/711-2C_as_mni_average_305.4dfp.img
dimensions:      256       256       256
mmppix:       1.0000   -1.0000   -1.0000
center:     128.0000 -129.0000 -129.0000
/opt/freesurfer/average/711-2B_as_mni_average_305_mask.4dfp.img
       256       256       256         1
  1.000000  1.000000  1.000000
orientation T byte_order littleendian
Reading mask: /opt/freesurfer/average/711-2B_as_mni_average_305_mask.4dfp.img (2306576 pixels)
talsrcimg_g11.4dfp.img
       256       256       256         1
  1.000000  1.000000  1.000000
orientation T byte_order littleendian
Reading image: talsrcimg_g11.4dfp.img
dimensions:      256       256       256
mmppix:       1.0000   -1.0000   -1.0000
center:     128.0000 -129.0000 -129.0000
fimgreg.f
image alignment mode   3335 decimal      D07 hex
parameters
    4.3662  -17.1978    4.9458   -0.3638   -1.2428   -1.4124
   -4.9417    6.9426    3.8361   15.2411   -7.6095  -14.9194
eta,q 0.92818 12.41198
niter,ni,del,rscale     5    3    5.0000    1.2000
parameter  4  4.166934 ->  0.500000 qaram    1.1500
parameter  5  2.549172 ->  0.500000 qaram    1.1500
parameter  6  1.193863 ->  0.500000 qaram    1.1500
parameter 11 -1.116244 -> -0.500000 qaram    1.1500
parameters
    4.4222  -16.6845    5.3460   -4.5038   -5.3828   -5.5524
   -6.8014    6.5047    1.0567   14.4558   -3.4695  -13.5609
eta,q 0.94348 11.40967
  0.0736  0.0733  0.0733  0.0595  0.0576  0.0559  0.0583  0.0601  0.0574  0.0584  0.0591  0.0576
  0.0726  0.0726  0.0726  0.0632  0.0595  0.0570  0.0576  0.0586  0.0572  0.0576  0.0583  0.0571
  0.0720  0.0721  0.0720  0.0673  0.0618  0.0584  0.0573  0.0576  0.0572  0.0572  0.0577  0.0568
  0.0718  0.0718  0.0718  0.0717  0.0643  0.0601  0.0574  0.0573  0.0573  0.0572  0.0571  0.0566
  0.0720  0.0718  0.0718  0.0765  0.0671  0.0629  0.0579  0.0577  0.0576  0.0575  0.0568  0.0565
  0.0725  0.0720  0.0721  0.0818  0.0704  0.0663  0.0588  0.0591  0.0580  0.0580  0.0565  0.0567
  0.0735  0.0724  0.0726  0.0873  0.0741  0.0705  0.0601  0.0610  0.0587  0.0590  0.0564  0.0571
niter,ni,del,rscale     7    3    5.0000    1.2000
parameter  2 -0.829879 -> -0.500000 qaram    1.1500
parameter  3  0.771320 ->  0.500000 qaram    1.1500
parameter  4  1.980486 ->  0.500000 qaram    1.3225
parameter  5  1.573434 ->  0.500000 qaram    1.3225
parameter  6  0.858899 ->  0.500000 qaram    1.3225
parameter 12  0.650168 ->  0.500000 qaram    1.1500
parameters
    4.8444  -15.3045    3.9660   -9.2648  -10.1438  -10.3134
   -7.2006    6.1610    1.2678   17.2280   -5.3900  -17.7009
eta,q 0.95675 10.62660
  0.0590  0.0591  0.0553  0.0463  0.0441  0.0432  0.0458  0.0464  0.0450  0.0460  0.0441  0.0434
  0.0578  0.0580  0.0553  0.0483  0.0452  0.0436  0.0446  0.0449  0.0443  0.0449  0.0437  0.0433
  0.0570  0.0572  0.0555  0.0514  0.0468  0.0444  0.0440  0.0440  0.0439  0.0442  0.0435  0.0433
  0.0565  0.0565  0.0558  0.0553  0.0491  0.0455  0.0438  0.0438  0.0438  0.0438  0.0436  0.0435
  0.0565  0.0560  0.0563  0.0600  0.0518  0.0469  0.0441  0.0441  0.0439  0.0436  0.0439  0.0439
  0.0569  0.0558  0.0570  0.0651  0.0550  0.0496  0.0450  0.0452  0.0443  0.0437  0.0443  0.0443
  0.0578  0.0558  0.0579  0.0707  0.0587  0.0532  0.0463  0.0470  0.0448  0.0440  0.0449  0.0449
niter,ni,del,rscale     7    3    5.0000    1.2000
parameter  2 -1.204838 -> -0.500000 qaram    1.3225
parameter  4  0.873273 ->  0.500000 qaram    1.5209
parameter  5  0.803986 ->  0.500000 qaram    1.5209
parameter 10 -0.715389 -> -0.500000 qaram    1.1500
parameter 12  0.587320 ->  0.500000 qaram    1.3225
parameters
    4.2510  -13.7175    2.9215  -14.7400  -15.6189  -14.4658
   -7.3178    6.1281    4.6022   21.3680   -8.1286  -22.4619
eta,q 0.96599 10.08252
  0.0445  0.0480  0.0418  0.0375  0.0358  0.0359  0.0375  0.0380  0.0379  0.0381  0.0348  0.0343
  0.0435  0.0461  0.0414  0.0376  0.0356  0.0356  0.0363  0.0367  0.0369  0.0369  0.0345  0.0340
  0.0431  0.0445  0.0413  0.0387  0.0363  0.0355  0.0357  0.0358  0.0360  0.0359  0.0344  0.0341
  0.0433  0.0431  0.0415  0.0413  0.0378  0.0357  0.0355  0.0355  0.0355  0.0352  0.0345  0.0344
  0.0439  0.0420  0.0420  0.0453  0.0402  0.0366  0.0357  0.0358  0.0352  0.0347  0.0348  0.0349
  0.0451  0.0413  0.0428  0.0504  0.0431  0.0378  0.0365  0.0367  0.0352  0.0345  0.0353  0.0357
  0.0467  0.0411  0.0439  0.0560  0.0469  0.0402  0.0376  0.0381  0.0356  0.0347  0.0359  0.0366
niter,ni,del,rscale     7    3    5.0000    1.2000
parameter  2 -1.248793 -> -0.500000 qaram    1.5209
parameters
    3.9733  -11.8925    2.5042  -18.7238  -18.7003  -13.4229
   -8.5396    5.8722    5.9602   24.7672   -7.8587  -26.7661
eta,q 0.97053  9.90388
  0.0359  0.0424  0.0321  0.0326  0.0331  0.0331  0.0319  0.0333  0.0324  0.0346  0.0308  0.0300
  0.0347  0.0393  0.0315  0.0314  0.0315  0.0318  0.0309  0.0318  0.0315  0.0328  0.0303  0.0296
  0.0341  0.0365  0.0311  0.0308  0.0306  0.0310  0.0304  0.0307  0.0308  0.0314  0.0300  0.0295
  0.0340  0.0340  0.0311  0.0311  0.0308  0.0305  0.0304  0.0304  0.0304  0.0303  0.0298  0.0298
  0.0345  0.0321  0.0314  0.0331  0.0324  0.0304  0.0309  0.0308  0.0303  0.0298  0.0299  0.0306
  0.0355  0.0309  0.0321  0.0373  0.0354  0.0311  0.0320  0.0320  0.0306  0.0300  0.0302  0.0315
  0.0371  0.0305  0.0330  0.0430  0.0392  0.0323  0.0334  0.0338  0.0313  0.0308  0.0307  0.0327
niter,ni,del,rscale     7    3    5.0000    1.2000
parameter  2 -0.547845 -> -0.500000 qaram    1.7490
parameters
    3.8571   -9.7937    2.4286  -19.6810  -20.8215  -12.9365
   -8.9287    5.6617    5.7957   27.5142   -7.7070  -29.6031
eta,q 0.97216  9.85090
  0.0319  0.0381  0.0295  0.0321  0.0313  0.0310  0.0301  0.0312  0.0297  0.0321  0.0287  0.0285
  0.0305  0.0345  0.0288  0.0301  0.0296  0.0297  0.0291  0.0296  0.0289  0.0303  0.0283  0.0280
  0.0297  0.0316  0.0283  0.0288  0.0284  0.0288  0.0284  0.0285  0.0283  0.0290  0.0280  0.0278
  0.0295  0.0295  0.0282  0.0282  0.0283  0.0282  0.0282  0.0282  0.0282  0.0282  0.0279  0.0279
  0.0299  0.0283  0.0284  0.0285  0.0294  0.0283  0.0285  0.0286  0.0284  0.0279  0.0280  0.0283
  0.0309  0.0282  0.0289  0.0305  0.0320  0.0292  0.0293  0.0298  0.0290  0.0282  0.0282  0.0291
  0.0324  0.0292  0.0297  0.0348  0.0356  0.0306  0.0306  0.0317  0.0299  0.0290  0.0286  0.0300
niter,ni,del,rscale     7    3    5.0000    1.2000
parameters
    3.7636   -9.4315    1.8252  -19.3107  -22.3556  -12.8208
   -8.9794    5.4623    5.8019   29.2340   -7.9122  -32.5249
eta,q 0.97250  9.85842
  0.0303  0.0340  0.0285  0.0323  0.0308  0.0303  0.0297  0.0307  0.0293  0.0308  0.0282  0.0280
  0.0289  0.0308  0.0280  0.0302  0.0292  0.0291  0.0287  0.0291  0.0285  0.0293  0.0279  0.0277
  0.0281  0.0287  0.0278  0.0286  0.0280  0.0282  0.0280  0.0281  0.0279  0.0283  0.0276  0.0275
  0.0278  0.0278  0.0278  0.0277  0.0277  0.0277  0.0277  0.0277  0.0277  0.0277  0.0276  0.0276
  0.0282  0.0282  0.0281  0.0276  0.0284  0.0278  0.0279  0.0281  0.0279  0.0276  0.0277  0.0279
  0.0292  0.0297  0.0287  0.0289  0.0306  0.0287  0.0287  0.0293  0.0284  0.0280  0.0279  0.0286
  0.0307  0.0321  0.0297  0.0325  0.0338  0.0306  0.0298  0.0311  0.0293  0.0290  0.0283  0.0295
niter,ni,del,rscale     6    3    5.0000    1.2000
parameters
    3.6879   -9.1595    1.2229  -19.1080  -23.7388  -12.9101
   -9.0748    5.2927    5.9132   30.7924   -7.8182  -34.8577
eta,q 0.97272  9.85859
  0.0299  0.0332  0.0282  0.0319  0.0305  0.0300  0.0293  0.0304  0.0290  0.0304  0.0280  0.0279
  0.0286  0.0302  0.0277  0.0298  0.0289  0.0288  0.0284  0.0288  0.0282  0.0290  0.0276  0.0274
  0.0277  0.0282  0.0275  0.0283  0.0278  0.0280  0.0277  0.0278  0.0277  0.0280  0.0274  0.0273
  0.0275  0.0275  0.0275  0.0274  0.0274  0.0274  0.0275  0.0275  0.0275  0.0274  0.0273  0.0273
  0.0278  0.0279  0.0278  0.0274  0.0280  0.0275  0.0277  0.0279  0.0276  0.0273  0.0274  0.0276
  0.0288  0.0294  0.0284  0.0287  0.0300  0.0283  0.0284  0.0290  0.0281  0.0277  0.0276  0.0281
  0.0303  0.0318  0.0293  0.0324  0.0331  0.0307  0.0295  0.0307  0.0290  0.0289  0.0280  0.0289
niter,ni,del,rscale     5    3    5.0000    1.2000
parameters
    3.6248   -8.8325    0.6998  -18.9954  -25.0800  -13.3353
   -9.1793    5.0968    5.9358   32.2112   -7.5622  -36.3256
eta,q 0.97293  9.83724
  0.0297  0.0329  0.0280  0.0316  0.0302  0.0297  0.0291  0.0301  0.0288  0.0301  0.0278  0.0279
  0.0283  0.0299  0.0275  0.0296  0.0286  0.0285  0.0281  0.0285  0.0280  0.0288  0.0274  0.0273
  0.0275  0.0280  0.0272  0.0281  0.0275  0.0277  0.0275  0.0276  0.0275  0.0278  0.0272  0.0271
  0.0273  0.0273  0.0273  0.0272  0.0272  0.0272  0.0273  0.0273  0.0273  0.0273  0.0271  0.0271
  0.0276  0.0276  0.0275  0.0271  0.0278  0.0273  0.0275  0.0277  0.0274  0.0271  0.0272  0.0273
  0.0285  0.0290  0.0281  0.0285  0.0296  0.0281  0.0281  0.0288  0.0279  0.0276  0.0274  0.0277
  0.0300  0.0313  0.0289  0.0323  0.0326  0.0310  0.0292  0.0304  0.0288  0.0288  0.0278  0.0285
niter,ni,del,rscale     4    3    5.0000    1.2000
parameters
    3.5766   -8.4292    0.2965  -18.9524  -26.3228  -13.8411
   -9.2082    4.9555    5.8235   33.3383   -7.4334  -37.3466
eta,q 0.97308  9.80468
  0.0295  0.0328  0.0279  0.0314  0.0301  0.0295  0.0288  0.0299  0.0286  0.0300  0.0277  0.0278
  0.0281  0.0299  0.0273  0.0293  0.0285  0.0283  0.0279  0.0283  0.0278  0.0286  0.0273  0.0272
  0.0273  0.0280  0.0271  0.0278  0.0273  0.0275  0.0273  0.0274  0.0273  0.0277  0.0270  0.0269
  0.0271  0.0271  0.0270  0.0270  0.0270  0.0270  0.0271  0.0271  0.0271  0.0271  0.0270  0.0270
  0.0274  0.0273  0.0273  0.0269  0.0276  0.0271  0.0272  0.0275  0.0272  0.0270  0.0270  0.0272
  0.0282  0.0286  0.0278  0.0283  0.0294  0.0280  0.0279  0.0285  0.0278  0.0275  0.0272  0.0275
  0.0297  0.0310  0.0286  0.0322  0.0323  0.0310  0.0289  0.0301  0.0287  0.0289  0.0276  0.0282
niter,ni,del,rscale     3    3    5.0000    1.2000
parameters
    3.5464   -8.0315    0.0156  -18.9783  -27.3415  -14.2475
   -9.2376    4.8915    5.7119   34.2068   -7.4541  -38.0729
eta,q 0.97316  9.77476
  0.0293  0.0327  0.0278  0.0312  0.0301  0.0294  0.0287  0.0298  0.0285  0.0298  0.0276  0.0278
  0.0280  0.0298  0.0273  0.0291  0.0285  0.0282  0.0278  0.0282  0.0277  0.0285  0.0271  0.0271
  0.0272  0.0278  0.0270  0.0276  0.0273  0.0274  0.0272  0.0273  0.0272  0.0275  0.0269  0.0269
  0.0269  0.0269  0.0269  0.0269  0.0269  0.0269  0.0269  0.0269  0.0269  0.0269  0.0269  0.0269
  0.0272  0.0271  0.0271  0.0268  0.0275  0.0269  0.0271  0.0273  0.0271  0.0269  0.0269  0.0271
  0.0280  0.0285  0.0275  0.0282  0.0291  0.0278  0.0277  0.0283  0.0277  0.0276  0.0272  0.0274
  0.0294  0.0309  0.0283  0.0321  0.0320  0.0308  0.0288  0.0299  0.0287  0.0290  0.0276  0.0280
niter,ni,del,rscale     2    3    5.0000    1.2000
parameters
    3.5375   -7.7017   -0.1847  -19.0504  -28.1148  -14.5773
   -9.3097    4.8827    5.6268   34.8510   -7.5084  -38.5579
eta,q 0.97318  9.74961
  0.0292  0.0325  0.0278  0.0310  0.0302  0.0294  0.0286  0.0298  0.0284  0.0297  0.0275  0.0278
  0.0279  0.0296  0.0272  0.0290  0.0285  0.0282  0.0277  0.0282  0.0276  0.0284  0.0271  0.0271
  0.0271  0.0277  0.0269  0.0275  0.0273  0.0273  0.0271  0.0272  0.0271  0.0274  0.0269  0.0268
  0.0268  0.0268  0.0268  0.0268  0.0268  0.0268  0.0269  0.0269  0.0269  0.0269  0.0268  0.0268
  0.0271  0.0271  0.0270  0.0268  0.0273  0.0269  0.0271  0.0272  0.0270  0.0269  0.0269  0.0270
  0.0279  0.0286  0.0274  0.0282  0.0289  0.0277  0.0277  0.0282  0.0276  0.0276  0.0271  0.0274
  0.0293  0.0310  0.0282  0.0320  0.0317  0.0306  0.0287  0.0298  0.0286  0.0292  0.0275  0.0279
niter,ni,del,rscale     1    3    5.0000    1.2000
parameters
    3.5451   -7.4517   -0.3344  -19.1185  -28.6817  -14.8385
   -9.3835    4.8881    5.5530   35.3125   -7.5467  -38.8843
eta,q 0.97318  9.72968
  0.0292  0.0322  0.0278  0.0309  0.0303  0.0293  0.0286  0.0298  0.0284  0.0297  0.0275  0.0278
  0.0279  0.0295  0.0272  0.0289  0.0286  0.0281  0.0277  0.0282  0.0276  0.0283  0.0271  0.0271
  0.0271  0.0276  0.0269  0.0275  0.0273  0.0273  0.0271  0.0272  0.0271  0.0273  0.0269  0.0269
  0.0268  0.0268  0.0268  0.0268  0.0268  0.0268  0.0269  0.0269  0.0269  0.0269  0.0268  0.0268
  0.0271  0.0272  0.0269  0.0268  0.0272  0.0268  0.0270  0.0272  0.0270  0.0269  0.0269  0.0270
  0.0279  0.0287  0.0274  0.0281  0.0287  0.0276  0.0277  0.0282  0.0276  0.0277  0.0271  0.0273
  0.0292  0.0311  0.0281  0.0319  0.0315  0.0304  0.0287  0.0298  0.0286  0.0293  0.0275  0.0279
registration optimization eta report
parameter search radius
    2.4000    4.1976    2.7600   10.9503   10.9503    9.5220
    7.2000    7.2000    7.2000    8.2800    8.2800    9.5220
100000*second partial in parameter space
       41.       27.       15.        4.        3.        3.
        3.        6.        3.        4.        1.        1.
  0.0292  0.0322  0.0278  0.0309  0.0303  0.0293  0.0286  0.0298  0.0284  0.0297  0.0275  0.0278
  0.0279  0.0295  0.0272  0.0289  0.0286  0.0281  0.0277  0.0282  0.0276  0.0283  0.0271  0.0271
  0.0271  0.0276  0.0269  0.0275  0.0273  0.0273  0.0271  0.0272  0.0271  0.0273  0.0269  0.0269
  0.0268  0.0268  0.0268  0.0268  0.0268  0.0268  0.0269  0.0269  0.0269  0.0269  0.0268  0.0268
  0.0271  0.0272  0.0269  0.0268  0.0272  0.0268  0.0270  0.0272  0.0270  0.0269  0.0269  0.0270
  0.0279  0.0287  0.0274  0.0281  0.0287  0.0276  0.0277  0.0282  0.0276  0.0277  0.0271  0.0273
  0.0292  0.0311  0.0281  0.0319  0.0315  0.0304  0.0287  0.0298  0.0286  0.0293  0.0275  0.0279
    3.5451   -7.4517   -0.3344  -19.1185  -28.6817  -14.8385
   -9.3835    4.8881    5.5530   35.3125   -7.5467  -38.8843
eta,q 0.97318  9.72968

---------------------------------------------------------------------
imgreg_4dfp /opt/freesurfer/average/711-2C_as_mni_average_305 /opt/freesurfer/average/711-2B_as_mni_average_305_mask talsrcimg_g11 none talsrcimg_to_711-2C_as_mni_average_305_t4 2311
---------------------------------------------------------------------

freesurfer imgreg_4dfp.c
/opt/freesurfer/average/711-2C_as_mni_average_305.4dfp.img
       256       256       256         1
  1.000000  1.000000  1.000000
orientation T byte_order littleendian
Reading image: /opt/freesurfer/average/711-2C_as_mni_average_305.4dfp.img
dimensions:      256       256       256
mmppix:       1.0000   -1.0000   -1.0000
center:     128.0000 -129.0000 -129.0000
/opt/freesurfer/average/711-2B_as_mni_average_305_mask.4dfp.img
       256       256       256         1
  1.000000  1.000000  1.000000
orientation T byte_order littleendian
Reading mask: /opt/freesurfer/average/711-2B_as_mni_average_305_mask.4dfp.img (2306576 pixels)
talsrcimg_g11.4dfp.img
       256       256       256         1
  1.000000  1.000000  1.000000
orientation T byte_order littleendian
Reading image: talsrcimg_g11.4dfp.img
dimensions:      256       256       256
mmppix:       1.0000   -1.0000   -1.0000
center:     128.0000 -129.0000 -129.0000
fimgreg.f
image alignment mode   2311 decimal      907 hex
parameters
    3.5451   -7.4517   -0.3344  -19.1185  -28.6817  -14.8385
   -9.3835    4.8881    5.5530   35.3125   -7.5467  -38.8843
eta,q 0.97318  9.72968
niter,ni,del,rscale     5    3    5.0000    0.8000
parameters
    3.5704   -7.2649   -0.3569  -17.5380  -28.3104  -13.4207
   -9.1953    4.7663    5.6133   35.4062   -8.5274  -39.4201
eta,q 0.97345  9.86695
  0.0279  0.0278  0.0272  0.0279  0.0277  0.0276  0.0275  0.0280  0.0274  0.0276  0.0268  0.0268
  0.0273  0.0273  0.0270  0.0274  0.0272  0.0273  0.0270  0.0272  0.0270  0.0271  0.0266  0.0266
  0.0270  0.0270  0.0269  0.0270  0.0269  0.0269  0.0267  0.0267  0.0267  0.0267  0.0266  0.0266
  0.0268  0.0268  0.0268  0.0268  0.0267  0.0267  0.0266  0.0266  0.0266  0.0266  0.0266  0.0266
  0.0269  0.0268  0.0268  0.0267  0.0268  0.0266  0.0266  0.0268  0.0267  0.0267  0.0267  0.0266
  0.0273  0.0270  0.0270  0.0268  0.0270  0.0267  0.0269  0.0273  0.0269  0.0270  0.0268  0.0268
  0.0279  0.0274  0.0272  0.0270  0.0274  0.0270  0.0274  0.0281  0.0274  0.0275  0.0270  0.0269
niter,ni,del,rscale     4    3    5.0000    0.7000
parameters
    3.4976   -7.4530   -0.3443  -17.6050  -28.0533  -13.4044
   -9.1660    4.7993    5.7200   35.3548   -8.4925  -39.5600
eta,q 0.97347  9.87889
  0.0273  0.0270  0.0269  0.0271  0.0273  0.0272  0.0272  0.0278  0.0272  0.0273  0.0268  0.0268
  0.0269  0.0267  0.0267  0.0268  0.0269  0.0269  0.0268  0.0271  0.0269  0.0269  0.0266  0.0266
  0.0266  0.0266  0.0266  0.0266  0.0266  0.0267  0.0266  0.0267  0.0266  0.0266  0.0265  0.0265
  0.0265  0.0265  0.0265  0.0265  0.0265  0.0265  0.0265  0.0265  0.0265  0.0265  0.0265  0.0265
  0.0267  0.0267  0.0266  0.0266  0.0266  0.0266  0.0266  0.0267  0.0266  0.0266  0.0266  0.0266
  0.0270  0.0269  0.0267  0.0268  0.0268  0.0268  0.0268  0.0271  0.0268  0.0269  0.0267  0.0267
  0.0275  0.0273  0.0269  0.0273  0.0272  0.0272  0.0272  0.0277  0.0271  0.0274  0.0268  0.0268
niter,ni,del,rscale     3    3    5.0000    0.6000
parameters
    3.4878   -7.5195   -0.3159  -17.4921  -27.9637  -13.2828
   -9.1452    4.7657    5.7342   35.2968   -8.4841  -39.5818
eta,q 0.97348  9.89003
  0.0272  0.0269  0.0268  0.0270  0.0271  0.0271  0.0270  0.0274  0.0270  0.0271  0.0267  0.0267
  0.0268  0.0267  0.0267  0.0268  0.0268  0.0268  0.0268  0.0269  0.0267  0.0268  0.0266  0.0266
  0.0266  0.0266  0.0266  0.0266  0.0266  0.0266  0.0266  0.0266  0.0266  0.0266  0.0265  0.0265
  0.0265  0.0265  0.0265  0.0265  0.0265  0.0265  0.0265  0.0265  0.0265  0.0265  0.0265  0.0265
  0.0266  0.0266  0.0266  0.0265  0.0266  0.0266  0.0266  0.0266  0.0266  0.0266  0.0265  0.0266
  0.0268  0.0268  0.0266  0.0267  0.0267  0.0267  0.0267  0.0270  0.0267  0.0268  0.0266  0.0266
  0.0272  0.0270  0.0268  0.0270  0.0270  0.0270  0.0270  0.0274  0.0270  0.0271  0.0267  0.0267
niter,ni,del,rscale     2    3    5.0000    0.5000
parameters
    3.4766   -7.5557   -0.2956  -17.3942  -27.9079  -13.1775
   -9.1086    4.7415    5.7524   35.2571   -8.5040  -39.6215
eta,q 0.97348  9.89932
  0.0270  0.0268  0.0267  0.0269  0.0269  0.0269  0.0269  0.0272  0.0269  0.0269  0.0267  0.0267
  0.0267  0.0267  0.0266  0.0267  0.0267  0.0267  0.0267  0.0268  0.0267  0.0267  0.0266  0.0266
  0.0266  0.0266  0.0265  0.0266  0.0266  0.0266  0.0266  0.0266  0.0266  0.0266  0.0265  0.0265
  0.0265  0.0265  0.0265  0.0265  0.0265  0.0265  0.0265  0.0265  0.0265  0.0265  0.0265  0.0265
  0.0266  0.0266  0.0265  0.0265  0.0266  0.0266  0.0265  0.0266  0.0266  0.0266  0.0265  0.0265
  0.0267  0.0267  0.0266  0.0266  0.0267  0.0267  0.0267  0.0268  0.0267  0.0267  0.0266  0.0266
  0.0270  0.0269  0.0267  0.0269  0.0269  0.0269  0.0269  0.0272  0.0268  0.0269  0.0267  0.0267
niter,ni,del,rscale     1    3    5.0000    0.4000
parameters
    3.4580   -7.5913   -0.2702  -17.3127  -27.8640  -13.1412
   -9.0630    4.7194    5.7671   35.2159   -8.5237  -39.6300
eta,q 0.97349  9.90476
  0.0268  0.0267  0.0267  0.0267  0.0268  0.0268  0.0267  0.0269  0.0267  0.0268  0.0266  0.0266
  0.0266  0.0266  0.0266  0.0266  0.0266  0.0267  0.0266  0.0267  0.0266  0.0266  0.0266  0.0266
  0.0265  0.0265  0.0265  0.0266  0.0265  0.0266  0.0265  0.0265  0.0265  0.0265  0.0265  0.0265
  0.0265  0.0265  0.0265  0.0265  0.0265  0.0265  0.0265  0.0265  0.0265  0.0265  0.0265  0.0265
  0.0266  0.0265  0.0265  0.0265  0.0265  0.0265  0.0265  0.0266  0.0265  0.0265  0.0265  0.0265
  0.0267  0.0266  0.0266  0.0266  0.0266  0.0266  0.0266  0.0267  0.0266  0.0266  0.0266  0.0266
  0.0268  0.0267  0.0266  0.0267  0.0267  0.0268  0.0267  0.0269  0.0267  0.0268  0.0266  0.0266
registration optimization eta report
parameter search radius
    0.8000    0.8000    0.8000    2.4000    2.4000    2.4000
    2.4000    2.4000    2.4000    2.4000    2.4000    2.4000
100000*second partial in parameter space
       45.       32.       20.        4.        4.        5.
        4.        7.        4.        5.        2.        2.
  0.0268  0.0267  0.0267  0.0267  0.0268  0.0268  0.0267  0.0269  0.0267  0.0268  0.0266  0.0266
  0.0266  0.0266  0.0266  0.0266  0.0266  0.0267  0.0266  0.0267  0.0266  0.0266  0.0266  0.0266
  0.0265  0.0265  0.0265  0.0266  0.0265  0.0266  0.0265  0.0265  0.0265  0.0265  0.0265  0.0265
  0.0265  0.0265  0.0265  0.0265  0.0265  0.0265  0.0265  0.0265  0.0265  0.0265  0.0265  0.0265
  0.0266  0.0265  0.0265  0.0265  0.0265  0.0265  0.0265  0.0266  0.0265  0.0265  0.0265  0.0265
  0.0267  0.0266  0.0266  0.0266  0.0266  0.0266  0.0266  0.0267  0.0266  0.0266  0.0266  0.0266
  0.0268  0.0267  0.0266  0.0267  0.0267  0.0268  0.0267  0.0269  0.0267  0.0268  0.0266  0.0266
    3.4580   -7.5913   -0.2702  -17.3127  -27.8640  -13.1412
   -9.0630    4.7194    5.7671   35.2159   -8.5237  -39.6300
eta,q 0.97349  9.90476

---------------------------------------------------------------------
imgreg_4dfp /opt/freesurfer/average/711-2C_as_mni_average_305 /opt/freesurfer/average/711-2B_as_mni_average_305_mask talsrcimg_g11 none talsrcimg_to_711-2C_as_mni_average_305_t4 2311
---------------------------------------------------------------------

freesurfer imgreg_4dfp.c
/opt/freesurfer/average/711-2C_as_mni_average_305.4dfp.img
       256       256       256         1
  1.000000  1.000000  1.000000
orientation T byte_order littleendian
Reading image: /opt/freesurfer/average/711-2C_as_mni_average_305.4dfp.img
dimensions:      256       256       256
mmppix:       1.0000   -1.0000   -1.0000
center:     128.0000 -129.0000 -129.0000
/opt/freesurfer/average/711-2B_as_mni_average_305_mask.4dfp.img
       256       256       256         1
  1.000000  1.000000  1.000000
orientation T byte_order littleendian
Reading mask: /opt/freesurfer/average/711-2B_as_mni_average_305_mask.4dfp.img (2306576 pixels)
talsrcimg_g11.4dfp.img
       256       256       256         1
  1.000000  1.000000  1.000000
orientation T byte_order littleendian
Reading image: talsrcimg_g11.4dfp.img
dimensions:      256       256       256
mmppix:       1.0000   -1.0000   -1.0000
center:     128.0000 -129.0000 -129.0000
fimgreg.f
image alignment mode   2311 decimal      907 hex
parameters
    3.4580   -7.5913   -0.2702  -17.3127  -27.8640  -13.1412
   -9.0630    4.7194    5.7671   35.2159   -8.5237  -39.6300
eta,q 0.97349  9.90476
niter,ni,del,rscale     5    3    5.0000    0.8000
parameters
    3.4386   -7.6189   -0.2864  -17.7352  -27.8522  -13.3943
   -9.1255    4.7766    5.7491   35.1636   -8.3370  -39.4413
eta,q 0.97346  9.87667
  0.0276  0.0273  0.0270  0.0272  0.0275  0.0273  0.0274  0.0282  0.0273  0.0275  0.0269  0.0269
  0.0270  0.0269  0.0267  0.0269  0.0270  0.0270  0.0269  0.0272  0.0269  0.0270  0.0267  0.0267
  0.0266  0.0266  0.0266  0.0266  0.0266  0.0267  0.0266  0.0267  0.0266  0.0267  0.0266  0.0266
  0.0265  0.0265  0.0265  0.0265  0.0265  0.0265  0.0265  0.0265  0.0265  0.0265  0.0265  0.0265
  0.0266  0.0266  0.0266  0.0266  0.0266  0.0266  0.0266  0.0267  0.0266  0.0266  0.0266  0.0266
  0.0270  0.0269  0.0267  0.0270  0.0269  0.0270  0.0269  0.0272  0.0269  0.0270  0.0267  0.0267
  0.0277  0.0274  0.0270  0.0277  0.0275  0.0276  0.0275  0.0280  0.0274  0.0276  0.0268  0.0268
niter,ni,del,rscale     4    3    5.0000    0.7000
parameters
    3.4816   -7.5817   -0.2747  -17.5642  -27.8363  -13.2824
   -9.1340    4.7723    5.7255   35.1606   -8.4291  -39.4452
eta,q 0.97348  9.88722
  0.0275  0.0272  0.0269  0.0272  0.0272  0.0272  0.0272  0.0278  0.0271  0.0273  0.0268  0.0268
  0.0270  0.0268  0.0267  0.0269  0.0269  0.0269  0.0268  0.0271  0.0268  0.0269  0.0266  0.0266
  0.0267  0.0266  0.0266  0.0267  0.0266  0.0267  0.0266  0.0266  0.0266  0.0266  0.0265  0.0265
  0.0265  0.0265  0.0265  0.0265  0.0265  0.0265  0.0265  0.0265  0.0265  0.0265  0.0265  0.0265
  0.0266  0.0266  0.0266  0.0265  0.0266  0.0266  0.0266  0.0267  0.0266  0.0266  0.0266  0.0266
  0.0269  0.0268  0.0267  0.0267  0.0268  0.0268  0.0268  0.0271  0.0268  0.0269  0.0267  0.0267
  0.0274  0.0271  0.0269  0.0272  0.0272  0.0272  0.0272  0.0277  0.0272  0.0273  0.0268  0.0268
niter,ni,del,rscale     3    3    5.0000    0.6000
parameters
    3.4799   -7.5969   -0.2680  -17.4804  -27.8069  -13.1976
   -9.1105    4.7618    5.7436   35.1521   -8.4620  -39.4909
eta,q 0.97348  9.89510
  0.0272  0.0270  0.0268  0.0270  0.0271  0.0271  0.0270  0.0274  0.0270  0.0271  0.0267  0.0267
  0.0268  0.0267  0.0267  0.0268  0.0268  0.0268  0.0268  0.0269  0.0267  0.0268  0.0266  0.0266
  0.0266  0.0266  0.0266  0.0266  0.0266  0.0266  0.0266  0.0266  0.0266  0.0266  0.0265  0.0265
  0.0265  0.0265  0.0265  0.0265  0.0265  0.0265  0.0265  0.0265  0.0265  0.0265  0.0265  0.0265
  0.0266  0.0266  0.0266  0.0265  0.0266  0.0266  0.0266  0.0266  0.0266  0.0266  0.0266  0.0266
  0.0268  0.0267  0.0266  0.0267  0.0268  0.0267  0.0267  0.0269  0.0267  0.0268  0.0266  0.0266
  0.0272  0.0270  0.0268  0.0270  0.0270  0.0270  0.0270  0.0274  0.0270  0.0271  0.0267  0.0267
niter,ni,del,rscale     2    3    5.0000    0.5000
parameters
    3.4697   -7.6143   -0.2524  -17.3826  -27.7918  -13.1284
   -9.0837    4.7426    5.7622   35.1292   -8.4885  -39.5143
eta,q 0.97349  9.90166
  0.0270  0.0268  0.0267  0.0269  0.0269  0.0269  0.0269  0.0272  0.0268  0.0269  0.0267  0.0267
  0.0267  0.0267  0.0266  0.0267  0.0267  0.0267  0.0267  0.0268  0.0267  0.0267  0.0266  0.0266
  0.0266  0.0266  0.0266  0.0266  0.0266  0.0266  0.0266  0.0266  0.0266  0.0266  0.0265  0.0265
  0.0265  0.0265  0.0265  0.0265  0.0265  0.0265  0.0265  0.0265  0.0265  0.0265  0.0265  0.0265
  0.0266  0.0266  0.0265  0.0265  0.0266  0.0266  0.0265  0.0266  0.0265  0.0266  0.0265  0.0265
  0.0267  0.0267  0.0266  0.0266  0.0267  0.0267  0.0267  0.0268  0.0267  0.0267  0.0266  0.0266
  0.0270  0.0268  0.0267  0.0269  0.0269  0.0269  0.0269  0.0272  0.0268  0.0269  0.0267  0.0267
niter,ni,del,rscale     1    3    5.0000    0.4000
parameters
    3.4580   -7.6329   -0.2492  -17.3029  -27.7732  -13.0786
   -9.0517    4.7227    5.7582   35.1338   -8.4975  -39.5613
eta,q 0.97349  9.90801
  0.0268  0.0267  0.0266  0.0267  0.0268  0.0268  0.0267  0.0269  0.0267  0.0268  0.0266  0.0266
  0.0266  0.0266  0.0266  0.0266  0.0266  0.0267  0.0266  0.0267  0.0266  0.0266  0.0266  0.0266
  0.0265  0.0265  0.0265  0.0266  0.0265  0.0266  0.0265  0.0265  0.0265  0.0265  0.0265  0.0265
  0.0265  0.0265  0.0265  0.0265  0.0265  0.0265  0.0265  0.0265  0.0265  0.0265  0.0265  0.0265
  0.0266  0.0265  0.0265  0.0265  0.0265  0.0265  0.0265  0.0266  0.0265  0.0265  0.0265  0.0265
  0.0267  0.0266  0.0266  0.0266  0.0266  0.0266  0.0266  0.0267  0.0266  0.0266  0.0266  0.0266
  0.0268  0.0267  0.0267  0.0267  0.0267  0.0268  0.0267  0.0269  0.0267  0.0268  0.0266  0.0266
registration optimization eta report
parameter search radius
    0.8000    0.8000    0.8000    2.4000    2.4000    2.4000
    2.4000    2.4000    2.4000    2.4000    2.4000    2.4000
100000*second partial in parameter space
       46.       32.       20.        4.        4.        5.
        4.        7.        4.        5.        2.        2.
  0.0268  0.0267  0.0266  0.0267  0.0268  0.0268  0.0267  0.0269  0.0267  0.0268  0.0266  0.0266
  0.0266  0.0266  0.0266  0.0266  0.0266  0.0267  0.0266  0.0267  0.0266  0.0266  0.0266  0.0266
  0.0265  0.0265  0.0265  0.0266  0.0265  0.0266  0.0265  0.0265  0.0265  0.0265  0.0265  0.0265
  0.0265  0.0265  0.0265  0.0265  0.0265  0.0265  0.0265  0.0265  0.0265  0.0265  0.0265  0.0265
  0.0266  0.0265  0.0265  0.0265  0.0265  0.0265  0.0265  0.0266  0.0265  0.0265  0.0265  0.0265
  0.0267  0.0266  0.0266  0.0266  0.0266  0.0266  0.0266  0.0267  0.0266  0.0266  0.0266  0.0266
  0.0268  0.0267  0.0267  0.0267  0.0267  0.0268  0.0267  0.0269  0.0267  0.0268  0.0266  0.0266
    3.4580   -7.6329   -0.2492  -17.3029  -27.7732  -13.0786
   -9.0517    4.7227    5.7582   35.1338   -8.4975  -39.5613
eta,q 0.97349  9.90801

---------------------------------------------------------------------
compute_vox2vox talsrcimg talsrcimg_to_711-2C_as_mni_average_305_t4 /opt/freesurfer/average/711-2C_as_mni_average_305
---------------------------------------------------------------------

freesurfer compute_vox2vox.c
Reading: talsrcimg.4dfp.ifh
Reading: talsrcimg_to_711-2C_as_mni_average_305_t4
Reading: /opt/freesurfer/average/711-2C_as_mni_average_305.4dfp.ifh
Writing: talsrcimg_to_711-2C_as_mni_average_305_t4_vox2vox.txt

start time Sat Mar 14 10:30:57 CET 2026
end		time Sat Mar 14 10:31:11 CET 2026

mpr2mni305 success

avi2talxfm orig_nu.mgz /opt/freesurfer/average/mni305.cor.mgz talsrcimg_to_711-2C_as_mni_average_305_t4_vox2vox.txt transforms/talairach.auto.xfm
avi2talxfm done
mv -f /out/sourcedata/freesurfer/sub-v2s9x29174_ses-1/mri/talsrcimg_to_711-2C_as_mni_average_305_t4_vox2vox.txt /out/sourcedata/freesurfer/sub-v2s9x29174_ses-1/mri/transforms/talsrcimg_to_711-2C_as_mni_average_305_t4_vox2vox.txt
lta_convert --src orig_nu.mgz --trg /opt/freesurfer/average/mni305.cor.mgz --inxfm transforms/talairach.auto.xfm --outlta transforms/talairach.auto.xfm.lta --subject fsaverage
7.3.2

--src: orig_nu.mgz src image (geometry).
--trg: /opt/freesurfer/average/mni305.cor.mgz trg image (geometry).
--inmni: transforms/talairach.auto.xfm input MNI/XFM transform.
--outlta: transforms/talairach.auto.xfm.lta output LTA.
--s: fsaverage subject name
 LTA read, type : 1
 1.19221  -0.10248   0.09328  -4.32248;
 0.06001   0.93677   0.52062   2.43932;
-0.12424  -0.44751   1.12384   7.85498;
 0.00000   0.00000   0.00000   1.00000;
setting subject to fsaverage
Writing  LTA to file transforms/talairach.auto.xfm.lta...
lta_convert successful.
 
 
Started at Sat Mar 14 10:30:56 CET 2026
Ended   at Sat Mar 14 10:31:11 CET 2026
talairach_avi done
