status file for recon-all
Sat Mar 14 10:28:17 CET 2026
#@# MotionCor Sat Mar 14 10:28:18 CET 2026
#@# Talairach Sat Mar 14 10:28:24 CET 2026
#@# Talairach Failure Detection Sat Mar 14 10:31:14 CET 2026
#@# Nu Intensity Correction Sat Mar 14 10:31:14 CET 2026
#@# Intensity Normalization Sat Mar 14 10:33:59 CET 2026
recon-all -s sub-v2s9x29169_ses-1 finished without error at Sat Mar 14 10:34:55 CET 2026



#New# invocation of recon-all 



status file for recon-all
Sat Mar 14 10:41:04 CET 2026
#@# EM Registration Sat Mar 14 10:41:04 CET 2026
recon-all -s sub-v2s9x29169_ses-1 finished without error at Sat Mar 14 10:43:48 CET 2026



#New# invocation of recon-all 



status file for recon-all
Sat Mar 14 10:43:50 CET 2026
#@# CA Normalize Sat Mar 14 10:43:50 CET 2026
#@# CA Reg Sat Mar 14 10:44:42 CET 2026
#@# SubCort Seg Sat Mar 14 11:31:28 CET 2026
#@# CC Seg Sat Mar 14 11:51:08 CET 2026
#@# Merge ASeg Sat Mar 14 11:51:36 CET 2026
#@# Intensity Normalization2 Sat Mar 14 11:51:36 CET 2026
#@# Mask BFS Sat Mar 14 11:52:59 CET 2026
#@# WM Segmentation Sat Mar 14 11:53:00 CET 2026
#@# Fill Sat Mar 14 11:54:30 CET 2026
recon-all -s sub-v2s9x29169_ses-1 finished without error at Sat Mar 14 11:55:07 CET 2026



#New# invocation of recon-all 



status file for recon-all
Sat Mar 14 12:35:06 CET 2026
#@# white curv lh Sat Mar 14 12:35:06 CET 2026
#@# white area lh Sat Mar 14 12:35:06 CET 2026
#@# pial curv lh Sat Mar 14 12:35:06 CET 2026
#@# pial area lh Sat Mar 14 12:35:06 CET 2026
#@# thickness lh Sat Mar 14 12:35:07 CET 2026
#@# area and vertex vol lh Sat Mar 14 12:35:07 CET 2026
#@# white curv rh Sat Mar 14 12:35:07 CET 2026
#@# white area rh Sat Mar 14 12:35:07 CET 2026
#@# pial curv rh Sat Mar 14 12:35:07 CET 2026
#@# pial area rh Sat Mar 14 12:35:07 CET 2026
#@# thickness rh Sat Mar 14 12:35:07 CET 2026
#@# area and vertex vol rh Sat Mar 14 12:35:07 CET 2026
#@# Cortical ribbon mask Sat Mar 14 12:35:07 CET 2026
recon-all -s sub-v2s9x29169_ses-1 finished without error at Sat Mar 14 12:38:12 CET 2026



#New# invocation of recon-all 



status file for recon-all
Sat Mar 14 12:43:10 CET 2026
#@# white curv lh Sat Mar 14 12:43:11 CET 2026
#@# white area lh Sat Mar 14 12:43:11 CET 2026
#@# pial curv lh Sat Mar 14 12:43:11 CET 2026
#@# pial area lh Sat Mar 14 12:43:11 CET 2026
#@# thickness lh Sat Mar 14 12:43:11 CET 2026
#@# area and vertex vol lh Sat Mar 14 12:43:11 CET 2026
#@# white curv rh Sat Mar 14 12:43:11 CET 2026
#@# white area rh Sat Mar 14 12:43:11 CET 2026
#@# pial curv rh Sat Mar 14 12:43:11 CET 2026
#@# pial area rh Sat Mar 14 12:43:11 CET 2026
#@# thickness rh Sat Mar 14 12:43:11 CET 2026
#@# area and vertex vol rh Sat Mar 14 12:43:11 CET 2026
#@# Curvature Stats lh Sat Mar 14 12:43:11 CET 2026
#@# Curvature Stats rh Sat Mar 14 12:43:12 CET 2026
#@# Relabel Hypointensities Sat Mar 14 12:43:14 CET 2026
#@# APas-to-ASeg Sat Mar 14 12:43:25 CET 2026
#@# AParc-to-ASeg aparc Sat Mar 14 12:43:31 CET 2026
#@# AParc-to-ASeg aparc.a2009s Sat Mar 14 12:43:59 CET 2026
#@# AParc-to-ASeg aparc.DKTatlas Sat Mar 14 12:44:26 CET 2026
#@# WMParc Sat Mar 14 12:44:54 CET 2026
#@# ASeg Stats Sat Mar 14 12:46:36 CET 2026
recon-all -s sub-v2s9x29169_ses-1 finished without error at Sat Mar 14 12:46:52 CET 2026
