status file for recon-all
Sat Mar 14 12:13:38 CET 2026
#@# Tessellate rh Sat Mar 14 12:13:38 CET 2026
#@# Smooth1 rh Sat Mar 14 12:13:41 CET 2026
#@# Inflation1 rh Sat Mar 14 12:13:43 CET 2026
#@# QSphere rh Sat Mar 14 12:13:56 CET 2026
#@# Fix Topology rh Sat Mar 14 12:14:55 CET 2026
#@# Smooth2 rh Sat Mar 14 12:21:35 CET 2026
#@# Inflation2 rh Sat Mar 14 12:21:37 CET 2026
#@# Curv .H and .K rh Sat Mar 14 12:21:50 CET 2026
#@# Sphere rh Sat Mar 14 12:22:24 CET 2026
#@# Surf Reg rh Sat Mar 14 12:25:38 CET 2026
#@# Jacobian white rh Sat Mar 14 12:28:53 CET 2026
#@# AvgCurv rh Sat Mar 14 12:28:54 CET 2026
#@# Cortical Parc rh Sat Mar 14 12:28:55 CET 2026
#@# white curv rh Sat Mar 14 12:34:19 CET 2026
#@# white area rh Sat Mar 14 12:34:20 CET 2026
#@# pial curv rh Sat Mar 14 12:34:21 CET 2026
#@# pial area rh Sat Mar 14 12:34:22 CET 2026
#@# thickness rh Sat Mar 14 12:34:23 CET 2026
#@# area and vertex vol rh Sat Mar 14 12:34:40 CET 2026
#@# Curvature Stats rh Sat Mar 14 12:34:42 CET 2026
#@# Cortical Parc 2 rh Sat Mar 14 12:34:43 CET 2026
#@# Cortical Parc 3 rh Sat Mar 14 12:34:53 CET 2026
#@# WM/GM Contrast rh Sat Mar 14 12:35:00 CET 2026
recon-all -s sub-v2s9x29169_ses-1 finished without error at Sat Mar 14 12:35:02 CET 2026



#New# invocation of recon-all 



status file for recon-all
Sat Mar 14 12:40:42 CET 2026
#@# white curv rh Sat Mar 14 12:40:42 CET 2026
#@# white area rh Sat Mar 14 12:40:42 CET 2026
#@# pial curv rh Sat Mar 14 12:40:42 CET 2026
#@# pial area rh Sat Mar 14 12:40:42 CET 2026
#@# thickness rh Sat Mar 14 12:40:42 CET 2026
#@# area and vertex vol rh Sat Mar 14 12:40:42 CET 2026
#@# Parcellation Stats rh Sat Mar 14 12:40:42 CET 2026
#@# Parcellation Stats 2 rh Sat Mar 14 12:40:56 CET 2026
#@# Parcellation Stats 3 rh Sat Mar 14 12:41:03 CET 2026
#@# BA_exvivo Labels rh Sat Mar 14 12:41:10 CET 2026
recon-all -s sub-v2s9x29169_ses-1 finished without error at Sat Mar 14 12:43:07 CET 2026
