status file for recon-all
Sat Mar 14 11:55:10 CET 2026
#@# Tessellate lh Sat Mar 14 11:55:10 CET 2026
#@# Smooth1 lh Sat Mar 14 11:55:13 CET 2026
#@# Inflation1 lh Sat Mar 14 11:55:15 CET 2026
#@# QSphere lh Sat Mar 14 11:55:28 CET 2026
#@# Fix Topology lh Sat Mar 14 11:56:25 CET 2026
#@# Smooth2 lh Sat Mar 14 12:01:20 CET 2026
#@# Inflation2 lh Sat Mar 14 12:01:22 CET 2026
#@# Curv .H and .K lh Sat Mar 14 12:01:34 CET 2026
#@# Sphere lh Sat Mar 14 12:02:09 CET 2026
#@# Surf Reg lh Sat Mar 14 12:04:00 CET 2026
#@# Jacobian white lh Sat Mar 14 12:07:20 CET 2026
#@# AvgCurv lh Sat Mar 14 12:07:21 CET 2026
#@# Cortical Parc lh Sat Mar 14 12:07:22 CET 2026
#@# white curv lh Sat Mar 14 12:12:52 CET 2026
#@# white area lh Sat Mar 14 12:12:53 CET 2026
#@# pial curv lh Sat Mar 14 12:12:54 CET 2026
#@# pial area lh Sat Mar 14 12:12:55 CET 2026
#@# thickness lh Sat Mar 14 12:12:56 CET 2026
#@# area and vertex vol lh Sat Mar 14 12:13:13 CET 2026
#@# Curvature Stats lh Sat Mar 14 12:13:14 CET 2026
#@# Cortical Parc 2 lh Sat Mar 14 12:13:16 CET 2026
#@# Cortical Parc 3 lh Sat Mar 14 12:13:26 CET 2026
#@# WM/GM Contrast lh Sat Mar 14 12:13:33 CET 2026
recon-all -s sub-v2s9x29169_ses-1 finished without error at Sat Mar 14 12:13:36 CET 2026



#New# invocation of recon-all 



status file for recon-all
Sat Mar 14 12:38:17 CET 2026
#@# white curv lh Sat Mar 14 12:38:17 CET 2026
#@# white area lh Sat Mar 14 12:38:17 CET 2026
#@# pial curv lh Sat Mar 14 12:38:17 CET 2026
#@# pial area lh Sat Mar 14 12:38:17 CET 2026
#@# thickness lh Sat Mar 14 12:38:17 CET 2026
#@# area and vertex vol lh Sat Mar 14 12:38:17 CET 2026
#@# Parcellation Stats lh Sat Mar 14 12:38:17 CET 2026
#@# Parcellation Stats 2 lh Sat Mar 14 12:38:30 CET 2026
#@# Parcellation Stats 3 lh Sat Mar 14 12:38:37 CET 2026
#@# BA_exvivo Labels lh Sat Mar 14 12:38:43 CET 2026
recon-all -s sub-v2s9x29169_ses-1 finished without error at Sat Mar 14 12:40:39 CET 2026
