status file for recon-all
Sat Mar 14 11:51:20 CET 2026
#@# Tessellate lh Sat Mar 14 11:51:20 CET 2026
#@# Smooth1 lh Sat Mar 14 11:51:23 CET 2026
#@# Inflation1 lh Sat Mar 14 11:51:25 CET 2026
#@# QSphere lh Sat Mar 14 11:51:35 CET 2026
#@# Fix Topology lh Sat Mar 14 11:52:13 CET 2026
#@# Smooth2 lh Sat Mar 14 11:58:01 CET 2026
#@# Inflation2 lh Sat Mar 14 11:58:03 CET 2026
#@# Curv .H and .K lh Sat Mar 14 11:58:18 CET 2026
#@# Sphere lh Sat Mar 14 11:58:50 CET 2026
#@# Surf Reg lh Sat Mar 14 12:01:20 CET 2026
#@# Jacobian white lh Sat Mar 14 12:10:00 CET 2026
#@# AvgCurv lh Sat Mar 14 12:10:00 CET 2026
#@# Cortical Parc lh Sat Mar 14 12:10:01 CET 2026
#@# white curv lh Sat Mar 14 12:14:07 CET 2026
#@# white area lh Sat Mar 14 12:14:08 CET 2026
#@# pial curv lh Sat Mar 14 12:14:08 CET 2026
#@# pial area lh Sat Mar 14 12:14:10 CET 2026
#@# thickness lh Sat Mar 14 12:14:10 CET 2026
#@# area and vertex vol lh Sat Mar 14 12:14:27 CET 2026
#@# Curvature Stats lh Sat Mar 14 12:14:27 CET 2026
#@# Cortical Parc 2 lh Sat Mar 14 12:14:29 CET 2026
#@# Cortical Parc 3 lh Sat Mar 14 12:14:37 CET 2026
#@# WM/GM Contrast lh Sat Mar 14 12:14:44 CET 2026
recon-all -s sub-v2s9x29159_ses-1 finished without error at Sat Mar 14 12:14:46 CET 2026



#New# invocation of recon-all 



status file for recon-all
Sat Mar 14 12:43:36 CET 2026
#@# white curv lh Sat Mar 14 12:43:36 CET 2026
#@# white area lh Sat Mar 14 12:43:36 CET 2026
#@# pial curv lh Sat Mar 14 12:43:36 CET 2026
#@# pial area lh Sat Mar 14 12:43:36 CET 2026
#@# thickness lh Sat Mar 14 12:43:36 CET 2026
#@# area and vertex vol lh Sat Mar 14 12:43:36 CET 2026
#@# Parcellation Stats lh Sat Mar 14 12:43:36 CET 2026
#@# Parcellation Stats 2 lh Sat Mar 14 12:43:47 CET 2026
#@# Parcellation Stats 3 lh Sat Mar 14 12:43:53 CET 2026
#@# BA_exvivo Labels lh Sat Mar 14 12:43:58 CET 2026
recon-all -s sub-v2s9x29159_ses-1 finished without error at Sat Mar 14 12:45:37 CET 2026
