status file for recon-all
Sat Mar 14 12:14:49 CET 2026
#@# Tessellate rh Sat Mar 14 12:14:49 CET 2026
#@# Smooth1 rh Sat Mar 14 12:14:52 CET 2026
#@# Inflation1 rh Sat Mar 14 12:14:53 CET 2026
#@# QSphere rh Sat Mar 14 12:15:03 CET 2026
#@# Fix Topology rh Sat Mar 14 12:15:58 CET 2026
#@# Smooth2 rh Sat Mar 14 12:22:16 CET 2026
#@# Inflation2 rh Sat Mar 14 12:22:18 CET 2026
#@# Curv .H and .K rh Sat Mar 14 12:22:31 CET 2026
#@# Sphere rh Sat Mar 14 12:23:03 CET 2026
#@# Surf Reg rh Sat Mar 14 12:24:48 CET 2026
#@# Jacobian white rh Sat Mar 14 12:36:14 CET 2026
#@# AvgCurv rh Sat Mar 14 12:36:15 CET 2026
#@# Cortical Parc rh Sat Mar 14 12:36:15 CET 2026
#@# white curv rh Sat Mar 14 12:40:28 CET 2026
#@# white area rh Sat Mar 14 12:40:29 CET 2026
#@# pial curv rh Sat Mar 14 12:40:30 CET 2026
#@# pial area rh Sat Mar 14 12:40:31 CET 2026
#@# thickness rh Sat Mar 14 12:40:31 CET 2026
#@# area and vertex vol rh Sat Mar 14 12:40:48 CET 2026
#@# Curvature Stats rh Sat Mar 14 12:40:49 CET 2026
#@# Cortical Parc 2 rh Sat Mar 14 12:40:50 CET 2026
#@# Cortical Parc 3 rh Sat Mar 14 12:40:59 CET 2026
#@# WM/GM Contrast rh Sat Mar 14 12:41:06 CET 2026
recon-all -s sub-v2s9x29159_ses-1 finished without error at Sat Mar 14 12:41:08 CET 2026



#New# invocation of recon-all 



status file for recon-all
Sat Mar 14 12:45:40 CET 2026
#@# white curv rh Sat Mar 14 12:45:40 CET 2026
#@# white area rh Sat Mar 14 12:45:40 CET 2026
#@# pial curv rh Sat Mar 14 12:45:40 CET 2026
#@# pial area rh Sat Mar 14 12:45:40 CET 2026
#@# thickness rh Sat Mar 14 12:45:40 CET 2026
#@# area and vertex vol rh Sat Mar 14 12:45:40 CET 2026
#@# Parcellation Stats rh Sat Mar 14 12:45:40 CET 2026
#@# Parcellation Stats 2 rh Sat Mar 14 12:45:52 CET 2026
#@# Parcellation Stats 3 rh Sat Mar 14 12:45:57 CET 2026
#@# BA_exvivo Labels rh Sat Mar 14 12:46:03 CET 2026
recon-all -s sub-v2s9x29159_ses-1 finished without error at Sat Mar 14 12:47:42 CET 2026
