status file for recon-all
Sat Mar 14 11:56:03 CET 2026
#@# Tessellate lh Sat Mar 14 11:56:03 CET 2026
#@# Smooth1 lh Sat Mar 14 11:56:06 CET 2026
#@# Inflation1 lh Sat Mar 14 11:56:09 CET 2026
#@# QSphere lh Sat Mar 14 11:56:18 CET 2026
#@# Fix Topology lh Sat Mar 14 11:57:04 CET 2026
#@# Smooth2 lh Sat Mar 14 12:05:30 CET 2026
#@# Inflation2 lh Sat Mar 14 12:05:32 CET 2026
#@# Curv .H and .K lh Sat Mar 14 12:05:42 CET 2026
#@# Sphere lh Sat Mar 14 12:06:19 CET 2026
#@# Surf Reg lh Sat Mar 14 12:09:02 CET 2026
#@# Jacobian white lh Sat Mar 14 12:11:15 CET 2026
#@# AvgCurv lh Sat Mar 14 12:11:16 CET 2026
#@# Cortical Parc lh Sat Mar 14 12:11:16 CET 2026
#@# white curv lh Sat Mar 14 12:16:11 CET 2026
#@# white area lh Sat Mar 14 12:16:13 CET 2026
#@# pial curv lh Sat Mar 14 12:16:13 CET 2026
#@# pial area lh Sat Mar 14 12:16:15 CET 2026
#@# thickness lh Sat Mar 14 12:16:15 CET 2026
#@# area and vertex vol lh Sat Mar 14 12:16:39 CET 2026
#@# Curvature Stats lh Sat Mar 14 12:16:40 CET 2026
#@# Cortical Parc 2 lh Sat Mar 14 12:16:41 CET 2026
#@# Cortical Parc 3 lh Sat Mar 14 12:16:52 CET 2026
#@# WM/GM Contrast lh Sat Mar 14 12:17:00 CET 2026
recon-all -s sub-v2s9x29150_ses-1 finished without error at Sat Mar 14 12:17:03 CET 2026



#New# invocation of recon-all 



status file for recon-all
Sat Mar 14 12:40:23 CET 2026
#@# white curv lh Sat Mar 14 12:40:23 CET 2026
#@# white area lh Sat Mar 14 12:40:23 CET 2026
#@# pial curv lh Sat Mar 14 12:40:23 CET 2026
#@# pial area lh Sat Mar 14 12:40:23 CET 2026
#@# thickness lh Sat Mar 14 12:40:23 CET 2026
#@# area and vertex vol lh Sat Mar 14 12:40:23 CET 2026
#@# Parcellation Stats lh Sat Mar 14 12:40:23 CET 2026
#@# Parcellation Stats 2 lh Sat Mar 14 12:40:36 CET 2026
#@# Parcellation Stats 3 lh Sat Mar 14 12:40:43 CET 2026
#@# BA_exvivo Labels lh Sat Mar 14 12:40:49 CET 2026
recon-all -s sub-v2s9x29150_ses-1 finished without error at Sat Mar 14 12:42:49 CET 2026
