status file for recon-all
Sat Mar 14 12:17:05 CET 2026
#@# Tessellate rh Sat Mar 14 12:17:05 CET 2026
#@# Smooth1 rh Sat Mar 14 12:17:09 CET 2026
#@# Inflation1 rh Sat Mar 14 12:17:11 CET 2026
#@# QSphere rh Sat Mar 14 12:17:19 CET 2026
#@# Fix Topology rh Sat Mar 14 12:18:05 CET 2026
#@# Smooth2 rh Sat Mar 14 12:23:05 CET 2026
#@# Inflation2 rh Sat Mar 14 12:23:07 CET 2026
#@# Curv .H and .K rh Sat Mar 14 12:23:15 CET 2026
#@# Sphere rh Sat Mar 14 12:23:53 CET 2026
#@# Surf Reg rh Sat Mar 14 12:26:52 CET 2026
#@# Jacobian white rh Sat Mar 14 12:29:58 CET 2026
#@# AvgCurv rh Sat Mar 14 12:29:59 CET 2026
#@# Cortical Parc rh Sat Mar 14 12:29:59 CET 2026
#@# white curv rh Sat Mar 14 12:34:44 CET 2026
#@# white area rh Sat Mar 14 12:34:45 CET 2026
#@# pial curv rh Sat Mar 14 12:34:46 CET 2026
#@# pial area rh Sat Mar 14 12:34:47 CET 2026
#@# thickness rh Sat Mar 14 12:34:48 CET 2026
#@# area and vertex vol rh Sat Mar 14 12:35:11 CET 2026
#@# Curvature Stats rh Sat Mar 14 12:35:12 CET 2026
#@# Cortical Parc 2 rh Sat Mar 14 12:35:14 CET 2026
#@# Cortical Parc 3 rh Sat Mar 14 12:35:24 CET 2026
#@# WM/GM Contrast rh Sat Mar 14 12:35:32 CET 2026
recon-all -s sub-v2s9x29150_ses-1 finished without error at Sat Mar 14 12:35:35 CET 2026



#New# invocation of recon-all 



status file for recon-all
Sat Mar 14 12:42:51 CET 2026
#@# white curv rh Sat Mar 14 12:42:51 CET 2026
#@# white area rh Sat Mar 14 12:42:51 CET 2026
#@# pial curv rh Sat Mar 14 12:42:51 CET 2026
#@# pial area rh Sat Mar 14 12:42:51 CET 2026
#@# thickness rh Sat Mar 14 12:42:51 CET 2026
#@# area and vertex vol rh Sat Mar 14 12:42:51 CET 2026
#@# Parcellation Stats rh Sat Mar 14 12:42:51 CET 2026
#@# Parcellation Stats 2 rh Sat Mar 14 12:43:04 CET 2026
#@# Parcellation Stats 3 rh Sat Mar 14 12:43:10 CET 2026
#@# BA_exvivo Labels rh Sat Mar 14 12:43:17 CET 2026
recon-all -s sub-v2s9x29150_ses-1 finished without error at Sat Mar 14 12:45:16 CET 2026
