status file for recon-all
Sat Mar 14 11:57:16 CET 2026
#@# Tessellate lh Sat Mar 14 11:57:16 CET 2026
#@# Smooth1 lh Sat Mar 14 11:57:19 CET 2026
#@# Inflation1 lh Sat Mar 14 11:57:20 CET 2026
#@# QSphere lh Sat Mar 14 11:57:31 CET 2026
#@# Fix Topology lh Sat Mar 14 11:58:27 CET 2026
#@# Smooth2 lh Sat Mar 14 12:04:45 CET 2026
#@# Inflation2 lh Sat Mar 14 12:04:47 CET 2026
#@# Curv .H and .K lh Sat Mar 14 12:04:58 CET 2026
#@# Sphere lh Sat Mar 14 12:05:27 CET 2026
#@# Surf Reg lh Sat Mar 14 12:07:12 CET 2026
#@# Jacobian white lh Sat Mar 14 12:11:31 CET 2026
#@# AvgCurv lh Sat Mar 14 12:11:31 CET 2026
#@# Cortical Parc lh Sat Mar 14 12:11:32 CET 2026
#@# white curv lh Sat Mar 14 12:16:54 CET 2026
#@# white area lh Sat Mar 14 12:16:56 CET 2026
#@# pial curv lh Sat Mar 14 12:16:56 CET 2026
#@# pial area lh Sat Mar 14 12:16:57 CET 2026
#@# thickness lh Sat Mar 14 12:16:58 CET 2026
#@# area and vertex vol lh Sat Mar 14 12:17:13 CET 2026
#@# Curvature Stats lh Sat Mar 14 12:17:14 CET 2026
#@# Cortical Parc 2 lh Sat Mar 14 12:17:15 CET 2026
#@# Cortical Parc 3 lh Sat Mar 14 12:17:23 CET 2026
#@# WM/GM Contrast lh Sat Mar 14 12:17:30 CET 2026
recon-all -s sub-v2s9x29173_ses-1 finished without error at Sat Mar 14 12:17:32 CET 2026



#New# invocation of recon-all 



status file for recon-all
Sat Mar 14 12:39:51 CET 2026
#@# white curv lh Sat Mar 14 12:39:51 CET 2026
#@# white area lh Sat Mar 14 12:39:51 CET 2026
#@# pial curv lh Sat Mar 14 12:39:51 CET 2026
#@# pial area lh Sat Mar 14 12:39:51 CET 2026
#@# thickness lh Sat Mar 14 12:39:51 CET 2026
#@# area and vertex vol lh Sat Mar 14 12:39:51 CET 2026
#@# Parcellation Stats lh Sat Mar 14 12:39:51 CET 2026
#@# Parcellation Stats 2 lh Sat Mar 14 12:40:02 CET 2026
#@# Parcellation Stats 3 lh Sat Mar 14 12:40:08 CET 2026
#@# BA_exvivo Labels lh Sat Mar 14 12:40:13 CET 2026
recon-all -s sub-v2s9x29173_ses-1 finished without error at Sat Mar 14 12:41:54 CET 2026
