status file for recon-all
Sat Mar 14 12:17:34 CET 2026
#@# Tessellate rh Sat Mar 14 12:17:34 CET 2026
#@# Smooth1 rh Sat Mar 14 12:17:36 CET 2026
#@# Inflation1 rh Sat Mar 14 12:17:38 CET 2026
#@# QSphere rh Sat Mar 14 12:17:51 CET 2026
#@# Fix Topology rh Sat Mar 14 12:19:01 CET 2026
#@# Smooth2 rh Sat Mar 14 12:24:12 CET 2026
#@# Inflation2 rh Sat Mar 14 12:24:14 CET 2026
#@# Curv .H and .K rh Sat Mar 14 12:24:25 CET 2026
#@# Sphere rh Sat Mar 14 12:24:56 CET 2026
#@# Surf Reg rh Sat Mar 14 12:26:54 CET 2026
#@# Jacobian white rh Sat Mar 14 12:30:17 CET 2026
#@# AvgCurv rh Sat Mar 14 12:30:18 CET 2026
#@# Cortical Parc rh Sat Mar 14 12:30:18 CET 2026
#@# white curv rh Sat Mar 14 12:35:30 CET 2026
#@# white area rh Sat Mar 14 12:35:31 CET 2026
#@# pial curv rh Sat Mar 14 12:35:32 CET 2026
#@# pial area rh Sat Mar 14 12:35:33 CET 2026
#@# thickness rh Sat Mar 14 12:35:34 CET 2026
#@# area and vertex vol rh Sat Mar 14 12:35:49 CET 2026
#@# Curvature Stats rh Sat Mar 14 12:35:51 CET 2026
#@# Cortical Parc 2 rh Sat Mar 14 12:35:52 CET 2026
#@# Cortical Parc 3 rh Sat Mar 14 12:36:01 CET 2026
#@# WM/GM Contrast rh Sat Mar 14 12:36:07 CET 2026
recon-all -s sub-v2s9x29173_ses-1 finished without error at Sat Mar 14 12:36:10 CET 2026



#New# invocation of recon-all 



status file for recon-all
Sat Mar 14 12:41:56 CET 2026
#@# white curv rh Sat Mar 14 12:41:56 CET 2026
#@# white area rh Sat Mar 14 12:41:56 CET 2026
#@# pial curv rh Sat Mar 14 12:41:56 CET 2026
#@# pial area rh Sat Mar 14 12:41:56 CET 2026
#@# thickness rh Sat Mar 14 12:41:56 CET 2026
#@# area and vertex vol rh Sat Mar 14 12:41:56 CET 2026
#@# Parcellation Stats rh Sat Mar 14 12:41:56 CET 2026
#@# Parcellation Stats 2 rh Sat Mar 14 12:42:07 CET 2026
#@# Parcellation Stats 3 rh Sat Mar 14 12:42:13 CET 2026
#@# BA_exvivo Labels rh Sat Mar 14 12:42:18 CET 2026
recon-all -s sub-v2s9x29173_ses-1 finished without error at Sat Mar 14 12:44:07 CET 2026
