/out/sourcedata/freesurfer/sub-v2s9x29164_ses-1/mri
/opt/freesurfer/bin/talairach_avi
--i orig_nu.mgz --xfm transforms/talairach.auto.xfm
talairach_avi 7.3.2
Linux dna075 5.14.0-427.37.1.el9_4.x86_64 #1 SMP PREEMPT_DYNAMIC Fri Sep 13 12:41:50 EDT 2024 x86_64 x86_64 x86_64 GNU/Linux
Sat Mar 14 10:30:56 CET 2026
mri_convert orig_nu.mgz talsrcimg.img 
reading from orig_nu.mgz...
TR=0.00, TE=0.00, TI=0.00, flip angle=0.00
i_ras = (-1, 0, 0)
j_ras = (0, 0, -1)
k_ras = (0, 1, 0)
writing to talsrcimg.img...
Analyze Output Matrix
-1.00000   0.00000   0.00000   129.66513;
 0.00000   0.00000   1.00000  -128.00000;
 0.00000  -1.00000   0.00000   130.00000;
 0.00000   0.00000   0.00000   1.00000;
--------------------
INFO: set hdr.hist.orient to -1
mpr2mni305 talsrcimg
Sat Mar 14 10:30:56 CET 2026
/opt/freesurfer/bin/mpr2mni305 talsrcimg
mpr2mni305 7.3.2
target=711-2C_as_mni_average_305

---------------------------------------------------------------------
analyzeto4dfp talsrcimg -O0 -y
---------------------------------------------------------------------

freesurfer ifh2hdr.c
Sat Mar 14 10:30:56 2026
Writing: talsrcimg.4dfp.hdr
freesurfer analyzeto4dfp.c
Reading: talsrcimg.hdr
header size 348 bytes
hdr.dime.datatype	offset=70	value=2
hdr.dime.bitpix		offset=72	value=8
hdr.hist.orient		offset=252	value=-1
dimensionality     4
dimensions       256       256       256         1
Reading: talsrcimg.img
Writing: talsrcimg.4dfp.img
Writing: talsrcimg.4dfp.ifh
ifh2hdr talsrcimg -r0to217
ori=2

---------------------------------------------------------------------
gauss_4dfp talsrcimg 1.1
---------------------------------------------------------------------

freesurfer gauss_4dfp.c
Reading: talsrcimg.4dfp.img
Writing: talsrcimg_g11.4dfp.img
image dimensions 256 256 256 padded to 288 288 288
processing volume 1freesurfer ifh2hdr.c
Sat Mar 14 10:30:58 2026
Writing: talsrcimg_g11.4dfp.hdr

Writing: talsrcimg_g11.4dfp.ifh
including: talsrcimg.4dfp.img.rec in talsrcimg_g11.4dfp.img.rec

---------------------------------------------------------------------
imgreg_4dfp /opt/freesurfer/average/711-2C_as_mni_average_305 none talsrcimg_g11 none talsrcimg_to_711-2C_as_mni_average_305_t4 4355
---------------------------------------------------------------------

freesurfer imgreg_4dfp.c
/opt/freesurfer/average/711-2C_as_mni_average_305.4dfp.img
       256       256       256         1
  1.000000  1.000000  1.000000
orientation T byte_order littleendian
Reading image: /opt/freesurfer/average/711-2C_as_mni_average_305.4dfp.img
dimensions:      256       256       256
mmppix:       1.0000   -1.0000   -1.0000
center:     128.0000 -129.0000 -129.0000
talsrcimg_g11.4dfp.img
       256       256       256         1
  1.000000  1.000000  1.000000
orientation T byte_order littleendian
Reading image: talsrcimg_g11.4dfp.img
dimensions:      256       256       256
mmppix:       1.0000   -1.0000   -1.0000
center:     128.0000 -129.0000 -129.0000
t4_read: open error in t4_sub.f l:  41 t4_file(1:l)talsrcimg_to_711-2C_as_mni_average_305_t4 
t4_read: transform initialized to I4
rotation matrix determinant  1.000000
image alignment mode   4355 decimal     1103 hex
   -7.5000  -45.0000  -45.0000 9084.8027   20.9650
    0.0000  -45.0000  -45.0000 9458.0557   20.9593
    7.5000  -45.0000  -45.0000 8953.0576   20.9675
   -7.5000  -37.5000  -45.0000 9432.6309   20.8970
    0.0000  -37.5000  -45.0000 9827.3760   20.8900
    7.5000  -37.5000  -45.0000 9298.3613   20.8991
   -7.5000  -30.0000  -45.000010086.1328   20.8652
    0.0000  -30.0000  -45.000010501.5361   20.8545
    7.5000  -30.0000  -45.0000 9948.8916   20.8679
   -7.5000  -22.5000  -45.000010623.3926   20.9115
    0.0000  -22.5000  -45.000011074.1260   20.8984
    7.5000  -22.5000  -45.000010485.6748   20.9151
   -7.5000  -15.0000  -45.000011116.5850   20.9821
    0.0000  -15.0000  -45.000011591.8643   20.9711
    7.5000  -15.0000  -45.000010967.9424   20.9866
   -7.5000   -7.5000  -45.000011595.7734   21.0037
    0.0000   -7.5000  -45.000012069.9941   20.9964
    7.5000   -7.5000  -45.000011419.4131   21.0077
   -7.5000    0.0000  -45.000012003.0801   20.9650
    0.0000    0.0000  -45.000012469.0928   20.9593
    7.5000    0.0000  -45.000011814.1748   20.9675
   -7.5000    7.5000  -45.000011316.1758   20.8970
    0.0000    7.5000  -45.000011745.4121   20.8900
    7.5000    7.5000  -45.000011137.2285   20.8991
   -7.5000   15.0000  -45.000010537.2705   20.8652
    0.0000   15.0000  -45.000010923.0371   20.8545
    7.5000   15.0000  -45.000010344.3379   20.8679
   -7.5000   22.5000  -45.0000 9716.4180   20.9086
    0.0000   22.5000  -45.000010052.6914   20.8955
    7.5000   22.5000  -45.0000 9522.9717   20.9123
   -7.5000   30.0000  -45.0000 8893.0303   20.7025
    0.0000   30.0000  -45.0000 9186.7627   20.6916
    7.5000   30.0000  -45.0000 8726.8281   20.7069
   -7.5000   37.5000  -45.0000 8350.5967   20.7238
    0.0000   37.5000  -45.0000 8624.1055   20.7166
    7.5000   37.5000  -45.0000 8186.6431   20.7278
   -7.5000   45.0000  -45.0000 7395.6699   20.1653
    0.0000   45.0000  -45.0000 7632.7168   20.1598
    7.5000   45.0000  -45.0000 7245.7637   20.1675
   -7.5000  -45.0000  -37.5000 9639.9717   20.9331
    0.0000  -45.0000  -37.500010049.8643   20.9332
    7.5000  -45.0000  -37.5000 9492.8613   20.9447
   -7.5000  -37.5000  -37.5000 9988.6992   20.8746
    0.0000  -37.5000  -37.500010425.8389   20.8758
    7.5000  -37.5000  -37.5000 9846.2764   20.8894
   -7.5000  -30.0000  -37.500010655.6621   20.8384
    0.0000  -30.0000  -37.500011128.1113   20.8364
    7.5000  -30.0000  -37.500010506.4746   20.8579
   -7.5000  -22.5000  -37.500011230.2041   20.8671
    0.0000  -22.5000  -37.500011722.3711   20.8616
    7.5000  -22.5000  -37.500011059.0381   20.8901
   -7.5000  -15.0000  -37.500011727.6523   20.9258
    0.0000  -15.0000  -37.500012234.5576   20.9201
    7.5000  -15.0000  -37.500011523.8359   20.9468
   -7.5000   -7.5000  -37.500012216.9014   20.9554
    0.0000   -7.5000  -37.500012715.4336   20.9521
    7.5000   -7.5000  -37.500011998.7002   20.9699
   -7.5000    0.0000  -37.500012595.9785   20.9331
    0.0000    0.0000  -37.500013091.3057   20.9332
    7.5000    0.0000  -37.500012360.9551   20.9447
   -7.5000    7.5000  -37.500011849.8525   20.8746
    0.0000    7.5000  -37.500012314.0830   20.8758
    7.5000    7.5000  -37.500011616.1719   20.8894
   -7.5000   15.0000  -37.500011030.2002   20.8384
    0.0000   15.0000  -37.500011431.0215   20.8364
    7.5000   15.0000  -37.500010785.7617   20.8579
   -7.5000   22.5000  -37.500010123.0088   20.8642
    0.0000   22.5000  -37.500010483.0371   20.8588
    7.5000   22.5000  -37.5000 9917.8105   20.8872
   -7.5000   30.0000  -37.5000 9253.0381   20.6469
    0.0000   30.0000  -37.5000 9576.9482   20.6413
    7.5000   30.0000  -37.5000 9073.5342   20.6676
   -7.5000   37.5000  -37.5000 8649.4111   20.6761
    0.0000   37.5000  -37.5000 8927.3076   20.6729
    7.5000   37.5000  -37.5000 8475.4512   20.6905
   -7.5000   45.0000  -37.5000 7668.4268   20.1347
    0.0000   45.0000  -37.5000 7897.9946   20.1347
    7.5000   45.0000  -37.5000 7495.6021   20.1456
   -7.5000  -45.0000  -30.000010336.5264   21.8258
    0.0000  -45.0000  -30.000010753.3594   21.8282
    7.5000  -45.0000  -30.000010162.5879   21.8253
   -7.5000  -37.5000  -30.000010684.7002   21.7803
    0.0000  -37.5000  -30.000011150.0508   21.7791
    7.5000  -37.5000  -30.000010527.7949   21.7771
   -7.5000  -30.0000  -30.000011371.5361   21.7465
    0.0000  -30.0000  -30.000011876.8799   21.7360
    7.5000  -30.0000  -30.000011206.9463   21.7425
   -7.5000  -22.5000  -30.000011977.2646   21.7624
    0.0000  -22.5000  -30.000012496.3193   21.7487
    7.5000  -22.5000  -30.000011760.2217   21.7639
   -7.5000  -15.0000  -30.000012511.6494   21.8065
    0.0000  -15.0000  -30.000013020.4893   21.7960
    7.5000  -15.0000  -30.000012224.3164   21.8097
   -7.5000   -7.5000  -30.000013004.7520   21.8361
    0.0000   -7.5000  -30.000013508.3818   21.8324
    7.5000   -7.5000  -30.000012687.7939   21.8365
   -7.5000    0.0000  -30.000013367.4014   21.8258
    0.0000    0.0000  -30.000013870.5215   21.8282
    7.5000    0.0000  -30.000013037.5371   21.8253
   -7.5000    7.5000  -30.000012534.7773   21.7803
    0.0000    7.5000  -30.000013019.5303   21.7791
    7.5000    7.5000  -30.000012228.8428   21.7771
   -7.5000   15.0000  -30.000011639.8799   21.7465
    0.0000   15.0000  -30.000012063.4531   21.7360
    7.5000   15.0000  -30.000011345.4521   21.7425
   -7.5000   22.5000  -30.000010677.9365   21.7572
    0.0000   22.5000  -30.000011065.9102   21.7435
    7.5000   22.5000  -30.000010431.1562   21.7587
   -7.5000   30.0000  -30.0000 9772.1338   21.5180
    0.0000   30.0000  -30.000010092.5361   21.5076
    7.5000   30.0000  -30.0000 9527.6084   21.5212
   -7.5000   37.5000  -30.0000 9101.2490   21.5471
    0.0000   37.5000  -30.0000 9373.0752   21.5435
    7.5000   37.5000  -30.0000 8874.9971   21.5476
   -7.5000   45.0000  -30.0000 8053.8232   21.0088
    0.0000   45.0000  -30.0000 8273.9883   21.0110
    7.5000   45.0000  -30.0000 7843.0518   21.0080
   -7.5000  -45.0000  -22.500010998.7559   22.6249
    0.0000  -45.0000  -22.500011453.4189   22.6219
    7.5000  -45.0000  -22.500010803.9316   22.5982
   -7.5000  -37.5000  -22.500011352.6494   22.5846
    0.0000  -37.5000  -22.500011813.0400   22.5703
    7.5000  -37.5000  -22.500011177.0283   22.5452
   -7.5000  -30.0000  -22.500012053.6660   22.5601
    0.0000  -30.0000  -22.500012554.9971   22.5298
    7.5000  -30.0000  -22.500011863.2617   22.5093
   -7.5000  -22.5000  -22.500012693.8477   22.5816
    0.0000  -22.5000  -22.500013206.5029   22.5500
    7.5000  -22.5000  -22.500012451.5605   22.5355
   -7.5000  -15.0000  -22.500013233.8047   22.6214
    0.0000  -15.0000  -22.500013755.4453   22.5995
    7.5000  -15.0000  -22.500012922.4658   22.5844
   -7.5000   -7.5000  -22.500013729.6572   22.6402
    0.0000   -7.5000  -22.500014240.3330   22.6310
    7.5000   -7.5000  -22.500013367.6455   22.6110
   -7.5000    0.0000  -22.500014084.1807   22.6249
    0.0000    0.0000  -22.500014578.0713   22.6219
    7.5000    0.0000  -22.500013682.9082   22.5982
   -7.5000    7.5000  -22.500013198.0889   22.5846
    0.0000    7.5000  -22.500013664.4561   22.5703
    7.5000    7.5000  -22.500012840.5996   22.5452
   -7.5000   15.0000  -22.500012242.5859   22.5601
    0.0000   15.0000  -22.500012675.2871   22.5298
    7.5000   15.0000  -22.500011916.8555   22.5093
   -7.5000   22.5000  -22.500011220.9062   22.5746
    0.0000   22.5000  -22.500011602.0039   22.5430
    7.5000   22.5000  -22.500010928.3467   22.5286
   -7.5000   30.0000  -22.500010245.7568   22.3255
    0.0000   30.0000  -22.500010562.6592   22.3039
    7.5000   30.0000  -22.5000 9930.4062   22.2889
   -7.5000   37.5000  -22.5000 9532.4971   22.3441
    0.0000   37.5000  -22.5000 9818.6279   22.3350
    7.5000   37.5000  -22.5000 9254.2764   22.3152
   -7.5000   45.0000  -22.5000 8391.6650   21.7942
    0.0000   45.0000  -22.5000 8626.2705   21.7913
    7.5000   45.0000  -22.5000 8167.6904   21.7683
   -7.5000  -45.0000  -15.000011588.4268   23.2077
    0.0000  -45.0000  -15.000012096.4941   23.1965
    7.5000  -45.0000  -15.000011454.7012   23.1656
   -7.5000  -37.5000  -15.000011941.9434   23.1586
    0.0000  -37.5000  -15.000012439.7139   23.1322
    7.5000  -37.5000  -15.000011807.2725   23.0989
   -7.5000  -30.0000  -15.000012670.3730   23.1387
    0.0000  -30.0000  -15.000013187.2666   23.0952
    7.5000  -30.0000  -15.000012508.6279   23.0635
   -7.5000  -22.5000  -15.000013325.5820   23.1773
    0.0000  -22.5000  -15.000013882.5225   23.1351
    7.5000  -22.5000  -15.000013135.5713   23.1063
   -7.5000  -15.0000  -15.000013898.8857   23.2288
    0.0000  -15.0000  -15.000014451.7637   23.2001
    7.5000  -15.0000  -15.000013632.0293   23.1706
   -7.5000   -7.5000  -15.000014394.4053   23.2393
    0.0000   -7.5000  -15.000014951.0439   23.2245
    7.5000   -7.5000  -15.000014063.7471   23.1945
   -7.5000    0.0000  -15.000014754.1523   23.2077
    0.0000    0.0000  -15.000015285.2725   23.1965
    7.5000    0.0000  -15.000014348.3213   23.1656
   -7.5000    7.5000  -15.000013827.2549   23.1586
    0.0000    7.5000  -15.000014324.2227   23.1322
    7.5000    7.5000  -15.000013461.4180   23.0989
   -7.5000   15.0000  -15.000012797.6260   23.1387
    0.0000   15.0000  -15.000013256.6465   23.0952
    7.5000   15.0000  -15.000012475.1768   23.0635
   -7.5000   22.5000  -15.000011707.4473   23.1691
    0.0000   22.5000  -15.000012102.4658   23.1269
    7.5000   22.5000  -15.000011401.7188   23.0981
   -7.5000   30.0000  -15.000010650.5889   22.9282
    0.0000   30.0000  -15.000010967.5947   22.8998
    7.5000   30.0000  -15.000010315.2842   22.8708
   -7.5000   37.5000  -15.0000 9897.3096   22.9385
    0.0000   37.5000  -15.000010185.5488   22.9240
    7.5000   37.5000  -15.0000 9587.9131   22.8943
   -7.5000   45.0000  -15.0000 8688.9004   22.3690
    0.0000   45.0000  -15.0000 8943.6602   22.3582
    7.5000   45.0000  -15.0000 8460.1084   22.3283
   -7.5000  -45.0000   -7.500012179.3887   23.4652
    0.0000  -45.0000   -7.500012738.8486   23.4531
    7.5000  -45.0000   -7.500012126.2930   23.4395
   -7.5000  -37.5000   -7.500012517.0137   23.3979
    0.0000  -37.5000   -7.500013059.3438   23.3756
    7.5000  -37.5000   -7.500012468.1426   23.3607
   -7.5000  -30.0000   -7.500013189.2012   23.3720
    0.0000  -30.0000   -7.500013770.8066   23.3385
    7.5000  -30.0000   -7.500013171.7617   23.3254
   -7.5000  -22.5000   -7.500013854.1279   23.4254
    0.0000  -22.5000   -7.500014470.7715   23.3922
    7.5000  -22.5000   -7.500013813.3105   23.3812
   -7.5000  -15.0000   -7.500014474.4561   23.4970
    0.0000  -15.0000   -7.500015082.3535   23.4733
    7.5000  -15.0000   -7.500014344.9111   23.4614
   -7.5000   -7.5000   -7.500014999.2861   23.5106
    0.0000   -7.5000   -7.500015602.5674   23.4969
    7.5000   -7.5000   -7.500014789.3545   23.4842
   -7.5000    0.0000   -7.500015314.8223   23.4652
    0.0000    0.0000   -7.500015903.2246   23.4531
    7.5000    0.0000   -7.500015015.0986   23.4395
   -7.5000    7.5000   -7.500014341.9766   23.3979
    0.0000    7.5000   -7.500014890.1455   23.3756
    7.5000    7.5000   -7.500014039.7070   23.3607
   -7.5000   15.0000   -7.500013282.1924   23.3720
    0.0000   15.0000   -7.500013757.5391   23.3385
    7.5000   15.0000   -7.500012948.4180   23.3254
   -7.5000   22.5000   -7.500012172.6914   23.4146
    0.0000   22.5000   -7.500012577.3203   23.3814
    7.5000   22.5000   -7.500011860.3340   23.3704
   -7.5000   30.0000   -7.500011053.9648   23.1922
    0.0000   30.0000   -7.500011391.8525   23.1689
    7.5000   30.0000   -7.500010740.2285   23.1571
   -7.5000   37.5000   -7.500010223.5342   23.2057
    0.0000   37.5000   -7.500010531.7275   23.1922
    7.5000   37.5000   -7.5000 9919.0771   23.1797
   -7.5000   45.0000   -7.5000 8946.3232   22.6215
    0.0000   45.0000   -7.5000 9210.9521   22.6098
    7.5000   45.0000   -7.5000 8739.3525   22.5966
   -7.5000  -45.0000    0.000012698.5996   23.4602
    0.0000  -45.0000    0.000013277.7842   23.4539
    7.5000  -45.0000    0.000012696.3320   23.4631
   -7.5000  -37.5000    0.000013012.7451   23.3842
    0.0000  -37.5000    0.000013563.2549   23.3764
    7.5000  -37.5000    0.000013068.6133   23.3865
   -7.5000  -30.0000    0.000013655.7852   23.3487
    0.0000  -30.0000    0.000014276.0244   23.3367
    7.5000  -30.0000    0.000013787.1025   23.3517
   -7.5000  -22.5000    0.000014390.1768   23.4004
    0.0000  -22.5000    0.000015023.9639   23.3858
    7.5000  -22.5000    0.000014467.0225   23.4045
   -7.5000  -15.0000    0.000015039.8896   23.4794
    0.0000  -15.0000    0.000015673.2109   23.4671
    7.5000  -15.0000    0.000015021.4199   23.4844
   -7.5000   -7.5000    0.000015561.1094   23.5036
    0.0000   -7.5000    0.000016186.4961   23.4954
    7.5000   -7.5000    0.000015465.7881   23.5081
   -7.5000    0.0000    0.000015748.3594   23.4602
    0.0000    0.0000    0.000016411.1387   23.4539
    7.5000    0.0000    0.000015607.0254   23.4631
   -7.5000    7.5000    0.000014669.2891   23.3842
    0.0000    7.5000    0.000015309.0498   23.3764
    7.5000    7.5000    0.000014547.2109   23.3865
   -7.5000   15.0000    0.000013611.3369   23.3487
    0.0000   15.0000    0.000014167.1514   23.3367
    7.5000   15.0000    0.000013440.3389   23.3517
   -7.5000   22.5000    0.000012509.5801   23.3896
    0.0000   22.5000    0.000012988.6504   23.3750
    7.5000   22.5000    0.000012329.7920   23.3937
   -7.5000   30.0000    0.000011347.2559   23.1756
    0.0000   30.0000    0.000011746.8262   23.1634
    7.5000   30.0000    0.000011148.9014   23.1805
   -7.5000   37.5000    0.000010458.4346   23.1994
    0.0000   37.5000    0.000010796.4883   23.1914
    7.5000   37.5000    0.000010238.6777   23.2039
   -7.5000   45.0000    0.0000 9136.5645   22.6186
    0.0000   45.0000    0.0000 9411.6035   22.6123
    7.5000   45.0000    0.0000 8953.5420   22.6211
   -7.5000  -45.0000    7.500012243.3926   23.4247
    0.0000  -45.0000    7.500012786.0732   23.4248
    7.5000  -45.0000    7.500012233.9180   23.4376
   -7.5000  -37.5000    7.500012605.3662   23.3593
    0.0000  -37.5000    7.500013115.5039   23.3605
    7.5000  -37.5000    7.500012622.4922   23.3757
   -7.5000  -30.0000    7.500013263.2676   23.3187
    0.0000  -30.0000    7.500013814.8232   23.3164
    7.5000  -30.0000    7.500013385.9248   23.3406
   -7.5000  -22.5000    7.500013933.7793   23.3508
    0.0000  -22.5000    7.500014509.8213   23.3447
    7.5000  -22.5000    7.500014040.1211   23.3765
   -7.5000  -15.0000    7.500014496.5586   23.4165
    0.0000  -15.0000    7.500015099.7070   23.4102
    7.5000  -15.0000    7.500014568.5830   23.4400
   -7.5000   -7.5000    7.500014997.2305   23.4497
    0.0000   -7.5000    7.500015595.1406   23.4460
    7.5000   -7.5000    7.500015008.3799   23.4659
   -7.5000    0.0000    7.500015109.9805   23.4247
    0.0000    0.0000    7.500015713.8428   23.4248
    7.5000    0.0000    7.500015099.6836   23.4376
   -7.5000    7.5000    7.500014036.9795   23.3593
    0.0000    7.5000    7.500014619.7119   23.3605
    7.5000    7.5000    7.500014019.1553   23.3757
   -7.5000   15.0000    7.500013039.4004   23.3187
    0.0000   15.0000    7.500013543.7100   23.3164
    7.5000   15.0000    7.500012927.4590   23.3406
   -7.5000   22.5000    7.500011980.0596   23.3401
    0.0000   22.5000    7.500012419.6475   23.3340
    7.5000   22.5000    7.500011849.7939   23.3658
   -7.5000   30.0000    7.500010837.7314   23.1134
    0.0000   30.0000    7.500011248.8213   23.1072
    7.5000   30.0000    7.500010715.6426   23.1367
   -7.5000   37.5000    7.5000 9951.4395   23.1462
    0.0000   37.5000    7.500010309.7461   23.1425
    7.5000   37.5000    7.5000 9844.8525   23.1622
   -7.5000   45.0000    7.5000 8693.0518   22.5844
    0.0000   45.0000    7.5000 8988.8496   22.5843
    7.5000   45.0000    7.5000 8598.8564   22.5966
   -7.5000  -45.0000   15.000011700.2842   23.4373
    0.0000  -45.0000   15.000012224.2207   23.4399
    7.5000  -45.0000   15.000011681.1396   23.4367
   -7.5000  -37.5000   15.000012032.3994   23.3884
    0.0000  -37.5000   15.000012558.2773   23.3872
    7.5000  -37.5000   15.000012041.8457   23.3850
   -7.5000  -30.0000   15.000012764.0430   23.3521
    0.0000  -30.0000   15.000013319.0020   23.3409
    7.5000  -30.0000   15.000012784.8320   23.3479
   -7.5000  -22.5000   15.000013423.7559   23.3693
    0.0000  -22.5000   15.000013997.3906   23.3546
    7.5000  -22.5000   15.000013434.3408   23.3709
   -7.5000  -15.0000   15.000013949.7402   23.4166
    0.0000  -15.0000   15.000014501.7393   23.4054
    7.5000  -15.0000   15.000013947.7617   23.4201
   -7.5000   -7.5000   15.000014415.8428   23.4483
    0.0000   -7.5000   15.000014947.5977   23.4444
    7.5000   -7.5000   15.000014378.9541   23.4488
   -7.5000    0.0000   15.000014510.0762   23.4373
    0.0000    0.0000   15.000015035.1455   23.4399
    7.5000    0.0000   15.000014460.9219   23.4367
   -7.5000    7.5000   15.000013489.2744   23.3884
    0.0000    7.5000   15.000013997.8682   23.3872
    7.5000    7.5000   15.000013446.9160   23.3850
   -7.5000   15.0000   15.000012488.8535   23.3521
    0.0000   15.0000   15.000012954.2354   23.3409
    7.5000   15.0000   15.000012377.0205   23.3479
   -7.5000   22.5000   15.000011455.8662   23.3585
    0.0000   22.5000   15.000011861.9180   23.3438
    7.5000   22.5000   15.000011327.9150   23.3601
   -7.5000   30.0000   15.000010321.8838   23.1136
    0.0000   30.0000   15.000010690.3252   23.1024
    7.5000   30.0000   15.000010193.8574   23.1170
   -7.5000   37.5000   15.0000 9446.7119   23.1449
    0.0000   37.5000   15.0000 9791.7393   23.1410
    7.5000   37.5000   15.0000 9341.0244   23.1453
   -7.5000   45.0000   15.0000 8212.3154   22.5965
    0.0000   45.0000   15.0000 8518.0156   22.5989
    7.5000   45.0000   15.0000 8136.9438   22.5957
   -7.5000  -45.0000   22.500011099.7930   23.4884
    0.0000  -45.0000   22.500011581.6299   23.4854
    7.5000  -45.0000   22.500011022.4619   23.4608
   -7.5000  -37.5000   22.500011444.6895   23.4465
    0.0000  -37.5000   22.500011906.6934   23.4317
    7.5000  -37.5000   22.500011370.0049   23.4058
   -7.5000  -30.0000   22.500012159.5547   23.4211
    0.0000  -30.0000   22.500012650.5645   23.3897
    7.5000  -30.0000   22.500012087.3359   23.3685
   -7.5000  -22.5000   22.500012791.6963   23.4434
    0.0000  -22.5000   22.500013313.3623   23.4107
    7.5000  -22.5000   22.500012709.9023   23.3958
   -7.5000  -15.0000   22.500013312.1367   23.4848
    0.0000  -15.0000   22.500013841.4062   23.4621
    7.5000  -15.0000   22.500013212.7012   23.4465
   -7.5000   -7.5000   22.500013709.7373   23.5043
    0.0000   -7.5000   22.500014263.4131   23.4948
    7.5000   -7.5000   22.500013622.9922   23.4741
   -7.5000    0.0000   22.500013785.4434   23.4884
    0.0000    0.0000   22.500014333.0352   23.4854
    7.5000    0.0000   22.500013720.5391   23.4608
   -7.5000    7.5000   22.500012854.9600   23.4465
    0.0000    7.5000   22.500013358.7461   23.4317
    7.5000    7.5000   22.500012770.6406   23.4058
   -7.5000   15.0000   22.500011867.5195   23.4211
    0.0000   15.0000   22.500012320.4590   23.3897
    7.5000   15.0000   22.500011751.5371   23.3685
   -7.5000   22.5000   22.500010842.9619   23.4326
    0.0000   22.5000   22.500011241.3369   23.3999
    7.5000   22.5000   22.500010724.8008   23.3850
   -7.5000   30.0000   22.5000 9753.3213   23.1809
    0.0000   30.0000   22.500010089.4229   23.1585
    7.5000   30.0000   22.5000 9630.6904   23.1430
   -7.5000   37.5000   22.5000 8940.5986   23.2001
    0.0000   37.5000   22.5000 9251.2529   23.1907
    7.5000   37.5000   22.5000 8829.8916   23.1703
   -7.5000   45.0000   22.5000 7779.1680   22.6456
    0.0000   45.0000   22.5000 8046.2568   22.6427
    7.5000   45.0000   22.5000 7676.9863   22.6189
   -7.5000  -45.0000   30.000010388.7529   23.6330
    0.0000  -45.0000   30.000010830.2061   23.6222
    7.5000  -45.0000   30.000010225.9170   23.5916
   -7.5000  -37.5000   30.000010738.1396   23.5841
    0.0000  -37.5000   30.000011169.7588   23.5574
    7.5000  -37.5000   30.000010576.7324   23.5243
   -7.5000  -30.0000   30.000011392.5195   23.5645
    0.0000  -30.0000   30.000011859.5566   23.5202
    7.5000  -30.0000   30.000011263.0547   23.4884
   -7.5000  -22.5000   30.000011955.2129   23.6032
    0.0000  -22.5000   30.000012455.7158   23.5603
    7.5000  -22.5000   30.000011846.0146   23.5312
   -7.5000  -15.0000   30.000012405.3447   23.6546
    0.0000  -15.0000   30.000012919.6914   23.6257
    7.5000  -15.0000   30.000012319.8291   23.5960
   -7.5000   -7.5000   30.000012806.4170   23.6648
    0.0000   -7.5000   30.000013328.5781   23.6504
    7.5000   -7.5000   30.000012729.7900   23.6203
   -7.5000    0.0000   30.000012909.9590   23.6330
    0.0000    0.0000   30.000013432.3330   23.6222
    7.5000    0.0000   30.000012835.6904   23.5916
   -7.5000    7.5000   30.000012049.7793   23.5841
    0.0000    7.5000   30.000012540.6777   23.5574
    7.5000    7.5000   30.000011961.4883   23.5243
   -7.5000   15.0000   30.000011141.3848   23.5645
    0.0000   15.0000   30.000011581.2383   23.5202
    7.5000   15.0000   30.000011021.4600   23.4884
   -7.5000   22.5000   30.000010184.0605   23.5923
    0.0000   22.5000   30.000010587.3955   23.5495
    7.5000   22.5000   30.000010051.2666   23.5204
   -7.5000   30.0000   30.0000 9140.4014   23.3485
    0.0000   30.0000   30.0000 9486.0586   23.3200
    7.5000   30.0000   30.0000 9036.4082   23.2906
   -7.5000   37.5000   30.0000 8372.0098   23.3585
    0.0000   37.5000   30.0000 8677.8105   23.3443
    7.5000   37.5000   30.0000 8278.3252   23.3146
   -7.5000   45.0000   30.0000 7279.7188   22.7848
    0.0000   45.0000   30.0000 7527.1709   22.7745
    7.5000   45.0000   30.0000 7180.8936   22.7448
   -7.5000  -45.0000   37.5000 9929.8252   23.7756
    0.0000  -45.0000   37.500010342.5361   23.7650
    7.5000  -45.0000   37.5000 9779.7959   23.7529
   -7.5000  -37.5000   37.500010269.8652   23.7086
    0.0000  -37.5000   37.500010693.6631   23.6873
    7.5000  -37.5000   37.500010120.0615   23.6737
   -7.5000  -30.0000   37.500010905.9229   23.6835
    0.0000  -30.0000   37.500011362.0889   23.6503
    7.5000  -30.0000   37.500010775.4424   23.6379
   -7.5000  -22.5000   37.500011450.4746   23.7372
    0.0000  -22.5000   37.500011939.9336   23.7042
    7.5000  -22.5000   37.500011334.5820   23.6935
   -7.5000  -15.0000   37.500011898.6846   23.8083
    0.0000  -15.0000   37.500012393.0840   23.7853
    7.5000  -15.0000   37.500011815.7822   23.7737
   -7.5000   -7.5000   37.500012318.7539   23.8213
    0.0000   -7.5000   37.500012839.5293   23.8090
    7.5000   -7.5000   37.500012249.0869   23.7972
   -7.5000    0.0000   37.500012455.9375   23.7756
    0.0000    0.0000   37.500012956.4238   23.7650
    7.5000    0.0000   37.500012366.8350   23.7529
   -7.5000    7.5000   37.500011646.9893   23.7086
    0.0000    7.5000   37.500012116.2227   23.6873
    7.5000    7.5000   37.500011550.4883   23.6737
   -7.5000   15.0000   37.500010765.7070   23.6835
    0.0000   15.0000   37.500011193.1895   23.6503
    7.5000   15.0000   37.500010644.0039   23.6379
   -7.5000   22.5000   37.5000 9836.2568   23.7263
    0.0000   22.5000   37.500010223.2686   23.6933
    7.5000   22.5000   37.5000 9706.1953   23.6826
   -7.5000   30.0000   37.5000 8831.0908   23.5002
    0.0000   30.0000   37.5000 9167.5918   23.4775
    7.5000   30.0000   37.5000 8718.3164   23.4660
   -7.5000   37.5000   37.5000 8086.2524   23.5130
    0.0000   37.5000   37.5000 8387.6650   23.5009
    7.5000   37.5000   37.5000 7983.4404   23.4892
   -7.5000   45.0000   37.5000 7042.9980   22.9222
    0.0000   45.0000   37.5000 7295.4570   22.9119
    7.5000   45.0000   37.5000 6948.5918   22.9001
   -7.5000  -45.0000   45.0000 9039.6934   23.9585
    0.0000  -45.0000   45.0000 9408.3701   23.9570
    7.5000  -45.0000   45.0000 8890.2188   23.9704
   -7.5000  -37.5000   45.0000 9358.0146   23.8820
    0.0000  -37.5000   45.0000 9733.8486   23.8786
    7.5000  -37.5000   45.0000 9200.9707   23.8930
   -7.5000  -30.0000   45.0000 9940.4512   23.8472
    0.0000  -30.0000   45.000010358.2588   23.8387
    7.5000  -30.0000   45.0000 9804.7695   23.8572
   -7.5000  -22.5000   45.000010428.6846   23.9005
    0.0000  -22.5000   45.000010881.6299   23.8886
    7.5000  -22.5000   45.000010330.8438   23.9103
   -7.5000  -15.0000   45.000010859.3896   23.9798
    0.0000  -15.0000   45.000011336.8379   23.9706
    7.5000  -15.0000   45.000010800.1006   23.9909
   -7.5000   -7.5000   45.000011284.2021   24.0029
    0.0000   -7.5000   45.000011788.4297   23.9990
    7.5000   -7.5000   45.000011220.0732   24.0152
   -7.5000    0.0000   45.000011414.6953   23.9585
    0.0000    0.0000   45.000011904.9961   23.9570
    7.5000    0.0000   45.000011345.3770   23.9704
   -7.5000    7.5000   45.000010697.6592   23.8820
    0.0000    7.5000   45.000011138.9658   23.8786
    7.5000    7.5000   45.000010614.5469   23.8930
   -7.5000   15.0000   45.0000 9894.2705   23.8472
    0.0000   15.0000   45.000010288.2256   23.8387
    7.5000   15.0000   45.0000 9807.0605   23.8572
   -7.5000   22.5000   45.0000 9059.3379   23.8894
    0.0000   22.5000   45.0000 9405.1299   23.8776
    7.5000   22.5000   45.0000 8943.0586   23.8992
   -7.5000   30.0000   45.0000 8137.2764   23.6674
    0.0000   30.0000   45.0000 8442.3193   23.6583
    7.5000   30.0000   45.0000 8031.6221   23.6783
   -7.5000   37.5000   45.0000 7450.5688   23.6902
    0.0000   37.5000   45.0000 7722.6250   23.6863
    7.5000   37.5000   45.0000 7355.3379   23.7023
   -7.5000   45.0000   45.0000 6502.0044   23.1088
    0.0000   45.0000   45.0000 6738.6895   23.1073
    7.5000   45.0000   45.0000 6424.5625   23.1201

---------------------------------------------------------------------
imgreg_4dfp /opt/freesurfer/average/711-2C_as_mni_average_305 /opt/freesurfer/average/711-2B_as_mni_average_305_mask talsrcimg_g11 none talsrcimg_to_711-2C_as_mni_average_305_t4 4355
---------------------------------------------------------------------

freesurfer imgreg_4dfp.c
/opt/freesurfer/average/711-2C_as_mni_average_305.4dfp.img
       256       256       256         1
  1.000000  1.000000  1.000000
orientation T byte_order littleendian
Reading image: /opt/freesurfer/average/711-2C_as_mni_average_305.4dfp.img
dimensions:      256       256       256
mmppix:       1.0000   -1.0000   -1.0000
center:     128.0000 -129.0000 -129.0000
/opt/freesurfer/average/711-2B_as_mni_average_305_mask.4dfp.img
       256       256       256         1
  1.000000  1.000000  1.000000
orientation T byte_order littleendian
Reading mask: /opt/freesurfer/average/711-2B_as_mni_average_305_mask.4dfp.img (2306576 pixels)
talsrcimg_g11.4dfp.img
       256       256       256         1
  1.000000  1.000000  1.000000
orientation T byte_order littleendian
Reading image: talsrcimg_g11.4dfp.img
dimensions:      256       256       256
mmppix:       1.0000   -1.0000   -1.0000
center:     128.0000 -129.0000 -129.0000
rotation matrix determinant  1.000000
image alignment mode   4355 decimal     1103 hex
   -7.5000  -45.0000  -45.0000 2149.5244   18.6586
    0.0000  -45.0000  -45.0000 2158.6411   18.6188
    7.5000  -45.0000  -45.0000 2133.3389   18.8203
   -7.5000  -37.5000  -45.0000 2199.2881   17.6377
    0.0000  -37.5000  -45.0000 2210.0518   17.5829
    7.5000  -37.5000  -45.0000 2189.5142   17.7955
   -7.5000  -30.0000  -45.0000 2226.1641   17.0669
    0.0000  -30.0000  -45.0000 2238.3669   16.9616
    7.5000  -30.0000  -45.0000 2218.9495   17.2051
   -7.5000  -22.5000  -45.0000 2232.4497   16.7934
    0.0000  -22.5000  -45.0000 2244.5884   16.6943
    7.5000  -22.5000  -45.0000 2225.3748   16.9404
   -7.5000  -15.0000  -45.0000 2220.9336   16.8642
    0.0000  -15.0000  -45.0000 2239.9312   16.7484
    7.5000  -15.0000  -45.0000 2211.2478   17.0259
   -7.5000   -7.5000  -45.0000 2187.5793   17.3162
    0.0000   -7.5000  -45.0000 2204.1829   17.2277
    7.5000   -7.5000  -45.0000 2172.9104   17.5433
   -7.5000    0.0000  -45.0000 2130.1267   18.2106
    0.0000    0.0000  -45.0000 2141.5481   18.1371
    7.5000    0.0000  -45.0000 2111.4841   18.4609
   -7.5000    7.5000  -45.0000 2048.8845   19.5354
    0.0000    7.5000  -45.0000 2060.8835   19.4357
    7.5000    7.5000  -45.0000 2030.8541   19.8000
   -7.5000   15.0000  -45.0000 1952.4795   21.4133
    0.0000   15.0000  -45.0000 1960.6631   21.3378
    7.5000   15.0000  -45.0000 1930.7219   21.7471
   -7.5000   22.5000  -45.0000 1847.3943   24.0705
    0.0000   22.5000  -45.0000 1852.6528   23.9353
    7.5000   22.5000  -45.0000 1820.2511   24.3305
   -7.5000   30.0000  -45.0000 1721.7777   27.6646
    0.0000   30.0000  -45.0000 1725.6082   27.5670
    7.5000   30.0000  -45.0000 1698.5427   28.0561
   -7.5000   37.5000  -45.0000 1592.3761   32.9230
    0.0000   37.5000  -45.0000 1595.1530   32.7262
    7.5000   37.5000  -45.0000 1573.5123   33.2453
   -7.5000   45.0000  -45.0000 1447.4796   40.2090
    0.0000   45.0000  -45.0000 1456.4557   39.9531
    7.5000   45.0000  -45.0000 1434.8187   40.7136
   -7.5000  -45.0000  -37.5000 2244.2314   17.1108
    0.0000  -45.0000  -37.5000 2255.5593   17.0839
    7.5000  -45.0000  -37.5000 2225.1008   17.3200
   -7.5000  -37.5000  -37.5000 2299.6062   16.2012
    0.0000  -37.5000  -37.5000 2311.7412   16.1982
    7.5000  -37.5000  -37.5000 2287.6689   16.3903
   -7.5000  -30.0000  -37.5000 2330.5974   15.7084
    0.0000  -30.0000  -37.5000 2344.0229   15.6734
    7.5000  -30.0000  -37.5000 2319.5330   15.8652
   -7.5000  -22.5000  -37.5000 2342.8801   15.5232
    0.0000  -22.5000  -37.5000 2353.6509   15.4785
    7.5000  -22.5000  -37.5000 2327.1858   15.6758
   -7.5000  -15.0000  -37.5000 2327.3789   15.6256
    0.0000  -15.0000  -37.5000 2342.4592   15.5564
    7.5000  -15.0000  -37.5000 2312.5593   15.7778
   -7.5000   -7.5000  -37.5000 2290.3857   16.0367
    0.0000   -7.5000  -37.5000 2308.8267   15.9630
    7.5000   -7.5000  -37.5000 2276.4236   16.2326
   -7.5000    0.0000  -37.5000 2227.5825   16.8852
    0.0000    0.0000  -37.5000 2240.6853   16.7943
    7.5000    0.0000  -37.5000 2211.0779   17.0941
   -7.5000    7.5000  -37.5000 2140.1802   18.0912
    0.0000    7.5000  -37.5000 2148.9990   17.9973
    7.5000    7.5000  -37.5000 2118.5413   18.3268
   -7.5000   15.0000  -37.5000 2034.6248   19.7808
    0.0000   15.0000  -37.5000 2041.9386   19.6407
    7.5000   15.0000  -37.5000 2008.3080   20.0490
   -7.5000   22.5000  -37.5000 1917.5330   22.1369
    0.0000   22.5000  -37.5000 1923.8521   22.0188
    7.5000   22.5000  -37.5000 1894.2314   22.4065
   -7.5000   30.0000  -37.5000 1787.4677   25.3367
    0.0000   30.0000  -37.5000 1794.6321   25.2541
    7.5000   30.0000  -37.5000 1765.7844   25.6735
   -7.5000   37.5000  -37.5000 1648.8339   29.9694
    0.0000   37.5000  -37.5000 1649.8074   29.8158
    7.5000   37.5000  -37.5000 1628.8579   30.3250
   -7.5000   45.0000  -37.5000 1500.5469   36.5091
    0.0000   45.0000  -37.5000 1506.1257   36.3322
    7.5000   45.0000  -37.5000 1487.0510   36.8743
   -7.5000  -45.0000  -30.0000 2381.0764   16.3456
    0.0000  -45.0000  -30.0000 2387.2107   16.3149
    7.5000  -45.0000  -30.0000 2359.0833   16.5650
   -7.5000  -37.5000  -30.0000 2440.0608   15.5326
    0.0000  -37.5000  -30.0000 2456.2131   15.5155
    7.5000  -37.5000  -30.0000 2429.6956   15.6977
   -7.5000  -30.0000  -30.0000 2480.9302   15.0647
    0.0000  -30.0000  -30.0000 2496.5374   15.0143
    7.5000  -30.0000  -30.0000 2470.1812   15.2142
   -7.5000  -22.5000  -30.0000 2495.7754   14.9172
    0.0000  -22.5000  -30.0000 2509.6492   14.8763
    7.5000  -22.5000  -30.0000 2478.1089   15.0719
   -7.5000  -15.0000  -30.0000 2485.7371   15.0473
    0.0000  -15.0000  -30.0000 2498.1860   15.0018
    7.5000  -15.0000  -30.0000 2461.1924   15.2054
   -7.5000   -7.5000  -30.0000 2443.4561   15.4937
    0.0000   -7.5000  -30.0000 2458.8042   15.4299
    7.5000   -7.5000  -30.0000 2420.8257   15.6572
   -7.5000    0.0000  -30.0000 2371.7664   16.3031
    0.0000    0.0000  -30.0000 2386.6426   16.2311
    7.5000    0.0000  -30.0000 2346.3213   16.4767
   -7.5000    7.5000  -30.0000 2270.7637   17.4672
    0.0000    7.5000  -30.0000 2283.6467   17.3763
    7.5000    7.5000  -30.0000 2245.0061   17.6596
   -7.5000   15.0000  -30.0000 2152.7231   19.0797
    0.0000   15.0000  -30.0000 2158.6411   18.9786
    7.5000   15.0000  -30.0000 2124.8428   19.2926
   -7.5000   22.5000  -30.0000 2025.7766   21.2541
    0.0000   22.5000  -30.0000 2029.8549   21.1655
    7.5000   22.5000  -30.0000 2003.6619   21.4605
   -7.5000   30.0000  -30.0000 1889.4565   24.2828
    0.0000   30.0000  -30.0000 1895.1639   24.1857
    7.5000   30.0000  -30.0000 1864.1660   24.5161
   -7.5000   37.5000  -30.0000 1735.9058   28.5007
    0.0000   37.5000  -30.0000 1739.5170   28.4066
    7.5000   37.5000  -30.0000 1716.8555   28.7763
   -7.5000   45.0000  -30.0000 1585.4399   34.4943
    0.0000   45.0000  -30.0000 1592.1643   34.3588
    7.5000   45.0000  -30.0000 1569.3009   34.9465
   -7.5000  -45.0000  -22.5000 2482.5232   15.5948
    0.0000  -45.0000  -22.5000 2493.9431   15.5745
    7.5000  -45.0000  -22.5000 2459.5864   15.8243
   -7.5000  -37.5000  -22.5000 2559.5286   14.8051
    0.0000  -37.5000  -22.5000 2572.1047   14.7725
    7.5000  -37.5000  -22.5000 2542.2454   15.0129
   -7.5000  -30.0000  -22.5000 2607.3040   14.3844
    0.0000  -30.0000  -22.5000 2622.1914   14.3267
    7.5000  -30.0000  -22.5000 2589.5349   14.5565
   -7.5000  -22.5000  -22.5000 2630.1143   14.2685
    0.0000  -22.5000  -22.5000 2644.9524   14.2410
    7.5000  -22.5000  -22.5000 2606.5962   14.4377
   -7.5000  -15.0000  -22.5000 2619.6445   14.4707
    0.0000  -15.0000  -22.5000 2633.1389   14.4272
    7.5000  -15.0000  -22.5000 2588.0698   14.5929
   -7.5000   -7.5000  -22.5000 2574.2275   14.9306
    0.0000   -7.5000  -22.5000 2585.5891   14.8863
    7.5000   -7.5000  -22.5000 2536.7695   15.0528
   -7.5000    0.0000  -22.5000 2490.0332   15.6924
    0.0000    0.0000  -22.5000 2503.6594   15.6351
    7.5000    0.0000  -22.5000 2458.0144   15.8458
   -7.5000    7.5000  -22.5000 2379.6562   16.7827
    0.0000    7.5000  -22.5000 2390.0005   16.7162
    7.5000    7.5000  -22.5000 2350.9395   16.9672
   -7.5000   15.0000  -22.5000 2245.7034   18.3395
    0.0000   15.0000  -22.5000 2253.0784   18.2790
    7.5000   15.0000  -22.5000 2220.0308   18.5427
   -7.5000   22.5000  -22.5000 2110.2429   20.4163
    0.0000   22.5000  -22.5000 2110.2410   20.3256
    7.5000   22.5000  -22.5000 2083.8877   20.6371
   -7.5000   30.0000  -22.5000 1960.5450   23.1892
    0.0000   30.0000  -22.5000 1964.6226   23.0746
    7.5000   30.0000  -22.5000 1933.2750   23.4269
   -7.5000   37.5000  -22.5000 1807.0247   27.1246
    0.0000   37.5000  -22.5000 1811.3450   27.0582
    7.5000   37.5000  -22.5000 1782.0254   27.4289
   -7.5000   45.0000  -22.5000 1652.0914   32.7887
    0.0000   45.0000  -22.5000 1654.9764   32.6780
    7.5000   45.0000  -22.5000 1635.9227   33.1408
   -7.5000  -45.0000  -15.0000 2554.5527   14.8705
    0.0000  -45.0000  -15.0000 2568.1030   14.8711
    7.5000  -45.0000  -15.0000 2535.1558   15.2049
   -7.5000  -37.5000  -15.0000 2651.0349   14.1009
    0.0000  -37.5000  -15.0000 2663.5122   14.0751
    7.5000  -37.5000  -15.0000 2626.6279   14.4082
   -7.5000  -30.0000  -15.0000 2709.3560   13.7309
    0.0000  -30.0000  -15.0000 2720.8403   13.7005
    7.5000  -30.0000  -15.0000 2684.3259   13.9787
   -7.5000  -22.5000  -15.0000 2735.6208   13.7108
    0.0000  -22.5000  -15.0000 2752.3657   13.6730
    7.5000  -22.5000  -15.0000 2703.8987   13.9011
   -7.5000  -15.0000  -15.0000 2725.4302   13.9524
    0.0000  -15.0000  -15.0000 2734.4800   13.9147
    7.5000  -15.0000  -15.0000 2683.0437   14.0856
   -7.5000   -7.5000  -15.0000 2668.4458   14.3835
    0.0000   -7.5000  -15.0000 2674.5439   14.3737
    7.5000   -7.5000  -15.0000 2623.7024   14.5465
   -7.5000    0.0000  -15.0000 2573.0588   15.1187
    0.0000    0.0000  -15.0000 2583.5266   15.0879
    7.5000    0.0000  -15.0000 2535.8191   15.2847
   -7.5000    7.5000  -15.0000 2452.5444   16.1423
    0.0000    7.5000  -15.0000 2462.5303   16.1088
    7.5000    7.5000  -15.0000 2422.0454   16.3328
   -7.5000   15.0000  -15.0000 2312.8198   17.6190
    0.0000   15.0000  -15.0000 2324.1086   17.5738
    7.5000   15.0000  -15.0000 2289.0635   17.8265
   -7.5000   22.5000  -15.0000 2164.7358   19.6059
    0.0000   22.5000  -15.0000 2168.5842   19.5362
    7.5000   22.5000  -15.0000 2139.3677   19.8298
   -7.5000   30.0000  -15.0000 2009.0703   22.3007
    0.0000   30.0000  -15.0000 2012.9728   22.2219
    7.5000   30.0000  -15.0000 1981.3573   22.5082
   -7.5000   37.5000  -15.0000 1852.0140   25.9649
    0.0000   37.5000  -15.0000 1854.6199   25.8250
    7.5000   37.5000  -15.0000 1824.5859   26.1785
   -7.5000   45.0000  -15.0000 1686.6965   31.1790
    0.0000   45.0000  -15.0000 1690.4795   31.0798
    7.5000   45.0000  -15.0000 1669.2672   31.5039
   -7.5000  -45.0000   -7.5000 2606.7231   14.2509
    0.0000  -45.0000   -7.5000 2621.4956   14.2696
    7.5000  -45.0000   -7.5000 2582.5850   14.6865
   -7.5000  -37.5000   -7.5000 2721.2568   13.5158
    0.0000  -37.5000   -7.5000 2735.7698   13.4965
    7.5000  -37.5000   -7.5000 2689.3872   13.9204
   -7.5000  -30.0000   -7.5000 2799.0667   13.1283
    0.0000  -30.0000   -7.5000 2812.5310   13.1185
    7.5000  -30.0000   -7.5000 2754.9436   13.4968
   -7.5000  -22.5000   -7.5000 2828.1389   13.1549
    0.0000  -22.5000   -7.5000 2839.1187   13.1416
    7.5000  -22.5000   -7.5000 2774.5129   13.4648
   -7.5000  -15.0000   -7.5000 2809.1450   13.4310
    0.0000  -15.0000   -7.5000 2812.2021   13.4354
    7.5000  -15.0000   -7.5000 2750.7844   13.6855
   -7.5000   -7.5000   -7.5000 2734.8010   13.9109
    0.0000   -7.5000   -7.5000 2739.8733   13.9238
    7.5000   -7.5000   -7.5000 2685.4316   14.1283
   -7.5000    0.0000   -7.5000 2628.0601   14.5856
    0.0000    0.0000   -7.5000 2639.9402   14.5633
    7.5000    0.0000   -7.5000 2590.4639   14.7809
   -7.5000    7.5000   -7.5000 2497.9961   15.5299
    0.0000    7.5000   -7.5000 2508.4329   15.5102
    7.5000    7.5000   -7.5000 2466.7993   15.7508
   -7.5000   15.0000   -7.5000 2353.3875   16.9313
    0.0000   15.0000   -7.5000 2362.7021   16.9094
    7.5000   15.0000   -7.5000 2321.5701   17.1362
   -7.5000   22.5000   -7.5000 2199.4805   18.8415
    0.0000   22.5000   -7.5000 2203.9285   18.8135
    7.5000   22.5000   -7.5000 2170.7974   19.0733
   -7.5000   30.0000   -7.5000 2035.6440   21.4001
    0.0000   30.0000   -7.5000 2042.2930   21.3556
    7.5000   30.0000   -7.5000 2008.9442   21.6699
   -7.5000   37.5000   -7.5000 1868.6700   24.9013
    0.0000   37.5000   -7.5000 1874.7959   24.7577
    7.5000   37.5000   -7.5000 1846.4330   25.1565
   -7.5000   45.0000   -7.5000 1705.3350   29.5968
    0.0000   45.0000   -7.5000 1710.9320   29.4684
    7.5000   45.0000   -7.5000 1690.1550   29.9937
   -7.5000  -45.0000    0.0000 2638.7983   13.8606
    0.0000  -45.0000    0.0000 2652.5281   13.8997
    7.5000  -45.0000    0.0000 2605.9236   14.4163
   -7.5000  -37.5000    0.0000 2765.0762   13.1648
    0.0000  -37.5000    0.0000 2780.8728   13.1595
    7.5000  -37.5000    0.0000 2725.8193   13.6601
   -7.5000  -30.0000    0.0000 2855.8708   12.7331
    0.0000  -30.0000    0.0000 2878.5457   12.7182
    7.5000  -30.0000    0.0000 2799.2651   13.2217
   -7.5000  -22.5000    0.0000 2887.5532   12.7722
    0.0000  -22.5000    0.0000 2899.6277   12.7530
    7.5000  -22.5000    0.0000 2825.2249   13.1910
   -7.5000  -15.0000    0.0000 2853.9316   13.1135
    0.0000  -15.0000    0.0000 2863.4407   13.0899
    7.5000  -15.0000    0.0000 2796.7451   13.4198
   -7.5000   -7.5000    0.0000 2772.9395   13.5868
    0.0000   -7.5000    0.0000 2777.8901   13.5750
    7.5000   -7.5000    0.0000 2722.8601   13.8294
   -7.5000    0.0000    0.0000 2654.1167   14.2277
    0.0000    0.0000    0.0000 2663.7104   14.2161
    7.5000    0.0000    0.0000 2613.4695   14.4596
   -7.5000    7.5000    0.0000 2514.8713   15.1237
    0.0000    7.5000    0.0000 2526.3115   15.1013
    7.5000    7.5000    0.0000 2480.1428   15.3874
   -7.5000   15.0000    0.0000 2368.9939   16.4502
    0.0000   15.0000    0.0000 2375.7505   16.4458
    7.5000   15.0000    0.0000 2334.4644   16.7267
   -7.5000   22.5000    0.0000 2212.5874   18.2560
    0.0000   22.5000    0.0000 2215.1873   18.2716
    7.5000   22.5000    0.0000 2184.0845   18.5966
   -7.5000   30.0000    0.0000 2047.6335   20.7231
    0.0000   30.0000    0.0000 2053.5107   20.7289
    7.5000   30.0000    0.0000 2019.1173   21.1242
   -7.5000   37.5000    0.0000 1878.4133   24.0351
    0.0000   37.5000    0.0000 1886.7883   23.9692
    7.5000   37.5000    0.0000 1856.6057   24.4243
   -7.5000   45.0000    0.0000 1712.0140   28.5164
    0.0000   45.0000    0.0000 1714.8789   28.3974
    7.5000   45.0000    0.0000 1692.2687   28.9889
   -7.5000  -45.0000    7.5000 2644.6428   13.8048
    0.0000  -45.0000    7.5000 2657.4180   13.8135
    7.5000  -45.0000    7.5000 2608.4185   14.3681
   -7.5000  -37.5000    7.5000 2777.4292   13.1225
    0.0000  -37.5000    7.5000 2794.4011   13.0992
    7.5000  -37.5000    7.5000 2732.2551   13.5982
   -7.5000  -30.0000    7.5000 2876.0869   12.6919
    0.0000  -30.0000    7.5000 2893.3708   12.6422
    7.5000  -30.0000    7.5000 2812.2209   13.1812
   -7.5000  -22.5000    7.5000 2908.1287   12.6509
    0.0000  -22.5000    7.5000 2921.2034   12.6152
    7.5000  -22.5000    7.5000 2839.2644   13.1313
   -7.5000  -15.0000    7.5000 2865.1917   12.9540
    0.0000  -15.0000    7.5000 2875.9092   12.9182
    7.5000  -15.0000    7.5000 2808.3511   13.3085
   -7.5000   -7.5000    7.5000 2782.2756   13.4080
    0.0000   -7.5000    7.5000 2787.3818   13.3766
    7.5000   -7.5000    7.5000 2732.6501   13.6859
   -7.5000    0.0000    7.5000 2657.1956   14.0606
    0.0000    0.0000    7.5000 2662.2407   14.0102
    7.5000    0.0000    7.5000 2618.5210   14.3055
   -7.5000    7.5000    7.5000 2510.5940   14.9882
    0.0000    7.5000    7.5000 2518.2861   14.9134
    7.5000    7.5000    7.5000 2478.3181   15.2419
   -7.5000   15.0000    7.5000 2363.2153   16.2969
    0.0000   15.0000    7.5000 2368.8582   16.2237
    7.5000   15.0000    7.5000 2327.8154   16.5513
   -7.5000   22.5000    7.5000 2206.6675   18.0714
    0.0000   22.5000    7.5000 2210.4629   18.0150
    7.5000   22.5000    7.5000 2177.9888   18.3366
   -7.5000   30.0000    7.5000 2041.5605   20.4132
    0.0000   30.0000    7.5000 2050.1174   20.3682
    7.5000   30.0000    7.5000 2015.1046   20.7838
   -7.5000   37.5000    7.5000 1872.4432   23.6526
    0.0000   37.5000    7.5000 1880.1909   23.5597
    7.5000   37.5000    7.5000 1854.8595   24.0450
   -7.5000   45.0000    7.5000 1711.1042   28.0471
    0.0000   45.0000    7.5000 1715.3335   27.9838
    7.5000   45.0000    7.5000 1690.0106   28.5061
   -7.5000  -45.0000   15.0000 2623.6785   14.0951
    0.0000  -45.0000   15.0000 2636.8948   14.0937
    7.5000  -45.0000   15.0000 2586.0938   14.6328
   -7.5000  -37.5000   15.0000 2750.2300   13.3291
    0.0000  -37.5000   15.0000 2767.3967   13.3103
    7.5000  -37.5000   15.0000 2703.6028   13.8288
   -7.5000  -30.0000   15.0000 2838.6653   12.8980
    0.0000  -30.0000   15.0000 2856.1460   12.8860
    7.5000  -30.0000   15.0000 2780.1533   13.3838
   -7.5000  -22.5000   15.0000 2860.7615   12.9145
    0.0000  -22.5000   15.0000 2879.4167   12.8654
    7.5000  -22.5000   15.0000 2806.3718   13.3149
   -7.5000  -15.0000   15.0000 2824.4412   13.1279
    0.0000  -15.0000   15.0000 2835.5266   13.0737
    7.5000  -15.0000   15.0000 2774.5481   13.4742
   -7.5000   -7.5000   15.0000 2745.1755   13.5100
    0.0000   -7.5000   15.0000 2753.1460   13.4502
    7.5000   -7.5000   15.0000 2703.4502   13.8287
   -7.5000    0.0000   15.0000 2626.6843   14.1679
    0.0000    0.0000   15.0000 2633.0684   14.1228
    7.5000    0.0000   15.0000 2592.9771   14.4416
   -7.5000    7.5000   15.0000 2485.9568   15.1417
    0.0000    7.5000   15.0000 2495.0891   15.0705
    7.5000    7.5000   15.0000 2461.6709   15.3703
   -7.5000   15.0000   15.0000 2337.4988   16.4465
    0.0000   15.0000   15.0000 2347.2795   16.3851
    7.5000   15.0000   15.0000 2310.7969   16.6602
   -7.5000   22.5000   15.0000 2179.9766   18.1669
    0.0000   22.5000   15.0000 2182.8979   18.1157
    7.5000   22.5000   15.0000 2156.9487   18.4237
   -7.5000   30.0000   15.0000 2015.0365   20.4409
    0.0000   30.0000   15.0000 2021.3713   20.4191
    7.5000   30.0000   15.0000 1993.2446   20.7750
   -7.5000   37.5000   15.0000 1852.9138   23.5950
    0.0000   37.5000   15.0000 1860.0614   23.5181
    7.5000   37.5000   15.0000 1834.6443   23.9028
   -7.5000   45.0000   15.0000 1690.3607   27.8805
    0.0000   45.0000   15.0000 1697.4738   27.7696
    7.5000   45.0000   15.0000 1677.6902   28.2634
   -7.5000  -45.0000   22.5000 2583.9612   14.7389
    0.0000  -45.0000   22.5000 2597.7993   14.7058
    7.5000  -45.0000   22.5000 2552.4270   15.1734
   -7.5000  -37.5000   22.5000 2698.5073   13.9248
    0.0000  -37.5000   22.5000 2709.8494   13.8798
    7.5000  -37.5000   22.5000 2657.3079   14.3485
   -7.5000  -30.0000   22.5000 2771.1897   13.4822
    0.0000  -30.0000   22.5000 2781.0083   13.4476
    7.5000  -30.0000   22.5000 2725.9507   13.8682
   -7.5000  -22.5000   22.5000 2780.6743   13.4330
    0.0000  -22.5000   22.5000 2799.8970   13.3785
    7.5000  -22.5000   22.5000 2745.7510   13.7389
   -7.5000  -15.0000   22.5000 2744.9609   13.6121
    0.0000  -15.0000   22.5000 2758.5303   13.5702
    7.5000  -15.0000   22.5000 2711.8960   13.8923
   -7.5000   -7.5000   22.5000 2668.7837   13.9912
    0.0000   -7.5000   22.5000 2681.6213   13.9809
    7.5000   -7.5000   22.5000 2642.5295   14.2790
   -7.5000    0.0000   22.5000 2561.0996   14.6486
    0.0000    0.0000   22.5000 2567.5078   14.6302
    7.5000    0.0000   22.5000 2538.7627   14.9050
   -7.5000    7.5000   22.5000 2441.7002   15.6071
    0.0000    7.5000   22.5000 2449.1482   15.5235
    7.5000    7.5000   22.5000 2416.6150   15.8064
   -7.5000   15.0000   22.5000 2295.9910   16.8487
    0.0000   15.0000   22.5000 2307.0735   16.7671
    7.5000   15.0000   22.5000 2276.5361   17.0431
   -7.5000   22.5000   22.5000 2140.6570   18.5366
    0.0000   22.5000   22.5000 2153.6204   18.4248
    7.5000   22.5000   22.5000 2127.3501   18.7542
   -7.5000   30.0000   22.5000 1983.7607   20.7701
    0.0000   30.0000   22.5000 1992.1587   20.6744
    7.5000   30.0000   22.5000 1969.3865   21.0826
   -7.5000   37.5000   22.5000 1826.9039   23.9291
    0.0000   37.5000   22.5000 1832.5449   23.8025
    7.5000   37.5000   22.5000 1811.7839   24.2530
   -7.5000   45.0000   22.5000 1665.5391   28.2151
    0.0000   45.0000   22.5000 1669.1653   28.0905
    7.5000   45.0000   22.5000 1648.5708   28.6360
   -7.5000  -45.0000   30.0000 2527.1411   15.6274
    0.0000  -45.0000   30.0000 2537.5503   15.5958
    7.5000  -45.0000   30.0000 2493.6389   15.9561
   -7.5000  -37.5000   30.0000 2627.5171   14.7791
    0.0000  -37.5000   30.0000 2639.7612   14.7057
    7.5000  -37.5000   30.0000 2588.0540   15.0842
   -7.5000  -30.0000   30.0000 2684.0046   14.3002
    0.0000  -30.0000   30.0000 2696.1133   14.2271
    7.5000  -30.0000   30.0000 2647.7952   14.5764
   -7.5000  -22.5000   30.0000 2688.6936   14.1802
    0.0000  -22.5000   30.0000 2706.3694   14.0956
    7.5000  -22.5000   30.0000 2660.0708   14.4232
   -7.5000  -15.0000   30.0000 2652.4919   14.3007
    0.0000  -15.0000   30.0000 2663.9839   14.2452
    7.5000  -15.0000   30.0000 2626.8403   14.5564
   -7.5000   -7.5000   30.0000 2581.3042   14.6804
    0.0000   -7.5000   30.0000 2589.7412   14.6415
    7.5000   -7.5000   30.0000 2560.0952   14.9522
   -7.5000    0.0000   30.0000 2482.3955   15.3467
    0.0000    0.0000   30.0000 2489.8433   15.2937
    7.5000    0.0000   30.0000 2463.4600   15.5715
   -7.5000    7.5000   30.0000 2368.6621   16.2789
    0.0000    7.5000   30.0000 2378.9607   16.1944
    7.5000    7.5000   30.0000 2349.7688   16.4427
   -7.5000   15.0000   30.0000 2240.6047   17.5223
    0.0000   15.0000   30.0000 2251.4539   17.4212
    7.5000   15.0000   30.0000 2222.7913   17.6903
   -7.5000   22.5000   30.0000 2097.7805   19.2053
    0.0000   22.5000   30.0000 2110.8418   19.1218
    7.5000   22.5000   30.0000 2083.0601   19.4110
   -7.5000   30.0000   30.0000 1938.9172   21.5101
    0.0000   30.0000   30.0000 1948.7551   21.4399
    7.5000   30.0000   30.0000 1933.1805   21.7454
   -7.5000   37.5000   30.0000 1786.4827   24.6430
    0.0000   37.5000   30.0000 1794.2166   24.5074
    7.5000   37.5000   30.0000 1777.3442   24.9768
   -7.5000   45.0000   30.0000 1629.4308   28.9106
    0.0000   45.0000   30.0000 1635.2251   28.7748
    7.5000   45.0000   30.0000 1613.2831   29.3586
   -7.5000  -45.0000   37.5000 2457.1201   16.7317
    0.0000  -45.0000   37.5000 2464.3643   16.6703
    7.5000  -45.0000   37.5000 2422.6978   17.0029
   -7.5000  -37.5000   37.5000 2544.3411   15.8037
    0.0000  -37.5000   37.5000 2555.6812   15.7510
    7.5000  -37.5000   37.5000 2508.2334   16.0405
   -7.5000  -30.0000   37.5000 2587.5176   15.2837
    0.0000  -30.0000   37.5000 2600.0029   15.2084
    7.5000  -30.0000   37.5000 2558.4226   15.5113
   -7.5000  -22.5000   37.5000 2588.1238   15.1139
    0.0000  -22.5000   37.5000 2603.0037   15.0497
    7.5000  -22.5000   37.5000 2563.5393   15.3285
   -7.5000  -15.0000   37.5000 2554.2744   15.2155
    0.0000  -15.0000   37.5000 2563.0371   15.1602
    7.5000  -15.0000   37.5000 2531.6423   15.4423
   -7.5000   -7.5000   37.5000 2488.3918   15.6125
    0.0000   -7.5000   37.5000 2494.8481   15.5853
    7.5000   -7.5000   37.5000 2470.3623   15.8422
   -7.5000    0.0000   37.5000 2401.1577   16.2748
    0.0000    0.0000   37.5000 2405.3364   16.2053
    7.5000    0.0000   37.5000 2383.8542   16.4572
   -7.5000    7.5000   37.5000 2298.2400   17.1525
    0.0000    7.5000   37.5000 2302.4058   17.0665
    7.5000    7.5000   37.5000 2278.9307   17.3177
   -7.5000   15.0000   37.5000 2178.1931   18.3660
    0.0000   15.0000   37.5000 2186.0510   18.2881
    7.5000   15.0000   37.5000 2157.5374   18.5563
   -7.5000   22.5000   37.5000 2045.3164   20.1076
    0.0000   22.5000   37.5000 2053.4624   20.0515
    7.5000   22.5000   37.5000 2023.9875   20.3609
   -7.5000   30.0000   37.5000 1893.7878   22.4820
    0.0000   30.0000   37.5000 1902.1442   22.3994
    7.5000   30.0000   37.5000 1883.8007   22.7325
   -7.5000   37.5000   37.5000 1741.2555   25.6853
    0.0000   37.5000   37.5000 1747.3583   25.5681
    7.5000   37.5000   37.5000 1731.4154   26.0420
   -7.5000   45.0000   37.5000 1586.6270   30.1766
    0.0000   45.0000   37.5000 1591.3364   30.0641
    7.5000   45.0000   37.5000 1576.3812   30.5470
   -7.5000  -45.0000   45.0000 2377.1516   18.0986
    0.0000  -45.0000   45.0000 2380.3447   18.0371
    7.5000  -45.0000   45.0000 2339.0972   18.3317
   -7.5000  -37.5000   45.0000 2453.3662   17.0680
    0.0000  -37.5000   45.0000 2458.9932   17.0142
    7.5000  -37.5000   45.0000 2415.1467   17.2821
   -7.5000  -30.0000   45.0000 2487.8738   16.4881
    0.0000  -30.0000   45.0000 2496.7871   16.4057
    7.5000  -30.0000   45.0000 2455.3489   16.7040
   -7.5000  -22.5000   45.0000 2482.3757   16.2461
    0.0000  -22.5000   45.0000 2494.3582   16.2094
    7.5000  -22.5000   45.0000 2456.9282   16.4851
   -7.5000  -15.0000   45.0000 2447.4934   16.3233
    0.0000  -15.0000   45.0000 2459.0173   16.2771
    7.5000  -15.0000   45.0000 2430.8035   16.5709
   -7.5000   -7.5000   45.0000 2390.2275   16.7425
    0.0000   -7.5000   45.0000 2402.6272   16.7089
    7.5000   -7.5000   45.0000 2373.1199   16.9532
   -7.5000    0.0000   45.0000 2311.2910   17.4196
    0.0000    0.0000   45.0000 2319.0186   17.3616
    7.5000    0.0000   45.0000 2296.2976   17.5510
   -7.5000    7.5000   45.0000 2218.7825   18.3244
    0.0000    7.5000   45.0000 2222.1587   18.2490
    7.5000    7.5000   45.0000 2200.9912   18.4429
   -7.5000   15.0000   45.0000 2103.6343   19.5407
    0.0000   15.0000   45.0000 2106.9973   19.4592
    7.5000   15.0000   45.0000 2088.1489   19.6817
   -7.5000   22.5000   45.0000 1980.8491   21.3159
    0.0000   22.5000   45.0000 1983.2537   21.2466
    7.5000   22.5000   45.0000 1960.9891   21.4954
   -7.5000   30.0000   45.0000 1836.7346   23.7576
    0.0000   30.0000   45.0000 1840.3499   23.6951
    7.5000   30.0000   45.0000 1823.5127   23.9972
   -7.5000   37.5000   45.0000 1688.6008   27.0519
    0.0000   37.5000   45.0000 1690.2025   27.0025
    7.5000   37.5000   45.0000 1675.3591   27.4649
   -7.5000   45.0000   45.0000 1539.5430   31.7872
    0.0000   45.0000   45.0000 1543.9744   31.6532
    7.5000   45.0000   45.0000 1526.9889   32.1795

---------------------------------------------------------------------
imgreg_4dfp /opt/freesurfer/average/711-2C_as_mni_average_305 /opt/freesurfer/average/711-2B_as_mni_average_305_mask talsrcimg_g11 none talsrcimg_to_711-2C_as_mni_average_305_t4 1283
---------------------------------------------------------------------

freesurfer imgreg_4dfp.c
/opt/freesurfer/average/711-2C_as_mni_average_305.4dfp.img
       256       256       256         1
  1.000000  1.000000  1.000000
orientation T byte_order littleendian
Reading image: /opt/freesurfer/average/711-2C_as_mni_average_305.4dfp.img
dimensions:      256       256       256
mmppix:       1.0000   -1.0000   -1.0000
center:     128.0000 -129.0000 -129.0000
/opt/freesurfer/average/711-2B_as_mni_average_305_mask.4dfp.img
       256       256       256         1
  1.000000  1.000000  1.000000
orientation T byte_order littleendian
Reading mask: /opt/freesurfer/average/711-2B_as_mni_average_305_mask.4dfp.img (2306576 pixels)
talsrcimg_g11.4dfp.img
       256       256       256         1
  1.000000  1.000000  1.000000
orientation T byte_order littleendian
Reading image: talsrcimg_g11.4dfp.img
dimensions:      256       256       256
mmppix:       1.0000   -1.0000   -1.0000
center:     128.0000 -129.0000 -129.0000
rotation matrix determinant  1.000000
fimgreg.f
image alignment mode   1283 decimal      503 hex
parameters
    0.0000  -22.5000    7.5000    0.0000    0.0000    0.0000
eta,q 0.91737 12.65915
niter,ni,del,rscale     5    3   12.0000    1.2000
parameter  5 -0.533706 -> -0.500000 qaram    1.1500
parameters
   -2.7315  -23.5554    6.1308    0.6901    3.4500   -2.0202
eta,q 0.92097 12.46354
  0.0838  0.0857  0.0837  0.0854  0.0863  0.0802
  0.0805  0.0812  0.0822  0.0830  0.0835  0.0794
  0.0806  0.0794  0.0803  0.0809  0.0813  0.0790
  0.0828  0.0800  0.0796  0.0800  0.0801  0.0792
  0.0866  0.0818  0.0815  0.0804  0.0793  0.0802
  0.0927  0.0861  0.0859  0.0816  0.0792  0.0821
  0.1002  0.0912  0.0928  0.0834  0.0797  0.0841
niter,ni,del,rscale     5    3   12.0000    1.2000
parameters
   -4.6712  -24.1079    5.6878    2.1527    4.2632   -2.7707
eta,q 0.92469 12.33733
  0.0827  0.0833  0.0827  0.0822  0.0854  0.0788
  0.0772  0.0779  0.0794  0.0804  0.0808  0.0771
  0.0759  0.0752  0.0763  0.0773  0.0772  0.0757
  0.0790  0.0759  0.0755  0.0754  0.0754  0.0754
  0.0825  0.0784  0.0773  0.0757  0.0761  0.0766
  0.0867  0.0813  0.0806  0.0767  0.0784  0.0783
  0.0933  0.0848  0.0853  0.0784  0.0816  0.0811
niter,ni,del,rscale     4    3   12.0000    1.2000
parameters
   -4.9908  -24.7085    5.8418    3.1387    4.5125   -3.0846
eta,q 0.92532 12.31603
  0.0872  0.0836  0.0829  0.0816  0.0835  0.0788
  0.0802  0.0770  0.0794  0.0790  0.0788  0.0767
  0.0756  0.0742  0.0760  0.0754  0.0755  0.0752
  0.0753  0.0750  0.0745  0.0745  0.0746  0.0747
  0.0790  0.0780  0.0755  0.0750  0.0758  0.0755
  0.0829  0.0815  0.0784  0.0761  0.0784  0.0771
  0.0881  0.0851  0.0825  0.0782  0.0819  0.0799
niter,ni,del,rscale     3    3   12.0000    1.2000
parameters
   -5.1528  -25.0896    5.9904    3.6523    4.6225   -3.1847
eta,q 0.92566 12.31423
  0.0879  0.0852  0.0824  0.0812  0.0829  0.0790
  0.0805  0.0779  0.0788  0.0776  0.0782  0.0766
  0.0756  0.0743  0.0758  0.0746  0.0751  0.0750
  0.0747  0.0746  0.0743  0.0742  0.0743  0.0743
  0.0781  0.0776  0.0747  0.0747  0.0755  0.0750
  0.0825  0.0817  0.0778  0.0763  0.0783  0.0767
  0.0878  0.0858  0.0822  0.0789  0.0819  0.0795
niter,ni,del,rscale     2    3   12.0000    1.2000
parameters
   -5.2093  -25.2919    6.0600    3.8739    4.6484   -3.2072
eta,q 0.92582 12.31565
  0.0885  0.0863  0.0820  0.0808  0.0826  0.0792
  0.0808  0.0789  0.0785  0.0769  0.0779  0.0766
  0.0757  0.0746  0.0757  0.0743  0.0749  0.0750
  0.0743  0.0743  0.0742  0.0742  0.0742  0.0742
  0.0776  0.0772  0.0746  0.0748  0.0754  0.0748
  0.0822  0.0816  0.0778  0.0767  0.0783  0.0765
  0.0877  0.0861  0.0823  0.0793  0.0819  0.0795
niter,ni,del,rscale     1    3   12.0000    1.2000
parameters
   -5.2185  -25.3833    6.0851    3.9568    4.6518   -3.2122
eta,q 0.92588 12.31647
  0.0888  0.0869  0.0819  0.0806  0.0825  0.0793
  0.0810  0.0795  0.0783  0.0766  0.0778  0.0767
  0.0757  0.0749  0.0756  0.0742  0.0748  0.0749
  0.0742  0.0742  0.0741  0.0741  0.0741  0.0741
  0.0773  0.0769  0.0746  0.0749  0.0754  0.0747
  0.0821  0.0814  0.0778  0.0770  0.0783  0.0765
  0.0876  0.0861  0.0824  0.0796  0.0819  0.0795
registration optimization eta report
parameter search radius
    6.0000    6.0000    6.0000    6.0000    6.9000    6.0000
100000*second partial in parameter space
       38.       34.       22.       17.       17.       14.
  0.0888  0.0869  0.0819  0.0806  0.0825  0.0793
  0.0810  0.0795  0.0783  0.0766  0.0778  0.0767
  0.0757  0.0749  0.0756  0.0742  0.0748  0.0749
  0.0742  0.0742  0.0741  0.0741  0.0741  0.0741
  0.0773  0.0769  0.0746  0.0749  0.0754  0.0747
  0.0821  0.0814  0.0778  0.0770  0.0783  0.0765
  0.0876  0.0861  0.0824  0.0796  0.0819  0.0795
   -5.2185  -25.3833    6.0851    3.9568    4.6518   -3.2122
eta,q 0.92588 12.31647

---------------------------------------------------------------------
imgreg_4dfp /opt/freesurfer/average/711-2C_as_mni_average_305 /opt/freesurfer/average/711-2B_as_mni_average_305_mask talsrcimg_g11 none talsrcimg_to_711-2C_as_mni_average_305_t4 3335
---------------------------------------------------------------------

freesurfer imgreg_4dfp.c
/opt/freesurfer/average/711-2C_as_mni_average_305.4dfp.img
       256       256       256         1
  1.000000  1.000000  1.000000
orientation T byte_order littleendian
Reading image: /opt/freesurfer/average/711-2C_as_mni_average_305.4dfp.img
dimensions:      256       256       256
mmppix:       1.0000   -1.0000   -1.0000
center:     128.0000 -129.0000 -129.0000
/opt/freesurfer/average/711-2B_as_mni_average_305_mask.4dfp.img
       256       256       256         1
  1.000000  1.000000  1.000000
orientation T byte_order littleendian
Reading mask: /opt/freesurfer/average/711-2B_as_mni_average_305_mask.4dfp.img (2306576 pixels)
talsrcimg_g11.4dfp.img
       256       256       256         1
  1.000000  1.000000  1.000000
orientation T byte_order littleendian
Reading image: talsrcimg_g11.4dfp.img
dimensions:      256       256       256
mmppix:       1.0000   -1.0000   -1.0000
center:     128.0000 -129.0000 -129.0000
fimgreg.f
image alignment mode   3335 decimal      D07 hex
parameters
   -5.2185  -25.3833    6.0851   -0.4860   -0.3637   -0.5670
    5.0313   -8.4646   -5.5850   -6.4362    8.1100    6.8776
eta,q 0.92138 12.47903
niter,ni,del,rscale     5    3    5.0000    1.2000
parameter  4  2.378746 ->  0.500000 qaram    1.1500
parameter  5  3.279084 ->  0.500000 qaram    1.1500
parameter  6  1.968053 ->  0.500000 qaram    1.1500
parameter 12  1.405008 ->  0.500000 qaram    1.1500
parameters
   -5.2182  -25.1030    6.0027   -4.6260   -4.5037   -4.7070
    4.4026   -7.6039   -4.7849   -7.0825    6.0830    2.7376
eta,q 0.93993 11.46720
  0.0807  0.0802  0.0796  0.0711  0.0642  0.0585  0.0639  0.0666  0.0638  0.0638  0.0621  0.0596
  0.0795  0.0794  0.0790  0.0728  0.0667  0.0609  0.0625  0.0641  0.0627  0.0625  0.0616  0.0599
  0.0788  0.0789  0.0787  0.0753  0.0698  0.0638  0.0618  0.0623  0.0620  0.0618  0.0614  0.0606
  0.0786  0.0786  0.0786  0.0786  0.0734  0.0675  0.0617  0.0617  0.0616  0.0616  0.0616  0.0614
  0.0789  0.0786  0.0787  0.0823  0.0773  0.0717  0.0622  0.0619  0.0617  0.0621  0.0620  0.0626
  0.0795  0.0789  0.0791  0.0862  0.0813  0.0768  0.0632  0.0629  0.0622  0.0632  0.0625  0.0639
  0.0806  0.0796  0.0798  0.0901  0.0858  0.0825  0.0647  0.0646  0.0630  0.0648  0.0631  0.0654
niter,ni,del,rscale     7    3    5.0000    1.2000
parameter  4  0.632835 ->  0.500000 qaram    1.3225
parameter  5  1.490994 ->  0.500000 qaram    1.3225
parameter  6  1.018463 ->  0.500000 qaram    1.3225
parameter 12  0.599535 ->  0.500000 qaram    1.3225
parameters
   -4.7719  -24.1526    5.1871   -9.3870   -9.2647   -9.4680
    5.2612   -6.6326   -4.5731   -5.2565    7.9275   -2.0234
eta,q 0.95073 10.77286
  0.0640  0.0634  0.0601  0.0584  0.0522  0.0492  0.0527  0.0544  0.0513  0.0530  0.0510  0.0494
  0.0621  0.0618  0.0597  0.0579  0.0533  0.0497  0.0513  0.0523  0.0506  0.0515  0.0504  0.0493
  0.0608  0.0607  0.0596  0.0581  0.0553  0.0513  0.0504  0.0507  0.0501  0.0505  0.0500  0.0493
  0.0601  0.0600  0.0597  0.0596  0.0578  0.0538  0.0500  0.0499  0.0499  0.0499  0.0497  0.0497
  0.0600  0.0597  0.0601  0.0625  0.0611  0.0571  0.0501  0.0501  0.0500  0.0497  0.0497  0.0503
  0.0606  0.0598  0.0609  0.0666  0.0650  0.0614  0.0506  0.0509  0.0505  0.0501  0.0498  0.0512
  0.0619  0.0603  0.0619  0.0710  0.0693  0.0668  0.0516  0.0526  0.0512  0.0509  0.0502  0.0524
niter,ni,del,rscale     7    3    5.0000    1.2000
parameter  2 -1.127456 -> -0.500000 qaram    1.1500
parameter  3  0.922276 ->  0.500000 qaram    1.1500
parameter  5  0.884831 ->  0.500000 qaram    1.5209
parameter  6  0.536878 ->  0.500000 qaram    1.5209
parameter 10 -0.795683 -> -0.500000 qaram    1.1500
parameters
   -4.4441  -22.7726    3.8071   -9.6825  -14.7399  -14.9432
    5.2729   -7.6161   -5.0679   -1.1165    6.2439   -2.8948
eta,q 0.95774 10.20271
  0.0522  0.0547  0.0466  0.0505  0.0439  0.0439  0.0453  0.0454  0.0444  0.0476  0.0427  0.0434
  0.0507  0.0525  0.0466  0.0490  0.0441  0.0434  0.0443  0.0440  0.0438  0.0459  0.0424  0.0428
  0.0497  0.0507  0.0469  0.0477  0.0449  0.0435  0.0436  0.0434  0.0434  0.0445  0.0423  0.0424
  0.0493  0.0492  0.0476  0.0467  0.0467  0.0442  0.0434  0.0434  0.0433  0.0433  0.0423  0.0423
  0.0493  0.0482  0.0486  0.0465  0.0494  0.0470  0.0436  0.0440  0.0435  0.0426  0.0425  0.0425
  0.0498  0.0475  0.0498  0.0484  0.0529  0.0509  0.0443  0.0451  0.0440  0.0423  0.0429  0.0431
  0.0509  0.0471  0.0511  0.0522  0.0570  0.0558  0.0453  0.0466  0.0448  0.0424  0.0433  0.0440
niter,ni,del,rscale     7    3    5.0000    1.2000
parameter  2 -1.480928 -> -0.500000 qaram    1.3225
parameter  3  0.612003 ->  0.500000 qaram    1.3225
parameter  5  0.515457 ->  0.500000 qaram    1.7490
parameter 10 -0.869841 -> -0.500000 qaram    1.3225
parameters
   -4.2844  -21.1856    2.2201   -7.8311  -21.0363  -17.8525
    5.1993   -6.7359   -5.0098    3.6445    6.8930   -5.5259
eta,q 0.96412  9.79742
  0.0447  0.0509  0.0389  0.0430  0.0378  0.0394  0.0391  0.0409  0.0388  0.0433  0.0368  0.0365
  0.0434  0.0477  0.0387  0.0414  0.0373  0.0383  0.0382  0.0392  0.0381  0.0410  0.0363  0.0361
  0.0426  0.0447  0.0388  0.0399  0.0374  0.0376  0.0377  0.0380  0.0377  0.0391  0.0360  0.0359
  0.0423  0.0423  0.0392  0.0386  0.0381  0.0372  0.0375  0.0375  0.0375  0.0375  0.0359  0.0359
  0.0424  0.0403  0.0400  0.0379  0.0399  0.0381  0.0377  0.0376  0.0376  0.0364  0.0360  0.0363
  0.0430  0.0389  0.0412  0.0386  0.0430  0.0415  0.0383  0.0383  0.0381  0.0358  0.0362  0.0370
  0.0441  0.0380  0.0427  0.0412  0.0473  0.0465  0.0392  0.0395  0.0388  0.0360  0.0365  0.0379
niter,ni,del,rscale     7    3    5.0000    1.2000
parameter  2 -1.255510 -> -0.500000 qaram    1.5209
parameter 12  0.677470 ->  0.500000 qaram    1.5209
parameters
   -4.1229  -19.3605    0.9625   -7.7630  -23.1326  -18.6408
    5.2648   -6.3550   -5.2518    8.0752    7.9422  -11.0011
eta,q 0.96967  9.66965
  0.0384  0.0471  0.0326  0.0350  0.0351  0.0353  0.0336  0.0352  0.0336  0.0394  0.0316  0.0305
  0.0371  0.0428  0.0321  0.0338  0.0331  0.0336  0.0327  0.0335  0.0327  0.0364  0.0312  0.0303
  0.0363  0.0390  0.0320  0.0329  0.0320  0.0324  0.0321  0.0323  0.0321  0.0339  0.0310  0.0305
  0.0359  0.0359  0.0322  0.0320  0.0320  0.0319  0.0320  0.0320  0.0320  0.0320  0.0309  0.0309
  0.0360  0.0335  0.0329  0.0316  0.0328  0.0316  0.0321  0.0322  0.0322  0.0310  0.0309  0.0315
  0.0367  0.0319  0.0340  0.0328  0.0351  0.0335  0.0327  0.0331  0.0328  0.0311  0.0310  0.0324
  0.0379  0.0311  0.0355  0.0360  0.0389  0.0378  0.0335  0.0345  0.0338  0.0324  0.0313  0.0334
niter,ni,del,rscale     7    3    5.0000    1.2000
parameter  2 -0.587786 -> -0.500000 qaram    1.7490
parameters
   -4.0554  -17.2617   -0.0475   -7.3888  -23.6860  -17.9283
    5.5922   -6.1754   -5.1768   11.2226    9.0426  -14.9484
eta,q 0.97281  9.70967
  0.0330  0.0424  0.0292  0.0315  0.0325  0.0334  0.0300  0.0317  0.0297  0.0351  0.0285  0.0281
  0.0316  0.0373  0.0285  0.0302  0.0303  0.0312  0.0290  0.0297  0.0288  0.0321  0.0280  0.0274
  0.0307  0.0332  0.0283  0.0293  0.0288  0.0294  0.0283  0.0284  0.0282  0.0296  0.0277  0.0272
  0.0303  0.0303  0.0285  0.0283  0.0282  0.0282  0.0281  0.0281  0.0281  0.0281  0.0275  0.0275
  0.0306  0.0288  0.0291  0.0278  0.0286  0.0275  0.0282  0.0285  0.0282  0.0275  0.0275  0.0283
  0.0314  0.0286  0.0301  0.0289  0.0304  0.0290  0.0287  0.0295  0.0288  0.0281  0.0277  0.0293
  0.0327  0.0294  0.0315  0.0320  0.0340  0.0333  0.0297  0.0313  0.0296  0.0296  0.0280  0.0304
niter,ni,del,rscale     7    3    5.0000    1.2000
parameters
   -3.9642  -16.5913   -0.4839   -7.2437  -24.0114  -17.9554
    5.7572   -6.0931   -5.2797   12.6799    9.1558  -15.6503
eta,q 0.97294  9.71638
  0.0301  0.0364  0.0288  0.0307  0.0314  0.0327  0.0291  0.0309  0.0287  0.0326  0.0279  0.0288
  0.0285  0.0315  0.0278  0.0294  0.0293  0.0303  0.0281  0.0289  0.0278  0.0300  0.0275  0.0278
  0.0276  0.0284  0.0273  0.0282  0.0279  0.0284  0.0274  0.0276  0.0273  0.0281  0.0272  0.0272
  0.0272  0.0272  0.0272  0.0272  0.0271  0.0272  0.0272  0.0272  0.0272  0.0272  0.0271  0.0271
  0.0274  0.0277  0.0277  0.0268  0.0273  0.0266  0.0274  0.0276  0.0274  0.0272  0.0272  0.0274
  0.0283  0.0293  0.0286  0.0282  0.0290  0.0290  0.0279  0.0288  0.0279  0.0282  0.0274  0.0282
  0.0297  0.0315  0.0300  0.0316  0.0326  0.0342  0.0289  0.0307  0.0288  0.0301  0.0279  0.0292
niter,ni,del,rscale     6    3    5.0000    1.2000
parameters
   -3.9039  -16.2441   -0.6912   -7.2351  -24.5641  -18.3206
    5.6945   -5.9329   -5.2573   13.4352    9.1864  -15.6190
eta,q 0.97275  9.67546
  0.0299  0.0345  0.0291  0.0306  0.0309  0.0324  0.0290  0.0310  0.0288  0.0318  0.0280  0.0291
  0.0284  0.0302  0.0279  0.0293  0.0291  0.0301  0.0281  0.0290  0.0279  0.0295  0.0276  0.0282
  0.0274  0.0277  0.0273  0.0282  0.0278  0.0283  0.0274  0.0277  0.0274  0.0280  0.0274  0.0275
  0.0271  0.0271  0.0271  0.0271  0.0271  0.0272  0.0273  0.0273  0.0273  0.0273  0.0272  0.0272
  0.0273  0.0279  0.0275  0.0268  0.0273  0.0268  0.0275  0.0277  0.0275  0.0275  0.0273  0.0275
  0.0282  0.0296  0.0283  0.0283  0.0289  0.0294  0.0281  0.0288  0.0279  0.0286  0.0276  0.0281
  0.0296  0.0318  0.0296  0.0317  0.0324  0.0347  0.0291  0.0307  0.0287  0.0306  0.0280  0.0291
niter,ni,del,rscale     5    3    5.0000    1.2000
parameters
   -3.8379  -16.0036   -0.9104   -7.2307  -25.1745  -18.7920
    5.5498   -5.7694   -5.2622   14.0272    9.2837  -15.3485
eta,q 0.97257  9.62284
  0.0300  0.0339  0.0291  0.0307  0.0308  0.0322  0.0291  0.0310  0.0289  0.0316  0.0282  0.0293
  0.0285  0.0299  0.0280  0.0294  0.0291  0.0300  0.0282  0.0291  0.0281  0.0295  0.0278  0.0284
  0.0276  0.0277  0.0274  0.0283  0.0279  0.0284  0.0276  0.0279  0.0276  0.0281  0.0275  0.0277
  0.0272  0.0272  0.0273  0.0273  0.0273  0.0273  0.0275  0.0275  0.0275  0.0275  0.0274  0.0274
  0.0275  0.0281  0.0276  0.0270  0.0275  0.0270  0.0277  0.0278  0.0276  0.0277  0.0275  0.0276
  0.0283  0.0297  0.0285  0.0284  0.0290  0.0295  0.0283  0.0289  0.0281  0.0287  0.0277  0.0282
  0.0297  0.0319  0.0297  0.0317  0.0323  0.0347  0.0292  0.0307  0.0289  0.0308  0.0282  0.0292
niter,ni,del,rscale     4    3    5.0000    1.2000
parameters
   -3.7659  -15.7696   -1.1504   -7.2564  -25.8630  -19.3488
    5.3955   -5.6022   -5.3235   14.6376    9.4589  -14.9821
eta,q 0.97242  9.56081
  0.0300  0.0337  0.0292  0.0307  0.0308  0.0321  0.0292  0.0311  0.0291  0.0317  0.0283  0.0295
  0.0286  0.0300  0.0281  0.0294  0.0291  0.0300  0.0283  0.0292  0.0283  0.0297  0.0279  0.0286
  0.0278  0.0279  0.0276  0.0284  0.0280  0.0284  0.0278  0.0280  0.0278  0.0283  0.0277  0.0279
  0.0274  0.0274  0.0275  0.0275  0.0275  0.0275  0.0276  0.0276  0.0276  0.0276  0.0276  0.0276
  0.0276  0.0282  0.0278  0.0271  0.0277  0.0272  0.0278  0.0280  0.0278  0.0278  0.0276  0.0278
  0.0284  0.0298  0.0286  0.0285  0.0291  0.0296  0.0284  0.0290  0.0283  0.0289  0.0279  0.0284
  0.0298  0.0319  0.0298  0.0318  0.0322  0.0346  0.0293  0.0308  0.0291  0.0309  0.0283  0.0293
niter,ni,del,rscale     3    3    5.0000    1.2000
parameters
   -3.6822  -15.5085   -1.4351   -7.3204  -26.6370  -19.9937
    5.2038   -5.4283   -5.4064   15.2543    9.6330  -14.6544
eta,q 0.97229  9.48910
  0.0301  0.0338  0.0293  0.0307  0.0308  0.0320  0.0293  0.0311  0.0293  0.0318  0.0285  0.0296
  0.0288  0.0301  0.0282  0.0294  0.0291  0.0299  0.0284  0.0293  0.0284  0.0299  0.0281  0.0287
  0.0279  0.0281  0.0277  0.0285  0.0280  0.0284  0.0279  0.0281  0.0279  0.0285  0.0278  0.0280
  0.0276  0.0276  0.0276  0.0276  0.0276  0.0276  0.0278  0.0278  0.0278  0.0278  0.0277  0.0277
  0.0278  0.0283  0.0280  0.0273  0.0280  0.0274  0.0280  0.0281  0.0280  0.0279  0.0278  0.0279
  0.0285  0.0298  0.0287  0.0286  0.0293  0.0298  0.0285  0.0291  0.0285  0.0290  0.0280  0.0285
  0.0298  0.0319  0.0299  0.0318  0.0323  0.0346  0.0294  0.0308  0.0293  0.0311  0.0284  0.0294
niter,ni,del,rscale     2    3    5.0000    1.2000
parameters
   -3.5806  -15.2309   -1.7310   -7.3941  -27.3760  -20.6142
    4.9911   -5.2421   -5.4621   15.8178    9.6979  -14.5018
eta,q 0.97221  9.42060
  0.0302  0.0339  0.0293  0.0307  0.0310  0.0320  0.0293  0.0311  0.0294  0.0320  0.0285  0.0297
  0.0289  0.0303  0.0283  0.0295  0.0292  0.0299  0.0285  0.0294  0.0285  0.0300  0.0282  0.0287
  0.0280  0.0283  0.0278  0.0285  0.0281  0.0285  0.0279  0.0282  0.0280  0.0286  0.0279  0.0280
  0.0277  0.0277  0.0278  0.0277  0.0277  0.0277  0.0278  0.0278  0.0278  0.0278  0.0278  0.0278
  0.0279  0.0284  0.0281  0.0274  0.0281  0.0276  0.0280  0.0281  0.0280  0.0280  0.0279  0.0280
  0.0286  0.0299  0.0289  0.0287  0.0294  0.0298  0.0286  0.0291  0.0286  0.0292  0.0281  0.0286
  0.0298  0.0320  0.0300  0.0318  0.0323  0.0344  0.0294  0.0308  0.0295  0.0313  0.0285  0.0296
niter,ni,del,rscale     1    3    5.0000    1.2000
parameters
   -3.4723  -14.9785   -1.9602   -7.4409  -27.9136  -21.0565
    4.7976   -5.0827   -5.4461   16.2627    9.6570  -14.5507
eta,q 0.97215  9.37258
  0.0302  0.0340  0.0295  0.0307  0.0312  0.0321  0.0293  0.0310  0.0296  0.0321  0.0286  0.0297
  0.0289  0.0304  0.0285  0.0295  0.0294  0.0300  0.0285  0.0294  0.0286  0.0301  0.0282  0.0287
  0.0281  0.0283  0.0279  0.0286  0.0282  0.0285  0.0280  0.0283  0.0281  0.0286  0.0279  0.0281
  0.0278  0.0278  0.0278  0.0278  0.0278  0.0278  0.0279  0.0279  0.0279  0.0279  0.0278  0.0278
  0.0279  0.0285  0.0282  0.0275  0.0282  0.0276  0.0281  0.0282  0.0281  0.0281  0.0279  0.0281
  0.0286  0.0301  0.0289  0.0287  0.0295  0.0297  0.0286  0.0291  0.0286  0.0294  0.0282  0.0287
  0.0298  0.0322  0.0300  0.0317  0.0322  0.0340  0.0294  0.0308  0.0295  0.0316  0.0286  0.0297
registration optimization eta report
parameter search radius
    2.4000    4.1976    3.1740    9.5220   12.5928   10.9503
    7.2000    7.2000    7.2000    9.5220    7.2000   10.9503
100000*second partial in parameter space
       38.       30.       19.        4.        2.        5.
        3.        6.        3.        4.        1.        2.
  0.0302  0.0340  0.0295  0.0307  0.0312  0.0321  0.0293  0.0310  0.0296  0.0321  0.0286  0.0297
  0.0289  0.0304  0.0285  0.0295  0.0294  0.0300  0.0285  0.0294  0.0286  0.0301  0.0282  0.0287
  0.0281  0.0283  0.0279  0.0286  0.0282  0.0285  0.0280  0.0283  0.0281  0.0286  0.0279  0.0281
  0.0278  0.0278  0.0278  0.0278  0.0278  0.0278  0.0279  0.0279  0.0279  0.0279  0.0278  0.0278
  0.0279  0.0285  0.0282  0.0275  0.0282  0.0276  0.0281  0.0282  0.0281  0.0281  0.0279  0.0281
  0.0286  0.0301  0.0289  0.0287  0.0295  0.0297  0.0286  0.0291  0.0286  0.0294  0.0282  0.0287
  0.0298  0.0322  0.0300  0.0317  0.0322  0.0340  0.0294  0.0308  0.0295  0.0316  0.0286  0.0297
   -3.4723  -14.9785   -1.9602   -7.4409  -27.9136  -21.0565
    4.7976   -5.0827   -5.4461   16.2627    9.6570  -14.5507
eta,q 0.97215  9.37258

---------------------------------------------------------------------
imgreg_4dfp /opt/freesurfer/average/711-2C_as_mni_average_305 /opt/freesurfer/average/711-2B_as_mni_average_305_mask talsrcimg_g11 none talsrcimg_to_711-2C_as_mni_average_305_t4 2311
---------------------------------------------------------------------

freesurfer imgreg_4dfp.c
/opt/freesurfer/average/711-2C_as_mni_average_305.4dfp.img
       256       256       256         1
  1.000000  1.000000  1.000000
orientation T byte_order littleendian
Reading image: /opt/freesurfer/average/711-2C_as_mni_average_305.4dfp.img
dimensions:      256       256       256
mmppix:       1.0000   -1.0000   -1.0000
center:     128.0000 -129.0000 -129.0000
/opt/freesurfer/average/711-2B_as_mni_average_305_mask.4dfp.img
       256       256       256         1
  1.000000  1.000000  1.000000
orientation T byte_order littleendian
Reading mask: /opt/freesurfer/average/711-2B_as_mni_average_305_mask.4dfp.img (2306576 pixels)
talsrcimg_g11.4dfp.img
       256       256       256         1
  1.000000  1.000000  1.000000
orientation T byte_order littleendian
Reading image: talsrcimg_g11.4dfp.img
dimensions:      256       256       256
mmppix:       1.0000   -1.0000   -1.0000
center:     128.0000 -129.0000 -129.0000
fimgreg.f
image alignment mode   2311 decimal      907 hex
parameters
   -3.4723  -14.9785   -1.9602   -7.4409  -27.9136  -21.0565
    4.7976   -5.0827   -5.4461   16.2627    9.6570  -14.5507
eta,q 0.97215  9.37258
niter,ni,del,rscale     5    3    5.0000    0.8000
parameter  4 -0.513652 -> -0.500000 qaram    1.1500
parameters
   -3.3706  -15.1203   -2.1039   -4.6809  -27.3039  -19.3608
    4.4609   -4.9193   -5.3589   16.6181    9.3663  -14.8449
eta,q 0.97269  9.59042
  0.0289  0.0285  0.0283  0.0291  0.0282  0.0287  0.0280  0.0293  0.0282  0.0286  0.0278  0.0276
  0.0283  0.0281  0.0280  0.0286  0.0278  0.0282  0.0276  0.0283  0.0277  0.0279  0.0275  0.0275
  0.0280  0.0279  0.0279  0.0282  0.0276  0.0278  0.0274  0.0276  0.0274  0.0275  0.0274  0.0274
  0.0278  0.0278  0.0278  0.0278  0.0275  0.0275  0.0273  0.0273  0.0273  0.0273  0.0273  0.0273
  0.0279  0.0280  0.0279  0.0276  0.0275  0.0273  0.0275  0.0275  0.0274  0.0274  0.0274  0.0274
  0.0282  0.0283  0.0281  0.0275  0.0277  0.0273  0.0278  0.0281  0.0277  0.0277  0.0276  0.0275
  0.0287  0.0288  0.0284  0.0279  0.0279  0.0278  0.0282  0.0291  0.0281  0.0283  0.0279  0.0277
niter,ni,del,rscale     5    3    5.0000    0.8000
parameters
   -3.5100  -15.2241   -1.6232   -5.7456  -26.9450  -18.7975
    4.7908   -5.0868   -5.3567   16.4027    9.5285  -14.9235
eta,q 0.97279  9.59864
  0.0284  0.0280  0.0282  0.0283  0.0279  0.0284  0.0281  0.0289  0.0280  0.0282  0.0277  0.0276
  0.0277  0.0276  0.0278  0.0278  0.0276  0.0279  0.0276  0.0280  0.0276  0.0277  0.0275  0.0274
  0.0274  0.0273  0.0275  0.0274  0.0274  0.0276  0.0273  0.0274  0.0273  0.0273  0.0273  0.0273
  0.0273  0.0273  0.0273  0.0272  0.0273  0.0273  0.0272  0.0272  0.0272  0.0272  0.0272  0.0272
  0.0275  0.0274  0.0272  0.0275  0.0273  0.0271  0.0273  0.0275  0.0273  0.0273  0.0272  0.0273
  0.0280  0.0278  0.0273  0.0285  0.0275  0.0273  0.0275  0.0281  0.0276  0.0277  0.0274  0.0274
  0.0288  0.0282  0.0275  0.0302  0.0277  0.0282  0.0279  0.0291  0.0280  0.0284  0.0277  0.0276
niter,ni,del,rscale     4    3    5.0000    0.7000
parameters
   -3.5709  -15.3591   -1.4711   -5.6908  -26.4458  -18.2743
    4.9468   -5.2314   -5.3865   16.1039    9.5718  -15.0835
eta,q 0.97290  9.65148
  0.0280  0.0277  0.0277  0.0284  0.0276  0.0281  0.0278  0.0285  0.0277  0.0278  0.0275  0.0274
  0.0276  0.0274  0.0275  0.0279  0.0274  0.0277  0.0274  0.0277  0.0274  0.0274  0.0273  0.0272
  0.0273  0.0272  0.0273  0.0275  0.0273  0.0274  0.0272  0.0272  0.0272  0.0272  0.0272  0.0271
  0.0272  0.0272  0.0272  0.0272  0.0272  0.0272  0.0271  0.0271  0.0271  0.0271  0.0271  0.0271
  0.0273  0.0273  0.0272  0.0272  0.0272  0.0270  0.0272  0.0273  0.0272  0.0272  0.0271  0.0271
  0.0277  0.0276  0.0273  0.0276  0.0273  0.0272  0.0273  0.0278  0.0274  0.0275  0.0273  0.0273
  0.0282  0.0279  0.0275  0.0286  0.0275  0.0279  0.0276  0.0286  0.0277  0.0281  0.0275  0.0274
niter,ni,del,rscale     3    3    5.0000    0.6000
parameters
   -3.6532  -15.5324   -1.2498   -5.4663  -25.8145  -17.6041
    5.1164   -5.3981   -5.3597   15.5352    9.4559  -15.3922
eta,q 0.97307  9.72185
  0.0277  0.0274  0.0276  0.0281  0.0274  0.0279  0.0274  0.0280  0.0274  0.0273  0.0272  0.0271
  0.0273  0.0272  0.0273  0.0277  0.0272  0.0276  0.0272  0.0274  0.0271  0.0271  0.0271  0.0270
  0.0271  0.0271  0.0272  0.0273  0.0271  0.0273  0.0270  0.0271  0.0270  0.0270  0.0270  0.0270
  0.0271  0.0271  0.0271  0.0271  0.0270  0.0270  0.0269  0.0269  0.0269  0.0269  0.0269  0.0269
  0.0272  0.0272  0.0271  0.0270  0.0270  0.0269  0.0270  0.0271  0.0270  0.0271  0.0270  0.0270
  0.0275  0.0274  0.0271  0.0273  0.0271  0.0271  0.0271  0.0275  0.0271  0.0273  0.0271  0.0271
  0.0279  0.0277  0.0273  0.0280  0.0272  0.0276  0.0273  0.0282  0.0274  0.0278  0.0273  0.0272
niter,ni,del,rscale     2    3    5.0000    0.5000
parameters
   -3.7619  -15.8292   -0.9253   -5.2820  -24.7040  -16.7408
    5.3721   -5.6001   -5.2169   14.3796    9.1664  -16.0817
eta,q 0.97337  9.82109
  0.0273  0.0271  0.0273  0.0277  0.0272  0.0277  0.0271  0.0275  0.0270  0.0268  0.0268  0.0267
  0.0271  0.0269  0.0271  0.0273  0.0270  0.0274  0.0269  0.0270  0.0269  0.0267  0.0267  0.0267
  0.0270  0.0269  0.0270  0.0270  0.0269  0.0271  0.0268  0.0268  0.0267  0.0266  0.0267  0.0266
  0.0269  0.0269  0.0269  0.0269  0.0268  0.0268  0.0267  0.0267  0.0267  0.0267  0.0266  0.0266
  0.0270  0.0270  0.0269  0.0269  0.0268  0.0267  0.0267  0.0268  0.0267  0.0269  0.0267  0.0267
  0.0272  0.0272  0.0269  0.0271  0.0268  0.0268  0.0268  0.0272  0.0268  0.0271  0.0268  0.0268
  0.0276  0.0274  0.0270  0.0276  0.0269  0.0271  0.0270  0.0277  0.0270  0.0275  0.0269  0.0269
niter,ni,del,rscale     1    3    5.0000    0.4000
parameter  2  0.588970 ->  0.500000 qaram    1.1500
parameter  3 -0.528581 -> -0.500000 qaram    1.1500
parameter  5 -0.664262 -> -0.500000 qaram    1.1500
parameter 10  0.620335 ->  0.500000 qaram    1.1500
parameters
   -3.8677  -16.2892   -0.4653   -5.2050  -23.3240  -15.6789
    5.6602   -5.8044   -4.9659   12.9996    8.8544  -16.8547
eta,q 0.97382  9.93606
  0.0269  0.0266  0.0269  0.0271  0.0268  0.0272  0.0266  0.0268  0.0266  0.0262  0.0263  0.0262
  0.0267  0.0266  0.0268  0.0268  0.0267  0.0269  0.0265  0.0265  0.0264  0.0262  0.0262  0.0262
  0.0266  0.0266  0.0266  0.0266  0.0266  0.0267  0.0264  0.0264  0.0263  0.0262  0.0262  0.0262
  0.0266  0.0266  0.0266  0.0265  0.0265  0.0264  0.0263  0.0263  0.0263  0.0263  0.0262  0.0262
  0.0267  0.0267  0.0265  0.0265  0.0265  0.0263  0.0263  0.0264  0.0263  0.0265  0.0262  0.0262
  0.0269  0.0269  0.0265  0.0267  0.0264  0.0263  0.0264  0.0267  0.0264  0.0267  0.0263  0.0263
  0.0271  0.0271  0.0265  0.0271  0.0265  0.0265  0.0265  0.0270  0.0265  0.0270  0.0264  0.0264
niter,ni,del,rscale     4    3    5.0000    0.7000
parameters
   -3.9763  -16.6418   -0.2182   -5.8203  -22.2982  -15.5740
    5.9160   -6.0419   -4.9933   12.3127    8.9511  -16.7288
eta,q 0.97399  9.97274
  0.0272  0.0268  0.0272  0.0274  0.0270  0.0276  0.0270  0.0277  0.0267  0.0270  0.0266  0.0264
  0.0266  0.0263  0.0267  0.0267  0.0266  0.0270  0.0265  0.0267  0.0263  0.0264  0.0263  0.0262
  0.0262  0.0261  0.0263  0.0263  0.0263  0.0264  0.0262  0.0262  0.0261  0.0261  0.0261  0.0261
  0.0262  0.0262  0.0261  0.0261  0.0261  0.0261  0.0261  0.0260  0.0260  0.0260  0.0260  0.0260
  0.0264  0.0265  0.0261  0.0263  0.0261  0.0261  0.0261  0.0263  0.0261  0.0263  0.0261  0.0260
  0.0268  0.0269  0.0263  0.0271  0.0262  0.0266  0.0263  0.0270  0.0264  0.0269  0.0262  0.0262
  0.0275  0.0276  0.0267  0.0285  0.0265  0.0278  0.0267  0.0281  0.0267  0.0278  0.0265  0.0264
niter,ni,del,rscale     3    3    5.0000    0.6000
parameters
   -4.0441  -16.7927   -0.2053   -5.8137  -22.1279  -15.3567
    5.9663   -6.1283   -5.0561   12.1082    9.0970  -16.7555
eta,q 0.97404  9.99105
  0.0268  0.0267  0.0267  0.0272  0.0266  0.0273  0.0266  0.0273  0.0265  0.0269  0.0264  0.0262
  0.0263  0.0262  0.0263  0.0267  0.0263  0.0268  0.0262  0.0266  0.0262  0.0264  0.0262  0.0261
  0.0261  0.0260  0.0261  0.0262  0.0261  0.0263  0.0260  0.0261  0.0260  0.0260  0.0260  0.0260
  0.0260  0.0260  0.0260  0.0260  0.0260  0.0260  0.0260  0.0260  0.0260  0.0260  0.0260  0.0260
  0.0261  0.0262  0.0261  0.0261  0.0260  0.0260  0.0260  0.0261  0.0260  0.0261  0.0260  0.0260
  0.0265  0.0265  0.0263  0.0265  0.0262  0.0263  0.0262  0.0266  0.0262  0.0265  0.0261  0.0261
  0.0270  0.0270  0.0266  0.0274  0.0265  0.0272  0.0265  0.0274  0.0265  0.0271  0.0263  0.0262
niter,ni,del,rscale     2    3    5.0000    0.5000
parameters
   -4.0764  -16.8341   -0.1659   -5.7470  -21.9958  -15.1703
    5.9736   -6.1748   -5.1020   12.0290    9.1703  -16.7730
eta,q 0.97407 10.00837
  0.0265  0.0265  0.0265  0.0269  0.0264  0.0269  0.0264  0.0269  0.0263  0.0267  0.0262  0.0261
  0.0262  0.0262  0.0262  0.0264  0.0262  0.0265  0.0261  0.0264  0.0261  0.0263  0.0261  0.0260
  0.0260  0.0260  0.0260  0.0261  0.0260  0.0262  0.0260  0.0260  0.0260  0.0260  0.0260  0.0259
  0.0260  0.0260  0.0260  0.0260  0.0260  0.0260  0.0259  0.0259  0.0259  0.0259  0.0259  0.0259
  0.0260  0.0260  0.0260  0.0260  0.0260  0.0259  0.0260  0.0260  0.0260  0.0260  0.0260  0.0260
  0.0262  0.0263  0.0261  0.0263  0.0261  0.0262  0.0261  0.0264  0.0261  0.0263  0.0260  0.0260
  0.0266  0.0266  0.0264  0.0269  0.0263  0.0268  0.0263  0.0270  0.0263  0.0267  0.0262  0.0261
niter,ni,del,rscale     1    3    5.0000    0.4000
parameters
   -4.0943  -16.8560   -0.1324   -5.6954  -21.8916  -15.0239
    5.9736   -6.1811   -5.1209   11.9735    9.1884  -16.8004
eta,q 0.97408 10.02162
  0.0263  0.0263  0.0263  0.0265  0.0262  0.0266  0.0262  0.0266  0.0262  0.0264  0.0261  0.0260
  0.0261  0.0261  0.0261  0.0262  0.0261  0.0263  0.0260  0.0262  0.0260  0.0261  0.0260  0.0260
  0.0260  0.0260  0.0260  0.0260  0.0260  0.0261  0.0259  0.0260  0.0259  0.0260  0.0259  0.0259
  0.0259  0.0259  0.0259  0.0259  0.0259  0.0259  0.0259  0.0259  0.0259  0.0259  0.0259  0.0259
  0.0260  0.0260  0.0260  0.0260  0.0259  0.0259  0.0259  0.0260  0.0259  0.0260  0.0259  0.0259
  0.0261  0.0261  0.0261  0.0262  0.0260  0.0261  0.0260  0.0262  0.0260  0.0262  0.0260  0.0260
  0.0263  0.0263  0.0262  0.0265  0.0262  0.0265  0.0262  0.0266  0.0262  0.0264  0.0261  0.0260
registration optimization eta report
parameter search radius
    0.8000    0.9200    0.9200    2.7600    2.7600    2.4000
    2.4000    2.4000    2.4000    2.7600    2.4000    2.4000
100000*second partial in parameter space
       62.       46.       36.        8.        3.       11.
        5.       11.        4.        7.        3.        2.
  0.0263  0.0263  0.0263  0.0265  0.0262  0.0266  0.0262  0.0266  0.0262  0.0264  0.0261  0.0260
  0.0261  0.0261  0.0261  0.0262  0.0261  0.0263  0.0260  0.0262  0.0260  0.0261  0.0260  0.0260
  0.0260  0.0260  0.0260  0.0260  0.0260  0.0261  0.0259  0.0260  0.0259  0.0260  0.0259  0.0259
  0.0259  0.0259  0.0259  0.0259  0.0259  0.0259  0.0259  0.0259  0.0259  0.0259  0.0259  0.0259
  0.0260  0.0260  0.0260  0.0260  0.0259  0.0259  0.0259  0.0260  0.0259  0.0260  0.0259  0.0259
  0.0261  0.0261  0.0261  0.0262  0.0260  0.0261  0.0260  0.0262  0.0260  0.0262  0.0260  0.0260
  0.0263  0.0263  0.0262  0.0265  0.0262  0.0265  0.0262  0.0266  0.0262  0.0264  0.0261  0.0260
   -4.0943  -16.8560   -0.1324   -5.6954  -21.8916  -15.0239
    5.9736   -6.1811   -5.1209   11.9735    9.1884  -16.8004
eta,q 0.97408 10.02162

---------------------------------------------------------------------
imgreg_4dfp /opt/freesurfer/average/711-2C_as_mni_average_305 /opt/freesurfer/average/711-2B_as_mni_average_305_mask talsrcimg_g11 none talsrcimg_to_711-2C_as_mni_average_305_t4 2311
---------------------------------------------------------------------

freesurfer imgreg_4dfp.c
/opt/freesurfer/average/711-2C_as_mni_average_305.4dfp.img
       256       256       256         1
  1.000000  1.000000  1.000000
orientation T byte_order littleendian
Reading image: /opt/freesurfer/average/711-2C_as_mni_average_305.4dfp.img
dimensions:      256       256       256
mmppix:       1.0000   -1.0000   -1.0000
center:     128.0000 -129.0000 -129.0000
/opt/freesurfer/average/711-2B_as_mni_average_305_mask.4dfp.img
       256       256       256         1
  1.000000  1.000000  1.000000
orientation T byte_order littleendian
Reading mask: /opt/freesurfer/average/711-2B_as_mni_average_305_mask.4dfp.img (2306576 pixels)
talsrcimg_g11.4dfp.img
       256       256       256         1
  1.000000  1.000000  1.000000
orientation T byte_order littleendian
Reading image: talsrcimg_g11.4dfp.img
dimensions:      256       256       256
mmppix:       1.0000   -1.0000   -1.0000
center:     128.0000 -129.0000 -129.0000
fimgreg.f
image alignment mode   2311 decimal      907 hex
parameters
   -4.0943  -16.8560   -0.1324   -5.6954  -21.8916  -15.0239
    5.9736   -6.1811   -5.1209   11.9735    9.1884  -16.8004
eta,q 0.97408 10.02161
niter,ni,del,rscale     5    3    5.0000    0.8000
parameters
   -4.0954  -16.8259   -0.0850   -6.1244  -22.1220  -15.4713
    6.0480   -6.2696   -5.1630   12.0845    9.1352  -16.5868
eta,q 0.97400  9.97668
  0.0275  0.0271  0.0269  0.0273  0.0266  0.0276  0.0271  0.0282  0.0269  0.0275  0.0267  0.0265
  0.0266  0.0264  0.0264  0.0266  0.0263  0.0269  0.0265  0.0270  0.0264  0.0267  0.0263  0.0262
  0.0261  0.0260  0.0260  0.0261  0.0260  0.0263  0.0261  0.0263  0.0261  0.0262  0.0261  0.0261
  0.0259  0.0259  0.0259  0.0259  0.0259  0.0260  0.0260  0.0260  0.0260  0.0260  0.0260  0.0260
  0.0261  0.0261  0.0260  0.0261  0.0260  0.0262  0.0261  0.0263  0.0261  0.0261  0.0261  0.0260
  0.0266  0.0264  0.0263  0.0268  0.0263  0.0272  0.0264  0.0271  0.0264  0.0266  0.0263  0.0262
  0.0275  0.0270  0.0268  0.0282  0.0269  0.0288  0.0270  0.0284  0.0270  0.0274  0.0267  0.0264
niter,ni,del,rscale     4    3    5.0000    0.7000
parameters
   -4.0873  -16.8379   -0.1709   -5.8964  -22.0871  -15.4730
    5.9959   -6.2287   -5.1326   12.0627    9.1318  -16.6475
eta,q 0.97403  9.98586
  0.0272  0.0269  0.0266  0.0273  0.0265  0.0275  0.0268  0.0278  0.0267  0.0271  0.0265  0.0263
  0.0265  0.0264  0.0262  0.0267  0.0263  0.0269  0.0263  0.0268  0.0263  0.0265  0.0262  0.0261
  0.0261  0.0261  0.0260  0.0263  0.0261  0.0263  0.0260  0.0262  0.0261  0.0261  0.0260  0.0260
  0.0260  0.0260  0.0260  0.0260  0.0260  0.0260  0.0260  0.0260  0.0260  0.0260  0.0260  0.0260
  0.0261  0.0261  0.0261  0.0260  0.0260  0.0260  0.0261  0.0262  0.0261  0.0261  0.0260  0.0260
  0.0265  0.0264  0.0264  0.0264  0.0262  0.0266  0.0263  0.0268  0.0263  0.0265  0.0262  0.0261
  0.0271  0.0269  0.0268  0.0272  0.0266  0.0278  0.0268  0.0278  0.0267  0.0271  0.0265  0.0263
niter,ni,del,rscale     3    3    5.0000    0.6000
parameters
   -4.0845  -16.8412   -0.1849   -5.7676  -22.0066  -15.3449
    5.9819   -6.2104   -5.1216   12.0453    9.1520  -16.7162
eta,q 0.97405 10.00019
  0.0268  0.0266  0.0265  0.0270  0.0264  0.0272  0.0265  0.0273  0.0265  0.0268  0.0264  0.0262
  0.0264  0.0263  0.0262  0.0265  0.0262  0.0267  0.0262  0.0266  0.0262  0.0263  0.0261  0.0261
  0.0261  0.0260  0.0260  0.0262  0.0260  0.0263  0.0260  0.0261  0.0260  0.0260  0.0260  0.0260
  0.0260  0.0260  0.0260  0.0260  0.0260  0.0260  0.0259  0.0259  0.0259  0.0259  0.0259  0.0259
  0.0261  0.0261  0.0260  0.0260  0.0260  0.0260  0.0260  0.0261  0.0260  0.0260  0.0260  0.0260
  0.0264  0.0263  0.0262  0.0263  0.0261  0.0264  0.0262  0.0266  0.0262  0.0263  0.0261  0.0261
  0.0268  0.0266  0.0265  0.0269  0.0264  0.0273  0.0266  0.0273  0.0265  0.0268  0.0264  0.0262
niter,ni,del,rscale     2    3    5.0000    0.5000
parameters
   -4.0924  -16.8512   -0.1627   -5.6885  -21.9344  -15.1776
    5.9696   -6.1978   -5.1195   12.0021    9.1673  -16.7403
eta,q 0.97408 10.01334
  0.0266  0.0264  0.0263  0.0267  0.0262  0.0269  0.0263  0.0269  0.0263  0.0265  0.0262  0.0261
  0.0262  0.0261  0.0261  0.0263  0.0261  0.0265  0.0261  0.0264  0.0261  0.0262  0.0261  0.0260
  0.0260  0.0260  0.0260  0.0261  0.0260  0.0262  0.0260  0.0261  0.0260  0.0260  0.0260  0.0259
  0.0259  0.0260  0.0259  0.0259  0.0259  0.0259  0.0259  0.0259  0.0259  0.0259  0.0259  0.0259
  0.0260  0.0260  0.0260  0.0260  0.0260  0.0259  0.0260  0.0260  0.0260  0.0260  0.0260  0.0259
  0.0262  0.0262  0.0261  0.0262  0.0260  0.0262  0.0261  0.0264  0.0261  0.0262  0.0261  0.0260
  0.0266  0.0264  0.0263  0.0267  0.0262  0.0268  0.0263  0.0269  0.0263  0.0265  0.0262  0.0261
niter,ni,del,rscale     1    3    5.0000    0.4000
parameters
   -4.1004  -16.8649   -0.1286   -5.6432  -21.8540  -15.0365
    5.9650   -6.1882   -5.1200   11.9741    9.1837  -16.7736
eta,q 0.97409 10.02515
  0.0263  0.0262  0.0262  0.0264  0.0261  0.0266  0.0262  0.0266  0.0262  0.0263  0.0261  0.0260
  0.0261  0.0260  0.0260  0.0262  0.0260  0.0263  0.0260  0.0262  0.0260  0.0261  0.0260  0.0260
  0.0260  0.0260  0.0260  0.0260  0.0260  0.0261  0.0259  0.0260  0.0259  0.0260  0.0259  0.0259
  0.0259  0.0259  0.0259  0.0259  0.0259  0.0259  0.0259  0.0259  0.0259  0.0259  0.0259  0.0259
  0.0260  0.0260  0.0259  0.0260  0.0259  0.0259  0.0259  0.0260  0.0259  0.0260  0.0259  0.0259
  0.0261  0.0261  0.0260  0.0261  0.0260  0.0261  0.0260  0.0262  0.0260  0.0261  0.0260  0.0260
  0.0263  0.0262  0.0261  0.0264  0.0261  0.0265  0.0262  0.0266  0.0262  0.0263  0.0261  0.0260
registration optimization eta report
parameter search radius
    0.8000    0.8000    0.8000    2.4000    2.4000    2.4000
    2.4000    2.4000    2.4000    2.4000    2.4000    2.4000
100000*second partial in parameter space
       62.       45.       37.        8.        3.       11.
        5.       11.        4.        7.        3.        2.
  0.0263  0.0262  0.0262  0.0264  0.0261  0.0266  0.0262  0.0266  0.0262  0.0263  0.0261  0.0260
  0.0261  0.0260  0.0260  0.0262  0.0260  0.0263  0.0260  0.0262  0.0260  0.0261  0.0260  0.0260
  0.0260  0.0260  0.0260  0.0260  0.0260  0.0261  0.0259  0.0260  0.0259  0.0260  0.0259  0.0259
  0.0259  0.0259  0.0259  0.0259  0.0259  0.0259  0.0259  0.0259  0.0259  0.0259  0.0259  0.0259
  0.0260  0.0260  0.0259  0.0260  0.0259  0.0259  0.0259  0.0260  0.0259  0.0260  0.0259  0.0259
  0.0261  0.0261  0.0260  0.0261  0.0260  0.0261  0.0260  0.0262  0.0260  0.0261  0.0260  0.0260
  0.0263  0.0262  0.0261  0.0264  0.0261  0.0265  0.0262  0.0266  0.0262  0.0263  0.0261  0.0260
   -4.1004  -16.8649   -0.1286   -5.6432  -21.8540  -15.0365
    5.9650   -6.1882   -5.1200   11.9741    9.1837  -16.7736
eta,q 0.97409 10.02515

---------------------------------------------------------------------
compute_vox2vox talsrcimg talsrcimg_to_711-2C_as_mni_average_305_t4 /opt/freesurfer/average/711-2C_as_mni_average_305
---------------------------------------------------------------------

freesurfer compute_vox2vox.c
Reading: talsrcimg.4dfp.ifh
Reading: talsrcimg_to_711-2C_as_mni_average_305_t4
Reading: /opt/freesurfer/average/711-2C_as_mni_average_305.4dfp.ifh
Writing: talsrcimg_to_711-2C_as_mni_average_305_t4_vox2vox.txt

start time Sat Mar 14 10:30:56 CET 2026
end		time Sat Mar 14 10:31:11 CET 2026

mpr2mni305 success

avi2talxfm orig_nu.mgz /opt/freesurfer/average/mni305.cor.mgz talsrcimg_to_711-2C_as_mni_average_305_t4_vox2vox.txt transforms/talairach.auto.xfm
avi2talxfm done
mv -f /out/sourcedata/freesurfer/sub-v2s9x29164_ses-1/mri/talsrcimg_to_711-2C_as_mni_average_305_t4_vox2vox.txt /out/sourcedata/freesurfer/sub-v2s9x29164_ses-1/mri/transforms/talsrcimg_to_711-2C_as_mni_average_305_t4_vox2vox.txt
lta_convert --src orig_nu.mgz --trg /opt/freesurfer/average/mni305.cor.mgz --inxfm transforms/talairach.auto.xfm --outlta transforms/talairach.auto.xfm.lta --subject fsaverage
7.3.2

--src: orig_nu.mgz src image (geometry).
--trg: /opt/freesurfer/average/mni305.cor.mgz trg image (geometry).
--inmni: transforms/talairach.auto.xfm input MNI/XFM transform.
--outlta: transforms/talairach.auto.xfm.lta output LTA.
--s: fsaverage subject name
 LTA read, type : 1
 1.04818   0.08505  -0.06175   2.63201;
-0.09681   1.13456   0.25092   2.79408;
 0.08351  -0.16827   1.23716   19.89270;
 0.00000   0.00000   0.00000   1.00000;
setting subject to fsaverage
Writing  LTA to file transforms/talairach.auto.xfm.lta...
lta_convert successful.
 
 
Started at Sat Mar 14 10:30:56 CET 2026
Ended   at Sat Mar 14 10:31:11 CET 2026
talairach_avi done
