status file for recon-all
Sat Mar 14 10:28:21 CET 2026
#@# MotionCor Sat Mar 14 10:28:23 CET 2026
#@# Talairach Sat Mar 14 10:28:28 CET 2026
#@# Talairach Failure Detection Sat Mar 14 10:31:18 CET 2026
#@# Nu Intensity Correction Sat Mar 14 10:31:18 CET 2026
#@# Intensity Normalization Sat Mar 14 10:34:03 CET 2026
recon-all -s sub-v2s9x29156_ses-1 finished without error at Sat Mar 14 10:35:00 CET 2026



#New# invocation of recon-all 



status file for recon-all
Sat Mar 14 10:40:52 CET 2026
#@# EM Registration Sat Mar 14 10:40:52 CET 2026
recon-all -s sub-v2s9x29156_ses-1 finished without error at Sat Mar 14 10:41:58 CET 2026



#New# invocation of recon-all 



status file for recon-all
Sat Mar 14 10:42:02 CET 2026
#@# CA Normalize Sat Mar 14 10:42:02 CET 2026
#@# CA Reg Sat Mar 14 10:42:55 CET 2026
#@# SubCort Seg Sat Mar 14 11:19:37 CET 2026
#@# CC Seg Sat Mar 14 11:43:36 CET 2026
#@# Merge ASeg Sat Mar 14 11:44:15 CET 2026
#@# Intensity Normalization2 Sat Mar 14 11:44:15 CET 2026
#@# Mask BFS Sat Mar 14 11:45:40 CET 2026
#@# WM Segmentation Sat Mar 14 11:45:40 CET 2026
#@# Fill Sat Mar 14 11:47:16 CET 2026
recon-all -s sub-v2s9x29156_ses-1 finished without error at Sat Mar 14 11:47:54 CET 2026



#New# invocation of recon-all 



status file for recon-all
Sat Mar 14 12:50:09 CET 2026
#@# white curv lh Sat Mar 14 12:50:09 CET 2026
#@# white area lh Sat Mar 14 12:50:09 CET 2026
#@# pial curv lh Sat Mar 14 12:50:09 CET 2026
#@# pial area lh Sat Mar 14 12:50:09 CET 2026
#@# thickness lh Sat Mar 14 12:50:09 CET 2026
#@# area and vertex vol lh Sat Mar 14 12:50:09 CET 2026
#@# white curv rh Sat Mar 14 12:50:09 CET 2026
#@# white area rh Sat Mar 14 12:50:09 CET 2026
#@# pial curv rh Sat Mar 14 12:50:09 CET 2026
#@# pial area rh Sat Mar 14 12:50:09 CET 2026
#@# thickness rh Sat Mar 14 12:50:09 CET 2026
#@# area and vertex vol rh Sat Mar 14 12:50:09 CET 2026
#@# Cortical ribbon mask Sat Mar 14 12:50:09 CET 2026
recon-all -s sub-v2s9x29156_ses-1 finished without error at Sat Mar 14 12:55:01 CET 2026



#New# invocation of recon-all 



status file for recon-all
Sat Mar 14 13:00:58 CET 2026
#@# white curv lh Sat Mar 14 13:00:58 CET 2026
#@# white area lh Sat Mar 14 13:00:58 CET 2026
#@# pial curv lh Sat Mar 14 13:00:59 CET 2026
#@# pial area lh Sat Mar 14 13:00:59 CET 2026
#@# thickness lh Sat Mar 14 13:00:59 CET 2026
#@# area and vertex vol lh Sat Mar 14 13:00:59 CET 2026
#@# white curv rh Sat Mar 14 13:00:59 CET 2026
#@# white area rh Sat Mar 14 13:00:59 CET 2026
#@# pial curv rh Sat Mar 14 13:00:59 CET 2026
#@# pial area rh Sat Mar 14 13:00:59 CET 2026
#@# thickness rh Sat Mar 14 13:00:59 CET 2026
#@# area and vertex vol rh Sat Mar 14 13:00:59 CET 2026
#@# Curvature Stats lh Sat Mar 14 13:00:59 CET 2026
#@# Curvature Stats rh Sat Mar 14 13:01:01 CET 2026
#@# Relabel Hypointensities Sat Mar 14 13:01:03 CET 2026
#@# APas-to-ASeg Sat Mar 14 13:01:15 CET 2026
#@# AParc-to-ASeg aparc Sat Mar 14 13:01:22 CET 2026
#@# AParc-to-ASeg aparc.a2009s Sat Mar 14 13:01:59 CET 2026
#@# AParc-to-ASeg aparc.DKTatlas Sat Mar 14 13:02:32 CET 2026
#@# WMParc Sat Mar 14 13:03:06 CET 2026
#@# ASeg Stats Sat Mar 14 13:05:17 CET 2026
recon-all -s sub-v2s9x29156_ses-1 finished without error at Sat Mar 14 13:05:34 CET 2026
