status file for recon-all
Sat Mar 14 10:28:35 CET 2026
#@# MotionCor Sat Mar 14 10:28:37 CET 2026
#@# Talairach Sat Mar 14 10:28:46 CET 2026
#@# Talairach Failure Detection Sat Mar 14 10:33:10 CET 2026
#@# Nu Intensity Correction Sat Mar 14 10:33:11 CET 2026
#@# Intensity Normalization Sat Mar 14 10:36:25 CET 2026
recon-all -s sub-v2s9x29151_ses-1 finished without error at Sat Mar 14 10:37:51 CET 2026



#New# invocation of recon-all 



status file for recon-all
Sat Mar 14 10:44:55 CET 2026
#@# EM Registration Sat Mar 14 10:44:55 CET 2026
recon-all -s sub-v2s9x29151_ses-1 finished without error at Sat Mar 14 10:47:17 CET 2026



#New# invocation of recon-all 



status file for recon-all
Sat Mar 14 10:47:21 CET 2026
#@# CA Normalize Sat Mar 14 10:47:21 CET 2026
#@# CA Reg Sat Mar 14 10:48:42 CET 2026
#@# SubCort Seg Sat Mar 14 11:38:47 CET 2026
#@# CC Seg Sat Mar 14 12:04:53 CET 2026
#@# Merge ASeg Sat Mar 14 12:05:46 CET 2026
#@# Intensity Normalization2 Sat Mar 14 12:05:46 CET 2026
#@# Mask BFS Sat Mar 14 12:07:56 CET 2026
#@# WM Segmentation Sat Mar 14 12:07:57 CET 2026
#@# Fill Sat Mar 14 12:09:54 CET 2026
recon-all -s sub-v2s9x29151_ses-1 finished without error at Sat Mar 14 12:10:55 CET 2026



#New# invocation of recon-all 



status file for recon-all
Sat Mar 14 13:02:07 CET 2026
#@# white curv lh Sat Mar 14 13:02:07 CET 2026
#@# white area lh Sat Mar 14 13:02:07 CET 2026
#@# pial curv lh Sat Mar 14 13:02:07 CET 2026
#@# pial area lh Sat Mar 14 13:02:07 CET 2026
#@# thickness lh Sat Mar 14 13:02:07 CET 2026
#@# area and vertex vol lh Sat Mar 14 13:02:07 CET 2026
#@# white curv rh Sat Mar 14 13:02:07 CET 2026
#@# white area rh Sat Mar 14 13:02:07 CET 2026
#@# pial curv rh Sat Mar 14 13:02:07 CET 2026
#@# pial area rh Sat Mar 14 13:02:08 CET 2026
#@# thickness rh Sat Mar 14 13:02:08 CET 2026
#@# area and vertex vol rh Sat Mar 14 13:02:08 CET 2026
#@# Cortical ribbon mask Sat Mar 14 13:02:08 CET 2026
recon-all -s sub-v2s9x29151_ses-1 finished without error at Sat Mar 14 13:06:28 CET 2026



#New# invocation of recon-all 



status file for recon-all
Sat Mar 14 13:12:02 CET 2026
#@# white curv lh Sat Mar 14 13:12:02 CET 2026
#@# white area lh Sat Mar 14 13:12:02 CET 2026
#@# pial curv lh Sat Mar 14 13:12:02 CET 2026
#@# pial area lh Sat Mar 14 13:12:02 CET 2026
#@# thickness lh Sat Mar 14 13:12:02 CET 2026
#@# area and vertex vol lh Sat Mar 14 13:12:02 CET 2026
#@# white curv rh Sat Mar 14 13:12:02 CET 2026
#@# white area rh Sat Mar 14 13:12:02 CET 2026
#@# pial curv rh Sat Mar 14 13:12:02 CET 2026
#@# pial area rh Sat Mar 14 13:12:02 CET 2026
#@# thickness rh Sat Mar 14 13:12:02 CET 2026
#@# area and vertex vol rh Sat Mar 14 13:12:02 CET 2026
#@# Curvature Stats lh Sat Mar 14 13:12:02 CET 2026
#@# Curvature Stats rh Sat Mar 14 13:12:04 CET 2026
#@# Relabel Hypointensities Sat Mar 14 13:12:06 CET 2026
#@# APas-to-ASeg Sat Mar 14 13:12:20 CET 2026
#@# AParc-to-ASeg aparc Sat Mar 14 13:12:27 CET 2026
#@# AParc-to-ASeg aparc.a2009s Sat Mar 14 13:13:01 CET 2026
#@# AParc-to-ASeg aparc.DKTatlas Sat Mar 14 13:13:39 CET 2026
#@# WMParc Sat Mar 14 13:14:15 CET 2026
#@# ASeg Stats Sat Mar 14 13:17:51 CET 2026
recon-all -s sub-v2s9x29151_ses-1 finished without error at Sat Mar 14 13:18:31 CET 2026
