status file for recon-all
Sat Mar 14 12:11:01 CET 2026
#@# Tessellate lh Sat Mar 14 12:11:01 CET 2026
#@# Smooth1 lh Sat Mar 14 12:11:04 CET 2026
#@# Inflation1 lh Sat Mar 14 12:11:06 CET 2026
#@# QSphere lh Sat Mar 14 12:11:18 CET 2026
#@# Fix Topology lh Sat Mar 14 12:12:22 CET 2026
#@# Smooth2 lh Sat Mar 14 12:21:30 CET 2026
#@# Inflation2 lh Sat Mar 14 12:21:32 CET 2026
#@# Curv .H and .K lh Sat Mar 14 12:21:45 CET 2026
#@# Sphere lh Sat Mar 14 12:22:25 CET 2026
#@# Surf Reg lh Sat Mar 14 12:28:36 CET 2026
#@# Jacobian white lh Sat Mar 14 12:33:59 CET 2026
#@# AvgCurv lh Sat Mar 14 12:34:00 CET 2026
#@# Cortical Parc lh Sat Mar 14 12:34:01 CET 2026
#@# white curv lh Sat Mar 14 12:39:08 CET 2026
#@# white area lh Sat Mar 14 12:39:10 CET 2026
#@# pial curv lh Sat Mar 14 12:39:10 CET 2026
#@# pial area lh Sat Mar 14 12:39:12 CET 2026
#@# thickness lh Sat Mar 14 12:39:12 CET 2026
#@# area and vertex vol lh Sat Mar 14 12:39:38 CET 2026
#@# Curvature Stats lh Sat Mar 14 12:39:39 CET 2026
#@# Cortical Parc 2 lh Sat Mar 14 12:39:41 CET 2026
#@# Cortical Parc 3 lh Sat Mar 14 12:39:52 CET 2026
#@# WM/GM Contrast lh Sat Mar 14 12:40:01 CET 2026
recon-all -s sub-v2s9x29151_ses-1 finished without error at Sat Mar 14 12:40:04 CET 2026



#New# invocation of recon-all 



status file for recon-all
Sat Mar 14 13:06:32 CET 2026
#@# white curv lh Sat Mar 14 13:06:32 CET 2026
#@# white area lh Sat Mar 14 13:06:32 CET 2026
#@# pial curv lh Sat Mar 14 13:06:32 CET 2026
#@# pial area lh Sat Mar 14 13:06:32 CET 2026
#@# thickness lh Sat Mar 14 13:06:32 CET 2026
#@# area and vertex vol lh Sat Mar 14 13:06:32 CET 2026
#@# Parcellation Stats lh Sat Mar 14 13:06:32 CET 2026
#@# Parcellation Stats 2 lh Sat Mar 14 13:06:47 CET 2026
#@# Parcellation Stats 3 lh Sat Mar 14 13:06:54 CET 2026
#@# BA_exvivo Labels lh Sat Mar 14 13:07:01 CET 2026
recon-all -s sub-v2s9x29151_ses-1 finished without error at Sat Mar 14 13:09:13 CET 2026
