status file for recon-all
Sat Mar 14 11:39:56 CET 2026
#@# Tessellate lh Sat Mar 14 11:39:56 CET 2026
#@# Smooth1 lh Sat Mar 14 11:39:59 CET 2026
#@# Inflation1 lh Sat Mar 14 11:40:01 CET 2026
#@# QSphere lh Sat Mar 14 11:40:08 CET 2026
#@# Fix Topology lh Sat Mar 14 11:40:43 CET 2026
#@# Smooth2 lh Sat Mar 14 11:46:25 CET 2026
#@# Inflation2 lh Sat Mar 14 11:46:27 CET 2026
#@# Curv .H and .K lh Sat Mar 14 11:46:34 CET 2026
#@# Sphere lh Sat Mar 14 11:47:08 CET 2026
#@# Surf Reg lh Sat Mar 14 11:49:02 CET 2026
#@# Jacobian white lh Sat Mar 14 11:51:35 CET 2026
#@# AvgCurv lh Sat Mar 14 11:51:36 CET 2026
#@# Cortical Parc lh Sat Mar 14 11:51:36 CET 2026
#@# white curv lh Sat Mar 14 11:56:02 CET 2026
#@# white area lh Sat Mar 14 11:56:04 CET 2026
#@# pial curv lh Sat Mar 14 11:56:04 CET 2026
#@# pial area lh Sat Mar 14 11:56:05 CET 2026
#@# thickness lh Sat Mar 14 11:56:06 CET 2026
#@# area and vertex vol lh Sat Mar 14 11:56:23 CET 2026
#@# Curvature Stats lh Sat Mar 14 11:56:24 CET 2026
#@# Cortical Parc 2 lh Sat Mar 14 11:56:25 CET 2026
#@# Cortical Parc 3 lh Sat Mar 14 11:56:34 CET 2026
#@# WM/GM Contrast lh Sat Mar 14 11:56:41 CET 2026
recon-all -s sub-v2s9x29162_ses-1 finished without error at Sat Mar 14 11:56:43 CET 2026



#New# invocation of recon-all 



status file for recon-all
Sat Mar 14 12:19:03 CET 2026
#@# white curv lh Sat Mar 14 12:19:03 CET 2026
#@# white area lh Sat Mar 14 12:19:03 CET 2026
#@# pial curv lh Sat Mar 14 12:19:03 CET 2026
#@# pial area lh Sat Mar 14 12:19:03 CET 2026
#@# thickness lh Sat Mar 14 12:19:03 CET 2026
#@# area and vertex vol lh Sat Mar 14 12:19:03 CET 2026
#@# Parcellation Stats lh Sat Mar 14 12:19:03 CET 2026
#@# Parcellation Stats 2 lh Sat Mar 14 12:19:15 CET 2026
#@# Parcellation Stats 3 lh Sat Mar 14 12:19:21 CET 2026
#@# BA_exvivo Labels lh Sat Mar 14 12:19:27 CET 2026
recon-all -s sub-v2s9x29162_ses-1 finished without error at Sat Mar 14 12:21:06 CET 2026
