status file for recon-all
Sat Mar 14 10:28:15 CET 2026
#@# MotionCor Sat Mar 14 10:28:17 CET 2026
#@# Talairach Sat Mar 14 10:28:22 CET 2026
#@# Talairach Failure Detection Sat Mar 14 10:31:12 CET 2026
#@# Nu Intensity Correction Sat Mar 14 10:31:12 CET 2026
#@# Intensity Normalization Sat Mar 14 10:33:58 CET 2026
recon-all -s sub-v2s9x29162_ses-1 finished without error at Sat Mar 14 10:34:53 CET 2026



#New# invocation of recon-all 



status file for recon-all
Sat Mar 14 10:40:47 CET 2026
#@# EM Registration Sat Mar 14 10:40:47 CET 2026
recon-all -s sub-v2s9x29162_ses-1 finished without error at Sat Mar 14 10:42:07 CET 2026



#New# invocation of recon-all 



status file for recon-all
Sat Mar 14 10:42:10 CET 2026
#@# CA Normalize Sat Mar 14 10:42:10 CET 2026
#@# CA Reg Sat Mar 14 10:43:03 CET 2026
#@# SubCort Seg Sat Mar 14 11:16:42 CET 2026
#@# CC Seg Sat Mar 14 11:35:47 CET 2026
#@# Merge ASeg Sat Mar 14 11:36:21 CET 2026
#@# Intensity Normalization2 Sat Mar 14 11:36:21 CET 2026
#@# Mask BFS Sat Mar 14 11:37:44 CET 2026
#@# WM Segmentation Sat Mar 14 11:37:45 CET 2026
#@# Fill Sat Mar 14 11:39:15 CET 2026
recon-all -s sub-v2s9x29162_ses-1 finished without error at Sat Mar 14 11:39:52 CET 2026



#New# invocation of recon-all 



status file for recon-all
Sat Mar 14 12:15:29 CET 2026
#@# white curv lh Sat Mar 14 12:15:29 CET 2026
#@# white area lh Sat Mar 14 12:15:29 CET 2026
#@# pial curv lh Sat Mar 14 12:15:29 CET 2026
#@# pial area lh Sat Mar 14 12:15:29 CET 2026
#@# thickness lh Sat Mar 14 12:15:29 CET 2026
#@# area and vertex vol lh Sat Mar 14 12:15:29 CET 2026
#@# white curv rh Sat Mar 14 12:15:29 CET 2026
#@# white area rh Sat Mar 14 12:15:29 CET 2026
#@# pial curv rh Sat Mar 14 12:15:29 CET 2026
#@# pial area rh Sat Mar 14 12:15:29 CET 2026
#@# thickness rh Sat Mar 14 12:15:29 CET 2026
#@# area and vertex vol rh Sat Mar 14 12:15:29 CET 2026
#@# Cortical ribbon mask Sat Mar 14 12:15:29 CET 2026
recon-all -s sub-v2s9x29162_ses-1 finished without error at Sat Mar 14 12:18:59 CET 2026



#New# invocation of recon-all 



status file for recon-all
Sat Mar 14 12:23:20 CET 2026
#@# white curv lh Sat Mar 14 12:23:20 CET 2026
#@# white area lh Sat Mar 14 12:23:20 CET 2026
#@# pial curv lh Sat Mar 14 12:23:20 CET 2026
#@# pial area lh Sat Mar 14 12:23:20 CET 2026
#@# thickness lh Sat Mar 14 12:23:20 CET 2026
#@# area and vertex vol lh Sat Mar 14 12:23:20 CET 2026
#@# white curv rh Sat Mar 14 12:23:20 CET 2026
#@# white area rh Sat Mar 14 12:23:20 CET 2026
#@# pial curv rh Sat Mar 14 12:23:20 CET 2026
#@# pial area rh Sat Mar 14 12:23:20 CET 2026
#@# thickness rh Sat Mar 14 12:23:20 CET 2026
#@# area and vertex vol rh Sat Mar 14 12:23:20 CET 2026
#@# Curvature Stats lh Sat Mar 14 12:23:20 CET 2026
#@# Curvature Stats rh Sat Mar 14 12:23:22 CET 2026
#@# Relabel Hypointensities Sat Mar 14 12:23:23 CET 2026
#@# APas-to-ASeg Sat Mar 14 12:23:34 CET 2026
#@# AParc-to-ASeg aparc Sat Mar 14 12:23:39 CET 2026
#@# AParc-to-ASeg aparc.a2009s Sat Mar 14 12:24:01 CET 2026
#@# AParc-to-ASeg aparc.DKTatlas Sat Mar 14 12:24:26 CET 2026
#@# WMParc Sat Mar 14 12:24:50 CET 2026
#@# ASeg Stats Sat Mar 14 12:26:34 CET 2026
recon-all -s sub-v2s9x29162_ses-1 finished without error at Sat Mar 14 12:26:50 CET 2026
