/out/sourcedata/freesurfer/sub-v2s9x29172_ses-1/mri
/opt/freesurfer/bin/talairach_avi
--i orig_nu.mgz --xfm transforms/talairach.auto.xfm
talairach_avi 7.3.2
Linux dna080 5.14.0-427.37.1.el9_4.x86_64 #1 SMP PREEMPT_DYNAMIC Fri Sep 13 12:41:50 EDT 2024 x86_64 x86_64 x86_64 GNU/Linux
Sat Mar 14 10:30:54 CET 2026
mri_convert orig_nu.mgz talsrcimg.img 
reading from orig_nu.mgz...
TR=0.00, TE=0.00, TI=0.00, flip angle=0.00
i_ras = (-1, 0, 0)
j_ras = (0, 0, -1)
k_ras = (0, 1, 0)
writing to talsrcimg.img...
Analyze Output Matrix
-1.00000   0.00000   0.00000   129.66513;
 0.00000   0.00000   1.00000  -128.00000;
 0.00000  -1.00000   0.00000   130.00000;
 0.00000   0.00000   0.00000   1.00000;
--------------------
INFO: set hdr.hist.orient to -1
mpr2mni305 talsrcimg
Sat Mar 14 10:30:54 CET 2026
/opt/freesurfer/bin/mpr2mni305 talsrcimg
mpr2mni305 7.3.2
target=711-2C_as_mni_average_305

---------------------------------------------------------------------
analyzeto4dfp talsrcimg -O0 -y
---------------------------------------------------------------------

freesurfer ifh2hdr.c
Sat Mar 14 10:30:54 2026
Writing: talsrcimg.4dfp.hdr
freesurfer analyzeto4dfp.c
Reading: talsrcimg.hdr
header size 348 bytes
hdr.dime.datatype	offset=70	value=2
hdr.dime.bitpix		offset=72	value=8
hdr.hist.orient		offset=252	value=-1
dimensionality     4
dimensions       256       256       256         1
Reading: talsrcimg.img
Writing: talsrcimg.4dfp.img
Writing: talsrcimg.4dfp.ifh
ifh2hdr talsrcimg -r0to228
ori=2

---------------------------------------------------------------------
gauss_4dfp talsrcimg 1.1
---------------------------------------------------------------------

freesurfer gauss_4dfp.c
Reading: talsrcimg.4dfp.img
Writing: talsrcimg_g11.4dfp.img
image dimensions 256 256 256 padded to 288 288 288
processing volume 1freesurfer ifh2hdr.c
Sat Mar 14 10:30:56 2026
Writing: talsrcimg_g11.4dfp.hdr

Writing: talsrcimg_g11.4dfp.ifh
including: talsrcimg.4dfp.img.rec in talsrcimg_g11.4dfp.img.rec

---------------------------------------------------------------------
imgreg_4dfp /opt/freesurfer/average/711-2C_as_mni_average_305 none talsrcimg_g11 none talsrcimg_to_711-2C_as_mni_average_305_t4 4355
---------------------------------------------------------------------

freesurfer imgreg_4dfp.c
/opt/freesurfer/average/711-2C_as_mni_average_305.4dfp.img
       256       256       256         1
  1.000000  1.000000  1.000000
orientation T byte_order littleendian
Reading image: /opt/freesurfer/average/711-2C_as_mni_average_305.4dfp.img
dimensions:      256       256       256
mmppix:       1.0000   -1.0000   -1.0000
center:     128.0000 -129.0000 -129.0000
talsrcimg_g11.4dfp.img
       256       256       256         1
  1.000000  1.000000  1.000000
orientation T byte_order littleendian
Reading image: talsrcimg_g11.4dfp.img
dimensions:      256       256       256
mmppix:       1.0000   -1.0000   -1.0000
center:     128.0000 -129.0000 -129.0000
t4_read: open error in t4_sub.f l:  41 t4_file(1:l)talsrcimg_to_711-2C_as_mni_average_305_t4 
t4_read: transform initialized to I4
rotation matrix determinant  1.000000
image alignment mode   4355 decimal     1103 hex
   -7.5000  -45.0000  -45.0000 9157.1523   17.9695
    0.0000  -45.0000  -45.0000 9542.7822   17.9461
    7.5000  -45.0000  -45.0000 9123.1318   17.8954
   -7.5000  -37.5000  -45.0000 9528.6465   17.9266
    0.0000  -37.5000  -45.0000 9948.5430   17.9111
    7.5000  -37.5000  -45.0000 9516.1396   17.8592
   -7.5000  -30.0000  -45.000010192.0176   17.9037
    0.0000  -30.0000  -45.000010670.4180   17.8895
    7.5000  -30.0000  -45.000010182.9209   17.8392
   -7.5000  -22.5000  -45.000010805.6650   17.9303
    0.0000  -22.5000  -45.000011302.2373   17.9090
    7.5000  -22.5000  -45.000010778.9121   17.8615
   -7.5000  -15.0000  -45.000011332.1562   17.9800
    0.0000  -15.0000  -45.000011836.0898   17.9513
    7.5000  -15.0000  -45.000011307.6475   17.9031
   -7.5000   -7.5000  -45.000011808.7793   17.9959
    0.0000   -7.5000  -45.000012339.1562   17.9665
    7.5000   -7.5000  -45.000011800.3848   17.9167
   -7.5000    0.0000  -45.000012224.0449   17.9695
    0.0000    0.0000  -45.000012774.1689   17.9461
    7.5000    0.0000  -45.000012207.8184   17.8954
   -7.5000    7.5000  -45.000011540.6387   17.9266
    0.0000    7.5000  -45.000012021.5928   17.9111
    7.5000    7.5000  -45.000011507.7461   17.8592
   -7.5000   15.0000  -45.000010750.2236   17.9037
    0.0000   15.0000  -45.000011187.3037   17.8895
    7.5000   15.0000  -45.000010707.5088   17.8392
   -7.5000   22.5000  -45.0000 9901.9629   17.9278
    0.0000   22.5000  -45.000010271.9326   17.9065
    7.5000   22.5000  -45.0000 9846.6475   17.8590
   -7.5000   30.0000  -45.0000 9053.5996   17.7404
    0.0000   30.0000  -45.0000 9418.3398   17.7121
    7.5000   30.0000  -45.0000 9018.7793   17.6645
   -7.5000   37.5000  -45.0000 8509.2031   17.7561
    0.0000   37.5000  -45.0000 8819.4434   17.7271
    7.5000   37.5000  -45.0000 8477.1592   17.6780
   -7.5000   45.0000  -45.0000 7590.5645   17.2880
    0.0000   45.0000  -45.0000 7880.3276   17.2654
    7.5000   45.0000  -45.0000 7574.0894   17.2167
   -7.5000  -45.0000  -37.5000 9696.7324   17.9221
    0.0000  -45.0000  -37.500010134.5205   17.8976
    7.5000  -45.0000  -37.5000 9660.6299   17.8458
   -7.5000  -37.5000  -37.500010073.9531   17.8808
    0.0000  -37.5000  -37.500010555.4727   17.8616
    7.5000  -37.5000  -37.500010058.7812   17.8052
   -7.5000  -30.0000  -37.500010760.4932   17.8554
    0.0000  -30.0000  -37.500011294.9365   17.8351
    7.5000  -30.0000  -37.500010752.3369   17.7807
   -7.5000  -22.5000  -37.500011383.5830   17.8771
    0.0000  -22.5000  -37.500011928.4922   17.8501
    7.5000  -22.5000  -37.500011362.4873   17.8029
   -7.5000  -15.0000  -37.500011944.7168   17.9248
    0.0000  -15.0000  -37.500012497.3838   17.8928
    7.5000  -15.0000  -37.500011908.6152   17.8488
   -7.5000   -7.5000  -37.500012454.8438   17.9441
    0.0000   -7.5000  -37.500013028.9766   17.9136
    7.5000   -7.5000  -37.500012414.7617   17.8669
   -7.5000    0.0000  -37.500012874.4893   17.9221
    0.0000    0.0000  -37.500013432.5146   17.8976
    7.5000    0.0000  -37.500012790.9609   17.8458
   -7.5000    7.5000  -37.500012116.4824   17.8808
    0.0000    7.5000  -37.500012635.5381   17.8616
    7.5000    7.5000  -37.500012039.2686   17.8052
   -7.5000   15.0000  -37.500011252.6602   17.8554
    0.0000   15.0000  -37.500011737.2188   17.8351
    7.5000   15.0000  -37.500011182.2764   17.7807
   -7.5000   22.5000  -37.500010330.2822   17.8746
    0.0000   22.5000  -37.500010746.9834   17.8476
    7.5000   22.5000  -37.500010251.2109   17.8005
   -7.5000   30.0000  -37.5000 9426.9736   17.6859
    0.0000   30.0000  -37.5000 9814.1582   17.6544
    7.5000   30.0000  -37.5000 9372.5713   17.6109
   -7.5000   37.5000  -37.5000 8843.5820   17.7050
    0.0000   37.5000  -37.5000 9200.2754   17.6749
    7.5000   37.5000  -37.5000 8811.7510   17.6288
   -7.5000   45.0000  -37.5000 7876.9292   17.2424
    0.0000   45.0000  -37.5000 8200.7383   17.2188
    7.5000   45.0000  -37.5000 7850.8184   17.1690
   -7.5000  -45.0000  -30.000010395.8281   18.6675
    0.0000  -45.0000  -30.000010889.2803   18.6404
    7.5000  -45.0000  -30.000010366.5273   18.5916
   -7.5000  -37.5000  -30.000010791.9346   18.6240
    0.0000  -37.5000  -30.000011331.2285   18.6004
    7.5000  -37.5000  -30.000010778.9932   18.5456
   -7.5000  -30.0000  -30.000011516.0869   18.5942
    0.0000  -30.0000  -30.000012093.0479   18.5668
    7.5000  -30.0000  -30.000011517.4492   18.5148
   -7.5000  -22.5000  -30.000012165.3379   18.6135
    0.0000  -22.5000  -30.000012750.6240   18.5793
    7.5000  -22.5000  -30.000012150.8525   18.5367
   -7.5000  -15.0000  -30.000012745.1367   18.6622
    0.0000  -15.0000  -30.000013362.0625   18.6246
    7.5000  -15.0000  -30.000012722.2969   18.5861
   -7.5000   -7.5000  -30.000013288.3359   18.6860
    0.0000   -7.5000  -30.000013918.0186   18.6519
    7.5000   -7.5000  -30.000013239.8721   18.6101
   -7.5000    0.0000  -30.000013717.8076   18.6675
    0.0000    0.0000  -30.000014323.5381   18.6404
    7.5000    0.0000  -30.000013613.5146   18.5916
   -7.5000    7.5000  -30.000012905.7568   18.6240
    0.0000    7.5000  -30.000013459.4141   18.6004
    7.5000    7.5000  -30.000012793.7227   18.5456
   -7.5000   15.0000  -30.000011960.8955   18.5942
    0.0000   15.0000  -30.000012490.9912   18.5668
    7.5000   15.0000  -30.000011859.5225   18.5148
   -7.5000   22.5000  -30.000010970.0654   18.6090
    0.0000   22.5000  -30.000011451.8408   18.5748
    7.5000   22.5000  -30.000010875.0566   18.5323
   -7.5000   30.0000  -30.0000 9995.3271   18.4153
    0.0000   30.0000  -30.000010429.7773   18.3781
    7.5000   30.0000  -30.0000 9930.8154   18.3402
   -7.5000   37.5000  -30.0000 9341.6855   18.4387
    0.0000   37.5000  -30.0000 9747.7812   18.4051
    7.5000   37.5000  -30.0000 9308.2217   18.3638
   -7.5000   45.0000  -30.0000 8319.0498   17.9727
    0.0000   45.0000  -30.0000 8662.5361   17.9466
    7.5000   45.0000  -30.0000 8275.7461   17.8997
   -7.5000  -45.0000  -22.500011109.1494   19.2970
    0.0000  -45.0000  -22.500011633.8340   19.2659
    7.5000  -45.0000  -22.500011081.0146   19.2204
   -7.5000  -37.5000  -22.500011529.8779   19.2508
    0.0000  -37.5000  -22.500012083.0137   19.2243
    7.5000  -37.5000  -22.500011510.9766   19.1750
   -7.5000  -30.0000  -22.500012290.5557   19.2191
    0.0000  -30.0000  -22.500012857.4365   19.1892
    7.5000  -30.0000  -22.500012273.3213   19.1434
   -7.5000  -22.5000  -22.500012972.1338   19.2398
    0.0000  -22.5000  -22.500013557.1475   19.2027
    7.5000  -22.5000  -22.500012950.7363   19.1646
   -7.5000  -15.0000  -22.500013565.1914   19.2900
    0.0000  -15.0000  -22.500014217.1006   19.2488
    7.5000  -15.0000  -22.500013553.0439   19.2124
   -7.5000   -7.5000  -22.500014121.9326   19.3153
    0.0000   -7.5000  -22.500014795.4609   19.2766
    7.5000   -7.5000  -22.500014074.9297   19.2363
   -7.5000    0.0000  -22.500014568.6553   19.2970
    0.0000    0.0000  -22.500015218.1045   19.2659
    7.5000    0.0000  -22.500014465.9141   19.2204
   -7.5000    7.5000  -22.500013692.8887   19.2508
    0.0000    7.5000  -22.500014291.2354   19.2243
    7.5000    7.5000  -22.500013573.6172   19.1750
   -7.5000   15.0000  -22.500012655.5225   19.2191
    0.0000   15.0000  -22.500013227.7041   19.1892
    7.5000   15.0000  -22.500012568.4785   19.1434
   -7.5000   22.5000  -22.500011611.8232   19.2339
    0.0000   22.5000  -22.500012136.9316   19.1968
    7.5000   22.5000  -22.500011514.7832   19.1587
   -7.5000   30.0000  -22.500010581.9795   19.0377
    0.0000   30.0000  -22.500011053.5762   18.9970
    7.5000   30.0000  -22.500010511.8311   18.9611
   -7.5000   37.5000  -22.5000 9903.2617   19.0626
    0.0000   37.5000  -22.500010321.6152   19.0245
    7.5000   37.5000  -22.5000 9819.0703   18.9847
   -7.5000   45.0000  -22.5000 8800.9873   18.5927
    0.0000   45.0000  -22.5000 9155.4756   18.5627
    7.5000   45.0000  -22.5000 8715.9512   18.5189
   -7.5000  -45.0000  -15.000011807.8398   19.7356
    0.0000  -45.0000  -15.000012387.0459   19.7034
    7.5000  -45.0000  -15.000011807.1572   19.6571
   -7.5000  -37.5000  -15.000012263.4482   19.6880
    0.0000  -37.5000  -15.000012845.0039   19.6638
    7.5000  -37.5000  -15.000012249.6318   19.6166
   -7.5000  -30.0000  -15.000013048.9688   19.6603
    0.0000  -30.0000  -15.000013618.4678   19.6352
    7.5000  -30.0000  -15.000013050.9453   19.5910
   -7.5000  -22.5000  -15.000013753.4688   19.6875
    0.0000  -22.5000  -15.000014343.0654   19.6544
    7.5000  -22.5000  -15.000013763.1562   19.6144
   -7.5000  -15.0000  -15.000014396.5918   19.7398
    0.0000  -15.0000  -15.000015041.2910   19.6998
    7.5000  -15.0000  -15.000014384.1172   19.6584
   -7.5000   -7.5000  -15.000014963.4561   19.7599
    0.0000   -7.5000  -15.000015658.4141   19.7197
    7.5000   -7.5000  -15.000014928.0205   19.6754
   -7.5000    0.0000  -15.000015358.5303   19.7356
    0.0000    0.0000  -15.000016052.8271   19.7034
    7.5000    0.0000  -15.000015280.7598   19.6571
   -7.5000    7.5000  -15.000014424.9551   19.6880
    0.0000    7.5000  -15.000015080.1885   19.6638
    7.5000    7.5000  -15.000014341.2227   19.6166
   -7.5000   15.0000  -15.000013384.6309   19.6603
    0.0000   15.0000  -15.000013954.1123   19.6352
    7.5000   15.0000  -15.000013297.3223   19.5910
   -7.5000   22.5000  -15.000012302.3125   19.6805
    0.0000   22.5000  -15.000012809.9922   19.6475
    7.5000   22.5000  -15.000012226.0400   19.6075
   -7.5000   30.0000  -15.000011222.8057   19.4844
    0.0000   30.0000  -15.000011670.9238   19.4448
    7.5000   30.0000  -15.000011144.8984   19.4040
   -7.5000   37.5000  -15.000010518.4473   19.5042
    0.0000   37.5000  -15.000010902.9932   19.4645
    7.5000   37.5000  -15.000010394.6514   19.4207
   -7.5000   45.0000  -15.0000 9323.9766   19.0267
    0.0000   45.0000  -15.0000 9654.8262   18.9956
    7.5000   45.0000  -15.0000 9194.8701   18.9511
   -7.5000  -45.0000   -7.500012534.1475   19.9565
    0.0000  -45.0000   -7.500013141.2881   19.9259
    7.5000  -45.0000   -7.500012569.7168   19.8744
   -7.5000  -37.5000   -7.500013041.7969   19.9082
    0.0000  -37.5000   -7.500013652.4766   19.8878
    7.5000  -37.5000   -7.500013046.9580   19.8357
   -7.5000  -30.0000   -7.500013885.3555   19.8844
    0.0000  -30.0000   -7.500014447.0723   19.8660
    7.5000  -30.0000   -7.500013889.0283   19.8154
   -7.5000  -22.5000   -7.500014578.8447   19.9169
    0.0000  -22.5000   -7.500015148.7490   19.8905
    7.5000  -22.5000   -7.500014597.4033   19.8418
   -7.5000  -15.0000   -7.500015239.4092   19.9720
    0.0000  -15.0000   -7.500015865.3330   19.9366
    7.5000  -15.0000   -7.500015263.8721   19.8858
   -7.5000   -7.5000   -7.500015836.0713   19.9873
    0.0000   -7.5000   -7.500016497.4785   19.9499
    7.5000   -7.5000   -7.500015828.5322   19.8978
   -7.5000    0.0000   -7.500016245.4688   19.9565
    0.0000    0.0000   -7.500016883.0879   19.9259
    7.5000    0.0000   -7.500016178.6445   19.8744
   -7.5000    7.5000   -7.500015282.1084   19.9082
    0.0000    7.5000   -7.500015886.6758   19.8878
    7.5000    7.5000   -7.500015230.2725   19.8357
   -7.5000   15.0000   -7.500014232.5391   19.8844
    0.0000   15.0000   -7.500014742.7627   19.8660
    7.5000   15.0000   -7.500014142.0156   19.8154
   -7.5000   22.5000   -7.500013125.1055   19.9077
    0.0000   22.5000   -7.500013566.5615   19.8813
    7.5000   22.5000   -7.500012995.0967   19.8326
   -7.5000   30.0000   -7.500011951.8125   19.7130
    0.0000   30.0000   -7.500012358.5029   19.6780
    7.5000   30.0000   -7.500011793.8740   19.6279
   -7.5000   37.5000   -7.500011150.3857   19.7281
    0.0000   37.5000   -7.500011528.4600   19.6912
    7.5000   37.5000   -7.500010963.4854   19.6398
   -7.5000   45.0000   -7.5000 9824.9102   19.2432
    0.0000   45.0000   -7.500010173.2217   19.2138
    7.5000   45.0000   -7.5000 9675.8350   19.1641
   -7.5000  -45.0000    0.000013123.8232   20.0117
    0.0000  -45.0000    0.000013763.1260   19.9836
    7.5000  -45.0000    0.000013191.0312   19.9258
   -7.5000  -37.5000    0.000013684.9531   19.9638
    0.0000  -37.5000    0.000014363.1631   19.9444
    7.5000  -37.5000    0.000013735.7549   19.8844
   -7.5000  -30.0000    0.000014665.1270   19.9392
    0.0000  -30.0000    0.000015325.0273   19.9215
    7.5000  -30.0000    0.000014685.9150   19.8627
   -7.5000  -22.5000    0.000015420.2520   19.9699
    0.0000  -22.5000    0.000015976.6982   19.9449
    7.5000  -22.5000    0.000015474.7510   19.8895
   -7.5000  -15.0000    0.000016022.0830   20.0256
    0.0000  -15.0000    0.000016555.6699   19.9928
    7.5000  -15.0000    0.000016121.5088   19.9374
   -7.5000   -7.5000    0.000016611.0879   20.0423
    0.0000   -7.5000    0.000017123.6816   20.0083
    7.5000   -7.5000    0.000016670.0312   19.9517
   -7.5000    0.0000    0.000017066.8047   20.0117
    0.0000    0.0000    0.000017571.7578   19.9836
    7.5000    0.0000    0.000017009.6367   19.9258
   -7.5000    7.5000    0.000016108.4941   19.9638
    0.0000    7.5000    0.000016602.1406   19.9444
    7.5000    7.5000    0.000016007.2500   19.8844
   -7.5000   15.0000    0.000014994.4805   19.9392
    0.0000   15.0000    0.000015480.8545   19.9215
    7.5000   15.0000    0.000014861.1807   19.8627
   -7.5000   22.5000    0.000013803.2939   19.9607
    0.0000   22.5000    0.000014266.0518   19.9357
    7.5000   22.5000    0.000013625.9229   19.8804
   -7.5000   30.0000    0.000012511.1836   19.7664
    0.0000   30.0000    0.000012956.4043   19.7341
    7.5000   30.0000    0.000012325.3945   19.6794
   -7.5000   37.5000    0.000011607.8076   19.7829
    0.0000   37.5000    0.000012011.0244   19.7494
    7.5000   37.5000    0.000011412.2412   19.6935
   -7.5000   45.0000    0.000010196.9590   19.2980
    0.0000   45.0000    0.000010542.6045   19.2709
    7.5000   45.0000    0.000010040.3047   19.2152
   -7.5000  -45.0000    7.500012615.9473   20.0374
    0.0000  -45.0000    7.500013198.8516   20.0104
    7.5000  -45.0000    7.500012746.8906   19.9523
   -7.5000  -37.5000    7.500013132.9561   19.9909
    0.0000  -37.5000    7.500013750.6719   19.9696
    7.5000  -37.5000    7.500013304.3984   19.9063
   -7.5000  -30.0000    7.500014140.1113   19.9629
    0.0000  -30.0000    7.500014779.1221   19.9400
    7.5000  -30.0000    7.500014297.4004   19.8788
   -7.5000  -22.5000    7.500014919.9248   19.9879
    0.0000  -22.5000    7.500015521.2129   19.9576
    7.5000  -22.5000    7.500015080.1992   19.9043
   -7.5000  -15.0000    7.500015507.5518   20.0416
    0.0000  -15.0000    7.500016134.3857   20.0061
    7.5000  -15.0000    7.500015679.3398   19.9561
   -7.5000   -7.5000    7.500016073.5088   20.0627
    0.0000   -7.5000    7.500016672.5391   20.0291
    7.5000   -7.5000    7.500016154.2842   19.9765
   -7.5000    0.0000    7.500016481.3164   20.0374
    0.0000    0.0000    7.500017079.7773   20.0104
    7.5000    0.0000    7.500016447.9766   19.9523
   -7.5000    7.5000    7.500015557.4189   19.9909
    0.0000    7.5000    7.500016100.5791   19.9696
    7.5000    7.5000    7.500015452.7637   19.9063
   -7.5000   15.0000    7.500014490.3105   19.9629
    0.0000   15.0000    7.500014986.2334   19.9400
    7.5000   15.0000    7.500014353.6172   19.8788
   -7.5000   22.5000    7.500013334.3955   19.9787
    0.0000   22.5000    7.500013790.2324   19.9485
    7.5000   22.5000    7.500013189.7334   19.8951
   -7.5000   30.0000    7.500012068.2773   19.7822
    0.0000   30.0000    7.500012497.2061   19.7472
    7.5000   30.0000    7.500011944.4922   19.6979
   -7.5000   37.5000    7.500011164.6133   19.8031
    0.0000   37.5000    7.500011579.7373   19.7699
    7.5000   37.5000    7.500011052.7188   19.7179
   -7.5000   45.0000    7.5000 9761.3008   19.3228
    0.0000   45.0000    7.500010119.2236   19.2969
    7.5000   45.0000    7.5000 9671.8408   19.2409
   -7.5000  -45.0000   15.000011952.4453   20.1025
    0.0000  -45.0000   15.000012533.9404   20.0735
    7.5000  -45.0000   15.000012123.2109   20.0207
   -7.5000  -37.5000   15.000012460.5430   20.0554
    0.0000  -37.5000   15.000013131.3203   20.0301
    7.5000  -37.5000   15.000012680.3975   19.9709
   -7.5000  -30.0000   15.000013410.0146   20.0232
    0.0000  -30.0000   15.000014075.4805   19.9937
    7.5000  -30.0000   15.000013595.6943   19.9375
   -7.5000  -22.5000   15.000014141.7998   20.0440
    0.0000  -22.5000   15.000014815.6523   20.0072
    7.5000  -22.5000   15.000014295.8965   19.9611
   -7.5000  -15.0000   15.000014802.6396   20.0967
    0.0000  -15.0000   15.000015533.6406   20.0562
    7.5000  -15.0000   15.000014930.0986   20.0146
   -7.5000   -7.5000   15.000015467.1074   20.1225
    0.0000   -7.5000   15.000016226.4258   20.0858
    7.5000   -7.5000   15.000015505.5771   20.0406
   -7.5000    0.0000   15.000015836.8408   20.1025
    0.0000    0.0000   15.000016572.9746   20.0735
    7.5000    0.0000   15.000015813.5371   20.0207
   -7.5000    7.5000   15.000014884.8428   20.0554
    0.0000    7.5000   15.000015564.7637   20.0301
    7.5000    7.5000   15.000014849.1465   19.9709
   -7.5000   15.0000   15.000013823.6855   20.0232
    0.0000   15.0000   15.000014441.2412   19.9937
    7.5000   15.0000   15.000013782.1055   19.9375
   -7.5000   22.5000   15.000012677.6553   20.0348
    0.0000   22.5000   15.000013222.2666   19.9980
    7.5000   22.5000   15.000012633.7666   19.9519
   -7.5000   30.0000   15.000011425.8877   19.8366
    0.0000   30.0000   15.000011904.2852   19.7967
    7.5000   30.0000   15.000011396.3467   19.7556
   -7.5000   37.5000   15.000010529.0918   19.8621
    0.0000   37.5000   15.000010940.7051   19.8259
    7.5000   37.5000   15.000010503.9131   19.7813
   -7.5000   45.0000   15.0000 9196.2012   19.3856
    0.0000   45.0000   15.0000 9516.1465   19.3577
    7.5000   45.0000   15.0000 9165.3984   19.3068
   -7.5000  -45.0000   22.500011227.0166   20.1863
    0.0000  -45.0000   22.500011780.0566   20.1539
    7.5000  -45.0000   22.500011349.6230   20.1059
   -7.5000  -37.5000   22.500011711.7197   20.1374
    0.0000  -37.5000   22.500012326.2539   20.1100
    7.5000  -37.5000   22.500011872.0449   20.0580
   -7.5000  -30.0000   22.500012556.8613   20.1042
    0.0000  -30.0000   22.500013169.5176   20.0731
    7.5000  -30.0000   22.500012709.9619   20.0248
   -7.5000  -22.5000   22.500013286.8770   20.1262
    0.0000  -22.5000   22.500013907.0508   20.0876
    7.5000  -22.5000   22.500013428.6631   20.0474
   -7.5000  -15.0000   22.500013971.7637   20.1792
    0.0000  -15.0000   22.500014678.7686   20.1363
    7.5000  -15.0000   22.500014112.1191   20.0979
   -7.5000   -7.5000   22.500014589.8184   20.2058
    0.0000   -7.5000   22.500015296.4834   20.1654
    7.5000   -7.5000   22.500014696.9941   20.1230
   -7.5000    0.0000   22.500014893.0352   20.1863
    0.0000    0.0000   22.500015589.8457   20.1539
    7.5000    0.0000   22.500014960.6113   20.1059
   -7.5000    7.5000   22.500013994.1348   20.1374
    0.0000    7.5000   22.500014627.7773   20.1100
    7.5000    7.5000   22.500014029.4463   20.0580
   -7.5000   15.0000   22.500012997.0020   20.1042
    0.0000   15.0000   22.500013575.5889   20.0731
    7.5000   15.0000   22.500013027.4980   20.0248
   -7.5000   22.5000   22.500011926.6631   20.1170
    0.0000   22.5000   22.500012436.5186   20.0784
    7.5000   22.5000   22.500011952.7803   20.0382
   -7.5000   30.0000   22.500010726.2627   19.9181
    0.0000   30.0000   22.500011169.4873   19.8757
    7.5000   30.0000   22.500010751.6006   19.8378
   -7.5000   37.5000   22.5000 9850.5361   19.9443
    0.0000   37.5000   22.500010245.2832   19.9045
    7.5000   37.5000   22.5000 9854.0518   19.8625
   -7.5000   45.0000   22.5000 8570.2637   19.4661
    0.0000   45.0000   22.5000 8906.1611   19.4349
    7.5000   45.0000   22.5000 8585.0693   19.3887
   -7.5000  -45.0000   30.000010453.4014   20.3788
    0.0000  -45.0000   30.000010950.8555   20.3454
    7.5000  -45.0000   30.000010516.3359   20.2970
   -7.5000  -37.5000   30.000010870.9453   20.3296
    0.0000  -37.5000   30.000011410.6016   20.3046
    7.5000  -37.5000   30.000010981.2871   20.2550
   -7.5000  -30.0000   30.000011631.1230   20.3000
    0.0000  -30.0000   30.000012187.2402   20.2741
    7.5000  -30.0000   30.000011757.0146   20.2277
   -7.5000  -22.5000   30.000012327.4238   20.3271
    0.0000  -22.5000   30.000012916.8193   20.2929
    7.5000  -22.5000   30.000012467.4932   20.2509
   -7.5000  -15.0000   30.000012985.5996   20.3811
    0.0000  -15.0000   30.000013629.3994   20.3395
    7.5000  -15.0000   30.000013139.3730   20.2962
   -7.5000   -7.5000   30.000013538.8311   20.4028
    0.0000   -7.5000   30.000014200.7012   20.3611
    7.5000   -7.5000   30.000013677.6543   20.3147
   -7.5000    0.0000   30.000013825.5098   20.3788
    0.0000    0.0000   30.000014463.7168   20.3454
    7.5000    0.0000   30.000013910.5635   20.2970
   -7.5000    7.5000   30.000012943.6445   20.3296
    0.0000    7.5000   30.000013549.9150   20.3046
    7.5000    7.5000   30.000013034.5205   20.2550
   -7.5000   15.0000   30.000012019.9922   20.3000
    0.0000   15.0000   30.000012551.3340   20.2741
    7.5000   15.0000   30.000012078.5723   20.2277
   -7.5000   22.5000   30.000011033.3857   20.3177
    0.0000   22.5000   30.000011501.7607   20.2835
    7.5000   22.5000   30.000011087.4062   20.2416
   -7.5000   30.0000   30.0000 9920.5762   20.1173
    0.0000   30.0000   30.000010339.5654   20.0763
    7.5000   30.0000   30.0000 9965.0156   20.0335
   -7.5000   37.5000   30.0000 9129.6367   20.1388
    0.0000   37.5000   30.0000 9494.2852   20.0976
    7.5000   37.5000   30.0000 9141.8701   20.0518
   -7.5000   45.0000   30.0000 7958.7905   19.6515
    0.0000   45.0000   30.0000 8251.9189   19.6193
    7.5000   45.0000   30.0000 7955.8950   19.5727
   -7.5000  -45.0000   37.500010047.8350   20.7336
    0.0000  -45.0000   37.500010516.2842   20.7002
    7.5000  -45.0000   37.500010068.6934   20.6454
   -7.5000  -37.5000   37.500010451.4424   20.6815
    0.0000  -37.5000   37.500010946.4951   20.6588
    7.5000  -37.5000   37.500010506.1172   20.6031
   -7.5000  -30.0000   37.500011197.5850   20.6553
    0.0000  -30.0000   37.500011715.5166   20.6348
    7.5000  -30.0000   37.500011261.0830   20.5806
   -7.5000  -22.5000   37.500011865.2783   20.6902
    0.0000  -22.5000   37.500012439.8516   20.6614
    7.5000  -22.5000   37.500011957.4883   20.6092
   -7.5000  -15.0000   37.500012472.0830   20.7495
    0.0000  -15.0000   37.500013092.4834   20.7111
    7.5000  -15.0000   37.500012601.3984   20.6569
   -7.5000   -7.5000   37.500012974.9678   20.7663
    0.0000   -7.5000   37.500013619.1738   20.7257
    7.5000   -7.5000   37.500013128.2529   20.6703
   -7.5000    0.0000   37.500013238.8223   20.7336
    0.0000    0.0000   37.500013860.3096   20.7002
    7.5000    0.0000   37.500013382.8984   20.6454
   -7.5000    7.5000   37.500012399.3799   20.6815
    0.0000    7.5000   37.500012970.4082   20.6588
    7.5000    7.5000   37.500012521.6396   20.6031
   -7.5000   15.0000   37.500011492.5508   20.6553
    0.0000   15.0000   37.500012010.6035   20.6348
    7.5000   15.0000   37.500011570.0049   20.5806
   -7.5000   22.5000   37.500010565.0381   20.6807
    0.0000   22.5000   37.500011000.7373   20.6518
    7.5000   22.5000   37.500010611.1221   20.5997
   -7.5000   30.0000   37.5000 9513.9824   20.4810
    0.0000   30.0000   37.5000 9882.2764   20.4431
    7.5000   30.0000   37.5000 9541.1074   20.3895
   -7.5000   37.5000   37.5000 8781.2891   20.4976
    0.0000   37.5000   37.5000 9096.0908   20.4575
    7.5000   37.5000   37.5000 8777.8789   20.4028
   -7.5000   45.0000   37.5000 7680.2021   19.9935
    0.0000   45.0000   37.5000 7931.0229   19.9614
    7.5000   45.0000   37.5000 7664.7334   19.9086
   -7.5000  -45.0000   45.0000 9247.7734   21.1718
    0.0000  -45.0000   45.0000 9673.7676   21.1382
    7.5000  -45.0000   45.0000 9251.5518   21.0751
   -7.5000  -37.5000   45.0000 9622.2578   21.1182
    0.0000  -37.5000   45.000010058.9824   21.0939
    7.5000  -37.5000   45.0000 9639.9229   21.0282
   -7.5000  -30.0000   45.000010325.1943   21.0883
    0.0000  -30.0000   45.000010778.2217   21.0646
    7.5000  -30.0000   45.000010338.3281   21.0005
   -7.5000  -22.5000   45.000010930.7490   21.1207
    0.0000  -22.5000   45.000011438.0000   21.0877
    7.5000  -22.5000   45.000010975.7295   21.0273
   -7.5000  -15.0000   45.000011479.2598   21.1824
    0.0000  -15.0000   45.000012004.8438   21.1409
    7.5000  -15.0000   45.000011556.9180   21.0804
   -7.5000   -7.5000   45.000011943.2334   21.2032
    0.0000   -7.5000   45.000012499.6621   21.1618
    7.5000   -7.5000   45.000012062.6025   21.1001
   -7.5000    0.0000   45.000012178.9102   21.1718
    0.0000    0.0000   45.000012730.9209   21.1382
    7.5000    0.0000   45.000012311.4902   21.0751
   -7.5000    7.5000   45.000011420.0723   21.1182
    0.0000    7.5000   45.000011916.8379   21.0939
    7.5000    7.5000   45.000011521.6113   21.0282
   -7.5000   15.0000   45.000010580.6182   21.0883
    0.0000   15.0000   45.000011015.6465   21.0646
    7.5000   15.0000   45.000010640.1738   21.0005
   -7.5000   22.5000   45.0000 9698.4355   21.1109
    0.0000   22.5000   45.000010070.1553   21.0779
    7.5000   22.5000   45.0000 9720.5107   21.0176
   -7.5000   30.0000   45.0000 8737.2246   20.9064
    0.0000   30.0000   45.0000 9065.0703   20.8655
    7.5000   30.0000   45.0000 8757.1396   20.8058
   -7.5000   37.5000   45.0000 8056.9053   20.9270
    0.0000   37.5000   45.0000 8356.9902   20.8861
    7.5000   37.5000   45.0000 8061.7910   20.8252
   -7.5000   45.0000   45.0000 7059.9839   20.4254
    0.0000   45.0000   45.0000 7323.7695   20.3930
    7.5000   45.0000   45.0000 7056.7354   20.3322

---------------------------------------------------------------------
imgreg_4dfp /opt/freesurfer/average/711-2C_as_mni_average_305 /opt/freesurfer/average/711-2B_as_mni_average_305_mask talsrcimg_g11 none talsrcimg_to_711-2C_as_mni_average_305_t4 4355
---------------------------------------------------------------------

freesurfer imgreg_4dfp.c
/opt/freesurfer/average/711-2C_as_mni_average_305.4dfp.img
       256       256       256         1
  1.000000  1.000000  1.000000
orientation T byte_order littleendian
Reading image: /opt/freesurfer/average/711-2C_as_mni_average_305.4dfp.img
dimensions:      256       256       256
mmppix:       1.0000   -1.0000   -1.0000
center:     128.0000 -129.0000 -129.0000
/opt/freesurfer/average/711-2B_as_mni_average_305_mask.4dfp.img
       256       256       256         1
  1.000000  1.000000  1.000000
orientation T byte_order littleendian
Reading mask: /opt/freesurfer/average/711-2B_as_mni_average_305_mask.4dfp.img (2306576 pixels)
talsrcimg_g11.4dfp.img
       256       256       256         1
  1.000000  1.000000  1.000000
orientation T byte_order littleendian
Reading image: talsrcimg_g11.4dfp.img
dimensions:      256       256       256
mmppix:       1.0000   -1.0000   -1.0000
center:     128.0000 -129.0000 -129.0000
rotation matrix determinant  1.000000
image alignment mode   4355 decimal     1103 hex
   -7.5000  -45.0000  -45.0000 2279.6587   17.4386
    0.0000  -45.0000  -45.0000 2290.7952   17.2681
    7.5000  -45.0000  -45.0000 2272.8459   17.4190
   -7.5000  -37.5000  -45.0000 2336.3618   16.4844
    0.0000  -37.5000  -45.0000 2352.1904   16.3606
    7.5000  -37.5000  -45.0000 2336.0103   16.4612
   -7.5000  -30.0000  -45.0000 2369.7322   15.8366
    0.0000  -30.0000  -45.0000 2386.1050   15.7418
    7.5000  -30.0000  -45.0000 2373.3455   15.8153
   -7.5000  -22.5000  -45.0000 2382.1394   15.5516
    0.0000  -22.5000  -45.0000 2401.6116   15.4077
    7.5000  -22.5000  -45.0000 2384.4663   15.4927
   -7.5000  -15.0000  -45.0000 2372.7781   15.5366
    0.0000  -15.0000  -45.0000 2394.2332   15.3490
    7.5000  -15.0000  -45.0000 2380.0854   15.4531
   -7.5000   -7.5000  -45.0000 2340.0620   15.8813
    0.0000   -7.5000  -45.0000 2364.9473   15.6646
    7.5000   -7.5000  -45.0000 2352.6375   15.7648
   -7.5000    0.0000  -45.0000 2286.0864   16.5228
    0.0000    0.0000  -45.0000 2316.3569   16.2758
    7.5000    0.0000  -45.0000 2298.4507   16.3958
   -7.5000    7.5000  -45.0000 2208.6221   17.4490
    0.0000    7.5000  -45.0000 2234.8101   17.2001
    7.5000    7.5000  -45.0000 2221.6260   17.3050
   -7.5000   15.0000  -45.0000 2113.8108   18.8212
    0.0000   15.0000  -45.0000 2138.0281   18.5243
    7.5000   15.0000  -45.0000 2123.6062   18.6837
   -7.5000   22.5000  -45.0000 2003.8303   20.8346
    0.0000   22.5000  -45.0000 2022.4171   20.4850
    7.5000   22.5000  -45.0000 2013.5748   20.6373
   -7.5000   30.0000  -45.0000 1883.7410   23.5309
    0.0000   30.0000  -45.0000 1912.9630   23.1293
    7.5000   30.0000  -45.0000 1898.5166   23.2801
   -7.5000   37.5000  -45.0000 1760.4062   27.1464
    0.0000   37.5000  -45.0000 1777.4581   26.7372
    7.5000   37.5000  -45.0000 1768.7050   26.9581
   -7.5000   45.0000  -45.0000 1623.4996   32.3967
    0.0000   45.0000  -45.0000 1640.1919   31.8286
    7.5000   45.0000  -45.0000 1628.4901   32.1380
   -7.5000  -45.0000  -37.5000 2365.6433   16.2428
    0.0000  -45.0000  -37.5000 2383.9446   16.1139
    7.5000  -45.0000  -37.5000 2358.2961   16.2313
   -7.5000  -37.5000  -37.5000 2425.5537   15.3754
    0.0000  -37.5000  -37.5000 2448.9390   15.2729
    7.5000  -37.5000  -37.5000 2426.8853   15.3259
   -7.5000  -30.0000  -37.5000 2458.1892   14.7744
    0.0000  -30.0000  -37.5000 2483.4963   14.7216
    7.5000  -30.0000  -37.5000 2464.0918   14.7529
   -7.5000  -22.5000  -37.5000 2471.6587   14.5284
    0.0000  -22.5000  -37.5000 2497.4011   14.4285
    7.5000  -22.5000  -37.5000 2479.7905   14.4812
   -7.5000  -15.0000  -37.5000 2463.6887   14.5336
    0.0000  -15.0000  -37.5000 2492.3647   14.3854
    7.5000  -15.0000  -37.5000 2474.4067   14.4579
   -7.5000   -7.5000  -37.5000 2432.4875   14.8299
    0.0000   -7.5000  -37.5000 2462.6023   14.6615
    7.5000   -7.5000  -37.5000 2448.8354   14.7396
   -7.5000    0.0000  -37.5000 2377.4639   15.3835
    0.0000    0.0000  -37.5000 2408.8086   15.1989
    7.5000    0.0000  -37.5000 2392.7390   15.2746
   -7.5000    7.5000  -37.5000 2294.8706   16.2428
    0.0000    7.5000  -37.5000 2327.0344   16.0205
    7.5000    7.5000  -37.5000 2310.0796   16.0951
   -7.5000   15.0000  -37.5000 2195.4622   17.4523
    0.0000   15.0000  -37.5000 2225.4302   17.1952
    7.5000   15.0000  -37.5000 2207.4023   17.3102
   -7.5000   22.5000  -37.5000 2076.6228   19.2654
    0.0000   22.5000  -37.5000 2097.5259   18.9474
    7.5000   22.5000  -37.5000 2087.5381   19.0781
   -7.5000   30.0000  -37.5000 1955.6936   21.7225
    0.0000   30.0000  -37.5000 1977.8009   21.3971
    7.5000   30.0000  -37.5000 1965.9659   21.5589
   -7.5000   37.5000  -37.5000 1826.1992   25.0936
    0.0000   37.5000  -37.5000 1844.6582   24.7175
    7.5000   37.5000  -37.5000 1835.4070   24.9231
   -7.5000   45.0000  -37.5000 1683.2108   29.8795
    0.0000   45.0000  -37.5000 1701.4452   29.2851
    7.5000   45.0000  -37.5000 1690.2271   29.6811
   -7.5000  -45.0000  -30.0000 2483.6519   15.6880
    0.0000  -45.0000  -30.0000 2502.5107   15.5949
    7.5000  -45.0000  -30.0000 2475.3608   15.6570
   -7.5000  -37.5000  -30.0000 2549.7690   14.8448
    0.0000  -37.5000  -30.0000 2577.3892   14.7367
    7.5000  -37.5000  -30.0000 2554.3323   14.7861
   -7.5000  -30.0000  -30.0000 2593.9583   14.2484
    0.0000  -30.0000  -30.0000 2625.9980   14.1723
    7.5000  -30.0000  -30.0000 2605.3066   14.2245
   -7.5000  -22.5000  -30.0000 2609.7593   14.0357
    0.0000  -22.5000  -30.0000 2643.2783   13.9353
    7.5000  -22.5000  -30.0000 2622.9265   14.0025
   -7.5000  -15.0000  -30.0000 2599.6975   14.0907
    0.0000  -15.0000  -30.0000 2640.9399   13.9605
    7.5000  -15.0000  -30.0000 2615.0471   14.0290
   -7.5000   -7.5000  -30.0000 2573.1631   14.3672
    0.0000   -7.5000  -30.0000 2607.3696   14.2295
    7.5000   -7.5000  -30.0000 2589.1714   14.2830
   -7.5000    0.0000  -30.0000 2514.6912   14.8860
    0.0000    0.0000  -30.0000 2545.5520   14.7376
    7.5000    0.0000  -30.0000 2527.2026   14.7788
   -7.5000    7.5000  -30.0000 2428.5688   15.6779
    0.0000    7.5000  -30.0000 2460.0371   15.4983
    7.5000    7.5000  -30.0000 2442.2280   15.5552
   -7.5000   15.0000  -30.0000 2319.4785   16.8349
    0.0000   15.0000  -30.0000 2352.4448   16.6077
    7.5000   15.0000  -30.0000 2333.4519   16.6870
   -7.5000   22.5000  -30.0000 2192.4287   18.5104
    0.0000   22.5000  -30.0000 2221.1421   18.2177
    7.5000   22.5000  -30.0000 2204.0918   18.3587
   -7.5000   30.0000  -30.0000 2058.5076   20.8191
    0.0000   30.0000  -30.0000 2081.9583   20.5129
    7.5000   30.0000  -30.0000 2071.6011   20.7111
   -7.5000   37.5000  -30.0000 1918.4076   24.0757
    0.0000   37.5000  -30.0000 1938.0452   23.6480
    7.5000   37.5000  -30.0000 1927.3878   23.8915
   -7.5000   45.0000  -30.0000 1770.1370   28.5405
    0.0000   45.0000  -30.0000 1789.6981   28.0034
    7.5000   45.0000  -30.0000 1777.6642   28.2867
   -7.5000  -45.0000  -22.5000 2567.8301   15.0388
    0.0000  -45.0000  -22.5000 2589.2405   14.8998
    7.5000  -45.0000  -22.5000 2566.2117   15.0069
   -7.5000  -37.5000  -22.5000 2647.6475   14.1872
    0.0000  -37.5000  -22.5000 2674.5149   14.0586
    7.5000  -37.5000  -22.5000 2658.1235   14.1626
   -7.5000  -30.0000  -22.5000 2702.3960   13.6250
    0.0000  -30.0000  -22.5000 2734.8269   13.5004
    7.5000  -30.0000  -22.5000 2712.5974   13.5947
   -7.5000  -22.5000  -22.5000 2725.0818   13.4479
    0.0000  -22.5000  -22.5000 2758.6064   13.3029
    7.5000  -22.5000  -22.5000 2734.2798   13.3974
   -7.5000  -15.0000  -22.5000 2716.1423   13.4985
    0.0000  -15.0000  -22.5000 2758.9971   13.3621
    7.5000  -15.0000  -22.5000 2731.8459   13.4266
   -7.5000   -7.5000  -22.5000 2685.9255   13.7794
    0.0000   -7.5000  -22.5000 2724.4006   13.6631
    7.5000   -7.5000  -22.5000 2701.0134   13.7014
   -7.5000    0.0000  -22.5000 2626.5891   14.2715
    0.0000    0.0000  -22.5000 2660.4326   14.1538
    7.5000    0.0000  -22.5000 2639.3955   14.1877
   -7.5000    7.5000  -22.5000 2534.1306   15.0158
    0.0000    7.5000  -22.5000 2572.1636   14.8569
    7.5000    7.5000  -22.5000 2548.9214   14.9248
   -7.5000   15.0000  -22.5000 2412.0405   16.1154
    0.0000   15.0000  -22.5000 2452.0637   15.9125
    7.5000   15.0000  -22.5000 2431.7271   16.0001
   -7.5000   22.5000  -22.5000 2278.4653   17.7067
    0.0000   22.5000  -22.5000 2314.0786   17.4778
    7.5000   22.5000  -22.5000 2295.4971   17.5698
   -7.5000   30.0000  -22.5000 2135.9395   19.9477
    0.0000   30.0000  -22.5000 2165.7112   19.6319
    7.5000   30.0000  -22.5000 2153.7498   19.7712
   -7.5000   37.5000  -22.5000 1988.5930   23.0002
    0.0000   37.5000  -22.5000 2009.6941   22.5337
    7.5000   37.5000  -22.5000 1994.6567   22.7301
   -7.5000   45.0000  -22.5000 1835.3539   27.1219
    0.0000   45.0000  -22.5000 1857.3678   26.5668
    7.5000   45.0000  -22.5000 1843.5657   26.8555
   -7.5000  -45.0000  -15.0000 2620.4480   14.4213
    0.0000  -45.0000  -15.0000 2647.2969   14.2950
    7.5000  -45.0000  -15.0000 2623.9231   14.4341
   -7.5000  -37.5000  -15.0000 2711.1714   13.5796
    0.0000  -37.5000  -15.0000 2739.8591   13.4371
    7.5000  -37.5000  -15.0000 2720.4163   13.5968
   -7.5000  -30.0000  -15.0000 2774.2285   13.0389
    0.0000  -30.0000  -15.0000 2812.9688   12.8607
    7.5000  -30.0000  -15.0000 2785.5007   13.0430
   -7.5000  -22.5000  -15.0000 2805.6809   12.8359
    0.0000  -22.5000  -15.0000 2844.5022   12.6592
    7.5000  -22.5000  -15.0000 2816.0364   12.8291
   -7.5000  -15.0000  -15.0000 2804.2769   12.9192
    0.0000  -15.0000  -15.0000 2846.4238   12.7659
    7.5000  -15.0000  -15.0000 2817.0198   12.8677
   -7.5000   -7.5000  -15.0000 2771.1069   13.2176
    0.0000   -7.5000  -15.0000 2817.6772   13.0805
    7.5000   -7.5000  -15.0000 2786.4822   13.1360
   -7.5000    0.0000  -15.0000 2700.4893   13.6817
    0.0000    0.0000  -15.0000 2742.8137   13.5565
    7.5000    0.0000  -15.0000 2715.3867   13.6219
   -7.5000    7.5000  -15.0000 2601.6909   14.4157
    0.0000    7.5000  -15.0000 2646.9504   14.2532
    7.5000    7.5000  -15.0000 2619.1948   14.3410
   -7.5000   15.0000  -15.0000 2480.1921   15.4567
    0.0000   15.0000  -15.0000 2514.7502   15.2795
    7.5000   15.0000  -15.0000 2493.5496   15.3617
   -7.5000   22.5000  -15.0000 2338.8352   17.0202
    0.0000   22.5000  -15.0000 2370.7668   16.7928
    7.5000   22.5000  -15.0000 2356.0808   16.9049
   -7.5000   30.0000  -15.0000 2193.1414   19.1639
    0.0000   30.0000  -15.0000 2217.4199   18.8759
    7.5000   30.0000  -15.0000 2207.5176   19.0266
   -7.5000   37.5000  -15.0000 2035.4874   22.0540
    0.0000   37.5000  -15.0000 2054.3062   21.6469
    7.5000   37.5000  -15.0000 2043.5377   21.8336
   -7.5000   45.0000  -15.0000 1876.2544   25.9022
    0.0000   45.0000  -15.0000 1897.2273   25.3584
    7.5000   45.0000  -15.0000 1884.7513   25.7089
   -7.5000  -45.0000   -7.5000 2649.0056   13.9671
    0.0000  -45.0000   -7.5000 2676.8965   13.8096
    7.5000  -45.0000   -7.5000 2657.0134   14.0302
   -7.5000  -37.5000   -7.5000 2751.9399   13.1143
    0.0000  -37.5000   -7.5000 2782.1091   12.9388
    7.5000  -37.5000   -7.5000 2759.3137   13.1781
   -7.5000  -30.0000   -7.5000 2826.7642   12.5738
    0.0000  -30.0000   -7.5000 2866.4023   12.3914
    7.5000  -30.0000   -7.5000 2835.4824   12.6196
   -7.5000  -22.5000   -7.5000 2868.6172   12.3451
    0.0000  -22.5000   -7.5000 2909.4514   12.1138
    7.5000  -22.5000   -7.5000 2877.8755   12.3887
   -7.5000  -15.0000   -7.5000 2869.0029   12.4365
    0.0000  -15.0000   -7.5000 2909.1152   12.2264
    7.5000  -15.0000   -7.5000 2882.5891   12.4209
   -7.5000   -7.5000   -7.5000 2832.3267   12.7462
    0.0000   -7.5000   -7.5000 2871.8137   12.5456
    7.5000   -7.5000   -7.5000 2845.0781   12.6819
   -7.5000    0.0000   -7.5000 2753.7920   13.2414
    0.0000    0.0000   -7.5000 2791.2981   13.0556
    7.5000    0.0000   -7.5000 2766.4141   13.1806
   -7.5000    7.5000   -7.5000 2648.6526   13.9544
    0.0000    7.5000   -7.5000 2690.3135   13.7430
    7.5000    7.5000   -7.5000 2670.1912   13.8807
   -7.5000   15.0000   -7.5000 2521.9277   15.0153
    0.0000   15.0000   -7.5000 2550.4233   14.7628
    7.5000   15.0000   -7.5000 2536.0422   14.9093
   -7.5000   22.5000   -7.5000 2378.8257   16.5466
    0.0000   22.5000   -7.5000 2404.4089   16.2766
    7.5000   22.5000   -7.5000 2388.2859   16.4177
   -7.5000   30.0000   -7.5000 2222.7329   18.6620
    0.0000   30.0000   -7.5000 2248.0486   18.3391
    7.5000   30.0000   -7.5000 2230.8142   18.5107
   -7.5000   37.5000   -7.5000 2058.3760   21.4068
    0.0000   37.5000   -7.5000 2082.6184   20.9797
    7.5000   37.5000   -7.5000 2063.8113   21.2072
   -7.5000   45.0000   -7.5000 1895.2485   24.8960
    0.0000   45.0000   -7.5000 1916.5823   24.4169
    7.5000   45.0000   -7.5000 1904.2599   24.7072
   -7.5000  -45.0000    0.0000 2661.7646   13.6727
    0.0000  -45.0000    0.0000 2687.4312   13.5224
    7.5000  -45.0000    0.0000 2666.8096   13.8278
   -7.5000  -37.5000    0.0000 2775.2517   12.8219
    0.0000  -37.5000    0.0000 2802.4922   12.6730
    7.5000  -37.5000    0.0000 2779.6504   12.9580
   -7.5000  -30.0000    0.0000 2859.8372   12.3220
    0.0000  -30.0000    0.0000 2894.5088   12.1616
    7.5000  -30.0000    0.0000 2862.0732   12.4105
   -7.5000  -22.5000    0.0000 2909.2693   12.0907
    0.0000  -22.5000    0.0000 2947.9399   11.8357
    7.5000  -22.5000    0.0000 2918.3450   12.1590
   -7.5000  -15.0000    0.0000 2907.2886   12.1555
    0.0000  -15.0000    0.0000 2945.8098   11.8790
    7.5000  -15.0000    0.0000 2919.7515   12.1949
   -7.5000   -7.5000    0.0000 2866.8479   12.4712
    0.0000   -7.5000    0.0000 2898.5332   12.2024
    7.5000   -7.5000    0.0000 2873.1755   12.4724
   -7.5000    0.0000    0.0000 2784.0261   12.9953
    0.0000    0.0000    0.0000 2814.2988   12.7168
    7.5000    0.0000    0.0000 2789.9158   12.9606
   -7.5000    7.5000    0.0000 2670.0769   13.7504
    0.0000    7.5000    0.0000 2703.4658   13.4880
    7.5000    7.5000    0.0000 2683.9067   13.6743
   -7.5000   15.0000    0.0000 2533.7527   14.8249
    0.0000   15.0000    0.0000 2564.6836   14.5643
    7.5000   15.0000    0.0000 2548.9150   14.7028
   -7.5000   22.5000    0.0000 2387.9915   16.3238
    0.0000   22.5000    0.0000 2419.2974   16.0587
    7.5000   22.5000    0.0000 2396.4771   16.1590
   -7.5000   30.0000    0.0000 2231.9270   18.3242
    0.0000   30.0000    0.0000 2262.1648   18.0491
    7.5000   30.0000    0.0000 2238.6111   18.1631
   -7.5000   37.5000    0.0000 2068.9722   20.9550
    0.0000   37.5000    0.0000 2093.5935   20.6391
    7.5000   37.5000    0.0000 2072.8105   20.7872
   -7.5000   45.0000    0.0000 1905.7728   24.4740
    0.0000   45.0000    0.0000 1922.9032   23.9967
    7.5000   45.0000    0.0000 1912.9272   24.1951
   -7.5000  -45.0000    7.5000 2662.5874   13.5190
    0.0000  -45.0000    7.5000 2686.4919   13.3679
    7.5000  -45.0000    7.5000 2662.9412   13.7674
   -7.5000  -37.5000    7.5000 2772.9529   12.7048
    0.0000  -37.5000    7.5000 2801.9604   12.5013
    7.5000  -37.5000    7.5000 2781.2571   12.8818
   -7.5000  -30.0000    7.5000 2862.9097   12.2534
    0.0000  -30.0000    7.5000 2896.9541   12.0513
    7.5000  -30.0000    7.5000 2866.6038   12.3887
   -7.5000  -22.5000    7.5000 2911.3372   12.0773
    0.0000  -22.5000    7.5000 2946.2200   11.8490
    7.5000  -22.5000    7.5000 2916.9189   12.1798
   -7.5000  -15.0000    7.5000 2905.7217   12.1246
    0.0000  -15.0000    7.5000 2943.0022   11.8854
    7.5000  -15.0000    7.5000 2917.3806   12.1655
   -7.5000   -7.5000    7.5000 2865.1748   12.3663
    0.0000   -7.5000    7.5000 2894.7161   12.1337
    7.5000   -7.5000    7.5000 2871.1887   12.3725
   -7.5000    0.0000    7.5000 2780.7334   12.8719
    0.0000    0.0000    7.5000 2811.7878   12.6647
    7.5000    0.0000    7.5000 2789.3821   12.8279
   -7.5000    7.5000    7.5000 2667.2798   13.6978
    0.0000    7.5000    7.5000 2700.3167   13.4722
    7.5000    7.5000    7.5000 2680.7004   13.5973
   -7.5000   15.0000    7.5000 2532.5317   14.8293
    0.0000   15.0000    7.5000 2562.5469   14.5941
    7.5000   15.0000    7.5000 2546.3828   14.6880
   -7.5000   22.5000    7.5000 2389.4165   16.2999
    0.0000   22.5000    7.5000 2414.2542   16.0535
    7.5000   22.5000    7.5000 2396.6624   16.1570
   -7.5000   30.0000    7.5000 2230.3535   18.2589
    0.0000   30.0000    7.5000 2255.7046   18.0024
    7.5000   30.0000    7.5000 2236.9263   18.1680
   -7.5000   37.5000    7.5000 2066.4043   20.8413
    0.0000   37.5000    7.5000 2086.9722   20.5630
    7.5000   37.5000    7.5000 2069.8118   20.7313
   -7.5000   45.0000    7.5000 1903.0157   24.2285
    0.0000   45.0000    7.5000 1919.1879   23.8948
    7.5000   45.0000    7.5000 1906.8159   24.0401
   -7.5000  -45.0000   15.0000 2640.8413   13.7003
    0.0000  -45.0000   15.0000 2664.0134   13.5560
    7.5000  -45.0000   15.0000 2639.6506   13.9908
   -7.5000  -37.5000   15.0000 2756.8547   12.8365
    0.0000  -37.5000   15.0000 2787.4939   12.6945
    7.5000  -37.5000   15.0000 2757.5500   13.0595
   -7.5000  -30.0000   15.0000 2843.5146   12.3743
    0.0000  -30.0000   15.0000 2880.5610   12.2606
    7.5000  -30.0000   15.0000 2841.8201   12.5582
   -7.5000  -22.5000   15.0000 2888.9978   12.2110
    0.0000  -22.5000   15.0000 2925.7224   12.0391
    7.5000  -22.5000   15.0000 2887.2424   12.3208
   -7.5000  -15.0000   15.0000 2883.3240   12.2772
    0.0000  -15.0000   15.0000 2922.5491   12.0982
    7.5000  -15.0000   15.0000 2889.1755   12.3235
   -7.5000   -7.5000   15.0000 2846.5251   12.6001
    0.0000   -7.5000   15.0000 2879.1943   12.4474
    7.5000   -7.5000   15.0000 2846.1870   12.5963
   -7.5000    0.0000   15.0000 2760.0698   13.1283
    0.0000    0.0000   15.0000 2792.7583   13.0016
    7.5000    0.0000   15.0000 2766.5508   13.1139
   -7.5000    7.5000   15.0000 2649.0349   13.9098
    0.0000    7.5000   15.0000 2685.2437   13.7666
    7.5000    7.5000   15.0000 2661.4685   13.8532
   -7.5000   15.0000   15.0000 2516.2749   15.0168
    0.0000   15.0000   15.0000 2544.8606   14.8332
    7.5000   15.0000   15.0000 2526.6924   14.9052
   -7.5000   22.5000   15.0000 2371.7852   16.4680
    0.0000   22.5000   15.0000 2398.0884   16.2677
    7.5000   22.5000   15.0000 2380.5381   16.3518
   -7.5000   30.0000   15.0000 2214.3582   18.3478
    0.0000   30.0000   15.0000 2241.9478   18.1069
    7.5000   30.0000   15.0000 2221.7664   18.2675
   -7.5000   37.5000   15.0000 2049.4751   20.8755
    0.0000   37.5000   15.0000 2070.3301   20.5688
    7.5000   37.5000   15.0000 2054.6335   20.7654
   -7.5000   45.0000   15.0000 1887.0660   24.2940
    0.0000   45.0000   15.0000 1896.7196   23.8590
    7.5000   45.0000   15.0000 1890.5255   24.1091
   -7.5000  -45.0000   22.5000 2616.0286   14.1715
    0.0000  -45.0000   22.5000 2638.4375   14.0601
    7.5000  -45.0000   22.5000 2607.4707   14.4258
   -7.5000  -37.5000   22.5000 2720.4849   13.2706
    0.0000  -37.5000   22.5000 2753.6252   13.1702
    7.5000  -37.5000   22.5000 2722.3381   13.4725
   -7.5000  -30.0000   22.5000 2803.2874   12.7704
    0.0000  -30.0000   22.5000 2843.9507   12.6798
    7.5000  -30.0000   22.5000 2807.1387   12.9231
   -7.5000  -22.5000   22.5000 2847.8909   12.5812
    0.0000  -22.5000   22.5000 2879.7192   12.4283
    7.5000  -22.5000   22.5000 2849.2666   12.6758
   -7.5000  -15.0000   22.5000 2840.1157   12.6977
    0.0000  -15.0000   22.5000 2879.9700   12.5983
    7.5000  -15.0000   22.5000 2846.3926   12.7580
   -7.5000   -7.5000   22.5000 2794.8574   13.0350
    0.0000   -7.5000   22.5000 2829.3687   12.9296
    7.5000   -7.5000   22.5000 2803.1951   13.0795
   -7.5000    0.0000   22.5000 2712.5347   13.5681
    0.0000    0.0000   22.5000 2745.1375   13.4449
    7.5000    0.0000   22.5000 2720.3638   13.5949
   -7.5000    7.5000   22.5000 2610.9170   14.3286
    0.0000    7.5000   22.5000 2642.0911   14.2118
    7.5000    7.5000   22.5000 2618.0686   14.3465
   -7.5000   15.0000   22.5000 2483.1379   15.4224
    0.0000   15.0000   22.5000 2512.1235   15.2620
    7.5000   15.0000   22.5000 2491.2354   15.3776
   -7.5000   22.5000   22.5000 2345.4863   16.8460
    0.0000   22.5000   22.5000 2367.2737   16.6511
    7.5000   22.5000   22.5000 2350.8459   16.7888
   -7.5000   30.0000   22.5000 2189.2615   18.7250
    0.0000   30.0000   22.5000 2210.8027   18.4573
    7.5000   30.0000   22.5000 2195.9673   18.6342
   -7.5000   37.5000   22.5000 2025.9038   21.2220
    0.0000   37.5000   22.5000 2043.8778   20.8863
    7.5000   37.5000   22.5000 2029.3203   21.0472
   -7.5000   45.0000   22.5000 1864.0918   24.4805
    0.0000   45.0000   22.5000 1876.8083   24.0691
    7.5000   45.0000   22.5000 1868.2181   24.3007
   -7.5000  -45.0000   30.0000 2579.5520   14.8457
    0.0000  -45.0000   30.0000 2600.4785   14.7413
    7.5000  -45.0000   30.0000 2570.1594   15.0701
   -7.5000  -37.5000   30.0000 2677.7913   13.8783
    0.0000  -37.5000   30.0000 2705.3916   13.7896
    7.5000  -37.5000   30.0000 2677.8325   14.0572
   -7.5000  -30.0000   30.0000 2754.2283   13.3002
    0.0000  -30.0000   30.0000 2787.3755   13.1869
    7.5000  -30.0000   30.0000 2760.6079   13.4413
   -7.5000  -22.5000   30.0000 2788.6755   13.1173
    0.0000  -22.5000   30.0000 2819.9128   13.0066
    7.5000  -22.5000   30.0000 2794.3948   13.2331
   -7.5000  -15.0000   30.0000 2776.9004   13.3097
    0.0000  -15.0000   30.0000 2810.1780   13.1830
    7.5000  -15.0000   30.0000 2787.2832   13.3693
   -7.5000   -7.5000   30.0000 2724.9475   13.6727
    0.0000   -7.5000   30.0000 2757.6157   13.5420
    7.5000   -7.5000   30.0000 2735.1602   13.7075
   -7.5000    0.0000   30.0000 2648.8816   14.2008
    0.0000    0.0000   30.0000 2675.4021   14.0967
    7.5000    0.0000   30.0000 2653.1160   14.2386
   -7.5000    7.5000   30.0000 2546.9033   14.9489
    0.0000    7.5000   30.0000 2575.4302   14.8381
    7.5000    7.5000   30.0000 2552.6663   14.9933
   -7.5000   15.0000   30.0000 2433.7617   16.0038
    0.0000   15.0000   30.0000 2457.4839   15.8669
    7.5000   15.0000   30.0000 2435.2246   16.0330
   -7.5000   22.5000   30.0000 2299.6260   17.3958
    0.0000   22.5000   30.0000 2319.3013   17.2014
    7.5000   22.5000   30.0000 2301.7532   17.4014
   -7.5000   30.0000   30.0000 2142.5979   19.2449
    0.0000   30.0000   30.0000 2161.2390   19.0295
    7.5000   30.0000   30.0000 2147.9919   19.2504
   -7.5000   37.5000   30.0000 1988.2609   21.7036
    0.0000   37.5000   30.0000 2002.4427   21.4161
    7.5000   37.5000   30.0000 1987.2783   21.6948
   -7.5000   45.0000   30.0000 1833.4277   24.9896
    0.0000   45.0000   30.0000 1844.4338   24.6257
    7.5000   45.0000   30.0000 1838.8171   24.9365
   -7.5000  -45.0000   37.5000 2533.0994   15.6656
    0.0000  -45.0000   37.5000 2555.4697   15.5195
    7.5000  -45.0000   37.5000 2523.4194   15.8080
   -7.5000  -37.5000   37.5000 2626.1836   14.6582
    0.0000  -37.5000   37.5000 2655.6797   14.5364
    7.5000  -37.5000   37.5000 2622.1692   14.7896
   -7.5000  -30.0000   37.5000 2699.6067   14.0067
    0.0000  -30.0000   37.5000 2729.0396   13.9154
    7.5000  -30.0000   37.5000 2695.6331   14.1549
   -7.5000  -22.5000   37.5000 2726.3767   13.8591
    0.0000  -22.5000   37.5000 2753.2898   13.7562
    7.5000  -22.5000   37.5000 2723.8887   13.9723
   -7.5000  -15.0000   37.5000 2702.3425   14.0322
    0.0000  -15.0000   37.5000 2734.1455   13.9035
    7.5000  -15.0000   37.5000 2713.1277   14.1032
   -7.5000   -7.5000   37.5000 2645.2246   14.3966
    0.0000   -7.5000   37.5000 2678.1167   14.2771
    7.5000   -7.5000   37.5000 2659.7415   14.4628
   -7.5000    0.0000   37.5000 2573.8425   14.9498
    0.0000    0.0000   37.5000 2598.5554   14.8366
    7.5000    0.0000   37.5000 2584.8713   15.0234
   -7.5000    7.5000   37.5000 2478.7686   15.7505
    0.0000    7.5000   37.5000 2502.1118   15.6150
    7.5000    7.5000   37.5000 2484.5808   15.7908
   -7.5000   15.0000   37.5000 2369.2290   16.7954
    0.0000   15.0000   37.5000 2390.0916   16.6658
    7.5000   15.0000   37.5000 2371.9880   16.8285
   -7.5000   22.5000   37.5000 2241.3193   18.2158
    0.0000   22.5000   37.5000 2254.6726   17.9808
    7.5000   22.5000   37.5000 2244.7576   18.1817
   -7.5000   30.0000   37.5000 2090.1768   20.1120
    0.0000   30.0000   37.5000 2099.9316   19.8220
    7.5000   30.0000   37.5000 2095.7603   20.0413
   -7.5000   37.5000   37.5000 1945.6530   22.6058
    0.0000   37.5000   37.5000 1953.5171   22.2842
    7.5000   37.5000   37.5000 1947.6482   22.5471
   -7.5000   45.0000   37.5000 1797.4507   25.9386
    0.0000   45.0000   37.5000 1802.0675   25.5792
    7.5000   45.0000   37.5000 1799.8937   25.8990
   -7.5000  -45.0000   45.0000 2473.9597   16.6774
    0.0000  -45.0000   45.0000 2493.7642   16.4976
    7.5000  -45.0000   45.0000 2464.4619   16.7539
   -7.5000  -37.5000   45.0000 2559.1248   15.6166
    0.0000  -37.5000   45.0000 2585.4626   15.4833
    7.5000  -37.5000   45.0000 2554.4709   15.7114
   -7.5000  -30.0000   45.0000 2629.0249   14.9504
    0.0000  -30.0000   45.0000 2649.1934   14.8471
    7.5000  -30.0000   45.0000 2619.1313   15.0518
   -7.5000  -22.5000   45.0000 2644.8135   14.7509
    0.0000  -22.5000   45.0000 2668.7844   14.6519
    7.5000  -22.5000   45.0000 2641.9314   14.8449
   -7.5000  -15.0000   45.0000 2620.8926   14.8816
    0.0000  -15.0000   45.0000 2645.0188   14.7632
    7.5000  -15.0000   45.0000 2627.8818   14.9481
   -7.5000   -7.5000   45.0000 2568.5635   15.2734
    0.0000   -7.5000   45.0000 2592.4712   15.1327
    7.5000   -7.5000   45.0000 2577.3599   15.3216
   -7.5000    0.0000   45.0000 2499.3308   15.8596
    0.0000    0.0000   45.0000 2516.7314   15.7328
    7.5000    0.0000   45.0000 2504.1650   15.9518
   -7.5000    7.5000   45.0000 2405.7009   16.6755
    0.0000    7.5000   45.0000 2420.8298   16.5337
    7.5000    7.5000   45.0000 2407.4370   16.7621
   -7.5000   15.0000   45.0000 2296.6631   17.7811
    0.0000   15.0000   45.0000 2311.0173   17.5963
    7.5000   15.0000   45.0000 2298.8108   17.7855
   -7.5000   22.5000   45.0000 2170.1387   19.2566
    0.0000   22.5000   45.0000 2180.4329   18.9744
    7.5000   22.5000   45.0000 2171.0750   19.1840
   -7.5000   30.0000   45.0000 2029.5074   21.1981
    0.0000   30.0000   45.0000 2041.5563   20.8955
    7.5000   30.0000   45.0000 2037.6825   21.1128
   -7.5000   37.5000   45.0000 1889.1996   23.8123
    0.0000   37.5000   45.0000 1900.3934   23.5337
    7.5000   37.5000   45.0000 1894.9692   23.7857
   -7.5000   45.0000   45.0000 1747.3008   27.3448
    0.0000   45.0000   45.0000 1758.7142   27.0001
    7.5000   45.0000   45.0000 1750.9235   27.2865

---------------------------------------------------------------------
imgreg_4dfp /opt/freesurfer/average/711-2C_as_mni_average_305 /opt/freesurfer/average/711-2B_as_mni_average_305_mask talsrcimg_g11 none talsrcimg_to_711-2C_as_mni_average_305_t4 1283
---------------------------------------------------------------------

freesurfer imgreg_4dfp.c
/opt/freesurfer/average/711-2C_as_mni_average_305.4dfp.img
       256       256       256         1
  1.000000  1.000000  1.000000
orientation T byte_order littleendian
Reading image: /opt/freesurfer/average/711-2C_as_mni_average_305.4dfp.img
dimensions:      256       256       256
mmppix:       1.0000   -1.0000   -1.0000
center:     128.0000 -129.0000 -129.0000
/opt/freesurfer/average/711-2B_as_mni_average_305_mask.4dfp.img
       256       256       256         1
  1.000000  1.000000  1.000000
orientation T byte_order littleendian
Reading mask: /opt/freesurfer/average/711-2B_as_mni_average_305_mask.4dfp.img (2306576 pixels)
talsrcimg_g11.4dfp.img
       256       256       256         1
  1.000000  1.000000  1.000000
orientation T byte_order littleendian
Reading image: talsrcimg_g11.4dfp.img
dimensions:      256       256       256
mmppix:       1.0000   -1.0000   -1.0000
center:     128.0000 -129.0000 -129.0000
rotation matrix determinant  1.000000
fimgreg.f
image alignment mode   1283 decimal      503 hex
parameters
    0.0000  -22.5000    0.0000    0.0000    0.0000    0.0000
eta,q 0.92361 11.78770
niter,ni,del,rscale     5    3   12.0000    1.2000
parameter  2 -0.713108 -> -0.500000 qaram    1.1500
parameter  3 -0.706983 -> -0.500000 qaram    1.1500
parameter  4  6.083586 ->  0.500000 qaram    1.1500
parameter  5 -0.576287 -> -0.500000 qaram    1.1500
parameters
    1.4473  -19.0500    3.4500   -3.4500    3.4500   -2.6979
eta,q 0.93374 11.64685
  0.0875  0.0909  0.0844  0.0674  0.0726  0.0679
  0.0840  0.0851  0.0807  0.0681  0.0714  0.0666
  0.0812  0.0802  0.0769  0.0698  0.0697  0.0664
  0.0788  0.0767  0.0745  0.0716  0.0685  0.0674
  0.0769  0.0750  0.0726  0.0733  0.0680  0.0694
  0.0785  0.0741  0.0719  0.0751  0.0673  0.0726
  0.0827  0.0744  0.0729  0.0765  0.0686  0.0765
niter,ni,del,rscale     7    3   12.0000    1.2000
parameters
   -0.2446  -17.6460    4.4457   -5.0342    2.3982   -4.1014
eta,q 0.93558 11.69412
  0.0710  0.0852  0.0765  0.0692  0.0698  0.0674
  0.0680  0.0777  0.0710  0.0677  0.0671  0.0655
  0.0658  0.0701  0.0668  0.0658  0.0648  0.0645
  0.0663  0.0657  0.0653  0.0655  0.0653  0.0648
  0.0697  0.0657  0.0668  0.0682  0.0670  0.0662
  0.0757  0.0690  0.0696  0.0713  0.0701  0.0686
  0.0853  0.0749  0.0704  0.0738  0.0729  0.0717
niter,ni,del,rscale     6    3   12.0000    1.2000
parameters
   -0.4815  -17.0831    4.4015   -5.4808    2.2870   -4.6229
eta,q 0.93533 11.71774
  0.0723  0.0811  0.0715  0.0690  0.0700  0.0682
  0.0687  0.0734  0.0674  0.0675  0.0676  0.0660
  0.0654  0.0669  0.0651  0.0661  0.0651  0.0648
  0.0644  0.0645  0.0646  0.0646  0.0648  0.0647
  0.0653  0.0660  0.0673  0.0652  0.0661  0.0654
  0.0681  0.0706  0.0687  0.0680  0.0678  0.0670
  0.0750  0.0762  0.0701  0.0711  0.0700  0.0696
niter,ni,del,rscale     5    3   12.0000    1.2000
parameters
   -0.6219  -16.8479    4.2632   -5.8049    2.2751   -4.9153
eta,q 0.93520 11.73630
  0.0718  0.0793  0.0711  0.0686  0.0698  0.0683
  0.0686  0.0718  0.0672  0.0672  0.0673  0.0661
  0.0655  0.0662  0.0652  0.0660  0.0649  0.0649
  0.0647  0.0647  0.0648  0.0647  0.0648  0.0648
  0.0653  0.0666  0.0671  0.0648  0.0661  0.0654
  0.0676  0.0714  0.0686  0.0671  0.0673  0.0667
  0.0738  0.0766  0.0702  0.0704  0.0694  0.0690
niter,ni,del,rscale     4    3   12.0000    1.2000
parameters
   -0.7170  -16.7075    4.1478   -6.0796    2.2638   -5.1205
eta,q 0.93511 11.75067
  0.0717  0.0785  0.0711  0.0682  0.0696  0.0684
  0.0685  0.0713  0.0673  0.0670  0.0671  0.0661
  0.0655  0.0660  0.0654  0.0659  0.0648  0.0650
  0.0648  0.0648  0.0648  0.0648  0.0649  0.0649
  0.0655  0.0667  0.0669  0.0647  0.0661  0.0654
  0.0675  0.0715  0.0686  0.0666  0.0671  0.0666
  0.0731  0.0765  0.0703  0.0699  0.0691  0.0687
niter,ni,del,rscale     3    3   12.0000    1.2000
parameters
   -0.7979  -16.6013    4.0137   -6.3276    2.2389   -5.2901
eta,q 0.93508 11.76359
  0.0716  0.0780  0.0711  0.0679  0.0693  0.0684
  0.0684  0.0710  0.0674  0.0667  0.0669  0.0661
  0.0655  0.0661  0.0655  0.0658  0.0647  0.0650
  0.0649  0.0649  0.0649  0.0649  0.0650  0.0649
  0.0656  0.0668  0.0667  0.0647  0.0661  0.0655
  0.0675  0.0715  0.0687  0.0662  0.0669  0.0666
  0.0727  0.0763  0.0705  0.0695  0.0689  0.0686
niter,ni,del,rscale     2    3   12.0000    1.2000
parameters
   -0.8537  -16.5164    3.8727   -6.5537    2.2092   -5.4227
eta,q 0.93505 11.77553
  0.0715  0.0776  0.0712  0.0676  0.0691  0.0685
  0.0682  0.0708  0.0674  0.0665  0.0668  0.0661
  0.0655  0.0661  0.0655  0.0657  0.0647  0.0650
  0.0649  0.0649  0.0649  0.0649  0.0650  0.0650
  0.0658  0.0668  0.0665  0.0647  0.0661  0.0655
  0.0675  0.0715  0.0688  0.0658  0.0667  0.0666
  0.0724  0.0760  0.0707  0.0691  0.0688  0.0685
niter,ni,del,rscale     1    3   12.0000    1.2000
parameters
   -0.8941  -16.4377    3.7538   -6.7776    2.1828   -5.5300
eta,q 0.93505 11.78477
  0.0715  0.0773  0.0713  0.0673  0.0689  0.0685
  0.0681  0.0707  0.0675  0.0663  0.0667  0.0662
  0.0654  0.0662  0.0655  0.0656  0.0647  0.0650
  0.0649  0.0649  0.0650  0.0649  0.0650  0.0650
  0.0658  0.0668  0.0664  0.0648  0.0661  0.0655
  0.0675  0.0714  0.0688  0.0657  0.0666  0.0666
  0.0721  0.0758  0.0708  0.0687  0.0686  0.0684
registration optimization eta report
parameter search radius
    6.0000    6.9000    6.9000    6.9000    6.9000    6.0000
100000*second partial in parameter space
       19.       24.       12.        7.        8.       10.
  0.0715  0.0773  0.0713  0.0673  0.0689  0.0685
  0.0681  0.0707  0.0675  0.0663  0.0667  0.0662
  0.0654  0.0662  0.0655  0.0656  0.0647  0.0650
  0.0649  0.0649  0.0650  0.0649  0.0650  0.0650
  0.0658  0.0668  0.0664  0.0648  0.0661  0.0655
  0.0675  0.0714  0.0688  0.0657  0.0666  0.0666
  0.0721  0.0758  0.0708  0.0687  0.0686  0.0684
   -0.8941  -16.4377    3.7538   -6.7776    2.1828   -5.5300
eta,q 0.93505 11.78477

---------------------------------------------------------------------
imgreg_4dfp /opt/freesurfer/average/711-2C_as_mni_average_305 /opt/freesurfer/average/711-2B_as_mni_average_305_mask talsrcimg_g11 none talsrcimg_to_711-2C_as_mni_average_305_t4 3335
---------------------------------------------------------------------

freesurfer imgreg_4dfp.c
/opt/freesurfer/average/711-2C_as_mni_average_305.4dfp.img
       256       256       256         1
  1.000000  1.000000  1.000000
orientation T byte_order littleendian
Reading image: /opt/freesurfer/average/711-2C_as_mni_average_305.4dfp.img
dimensions:      256       256       256
mmppix:       1.0000   -1.0000   -1.0000
center:     128.0000 -129.0000 -129.0000
/opt/freesurfer/average/711-2B_as_mni_average_305_mask.4dfp.img
       256       256       256         1
  1.000000  1.000000  1.000000
orientation T byte_order littleendian
Reading mask: /opt/freesurfer/average/711-2B_as_mni_average_305_mask.4dfp.img (2306576 pixels)
talsrcimg_g11.4dfp.img
       256       256       256         1
  1.000000  1.000000  1.000000
orientation T byte_order littleendian
Reading image: talsrcimg_g11.4dfp.img
dimensions:      256       256       256
mmppix:       1.0000   -1.0000   -1.0000
center:     128.0000 -129.0000 -129.0000
fimgreg.f
image alignment mode   3335 decimal      D07 hex
parameters
   -0.8941  -16.4377    3.7538   -0.5376   -1.2043   -0.7709
   10.0167   -2.6273   -9.6296   12.1112    3.8088  -11.7930
eta,q 0.93600 11.75763
niter,ni,del,rscale     5    3    5.0000    1.2000
parameter  4  6.944231 ->  0.500000 qaram    1.1500
parameter  5  2.908914 ->  0.500000 qaram    1.1500
parameter  6  0.987375 ->  0.500000 qaram    1.1500
parameter 11  0.543272 ->  0.500000 qaram    1.1500
parameter 12  3.663918 ->  0.500000 qaram    1.1500
parameters
   -1.2450  -15.7048    3.4173   -4.6776   -5.3443   -4.9109
    8.9334   -0.9848   -6.5127   12.5070   -0.3312  -15.9330
eta,q 0.94883 11.17394
  0.0655  0.0663  0.0645  0.0551  0.0521  0.0522  0.0540  0.0565  0.0547  0.0543  0.0522  0.0506
  0.0647  0.0652  0.0640  0.0582  0.0541  0.0526  0.0531  0.0549  0.0537  0.0533  0.0521  0.0510
  0.0641  0.0644  0.0638  0.0612  0.0565  0.0531  0.0527  0.0535  0.0529  0.0527  0.0521  0.0515
  0.0640  0.0640  0.0638  0.0638  0.0591  0.0547  0.0527  0.0527  0.0525  0.0523  0.0523  0.0521
  0.0645  0.0638  0.0640  0.0675  0.0622  0.0574  0.0531  0.0525  0.0523  0.0524  0.0526  0.0527
  0.0655  0.0640  0.0644  0.0713  0.0655  0.0604  0.0539  0.0530  0.0524  0.0529  0.0530  0.0533
  0.0667  0.0645  0.0649  0.0744  0.0690  0.0633  0.0550  0.0542  0.0526  0.0540  0.0536  0.0540
niter,ni,del,rscale     7    3    5.0000    1.2000
parameter  2 -0.601659 -> -0.500000 qaram    1.1500
parameter  4  1.468646 ->  0.500000 qaram    1.3225
parameter  5  2.064745 ->  0.500000 qaram    1.3225
parameter 10 -0.540004 -> -0.500000 qaram    1.1500
parameter 11 -0.504309 -> -0.500000 qaram    1.3225
parameter 12  3.775526 ->  0.500000 qaram    1.3225
parameters
   -1.1647  -14.3248    3.1421   -9.4386  -10.1053   -8.6568
    8.8473   -0.3811   -6.3258   16.6470    4.4298  -20.6940
eta,q 0.95988 10.78162
  0.0533  0.0542  0.0512  0.0452  0.0403  0.0418  0.0440  0.0451  0.0435  0.0451  0.0426  0.0395
  0.0520  0.0529  0.0508  0.0459  0.0418  0.0419  0.0429  0.0435  0.0427  0.0438  0.0421  0.0400
  0.0513  0.0519  0.0507  0.0477  0.0438  0.0421  0.0423  0.0425  0.0422  0.0427  0.0418  0.0406
  0.0512  0.0512  0.0507  0.0507  0.0463  0.0423  0.0420  0.0420  0.0420  0.0420  0.0415  0.0414
  0.0515  0.0508  0.0508  0.0538  0.0492  0.0424  0.0422  0.0421  0.0422  0.0416  0.0414  0.0422
  0.0520  0.0507  0.0511  0.0573  0.0525  0.0440  0.0430  0.0428  0.0426  0.0415  0.0414  0.0430
  0.0528  0.0509  0.0515  0.0616  0.0561  0.0477  0.0441  0.0443  0.0433  0.0419  0.0415  0.0438
niter,ni,del,rscale     7    3    5.0000    1.2000
parameter  2 -0.790785 -> -0.500000 qaram    1.3225
parameter  4  0.599791 ->  0.500000 qaram    1.5209
parameter  5  1.244506 ->  0.500000 qaram    1.5209
parameter 12  1.331153 ->  0.500000 qaram    1.5209
parameters
   -0.7166  -12.7378    3.4478  -14.9137  -15.5805  -10.4588
    8.8930    0.4340   -7.1497   18.7799    5.4342  -26.1692
eta,q 0.96820 10.33078
  0.0439  0.0459  0.0397  0.0381  0.0326  0.0343  0.0358  0.0370  0.0349  0.0381  0.0343  0.0316
  0.0421  0.0436  0.0392  0.0374  0.0333  0.0338  0.0347  0.0354  0.0341  0.0361  0.0338  0.0317
  0.0408  0.0416  0.0389  0.0374  0.0349  0.0336  0.0339  0.0342  0.0336  0.0345  0.0334  0.0322
  0.0401  0.0400  0.0387  0.0387  0.0373  0.0336  0.0335  0.0335  0.0335  0.0335  0.0332  0.0332
  0.0401  0.0390  0.0387  0.0412  0.0403  0.0341  0.0338  0.0337  0.0339  0.0332  0.0332  0.0343
  0.0407  0.0386  0.0389  0.0450  0.0440  0.0344  0.0346  0.0344  0.0346  0.0337  0.0334  0.0355
  0.0419  0.0387  0.0393  0.0484  0.0482  0.0352  0.0358  0.0358  0.0357  0.0351  0.0340  0.0367
niter,ni,del,rscale     7    3    5.0000    1.2000
parameter  5  0.506223 ->  0.500000 qaram    1.7490
parameter 12  0.713328 ->  0.500000 qaram    1.7490
parameters
   -0.3018  -11.5254    3.1399  -16.0080  -21.8769   -7.8151
    9.0313    0.9611   -7.8284   21.9062    3.6098  -32.4656
eta,q 0.97182 10.13954
  0.0359  0.0391  0.0320  0.0348  0.0312  0.0330  0.0322  0.0337  0.0313  0.0358  0.0300  0.0286
  0.0340  0.0358  0.0314  0.0331  0.0302  0.0317  0.0310  0.0319  0.0304  0.0333  0.0295  0.0282
  0.0326  0.0332  0.0311  0.0318  0.0301  0.0307  0.0302  0.0305  0.0299  0.0312  0.0293  0.0284
  0.0318  0.0317  0.0311  0.0311  0.0312  0.0301  0.0299  0.0299  0.0299  0.0298  0.0292  0.0292
  0.0317  0.0311  0.0313  0.0316  0.0335  0.0299  0.0301  0.0301  0.0302  0.0292  0.0295  0.0305
  0.0325  0.0314  0.0318  0.0336  0.0369  0.0302  0.0309  0.0310  0.0309  0.0296  0.0301  0.0321
  0.0339  0.0327  0.0326  0.0378  0.0412  0.0307  0.0320  0.0328  0.0319  0.0308  0.0309  0.0337
niter,ni,del,rscale     7    3    5.0000    1.2000
parameters
   -0.1815  -11.1092    2.5275  -15.1306  -22.8264   -7.2023
    9.3576    1.0136   -8.2223   23.8722    2.0248  -36.2147
eta,q 0.97258 10.24597
  0.0316  0.0334  0.0288  0.0330  0.0329  0.0305  0.0305  0.0315  0.0296  0.0331  0.0284  0.0287
  0.0298  0.0307  0.0283  0.0308  0.0302  0.0292  0.0291  0.0296  0.0286  0.0308  0.0279  0.0278
  0.0287  0.0289  0.0281  0.0292  0.0284  0.0283  0.0282  0.0284  0.0280  0.0290  0.0276  0.0274
  0.0282  0.0282  0.0281  0.0281  0.0279  0.0279  0.0279  0.0279  0.0279  0.0279  0.0276  0.0276
  0.0284  0.0283  0.0285  0.0278  0.0286  0.0278  0.0281  0.0282  0.0282  0.0276  0.0278  0.0285
  0.0294  0.0294  0.0292  0.0289  0.0311  0.0282  0.0289  0.0294  0.0289  0.0283  0.0285  0.0300
  0.0310  0.0311  0.0301  0.0324  0.0351  0.0302  0.0300  0.0315  0.0299  0.0299  0.0293  0.0319
niter,ni,del,rscale     6    3    5.0000    1.2000
parameters
   -0.1439  -10.8895    1.7290  -14.7091  -23.2200   -7.4956
    9.4740    1.2625   -8.2470   24.6380    1.7080  -37.6959
eta,q 0.97284 10.27548
  0.0307  0.0321  0.0278  0.0323  0.0326  0.0297  0.0296  0.0312  0.0292  0.0317  0.0282  0.0293
  0.0289  0.0295  0.0274  0.0301  0.0298  0.0285  0.0284  0.0291  0.0281  0.0295  0.0277  0.0279
  0.0278  0.0280  0.0273  0.0284  0.0279  0.0277  0.0276  0.0278  0.0274  0.0280  0.0274  0.0272
  0.0274  0.0274  0.0274  0.0273  0.0272  0.0272  0.0273  0.0273  0.0273  0.0273  0.0272  0.0272
  0.0277  0.0278  0.0278  0.0270  0.0276  0.0268  0.0276  0.0275  0.0275  0.0274  0.0273  0.0277
  0.0288  0.0290  0.0284  0.0285  0.0299  0.0279  0.0283  0.0287  0.0282  0.0285  0.0277  0.0289
  0.0305  0.0308  0.0292  0.0326  0.0338  0.0312  0.0294  0.0308  0.0291  0.0304  0.0285  0.0306
niter,ni,del,rscale     5    3    5.0000    1.2000
parameters
   -0.0723  -10.8136    1.4926  -14.6405  -23.3742   -7.6557
    9.5040    1.3673   -8.1372   24.8808    1.5372  -38.0848
eta,q 0.97283 10.27516
  0.0305  0.0314  0.0281  0.0320  0.0326  0.0299  0.0295  0.0311  0.0291  0.0312  0.0282  0.0299
  0.0287  0.0290  0.0275  0.0299  0.0299  0.0285  0.0282  0.0289  0.0281  0.0291  0.0277  0.0282
  0.0276  0.0276  0.0272  0.0283  0.0280  0.0278  0.0274  0.0276  0.0274  0.0277  0.0273  0.0274
  0.0272  0.0272  0.0272  0.0271  0.0271  0.0271  0.0272  0.0272  0.0272  0.0272  0.0272  0.0272
  0.0275  0.0276  0.0274  0.0270  0.0274  0.0267  0.0275  0.0275  0.0274  0.0275  0.0273  0.0276
  0.0285  0.0289  0.0278  0.0288  0.0297  0.0279  0.0282  0.0287  0.0280  0.0288  0.0276  0.0286
  0.0301  0.0309  0.0285  0.0330  0.0335  0.0311  0.0294  0.0310  0.0290  0.0308  0.0284  0.0301
niter,ni,del,rscale     4    3    5.0000    1.2000
parameters
   -0.0433  -10.7842    1.4309  -14.6161  -23.4241   -7.7002
    9.4874    1.4018   -8.1042   24.9581    1.4773  -38.2027
eta,q 0.97283 10.27506
  0.0304  0.0313  0.0283  0.0320  0.0327  0.0299  0.0294  0.0310  0.0291  0.0311  0.0282  0.0300
  0.0286  0.0289  0.0276  0.0299  0.0300  0.0286  0.0282  0.0289  0.0280  0.0290  0.0277  0.0283
  0.0275  0.0276  0.0273  0.0283  0.0280  0.0278  0.0274  0.0276  0.0274  0.0277  0.0273  0.0274
  0.0272  0.0272  0.0272  0.0272  0.0272  0.0272  0.0272  0.0272  0.0272  0.0272  0.0272  0.0272
  0.0275  0.0277  0.0273  0.0270  0.0274  0.0267  0.0275  0.0275  0.0274  0.0276  0.0273  0.0275
  0.0285  0.0290  0.0277  0.0288  0.0296  0.0278  0.0282  0.0288  0.0280  0.0289  0.0276  0.0285
  0.0302  0.0310  0.0284  0.0331  0.0333  0.0310  0.0294  0.0310  0.0290  0.0310  0.0283  0.0300
niter,ni,del,rscale     3    3    5.0000    1.2000
parameters
   -0.0326  -10.7716    1.4108  -14.6085  -23.4476   -7.7169
    9.4799    1.4127   -8.0889   24.9880    1.4470  -38.2360
eta,q 0.97282 10.27456
  0.0303  0.0312  0.0283  0.0320  0.0327  0.0300  0.0294  0.0310  0.0290  0.0310  0.0282  0.0301
  0.0286  0.0289  0.0276  0.0299  0.0300  0.0286  0.0282  0.0289  0.0280  0.0290  0.0277  0.0283
  0.0275  0.0275  0.0273  0.0283  0.0281  0.0278  0.0274  0.0276  0.0274  0.0277  0.0273  0.0274
  0.0272  0.0272  0.0272  0.0272  0.0272  0.0272  0.0272  0.0272  0.0272  0.0272  0.0272  0.0272
  0.0275  0.0277  0.0273  0.0270  0.0274  0.0267  0.0275  0.0275  0.0274  0.0276  0.0273  0.0275
  0.0286  0.0290  0.0277  0.0289  0.0296  0.0278  0.0282  0.0288  0.0280  0.0289  0.0276  0.0285
  0.0303  0.0310  0.0283  0.0331  0.0333  0.0310  0.0294  0.0311  0.0290  0.0310  0.0283  0.0300
registration optimization eta report
parameter search radius
    2.4000    3.1740    2.4000   10.9503   12.5928    8.2800
    7.2000    7.2000    7.2000    8.2800    9.5220   12.5928
100000*second partial in parameter space
       54.       39.       20.        5.        4.        5.
        4.        8.        4.        6.        1.        2.
  0.0303  0.0312  0.0283  0.0320  0.0327  0.0300  0.0294  0.0310  0.0290  0.0310  0.0282  0.0301
  0.0286  0.0289  0.0276  0.0299  0.0300  0.0286  0.0282  0.0289  0.0280  0.0290  0.0277  0.0283
  0.0275  0.0275  0.0273  0.0283  0.0281  0.0278  0.0274  0.0276  0.0274  0.0277  0.0273  0.0274
  0.0272  0.0272  0.0272  0.0272  0.0272  0.0272  0.0272  0.0272  0.0272  0.0272  0.0272  0.0272
  0.0275  0.0277  0.0273  0.0270  0.0274  0.0267  0.0275  0.0275  0.0274  0.0276  0.0273  0.0275
  0.0286  0.0290  0.0277  0.0289  0.0296  0.0278  0.0282  0.0288  0.0280  0.0289  0.0276  0.0285
  0.0303  0.0310  0.0283  0.0331  0.0333  0.0310  0.0294  0.0311  0.0290  0.0310  0.0283  0.0300
   -0.0326  -10.7716    1.4108  -14.6085  -23.4476   -7.7169
    9.4799    1.4127   -8.0889   24.9880    1.4470  -38.2360
eta,q 0.97282 10.27456

---------------------------------------------------------------------
imgreg_4dfp /opt/freesurfer/average/711-2C_as_mni_average_305 /opt/freesurfer/average/711-2B_as_mni_average_305_mask talsrcimg_g11 none talsrcimg_to_711-2C_as_mni_average_305_t4 2311
---------------------------------------------------------------------

freesurfer imgreg_4dfp.c
/opt/freesurfer/average/711-2C_as_mni_average_305.4dfp.img
       256       256       256         1
  1.000000  1.000000  1.000000
orientation T byte_order littleendian
Reading image: /opt/freesurfer/average/711-2C_as_mni_average_305.4dfp.img
dimensions:      256       256       256
mmppix:       1.0000   -1.0000   -1.0000
center:     128.0000 -129.0000 -129.0000
/opt/freesurfer/average/711-2B_as_mni_average_305_mask.4dfp.img
       256       256       256         1
  1.000000  1.000000  1.000000
orientation T byte_order littleendian
Reading mask: /opt/freesurfer/average/711-2B_as_mni_average_305_mask.4dfp.img (2306576 pixels)
talsrcimg_g11.4dfp.img
       256       256       256         1
  1.000000  1.000000  1.000000
orientation T byte_order littleendian
Reading image: talsrcimg_g11.4dfp.img
dimensions:      256       256       256
mmppix:       1.0000   -1.0000   -1.0000
center:     128.0000 -129.0000 -129.0000
fimgreg.f
image alignment mode   2311 decimal      907 hex
parameters
   -0.0326  -10.7716    1.4108  -14.6085  -23.4476   -7.7169
    9.4799    1.4127   -8.0889   24.9880    1.4470  -38.2360
eta,q 0.97282 10.27456
niter,ni,del,rscale     5    3    5.0000    0.8000
parameters
   -0.0258  -10.8567    1.3538  -12.5945  -22.2653   -5.9984
    9.5438    1.1756   -7.7628   25.1022    0.8213  -38.1694
eta,q 0.97366 10.46551
  0.0286  0.0281  0.0277  0.0288  0.0281  0.0282  0.0276  0.0287  0.0274  0.0280  0.0268  0.0270
  0.0278  0.0276  0.0274  0.0281  0.0275  0.0277  0.0270  0.0274  0.0269  0.0271  0.0265  0.0266
  0.0273  0.0272  0.0272  0.0276  0.0271  0.0273  0.0265  0.0266  0.0265  0.0266  0.0264  0.0264
  0.0272  0.0272  0.0272  0.0272  0.0269  0.0268  0.0264  0.0264  0.0264  0.0264  0.0264  0.0263
  0.0273  0.0273  0.0272  0.0269  0.0268  0.0264  0.0265  0.0268  0.0264  0.0265  0.0265  0.0264
  0.0278  0.0277  0.0274  0.0270  0.0269  0.0265  0.0269  0.0277  0.0267  0.0270  0.0267  0.0266
  0.0286  0.0283  0.0277  0.0274  0.0273  0.0272  0.0276  0.0291  0.0272  0.0279  0.0271  0.0269
niter,ni,del,rscale     4    3    5.0000    0.7000
parameters
   -0.1204  -10.8200    1.4296  -12.8458  -22.4805   -6.0819
    9.5008    1.1700   -7.7850   25.1972    0.8093  -38.2869
eta,q 0.97363 10.44934
  0.0275  0.0273  0.0271  0.0274  0.0270  0.0276  0.0273  0.0283  0.0271  0.0276  0.0268  0.0268
  0.0268  0.0268  0.0267  0.0269  0.0267  0.0272  0.0268  0.0272  0.0267  0.0270  0.0266  0.0265
  0.0264  0.0265  0.0264  0.0265  0.0264  0.0267  0.0265  0.0266  0.0264  0.0265  0.0264  0.0264
  0.0263  0.0263  0.0263  0.0263  0.0263  0.0264  0.0264  0.0264  0.0264  0.0264  0.0264  0.0264
  0.0266  0.0264  0.0264  0.0265  0.0264  0.0264  0.0265  0.0266  0.0265  0.0265  0.0264  0.0264
  0.0271  0.0267  0.0266  0.0270  0.0267  0.0269  0.0268  0.0272  0.0267  0.0269  0.0266  0.0266
  0.0279  0.0272  0.0269  0.0279  0.0272  0.0281  0.0273  0.0283  0.0271  0.0275  0.0268  0.0268
niter,ni,del,rscale     3    3    5.0000    0.6000
parameters
   -0.1052  -10.8078    1.4124  -12.7532  -22.4095   -5.8880
    9.4724    1.1805   -7.7690   25.2364    0.7720  -38.2711
eta,q 0.97367 10.46133
  0.0274  0.0270  0.0268  0.0273  0.0269  0.0274  0.0270  0.0278  0.0269  0.0272  0.0266  0.0267
  0.0268  0.0267  0.0266  0.0269  0.0266  0.0271  0.0267  0.0270  0.0266  0.0268  0.0265  0.0265
  0.0265  0.0264  0.0264  0.0266  0.0265  0.0267  0.0264  0.0265  0.0264  0.0265  0.0264  0.0264
  0.0264  0.0264  0.0264  0.0264  0.0264  0.0264  0.0263  0.0263  0.0263  0.0263  0.0263  0.0263
  0.0265  0.0264  0.0264  0.0264  0.0264  0.0263  0.0264  0.0265  0.0264  0.0264  0.0264  0.0264
  0.0268  0.0266  0.0266  0.0267  0.0266  0.0267  0.0267  0.0270  0.0266  0.0267  0.0265  0.0265
  0.0273  0.0270  0.0268  0.0273  0.0269  0.0275  0.0271  0.0278  0.0268  0.0272  0.0267  0.0267
niter,ni,del,rscale     2    3    5.0000    0.5000
parameters
   -0.1133  -10.8035    1.4567  -12.7003  -22.3740   -5.6627
    9.4799    1.1668   -7.7773   25.2536    0.7687  -38.1521
eta,q 0.97370 10.46996
  0.0270  0.0268  0.0267  0.0270  0.0267  0.0272  0.0268  0.0274  0.0267  0.0269  0.0265  0.0266
  0.0266  0.0265  0.0265  0.0267  0.0265  0.0269  0.0265  0.0268  0.0265  0.0266  0.0264  0.0264
  0.0264  0.0264  0.0264  0.0265  0.0264  0.0265  0.0264  0.0264  0.0263  0.0264  0.0263  0.0263
  0.0263  0.0263  0.0263  0.0263  0.0263  0.0263  0.0263  0.0263  0.0263  0.0263  0.0263  0.0263
  0.0264  0.0264  0.0264  0.0264  0.0263  0.0263  0.0263  0.0264  0.0263  0.0264  0.0263  0.0263
  0.0267  0.0265  0.0265  0.0266  0.0265  0.0266  0.0265  0.0268  0.0265  0.0266  0.0264  0.0264
  0.0270  0.0268  0.0266  0.0270  0.0267  0.0271  0.0268  0.0274  0.0267  0.0269  0.0265  0.0265
niter,ni,del,rscale     1    3    5.0000    0.4000
parameters
   -0.1274  -10.7949    1.5057  -12.6709  -22.3278   -5.4981
    9.4995    1.1468   -7.8021   25.2586    0.7544  -38.0791
eta,q 0.97372 10.47710
  0.0267  0.0266  0.0266  0.0268  0.0265  0.0269  0.0266  0.0270  0.0265  0.0267  0.0264  0.0265
  0.0265  0.0264  0.0264  0.0266  0.0264  0.0267  0.0264  0.0266  0.0264  0.0265  0.0264  0.0264
  0.0264  0.0263  0.0263  0.0264  0.0263  0.0264  0.0263  0.0264  0.0263  0.0263  0.0263  0.0263
  0.0263  0.0263  0.0263  0.0263  0.0263  0.0263  0.0263  0.0263  0.0263  0.0263  0.0263  0.0263
  0.0264  0.0263  0.0263  0.0263  0.0263  0.0263  0.0263  0.0264  0.0263  0.0263  0.0263  0.0263
  0.0265  0.0264  0.0264  0.0265  0.0264  0.0265  0.0264  0.0266  0.0264  0.0265  0.0264  0.0264
  0.0268  0.0266  0.0265  0.0268  0.0265  0.0269  0.0266  0.0270  0.0265  0.0267  0.0264  0.0264
registration optimization eta report
parameter search radius
    0.8000    0.8000    0.8000    2.4000    2.4000    2.4000
    2.4000    2.4000    2.4000    2.4000    2.4000    2.4000
100000*second partial in parameter space
       72.       45.       35.        8.        4.       10.
        6.       12.        4.        7.        3.        3.
  0.0267  0.0266  0.0266  0.0268  0.0265  0.0269  0.0266  0.0270  0.0265  0.0267  0.0264  0.0265
  0.0265  0.0264  0.0264  0.0266  0.0264  0.0267  0.0264  0.0266  0.0264  0.0265  0.0264  0.0264
  0.0264  0.0263  0.0263  0.0264  0.0263  0.0264  0.0263  0.0264  0.0263  0.0263  0.0263  0.0263
  0.0263  0.0263  0.0263  0.0263  0.0263  0.0263  0.0263  0.0263  0.0263  0.0263  0.0263  0.0263
  0.0264  0.0263  0.0263  0.0263  0.0263  0.0263  0.0263  0.0264  0.0263  0.0263  0.0263  0.0263
  0.0265  0.0264  0.0264  0.0265  0.0264  0.0265  0.0264  0.0266  0.0264  0.0265  0.0264  0.0264
  0.0268  0.0266  0.0265  0.0268  0.0265  0.0269  0.0266  0.0270  0.0265  0.0267  0.0264  0.0264
   -0.1274  -10.7949    1.5057  -12.6709  -22.3278   -5.4981
    9.4995    1.1468   -7.8021   25.2586    0.7544  -38.0791
eta,q 0.97372 10.47710

---------------------------------------------------------------------
imgreg_4dfp /opt/freesurfer/average/711-2C_as_mni_average_305 /opt/freesurfer/average/711-2B_as_mni_average_305_mask talsrcimg_g11 none talsrcimg_to_711-2C_as_mni_average_305_t4 2311
---------------------------------------------------------------------

freesurfer imgreg_4dfp.c
/opt/freesurfer/average/711-2C_as_mni_average_305.4dfp.img
       256       256       256         1
  1.000000  1.000000  1.000000
orientation T byte_order littleendian
Reading image: /opt/freesurfer/average/711-2C_as_mni_average_305.4dfp.img
dimensions:      256       256       256
mmppix:       1.0000   -1.0000   -1.0000
center:     128.0000 -129.0000 -129.0000
/opt/freesurfer/average/711-2B_as_mni_average_305_mask.4dfp.img
       256       256       256         1
  1.000000  1.000000  1.000000
orientation T byte_order littleendian
Reading mask: /opt/freesurfer/average/711-2B_as_mni_average_305_mask.4dfp.img (2306576 pixels)
talsrcimg_g11.4dfp.img
       256       256       256         1
  1.000000  1.000000  1.000000
orientation T byte_order littleendian
Reading image: talsrcimg_g11.4dfp.img
dimensions:      256       256       256
mmppix:       1.0000   -1.0000   -1.0000
center:     128.0000 -129.0000 -129.0000
fimgreg.f
image alignment mode   2311 decimal      907 hex
parameters
   -0.1274  -10.7949    1.5057  -12.6709  -22.3278   -5.4981
    9.4995    1.1468   -7.8021   25.2586    0.7544  -38.0791
eta,q 0.97372 10.47709
niter,ni,del,rscale     5    3    5.0000    0.8000
parameters
   -0.1434  -10.7786    1.5582  -13.0624  -22.6817   -6.0967
    9.4769    1.1511   -7.8198   25.2345    0.8079  -38.2171
eta,q 0.97359 10.43191
  0.0280  0.0275  0.0272  0.0276  0.0271  0.0277  0.0276  0.0288  0.0273  0.0279  0.0269  0.0269
  0.0271  0.0268  0.0267  0.0270  0.0267  0.0272  0.0270  0.0275  0.0268  0.0271  0.0266  0.0266
  0.0265  0.0264  0.0264  0.0265  0.0264  0.0267  0.0266  0.0267  0.0265  0.0266  0.0265  0.0264
  0.0263  0.0263  0.0263  0.0263  0.0263  0.0263  0.0264  0.0264  0.0264  0.0264  0.0264  0.0264
  0.0265  0.0264  0.0264  0.0265  0.0264  0.0265  0.0265  0.0267  0.0265  0.0266  0.0265  0.0265
  0.0271  0.0268  0.0267  0.0272  0.0268  0.0275  0.0269  0.0275  0.0268  0.0271  0.0266  0.0267
  0.0281  0.0274  0.0271  0.0283  0.0275  0.0292  0.0276  0.0288  0.0273  0.0280  0.0269  0.0270
niter,ni,del,rscale     4    3    5.0000    0.7000
parameters
   -0.1024  -10.7943    1.4353  -12.8550  -22.4840   -6.0826
    9.4761    1.1873   -7.7720   25.2267    0.7696  -38.3022
eta,q 0.97363 10.44946
  0.0278  0.0272  0.0269  0.0276  0.0271  0.0276  0.0273  0.0283  0.0271  0.0276  0.0268  0.0268
  0.0271  0.0268  0.0266  0.0271  0.0268  0.0272  0.0268  0.0273  0.0267  0.0269  0.0265  0.0265
  0.0266  0.0265  0.0264  0.0267  0.0265  0.0268  0.0265  0.0266  0.0264  0.0265  0.0264  0.0264
  0.0264  0.0264  0.0264  0.0264  0.0264  0.0264  0.0264  0.0264  0.0264  0.0264  0.0264  0.0264
  0.0265  0.0265  0.0265  0.0264  0.0264  0.0263  0.0265  0.0266  0.0264  0.0265  0.0264  0.0264
  0.0269  0.0268  0.0268  0.0268  0.0266  0.0269  0.0268  0.0272  0.0267  0.0269  0.0266  0.0266
  0.0276  0.0273  0.0271  0.0275  0.0271  0.0280  0.0273  0.0282  0.0270  0.0276  0.0268  0.0268
niter,ni,del,rscale     3    3    5.0000    0.6000
parameters
   -0.1017  -10.8071    1.4110  -12.7533  -22.4201   -5.8857
    9.4724    1.1906   -7.7617   25.2453    0.7673  -38.2687
eta,q 0.97367 10.46098
  0.0274  0.0270  0.0268  0.0273  0.0269  0.0274  0.0270  0.0278  0.0269  0.0272  0.0266  0.0267
  0.0268  0.0266  0.0266  0.0269  0.0266  0.0271  0.0267  0.0270  0.0266  0.0268  0.0265  0.0265
  0.0265  0.0264  0.0264  0.0266  0.0265  0.0267  0.0264  0.0265  0.0264  0.0265  0.0264  0.0264
  0.0264  0.0264  0.0264  0.0264  0.0264  0.0264  0.0263  0.0263  0.0263  0.0263  0.0263  0.0263
  0.0265  0.0264  0.0264  0.0264  0.0264  0.0263  0.0264  0.0265  0.0264  0.0264  0.0264  0.0264
  0.0268  0.0267  0.0266  0.0267  0.0266  0.0267  0.0266  0.0270  0.0266  0.0267  0.0265  0.0265
  0.0274  0.0270  0.0268  0.0273  0.0269  0.0275  0.0270  0.0278  0.0268  0.0272  0.0266  0.0267
niter,ni,del,rscale     2    3    5.0000    0.5000
parameters
   -0.1113  -10.8018    1.4531  -12.6997  -22.3699   -5.6660
    9.4760    1.1690   -7.7715   25.2507    0.7539  -38.1521
eta,q 0.97370 10.46990
  0.0270  0.0268  0.0267  0.0270  0.0267  0.0272  0.0268  0.0274  0.0267  0.0269  0.0265  0.0266
  0.0266  0.0265  0.0265  0.0267  0.0265  0.0269  0.0265  0.0268  0.0265  0.0266  0.0264  0.0264
  0.0264  0.0264  0.0264  0.0265  0.0264  0.0266  0.0264  0.0264  0.0263  0.0264  0.0263  0.0263
  0.0263  0.0263  0.0263  0.0263  0.0263  0.0263  0.0263  0.0263  0.0263  0.0263  0.0263  0.0263
  0.0264  0.0264  0.0264  0.0264  0.0263  0.0263  0.0264  0.0264  0.0263  0.0264  0.0263  0.0263
  0.0267  0.0265  0.0265  0.0266  0.0265  0.0266  0.0265  0.0268  0.0265  0.0266  0.0264  0.0264
  0.0270  0.0268  0.0266  0.0270  0.0267  0.0271  0.0268  0.0274  0.0267  0.0269  0.0265  0.0265
niter,ni,del,rscale     1    3    5.0000    0.4000
parameters
   -0.1242  -10.7934    1.5040  -12.6647  -22.3159   -5.4984
    9.4867    1.1461   -7.7902   25.2586    0.7471  -38.0579
eta,q 0.97371 10.47766
  0.0267  0.0266  0.0266  0.0268  0.0265  0.0269  0.0266  0.0270  0.0265  0.0267  0.0264  0.0265
  0.0265  0.0264  0.0264  0.0266  0.0264  0.0267  0.0264  0.0266  0.0264  0.0265  0.0264  0.0264
  0.0264  0.0263  0.0263  0.0264  0.0263  0.0264  0.0263  0.0264  0.0263  0.0263  0.0263  0.0263
  0.0263  0.0263  0.0263  0.0263  0.0263  0.0263  0.0263  0.0263  0.0263  0.0263  0.0263  0.0263
  0.0264  0.0263  0.0263  0.0263  0.0263  0.0263  0.0263  0.0264  0.0263  0.0263  0.0263  0.0263
  0.0265  0.0264  0.0264  0.0265  0.0264  0.0265  0.0264  0.0266  0.0264  0.0265  0.0264  0.0264
  0.0268  0.0266  0.0265  0.0268  0.0265  0.0269  0.0266  0.0270  0.0265  0.0267  0.0264  0.0264
registration optimization eta report
parameter search radius
    0.8000    0.8000    0.8000    2.4000    2.4000    2.4000
    2.4000    2.4000    2.4000    2.4000    2.4000    2.4000
100000*second partial in parameter space
       72.       45.       34.        8.        4.       10.
        6.       12.        4.        7.        3.        3.
  0.0267  0.0266  0.0266  0.0268  0.0265  0.0269  0.0266  0.0270  0.0265  0.0267  0.0264  0.0265
  0.0265  0.0264  0.0264  0.0266  0.0264  0.0267  0.0264  0.0266  0.0264  0.0265  0.0264  0.0264
  0.0264  0.0263  0.0263  0.0264  0.0263  0.0264  0.0263  0.0264  0.0263  0.0263  0.0263  0.0263
  0.0263  0.0263  0.0263  0.0263  0.0263  0.0263  0.0263  0.0263  0.0263  0.0263  0.0263  0.0263
  0.0264  0.0263  0.0263  0.0263  0.0263  0.0263  0.0263  0.0264  0.0263  0.0263  0.0263  0.0263
  0.0265  0.0264  0.0264  0.0265  0.0264  0.0265  0.0264  0.0266  0.0264  0.0265  0.0264  0.0264
  0.0268  0.0266  0.0265  0.0268  0.0265  0.0269  0.0266  0.0270  0.0265  0.0267  0.0264  0.0264
   -0.1242  -10.7934    1.5040  -12.6647  -22.3159   -5.4984
    9.4867    1.1461   -7.7902   25.2586    0.7471  -38.0579
eta,q 0.97371 10.47766

---------------------------------------------------------------------
compute_vox2vox talsrcimg talsrcimg_to_711-2C_as_mni_average_305_t4 /opt/freesurfer/average/711-2C_as_mni_average_305
---------------------------------------------------------------------

freesurfer compute_vox2vox.c
Reading: talsrcimg.4dfp.ifh
Reading: talsrcimg_to_711-2C_as_mni_average_305_t4
Reading: /opt/freesurfer/average/711-2C_as_mni_average_305.4dfp.ifh
Writing: talsrcimg_to_711-2C_as_mni_average_305_t4_vox2vox.txt

start time Sat Mar 14 10:30:54 CET 2026
end		time Sat Mar 14 10:31:08 CET 2026

mpr2mni305 success

avi2talxfm orig_nu.mgz /opt/freesurfer/average/mni305.cor.mgz talsrcimg_to_711-2C_as_mni_average_305_t4_vox2vox.txt transforms/talairach.auto.xfm
avi2talxfm done
mv -f /out/sourcedata/freesurfer/sub-v2s9x29172_ses-1/mri/talsrcimg_to_711-2C_as_mni_average_305_t4_vox2vox.txt /out/sourcedata/freesurfer/sub-v2s9x29172_ses-1/mri/transforms/talsrcimg_to_711-2C_as_mni_average_305_t4_vox2vox.txt
lta_convert --src orig_nu.mgz --trg /opt/freesurfer/average/mni305.cor.mgz --inxfm transforms/talairach.auto.xfm --outlta transforms/talairach.auto.xfm.lta --subject fsaverage
7.3.2

--src: orig_nu.mgz src image (geometry).
--trg: /opt/freesurfer/average/mni305.cor.mgz trg image (geometry).
--inmni: transforms/talairach.auto.xfm input MNI/XFM transform.
--outlta: transforms/talairach.auto.xfm.lta output LTA.
--s: fsaverage subject name
 LTA read, type : 1
 1.13339   0.02056  -0.12834  -1.90082;
 0.03255   0.93625   0.45470   2.02733;
 0.10307  -0.30236   1.12655   11.43173;
 0.00000   0.00000   0.00000   1.00000;
setting subject to fsaverage
Writing  LTA to file transforms/talairach.auto.xfm.lta...
lta_convert successful.
 
 
Started at Sat Mar 14 10:30:54 CET 2026
Ended   at Sat Mar 14 10:31:08 CET 2026
talairach_avi done
