/out/sourcedata/freesurfer/sub-v2s9x29159_ses-1/mri
/opt/freesurfer/bin/talairach_avi
--i orig_nu.mgz --xfm transforms/talairach.auto.xfm
talairach_avi 7.3.2
Linux dna073 5.14.0-427.37.1.el9_4.x86_64 #1 SMP PREEMPT_DYNAMIC Fri Sep 13 12:41:50 EDT 2024 x86_64 x86_64 x86_64 GNU/Linux
Sat Mar 14 10:30:54 CET 2026
mri_convert orig_nu.mgz talsrcimg.img 
reading from orig_nu.mgz...
TR=0.00, TE=0.00, TI=0.00, flip angle=0.00
i_ras = (-1, 0, 0)
j_ras = (0, 0, -1)
k_ras = (0, 1, 0)
writing to talsrcimg.img...
Analyze Output Matrix
-1.00000   0.00000   0.00000   129.66513;
 0.00000   0.00000   1.00000  -128.00000;
 0.00000  -1.00000   0.00000   130.00000;
 0.00000   0.00000   0.00000   1.00000;
--------------------
INFO: set hdr.hist.orient to -1
mpr2mni305 talsrcimg
Sat Mar 14 10:30:55 CET 2026
/opt/freesurfer/bin/mpr2mni305 talsrcimg
mpr2mni305 7.3.2
target=711-2C_as_mni_average_305

---------------------------------------------------------------------
analyzeto4dfp talsrcimg -O0 -y
---------------------------------------------------------------------

freesurfer ifh2hdr.c
Sat Mar 14 10:30:55 2026
Writing: talsrcimg.4dfp.hdr
freesurfer analyzeto4dfp.c
Reading: talsrcimg.hdr
header size 348 bytes
hdr.dime.datatype	offset=70	value=2
hdr.dime.bitpix		offset=72	value=8
hdr.hist.orient		offset=252	value=-1
dimensionality     4
dimensions       256       256       256         1
Reading: talsrcimg.img
Writing: talsrcimg.4dfp.img
Writing: talsrcimg.4dfp.ifh
ifh2hdr talsrcimg -r0to214
ori=2

---------------------------------------------------------------------
gauss_4dfp talsrcimg 1.1
---------------------------------------------------------------------

freesurfer gauss_4dfp.c
Reading: talsrcimg.4dfp.img
Writing: talsrcimg_g11.4dfp.img
image dimensions 256 256 256 padded to 288 288 288
processing volume 1freesurfer ifh2hdr.c
Sat Mar 14 10:30:56 2026
Writing: talsrcimg_g11.4dfp.hdr

Writing: talsrcimg_g11.4dfp.ifh
including: talsrcimg.4dfp.img.rec in talsrcimg_g11.4dfp.img.rec

---------------------------------------------------------------------
imgreg_4dfp /opt/freesurfer/average/711-2C_as_mni_average_305 none talsrcimg_g11 none talsrcimg_to_711-2C_as_mni_average_305_t4 4355
---------------------------------------------------------------------

freesurfer imgreg_4dfp.c
/opt/freesurfer/average/711-2C_as_mni_average_305.4dfp.img
       256       256       256         1
  1.000000  1.000000  1.000000
orientation T byte_order littleendian
Reading image: /opt/freesurfer/average/711-2C_as_mni_average_305.4dfp.img
dimensions:      256       256       256
mmppix:       1.0000   -1.0000   -1.0000
center:     128.0000 -129.0000 -129.0000
talsrcimg_g11.4dfp.img
       256       256       256         1
  1.000000  1.000000  1.000000
orientation T byte_order littleendian
Reading image: talsrcimg_g11.4dfp.img
dimensions:      256       256       256
mmppix:       1.0000   -1.0000   -1.0000
center:     128.0000 -129.0000 -129.0000
t4_read: open error in t4_sub.f l:  41 t4_file(1:l)talsrcimg_to_711-2C_as_mni_average_305_t4 
t4_read: transform initialized to I4
rotation matrix determinant  1.000000
image alignment mode   4355 decimal     1103 hex
   -7.5000  -45.0000  -45.0000 8500.5283   20.9025
    0.0000  -45.0000  -45.0000 8780.8740   20.9405
    7.5000  -45.0000  -45.0000 8323.1924   20.9274
   -7.5000  -37.5000  -45.0000 9068.1416   20.9327
    0.0000  -37.5000  -45.0000 9368.9053   20.9657
    7.5000  -37.5000  -45.0000 8875.0771   20.9512
   -7.5000  -30.0000  -45.0000 9912.2598   20.9665
    0.0000  -30.0000  -45.000010230.9990   20.9931
    7.5000  -30.0000  -45.0000 9682.5752   20.9768
   -7.5000  -22.5000  -45.000010642.5840   20.9480
    0.0000  -22.5000  -45.000011009.3652   20.9739
    7.5000  -22.5000  -45.000010419.6182   20.9584
   -7.5000  -15.0000  -45.000011302.4180   20.8983
    0.0000  -15.0000  -45.000011700.4824   20.9285
    7.5000  -15.0000  -45.000011081.7822   20.9168
   -7.5000   -7.5000  -45.000011877.8066   20.8732
    0.0000   -7.5000  -45.000012308.8760   20.9090
    7.5000   -7.5000  -45.000011681.7520   20.8977
   -7.5000    0.0000  -45.000012377.2080   20.8892
    0.0000    0.0000  -45.000012824.0127   20.9270
    7.5000    0.0000  -45.000012191.3037   20.9136
   -7.5000    7.5000  -45.000012001.7383   20.9327
    0.0000    7.5000  -45.000012387.5771   20.9657
    7.5000    7.5000  -45.000011783.8311   20.9512
   -7.5000   15.0000  -45.000011481.4551   20.9665
    0.0000   15.0000  -45.000011849.2480   20.9931
    7.5000   15.0000  -45.000011265.8516   20.9768
   -7.5000   22.5000  -45.000010736.3340   20.9451
    0.0000   22.5000  -45.000011079.7471   20.9710
    7.5000   22.5000  -45.000010523.2510   20.9555
   -7.5000   30.0000  -45.0000 9893.2773   20.6198
    0.0000   30.0000  -45.000010235.8818   20.6496
    7.5000   30.0000  -45.0000 9696.2939   20.6381
   -7.5000   37.5000  -45.0000 9366.7939   20.5951
    0.0000   37.5000  -45.0000 9670.0400   20.6304
    7.5000   37.5000  -45.0000 9170.3154   20.6192
   -7.5000   45.0000  -45.0000 8540.3340   20.0875
    0.0000   45.0000  -45.0000 8797.8203   20.1238
    7.5000   45.0000  -45.0000 8352.3330   20.1109
   -7.5000  -45.0000  -37.5000 8952.8271   20.8881
    0.0000  -45.0000  -37.5000 9274.5840   20.9256
    7.5000  -45.0000  -37.5000 8813.8613   20.9315
   -7.5000  -37.5000  -37.5000 9521.4395   20.9180
    0.0000  -37.5000  -37.5000 9869.4316   20.9510
    7.5000  -37.5000  -37.5000 9369.4248   20.9557
   -7.5000  -30.0000  -37.500010392.1035   20.9473
    0.0000  -30.0000  -37.500010748.9990   20.9721
    7.5000  -30.0000  -37.500010222.2373   20.9739
   -7.5000  -22.5000  -37.500011131.3408   20.9242
    0.0000  -22.5000  -37.500011512.5264   20.9459
    7.5000  -22.5000  -37.500010965.6855   20.9473
   -7.5000  -15.0000  -37.500011809.7344   20.8743
    0.0000  -15.0000  -37.500012209.1602   20.8996
    7.5000  -15.0000  -37.500011637.6787   20.9044
   -7.5000   -7.5000  -37.500012398.4766   20.8542
    0.0000   -7.5000  -37.500012838.7422   20.8870
    7.5000   -7.5000  -37.500012252.1436   20.8931
   -7.5000    0.0000  -37.500012922.7578   20.8749
    0.0000    0.0000  -37.500013382.0859   20.9122
    7.5000    0.0000  -37.500012754.2109   20.9179
   -7.5000    7.5000  -37.500012505.0693   20.9180
    0.0000    7.5000  -37.500012937.0273   20.9510
    7.5000    7.5000  -37.500012319.4092   20.9557
   -7.5000   15.0000  -37.500011926.5488   20.9473
    0.0000   15.0000  -37.500012328.2598   20.9721
    7.5000   15.0000  -37.500011767.5938   20.9739
   -7.5000   22.5000  -37.500011136.8496   20.9214
    0.0000   22.5000  -37.500011522.1670   20.9430
    7.5000   22.5000  -37.500010978.7432   20.9444
   -7.5000   30.0000  -37.500010257.2314   20.5961
    0.0000   30.0000  -37.500010612.2568   20.6211
    7.5000   30.0000  -37.500010104.2852   20.6259
   -7.5000   37.5000  -37.5000 9674.8701   20.5763
    0.0000   37.5000  -37.500010014.1914   20.6086
    7.5000   37.5000  -37.5000 9532.0322   20.6147
   -7.5000   45.0000  -37.5000 8789.7236   20.0737
    0.0000   45.0000  -37.5000 9093.5898   20.1096
    7.5000   45.0000  -37.5000 8657.2949   20.1150
   -7.5000  -45.0000  -30.0000 9540.5830   21.7719
    0.0000  -45.0000  -30.0000 9894.2295   21.7989
    7.5000  -45.0000  -30.0000 9400.3232   21.7986
   -7.5000  -37.5000  -30.000010134.0781   21.7961
    0.0000  -37.5000  -30.000010509.0264   21.8207
    7.5000  -37.5000  -30.0000 9970.3545   21.8198
   -7.5000  -30.0000  -30.000011035.7754   21.8142
    0.0000  -30.0000  -30.000011406.4678   21.8330
    7.5000  -30.0000  -30.000010847.2461   21.8300
   -7.5000  -22.5000  -30.000011798.0234   21.7848
    0.0000  -22.5000  -30.000012189.7090   21.8013
    7.5000  -22.5000  -30.000011636.9092   21.7990
   -7.5000  -15.0000  -30.000012504.2783   21.7399
    0.0000  -15.0000  -30.000012907.8311   21.7581
    7.5000  -15.0000  -30.000012359.9971   21.7590
   -7.5000   -7.5000  -30.000013114.0781   21.7312
    0.0000   -7.5000  -30.000013562.5342   21.7539
    7.5000   -7.5000  -30.000012977.7021   21.7547
   -7.5000    0.0000  -30.000013659.2900   21.7582
    0.0000    0.0000  -30.000014126.8350   21.7850
    7.5000    0.0000  -30.000013516.6484   21.7845
   -7.5000    7.5000  -30.000013171.3877   21.7961
    0.0000    7.5000  -30.000013625.7383   21.8207
    7.5000    7.5000  -30.000013037.6924   21.8198
   -7.5000   15.0000  -30.000012528.9053   21.8142
    0.0000   15.0000  -30.000012947.4297   21.8330
    7.5000   15.0000  -30.000012404.9717   21.8300
   -7.5000   22.5000  -30.000011699.0400   21.7796
    0.0000   22.5000  -30.000012096.8564   21.7960
    7.5000   22.5000  -30.000011548.0928   21.7937
   -7.5000   30.0000  -30.000010781.5342   21.4522
    0.0000   30.0000  -30.000011159.1357   21.4702
    7.5000   30.0000  -30.000010638.3184   21.4711
   -7.5000   37.5000  -30.000010154.9766   21.4437
    0.0000   37.5000  -30.000010524.3428   21.4661
    7.5000   37.5000  -30.000010055.6270   21.4669
   -7.5000   45.0000  -30.0000 9166.1729   20.9385
    0.0000   45.0000  -30.0000 9517.2539   20.9643
    7.5000   45.0000  -30.0000 9081.9336   20.9638
   -7.5000  -45.0000  -22.500010131.3779   22.5443
    0.0000  -45.0000  -22.500010504.5098   22.5604
    7.5000  -45.0000  -22.5000 9954.8574   22.5310
   -7.5000  -37.5000  -22.500010741.7354   22.5633
    0.0000  -37.5000  -22.500011113.7090   22.5789
    7.5000  -37.5000  -22.500010528.5186   22.5487
   -7.5000  -30.0000  -22.500011654.7881   22.5741
    0.0000  -30.0000  -22.500012030.6357   22.5881
    7.5000  -30.0000  -22.500011439.4463   22.5581
   -7.5000  -22.5000  -22.500012446.1982   22.5425
    0.0000  -22.5000  -22.500012838.1777   22.5571
    7.5000  -22.5000  -22.500012272.1348   22.5302
   -7.5000  -15.0000  -22.500013162.2480   22.5025
    0.0000  -15.0000  -22.500013572.9199   22.5176
    7.5000  -15.0000  -22.500012997.2725   22.4942
   -7.5000   -7.5000  -22.500013768.5176   22.5008
    0.0000   -7.5000  -22.500014204.8906   22.5155
    7.5000   -7.5000  -22.500013642.4805   22.4897
   -7.5000    0.0000  -22.500014353.3906   22.5301
    0.0000    0.0000  -22.500014777.6992   22.5460
    7.5000    0.0000  -22.500014175.2793   22.5164
   -7.5000    7.5000  -22.500013824.5293   22.5633
    0.0000    7.5000  -22.500014248.9619   22.5789
    7.5000    7.5000  -22.500013665.5625   22.5487
   -7.5000   15.0000  -22.500013082.1221   22.5741
    0.0000   15.0000  -22.500013505.9570   22.5881
    7.5000   15.0000  -22.500012970.8477   22.5581
   -7.5000   22.5000  -22.500012205.8945   22.5356
    0.0000   22.5000  -22.500012584.5518   22.5501
    7.5000   22.5000  -22.500012075.5068   22.5233
   -7.5000   30.0000  -22.500011246.8984   22.2082
    0.0000   30.0000  -22.500011586.7422   22.2231
    7.5000   30.0000  -22.500011124.8789   22.2000
   -7.5000   37.5000  -22.500010587.8359   22.2065
    0.0000   37.5000  -22.500010928.0957   22.2210
    7.5000   37.5000  -22.500010493.3389   22.1955
   -7.5000   45.0000  -22.5000 9536.6357   21.6976
    0.0000   45.0000  -22.5000 9879.3936   21.7129
    7.5000   45.0000  -22.5000 9460.3369   21.6844
   -7.5000  -45.0000  -15.000010698.0117   23.1017
    0.0000  -45.0000  -15.000011056.4756   23.1155
    7.5000  -45.0000  -15.000010470.8027   23.0637
   -7.5000  -37.5000  -15.000011300.8643   23.1208
    0.0000  -37.5000  -15.000011673.4404   23.1344
    7.5000  -37.5000  -15.000011059.0869   23.0818
   -7.5000  -30.0000  -15.000012234.1719   23.1358
    0.0000  -30.0000  -15.000012584.5137   23.1500
    7.5000  -30.0000  -15.000011993.3799   23.0986
   -7.5000  -22.5000  -15.000013075.0312   23.1082
    0.0000  -22.5000  -15.000013443.3691   23.1247
    7.5000  -22.5000  -15.000012847.4502   23.0771
   -7.5000  -15.0000  -15.000013769.5986   23.0684
    0.0000  -15.0000  -15.000014185.6787   23.0852
    7.5000  -15.0000  -15.000013603.3477   23.0412
   -7.5000   -7.5000  -15.000014423.0957   23.0622
    0.0000   -7.5000  -15.000014827.2402   23.0766
    7.5000   -7.5000  -15.000014272.4805   23.0294
   -7.5000    0.0000  -15.000015074.2109   23.0871
    0.0000    0.0000  -15.000015441.6943   23.1007
    7.5000    0.0000  -15.000014830.2021   23.0486
   -7.5000    7.5000  -15.000014500.7363   23.1208
    0.0000    7.5000  -15.000014878.7783   23.1344
    7.5000    7.5000  -15.000014275.4258   23.0818
   -7.5000   15.0000  -15.000013689.8213   23.1358
    0.0000   15.0000  -15.000014042.3604   23.1500
    7.5000   15.0000  -15.000013484.0010   23.0986
   -7.5000   22.5000  -15.000012701.6924   23.1001
    0.0000   22.5000  -15.000013027.0547   23.1166
    7.5000   22.5000  -15.000012536.0703   23.0689
   -7.5000   30.0000  -15.000011672.5664   22.7698
    0.0000   30.0000  -15.000011989.9600   22.7864
    7.5000   30.0000  -15.000011566.4453   22.7430
   -7.5000   37.5000  -15.000010976.7412   22.7637
    0.0000   37.5000  -15.000011309.9111   22.7780
    7.5000   37.5000  -15.000010908.7383   22.7313
   -7.5000   45.0000  -15.0000 9891.0352   22.2474
    0.0000   45.0000  -15.000010207.8359   22.2605
    7.5000   45.0000  -15.0000 9810.1123   22.2104
   -7.5000  -45.0000   -7.500011230.5312   23.3643
    0.0000  -45.0000   -7.500011608.4014   23.3912
    7.5000  -45.0000   -7.500011010.8096   23.3476
   -7.5000  -37.5000   -7.500011822.0137   23.3902
    0.0000  -37.5000   -7.500012198.9199   23.4144
    7.5000  -37.5000   -7.500011572.8174   23.3698
   -7.5000  -30.0000   -7.500012797.3311   23.4186
    0.0000  -30.0000   -7.500013140.1211   23.4407
    7.5000  -30.0000   -7.500012514.3340   23.3965
   -7.5000  -22.5000   -7.500013674.3232   23.3971
    0.0000  -22.5000   -7.500014053.4229   23.4210
    7.5000  -22.5000   -7.500013384.4355   23.3794
   -7.5000  -15.0000   -7.500014375.9609   23.3502
    0.0000  -15.0000   -7.500014782.6875   23.3766
    7.5000  -15.0000   -7.500014170.7178   23.3388
   -7.5000   -7.5000   -7.500015056.4453   23.3310
    0.0000   -7.5000   -7.500015458.4326   23.3580
    7.5000   -7.5000   -7.500014853.6465   23.3181
   -7.5000    0.0000   -7.500015729.4111   23.3495
    0.0000    0.0000   -7.500016103.6299   23.3760
    7.5000    0.0000   -7.500015465.9590   23.3322
   -7.5000    7.5000   -7.500015094.8291   23.3902
    0.0000    7.5000   -7.500015469.4307   23.4144
    7.5000    7.5000   -7.500014878.2227   23.3698
   -7.5000   15.0000   -7.500014193.6611   23.4186
    0.0000   15.0000   -7.500014525.5186   23.4407
    7.5000   15.0000   -7.500013979.3369   23.3965
   -7.5000   22.5000   -7.500013156.0039   23.3863
    0.0000   22.5000   -7.500013485.8467   23.4101
    7.5000   22.5000   -7.500012969.7383   23.3686
   -7.5000   30.0000   -7.500012069.6172   23.0473
    0.0000   30.0000   -7.500012407.2715   23.0734
    7.5000   30.0000   -7.500011944.1465   23.0361
   -7.5000   37.5000   -7.500011379.2148   23.0285
    0.0000   37.5000   -7.500011710.8750   23.0551
    7.5000   37.5000   -7.500011273.9756   23.0157
   -7.5000   45.0000   -7.500010243.9590   22.5045
    0.0000   45.0000   -7.500010557.8486   22.5301
    7.5000   45.0000   -7.500010169.6465   22.4878
   -7.5000  -45.0000    0.000011652.2744   23.3904
    0.0000  -45.0000    0.000012061.5635   23.4330
    7.5000  -45.0000    0.000011445.6025   23.4183
   -7.5000  -37.5000    0.000012248.7451   23.4242
    0.0000  -37.5000    0.000012646.8691   23.4612
    7.5000  -37.5000    0.000012003.0146   23.4450
   -7.5000  -30.0000    0.000013254.9648   23.4620
    0.0000  -30.0000    0.000013675.6807   23.4919
    7.5000  -30.0000    0.000012974.5303   23.4736
   -7.5000  -22.5000    0.000014177.6084   23.4413
    0.0000  -22.5000    0.000014595.1553   23.4703
    7.5000  -22.5000    0.000013876.5781   23.4530
   -7.5000  -15.0000    0.000014927.2744   23.3857
    0.0000  -15.0000    0.000015382.6396   23.4195
    7.5000  -15.0000    0.000014676.3232   23.4065
   -7.5000   -7.5000    0.000015644.4014   23.3577
    0.0000   -7.5000    0.000016138.1475   23.3978
    7.5000   -7.5000    0.000015446.6084   23.3850
   -7.5000    0.0000    0.000016280.0381   23.3756
    0.0000    0.0000    0.000016772.5195   23.4179
    7.5000    0.0000    0.000016071.6367   23.4029
   -7.5000    7.5000    0.000015570.3516   23.4242
    0.0000    7.5000    0.000016051.5938   23.4612
    7.5000    7.5000    0.000015422.5303   23.4450
   -7.5000   15.0000    0.000014579.7275   23.4620
    0.0000   15.0000    0.000015014.9385   23.4919
    7.5000   15.0000    0.000014425.4287   23.4736
   -7.5000   22.5000    0.000013490.7051   23.4305
    0.0000   22.5000    0.000013890.5645   23.4595
    7.5000   22.5000    0.000013345.5420   23.4422
   -7.5000   30.0000    0.000012428.0781   23.0831
    0.0000   30.0000    0.000012800.1025   23.1165
    7.5000   30.0000    0.000012269.0469   23.1035
   -7.5000   37.5000    0.000011724.3994   23.0554
    0.0000   37.5000    0.000012087.4766   23.0949
    7.5000   37.5000    0.000011592.8740   23.0824
   -7.5000   45.0000    0.000010545.2607   22.5314
    0.0000   45.0000    0.000010872.4248   22.5721
    7.5000   45.0000    0.000010417.3340   22.5577
   -7.5000  -45.0000    7.500011193.4551   23.3743
    0.0000  -45.0000    7.500011589.1240   23.4163
    7.5000  -45.0000    7.500010966.6279   23.4229
   -7.5000  -37.5000    7.500011746.1592   23.4078
    0.0000  -37.5000    7.500012139.3096   23.4448
    7.5000  -37.5000    7.500011502.0176   23.4500
   -7.5000  -30.0000    7.500012717.5869   23.4406
    0.0000  -30.0000    7.500013127.9268   23.4683
    7.5000  -30.0000    7.500012418.7129   23.4703
   -7.5000  -22.5000    7.500013575.5752   23.4148
    0.0000  -22.5000    7.500014010.7334   23.4390
    7.5000  -22.5000    7.500013280.6221   23.4406
   -7.5000  -15.0000    7.500014338.8096   23.3589
    0.0000  -15.0000    7.500014796.7949   23.3873
    7.5000  -15.0000    7.500014090.5098   23.3926
   -7.5000   -7.5000    7.500015054.4990   23.3364
    0.0000   -7.5000    7.500015610.7334   23.3731
    7.5000   -7.5000    7.500014847.7100   23.3799
   -7.5000    0.0000    7.500015631.6758   23.3596
    0.0000    0.0000    7.500016257.5479   23.4013
    7.5000    0.0000    7.500015468.8242   23.4076
   -7.5000    7.5000    7.500014956.7803   23.4078
    0.0000    7.5000    7.500015570.8818   23.4448
    7.5000    7.5000    7.500014827.5723   23.4500
   -7.5000   15.0000    7.500013992.0664   23.4406
    0.0000   15.0000    7.500014499.8662   23.4683
    7.5000   15.0000    7.500013844.1963   23.4703
   -7.5000   22.5000    7.500012946.5283   23.4040
    0.0000   22.5000    7.500013356.2773   23.4282
    7.5000   22.5000    7.500012793.7900   23.4298
   -7.5000   30.0000    7.500011938.4043   23.0566
    0.0000   30.0000    7.500012263.3809   23.0846
    7.5000   30.0000    7.500011751.6523   23.0899
   -7.5000   37.5000    7.500011241.3496   23.0344
    0.0000   37.5000    7.500011551.5020   23.0706
    7.5000   37.5000    7.500011088.7148   23.0774
   -7.5000   45.0000    7.500010086.8555   22.5159
    0.0000   45.0000    7.500010366.0518   22.5562
    7.5000   45.0000    7.5000 9938.4658   22.5623
   -7.5000  -45.0000   15.000010590.6514   23.3795
    0.0000  -45.0000   15.000010974.6992   23.4085
    7.5000  -45.0000   15.000010381.0273   23.4082
   -7.5000  -37.5000   15.000011141.1592   23.4055
    0.0000  -37.5000   15.000011529.2803   23.4319
    7.5000  -37.5000   15.000010925.3223   23.4309
   -7.5000  -30.0000   15.000012085.4551   23.4249
    0.0000  -30.0000   15.000012462.9775   23.4451
    7.5000  -30.0000   15.000011811.8105   23.4419
   -7.5000  -22.5000   15.000012888.5684   23.3934
    0.0000  -22.5000   15.000013300.8301   23.4110
    7.5000  -22.5000   15.000012631.7432   23.4086
   -7.5000  -15.0000   15.000013630.2617   23.3451
    0.0000  -15.0000   15.000014084.9932   23.3646
    7.5000  -15.0000   15.000013405.4160   23.3656
   -7.5000   -7.5000   15.000014383.7783   23.3358
    0.0000   -7.5000   15.000014855.7080   23.3602
    7.5000   -7.5000   15.000014142.2119   23.3611
   -7.5000    0.0000   15.000015012.0166   23.3648
    0.0000    0.0000   15.000015473.2861   23.3936
    7.5000    0.0000   15.000014703.5996   23.3930
   -7.5000    7.5000   15.000014396.7422   23.4055
    0.0000    7.5000   15.000014837.3105   23.4319
    7.5000    7.5000   15.000014082.1104   23.4309
   -7.5000   15.0000   15.000013435.3105   23.4249
    0.0000   15.0000   15.000013819.1436   23.4451
    7.5000   15.0000   15.000013152.6768   23.4419
   -7.5000   22.5000   15.000012407.9736   23.3826
    0.0000   22.5000   15.000012731.2480   23.4002
    7.5000   22.5000   15.000012174.6514   23.3978
   -7.5000   30.0000   15.000011404.1289   23.0430
    0.0000   30.0000   15.000011686.3105   23.0623
    7.5000   30.0000   15.000011169.5029   23.0633
   -7.5000   37.5000   15.000010730.0205   23.0338
    0.0000   37.5000   15.000010987.0225   23.0579
    7.5000   37.5000   15.000010512.6641   23.0587
   -7.5000   45.0000   15.0000 9607.2891   22.5210
    0.0000   45.0000   15.0000 9858.7236   22.5487
    7.5000   45.0000   15.0000 9414.7490   22.5482
   -7.5000  -45.0000   22.5000 9892.9766   23.4389
    0.0000  -45.0000   22.500010261.6182   23.4556
    7.5000  -45.0000   22.5000 9726.1475   23.4244
   -7.5000  -37.5000   22.500010432.1055   23.4586
    0.0000  -37.5000   22.500010822.0645   23.4748
    7.5000  -37.5000   22.500010250.3740   23.4429
   -7.5000  -30.0000   22.500011320.6074   23.4699
    0.0000  -30.0000   22.500011731.0166   23.4844
    7.5000  -30.0000   22.500011108.3311   23.4527
   -7.5000  -22.5000   22.500012123.5098   23.4370
    0.0000  -22.5000   22.500012552.9277   23.4522
    7.5000  -22.5000   22.500011890.3926   23.4237
   -7.5000  -15.0000   22.500012874.9697   23.3954
    0.0000  -15.0000   22.500013314.1777   23.4112
    7.5000  -15.0000   22.500012598.4131   23.3862
   -7.5000   -7.5000   22.500013599.0586   23.3937
    0.0000   -7.5000   22.500014040.1826   23.4090
    7.5000   -7.5000   22.500013262.6279   23.3814
   -7.5000    0.0000   22.500014150.2705   23.4241
    0.0000    0.0000   22.500014580.9014   23.4406
    7.5000    0.0000   22.500013794.2471   23.4092
   -7.5000    7.5000   22.500013573.7383   23.4586
    0.0000    7.5000   22.500013962.6230   23.4748
    7.5000    7.5000   22.500013230.9658   23.4429
   -7.5000   15.0000   22.500012695.7676   23.4699
    0.0000   15.0000   22.500013019.9023   23.4844
    7.5000   15.0000   22.500012356.9893   23.4527
   -7.5000   22.5000   22.500011743.3125   23.4262
    0.0000   22.5000   22.500012036.9512   23.4414
    7.5000   22.5000   22.500011441.2158   23.4129
   -7.5000   30.0000   22.500010795.9463   23.0927
    0.0000   30.0000   22.500011042.0547   23.1082
    7.5000   30.0000   22.500010496.8223   23.0835
   -7.5000   37.5000   22.500010151.9297   23.0910
    0.0000   37.5000   22.500010391.1709   23.1061
    7.5000   37.5000   22.5000 9880.8750   23.0788
   -7.5000   45.0000   22.5000 9092.3174   22.5782
    0.0000   45.0000   22.5000 9328.9775   22.5940
    7.5000   45.0000   22.5000 8867.2090   22.5637
   -7.5000  -45.0000   30.0000 9118.0830   23.5740
    0.0000  -45.0000   30.0000 9460.7422   23.5881
    7.5000  -45.0000   30.0000 8985.4229   23.5340
   -7.5000  -37.5000   30.0000 9642.4336   23.5936
    0.0000  -37.5000   30.0000 9998.0195   23.6074
    7.5000  -37.5000   30.0000 9474.3770   23.5525
   -7.5000  -30.0000   30.000010489.2734   23.6089
    0.0000  -30.0000   30.000010859.2051   23.6233
    7.5000  -30.0000   30.000010276.2988   23.5697
   -7.5000  -22.5000   30.000011268.2002   23.5804
    0.0000  -22.5000   30.000011647.6172   23.5973
    7.5000  -22.5000   30.000011008.0410   23.5477
   -7.5000  -15.0000   30.000011949.9082   23.5395
    0.0000  -15.0000   30.000012335.2803   23.5568
    7.5000  -15.0000   30.000011653.9492   23.5108
   -7.5000   -7.5000   30.000012596.6201   23.5333
    0.0000   -7.5000   30.000012974.7227   23.5481
    7.5000   -7.5000   30.000012255.2812   23.4988
   -7.5000    0.0000   30.000013126.0986   23.5590
    0.0000    0.0000   30.000013501.8359   23.5728
    7.5000    0.0000   30.000012772.1426   23.5185
   -7.5000    7.5000   30.000012590.2754   23.5936
    0.0000    7.5000   30.000012936.4473   23.6074
    7.5000    7.5000   30.000012257.8086   23.5525
   -7.5000   15.0000   30.000011798.0703   23.6089
    0.0000   15.0000   30.000012094.5791   23.6233
    7.5000   15.0000   30.000011480.1943   23.5697
   -7.5000   22.5000   30.000010942.0654   23.5696
    0.0000   22.5000   30.000011207.1416   23.5864
    7.5000   22.5000   30.000010643.2168   23.5368
   -7.5000   30.0000   30.000010052.0254   23.2349
    0.0000   30.0000   30.000010288.3262   23.2519
    7.5000   30.0000   30.0000 9761.8799   23.2065
   -7.5000   37.5000   30.0000 9462.8623   23.2287
    0.0000   37.5000   30.0000 9680.7861   23.2433
    7.5000   37.5000   30.0000 9185.0742   23.1946
   -7.5000   45.0000   30.0000 8486.8965   22.7081
    0.0000   45.0000   30.0000 8672.7090   22.7215
    7.5000   45.0000   30.0000 8230.3418   22.6692
   -7.5000  -45.0000   37.5000 8704.8818   23.9224
    0.0000  -45.0000   37.5000 9026.1465   23.9504
    7.5000  -45.0000   37.5000 8579.4297   23.9047
   -7.5000  -37.5000   37.5000 9185.5781   23.9495
    0.0000  -37.5000   37.5000 9535.0488   23.9746
    7.5000  -37.5000   37.5000 9037.4980   23.9280
   -7.5000  -30.0000   37.5000 9966.7500   23.9796
    0.0000  -30.0000   37.500010334.4277   24.0026
    7.5000  -30.0000   37.5000 9794.4980   23.9564
   -7.5000  -22.5000   37.500010708.6953   23.9581
    0.0000  -22.5000   37.500011095.2139   23.9828
    7.5000  -22.5000   37.500010499.8574   23.9394
   -7.5000  -15.0000   37.500011377.0684   23.9096
    0.0000  -15.0000   37.500011773.4844   23.9370
    7.5000  -15.0000   37.500011118.1631   23.8973
   -7.5000   -7.5000   37.500011984.8242   23.8889
    0.0000   -7.5000   37.500012367.3242   23.9170
    7.5000   -7.5000   37.500011684.9707   23.8751
   -7.5000    0.0000   37.500012507.2549   23.9073
    0.0000    0.0000   37.500012890.9326   23.9349
    7.5000    0.0000   37.500012195.9385   23.8890
   -7.5000    7.5000   37.500012038.3682   23.9495
    0.0000    7.5000   37.500012391.1191   23.9746
    7.5000    7.5000   37.500011726.4053   23.9280
   -7.5000   15.0000   37.500011303.6201   23.9796
    0.0000   15.0000   37.500011607.9072   24.0026
    7.5000   15.0000   37.500010994.2041   23.9564
   -7.5000   22.5000   37.500010506.6445   23.9471
    0.0000   22.5000   37.500010788.8115   23.9718
    7.5000   22.5000   37.500010225.2627   23.9284
   -7.5000   30.0000   37.5000 9650.5791   23.6002
    0.0000   30.0000   37.5000 9904.8232   23.6272
    7.5000   30.0000   37.5000 9380.7061   23.5881
   -7.5000   37.5000   37.5000 9092.5713   23.5798
    0.0000   37.5000   37.5000 9341.0908   23.6075
    7.5000   37.5000   37.5000 8832.3994   23.5662
   -7.5000   45.0000   37.5000 8154.7266   23.0439
    0.0000   45.0000   37.5000 8373.2002   23.0705
    7.5000   45.0000   37.5000 7912.3008   23.0262
   -7.5000  -45.0000   45.0000 7893.4248   24.3063
    0.0000  -45.0000   45.0000 8189.3569   24.3509
    7.5000  -45.0000   45.0000 7791.7642   24.3380
   -7.5000  -37.5000   45.0000 8322.4629   24.3443
    0.0000  -37.5000   45.0000 8647.2344   24.3838
    7.5000  -37.5000   45.0000 8224.2295   24.3687
   -7.5000  -30.0000   45.0000 9042.6992   24.3882
    0.0000  -30.0000   45.0000 9372.5352   24.4201
    7.5000  -30.0000   45.0000 8909.9062   24.4019
   -7.5000  -22.5000   45.0000 9729.2373   24.3684
    0.0000  -22.5000   45.000010073.4961   24.3985
    7.5000  -22.5000   45.0000 9560.1992   24.3811
   -7.5000  -15.0000   45.000010332.1553   24.3079
    0.0000  -15.0000   45.000010689.5049   24.3424
    7.5000  -15.0000   45.000010144.4053   24.3302
   -7.5000   -7.5000   45.000010873.1143   24.2743
    0.0000   -7.5000   45.000011236.1748   24.3154
    7.5000   -7.5000   45.000010664.7617   24.3045
   -7.5000    0.0000   45.000011369.7744   24.2910
    0.0000    0.0000   45.000011750.0518   24.3353
    7.5000    0.0000   45.000011131.0918   24.3221
   -7.5000    7.5000   45.000010989.9336   24.3443
    0.0000    7.5000   45.000011345.4756   24.3838
    7.5000    7.5000   45.000010741.4219   24.3687
   -7.5000   15.0000   45.000010335.5547   24.3882
    0.0000   15.0000   45.000010642.0225   24.4201
    7.5000   15.0000   45.000010074.5967   24.4019
   -7.5000   22.5000   45.0000 9627.0918   24.3571
    0.0000   22.5000   45.0000 9905.6719   24.3872
    7.5000   22.5000   45.0000 9381.6211   24.3698
   -7.5000   30.0000   45.0000 8850.6924   23.9912
    0.0000   30.0000   45.0000 9091.9775   24.0253
    7.5000   30.0000   45.0000 8609.4492   24.0132
   -7.5000   37.5000   45.0000 8356.6387   23.9581
    0.0000   37.5000   45.0000 8582.3809   23.9986
    7.5000   37.5000   45.0000 8116.4932   23.9879
   -7.5000   45.0000   45.0000 7485.0894   23.4243
    0.0000   45.0000   45.0000 7698.6470   23.4670
    7.5000   45.0000   45.0000 7280.0146   23.4544

---------------------------------------------------------------------
imgreg_4dfp /opt/freesurfer/average/711-2C_as_mni_average_305 /opt/freesurfer/average/711-2B_as_mni_average_305_mask talsrcimg_g11 none talsrcimg_to_711-2C_as_mni_average_305_t4 4355
---------------------------------------------------------------------

freesurfer imgreg_4dfp.c
/opt/freesurfer/average/711-2C_as_mni_average_305.4dfp.img
       256       256       256         1
  1.000000  1.000000  1.000000
orientation T byte_order littleendian
Reading image: /opt/freesurfer/average/711-2C_as_mni_average_305.4dfp.img
dimensions:      256       256       256
mmppix:       1.0000   -1.0000   -1.0000
center:     128.0000 -129.0000 -129.0000
/opt/freesurfer/average/711-2B_as_mni_average_305_mask.4dfp.img
       256       256       256         1
  1.000000  1.000000  1.000000
orientation T byte_order littleendian
Reading mask: /opt/freesurfer/average/711-2B_as_mni_average_305_mask.4dfp.img (2306576 pixels)
talsrcimg_g11.4dfp.img
       256       256       256         1
  1.000000  1.000000  1.000000
orientation T byte_order littleendian
Reading image: talsrcimg_g11.4dfp.img
dimensions:      256       256       256
mmppix:       1.0000   -1.0000   -1.0000
center:     128.0000 -129.0000 -129.0000
rotation matrix determinant  1.000000
image alignment mode   4355 decimal     1103 hex
   -7.5000  -45.0000  -45.0000 2071.0432   20.2852
    0.0000  -45.0000  -45.0000 2060.5090   20.4027
    7.5000  -45.0000  -45.0000 2024.3715   20.9695
   -7.5000  -37.5000  -45.0000 2164.4763   18.6118
    0.0000  -37.5000  -45.0000 2146.8130   18.7955
    7.5000  -37.5000  -45.0000 2112.0400   19.3218
   -7.5000  -30.0000  -45.0000 2235.4050   17.4002
    0.0000  -30.0000  -45.0000 2210.0361   17.5914
    7.5000  -30.0000  -45.0000 2171.1360   18.0529
   -7.5000  -22.5000  -45.0000 2284.2249   16.5074
    0.0000  -22.5000  -45.0000 2263.2817   16.6948
    7.5000  -22.5000  -45.0000 2218.9529   17.1414
   -7.5000  -15.0000  -45.0000 2312.9463   15.9876
    0.0000  -15.0000  -45.0000 2291.4065   16.1429
    7.5000  -15.0000  -45.0000 2243.7776   16.6179
   -7.5000   -7.5000  -45.0000 2322.1277   15.8412
    0.0000   -7.5000  -45.0000 2301.5615   16.0170
    7.5000   -7.5000  -45.0000 2249.5005   16.5223
   -7.5000    0.0000  -45.0000 2308.7517   15.9718
    0.0000    0.0000  -45.0000 2282.8462   16.1602
    7.5000    0.0000  -45.0000 2233.1997   16.6868
   -7.5000    7.5000  -45.0000 2280.4888   16.4466
    0.0000    7.5000  -45.0000 2247.2947   16.6580
    7.5000    7.5000  -45.0000 2192.5239   17.1773
   -7.5000   15.0000  -45.0000 2228.7551   17.3387
    0.0000   15.0000  -45.0000 2195.4355   17.5637
    7.5000   15.0000  -45.0000 2138.8738   18.1373
   -7.5000   22.5000  -45.0000 2153.2297   18.5778
    0.0000   22.5000  -45.0000 2122.0063   18.8637
    7.5000   22.5000  -45.0000 2069.5237   19.5245
   -7.5000   30.0000  -45.0000 2051.5408   20.2228
    0.0000   30.0000  -45.0000 2028.8247   20.5542
    7.5000   30.0000  -45.0000 1978.0353   21.2938
   -7.5000   37.5000  -45.0000 1938.9352   22.4772
    0.0000   37.5000  -45.0000 1915.2876   22.8868
    7.5000   37.5000  -45.0000 1863.9603   23.7189
   -7.5000   45.0000  -45.0000 1819.1758   25.6375
    0.0000   45.0000  -45.0000 1792.6558   26.0413
    7.5000   45.0000  -45.0000 1745.8206   27.0276
   -7.5000  -45.0000  -37.5000 2142.9771   18.8064
    0.0000  -45.0000  -37.5000 2134.8467   18.9023
    7.5000  -45.0000  -37.5000 2102.6326   19.4942
   -7.5000  -37.5000  -37.5000 2237.7271   17.2661
    0.0000  -37.5000  -37.5000 2228.0425   17.3716
    7.5000  -37.5000  -37.5000 2187.8794   17.9001
   -7.5000  -30.0000  -37.5000 2316.9414   16.1094
    0.0000  -30.0000  -37.5000 2299.3608   16.2239
    7.5000  -30.0000  -37.5000 2257.7097   16.7142
   -7.5000  -22.5000  -37.5000 2375.5835   15.2882
    0.0000  -22.5000  -37.5000 2352.9854   15.4047
    7.5000  -22.5000  -37.5000 2312.4756   15.8610
   -7.5000  -15.0000  -37.5000 2411.9849   14.8235
    0.0000  -15.0000  -37.5000 2390.0403   14.9468
    7.5000  -15.0000  -37.5000 2340.3779   15.4023
   -7.5000   -7.5000  -37.5000 2428.5911   14.7106
    0.0000   -7.5000  -37.5000 2404.1245   14.8499
    7.5000   -7.5000  -37.5000 2350.4763   15.2960
   -7.5000    0.0000  -37.5000 2417.9233   14.8920
    0.0000    0.0000  -37.5000 2388.3181   15.0169
    7.5000    0.0000  -37.5000 2331.7268   15.4743
   -7.5000    7.5000  -37.5000 2386.2583   15.3542
    0.0000    7.5000  -37.5000 2353.1421   15.4963
    7.5000    7.5000  -37.5000 2294.0457   15.9539
   -7.5000   15.0000  -37.5000 2326.7227   16.1736
    0.0000   15.0000  -37.5000 2297.1401   16.3440
    7.5000   15.0000  -37.5000 2240.8074   16.8081
   -7.5000   22.5000  -37.5000 2245.3579   17.3200
    0.0000   22.5000  -37.5000 2217.1787   17.5378
    7.5000   22.5000  -37.5000 2162.8149   18.0584
   -7.5000   30.0000  -37.5000 2132.1953   18.8527
    0.0000   30.0000  -37.5000 2110.1907   19.1061
    7.5000   30.0000  -37.5000 2058.2114   19.7296
   -7.5000   37.5000  -37.5000 2005.0792   20.9109
    0.0000   37.5000  -37.5000 1986.8712   21.2720
    7.5000   37.5000  -37.5000 1941.4805   21.9965
   -7.5000   45.0000  -37.5000 1872.2941   23.7003
    0.0000   45.0000  -37.5000 1859.8070   24.1123
    7.5000   45.0000  -37.5000 1818.1074   25.0589
   -7.5000  -45.0000  -30.0000 2246.6807   18.2511
    0.0000  -45.0000  -30.0000 2240.9863   18.2738
    7.5000  -45.0000  -30.0000 2208.8003   18.8159
   -7.5000  -37.5000  -30.0000 2354.5579   16.6958
    0.0000  -37.5000  -30.0000 2344.8010   16.7390
    7.5000  -37.5000  -30.0000 2300.5190   17.2665
   -7.5000  -30.0000  -30.0000 2440.9785   15.5848
    0.0000  -30.0000  -30.0000 2425.5381   15.6157
    7.5000  -30.0000  -30.0000 2379.4978   16.1202
   -7.5000  -22.5000  -30.0000 2509.4282   14.7919
    0.0000  -22.5000  -30.0000 2491.1201   14.8184
    7.5000  -22.5000  -30.0000 2443.2947   15.2827
   -7.5000  -15.0000  -30.0000 2559.7922   14.3235
    0.0000  -15.0000  -30.0000 2538.1489   14.3653
    7.5000  -15.0000  -30.0000 2484.3438   14.8424
   -7.5000   -7.5000  -30.0000 2582.3599   14.2207
    0.0000   -7.5000  -30.0000 2557.8535   14.3048
    7.5000   -7.5000  -30.0000 2495.6375   14.7389
   -7.5000    0.0000  -30.0000 2572.2402   14.4626
    0.0000    0.0000  -30.0000 2544.3291   14.5285
    7.5000    0.0000  -30.0000 2484.8689   14.9402
   -7.5000    7.5000  -30.0000 2536.0967   14.9537
    0.0000    7.5000  -30.0000 2506.1135   15.0381
    7.5000    7.5000  -30.0000 2440.7681   15.4395
   -7.5000   15.0000  -30.0000 2467.3511   15.7308
    0.0000   15.0000  -30.0000 2441.5142   15.8469
    7.5000   15.0000  -30.0000 2375.3608   16.2380
   -7.5000   22.5000  -30.0000 2373.1621   16.8237
    0.0000   22.5000  -30.0000 2347.6497   16.9622
    7.5000   22.5000  -30.0000 2286.0657   17.4169
   -7.5000   30.0000  -30.0000 2250.6829   18.3057
    0.0000   30.0000  -30.0000 2229.3689   18.4904
    7.5000   30.0000  -30.0000 2173.6819   19.0286
   -7.5000   37.5000  -30.0000 2114.5410   20.3194
    0.0000   37.5000  -30.0000 2095.3169   20.5408
    7.5000   37.5000  -30.0000 2048.8535   21.2185
   -7.5000   45.0000  -30.0000 1967.3308   23.0089
    0.0000   45.0000  -30.0000 1956.0597   23.2943
    7.5000   45.0000  -30.0000 1911.7012   24.0808
   -7.5000  -45.0000  -22.5000 2320.3662   17.6516
    0.0000  -45.0000  -22.5000 2317.8225   17.6576
    7.5000  -45.0000  -22.5000 2282.0366   18.0857
   -7.5000  -37.5000  -22.5000 2440.2578   16.1326
    0.0000  -37.5000  -22.5000 2426.7554   16.1350
    7.5000  -37.5000  -22.5000 2385.2715   16.5662
   -7.5000  -30.0000  -22.5000 2533.1792   15.0400
    0.0000  -30.0000  -22.5000 2519.3765   14.9969
    7.5000  -30.0000  -22.5000 2473.3799   15.4395
   -7.5000  -22.5000  -22.5000 2616.4136   14.2438
    0.0000  -22.5000  -22.5000 2602.0776   14.2331
    7.5000  -22.5000  -22.5000 2552.6838   14.6741
   -7.5000  -15.0000  -22.5000 2680.2808   13.8075
    0.0000  -15.0000  -22.5000 2661.3137   13.7929
    7.5000  -15.0000  -22.5000 2601.0498   14.2542
   -7.5000   -7.5000  -22.5000 2701.3059   13.7447
    0.0000   -7.5000  -22.5000 2681.4360   13.7531
    7.5000   -7.5000  -22.5000 2620.0193   14.1853
   -7.5000    0.0000  -22.5000 2699.2515   13.9990
    0.0000    0.0000  -22.5000 2673.8469   14.0113
    7.5000    0.0000  -22.5000 2603.8779   14.3802
   -7.5000    7.5000  -22.5000 2655.8511   14.5263
    0.0000    7.5000  -22.5000 2631.2551   14.5368
    7.5000    7.5000  -22.5000 2556.0820   14.8756
   -7.5000   15.0000  -22.5000 2573.9854   15.2579
    0.0000   15.0000  -22.5000 2552.1389   15.2948
    7.5000   15.0000  -22.5000 2481.2461   15.6453
   -7.5000   22.5000  -22.5000 2466.3872   16.2711
    0.0000   22.5000  -22.5000 2444.6689   16.3589
    7.5000   22.5000  -22.5000 2384.5618   16.7678
   -7.5000   30.0000  -22.5000 2335.1821   17.7149
    0.0000   30.0000  -22.5000 2311.0833   17.8599
    7.5000   30.0000  -22.5000 2263.3560   18.3291
   -7.5000   37.5000  -22.5000 2192.3625   19.6622
    0.0000   37.5000  -22.5000 2173.8315   19.8392
    7.5000   37.5000  -22.5000 2126.3279   20.4028
   -7.5000   45.0000  -22.5000 2037.1699   22.2764
    0.0000   45.0000  -22.5000 2026.9396   22.4522
    7.5000   45.0000  -22.5000 1978.8234   23.1286
   -7.5000  -45.0000  -15.0000 2362.9795   17.0936
    0.0000  -45.0000  -15.0000 2361.3657   17.0757
    7.5000  -45.0000  -15.0000 2323.4180   17.4965
   -7.5000  -37.5000  -15.0000 2486.6506   15.6040
    0.0000  -37.5000  -15.0000 2481.4233   15.5786
    7.5000  -37.5000  -15.0000 2439.7866   15.9699
   -7.5000  -30.0000  -15.0000 2595.7261   14.5143
    0.0000  -30.0000  -15.0000 2582.6597   14.4853
    7.5000  -30.0000  -15.0000 2540.5332   14.8629
   -7.5000  -22.5000  -15.0000 2693.8843   13.7545
    0.0000  -22.5000  -15.0000 2678.1904   13.7365
    7.5000  -22.5000  -15.0000 2629.7490   14.1524
   -7.5000  -15.0000  -15.0000 2768.1538   13.3619
    0.0000  -15.0000  -15.0000 2745.9863   13.3260
    7.5000  -15.0000  -15.0000 2687.7297   13.7678
   -7.5000   -7.5000  -15.0000 2797.9866   13.3253
    0.0000   -7.5000  -15.0000 2777.2676   13.3024
    7.5000   -7.5000  -15.0000 2709.4539   13.7037
   -7.5000    0.0000  -15.0000 2792.9807   13.5723
    0.0000    0.0000  -15.0000 2774.5876   13.5496
    7.5000    0.0000  -15.0000 2694.4470   13.9544
   -7.5000    7.5000  -15.0000 2732.7637   14.0913
    0.0000    7.5000  -15.0000 2716.4792   14.0643
    7.5000    7.5000  -15.0000 2641.1543   14.4166
   -7.5000   15.0000  -15.0000 2640.1802   14.8066
    0.0000   15.0000  -15.0000 2619.6907   14.8283
    7.5000   15.0000  -15.0000 2551.5957   15.1403
   -7.5000   22.5000  -15.0000 2522.6233   15.7595
    0.0000   22.5000  -15.0000 2501.1453   15.8372
    7.5000   22.5000  -15.0000 2443.4814   16.2037
   -7.5000   30.0000  -15.0000 2384.4331   17.1294
    0.0000   30.0000  -15.0000 2367.0664   17.2557
    7.5000   30.0000  -15.0000 2316.0437   17.7240
   -7.5000   37.5000  -15.0000 2234.9031   19.0355
    0.0000   37.5000  -15.0000 2221.8789   19.1981
    7.5000   37.5000  -15.0000 2170.9023   19.7197
   -7.5000   45.0000  -15.0000 2075.3176   21.5011
    0.0000   45.0000  -15.0000 2064.2444   21.7048
    7.5000   45.0000  -15.0000 2015.7358   22.2826
   -7.5000  -45.0000   -7.5000 2384.0305   16.6461
    0.0000  -45.0000   -7.5000 2383.5901   16.6713
    7.5000  -45.0000   -7.5000 2352.7629   17.1162
   -7.5000  -37.5000   -7.5000 2512.5312   15.1929
    0.0000  -37.5000   -7.5000 2509.9553   15.1920
    7.5000  -37.5000   -7.5000 2471.4690   15.5930
   -7.5000  -30.0000   -7.5000 2631.5833   14.1128
    0.0000  -30.0000   -7.5000 2619.1768   14.1136
    7.5000  -30.0000   -7.5000 2576.1313   14.5030
   -7.5000  -22.5000   -7.5000 2741.3115   13.3972
    0.0000  -22.5000   -7.5000 2726.6023   13.3976
    7.5000  -22.5000   -7.5000 2671.2515   13.7998
   -7.5000  -15.0000   -7.5000 2828.0103   13.0233
    0.0000  -15.0000   -7.5000 2807.5049   13.0159
    7.5000  -15.0000   -7.5000 2740.9482   13.4245
   -7.5000   -7.5000   -7.5000 2873.0444   12.9193
    0.0000   -7.5000   -7.5000 2850.3342   12.9362
    7.5000   -7.5000   -7.5000 2769.3594   13.3700
   -7.5000    0.0000   -7.5000 2857.5798   13.1936
    0.0000    0.0000   -7.5000 2838.5581   13.1659
    7.5000    0.0000   -7.5000 2751.3459   13.6157
   -7.5000    7.5000   -7.5000 2781.0266   13.6887
    0.0000    7.5000   -7.5000 2766.7727   13.6853
    7.5000    7.5000   -7.5000 2692.2488   14.0884
   -7.5000   15.0000   -7.5000 2672.8506   14.3738
    0.0000   15.0000   -7.5000 2657.6113   14.4299
    7.5000   15.0000   -7.5000 2590.5605   14.8263
   -7.5000   22.5000   -7.5000 2552.8501   15.3224
    0.0000   22.5000   -7.5000 2535.4009   15.4183
    7.5000   22.5000   -7.5000 2476.1746   15.8284
   -7.5000   30.0000   -7.5000 2408.1238   16.6577
    0.0000   30.0000   -7.5000 2389.3611   16.8054
    7.5000   30.0000   -7.5000 2340.8765   17.2762
   -7.5000   37.5000   -7.5000 2255.2632   18.4440
    0.0000   37.5000   -7.5000 2240.5056   18.6614
    7.5000   37.5000   -7.5000 2190.4382   19.1755
   -7.5000   45.0000   -7.5000 2092.3574   20.7930
    0.0000   45.0000   -7.5000 2081.4705   21.0421
    7.5000   45.0000   -7.5000 2039.5443   21.6395
   -7.5000  -45.0000    0.0000 2385.2329   16.4867
    0.0000  -45.0000    0.0000 2387.8274   16.5901
    7.5000  -45.0000    0.0000 2363.3000   17.0391
   -7.5000  -37.5000    0.0000 2513.1382   15.0417
    0.0000  -37.5000    0.0000 2512.8311   15.1075
    7.5000  -37.5000    0.0000 2479.1826   15.5213
   -7.5000  -30.0000    0.0000 2639.9592   13.9826
    0.0000  -30.0000    0.0000 2637.5212   14.0347
    7.5000  -30.0000    0.0000 2590.2107   14.4312
   -7.5000  -22.5000    0.0000 2759.1821   13.2733
    0.0000  -22.5000    0.0000 2753.5540   13.3283
    7.5000  -22.5000    0.0000 2695.7576   13.7005
   -7.5000  -15.0000    0.0000 2853.1782   12.8747
    0.0000  -15.0000    0.0000 2838.8909   12.9042
    7.5000  -15.0000    0.0000 2766.8828   13.3141
   -7.5000   -7.5000    0.0000 2900.7236   12.7892
    0.0000   -7.5000    0.0000 2878.5369   12.8361
    7.5000   -7.5000    0.0000 2797.5908   13.2671
   -7.5000    0.0000    0.0000 2882.1846   12.9886
    0.0000    0.0000    0.0000 2855.7881   13.0666
    7.5000    0.0000    0.0000 2771.9446   13.5108
   -7.5000    7.5000    0.0000 2795.4719   13.4610
    0.0000    7.5000    0.0000 2778.4558   13.5546
    7.5000    7.5000    0.0000 2701.8455   14.0046
   -7.5000   15.0000    0.0000 2681.5676   14.1443
    0.0000   15.0000    0.0000 2666.8936   14.3096
    7.5000   15.0000    0.0000 2600.7329   14.7528
   -7.5000   22.5000    0.0000 2552.1658   15.0956
    0.0000   22.5000    0.0000 2537.4316   15.2862
    7.5000   22.5000    0.0000 2482.2014   15.7000
   -7.5000   30.0000    0.0000 2406.9519   16.4028
    0.0000   30.0000    0.0000 2392.5847   16.6344
    7.5000   30.0000    0.0000 2343.6812   17.1153
   -7.5000   37.5000    0.0000 2252.0100   18.1274
    0.0000   37.5000    0.0000 2241.1763   18.4092
    7.5000   37.5000    0.0000 2194.0305   18.9432
   -7.5000   45.0000    0.0000 2093.1538   20.3633
    0.0000   45.0000    0.0000 2081.3325   20.7218
    7.5000   45.0000    0.0000 2040.9520   21.3403
   -7.5000  -45.0000    7.5000 2379.2766   16.6582
    0.0000  -45.0000    7.5000 2385.9739   16.7612
    7.5000  -45.0000    7.5000 2354.7651   17.2227
   -7.5000  -37.5000    7.5000 2501.7131   15.1865
    0.0000  -37.5000    7.5000 2507.2051   15.2822
    7.5000  -37.5000    7.5000 2468.9590   15.7205
   -7.5000  -30.0000    7.5000 2631.3196   14.0970
    0.0000  -30.0000    7.5000 2632.8752   14.1802
    7.5000  -30.0000    7.5000 2580.9104   14.5934
   -7.5000  -22.5000    7.5000 2749.8354   13.3477
    0.0000  -22.5000    7.5000 2752.0771   13.4327
    7.5000  -22.5000    7.5000 2689.4292   13.8118
   -7.5000  -15.0000    7.5000 2839.7126   12.9041
    0.0000  -15.0000    7.5000 2829.8132   12.9874
    7.5000  -15.0000    7.5000 2764.6130   13.3923
   -7.5000   -7.5000    7.5000 2875.3188   12.8578
    0.0000   -7.5000    7.5000 2862.7080   12.9741
    7.5000   -7.5000    7.5000 2789.8538   13.3720
   -7.5000    0.0000    7.5000 2853.6208   13.0926
    0.0000    0.0000    7.5000 2834.1663   13.2269
    7.5000    0.0000    7.5000 2758.1985   13.6484
   -7.5000    7.5000    7.5000 2774.8025   13.5363
    0.0000    7.5000    7.5000 2759.9231   13.6999
    7.5000    7.5000    7.5000 2687.7107   14.1087
   -7.5000   15.0000    7.5000 2663.9985   14.1839
    0.0000   15.0000    7.5000 2644.9580   14.3650
    7.5000   15.0000    7.5000 2584.6055   14.7892
   -7.5000   22.5000    7.5000 2533.8469   15.1029
    0.0000   22.5000    7.5000 2514.9424   15.2971
    7.5000   22.5000    7.5000 2461.8035   15.7821
   -7.5000   30.0000    7.5000 2396.1458   16.3700
    0.0000   30.0000    7.5000 2377.7473   16.6041
    7.5000   30.0000    7.5000 2329.8223   17.1449
   -7.5000   37.5000    7.5000 2236.2576   18.0963
    0.0000   37.5000    7.5000 2224.7227   18.3579
    7.5000   37.5000    7.5000 2182.5208   18.9544
   -7.5000   45.0000    7.5000 2076.1543   20.2977
    0.0000   45.0000    7.5000 2065.9749   20.5990
    7.5000   45.0000    7.5000 2025.0846   21.2758
   -7.5000  -45.0000   15.0000 2357.3386   17.0857
    0.0000  -45.0000   15.0000 2367.4150   17.1897
    7.5000  -45.0000   15.0000 2337.8799   17.6378
   -7.5000  -37.5000   15.0000 2483.3413   15.5779
    0.0000  -37.5000   15.0000 2491.9211   15.6749
    7.5000  -37.5000   15.0000 2458.0461   16.1048
   -7.5000  -30.0000   15.0000 2605.2483   14.4580
    0.0000  -30.0000   15.0000 2609.0852   14.5462
    7.5000  -30.0000   15.0000 2563.5837   14.9849
   -7.5000  -22.5000   15.0000 2715.6597   13.6719
    0.0000  -22.5000   15.0000 2719.5437   13.7477
    7.5000  -22.5000   15.0000 2664.6748   14.1768
   -7.5000  -15.0000   15.0000 2788.6973   13.2197
    0.0000  -15.0000   15.0000 2788.1702   13.3361
    7.5000  -15.0000   15.0000 2728.9514   13.7411
   -7.5000   -7.5000   15.0000 2813.0352   13.2186
    0.0000   -7.5000   15.0000 2806.9348   13.3351
    7.5000   -7.5000   15.0000 2746.4265   13.7321
   -7.5000    0.0000   15.0000 2783.3479   13.4658
    0.0000    0.0000   15.0000 2772.3789   13.5607
    7.5000    0.0000   15.0000 2708.0886   13.9646
   -7.5000    7.5000   15.0000 2713.9846   13.8913
    0.0000    7.5000   15.0000 2703.1184   13.9908
    7.5000    7.5000   15.0000 2642.9680   14.3947
   -7.5000   15.0000   15.0000 2610.2502   14.5453
    0.0000   15.0000   15.0000 2594.9397   14.6351
    7.5000   15.0000   15.0000 2543.5669   15.0539
   -7.5000   22.5000   15.0000 2491.2720   15.3970
    0.0000   22.5000   15.0000 2472.6648   15.5530
    7.5000   22.5000   15.0000 2430.4321   16.0324
   -7.5000   30.0000   15.0000 2362.2390   16.5969
    0.0000   30.0000   15.0000 2346.4880   16.7941
    7.5000   30.0000   15.0000 2303.3452   17.3556
   -7.5000   37.5000   15.0000 2207.7205   18.2921
    0.0000   37.5000   15.0000 2194.7092   18.4839
    7.5000   37.5000   15.0000 2157.9902   19.0806
   -7.5000   45.0000   15.0000 2047.9652   20.4606
    0.0000   45.0000   15.0000 2036.5817   20.6796
    7.5000   45.0000   15.0000 2000.2299   21.3523
   -7.5000  -45.0000   22.5000 2328.6919   17.7630
    0.0000  -45.0000   22.5000 2340.1917   17.9094
    7.5000  -45.0000   22.5000 2316.7666   18.3230
   -7.5000  -37.5000   22.5000 2448.7568   16.2219
    0.0000  -37.5000   22.5000 2462.8208   16.3708
    7.5000  -37.5000   22.5000 2432.9871   16.8009
   -7.5000  -30.0000   22.5000 2557.7100   15.1114
    0.0000  -30.0000   22.5000 2573.0540   15.2548
    7.5000  -30.0000   22.5000 2532.8726   15.6722
   -7.5000  -22.5000   22.5000 2653.1257   14.3209
    0.0000  -22.5000   22.5000 2663.2708   14.4373
    7.5000  -22.5000   22.5000 2616.1931   14.8372
   -7.5000  -15.0000   22.5000 2711.7280   13.8651
    0.0000  -15.0000   22.5000 2716.9573   13.9900
    7.5000  -15.0000   22.5000 2666.5691   14.3619
   -7.5000   -7.5000   22.5000 2730.9023   13.8268
    0.0000   -7.5000   22.5000 2729.6904   13.9443
    7.5000   -7.5000   22.5000 2678.1028   14.2890
   -7.5000    0.0000   22.5000 2695.3223   14.0238
    0.0000    0.0000   22.5000 2690.2642   14.1414
    7.5000    0.0000   22.5000 2642.4111   14.4809
   -7.5000    7.5000   22.5000 2627.8115   14.4626
    0.0000    7.5000   22.5000 2624.2957   14.5587
    7.5000    7.5000   22.5000 2580.5947   14.9023
   -7.5000   15.0000   22.5000 2535.6316   15.1000
    0.0000   15.0000   22.5000 2523.7664   15.1933
    7.5000   15.0000   22.5000 2485.7271   15.5588
   -7.5000   22.5000   22.5000 2425.9885   16.0000
    0.0000   22.5000   22.5000 2414.9331   16.1175
    7.5000   22.5000   22.5000 2377.7170   16.5405
   -7.5000   30.0000   22.5000 2301.1987   17.1966
    0.0000   30.0000   22.5000 2287.1187   17.3478
    7.5000   30.0000   22.5000 2254.4463   17.8480
   -7.5000   37.5000   22.5000 2155.0796   18.8192
    0.0000   37.5000   22.5000 2147.8010   19.0253
    7.5000   37.5000   22.5000 2115.3789   19.5673
   -7.5000   45.0000   22.5000 2005.0453   20.9880
    0.0000   45.0000   22.5000 1999.1707   21.1961
    7.5000   45.0000   22.5000 1969.8597   21.8008
   -7.5000  -45.0000   30.0000 2277.7769   18.7494
    0.0000  -45.0000   30.0000 2293.9680   18.9065
    7.5000  -45.0000   30.0000 2280.5840   19.3367
   -7.5000  -37.5000   30.0000 2393.8306   17.2034
    0.0000  -37.5000   30.0000 2410.4104   17.3361
    7.5000  -37.5000   30.0000 2386.6868   17.7638
   -7.5000  -30.0000   30.0000 2492.4575   16.0892
    0.0000  -30.0000   30.0000 2508.3071   16.2055
    7.5000  -30.0000   30.0000 2477.6787   16.6003
   -7.5000  -22.5000   30.0000 2577.6833   15.2596
    0.0000  -22.5000   30.0000 2588.7441   15.3913
    7.5000  -22.5000   30.0000 2548.0349   15.7650
   -7.5000  -15.0000   30.0000 2625.2551   14.7650
    0.0000  -15.0000   30.0000 2630.6697   14.8858
    7.5000  -15.0000   30.0000 2588.0947   15.2602
   -7.5000   -7.5000   30.0000 2632.3452   14.6704
    0.0000   -7.5000   30.0000 2632.2346   14.7615
    7.5000   -7.5000   30.0000 2591.9263   15.1087
   -7.5000    0.0000   30.0000 2595.3179   14.8424
    0.0000    0.0000   30.0000 2594.5212   14.9364
    7.5000    0.0000   30.0000 2555.8606   15.2674
   -7.5000    7.5000   30.0000 2526.1453   15.2995
    0.0000    7.5000   30.0000 2523.9448   15.3881
    7.5000    7.5000   30.0000 2491.6326   15.7136
   -7.5000   15.0000   30.0000 2444.7974   15.9399
    0.0000   15.0000   30.0000 2441.0005   16.0396
    7.5000   15.0000   30.0000 2412.8518   16.4132
   -7.5000   22.5000   30.0000 2346.6335   16.8221
    0.0000   22.5000   30.0000 2338.9253   16.9510
    7.5000   22.5000   30.0000 2311.3430   17.3796
   -7.5000   30.0000   30.0000 2230.5125   18.0325
    0.0000   30.0000   30.0000 2221.5137   18.1781
    7.5000   30.0000   30.0000 2192.1082   18.6831
   -7.5000   37.5000   30.0000 2095.4968   19.6676
    0.0000   37.5000   30.0000 2090.0957   19.8395
    7.5000   37.5000   30.0000 2063.0723   20.3843
   -7.5000   45.0000   30.0000 1950.7469   21.8710
    0.0000   45.0000   30.0000 1944.2118   22.0564
    7.5000   45.0000   30.0000 1921.4860   22.6643
   -7.5000  -45.0000   37.5000 2217.1816   20.1206
    0.0000  -45.0000   37.5000 2234.2859   20.2498
    7.5000  -45.0000   37.5000 2226.2380   20.6497
   -7.5000  -37.5000   37.5000 2319.5339   18.4994
    0.0000  -37.5000   37.5000 2338.9502   18.6049
    7.5000  -37.5000   37.5000 2324.1731   18.9805
   -7.5000  -30.0000   37.5000 2407.6958   17.2971
    0.0000  -30.0000   37.5000 2427.4639   17.4157
    7.5000  -30.0000   37.5000 2407.3752   17.7851
   -7.5000  -22.5000   37.5000 2485.5137   16.4240
    0.0000  -22.5000   37.5000 2496.0073   16.5461
    7.5000  -22.5000   37.5000 2470.8774   16.9066
   -7.5000  -15.0000   37.5000 2522.3306   15.9178
    0.0000  -15.0000   37.5000 2530.5488   16.0223
    7.5000  -15.0000   37.5000 2499.4497   16.3753
   -7.5000   -7.5000   37.5000 2524.0981   15.7538
    0.0000   -7.5000   37.5000 2525.8660   15.8356
    7.5000   -7.5000   37.5000 2495.0220   16.1650
   -7.5000    0.0000   37.5000 2488.2708   15.8806
    0.0000    0.0000   37.5000 2489.0347   15.9799
    7.5000    0.0000   37.5000 2459.0801   16.3257
   -7.5000    7.5000   37.5000 2426.2480   16.3409
    0.0000    7.5000   37.5000 2425.9077   16.4260
    7.5000    7.5000   37.5000 2398.9175   16.7828
   -7.5000   15.0000   37.5000 2352.5020   17.0400
    0.0000   15.0000   37.5000 2347.1909   17.1460
    7.5000   15.0000   37.5000 2325.3113   17.4955
   -7.5000   22.5000   37.5000 2260.3398   17.9485
    0.0000   22.5000   37.5000 2255.5942   18.0920
    7.5000   22.5000   37.5000 2235.2412   18.4877
   -7.5000   30.0000   37.5000 2152.9456   19.1447
    0.0000   30.0000   37.5000 2147.2539   19.3341
    7.5000   30.0000   37.5000 2123.4231   19.7735
   -7.5000   37.5000   37.5000 2027.5299   20.8151
    0.0000   37.5000   37.5000 2024.8510   20.9823
    7.5000   37.5000   37.5000 2001.0129   21.5031
   -7.5000   45.0000   37.5000 1888.4261   23.1129
    0.0000   45.0000   37.5000 1883.8623   23.3136
    7.5000   45.0000   37.5000 1862.4706   23.8424
   -7.5000  -45.0000   45.0000 2144.5249   21.7594
    0.0000  -45.0000   45.0000 2160.5845   21.8659
    7.5000  -45.0000   45.0000 2151.5994   22.2679
   -7.5000  -37.5000   45.0000 2237.6826   20.0625
    0.0000  -37.5000   45.0000 2257.3777   20.1550
    7.5000  -37.5000   45.0000 2249.3945   20.5261
   -7.5000  -30.0000   45.0000 2317.0698   18.7743
    0.0000  -30.0000   45.0000 2334.6584   18.8726
    7.5000  -30.0000   45.0000 2322.6453   19.2558
   -7.5000  -22.5000   45.0000 2382.8333   17.8508
    0.0000  -22.5000   45.0000 2396.4521   17.9321
    7.5000  -22.5000   45.0000 2378.8379   18.2890
   -7.5000  -15.0000   45.0000 2412.4756   17.2713
    0.0000  -15.0000   45.0000 2424.2197   17.3533
    7.5000  -15.0000   45.0000 2402.4854   17.7096
   -7.5000   -7.5000   45.0000 2407.3647   17.0485
    0.0000   -7.5000   45.0000 2415.5298   17.1209
    7.5000   -7.5000   45.0000 2397.1467   17.4802
   -7.5000    0.0000   45.0000 2376.0107   17.1790
    0.0000    0.0000   45.0000 2380.8992   17.2734
    7.5000    0.0000   45.0000 2358.2539   17.6055
   -7.5000    7.5000   45.0000 2325.9702   17.6714
    0.0000    7.5000   45.0000 2327.5723   17.7756
    7.5000    7.5000   45.0000 2306.6890   18.1287
   -7.5000   15.0000   45.0000 2257.8167   18.4358
    0.0000   15.0000   45.0000 2254.2454   18.5636
    7.5000   15.0000   45.0000 2233.9026   18.8876
   -7.5000   22.5000   45.0000 2173.9136   19.3915
    0.0000   22.5000   45.0000 2169.3647   19.5407
    7.5000   22.5000   45.0000 2151.2598   19.8732
   -7.5000   30.0000   45.0000 2074.6611   20.5928
    0.0000   30.0000   45.0000 2065.9468   20.7635
    7.5000   30.0000   45.0000 2044.6305   21.1971
   -7.5000   37.5000   45.0000 1956.1315   22.2845
    0.0000   37.5000   45.0000 1947.5146   22.4448
    7.5000   37.5000   45.0000 1924.5789   22.9435
   -7.5000   45.0000   45.0000 1815.9255   24.6626
    0.0000   45.0000   45.0000 1812.5927   24.8342
    7.5000   45.0000   45.0000 1790.9636   25.3987

---------------------------------------------------------------------
imgreg_4dfp /opt/freesurfer/average/711-2C_as_mni_average_305 /opt/freesurfer/average/711-2B_as_mni_average_305_mask talsrcimg_g11 none talsrcimg_to_711-2C_as_mni_average_305_t4 1283
---------------------------------------------------------------------

freesurfer imgreg_4dfp.c
/opt/freesurfer/average/711-2C_as_mni_average_305.4dfp.img
       256       256       256         1
  1.000000  1.000000  1.000000
orientation T byte_order littleendian
Reading image: /opt/freesurfer/average/711-2C_as_mni_average_305.4dfp.img
dimensions:      256       256       256
mmppix:       1.0000   -1.0000   -1.0000
center:     128.0000 -129.0000 -129.0000
/opt/freesurfer/average/711-2B_as_mni_average_305_mask.4dfp.img
       256       256       256         1
  1.000000  1.000000  1.000000
orientation T byte_order littleendian
Reading mask: /opt/freesurfer/average/711-2B_as_mni_average_305_mask.4dfp.img (2306576 pixels)
talsrcimg_g11.4dfp.img
       256       256       256         1
  1.000000  1.000000  1.000000
orientation T byte_order littleendian
Reading image: talsrcimg_g11.4dfp.img
dimensions:      256       256       256
mmppix:       1.0000   -1.0000   -1.0000
center:     128.0000 -129.0000 -129.0000
rotation matrix determinant  1.000000
fimgreg.f
image alignment mode   1283 decimal      503 hex
parameters
   -7.5000   -7.5000    0.0000    0.0000    0.0000    0.0000
eta,q 0.91256 12.74234
niter,ni,del,rscale     5    3   12.0000    1.2000
parameter  5  1.225831 ->  0.500000 qaram    1.1500
parameter  6 -1.047709 -> -0.500000 qaram    1.1500
parameters
   -5.5948   -5.7332   -0.5170   -0.5803   -3.4500    3.4500
eta,q 0.92139 12.60045
  0.1030  0.0995  0.0927  0.0888  0.0801  0.0861
  0.0969  0.0940  0.0901  0.0862  0.0804  0.0840
  0.0916  0.0901  0.0868  0.0850  0.0818  0.0822
  0.0883  0.0868  0.0855  0.0851  0.0850  0.0806
  0.0868  0.0854  0.0885  0.0864  0.0901  0.0793
  0.0884  0.0870  0.0920  0.0879  0.0951  0.0784
  0.0920  0.0906  0.0949  0.0897  0.0987  0.0787
niter,ni,del,rscale     6    3   12.0000    1.2000
parameter  5  0.598795 ->  0.500000 qaram    1.3225
parameters
   -4.5995   -5.0881   -0.7538   -0.1432   -7.4175    4.4613
eta,q 0.92415 12.65506
  0.0986  0.0911  0.0872  0.0835  0.0770  0.0824
  0.0883  0.0857  0.0837  0.0814  0.0762  0.0802
  0.0813  0.0807  0.0796  0.0791  0.0769  0.0781
  0.0786  0.0784  0.0782  0.0781  0.0781  0.0763
  0.0788  0.0788  0.0805  0.0784  0.0812  0.0757
  0.0823  0.0820  0.0843  0.0799  0.0863  0.0772
  0.0881  0.0871  0.0887  0.0825  0.0920  0.0805
niter,ni,del,rscale     6    3   12.0000    1.2000
parameters
   -3.1814   -5.3033   -0.8188   -0.7269   -8.6834    3.9894
eta,q 0.92591 12.65296
  0.0964  0.0851  0.0842  0.0796  0.0810  0.0794
  0.0869  0.0795  0.0789  0.0767  0.0769  0.0768
  0.0799  0.0755  0.0753  0.0745  0.0744  0.0750
  0.0759  0.0746  0.0746  0.0746  0.0744  0.0740
  0.0747  0.0764  0.0773  0.0758  0.0769  0.0749
  0.0774  0.0807  0.0803  0.0783  0.0813  0.0778
  0.0836  0.0865  0.0832  0.0819  0.0865  0.0814
niter,ni,del,rscale     5    3   12.0000    1.2000
parameters
   -2.8021   -5.3020   -0.8980   -1.0515   -9.1121    3.6349
eta,q 0.92610 12.64318
  0.0906  0.0845  0.0839  0.0796  0.0829  0.0794
  0.0829  0.0793  0.0783  0.0764  0.0784  0.0763
  0.0771  0.0754  0.0746  0.0742  0.0751  0.0746
  0.0741  0.0740  0.0740  0.0740  0.0739  0.0738
  0.0754  0.0751  0.0770  0.0751  0.0758  0.0746
  0.0801  0.0791  0.0798  0.0774  0.0799  0.0773
  0.0873  0.0847  0.0828  0.0807  0.0850  0.0807
niter,ni,del,rscale     4    3   12.0000    1.2000
parameters
   -2.6814   -5.2514   -0.9424   -1.2275   -9.3275    3.4653
eta,q 0.92618 12.63762
  0.0894  0.0843  0.0840  0.0796  0.0834  0.0797
  0.0822  0.0791  0.0785  0.0765  0.0790  0.0763
  0.0765  0.0753  0.0746  0.0742  0.0754  0.0746
  0.0739  0.0739  0.0739  0.0739  0.0738  0.0738
  0.0758  0.0747  0.0769  0.0749  0.0755  0.0744
  0.0810  0.0785  0.0798  0.0770  0.0796  0.0769
  0.0886  0.0843  0.0828  0.0802  0.0846  0.0802
niter,ni,del,rscale     3    3   12.0000    1.2000
parameters
   -2.6355   -5.2131   -0.9647   -1.3241   -9.4319    3.3859
eta,q 0.92621 12.63503
  0.0892  0.0840  0.0841  0.0796  0.0836  0.0799
  0.0820  0.0789  0.0785  0.0766  0.0793  0.0763
  0.0763  0.0751  0.0746  0.0743  0.0755  0.0746
  0.0738  0.0738  0.0738  0.0738  0.0738  0.0738
  0.0759  0.0745  0.0768  0.0747  0.0754  0.0744
  0.0813  0.0784  0.0797  0.0767  0.0794  0.0768
  0.0891  0.0842  0.0828  0.0800  0.0844  0.0800
niter,ni,del,rscale     2    3   12.0000    1.2000
parameters
   -2.6144   -5.1875   -0.9796   -1.3871   -9.4836    3.3437
eta,q 0.92622 12.63345
  0.0891  0.0839  0.0841  0.0796  0.0838  0.0799
  0.0819  0.0788  0.0786  0.0766  0.0794  0.0763
  0.0762  0.0751  0.0747  0.0743  0.0756  0.0746
  0.0738  0.0738  0.0738  0.0738  0.0738  0.0738
  0.0759  0.0745  0.0767  0.0747  0.0753  0.0744
  0.0814  0.0784  0.0797  0.0766  0.0794  0.0767
  0.0892  0.0841  0.0829  0.0798  0.0843  0.0800
niter,ni,del,rscale     1    3   12.0000    1.2000
parameters
   -2.6049   -5.1666   -0.9900   -1.4303   -9.5077    3.3227
eta,q 0.92623 12.63243
  0.0891  0.0839  0.0842  0.0796  0.0838  0.0800
  0.0819  0.0788  0.0786  0.0766  0.0795  0.0763
  0.0761  0.0750  0.0747  0.0743  0.0757  0.0745
  0.0738  0.0738  0.0738  0.0738  0.0738  0.0738
  0.0760  0.0745  0.0767  0.0746  0.0752  0.0744
  0.0814  0.0784  0.0797  0.0766  0.0793  0.0767
  0.0893  0.0841  0.0829  0.0798  0.0843  0.0799
registration optimization eta report
parameter search radius
    6.0000    6.0000    6.0000    6.0000    7.9350    6.9000
100000*second partial in parameter space
       42.       29.       26.       16.       16.       13.
  0.0891  0.0839  0.0842  0.0796  0.0838  0.0800
  0.0819  0.0788  0.0786  0.0766  0.0795  0.0763
  0.0761  0.0750  0.0747  0.0743  0.0757  0.0745
  0.0738  0.0738  0.0738  0.0738  0.0738  0.0738
  0.0760  0.0745  0.0767  0.0746  0.0752  0.0744
  0.0814  0.0784  0.0797  0.0766  0.0793  0.0767
  0.0893  0.0841  0.0829  0.0798  0.0843  0.0799
   -2.6049   -5.1666   -0.9900   -1.4303   -9.5077    3.3227
eta,q 0.92623 12.63243

---------------------------------------------------------------------
imgreg_4dfp /opt/freesurfer/average/711-2C_as_mni_average_305 /opt/freesurfer/average/711-2B_as_mni_average_305_mask talsrcimg_g11 none talsrcimg_to_711-2C_as_mni_average_305_t4 3335
---------------------------------------------------------------------

freesurfer imgreg_4dfp.c
/opt/freesurfer/average/711-2C_as_mni_average_305.4dfp.img
       256       256       256         1
  1.000000  1.000000  1.000000
orientation T byte_order littleendian
Reading image: /opt/freesurfer/average/711-2C_as_mni_average_305.4dfp.img
dimensions:      256       256       256
mmppix:       1.0000   -1.0000   -1.0000
center:     128.0000 -129.0000 -129.0000
/opt/freesurfer/average/711-2B_as_mni_average_305_mask.4dfp.img
       256       256       256         1
  1.000000  1.000000  1.000000
orientation T byte_order littleendian
Reading mask: /opt/freesurfer/average/711-2B_as_mni_average_305_mask.4dfp.img (2306576 pixels)
talsrcimg_g11.4dfp.img
       256       256       256         1
  1.000000  1.000000  1.000000
orientation T byte_order littleendian
Reading image: talsrcimg_g11.4dfp.img
dimensions:      256       256       256
mmppix:       1.0000   -1.0000   -1.0000
center:     128.0000 -129.0000 -129.0000
fimgreg.f
image alignment mode   3335 decimal      D07 hex
parameters
   -2.6049   -5.1666   -0.9900   -1.5395   -0.2231   -1.4044
   -6.2058   16.3405    5.7164    3.4490  -16.5180   -2.4618
eta,q 0.92351 12.70225
niter,ni,del,rscale     5    3    5.0000    1.2000
parameter  4  4.145372 ->  0.500000 qaram    1.1500
parameter  5  3.274982 ->  0.500000 qaram    1.1500
parameter  6  2.435615 ->  0.500000 qaram    1.1500
parameter 11 -1.709548 -> -0.500000 qaram    1.1500
parameter 12  1.217029 ->  0.500000 qaram    1.1500
parameters
   -2.7453   -4.6810   -0.4093   -5.6795   -4.3631   -5.5444
   -7.8357   15.5068    5.2321   -0.0174  -12.3780   -6.6018
eta,q 0.94828 11.44014
  0.0784  0.0783  0.0781  0.0631  0.0592  0.0513  0.0567  0.0580  0.0562  0.0553  0.0590  0.0513
  0.0772  0.0774  0.0773  0.0670  0.0617  0.0544  0.0557  0.0562  0.0556  0.0547  0.0573  0.0516
  0.0766  0.0768  0.0767  0.0714  0.0647  0.0581  0.0552  0.0553  0.0552  0.0546  0.0558  0.0521
  0.0765  0.0765  0.0764  0.0764  0.0681  0.0625  0.0553  0.0552  0.0551  0.0551  0.0545  0.0529
  0.0768  0.0765  0.0764  0.0817  0.0718  0.0675  0.0560  0.0559  0.0553  0.0562  0.0535  0.0540
  0.0776  0.0767  0.0766  0.0872  0.0758  0.0732  0.0572  0.0573  0.0558  0.0576  0.0527  0.0553
  0.0788  0.0772  0.0770  0.0932  0.0802  0.0795  0.0588  0.0597  0.0566  0.0594  0.0521  0.0568
niter,ni,del,rscale     7    3    5.0000    1.2000
parameter  3  0.509209 ->  0.500000 qaram    1.1500
parameter  4  1.953160 ->  0.500000 qaram    1.3225
parameter  5  1.226873 ->  0.500000 qaram    1.3225
parameter  6  1.249737 ->  0.500000 qaram    1.3225
parameter 12  0.553659 ->  0.500000 qaram    1.3225
parameters
   -2.6228   -4.1927   -1.7893  -10.4405   -9.1241  -10.3054
   -9.2418   15.3051    6.4412    2.3455   -8.6557  -11.3628
eta,q 0.96652 10.59296
  0.0546  0.0543  0.0516  0.0414  0.0397  0.0334  0.0365  0.0390  0.0367  0.0386  0.0378  0.0339
  0.0530  0.0531  0.0513  0.0437  0.0404  0.0342  0.0352  0.0366  0.0357  0.0367  0.0363  0.0335
  0.0521  0.0522  0.0513  0.0470  0.0420  0.0369  0.0347  0.0350  0.0350  0.0354  0.0351  0.0335
  0.0517  0.0517  0.0516  0.0512  0.0445  0.0408  0.0347  0.0346  0.0346  0.0346  0.0343  0.0340
  0.0519  0.0517  0.0523  0.0563  0.0478  0.0454  0.0355  0.0354  0.0346  0.0343  0.0340  0.0348
  0.0527  0.0521  0.0532  0.0620  0.0517  0.0512  0.0368  0.0370  0.0349  0.0346  0.0341  0.0359
  0.0541  0.0528  0.0544  0.0680  0.0561  0.0579  0.0385  0.0394  0.0357  0.0354  0.0345  0.0372
niter,ni,del,rscale     7    3    5.0000    1.2000
parameter  2 -1.234522 -> -0.500000 qaram    1.1500
parameter  4  0.733721 ->  0.500000 qaram    1.5209
parameter  5  0.664609 ->  0.500000 qaram    1.5209
parameter 10 -0.575228 -> -0.500000 qaram    1.1500
parameters
   -2.7381   -2.8127   -1.9852  -15.9156  -14.5992  -14.4879
   -9.0366   14.8849    7.1163    6.4855  -10.0818  -12.2899
eta,q 0.97530 10.00640
  0.0365  0.0403  0.0339  0.0285  0.0265  0.0272  0.0286  0.0299  0.0282  0.0312  0.0261  0.0271
  0.0347  0.0377  0.0324  0.0279  0.0261  0.0261  0.0272  0.0278  0.0270  0.0289  0.0252  0.0257
  0.0337  0.0354  0.0315  0.0288  0.0266  0.0257  0.0262  0.0263  0.0262  0.0271  0.0248  0.0249
  0.0335  0.0335  0.0313  0.0313  0.0280  0.0262  0.0258  0.0258  0.0258  0.0258  0.0248  0.0247
  0.0340  0.0320  0.0317  0.0352  0.0305  0.0294  0.0260  0.0265  0.0259  0.0250  0.0253  0.0254
  0.0352  0.0311  0.0329  0.0403  0.0340  0.0345  0.0269  0.0284  0.0265  0.0248  0.0261  0.0265
  0.0371  0.0306  0.0348  0.0465  0.0385  0.0406  0.0284  0.0312  0.0275  0.0255  0.0273  0.0280
niter,ni,del,rscale     7    3    5.0000    1.2000
parameter  2 -0.714168 -> -0.500000 qaram    1.3225
parameters
   -2.8409   -1.2257   -2.9144  -17.3236  -15.8261  -15.7342
   -9.4262   14.7900    7.0039    7.5674  -10.6858  -14.3507
eta,q 0.97731  9.85787
  0.0282  0.0330  0.0237  0.0278  0.0269  0.0265  0.0255  0.0275  0.0252  0.0281  0.0242  0.0244
  0.0262  0.0297  0.0229  0.0253  0.0246  0.0246  0.0241  0.0251  0.0239  0.0256  0.0234  0.0233
  0.0250  0.0268  0.0226  0.0234  0.0232  0.0233  0.0232  0.0235  0.0232  0.0238  0.0229  0.0227
  0.0247  0.0247  0.0229  0.0226  0.0227  0.0228  0.0229  0.0229  0.0229  0.0229  0.0229  0.0228
  0.0253  0.0234  0.0237  0.0238  0.0236  0.0230  0.0234  0.0234  0.0232  0.0230  0.0231  0.0236
  0.0267  0.0229  0.0250  0.0271  0.0260  0.0259  0.0245  0.0252  0.0241  0.0241  0.0237  0.0249
  0.0288  0.0233  0.0268  0.0323  0.0298  0.0305  0.0261  0.0279  0.0253  0.0260  0.0247  0.0264
niter,ni,del,rscale     7    3    5.0000    1.2000
parameters
   -3.0048   -0.6916   -3.3628  -17.3970  -15.7908  -16.1127
   -9.6830   14.6559    7.0352    8.4217  -11.0772  -15.3290
eta,q 0.97754  9.85830
  0.0260  0.0291  0.0241  0.0283  0.0275  0.0268  0.0251  0.0270  0.0248  0.0273  0.0240  0.0245
  0.0240  0.0260  0.0230  0.0257  0.0250  0.0246  0.0237  0.0246  0.0236  0.0249  0.0231  0.0234
  0.0229  0.0238  0.0225  0.0237  0.0233  0.0231  0.0228  0.0231  0.0228  0.0232  0.0226  0.0226
  0.0227  0.0227  0.0225  0.0225  0.0225  0.0225  0.0225  0.0225  0.0225  0.0225  0.0225  0.0225
  0.0233  0.0227  0.0231  0.0228  0.0228  0.0223  0.0229  0.0231  0.0228  0.0227  0.0228  0.0230
  0.0248  0.0238  0.0240  0.0250  0.0245  0.0244  0.0240  0.0248  0.0236  0.0238  0.0233  0.0241
  0.0269  0.0259  0.0254  0.0293  0.0278  0.0285  0.0256  0.0275  0.0247  0.0256  0.0242  0.0255
niter,ni,del,rscale     6    3    5.0000    1.2000
parameters
   -3.0792   -0.5347   -3.5518  -17.4202  -15.7669  -16.2541
   -9.8454   14.5941    7.1234    8.7774  -11.2161  -15.7160
eta,q 0.97755  9.86028
  0.0260  0.0276  0.0245  0.0283  0.0273  0.0269  0.0251  0.0270  0.0247  0.0266  0.0241  0.0247
  0.0240  0.0249  0.0232  0.0256  0.0249  0.0247  0.0237  0.0246  0.0235  0.0244  0.0231  0.0236
  0.0228  0.0231  0.0226  0.0236  0.0232  0.0232  0.0228  0.0230  0.0227  0.0229  0.0226  0.0227
  0.0225  0.0225  0.0225  0.0224  0.0224  0.0224  0.0225  0.0225  0.0225  0.0225  0.0225  0.0225
  0.0230  0.0229  0.0229  0.0227  0.0227  0.0222  0.0228  0.0229  0.0227  0.0228  0.0227  0.0228
  0.0243  0.0244  0.0237  0.0249  0.0244  0.0241  0.0238  0.0246  0.0234  0.0240  0.0233  0.0238
  0.0264  0.0266  0.0250  0.0292  0.0277  0.0281  0.0254  0.0273  0.0246  0.0259  0.0241  0.0251
niter,ni,del,rscale     5    3    5.0000    1.2000
parameters
   -3.1118   -0.4678   -3.6343  -17.4296  -15.7692  -16.3225
   -9.9270   14.5614    7.1674    8.9258  -11.2805  -15.8790
eta,q 0.97753  9.86027
  0.0261  0.0273  0.0247  0.0283  0.0272  0.0269  0.0252  0.0271  0.0247  0.0264  0.0241  0.0248
  0.0241  0.0246  0.0234  0.0257  0.0249  0.0248  0.0238  0.0247  0.0235  0.0242  0.0232  0.0236
  0.0228  0.0230  0.0226  0.0237  0.0232  0.0232  0.0228  0.0231  0.0227  0.0229  0.0226  0.0228
  0.0225  0.0224  0.0225  0.0224  0.0225  0.0225  0.0225  0.0225  0.0225  0.0225  0.0225  0.0225
  0.0229  0.0230  0.0228  0.0227  0.0227  0.0222  0.0228  0.0229  0.0227  0.0229  0.0227  0.0228
  0.0242  0.0245  0.0236  0.0249  0.0244  0.0241  0.0238  0.0246  0.0235  0.0241  0.0233  0.0237
  0.0263  0.0267  0.0249  0.0291  0.0277  0.0280  0.0253  0.0273  0.0246  0.0260  0.0241  0.0250
niter,ni,del,rscale     4    3    5.0000    1.2000
parameters
   -3.1256   -0.4372   -3.6705  -17.4376  -15.7733  -16.3588
   -9.9667   14.5473    7.1852    8.9896  -11.3060  -15.9421
eta,q 0.97752  9.85959
  0.0262  0.0272  0.0248  0.0283  0.0272  0.0270  0.0252  0.0271  0.0246  0.0263  0.0241  0.0248
  0.0241  0.0245  0.0235  0.0257  0.0249  0.0248  0.0238  0.0247  0.0235  0.0241  0.0232  0.0237
  0.0229  0.0229  0.0227  0.0237  0.0232  0.0233  0.0228  0.0231  0.0227  0.0228  0.0226  0.0228
  0.0225  0.0225  0.0225  0.0225  0.0225  0.0225  0.0225  0.0225  0.0225  0.0225  0.0225  0.0225
  0.0229  0.0231  0.0228  0.0227  0.0227  0.0222  0.0228  0.0229  0.0227  0.0229  0.0227  0.0228
  0.0242  0.0246  0.0236  0.0249  0.0244  0.0241  0.0238  0.0246  0.0235  0.0241  0.0233  0.0237
  0.0262  0.0268  0.0248  0.0291  0.0277  0.0279  0.0253  0.0273  0.0246  0.0260  0.0241  0.0249
niter,ni,del,rscale     3    3    5.0000    1.2000
parameters
   -3.1314   -0.4235   -3.6868  -17.4391  -15.7775  -16.3767
   -9.9799   14.5429    7.1949    9.0136  -11.3130  -15.9775
eta,q 0.97751  9.85910
  0.0262  0.0271  0.0248  0.0283  0.0272  0.0270  0.0252  0.0271  0.0246  0.0262  0.0242  0.0248
  0.0241  0.0245  0.0235  0.0257  0.0249  0.0248  0.0238  0.0247  0.0235  0.0241  0.0232  0.0237
  0.0229  0.0229  0.0227  0.0237  0.0232  0.0233  0.0228  0.0231  0.0227  0.0228  0.0226  0.0228
  0.0225  0.0225  0.0225  0.0225  0.0225  0.0225  0.0225  0.0225  0.0225  0.0225  0.0225  0.0225
  0.0229  0.0231  0.0228  0.0227  0.0227  0.0222  0.0228  0.0230  0.0228  0.0230  0.0227  0.0228
  0.0242  0.0246  0.0236  0.0249  0.0244  0.0241  0.0238  0.0246  0.0235  0.0241  0.0233  0.0236
  0.0262  0.0269  0.0248  0.0291  0.0277  0.0279  0.0253  0.0272  0.0246  0.0261  0.0241  0.0249
registration optimization eta report
parameter search radius
    2.4000    3.1740    2.7600   10.9503   10.9503    9.5220
    7.2000    7.2000    7.2000    8.2800    8.2800    9.5220
100000*second partial in parameter space
       65.       45.       30.        5.        4.        6.
        5.        9.        4.        5.        2.        3.
  0.0262  0.0271  0.0248  0.0283  0.0272  0.0270  0.0252  0.0271  0.0246  0.0262  0.0242  0.0248
  0.0241  0.0245  0.0235  0.0257  0.0249  0.0248  0.0238  0.0247  0.0235  0.0241  0.0232  0.0237
  0.0229  0.0229  0.0227  0.0237  0.0232  0.0233  0.0228  0.0231  0.0227  0.0228  0.0226  0.0228
  0.0225  0.0225  0.0225  0.0225  0.0225  0.0225  0.0225  0.0225  0.0225  0.0225  0.0225  0.0225
  0.0229  0.0231  0.0228  0.0227  0.0227  0.0222  0.0228  0.0230  0.0228  0.0230  0.0227  0.0228
  0.0242  0.0246  0.0236  0.0249  0.0244  0.0241  0.0238  0.0246  0.0235  0.0241  0.0233  0.0236
  0.0262  0.0269  0.0248  0.0291  0.0277  0.0279  0.0253  0.0272  0.0246  0.0261  0.0241  0.0249
   -3.1314   -0.4235   -3.6868  -17.4391  -15.7775  -16.3767
   -9.9799   14.5429    7.1949    9.0136  -11.3130  -15.9775
eta,q 0.97751  9.85910

---------------------------------------------------------------------
imgreg_4dfp /opt/freesurfer/average/711-2C_as_mni_average_305 /opt/freesurfer/average/711-2B_as_mni_average_305_mask talsrcimg_g11 none talsrcimg_to_711-2C_as_mni_average_305_t4 2311
---------------------------------------------------------------------

freesurfer imgreg_4dfp.c
/opt/freesurfer/average/711-2C_as_mni_average_305.4dfp.img
       256       256       256         1
  1.000000  1.000000  1.000000
orientation T byte_order littleendian
Reading image: /opt/freesurfer/average/711-2C_as_mni_average_305.4dfp.img
dimensions:      256       256       256
mmppix:       1.0000   -1.0000   -1.0000
center:     128.0000 -129.0000 -129.0000
/opt/freesurfer/average/711-2B_as_mni_average_305_mask.4dfp.img
       256       256       256         1
  1.000000  1.000000  1.000000
orientation T byte_order littleendian
Reading mask: /opt/freesurfer/average/711-2B_as_mni_average_305_mask.4dfp.img (2306576 pixels)
talsrcimg_g11.4dfp.img
       256       256       256         1
  1.000000  1.000000  1.000000
orientation T byte_order littleendian
Reading image: talsrcimg_g11.4dfp.img
dimensions:      256       256       256
mmppix:       1.0000   -1.0000   -1.0000
center:     128.0000 -129.0000 -129.0000
fimgreg.f
image alignment mode   2311 decimal      907 hex
parameters
   -3.1314   -0.4235   -3.6868  -17.4391  -15.7775  -16.3767
   -9.9799   14.5429    7.1949    9.0136  -11.3130  -15.9775
eta,q 0.97751  9.85910
niter,ni,del,rscale     5    3    5.0000    0.8000
parameters
   -3.1493   -0.5143   -3.7335  -16.3891  -14.9255  -15.0321
   -9.8807   14.7149    7.1138    8.8616  -11.0166  -16.0829
eta,q 0.97789 10.00623
  0.0242  0.0236  0.0233  0.0242  0.0236  0.0239  0.0235  0.0248  0.0232  0.0235  0.0229  0.0228
  0.0232  0.0229  0.0228  0.0235  0.0230  0.0232  0.0228  0.0235  0.0226  0.0227  0.0225  0.0224
  0.0227  0.0226  0.0225  0.0229  0.0226  0.0226  0.0223  0.0226  0.0222  0.0223  0.0222  0.0222
  0.0225  0.0225  0.0225  0.0225  0.0224  0.0223  0.0221  0.0221  0.0221  0.0221  0.0221  0.0221
  0.0227  0.0227  0.0226  0.0224  0.0223  0.0221  0.0222  0.0223  0.0223  0.0223  0.0222  0.0222
  0.0233  0.0231  0.0229  0.0226  0.0225  0.0222  0.0227  0.0232  0.0226  0.0228  0.0224  0.0225
  0.0242  0.0238  0.0233  0.0233  0.0230  0.0228  0.0234  0.0246  0.0232  0.0237  0.0227  0.0229
niter,ni,del,rscale     4    3    5.0000    0.7000
parameters
   -3.1499   -0.5886   -3.5781  -16.4267  -14.9915  -14.8595
   -9.8597   14.7406    7.0252    8.8365  -11.0116  -15.9206
eta,q 0.97793 10.00771
  0.0235  0.0230  0.0230  0.0233  0.0228  0.0231  0.0231  0.0241  0.0229  0.0232  0.0226  0.0227
  0.0227  0.0225  0.0225  0.0227  0.0224  0.0226  0.0226  0.0231  0.0224  0.0226  0.0223  0.0224
  0.0223  0.0222  0.0222  0.0223  0.0222  0.0223  0.0222  0.0224  0.0222  0.0222  0.0221  0.0222
  0.0221  0.0221  0.0221  0.0221  0.0221  0.0221  0.0221  0.0221  0.0221  0.0221  0.0221  0.0221
  0.0223  0.0223  0.0221  0.0222  0.0222  0.0220  0.0222  0.0223  0.0222  0.0222  0.0221  0.0221
  0.0228  0.0226  0.0223  0.0226  0.0224  0.0223  0.0225  0.0230  0.0225  0.0226  0.0223  0.0223
  0.0235  0.0232  0.0226  0.0234  0.0229  0.0231  0.0231  0.0241  0.0230  0.0232  0.0226  0.0226
niter,ni,del,rscale     3    3    5.0000    0.6000
parameters
   -3.1320   -0.6170   -3.5278  -16.3846  -14.9774  -14.6168
   -9.8148   14.7945    7.0034    8.7893  -11.0013  -15.8775
eta,q 0.97796 10.01975
  0.0232  0.0228  0.0226  0.0230  0.0226  0.0228  0.0228  0.0236  0.0227  0.0229  0.0225  0.0225
  0.0226  0.0224  0.0223  0.0225  0.0223  0.0225  0.0224  0.0228  0.0223  0.0224  0.0222  0.0222
  0.0222  0.0221  0.0221  0.0222  0.0222  0.0223  0.0221  0.0223  0.0221  0.0221  0.0221  0.0221
  0.0221  0.0221  0.0221  0.0221  0.0221  0.0221  0.0220  0.0220  0.0220  0.0220  0.0220  0.0220
  0.0222  0.0222  0.0221  0.0221  0.0221  0.0220  0.0221  0.0222  0.0221  0.0221  0.0221  0.0221
  0.0225  0.0224  0.0223  0.0225  0.0223  0.0222  0.0224  0.0227  0.0223  0.0224  0.0222  0.0222
  0.0231  0.0229  0.0225  0.0230  0.0226  0.0228  0.0228  0.0236  0.0227  0.0229  0.0225  0.0225
niter,ni,del,rscale     2    3    5.0000    0.5000
parameters
   -3.1225   -0.6250   -3.4763  -16.3565  -14.9685  -14.3407
   -9.8002   14.8358    6.9926    8.7809  -11.0098  -15.9128
eta,q 0.97800 10.03358
  0.0228  0.0226  0.0224  0.0227  0.0224  0.0226  0.0226  0.0232  0.0225  0.0226  0.0223  0.0223
  0.0224  0.0223  0.0222  0.0224  0.0222  0.0224  0.0222  0.0226  0.0222  0.0223  0.0221  0.0221
  0.0221  0.0221  0.0221  0.0221  0.0221  0.0222  0.0221  0.0222  0.0221  0.0221  0.0220  0.0220
  0.0220  0.0220  0.0220  0.0220  0.0220  0.0220  0.0220  0.0220  0.0220  0.0220  0.0220  0.0220
  0.0221  0.0221  0.0221  0.0221  0.0221  0.0220  0.0221  0.0221  0.0221  0.0221  0.0220  0.0220
  0.0224  0.0223  0.0222  0.0223  0.0222  0.0221  0.0222  0.0225  0.0222  0.0223  0.0222  0.0221
  0.0228  0.0226  0.0224  0.0227  0.0224  0.0225  0.0225  0.0231  0.0225  0.0226  0.0223  0.0223
niter,ni,del,rscale     1    3    5.0000    0.4000
parameters
   -3.1122   -0.6295   -3.4155  -16.3413  -14.9744  -14.0381
   -9.7897   14.8787    6.9657    8.7657  -11.0229  -15.9191
eta,q 0.97802 10.04675
  0.0225  0.0223  0.0223  0.0224  0.0222  0.0224  0.0223  0.0228  0.0223  0.0224  0.0222  0.0222
  0.0222  0.0222  0.0221  0.0222  0.0221  0.0223  0.0221  0.0223  0.0221  0.0222  0.0221  0.0221
  0.0221  0.0220  0.0220  0.0221  0.0220  0.0221  0.0220  0.0221  0.0220  0.0220  0.0220  0.0220
  0.0220  0.0220  0.0220  0.0220  0.0220  0.0220  0.0220  0.0220  0.0220  0.0220  0.0220  0.0220
  0.0221  0.0221  0.0220  0.0220  0.0220  0.0220  0.0220  0.0220  0.0220  0.0220  0.0220  0.0220
  0.0222  0.0222  0.0221  0.0222  0.0221  0.0221  0.0221  0.0223  0.0221  0.0222  0.0221  0.0221
  0.0225  0.0223  0.0222  0.0224  0.0223  0.0223  0.0223  0.0227  0.0223  0.0224  0.0222  0.0222
registration optimization eta report
parameter search radius
    0.8000    0.8000    0.8000    2.4000    2.4000    2.4000
    2.4000    2.4000    2.4000    2.4000    2.4000    2.4000
100000*second partial in parameter space
       75.       52.       38.        7.        4.        6.
        6.       13.        5.        7.        3.        3.
  0.0225  0.0223  0.0223  0.0224  0.0222  0.0224  0.0223  0.0228  0.0223  0.0224  0.0222  0.0222
  0.0222  0.0222  0.0221  0.0222  0.0221  0.0223  0.0221  0.0223  0.0221  0.0222  0.0221  0.0221
  0.0221  0.0220  0.0220  0.0221  0.0220  0.0221  0.0220  0.0221  0.0220  0.0220  0.0220  0.0220
  0.0220  0.0220  0.0220  0.0220  0.0220  0.0220  0.0220  0.0220  0.0220  0.0220  0.0220  0.0220
  0.0221  0.0221  0.0220  0.0220  0.0220  0.0220  0.0220  0.0220  0.0220  0.0220  0.0220  0.0220
  0.0222  0.0222  0.0221  0.0222  0.0221  0.0221  0.0221  0.0223  0.0221  0.0222  0.0221  0.0221
  0.0225  0.0223  0.0222  0.0224  0.0223  0.0223  0.0223  0.0227  0.0223  0.0224  0.0222  0.0222
   -3.1122   -0.6295   -3.4155  -16.3413  -14.9744  -14.0381
   -9.7897   14.8787    6.9657    8.7657  -11.0229  -15.9191
eta,q 0.97802 10.04675

---------------------------------------------------------------------
imgreg_4dfp /opt/freesurfer/average/711-2C_as_mni_average_305 /opt/freesurfer/average/711-2B_as_mni_average_305_mask talsrcimg_g11 none talsrcimg_to_711-2C_as_mni_average_305_t4 2311
---------------------------------------------------------------------

freesurfer imgreg_4dfp.c
/opt/freesurfer/average/711-2C_as_mni_average_305.4dfp.img
       256       256       256         1
  1.000000  1.000000  1.000000
orientation T byte_order littleendian
Reading image: /opt/freesurfer/average/711-2C_as_mni_average_305.4dfp.img
dimensions:      256       256       256
mmppix:       1.0000   -1.0000   -1.0000
center:     128.0000 -129.0000 -129.0000
/opt/freesurfer/average/711-2B_as_mni_average_305_mask.4dfp.img
       256       256       256         1
  1.000000  1.000000  1.000000
orientation T byte_order littleendian
Reading mask: /opt/freesurfer/average/711-2B_as_mni_average_305_mask.4dfp.img (2306576 pixels)
talsrcimg_g11.4dfp.img
       256       256       256         1
  1.000000  1.000000  1.000000
orientation T byte_order littleendian
Reading image: talsrcimg_g11.4dfp.img
dimensions:      256       256       256
mmppix:       1.0000   -1.0000   -1.0000
center:     128.0000 -129.0000 -129.0000
fimgreg.f
image alignment mode   2311 decimal      907 hex
parameters
   -3.1122   -0.6295   -3.4155  -16.3413  -14.9744  -14.0381
   -9.7897   14.8787    6.9657    8.7657  -11.0229  -15.9191
eta,q 0.97802 10.04675
niter,ni,del,rscale     5    3    5.0000    0.8000
parameters
   -3.0933   -0.6026   -3.2747  -16.5599  -15.1911  -14.6292
   -9.8007   14.7962    7.0215    8.8004  -11.0398  -15.6282
eta,q 0.97793 10.00237
  0.0239  0.0234  0.0231  0.0234  0.0229  0.0231  0.0234  0.0245  0.0232  0.0235  0.0228  0.0229
  0.0228  0.0226  0.0225  0.0227  0.0224  0.0226  0.0227  0.0233  0.0226  0.0228  0.0224  0.0225
  0.0222  0.0221  0.0221  0.0222  0.0221  0.0223  0.0222  0.0224  0.0222  0.0223  0.0221  0.0222
  0.0220  0.0220  0.0220  0.0220  0.0220  0.0220  0.0221  0.0221  0.0221  0.0221  0.0221  0.0221
  0.0222  0.0221  0.0221  0.0222  0.0221  0.0221  0.0222  0.0224  0.0222  0.0222  0.0222  0.0221
  0.0228  0.0226  0.0223  0.0228  0.0225  0.0228  0.0227  0.0233  0.0226  0.0227  0.0224  0.0223
  0.0238  0.0233  0.0228  0.0238  0.0231  0.0243  0.0234  0.0248  0.0231  0.0235  0.0228  0.0227
niter,ni,del,rscale     4    3    5.0000    0.7000
parameters
   -3.0899   -0.6414   -3.4171  -16.4546  -15.0739  -14.7081
   -9.7770   14.8063    7.0227    8.7361  -10.9840  -15.6926
eta,q 0.97794 10.00687
  0.0235  0.0230  0.0226  0.0233  0.0228  0.0230  0.0231  0.0241  0.0229  0.0232  0.0226  0.0226
  0.0227  0.0225  0.0223  0.0227  0.0224  0.0226  0.0225  0.0230  0.0224  0.0226  0.0223  0.0223
  0.0222  0.0221  0.0221  0.0223  0.0222  0.0223  0.0222  0.0223  0.0222  0.0222  0.0221  0.0221
  0.0221  0.0221  0.0221  0.0220  0.0220  0.0220  0.0221  0.0221  0.0221  0.0221  0.0221  0.0221
  0.0222  0.0222  0.0222  0.0221  0.0221  0.0220  0.0222  0.0223  0.0222  0.0222  0.0221  0.0221
  0.0227  0.0226  0.0225  0.0225  0.0223  0.0224  0.0225  0.0230  0.0224  0.0226  0.0223  0.0223
  0.0235  0.0231  0.0229  0.0232  0.0228  0.0233  0.0231  0.0241  0.0229  0.0233  0.0226  0.0227
niter,ni,del,rscale     3    3    5.0000    0.6000
parameters
   -3.1044   -0.6399   -3.4597  -16.3936  -15.0215  -14.5523
   -9.7775   14.8249    7.0035    8.7434  -10.9912  -15.7735
eta,q 0.97796 10.01903
  0.0231  0.0228  0.0225  0.0230  0.0226  0.0228  0.0228  0.0236  0.0227  0.0229  0.0225  0.0224
  0.0225  0.0224  0.0223  0.0225  0.0223  0.0225  0.0224  0.0228  0.0223  0.0224  0.0222  0.0222
  0.0222  0.0221  0.0221  0.0222  0.0221  0.0222  0.0221  0.0222  0.0221  0.0221  0.0221  0.0221
  0.0221  0.0221  0.0221  0.0221  0.0221  0.0221  0.0220  0.0220  0.0220  0.0220  0.0220  0.0220
  0.0222  0.0221  0.0221  0.0221  0.0221  0.0220  0.0221  0.0222  0.0221  0.0221  0.0221  0.0221
  0.0225  0.0224  0.0223  0.0224  0.0223  0.0222  0.0224  0.0227  0.0223  0.0224  0.0222  0.0222
  0.0231  0.0228  0.0226  0.0230  0.0226  0.0228  0.0228  0.0236  0.0227  0.0229  0.0225  0.0225
niter,ni,del,rscale     2    3    5.0000    0.5000
parameters
   -3.1094   -0.6348   -3.4419  -16.3613  -14.9827  -14.3037
   -9.7780   14.8507    6.9836    8.7608  -10.9920  -15.8573
eta,q 0.97800 10.03363
  0.0228  0.0226  0.0224  0.0227  0.0224  0.0226  0.0225  0.0231  0.0224  0.0226  0.0223  0.0223
  0.0224  0.0223  0.0222  0.0224  0.0222  0.0224  0.0222  0.0225  0.0222  0.0223  0.0221  0.0221
  0.0221  0.0221  0.0221  0.0221  0.0221  0.0222  0.0221  0.0222  0.0221  0.0221  0.0220  0.0220
  0.0220  0.0220  0.0220  0.0220  0.0220  0.0220  0.0220  0.0220  0.0220  0.0220  0.0220  0.0220
  0.0221  0.0221  0.0221  0.0221  0.0221  0.0220  0.0221  0.0221  0.0221  0.0221  0.0220  0.0220
  0.0224  0.0223  0.0222  0.0223  0.0222  0.0221  0.0222  0.0225  0.0222  0.0223  0.0221  0.0221
  0.0228  0.0226  0.0224  0.0227  0.0224  0.0225  0.0225  0.0231  0.0225  0.0226  0.0223  0.0223
niter,ni,del,rscale     1    3    5.0000    0.4000
parameters
   -3.1073   -0.6322   -3.3945  -16.3496  -14.9977  -14.0172
   -9.7769   14.8851    6.9712    8.7650  -11.0231  -15.8941
eta,q 0.97802 10.04612
  0.0225  0.0223  0.0223  0.0224  0.0222  0.0224  0.0223  0.0227  0.0223  0.0224  0.0222  0.0222
  0.0222  0.0222  0.0221  0.0222  0.0221  0.0223  0.0221  0.0223  0.0221  0.0222  0.0221  0.0221
  0.0221  0.0220  0.0220  0.0221  0.0220  0.0221  0.0220  0.0221  0.0220  0.0220  0.0220  0.0220
  0.0220  0.0220  0.0220  0.0220  0.0220  0.0220  0.0220  0.0220  0.0220  0.0220  0.0220  0.0220
  0.0221  0.0220  0.0220  0.0220  0.0220  0.0220  0.0220  0.0220  0.0220  0.0220  0.0220  0.0220
  0.0222  0.0222  0.0221  0.0222  0.0221  0.0221  0.0221  0.0223  0.0221  0.0221  0.0221  0.0221
  0.0225  0.0223  0.0222  0.0224  0.0223  0.0223  0.0223  0.0227  0.0223  0.0224  0.0222  0.0222
registration optimization eta report
parameter search radius
    0.8000    0.8000    0.8000    2.4000    2.4000    2.4000
    2.4000    2.4000    2.4000    2.4000    2.4000    2.4000
100000*second partial in parameter space
       75.       53.       38.        7.        4.        6.
        6.       13.        5.        7.        3.        3.
  0.0225  0.0223  0.0223  0.0224  0.0222  0.0224  0.0223  0.0227  0.0223  0.0224  0.0222  0.0222
  0.0222  0.0222  0.0221  0.0222  0.0221  0.0223  0.0221  0.0223  0.0221  0.0222  0.0221  0.0221
  0.0221  0.0220  0.0220  0.0221  0.0220  0.0221  0.0220  0.0221  0.0220  0.0220  0.0220  0.0220
  0.0220  0.0220  0.0220  0.0220  0.0220  0.0220  0.0220  0.0220  0.0220  0.0220  0.0220  0.0220
  0.0221  0.0220  0.0220  0.0220  0.0220  0.0220  0.0220  0.0220  0.0220  0.0220  0.0220  0.0220
  0.0222  0.0222  0.0221  0.0222  0.0221  0.0221  0.0221  0.0223  0.0221  0.0221  0.0221  0.0221
  0.0225  0.0223  0.0222  0.0224  0.0223  0.0223  0.0223  0.0227  0.0223  0.0224  0.0222  0.0222
   -3.1073   -0.6322   -3.3945  -16.3496  -14.9977  -14.0172
   -9.7769   14.8851    6.9712    8.7650  -11.0231  -15.8941
eta,q 0.97802 10.04612

---------------------------------------------------------------------
compute_vox2vox talsrcimg talsrcimg_to_711-2C_as_mni_average_305_t4 /opt/freesurfer/average/711-2C_as_mni_average_305
---------------------------------------------------------------------

freesurfer compute_vox2vox.c
Reading: talsrcimg.4dfp.ifh
Reading: talsrcimg_to_711-2C_as_mni_average_305_t4
Reading: /opt/freesurfer/average/711-2C_as_mni_average_305.4dfp.ifh
Writing: talsrcimg_to_711-2C_as_mni_average_305_t4_vox2vox.txt

start time Sat Mar 14 10:30:55 CET 2026
end		time Sat Mar 14 10:31:09 CET 2026

mpr2mni305 success

avi2talxfm orig_nu.mgz /opt/freesurfer/average/mni305.cor.mgz talsrcimg_to_711-2C_as_mni_average_305_t4_vox2vox.txt transforms/talairach.auto.xfm
avi2talxfm done
mv -f /out/sourcedata/freesurfer/sub-v2s9x29159_ses-1/mri/talsrcimg_to_711-2C_as_mni_average_305_t4_vox2vox.txt /out/sourcedata/freesurfer/sub-v2s9x29159_ses-1/mri/transforms/talsrcimg_to_711-2C_as_mni_average_305_t4_vox2vox.txt
lta_convert --src orig_nu.mgz --trg /opt/freesurfer/average/mni305.cor.mgz --inxfm transforms/talairach.auto.xfm --outlta transforms/talairach.auto.xfm.lta --subject fsaverage
7.3.2

--src: orig_nu.mgz src image (geometry).
--trg: /opt/freesurfer/average/mni305.cor.mgz trg image (geometry).
--inmni: transforms/talairach.auto.xfm input MNI/XFM transform.
--outlta: transforms/talairach.auto.xfm.lta output LTA.
--s: fsaverage subject name
 LTA read, type : 1
 1.15989  -0.21039   0.09407   2.08389;
 0.12866   1.11793   0.22383   3.02673;
-0.10839  -0.09802   1.14564  -1.01877;
 0.00000   0.00000   0.00000   1.00000;
setting subject to fsaverage
Writing  LTA to file transforms/talairach.auto.xfm.lta...
lta_convert successful.
 
 
Started at Sat Mar 14 10:30:54 CET 2026
Ended   at Sat Mar 14 10:31:09 CET 2026
talairach_avi done
