status file for recon-all
Sat Mar 14 11:39:50 CET 2026
#@# Tessellate lh Sat Mar 14 11:39:50 CET 2026
#@# Smooth1 lh Sat Mar 14 11:39:53 CET 2026
#@# Inflation1 lh Sat Mar 14 11:39:55 CET 2026
#@# QSphere lh Sat Mar 14 11:40:02 CET 2026
#@# Fix Topology lh Sat Mar 14 11:40:36 CET 2026
#@# Smooth2 lh Sat Mar 14 11:46:23 CET 2026
#@# Inflation2 lh Sat Mar 14 11:46:25 CET 2026
#@# Curv .H and .K lh Sat Mar 14 11:46:31 CET 2026
#@# Sphere lh Sat Mar 14 11:47:04 CET 2026
#@# Surf Reg lh Sat Mar 14 11:49:04 CET 2026
#@# Jacobian white lh Sat Mar 14 11:51:09 CET 2026
#@# AvgCurv lh Sat Mar 14 11:51:10 CET 2026
#@# Cortical Parc lh Sat Mar 14 11:51:10 CET 2026
#@# white curv lh Sat Mar 14 11:55:14 CET 2026
#@# white area lh Sat Mar 14 11:55:15 CET 2026
#@# pial curv lh Sat Mar 14 11:55:16 CET 2026
#@# pial area lh Sat Mar 14 11:55:17 CET 2026
#@# thickness lh Sat Mar 14 11:55:17 CET 2026
#@# area and vertex vol lh Sat Mar 14 11:55:33 CET 2026
#@# Curvature Stats lh Sat Mar 14 11:55:34 CET 2026
#@# Cortical Parc 2 lh Sat Mar 14 11:55:36 CET 2026
#@# Cortical Parc 3 lh Sat Mar 14 11:55:44 CET 2026
#@# WM/GM Contrast lh Sat Mar 14 11:55:51 CET 2026
recon-all -s sub-v2s9x29176_ses-1 finished without error at Sat Mar 14 11:55:53 CET 2026



#New# invocation of recon-all 



status file for recon-all
Sat Mar 14 12:14:07 CET 2026
#@# white curv lh Sat Mar 14 12:14:07 CET 2026
#@# white area lh Sat Mar 14 12:14:07 CET 2026
#@# pial curv lh Sat Mar 14 12:14:07 CET 2026
#@# pial area lh Sat Mar 14 12:14:07 CET 2026
#@# thickness lh Sat Mar 14 12:14:07 CET 2026
#@# area and vertex vol lh Sat Mar 14 12:14:07 CET 2026
#@# Parcellation Stats lh Sat Mar 14 12:14:07 CET 2026
#@# Parcellation Stats 2 lh Sat Mar 14 12:14:18 CET 2026
#@# Parcellation Stats 3 lh Sat Mar 14 12:14:24 CET 2026
#@# BA_exvivo Labels lh Sat Mar 14 12:14:30 CET 2026
recon-all -s sub-v2s9x29176_ses-1 finished without error at Sat Mar 14 12:16:05 CET 2026
