status file for recon-all
Sat Mar 14 11:55:55 CET 2026
#@# Tessellate rh Sat Mar 14 11:55:55 CET 2026
#@# Smooth1 rh Sat Mar 14 11:55:57 CET 2026
#@# Inflation1 rh Sat Mar 14 11:55:59 CET 2026
#@# QSphere rh Sat Mar 14 11:56:06 CET 2026
#@# Fix Topology rh Sat Mar 14 11:56:43 CET 2026
#@# Smooth2 rh Sat Mar 14 12:01:46 CET 2026
#@# Inflation2 rh Sat Mar 14 12:01:47 CET 2026
#@# Curv .H and .K rh Sat Mar 14 12:01:54 CET 2026
#@# Sphere rh Sat Mar 14 12:02:27 CET 2026
#@# Surf Reg rh Sat Mar 14 12:03:43 CET 2026
#@# Jacobian white rh Sat Mar 14 12:05:55 CET 2026
#@# AvgCurv rh Sat Mar 14 12:05:55 CET 2026
#@# Cortical Parc rh Sat Mar 14 12:05:56 CET 2026
#@# white curv rh Sat Mar 14 12:10:23 CET 2026
#@# white area rh Sat Mar 14 12:10:24 CET 2026
#@# pial curv rh Sat Mar 14 12:10:24 CET 2026
#@# pial area rh Sat Mar 14 12:10:25 CET 2026
#@# thickness rh Sat Mar 14 12:10:26 CET 2026
#@# area and vertex vol rh Sat Mar 14 12:10:44 CET 2026
#@# Curvature Stats rh Sat Mar 14 12:10:45 CET 2026
#@# Cortical Parc 2 rh Sat Mar 14 12:10:46 CET 2026
#@# Cortical Parc 3 rh Sat Mar 14 12:10:55 CET 2026
#@# WM/GM Contrast rh Sat Mar 14 12:11:02 CET 2026
recon-all -s sub-v2s9x29176_ses-1 finished without error at Sat Mar 14 12:11:04 CET 2026



#New# invocation of recon-all 



status file for recon-all
Sat Mar 14 12:16:07 CET 2026
#@# white curv rh Sat Mar 14 12:16:07 CET 2026
#@# white area rh Sat Mar 14 12:16:07 CET 2026
#@# pial curv rh Sat Mar 14 12:16:07 CET 2026
#@# pial area rh Sat Mar 14 12:16:07 CET 2026
#@# thickness rh Sat Mar 14 12:16:07 CET 2026
#@# area and vertex vol rh Sat Mar 14 12:16:07 CET 2026
#@# Parcellation Stats rh Sat Mar 14 12:16:07 CET 2026
#@# Parcellation Stats 2 rh Sat Mar 14 12:16:19 CET 2026
#@# Parcellation Stats 3 rh Sat Mar 14 12:16:25 CET 2026
#@# BA_exvivo Labels rh Sat Mar 14 12:16:31 CET 2026
recon-all -s sub-v2s9x29176_ses-1 finished without error at Sat Mar 14 12:18:06 CET 2026
