/out/sourcedata/freesurfer/sub-v2s9x29165_ses-1/mri
/opt/freesurfer/bin/talairach_avi
--i orig_nu.mgz --xfm transforms/talairach.auto.xfm
talairach_avi 7.3.2
Linux dna076 5.14.0-427.37.1.el9_4.x86_64 #1 SMP PREEMPT_DYNAMIC Fri Sep 13 12:41:50 EDT 2024 x86_64 x86_64 x86_64 GNU/Linux
Sat Mar 14 10:30:56 CET 2026
mri_convert orig_nu.mgz talsrcimg.img 
reading from orig_nu.mgz...
TR=0.00, TE=0.00, TI=0.00, flip angle=0.00
i_ras = (-1, 0, 0)
j_ras = (0, 0, -1)
k_ras = (0, 1, 0)
writing to talsrcimg.img...
Analyze Output Matrix
-1.00000   0.00000   0.00000   129.66513;
 0.00000   0.00000   1.00000  -128.00000;
 0.00000  -1.00000   0.00000   130.00000;
 0.00000   0.00000   0.00000   1.00000;
--------------------
INFO: set hdr.hist.orient to -1
mpr2mni305 talsrcimg
Sat Mar 14 10:30:56 CET 2026
/opt/freesurfer/bin/mpr2mni305 talsrcimg
mpr2mni305 7.3.2
target=711-2C_as_mni_average_305

---------------------------------------------------------------------
analyzeto4dfp talsrcimg -O0 -y
---------------------------------------------------------------------

freesurfer ifh2hdr.c
Sat Mar 14 10:30:56 2026
Writing: talsrcimg.4dfp.hdr
freesurfer analyzeto4dfp.c
Reading: talsrcimg.hdr
header size 348 bytes
hdr.dime.datatype	offset=70	value=2
hdr.dime.bitpix		offset=72	value=8
hdr.hist.orient		offset=252	value=-1
dimensionality     4
dimensions       256       256       256         1
Reading: talsrcimg.img
Writing: talsrcimg.4dfp.img
Writing: talsrcimg.4dfp.ifh
ifh2hdr talsrcimg -r0to218
ori=2

---------------------------------------------------------------------
gauss_4dfp talsrcimg 1.1
---------------------------------------------------------------------

freesurfer gauss_4dfp.c
Reading: talsrcimg.4dfp.img
Writing: talsrcimg_g11.4dfp.img
image dimensions 256 256 256 padded to 288 288 288
processing volume 1freesurfer ifh2hdr.c
Sat Mar 14 10:30:58 2026
Writing: talsrcimg_g11.4dfp.hdr

Writing: talsrcimg_g11.4dfp.ifh
including: talsrcimg.4dfp.img.rec in talsrcimg_g11.4dfp.img.rec

---------------------------------------------------------------------
imgreg_4dfp /opt/freesurfer/average/711-2C_as_mni_average_305 none talsrcimg_g11 none talsrcimg_to_711-2C_as_mni_average_305_t4 4355
---------------------------------------------------------------------

freesurfer imgreg_4dfp.c
/opt/freesurfer/average/711-2C_as_mni_average_305.4dfp.img
       256       256       256         1
  1.000000  1.000000  1.000000
orientation T byte_order littleendian
Reading image: /opt/freesurfer/average/711-2C_as_mni_average_305.4dfp.img
dimensions:      256       256       256
mmppix:       1.0000   -1.0000   -1.0000
center:     128.0000 -129.0000 -129.0000
talsrcimg_g11.4dfp.img
       256       256       256         1
  1.000000  1.000000  1.000000
orientation T byte_order littleendian
Reading image: talsrcimg_g11.4dfp.img
dimensions:      256       256       256
mmppix:       1.0000   -1.0000   -1.0000
center:     128.0000 -129.0000 -129.0000
t4_read: open error in t4_sub.f l:  41 t4_file(1:l)talsrcimg_to_711-2C_as_mni_average_305_t4 
t4_read: transform initialized to I4
rotation matrix determinant  1.000000
image alignment mode   4355 decimal     1103 hex
   -7.5000  -45.0000  -45.0000 9232.4473   20.2280
    0.0000  -45.0000  -45.0000 9639.2998   20.2537
    7.5000  -45.0000  -45.0000 9138.6436   20.2670
   -7.5000  -37.5000  -45.0000 9512.8359   20.3031
    0.0000  -37.5000  -45.0000 9892.6240   20.3363
    7.5000  -37.5000  -45.0000 9375.5986   20.3553
   -7.5000  -30.0000  -45.000010099.3477   20.3761
    0.0000  -30.0000  -45.000010480.8906   20.4202
    7.5000  -30.0000  -45.0000 9912.5020   20.4468
   -7.5000  -22.5000  -45.000010633.1377   20.3631
    0.0000  -22.5000  -45.000011032.0850   20.4101
    7.5000  -22.5000  -45.000010432.0625   20.4379
   -7.5000  -15.0000  -45.000011134.3486   20.2920
    0.0000  -15.0000  -45.000011567.2393   20.3335
    7.5000  -15.0000  -45.000010972.1953   20.3573
   -7.5000   -7.5000  -45.000011599.7412   20.2297
    0.0000   -7.5000  -45.000012031.0977   20.2607
    7.5000   -7.5000  -45.000011397.1768   20.2777
   -7.5000    0.0000  -45.000011780.7715   20.2280
    0.0000    0.0000  -45.000012193.4121   20.2537
    7.5000    0.0000  -45.000011531.5938   20.2670
   -7.5000    7.5000  -45.000011063.0723   20.3031
    0.0000    7.5000  -45.000011404.5312   20.3363
    7.5000    7.5000  -45.000010785.6318   20.3553
   -7.5000   15.0000  -45.000010228.2549   20.3761
    0.0000   15.0000  -45.000010499.9229   20.4202
    7.5000   15.0000  -45.0000 9956.4268   20.4468
   -7.5000   22.5000  -45.0000 9399.1621   20.3603
    0.0000   22.5000  -45.0000 9653.1973   20.4073
    7.5000   22.5000  -45.0000 9139.7344   20.4350
   -7.5000   30.0000  -45.0000 8525.6973   20.0216
    0.0000   30.0000  -45.0000 8766.7520   20.0625
    7.5000   30.0000  -45.0000 8304.9746   20.0860
   -7.5000   37.5000  -45.0000 7873.1323   19.9604
    0.0000   37.5000  -45.0000 8112.0884   19.9909
    7.5000   37.5000  -45.0000 7670.5771   20.0077
   -7.5000   45.0000  -45.0000 6871.4434   19.7892
    0.0000   45.0000  -45.0000 7102.5444   19.8134
    7.5000   45.0000  -45.0000 6709.2026   19.8218
   -7.5000  -45.0000  -37.5000 9820.3320   20.1175
    0.0000  -45.0000  -37.500010238.0674   20.1429
    7.5000  -45.0000  -37.5000 9704.6992   20.1612
   -7.5000  -37.5000  -37.500010097.5820   20.1958
    0.0000  -37.5000  -37.500010508.1416   20.2289
    7.5000  -37.5000  -37.5000 9947.6523   20.2491
   -7.5000  -30.0000  -37.500010709.0879   20.2772
    0.0000  -30.0000  -37.500011099.9395   20.3193
    7.5000  -30.0000  -37.500010490.6367   20.3466
   -7.5000  -22.5000  -37.500011268.7559   20.2680
    0.0000  -22.5000  -37.500011687.4141   20.3114
    7.5000  -22.5000  -37.500011029.3750   20.3434
   -7.5000  -15.0000  -37.500011800.6699   20.1938
    0.0000  -15.0000  -37.500012257.1123   20.2319
    7.5000  -15.0000  -37.500011561.9160   20.2640
   -7.5000   -7.5000  -37.500012243.6689   20.1246
    0.0000   -7.5000  -37.500012704.7158   20.1536
    7.5000   -7.5000  -37.500011985.7861   20.1791
   -7.5000    0.0000  -37.500012416.3252   20.1175
    0.0000    0.0000  -37.500012851.3516   20.1429
    7.5000    0.0000  -37.500012119.4307   20.1612
   -7.5000    7.5000  -37.500011618.1387   20.1958
    0.0000    7.5000  -37.500011976.7754   20.2289
    7.5000    7.5000  -37.500011303.6182   20.2491
   -7.5000   15.0000  -37.500010711.2275   20.2772
    0.0000   15.0000  -37.500010999.7627   20.3193
    7.5000   15.0000  -37.500010397.4336   20.3466
   -7.5000   22.5000  -37.5000 9815.3018   20.2652
    0.0000   22.5000  -37.500010086.7705   20.3086
    7.5000   22.5000  -37.5000 9539.9229   20.3406
   -7.5000   30.0000  -37.5000 8890.4746   19.9247
    0.0000   30.0000  -37.5000 9144.7041   19.9623
    7.5000   30.0000  -37.5000 8642.8945   19.9940
   -7.5000   37.5000  -37.5000 8196.7959   19.8566
    0.0000   37.5000  -37.5000 8445.8818   19.8852
    7.5000   37.5000  -37.5000 7983.0581   19.9104
   -7.5000   45.0000  -37.5000 7132.0874   19.6767
    0.0000   45.0000  -37.5000 7368.2231   19.7015
    7.5000   45.0000  -37.5000 6978.4019   19.7147
   -7.5000  -45.0000  -30.000010586.2412   20.9356
    0.0000  -45.0000  -30.000011011.8311   20.9631
    7.5000  -45.0000  -30.000010414.0869   20.9976
   -7.5000  -37.5000  -30.000010868.0264   21.0151
    0.0000  -37.5000  -30.000011297.3926   21.0476
    7.5000  -37.5000  -30.000010677.1719   21.0813
   -7.5000  -30.0000  -30.000011512.0811   21.1054
    0.0000  -30.0000  -30.000011945.9893   21.1455
    7.5000  -30.0000  -30.000011259.5791   21.1837
   -7.5000  -22.5000  -30.000012099.8584   21.1033
    0.0000  -22.5000  -30.000012552.5459   21.1468
    7.5000  -22.5000  -30.000011832.4033   21.1904
   -7.5000  -15.0000  -30.000012642.6895   21.0291
    0.0000  -15.0000  -30.000013120.6221   21.0706
    7.5000  -15.0000  -30.000012348.1543   21.1161
   -7.5000   -7.5000  -30.000013074.8662   20.9515
    0.0000   -7.5000  -30.000013567.4941   20.9846
    7.5000   -7.5000  -30.000012767.2686   21.0255
   -7.5000    0.0000  -30.000013232.7959   20.9356
    0.0000    0.0000  -30.000013710.6885   20.9631
    7.5000    0.0000  -30.000012913.4941   20.9976
   -7.5000    7.5000  -30.000012374.3350   21.0151
    0.0000    7.5000  -30.000012791.2695   21.0476
    7.5000    7.5000  -30.000012056.5410   21.0813
   -7.5000   15.0000  -30.000011388.0439   21.1054
    0.0000   15.0000  -30.000011729.0781   21.1455
    7.5000   15.0000  -30.000011074.5059   21.1837
   -7.5000   22.5000  -30.000010419.2402   21.0982
    0.0000   22.5000  -30.000010717.3496   21.1417
    7.5000   22.5000  -30.000010118.6035   21.1853
   -7.5000   30.0000  -30.0000 9416.4404   20.7508
    0.0000   30.0000  -30.0000 9683.7158   20.7918
    7.5000   30.0000  -30.0000 9141.9424   20.8367
   -7.5000   37.5000  -30.0000 8687.5889   20.6745
    0.0000   37.5000  -30.0000 8921.0938   20.7071
    7.5000   37.5000  -30.0000 8424.5088   20.7475
   -7.5000   45.0000  -30.0000 7540.7114   20.4872
    0.0000   45.0000  -30.0000 7793.8809   20.5153
    7.5000   45.0000  -30.0000 7369.7554   20.5443
   -7.5000  -45.0000  -22.500011321.9551   21.6698
    0.0000  -45.0000  -22.500011736.2881   21.6986
    7.5000  -45.0000  -22.500011123.0459   21.7435
   -7.5000  -37.5000  -22.500011606.5469   21.7446
    0.0000  -37.5000  -22.500012044.7314   21.7747
    7.5000  -37.5000  -22.500011397.0273   21.8205
   -7.5000  -30.0000  -22.500012272.7246   21.8350
    0.0000  -30.0000  -22.500012715.5430   21.8739
    7.5000  -30.0000  -22.500012029.3057   21.9218
   -7.5000  -22.5000  -22.500012898.4375   21.8392
    0.0000  -22.5000  -22.500013362.0107   21.8870
    7.5000  -22.5000  -22.500012632.3223   21.9363
   -7.5000  -15.0000  -22.500013478.7422   21.7707
    0.0000  -15.0000  -22.500013954.2363   21.8198
    7.5000  -15.0000  -22.500013154.8750   21.8684
   -7.5000   -7.5000  -22.500013920.5703   21.6915
    0.0000   -7.5000  -22.500014401.1016   21.7305
    7.5000   -7.5000  -22.500013578.3975   21.7767
   -7.5000    0.0000  -22.500014043.9141   21.6698
    0.0000    0.0000  -22.500014544.4287   21.6986
    7.5000    0.0000  -22.500013715.3516   21.7435
   -7.5000    7.5000  -22.500013127.9062   21.7446
    0.0000    7.5000  -22.500013555.2676   21.7747
    7.5000    7.5000  -22.500012814.1875   21.8205
   -7.5000   15.0000  -22.500012079.5703   21.8350
    0.0000   15.0000  -22.500012403.5908   21.8739
    7.5000   15.0000  -22.500011748.8799   21.9218
   -7.5000   22.5000  -22.500011040.9824   21.8324
    0.0000   22.5000  -22.500011341.8975   21.8802
    7.5000   22.5000  -22.500010716.9141   21.9295
   -7.5000   30.0000  -22.5000 9953.5342   21.4859
    0.0000   30.0000  -22.500010240.2607   21.5344
    7.5000   30.0000  -22.5000 9644.7490   21.5824
   -7.5000   37.5000  -22.5000 9153.3213   21.4080
    0.0000   37.5000  -22.5000 9431.6738   21.4466
    7.5000   37.5000  -22.5000 8888.3174   21.4921
   -7.5000   45.0000  -22.5000 7977.1831   21.2202
    0.0000   45.0000  -22.5000 8233.7354   21.2498
    7.5000   45.0000  -22.5000 7767.1167   21.2892
   -7.5000  -45.0000  -15.000012038.1191   22.2138
    0.0000  -45.0000  -15.000012458.1221   22.2427
    7.5000  -45.0000  -15.000011849.5156   22.2819
   -7.5000  -37.5000  -15.000012296.4463   22.2848
    0.0000  -37.5000  -15.000012720.5078   22.3146
    7.5000  -37.5000  -15.000012105.4570   22.3592
   -7.5000  -30.0000  -15.000012966.7363   22.3687
    0.0000  -30.0000  -15.000013429.6016   22.4098
    7.5000  -30.0000  -15.000012760.3682   22.4569
   -7.5000  -22.5000  -15.000013655.6826   22.3715
    0.0000  -22.5000  -15.000014135.6816   22.4246
    7.5000  -22.5000  -15.000013415.9180   22.4687
   -7.5000  -15.0000  -15.000014285.2500   22.3069
    0.0000  -15.0000  -15.000014777.2529   22.3613
    7.5000  -15.0000  -15.000013966.9209   22.3999
   -7.5000   -7.5000  -15.000014742.2109   22.2328
    0.0000   -7.5000  -15.000015226.7344   22.2746
    7.5000   -7.5000  -15.000014387.4160   22.3108
   -7.5000    0.0000  -15.000014861.5693   22.2138
    0.0000    0.0000  -15.000015354.3662   22.2427
    7.5000    0.0000  -15.000014503.7500   22.2819
   -7.5000    7.5000  -15.000013859.3184   22.2848
    0.0000    7.5000  -15.000014292.0127   22.3146
    7.5000    7.5000  -15.000013531.7764   22.3592
   -7.5000   15.0000  -15.000012760.9531   22.3687
    0.0000   15.0000  -15.000013115.2607   22.4098
    7.5000   15.0000  -15.000012427.4639   22.4569
   -7.5000   22.5000  -15.000011675.5850   22.3636
    0.0000   22.5000  -15.000011977.8564   22.4167
    7.5000   22.5000  -15.000011329.0303   22.4607
   -7.5000   30.0000  -15.000010495.9336   22.0182
    0.0000   30.0000  -15.000010772.4707   22.0719
    7.5000   30.0000  -15.000010188.5664   22.1100
   -7.5000   37.5000  -15.0000 9632.9844   21.9453
    0.0000   37.5000  -15.0000 9888.9639   21.9866
    7.5000   37.5000  -15.0000 9348.4766   22.0223
   -7.5000   45.0000  -15.0000 8365.9990   21.7688
    0.0000   45.0000  -15.0000 8613.0527   21.7978
    7.5000   45.0000  -15.0000 8136.2539   21.8317
   -7.5000  -45.0000   -7.500012835.4873   22.4789
    0.0000  -45.0000   -7.500013286.9746   22.5078
    7.5000  -45.0000   -7.500012672.3350   22.5310
   -7.5000  -37.5000   -7.500013040.7451   22.5549
    0.0000  -37.5000   -7.500013492.4229   22.5879
    7.5000  -37.5000   -7.500012861.5049   22.6192
   -7.5000  -30.0000   -7.500013702.1279   22.6339
    0.0000  -30.0000   -7.500014169.1572   22.6795
    7.5000  -30.0000   -7.500013486.4434   22.7161
   -7.5000  -22.5000   -7.500014430.8164   22.6266
    0.0000  -22.5000   -7.500014945.0088   22.6807
    7.5000  -22.5000   -7.500014177.6182   22.7140
   -7.5000  -15.0000   -7.500015122.6553   22.5563
    0.0000  -15.0000   -7.500015641.6270   22.6079
    7.5000  -15.0000   -7.500014811.5742   22.6341
   -7.5000   -7.5000   -7.500015576.9932   22.4874
    0.0000   -7.5000   -7.500016098.1885   22.5263
    7.5000   -7.5000   -7.500015243.7373   22.5477
   -7.5000    0.0000   -7.500015724.5762   22.4789
    0.0000    0.0000   -7.500016224.9404   22.5078
    7.5000    0.0000   -7.500015347.3096   22.5310
   -7.5000    7.5000   -7.500014652.3701   22.5549
    0.0000    7.5000   -7.500015100.9072   22.5879
    7.5000    7.5000   -7.500014332.5156   22.6192
   -7.5000   15.0000   -7.500013498.7949   22.6339
    0.0000   15.0000   -7.500013905.6348   22.6795
    7.5000   15.0000   -7.500013190.9160   22.7161
   -7.5000   22.5000   -7.500012334.1895   22.6161
    0.0000   22.5000   -7.500012671.7393   22.6703
    7.5000   22.5000   -7.500012013.8105   22.7035
   -7.5000   30.0000   -7.500011079.9473   22.2638
    0.0000   30.0000   -7.500011345.3369   22.3147
    7.5000   30.0000   -7.500010755.1641   22.3405
   -7.5000   37.5000   -7.500010129.9043   22.1961
    0.0000   37.5000   -7.500010372.2490   22.2344
    7.5000   37.5000   -7.5000 9820.5273   22.2556
   -7.5000   45.0000   -7.5000 8792.0420   22.0373
    0.0000   45.0000   -7.5000 9011.4707   22.0650
    7.5000   45.0000   -7.5000 8551.3555   22.0831
   -7.5000  -45.0000    0.000013639.1904   22.5115
    0.0000  -45.0000    0.000014129.2939   22.5399
    7.5000  -45.0000    0.000013480.2109   22.5536
   -7.5000  -37.5000    0.000013866.0938   22.5959
    0.0000  -37.5000    0.000014314.2861   22.6323
    7.5000  -37.5000    0.000013688.3789   22.6523
   -7.5000  -30.0000    0.000014401.5107   22.6780
    0.0000  -30.0000    0.000014898.8047   22.7263
    7.5000  -30.0000    0.000014290.9238   22.7544
   -7.5000  -22.5000    0.000015038.4902   22.6637
    0.0000  -22.5000    0.000015611.4258   22.7152
    7.5000  -22.5000    0.000014953.7666   22.7443
   -7.5000  -15.0000    0.000015730.8018   22.5839
    0.0000  -15.0000    0.000016328.7217   22.6294
    7.5000  -15.0000    0.000015621.9365   22.6542
   -7.5000   -7.5000    0.000016251.4189   22.5136
    0.0000   -7.5000    0.000016821.9336   22.5477
    7.5000   -7.5000    0.000016056.6299   22.5653
   -7.5000    0.0000    0.000016475.1816   22.5115
    0.0000    0.0000    0.000017017.0840   22.5399
    7.5000    0.0000    0.000016191.6992   22.5536
   -7.5000    7.5000    0.000015425.3564   22.5959
    0.0000    7.5000    0.000015854.1172   22.6323
    7.5000    7.5000    0.000015085.3633   22.6523
   -7.5000   15.0000    0.000014192.4346   22.6780
    0.0000   15.0000    0.000014598.7539   22.7263
    7.5000   15.0000    0.000013849.5000   22.7544
   -7.5000   22.5000    0.000012925.8477   22.6532
    0.0000   22.5000    0.000013245.6289   22.7048
    7.5000   22.5000    0.000012565.2236   22.7338
   -7.5000   30.0000    0.000011590.1699   22.2916
    0.0000   30.0000    0.000011848.4453   22.3365
    7.5000   30.0000    0.000011255.4473   22.3610
   -7.5000   37.5000    0.000010592.0713   22.2225
    0.0000   37.5000    0.000010834.3037   22.2562
    7.5000   37.5000    0.000010285.8926   22.2735
   -7.5000   45.0000    0.0000 9180.7402   22.0729
    0.0000   45.0000    0.0000 9407.0332   22.0997
    7.5000   45.0000    0.0000 8946.1445   22.1081
   -7.5000  -45.0000    7.500013161.7812   22.4922
    0.0000  -45.0000    7.500013729.6475   22.5206
    7.5000  -45.0000    7.500013092.8701   22.5411
   -7.5000  -37.5000    7.500013395.3838   22.5803
    0.0000  -37.5000    7.500013915.2021   22.6173
    7.5000  -37.5000    7.500013434.4883   22.6398
   -7.5000  -30.0000    7.500013907.3311   22.6714
    0.0000  -30.0000    7.500014419.5410   22.7183
    7.5000  -30.0000    7.500014023.5410   22.7488
   -7.5000  -22.5000    7.500014543.9062   22.6605
    0.0000  -22.5000    7.500015078.1270   22.7089
    7.5000  -22.5000    7.500014603.9453   22.7448
   -7.5000  -15.0000    7.500015241.8135   22.5771
    0.0000  -15.0000    7.500015806.9141   22.6196
    7.5000  -15.0000    7.500015202.1064   22.6557
   -7.5000   -7.5000    7.500015746.3936   22.4996
    0.0000   -7.5000    7.500016275.1709   22.5321
    7.5000   -7.5000    7.500015541.5186   22.5608
   -7.5000    0.0000    7.500015962.2598   22.4922
    0.0000    0.0000    7.500016459.6387   22.5206
    7.5000    0.0000    7.500015686.2773   22.5411
   -7.5000    7.5000    7.500014931.5459   22.5803
    0.0000    7.5000    7.500015401.4053   22.6173
    7.5000    7.5000    7.500014649.4346   22.6398
   -7.5000   15.0000    7.500013752.5771   22.6714
    0.0000   15.0000    7.500014193.5781   22.7183
    7.5000   15.0000    7.500013470.8115   22.7488
   -7.5000   22.5000    7.500012507.1104   22.6501
    0.0000   22.5000    7.500012892.5850   22.6984
    7.5000   22.5000    7.500012233.2334   22.7343
   -7.5000   30.0000    7.500011165.9834   22.2849
    0.0000   30.0000    7.500011459.4111   22.3269
    7.5000   30.0000    7.500010909.6221   22.3624
   -7.5000   37.5000    7.500010179.8252   22.2087
    0.0000   37.5000    7.500010428.0596   22.2408
    7.5000   37.5000    7.5000 9938.3633   22.2691
   -7.5000   45.0000    7.5000 8807.0820   22.0509
    0.0000   45.0000    7.5000 9051.9268   22.0787
    7.5000   45.0000    7.5000 8597.4180   22.0936
   -7.5000  -45.0000   15.000012407.6953   22.4975
    0.0000  -45.0000   15.000012979.4268   22.5274
    7.5000  -45.0000   15.000012415.6973   22.5649
   -7.5000  -37.5000   15.000012687.3096   22.5832
    0.0000  -37.5000   15.000013227.6611   22.6184
    7.5000  -37.5000   15.000012733.5254   22.6550
   -7.5000  -30.0000   15.000013424.3008   22.6802
    0.0000  -30.0000   15.000013962.8379   22.7237
    7.5000  -30.0000   15.000013381.9912   22.7651
   -7.5000  -22.5000   15.000014177.6377   22.6778
    0.0000  -22.5000   15.000014731.9014   22.7249
    7.5000  -22.5000   15.000014028.4043   22.7722
   -7.5000  -15.0000   15.000014840.7891   22.5979
    0.0000  -15.0000   15.000015349.5039   22.6428
    7.5000  -15.0000   15.000014614.5254   22.6921
   -7.5000   -7.5000   15.000015195.8779   22.5145
    0.0000   -7.5000   15.000015655.9717   22.5503
    7.5000   -7.5000   15.000014895.2354   22.5947
   -7.5000    0.0000   15.000015254.1055   22.4975
    0.0000    0.0000   15.000015739.1865   22.5274
    7.5000    0.0000   15.000015007.1006   22.5649
   -7.5000    7.5000   15.000014222.2227   22.5832
    0.0000    7.5000   15.000014672.3350   22.6184
    7.5000    7.5000   15.000014007.1641   22.6550
   -7.5000   15.0000   15.000013070.8545   22.6802
    0.0000   15.0000   15.000013492.1152   22.7237
    7.5000   15.0000   15.000012870.9111   22.7651
   -7.5000   22.5000   15.000011860.8398   22.6674
    0.0000   22.5000   15.000012274.0498   22.7144
    7.5000   22.5000   15.000011677.2549   22.7617
   -7.5000   30.0000   15.000010550.8545   22.3055
    0.0000   30.0000   15.000010910.2725   22.3498
    7.5000   30.0000   15.000010408.0352   22.3985
   -7.5000   37.5000   15.0000 9616.5820   22.2234
    0.0000   37.5000   15.0000 9936.7686   22.2587
    7.5000   37.5000   15.0000 9486.4570   22.3025
   -7.5000   45.0000   15.0000 8318.8701   22.0517
    0.0000   45.0000   15.0000 8603.6318   22.0822
    7.5000   45.0000   15.0000 8206.7432   22.1138
   -7.5000  -45.0000   22.500011685.5576   22.6144
    0.0000  -45.0000   22.500012188.9658   22.6454
    7.5000  -45.0000   22.500011650.6318   22.6930
   -7.5000  -37.5000   22.500011974.8623   22.6931
    0.0000  -37.5000   22.500012465.1738   22.7256
    7.5000  -37.5000   22.500011926.6006   22.7742
   -7.5000  -30.0000   22.500012702.7656   22.7877
    0.0000  -30.0000   22.500013202.7979   22.8294
    7.5000  -30.0000   22.500012589.0234   22.8805
   -7.5000  -22.5000   22.500013419.1631   22.7914
    0.0000  -22.5000   22.500013940.1582   22.8424
    7.5000  -22.5000   22.500013247.1162   22.8952
   -7.5000  -15.0000   22.500014031.0918   22.7193
    0.0000  -15.0000   22.500014549.8828   22.7716
    7.5000  -15.0000   22.500013836.5186   22.8235
   -7.5000   -7.5000   22.500014313.3457   22.6367
    0.0000   -7.5000   22.500014816.0781   22.6783
    7.5000   -7.5000   22.500014127.8193   22.7274
   -7.5000    0.0000   22.500014372.2783   22.6144
    0.0000    0.0000   22.500014881.3135   22.6454
    7.5000    0.0000   22.500014227.8965   22.6930
   -7.5000    7.5000   22.500013369.1201   22.6931
    0.0000    7.5000   22.500013862.2881   22.7256
    7.5000    7.5000   22.500013266.3965   22.7742
   -7.5000   15.0000   22.500012307.6338   22.7877
    0.0000   15.0000   22.500012731.7910   22.8294
    7.5000   15.0000   22.500012218.7568   22.8805
   -7.5000   22.5000   22.500011169.8164   22.7809
    0.0000   22.5000   22.500011564.8242   22.8319
    7.5000   22.5000   22.500011066.9121   22.8846
   -7.5000   30.0000   22.5000 9915.8984   22.4253
    0.0000   30.0000   22.500010271.7109   22.4769
    7.5000   30.0000   22.5000 9836.8906   22.5281
   -7.5000   37.5000   22.5000 8992.5674   22.3440
    0.0000   37.5000   22.5000 9311.1152   22.3851
    7.5000   37.5000   22.5000 8914.1650   22.4335
   -7.5000   45.0000   22.5000 7779.7627   22.1644
    0.0000   45.0000   22.5000 8055.3525   22.1962
    7.5000   45.0000   22.5000 7703.7476   22.2380
   -7.5000  -45.0000   30.000010861.5684   22.8044
    0.0000  -45.0000   30.000011296.9443   22.8352
    7.5000  -45.0000   30.000010797.5732   22.8761
   -7.5000  -37.5000   30.000011137.1143   22.8778
    0.0000  -37.5000   30.000011573.0342   22.9097
    7.5000  -37.5000   30.000011051.1299   22.9562
   -7.5000  -30.0000   30.000011786.8760   22.9629
    0.0000  -30.0000   30.000012278.3828   23.0068
    7.5000  -30.0000   30.000011670.0068   23.0563
   -7.5000  -22.5000   30.000012432.3477   22.9640
    0.0000  -22.5000   30.000012958.3389   23.0203
    7.5000  -22.5000   30.000012300.0781   23.0671
   -7.5000  -15.0000   30.000012997.4863   22.8970
    0.0000  -15.0000   30.000013517.8613   22.9545
    7.5000  -15.0000   30.000012875.9434   22.9957
   -7.5000   -7.5000   30.000013273.1309   22.8223
    0.0000   -7.5000   30.000013778.3857   22.8665
    7.5000   -7.5000   30.000013167.0156   22.9047
   -7.5000    0.0000   30.000013379.5664   22.8044
    0.0000    0.0000   30.000013872.2812   22.8352
    7.5000    0.0000   30.000013273.5742   22.8761
   -7.5000    7.5000   30.000012441.7793   22.8778
    0.0000    7.5000   30.000012923.3447   22.9097
    7.5000    7.5000   30.000012360.1855   22.9562
   -7.5000   15.0000   30.000011430.5410   22.9629
    0.0000   15.0000   30.000011862.1270   23.0068
    7.5000   15.0000   30.000011384.6631   23.0563
   -7.5000   22.5000   30.000010367.1826   22.9534
    0.0000   22.5000   30.000010735.4355   23.0097
    7.5000   22.5000   30.000010306.9512   23.0565
   -7.5000   30.0000   30.0000 9207.3965   22.6007
    0.0000   30.0000   30.0000 9530.9375   22.6574
    7.5000   30.0000   30.0000 9152.6973   22.6981
   -7.5000   37.5000   30.0000 8337.7197   22.5272
    0.0000   37.5000   30.0000 8620.0225   22.5708
    7.5000   37.5000   30.0000 8259.4521   22.6086
   -7.5000   45.0000   30.0000 7193.6460   22.3505
    0.0000   45.0000   30.0000 7436.3032   22.3813
    7.5000   45.0000   30.0000 7118.2646   22.4169
   -7.5000  -45.0000   37.500010494.7305   23.2146
    0.0000  -45.0000   37.500010887.7217   23.2448
    7.5000  -45.0000   37.500010381.7793   23.2687
   -7.5000  -37.5000   37.500010771.0703   23.2953
    0.0000  -37.5000   37.500011158.1133   23.3301
    7.5000  -37.5000   37.500010627.8008   23.3629
   -7.5000  -30.0000   37.500011382.8857   23.3765
    0.0000  -30.0000   37.500011823.8291   23.4248
    7.5000  -30.0000   37.500011242.5625   23.4640
   -7.5000  -22.5000   37.500011981.9453   23.3660
    0.0000  -22.5000   37.500012444.6260   23.4232
    7.5000  -22.5000   37.500011851.3359   23.4592
   -7.5000  -15.0000   37.500012509.8936   23.2912
    0.0000  -15.0000   37.500012998.2861   23.3455
    7.5000  -15.0000   37.500012403.3535   23.3736
   -7.5000   -7.5000   37.500012788.2236   23.2209
    0.0000   -7.5000   37.500013270.0977   23.2616
    7.5000   -7.5000   37.500012696.0967   23.2839
   -7.5000    0.0000   37.500012918.2627   23.2146
    0.0000    0.0000   37.500013394.2998   23.2448
    7.5000    0.0000   37.500012809.6279   23.2687
   -7.5000    7.5000   37.500012024.8711   23.2953
    0.0000    7.5000   37.500012452.7188   23.3301
    7.5000    7.5000   37.500011931.6074   23.3629
   -7.5000   15.0000   37.500011048.8604   23.3765
    0.0000   15.0000   37.500011422.4141   23.4248
    7.5000   15.0000   37.500010938.1006   23.4640
   -7.5000   22.5000   37.500010011.6338   23.3552
    0.0000   22.5000   37.500010335.1758   23.4124
    7.5000   22.5000   37.5000 9905.8506   23.4484
   -7.5000   30.0000   37.5000 8892.8750   22.9898
    0.0000   30.0000   37.5000 9183.2471   23.0433
    7.5000   30.0000   37.5000 8812.4111   23.0711
   -7.5000   37.5000   37.5000 8045.2456   22.9206
    0.0000   37.5000   37.5000 8324.7344   22.9608
    7.5000   37.5000   37.5000 7999.1577   22.9829
   -7.5000   45.0000   37.5000 6925.9814   22.7577
    0.0000   45.0000   37.5000 7162.8667   22.7867
    7.5000   45.0000   37.5000 6887.2954   22.8052
   -7.5000  -45.0000   45.0000 9692.7080   23.6822
    0.0000  -45.0000   45.000010033.5469   23.7141
    7.5000  -45.0000   45.0000 9549.1270   23.7292
   -7.5000  -37.5000   45.0000 9938.7666   23.7710
    0.0000  -37.5000   45.000010290.2412   23.8115
    7.5000  -37.5000   45.0000 9788.5986   23.8342
   -7.5000  -30.0000   45.000010502.7695   23.8574
    0.0000  -30.0000   45.000010905.9082   23.9106
    7.5000  -30.0000   45.000010377.4053   23.9417
   -7.5000  -22.5000   45.000011037.9346   23.8426
    0.0000  -22.5000   45.000011460.4189   23.8991
    7.5000  -22.5000   45.000010930.7539   23.9297
   -7.5000  -15.0000   45.000011544.8340   23.7590
    0.0000  -15.0000   45.000011982.3828   23.8090
    7.5000  -15.0000   45.000011464.2363   23.8342
   -7.5000   -7.5000   45.000011779.0830   23.6848
    0.0000   -7.5000   45.000012247.4053   23.7227
    7.5000   -7.5000   45.000011715.8545   23.7409
   -7.5000    0.0000   45.000011912.5283   23.6822
    0.0000    0.0000   45.000012339.2432   23.7141
    7.5000    0.0000   45.000011825.0107   23.7292
   -7.5000    7.5000   45.000011108.2861   23.7710
    0.0000    7.5000   45.000011483.2910   23.8115
    7.5000    7.5000   45.000011028.0361   23.8342
   -7.5000   15.0000   45.000010193.8486   23.8574
    0.0000   15.0000   45.000010529.0127   23.9106
    7.5000   15.0000   45.000010091.5117   23.9417
   -7.5000   22.5000   45.0000 9217.9990   23.8315
    0.0000   22.5000   45.0000 9537.3193   23.8880
    7.5000   22.5000   45.0000 9127.1689   23.9186
   -7.5000   30.0000   45.0000 8189.1196   23.4494
    0.0000   30.0000   45.0000 8487.0586   23.4988
    7.5000   30.0000   45.0000 8121.0801   23.5237
   -7.5000   37.5000   45.0000 7435.9399   23.3765
    0.0000   37.5000   45.0000 7707.5391   23.4139
    7.5000   37.5000   45.0000 7381.9673   23.4318
   -7.5000   45.0000   45.0000 6420.2158   23.2327
    0.0000   45.0000   45.0000 6661.5244   23.2627
    7.5000   45.0000   45.0000 6383.7178   23.2720

---------------------------------------------------------------------
imgreg_4dfp /opt/freesurfer/average/711-2C_as_mni_average_305 /opt/freesurfer/average/711-2B_as_mni_average_305_mask talsrcimg_g11 none talsrcimg_to_711-2C_as_mni_average_305_t4 4355
---------------------------------------------------------------------

freesurfer imgreg_4dfp.c
/opt/freesurfer/average/711-2C_as_mni_average_305.4dfp.img
       256       256       256         1
  1.000000  1.000000  1.000000
orientation T byte_order littleendian
Reading image: /opt/freesurfer/average/711-2C_as_mni_average_305.4dfp.img
dimensions:      256       256       256
mmppix:       1.0000   -1.0000   -1.0000
center:     128.0000 -129.0000 -129.0000
/opt/freesurfer/average/711-2B_as_mni_average_305_mask.4dfp.img
       256       256       256         1
  1.000000  1.000000  1.000000
orientation T byte_order littleendian
Reading mask: /opt/freesurfer/average/711-2B_as_mni_average_305_mask.4dfp.img (2306576 pixels)
talsrcimg_g11.4dfp.img
       256       256       256         1
  1.000000  1.000000  1.000000
orientation T byte_order littleendian
Reading image: talsrcimg_g11.4dfp.img
dimensions:      256       256       256
mmppix:       1.0000   -1.0000   -1.0000
center:     128.0000 -129.0000 -129.0000
rotation matrix determinant  1.000000
image alignment mode   4355 decimal     1103 hex
   -7.5000  -45.0000  -45.0000 2279.5337   18.7103
    0.0000  -45.0000  -45.0000 2291.6929   18.6916
    7.5000  -45.0000  -45.0000 2269.2222   18.8650
   -7.5000  -37.5000  -45.0000 2317.7925   17.9863
    0.0000  -37.5000  -45.0000 2326.8870   17.9199
    7.5000  -37.5000  -45.0000 2301.2112   18.1569
   -7.5000  -30.0000  -45.0000 2334.3994   17.6249
    0.0000  -30.0000  -45.0000 2338.8291   17.5580
    7.5000  -30.0000  -45.0000 2315.4861   17.8009
   -7.5000  -22.5000  -45.0000 2330.0212   17.5248
    0.0000  -22.5000  -45.0000 2339.1125   17.4446
    7.5000  -22.5000  -45.0000 2310.4783   17.7499
   -7.5000  -15.0000  -45.0000 2301.9290   17.8443
    0.0000  -15.0000  -45.0000 2311.2056   17.7412
    7.5000  -15.0000  -45.0000 2286.8369   18.0337
   -7.5000   -7.5000  -45.0000 2256.7590   18.5327
    0.0000   -7.5000  -45.0000 2264.4448   18.3816
    7.5000   -7.5000  -45.0000 2235.3430   18.6633
   -7.5000    0.0000  -45.0000 2181.0144   19.5617
    0.0000    0.0000  -45.0000 2188.9736   19.4178
    7.5000    0.0000  -45.0000 2157.2351   19.7453
   -7.5000    7.5000  -45.0000 2088.8406   21.0750
    0.0000    7.5000  -45.0000 2093.5898   20.9733
    7.5000    7.5000  -45.0000 2059.0547   21.3744
   -7.5000   15.0000  -45.0000 1975.4436   23.2826
    0.0000   15.0000  -45.0000 1976.8380   23.1479
    7.5000   15.0000  -45.0000 1951.5066   23.5945
   -7.5000   22.5000  -45.0000 1861.6753   26.2487
    0.0000   22.5000  -45.0000 1862.5518   26.1105
    7.5000   22.5000  -45.0000 1836.3978   26.4693
   -7.5000   30.0000  -45.0000 1732.7463   30.3239
    0.0000   30.0000  -45.0000 1732.5486   30.1892
    7.5000   30.0000  -45.0000 1713.6923   30.5748
   -7.5000   37.5000  -45.0000 1600.1741   36.1062
    0.0000   37.5000  -45.0000 1605.2756   35.8759
    7.5000   37.5000  -45.0000 1586.8834   36.3065
   -7.5000   45.0000  -45.0000 1466.7701   44.3638
    0.0000   45.0000  -45.0000 1475.1228   44.0636
    7.5000   45.0000  -45.0000 1455.6162   44.7166
   -7.5000  -45.0000  -37.5000 2373.1409   17.3719
    0.0000  -45.0000  -37.5000 2388.5378   17.3560
    7.5000  -45.0000  -37.5000 2361.5266   17.5400
   -7.5000  -37.5000  -37.5000 2414.5952   16.7212
    0.0000  -37.5000  -37.5000 2422.7971   16.6828
    7.5000  -37.5000  -37.5000 2398.7515   16.8953
   -7.5000  -30.0000  -37.5000 2429.3113   16.4049
    0.0000  -30.0000  -37.5000 2439.5564   16.3880
    7.5000  -30.0000  -37.5000 2413.2698   16.5865
   -7.5000  -22.5000  -37.5000 2429.2507   16.3183
    0.0000  -22.5000  -37.5000 2440.8354   16.2611
    7.5000  -22.5000  -37.5000 2408.4609   16.5177
   -7.5000  -15.0000  -37.5000 2401.3157   16.5790
    0.0000  -15.0000  -37.5000 2417.2405   16.5152
    7.5000  -15.0000  -37.5000 2383.3494   16.7723
   -7.5000   -7.5000  -37.5000 2353.1790   17.1882
    0.0000   -7.5000  -37.5000 2365.7073   17.0796
    7.5000   -7.5000  -37.5000 2332.6331   17.3437
   -7.5000    0.0000  -37.5000 2273.7363   18.1437
    0.0000    0.0000  -37.5000 2284.0212   18.0164
    7.5000    0.0000  -37.5000 2250.2764   18.3187
   -7.5000    7.5000  -37.5000 2174.8735   19.5523
    0.0000    7.5000  -37.5000 2178.6453   19.4680
    7.5000    7.5000  -37.5000 2144.9553   19.8211
   -7.5000   15.0000  -37.5000 2055.5405   21.5494
    0.0000   15.0000  -37.5000 2058.0266   21.4384
    7.5000   15.0000  -37.5000 2028.9421   21.8075
   -7.5000   22.5000  -37.5000 1935.7146   24.2349
    0.0000   22.5000  -37.5000 1942.3217   24.1097
    7.5000   22.5000  -37.5000 1909.9232   24.4630
   -7.5000   30.0000  -37.5000 1798.1547   27.9015
    0.0000   30.0000  -37.5000 1802.6172   27.7351
    7.5000   30.0000  -37.5000 1776.5237   28.1602
   -7.5000   37.5000  -37.5000 1662.5295   33.0361
    0.0000   37.5000  -37.5000 1670.7156   32.8218
    7.5000   37.5000  -37.5000 1646.1399   33.1865
   -7.5000   45.0000  -37.5000 1520.4274   40.4131
    0.0000   45.0000  -37.5000 1531.4625   40.3108
    7.5000   45.0000  -37.5000 1511.1735   40.7111
   -7.5000  -45.0000  -30.0000 2512.6680   16.7118
    0.0000  -45.0000  -30.0000 2524.1045   16.6844
    7.5000  -45.0000  -30.0000 2488.4539   16.9111
   -7.5000  -37.5000  -30.0000 2556.5964   16.0816
    0.0000  -37.5000  -30.0000 2568.6174   16.0733
    7.5000  -37.5000  -30.0000 2534.6506   16.2836
   -7.5000  -30.0000  -30.0000 2576.5984   15.8254
    0.0000  -30.0000  -30.0000 2589.4363   15.7993
    7.5000  -30.0000  -30.0000 2552.2974   16.0024
   -7.5000  -22.5000  -30.0000 2573.5586   15.7725
    0.0000  -22.5000  -30.0000 2585.9688   15.7362
    7.5000  -22.5000  -30.0000 2549.9214   15.9663
   -7.5000  -15.0000  -30.0000 2540.2766   16.0048
    0.0000  -15.0000  -30.0000 2555.5879   15.9691
    7.5000  -15.0000  -30.0000 2515.1399   16.1959
   -7.5000   -7.5000  -30.0000 2487.6594   16.5595
    0.0000   -7.5000  -30.0000 2504.6345   16.4926
    7.5000   -7.5000  -30.0000 2464.5220   16.7437
   -7.5000    0.0000  -30.0000 2407.2188   17.4683
    0.0000    0.0000  -30.0000 2421.2354   17.3969
    7.5000    0.0000  -30.0000 2381.0552   17.6495
   -7.5000    7.5000  -30.0000 2297.4788   18.8058
    0.0000    7.5000  -30.0000 2311.0056   18.7356
    7.5000    7.5000  -30.0000 2272.7625   19.0514
   -7.5000   15.0000  -30.0000 2165.7354   20.6938
    0.0000   15.0000  -30.0000 2172.5879   20.6314
    7.5000   15.0000  -30.0000 2144.4727   20.9676
   -7.5000   22.5000  -30.0000 2035.8044   23.2650
    0.0000   22.5000  -30.0000 2041.9414   23.1784
    7.5000   22.5000  -30.0000 2008.6013   23.5033
   -7.5000   30.0000  -30.0000 1891.2611   26.7721
    0.0000   30.0000  -30.0000 1893.9254   26.5933
    7.5000   30.0000  -30.0000 1864.2809   26.9754
   -7.5000   37.5000  -30.0000 1757.1046   31.6149
    0.0000   37.5000  -30.0000 1757.8196   31.4249
    7.5000   37.5000  -30.0000 1729.9607   31.7739
   -7.5000   45.0000  -30.0000 1603.2712   38.4114
    0.0000   45.0000  -30.0000 1618.0818   38.3410
    7.5000   45.0000  -30.0000 1593.0851   38.7059
   -7.5000  -45.0000  -22.5000 2612.4744   15.9303
    0.0000  -45.0000  -22.5000 2620.5208   15.8622
    7.5000  -45.0000  -22.5000 2583.5354   16.1663
   -7.5000  -37.5000  -22.5000 2664.0308   15.3208
    0.0000  -37.5000  -22.5000 2675.7493   15.2689
    7.5000  -37.5000  -22.5000 2639.4736   15.5499
   -7.5000  -30.0000  -22.5000 2690.5886   15.0875
    0.0000  -30.0000  -22.5000 2704.0051   15.0340
    7.5000  -30.0000  -22.5000 2665.4341   15.2691
   -7.5000  -22.5000  -22.5000 2693.4778   15.0931
    0.0000  -22.5000  -22.5000 2703.2009   15.0702
    7.5000  -22.5000  -22.5000 2665.9438   15.2779
   -7.5000  -15.0000  -22.5000 2661.4543   15.3508
    0.0000  -15.0000  -22.5000 2671.8206   15.3266
    7.5000  -15.0000  -22.5000 2629.3752   15.5524
   -7.5000   -7.5000  -22.5000 2604.5149   15.8712
    0.0000   -7.5000  -22.5000 2619.2466   15.8118
    7.5000   -7.5000  -22.5000 2575.3450   16.0680
   -7.5000    0.0000  -22.5000 2512.4316   16.7378
    0.0000    0.0000  -22.5000 2528.8101   16.6813
    7.5000    0.0000  -22.5000 2483.2705   16.9546
   -7.5000    7.5000  -22.5000 2400.9402   18.0194
    0.0000    7.5000  -22.5000 2412.8772   17.9485
    7.5000    7.5000  -22.5000 2375.7297   18.2566
   -7.5000   15.0000  -22.5000 2258.9412   19.8258
    0.0000   15.0000  -22.5000 2265.7288   19.7409
    7.5000   15.0000  -22.5000 2235.0266   20.0618
   -7.5000   22.5000  -22.5000 2116.7283   22.2891
    0.0000   22.5000  -22.5000 2118.9639   22.1653
    7.5000   22.5000  -22.5000 2091.0339   22.5201
   -7.5000   30.0000  -22.5000 1963.1713   25.6385
    0.0000   30.0000  -22.5000 1965.7876   25.3873
    7.5000   30.0000  -22.5000 1934.3132   25.7580
   -7.5000   37.5000  -22.5000 1817.3673   30.2967
    0.0000   37.5000  -22.5000 1823.7854   29.9919
    7.5000   37.5000  -22.5000 1794.8995   30.3929
   -7.5000   45.0000  -22.5000 1662.9109   36.6797
    0.0000   45.0000  -22.5000 1673.6858   36.4570
    7.5000   45.0000  -22.5000 1644.6782   36.7736
   -7.5000  -45.0000  -15.0000 2678.1904   15.1967
    0.0000  -45.0000  -15.0000 2686.6123   15.1036
    7.5000  -45.0000  -15.0000 2648.7649   15.5155
   -7.5000  -37.5000  -15.0000 2737.6145   14.5773
    0.0000  -37.5000  -15.0000 2747.3867   14.5047
    7.5000  -37.5000  -15.0000 2708.8845   14.8653
   -7.5000  -30.0000  -15.0000 2771.0386   14.3360
    0.0000  -30.0000  -15.0000 2783.3813   14.2759
    7.5000  -30.0000  -15.0000 2739.2979   14.6015
   -7.5000  -22.5000  -15.0000 2782.5449   14.3918
    0.0000  -22.5000  -15.0000 2795.8245   14.3523
    7.5000  -22.5000  -15.0000 2751.9812   14.6170
   -7.5000  -15.0000  -15.0000 2752.8684   14.7094
    0.0000  -15.0000  -15.0000 2766.3113   14.6688
    7.5000  -15.0000  -15.0000 2716.6521   14.9038
   -7.5000   -7.5000  -15.0000 2690.8655   15.2428
    0.0000   -7.5000  -15.0000 2702.7319   15.1819
    7.5000   -7.5000  -15.0000 2652.9658   15.4621
   -7.5000    0.0000  -15.0000 2589.2686   16.0508
    0.0000    0.0000  -15.0000 2605.8962   15.9889
    7.5000    0.0000  -15.0000 2555.5520   16.2763
   -7.5000    7.5000  -15.0000 2464.4338   17.2945
    0.0000    7.5000  -15.0000 2476.1731   17.2417
    7.5000    7.5000  -15.0000 2436.2180   17.5330
   -7.5000   15.0000  -15.0000 2319.5750   19.0379
    0.0000   15.0000  -15.0000 2322.7629   18.9791
    7.5000   15.0000  -15.0000 2294.2869   19.2932
   -7.5000   22.5000  -15.0000 2164.9470   21.4092
    0.0000   22.5000  -15.0000 2171.0889   21.2674
    7.5000   22.5000  -15.0000 2142.2307   21.6318
   -7.5000   30.0000  -15.0000 2000.8645   24.5853
    0.0000   30.0000  -15.0000 2009.0000   24.3408
    7.5000   30.0000  -15.0000 1981.1897   24.7569
   -7.5000   37.5000  -15.0000 1850.8052   28.8766
    0.0000   37.5000  -15.0000 1858.1591   28.6058
    7.5000   37.5000  -15.0000 1831.4164   29.0170
   -7.5000   45.0000  -15.0000 1689.3771   34.8108
    0.0000   45.0000  -15.0000 1699.1932   34.5493
    7.5000   45.0000  -15.0000 1676.4329   34.9205
   -7.5000  -45.0000   -7.5000 2730.5735   14.6131
    0.0000  -45.0000   -7.5000 2741.2036   14.5714
    7.5000  -45.0000   -7.5000 2695.3264   15.0211
   -7.5000  -37.5000   -7.5000 2801.2710   13.9161
    0.0000  -37.5000   -7.5000 2811.1675   13.8641
    7.5000  -37.5000   -7.5000 2760.0337   14.3062
   -7.5000  -30.0000   -7.5000 2837.4812   13.6568
    0.0000  -30.0000   -7.5000 2845.8633   13.6410
    7.5000  -30.0000   -7.5000 2794.2336   14.0026
   -7.5000  -22.5000   -7.5000 2852.1943   13.7374
    0.0000  -22.5000   -7.5000 2860.5859   13.7232
    7.5000  -22.5000   -7.5000 2808.1147   14.0229
   -7.5000  -15.0000   -7.5000 2822.1653   14.0817
    0.0000  -15.0000   -7.5000 2833.1072   14.0466
    7.5000  -15.0000   -7.5000 2778.6921   14.2984
   -7.5000   -7.5000   -7.5000 2749.5857   14.6238
    0.0000   -7.5000   -7.5000 2760.7571   14.5958
    7.5000   -7.5000   -7.5000 2710.8892   14.8489
   -7.5000    0.0000   -7.5000 2643.0005   15.4292
    0.0000    0.0000   -7.5000 2656.1956   15.4154
    7.5000    0.0000   -7.5000 2602.1353   15.7090
   -7.5000    7.5000   -7.5000 2510.3159   16.6490
    0.0000    7.5000   -7.5000 2521.2859   16.6407
    7.5000    7.5000   -7.5000 2477.2993   16.9662
   -7.5000   15.0000   -7.5000 2356.9512   18.3572
    0.0000   15.0000   -7.5000 2365.2148   18.3275
    7.5000   15.0000   -7.5000 2328.5659   18.6680
   -7.5000   22.5000   -7.5000 2198.8806   20.5992
    0.0000   22.5000   -7.5000 2206.4082   20.5186
    7.5000   22.5000   -7.5000 2172.3076   20.8995
   -7.5000   30.0000   -7.5000 2030.6405   23.6402
    0.0000   30.0000   -7.5000 2033.5411   23.4926
    7.5000   30.0000   -7.5000 2003.7844   23.8531
   -7.5000   37.5000   -7.5000 1871.5916   27.5899
    0.0000   37.5000   -7.5000 1879.4315   27.4514
    7.5000   37.5000   -7.5000 1854.5767   27.8650
   -7.5000   45.0000   -7.5000 1709.9995   33.2724
    0.0000   45.0000   -7.5000 1713.2195   33.0958
    7.5000   45.0000   -7.5000 1694.2626   33.4548
   -7.5000  -45.0000    0.0000 2766.6545   14.2727
    0.0000  -45.0000    0.0000 2775.1206   14.2667
    7.5000  -45.0000    0.0000 2725.3406   14.7636
   -7.5000  -37.5000    0.0000 2852.8594   13.5712
    0.0000  -37.5000    0.0000 2863.5752   13.5382
    7.5000  -37.5000    0.0000 2803.8455   14.1071
   -7.5000  -30.0000    0.0000 2895.1169   13.1687
    0.0000  -30.0000    0.0000 2900.7490   13.1596
    7.5000  -30.0000    0.0000 2843.6445   13.6749
   -7.5000  -22.5000    0.0000 2900.8894   13.2087
    0.0000  -22.5000    0.0000 2903.3503   13.2540
    7.5000  -22.5000    0.0000 2846.4592   13.6618
   -7.5000  -15.0000    0.0000 2857.4961   13.5818
    0.0000  -15.0000    0.0000 2863.0415   13.5998
    7.5000  -15.0000    0.0000 2809.6675   13.9876
   -7.5000   -7.5000    0.0000 2782.1797   14.1930
    0.0000   -7.5000    0.0000 2789.3057   14.1999
    7.5000   -7.5000    0.0000 2739.9331   14.5600
   -7.5000    0.0000    0.0000 2667.3113   15.0717
    0.0000    0.0000    0.0000 2681.1299   15.0370
    7.5000    0.0000    0.0000 2627.3892   15.3877
   -7.5000    7.5000    0.0000 2535.7688   16.3171
    0.0000    7.5000    0.0000 2539.7866   16.2738
    7.5000    7.5000    0.0000 2493.0730   16.6315
   -7.5000   15.0000    0.0000 2378.8025   18.0227
    0.0000   15.0000    0.0000 2387.5515   17.9737
    7.5000   15.0000    0.0000 2341.2297   18.3268
   -7.5000   22.5000    0.0000 2217.0635   20.2758
    0.0000   22.5000    0.0000 2220.2878   20.1486
    7.5000   22.5000    0.0000 2182.8943   20.5327
   -7.5000   30.0000    0.0000 2045.4330   23.1692
    0.0000   30.0000    0.0000 2046.9762   22.9546
    7.5000   30.0000    0.0000 2016.9705   23.4274
   -7.5000   37.5000    0.0000 1879.0841   27.0178
    0.0000   37.5000    0.0000 1886.5636   26.8227
    7.5000   37.5000    0.0000 1860.4554   27.3114
   -7.5000   45.0000    0.0000 1709.8064   32.2508
    0.0000   45.0000    0.0000 1715.4858   32.1558
    7.5000   45.0000    0.0000 1698.8761   32.5641
   -7.5000  -45.0000    7.5000 2779.0110   14.0590
    0.0000  -45.0000    7.5000 2787.8071   14.0970
    7.5000  -45.0000    7.5000 2737.1960   14.6932
   -7.5000  -37.5000    7.5000 2872.9839   13.4485
    0.0000  -37.5000    7.5000 2884.5232   13.4609
    7.5000  -37.5000    7.5000 2822.4722   14.0344
   -7.5000  -30.0000    7.5000 2918.2935   13.0282
    0.0000  -30.0000    7.5000 2925.6958   13.0252
    7.5000  -30.0000    7.5000 2865.0493   13.6429
   -7.5000  -22.5000    7.5000 2916.9006   13.0187
    0.0000  -22.5000    7.5000 2920.5291   13.0246
    7.5000  -22.5000    7.5000 2865.1025   13.5850
   -7.5000  -15.0000    7.5000 2867.1233   13.3941
    0.0000  -15.0000    7.5000 2872.3501   13.3746
    7.5000  -15.0000    7.5000 2820.0771   13.8191
   -7.5000   -7.5000    7.5000 2786.9346   14.0152
    0.0000   -7.5000    7.5000 2792.9426   13.9922
    7.5000   -7.5000    7.5000 2744.8386   14.3693
   -7.5000    0.0000    7.5000 2666.5051   14.9572
    0.0000    0.0000    7.5000 2676.8992   14.9063
    7.5000    0.0000    7.5000 2632.7810   15.2535
   -7.5000    7.5000    7.5000 2532.9048   16.2386
    0.0000    7.5000    7.5000 2540.6985   16.1835
    7.5000    7.5000    7.5000 2497.7283   16.5464
   -7.5000   15.0000    7.5000 2377.8403   17.9776
    0.0000   15.0000    7.5000 2385.8381   17.9133
    7.5000   15.0000    7.5000 2344.9719   18.2637
   -7.5000   22.5000    7.5000 2219.1694   20.2228
    0.0000   22.5000    7.5000 2223.2593   20.1104
    7.5000   22.5000    7.5000 2185.9431   20.4510
   -7.5000   30.0000    7.5000 2047.5532   23.0652
    0.0000   30.0000    7.5000 2045.5144   22.8693
    7.5000   30.0000    7.5000 2018.0016   23.2939
   -7.5000   37.5000    7.5000 1886.4338   26.8628
    0.0000   37.5000    7.5000 1886.5394   26.6416
    7.5000   37.5000    7.5000 1868.1227   27.0588
   -7.5000   45.0000    7.5000 1707.7086   31.9096
    0.0000   45.0000    7.5000 1717.3711   31.7581
    7.5000   45.0000    7.5000 1696.2905   32.2029
   -7.5000  -45.0000   15.0000 2770.8896   14.1663
    0.0000  -45.0000   15.0000 2775.4585   14.2180
    7.5000  -45.0000   15.0000 2725.2114   14.8183
   -7.5000  -37.5000   15.0000 2866.6558   13.5586
    0.0000  -37.5000   15.0000 2869.4832   13.6163
    7.5000  -37.5000   15.0000 2807.9226   14.1826
   -7.5000  -30.0000   15.0000 2914.7053   13.2929
    0.0000  -30.0000   15.0000 2911.7300   13.3172
    7.5000  -30.0000   15.0000 2847.8513   13.8493
   -7.5000  -22.5000   15.0000 2914.4526   13.3955
    0.0000  -22.5000   15.0000 2915.9153   13.4159
    7.5000  -22.5000   15.0000 2851.6619   13.8041
   -7.5000  -15.0000   15.0000 2863.3484   13.7216
    0.0000  -15.0000   15.0000 2860.3547   13.7089
    7.5000  -15.0000   15.0000 2810.2690   14.0575
   -7.5000   -7.5000   15.0000 2777.4326   14.2609
    0.0000   -7.5000   15.0000 2771.9534   14.2075
    7.5000   -7.5000   15.0000 2728.2437   14.5598
   -7.5000    0.0000   15.0000 2647.6646   15.1477
    0.0000    0.0000   15.0000 2656.8564   15.0487
    7.5000    0.0000   15.0000 2615.7017   15.3865
   -7.5000    7.5000   15.0000 2516.1328   16.4057
    0.0000    7.5000   15.0000 2525.2241   16.2704
    7.5000    7.5000   15.0000 2484.8057   16.6150
   -7.5000   15.0000   15.0000 2357.8325   18.0774
    0.0000   15.0000   15.0000 2366.2112   17.9461
    7.5000   15.0000   15.0000 2331.0391   18.3051
   -7.5000   22.5000   15.0000 2199.9026   20.2266
    0.0000   22.5000   15.0000 2205.4312   20.0875
    7.5000   22.5000   15.0000 2173.1199   20.4510
   -7.5000   30.0000   15.0000 2029.7668   23.1289
    0.0000   30.0000   15.0000 2032.4108   22.9552
    7.5000   30.0000   15.0000 2009.1599   23.3322
   -7.5000   37.5000   15.0000 1881.3021   27.0027
    0.0000   37.5000   15.0000 1884.7584   26.7881
    7.5000   37.5000   15.0000 1859.5448   27.1880
   -7.5000   45.0000   15.0000 1709.5001   31.9941
    0.0000   45.0000   15.0000 1714.1146   31.8194
    7.5000   45.0000   15.0000 1689.0797   32.1867
   -7.5000  -45.0000   22.5000 2744.2993   14.6085
    0.0000  -45.0000   22.5000 2746.7288   14.6575
    7.5000  -45.0000   22.5000 2695.2058   15.2191
   -7.5000  -37.5000   22.5000 2834.9575   13.9734
    0.0000  -37.5000   22.5000 2833.9617   13.9801
    7.5000  -37.5000   22.5000 2773.4001   14.5512
   -7.5000  -30.0000   22.5000 2877.8276   13.7718
    0.0000  -30.0000   22.5000 2881.4175   13.7734
    7.5000  -30.0000   22.5000 2816.0442   14.1956
   -7.5000  -22.5000   22.5000 2874.9500   13.8826
    0.0000  -22.5000   22.5000 2879.7087   13.8822
    7.5000  -22.5000   22.5000 2818.2966   14.1996
   -7.5000  -15.0000   22.5000 2820.1536   14.1766
    0.0000  -15.0000   22.5000 2821.3560   14.1793
    7.5000  -15.0000   22.5000 2770.0981   14.4614
   -7.5000   -7.5000   22.5000 2734.8850   14.7235
    0.0000   -7.5000   22.5000 2735.7390   14.7040
    7.5000   -7.5000   22.5000 2693.5247   14.9981
   -7.5000    0.0000   22.5000 2618.5386   15.5882
    0.0000    0.0000   22.5000 2622.1084   15.5035
    7.5000    0.0000   22.5000 2582.6995   15.8275
   -7.5000    7.5000   22.5000 2483.5884   16.7919
    0.0000    7.5000   22.5000 2494.1521   16.6634
    7.5000    7.5000   22.5000 2458.2451   16.9911
   -7.5000   15.0000   22.5000 2333.1919   18.4003
    0.0000   15.0000   22.5000 2339.1003   18.2686
    7.5000   15.0000   22.5000 2314.2520   18.6460
   -7.5000   22.5000   22.5000 2177.2061   20.5473
    0.0000   22.5000   22.5000 2184.4485   20.3534
    7.5000   22.5000   22.5000 2152.5586   20.7573
   -7.5000   30.0000   22.5000 2012.0106   23.3530
    0.0000   30.0000   22.5000 2018.5168   23.0797
    7.5000   30.0000   22.5000 1992.0551   23.5540
   -7.5000   37.5000   22.5000 1860.8656   27.0848
    0.0000   37.5000   22.5000 1863.2662   26.8942
    7.5000   37.5000   22.5000 1838.5668   27.3814
   -7.5000   45.0000   22.5000 1695.1562   32.0883
    0.0000   45.0000   22.5000 1696.1174   31.9241
    7.5000   45.0000   22.5000 1670.6357   32.3956
   -7.5000  -45.0000   30.0000 2701.7834   15.2111
    0.0000  -45.0000   30.0000 2704.7698   15.2420
    7.5000  -45.0000   30.0000 2648.7874   15.7979
   -7.5000  -37.5000   30.0000 2788.2524   14.5683
    0.0000  -37.5000   30.0000 2788.3613   14.5853
    7.5000  -37.5000   30.0000 2727.2166   15.0872
   -7.5000  -30.0000   30.0000 2817.1643   14.4005
    0.0000  -30.0000   30.0000 2825.5283   14.3997
    7.5000  -30.0000   30.0000 2760.4478   14.7688
   -7.5000  -22.5000   30.0000 2809.7278   14.4888
    0.0000  -22.5000   30.0000 2817.9854   14.4843
    7.5000  -22.5000   30.0000 2755.2434   14.7880
   -7.5000  -15.0000   30.0000 2753.0901   14.7706
    0.0000  -15.0000   30.0000 2755.2136   14.7875
    7.5000  -15.0000   30.0000 2706.6357   15.0682
   -7.5000   -7.5000   30.0000 2670.4385   15.3236
    0.0000   -7.5000   30.0000 2673.1982   15.3147
    7.5000   -7.5000   30.0000 2633.5032   15.5930
   -7.5000    0.0000   30.0000 2566.3987   16.1787
    0.0000    0.0000   30.0000 2569.4250   16.1226
    7.5000    0.0000   30.0000 2529.0608   16.4398
   -7.5000    7.5000   30.0000 2434.4919   17.4038
    0.0000    7.5000   30.0000 2446.3486   17.3163
    7.5000    7.5000   30.0000 2408.8730   17.6403
   -7.5000   15.0000   30.0000 2287.1882   18.9368
    0.0000   15.0000   30.0000 2295.0825   18.8333
    7.5000   15.0000   30.0000 2269.7151   19.2233
   -7.5000   22.5000   30.0000 2141.0845   21.0092
    0.0000   22.5000   30.0000 2140.3074   20.8999
    7.5000   22.5000   30.0000 2115.8623   21.3129
   -7.5000   30.0000   30.0000 1987.5681   23.8051
    0.0000   30.0000   30.0000 1986.8446   23.5839
    7.5000   30.0000   30.0000 1964.4065   24.0776
   -7.5000   37.5000   30.0000 1829.0897   27.4956
    0.0000   37.5000   30.0000 1832.4281   27.3360
    7.5000   37.5000   30.0000 1809.3086   27.8179
   -7.5000   45.0000   30.0000 1666.3800   32.5835
    0.0000   45.0000   30.0000 1667.5243   32.4111
    7.5000   45.0000   30.0000 1647.5740   32.8328
   -7.5000  -45.0000   37.5000 2653.0769   16.0469
    0.0000  -45.0000   37.5000 2652.3699   16.0661
    7.5000  -45.0000   37.5000 2598.3684   16.5711
   -7.5000  -37.5000   37.5000 2728.2917   15.4054
    0.0000  -37.5000   37.5000 2723.3440   15.4258
    7.5000  -37.5000   37.5000 2665.7595   15.8399
   -7.5000  -30.0000   37.5000 2748.8521   15.1967
    0.0000  -30.0000   37.5000 2751.3225   15.1955
    7.5000  -30.0000   37.5000 2695.7341   15.5368
   -7.5000  -22.5000   37.5000 2734.7773   15.2317
    0.0000  -22.5000   37.5000 2734.4983   15.2435
    7.5000  -22.5000   37.5000 2685.7478   15.5514
   -7.5000  -15.0000   37.5000 2676.5059   15.5323
    0.0000  -15.0000   37.5000 2674.1514   15.5460
    7.5000  -15.0000   37.5000 2637.3752   15.8302
   -7.5000   -7.5000   37.5000 2597.1707   16.0882
    0.0000   -7.5000   37.5000 2598.2642   16.0705
    7.5000   -7.5000   37.5000 2567.7129   16.3602
   -7.5000    0.0000   37.5000 2502.8628   16.9255
    0.0000    0.0000   37.5000 2504.3066   16.8957
    7.5000    0.0000   37.5000 2469.2009   17.2355
   -7.5000    7.5000   37.5000 2381.0820   18.1355
    0.0000    7.5000   37.5000 2385.6394   18.1091
    7.5000    7.5000   37.5000 2355.9143   18.4548
   -7.5000   15.0000   37.5000 2240.6194   19.7124
    0.0000   15.0000   37.5000 2240.0613   19.6491
    7.5000   15.0000   37.5000 2214.4717   20.0763
   -7.5000   22.5000   37.5000 2095.8860   21.8498
    0.0000   22.5000   37.5000 2093.8323   21.7120
    7.5000   22.5000   37.5000 2073.3955   22.1442
   -7.5000   30.0000   37.5000 1946.0723   24.5598
    0.0000   30.0000   37.5000 1945.7739   24.4004
    7.5000   30.0000   37.5000 1929.9768   24.8955
   -7.5000   37.5000   37.5000 1789.3628   28.3470
    0.0000   37.5000   37.5000 1795.5450   28.1749
    7.5000   37.5000   37.5000 1779.2142   28.6492
   -7.5000   45.0000   37.5000 1625.6119   33.5345
    0.0000   45.0000   37.5000 1630.4565   33.3481
    7.5000   45.0000   37.5000 1613.2119   33.8285
   -7.5000  -45.0000   45.0000 2583.3464   17.1272
    0.0000  -45.0000   45.0000 2581.2268   17.1374
    7.5000  -45.0000   45.0000 2531.5342   17.5954
   -7.5000  -37.5000   45.0000 2643.6797   16.4703
    0.0000  -37.5000   45.0000 2639.9915   16.4539
    7.5000  -37.5000   45.0000 2588.4653   16.8332
   -7.5000  -30.0000   45.0000 2660.0449   16.1931
    0.0000  -30.0000   45.0000 2663.8899   16.1908
    7.5000  -30.0000   45.0000 2615.9414   16.5255
   -7.5000  -22.5000   45.0000 2644.1770   16.1696
    0.0000  -22.5000   45.0000 2644.1057   16.1802
    7.5000  -22.5000   45.0000 2606.0747   16.4935
   -7.5000  -15.0000   45.0000 2588.6763   16.4651
    0.0000  -15.0000   45.0000 2588.0427   16.4896
    7.5000  -15.0000   45.0000 2557.5408   16.7914
   -7.5000   -7.5000   45.0000 2512.6543   17.0596
    0.0000   -7.5000   45.0000 2518.4185   17.0428
    7.5000   -7.5000   45.0000 2486.3706   17.3619
   -7.5000    0.0000   45.0000 2423.0212   17.8756
    0.0000    0.0000   45.0000 2421.1199   17.8331
    7.5000    0.0000   45.0000 2396.5686   18.1709
   -7.5000    7.5000   45.0000 2312.0740   19.0768
    0.0000    7.5000   45.0000 2312.7947   19.0289
    7.5000    7.5000   45.0000 2291.4529   19.3836
   -7.5000   15.0000   45.0000 2178.3281   20.6833
    0.0000   15.0000   45.0000 2177.7021   20.6309
    7.5000   15.0000   45.0000 2153.5857   21.0583
   -7.5000   22.5000   45.0000 2037.2043   22.8887
    0.0000   22.5000   45.0000 2038.5565   22.8211
    7.5000   22.5000   45.0000 2013.4047   23.2649
   -7.5000   30.0000   45.0000 1896.3229   25.6965
    0.0000   30.0000   45.0000 1896.9351   25.5940
    7.5000   30.0000   45.0000 1876.3759   26.1502
   -7.5000   37.5000   45.0000 1748.0950   29.5755
    0.0000   37.5000   45.0000 1753.0837   29.4150
    7.5000   37.5000   45.0000 1734.0820   29.9993
   -7.5000   45.0000   45.0000 1584.5203   35.0176
    0.0000   45.0000   45.0000 1591.2296   34.8843
    7.5000   45.0000   45.0000 1577.5902   35.3332

---------------------------------------------------------------------
imgreg_4dfp /opt/freesurfer/average/711-2C_as_mni_average_305 /opt/freesurfer/average/711-2B_as_mni_average_305_mask talsrcimg_g11 none talsrcimg_to_711-2C_as_mni_average_305_t4 1283
---------------------------------------------------------------------

freesurfer imgreg_4dfp.c
/opt/freesurfer/average/711-2C_as_mni_average_305.4dfp.img
       256       256       256         1
  1.000000  1.000000  1.000000
orientation T byte_order littleendian
Reading image: /opt/freesurfer/average/711-2C_as_mni_average_305.4dfp.img
dimensions:      256       256       256
mmppix:       1.0000   -1.0000   -1.0000
center:     128.0000 -129.0000 -129.0000
/opt/freesurfer/average/711-2B_as_mni_average_305_mask.4dfp.img
       256       256       256         1
  1.000000  1.000000  1.000000
orientation T byte_order littleendian
Reading mask: /opt/freesurfer/average/711-2B_as_mni_average_305_mask.4dfp.img (2306576 pixels)
talsrcimg_g11.4dfp.img
       256       256       256         1
  1.000000  1.000000  1.000000
orientation T byte_order littleendian
Reading image: talsrcimg_g11.4dfp.img
dimensions:      256       256       256
mmppix:       1.0000   -1.0000   -1.0000
center:     128.0000 -129.0000 -129.0000
rotation matrix determinant  1.000000
fimgreg.f
image alignment mode   1283 decimal      503 hex
parameters
    0.0000  -30.0000    7.5000    0.0000    0.0000    0.0000
eta,q 0.92019 13.00470
niter,ni,del,rscale     5    3   12.0000    1.2000
parameter  5 -0.773121 -> -0.500000 qaram    1.1500
parameters
   -2.7685  -28.2324    9.8700   -0.0211    3.4500   -0.6933
eta,q 0.92490 12.95636
  0.0793  0.0936  0.0830  0.0799  0.0803  0.0791
  0.0781  0.0873  0.0814  0.0775  0.0785  0.0771
  0.0786  0.0813  0.0795  0.0761  0.0769  0.0753
  0.0797  0.0777  0.0767  0.0761  0.0761  0.0753
  0.0814  0.0770  0.0759  0.0770  0.0758  0.0767
  0.0868  0.0791  0.0765  0.0779  0.0751  0.0786
  0.0949  0.0822  0.0785  0.0794  0.0752  0.0810
niter,ni,del,rscale     5    3   12.0000    1.2000
parameters
   -4.4763  -28.1172   10.6279    0.2211    4.9648   -1.4364
eta,q 0.92559 13.03333
  0.0778  0.0855  0.0796  0.0797  0.0794  0.0781
  0.0753  0.0790  0.0775  0.0767  0.0772  0.0763
  0.0748  0.0757  0.0755  0.0752  0.0756  0.0747
  0.0751  0.0749  0.0749  0.0748  0.0748  0.0745
  0.0764  0.0759  0.0749  0.0753  0.0747  0.0758
  0.0807  0.0798  0.0760  0.0766  0.0753  0.0779
  0.0877  0.0838  0.0777  0.0786  0.0766  0.0802
niter,ni,del,rscale     4    3   12.0000    1.2000
parameters
   -5.2783  -28.0442   11.5488    0.0266    5.0667   -2.3080
eta,q 0.92623 13.10233
  0.0794  0.0851  0.0787  0.0790  0.0788  0.0772
  0.0751  0.0788  0.0769  0.0760  0.0766  0.0754
  0.0740  0.0751  0.0753  0.0744  0.0751  0.0740
  0.0744  0.0742  0.0742  0.0740  0.0740  0.0740
  0.0757  0.0757  0.0742  0.0752  0.0750  0.0751
  0.0778  0.0797  0.0753  0.0772  0.0765  0.0772
  0.0829  0.0835  0.0768  0.0789  0.0784  0.0796
niter,ni,del,rscale     3    3   12.0000    1.2000
parameters
   -5.4424  -27.7120   11.7120   -0.2892    4.7726   -2.5554
eta,q 0.92638 13.11083
  0.0814  0.0855  0.0777  0.0787  0.0781  0.0779
  0.0757  0.0790  0.0762  0.0757  0.0762  0.0757
  0.0734  0.0747  0.0746  0.0741  0.0747  0.0742
  0.0738  0.0737  0.0737  0.0737  0.0737  0.0736
  0.0759  0.0750  0.0744  0.0750  0.0751  0.0745
  0.0776  0.0787  0.0757  0.0771  0.0768  0.0762
  0.0806  0.0822  0.0775  0.0791  0.0787  0.0787
niter,ni,del,rscale     2    3   12.0000    1.2000
parameters
   -5.3537  -27.4484   11.7117   -0.6131    4.4348   -2.5448
eta,q 0.92626 13.10883
  0.0822  0.0849  0.0775  0.0786  0.0778  0.0784
  0.0762  0.0785  0.0760  0.0757  0.0761  0.0761
  0.0736  0.0746  0.0746  0.0743  0.0748  0.0744
  0.0736  0.0737  0.0738  0.0738  0.0737  0.0737
  0.0757  0.0752  0.0744  0.0750  0.0751  0.0745
  0.0776  0.0788  0.0756  0.0770  0.0767  0.0760
  0.0799  0.0819  0.0778  0.0791  0.0785  0.0783
niter,ni,del,rscale     1    3   12.0000    1.2000
parameters
   -5.1948  -27.2531   11.6042   -0.8742    4.1523   -2.4709
eta,q 0.92615 13.10624
  0.0821  0.0843  0.0774  0.0786  0.0776  0.0785
  0.0763  0.0781  0.0758  0.0759  0.0760  0.0762
  0.0739  0.0745  0.0747  0.0744  0.0750  0.0745
  0.0737  0.0738  0.0739  0.0739  0.0739  0.0738
  0.0756  0.0755  0.0744  0.0750  0.0751  0.0746
  0.0775  0.0789  0.0757  0.0769  0.0765  0.0760
  0.0796  0.0816  0.0780  0.0791  0.0781  0.0782
registration optimization eta report
parameter search radius
    6.0000    6.0000    6.0000    6.0000    6.9000    6.0000
100000*second partial in parameter space
       19.       25.       10.       13.        7.       12.
  0.0821  0.0843  0.0774  0.0786  0.0776  0.0785
  0.0763  0.0781  0.0758  0.0759  0.0760  0.0762
  0.0739  0.0745  0.0747  0.0744  0.0750  0.0745
  0.0737  0.0738  0.0739  0.0739  0.0739  0.0738
  0.0756  0.0755  0.0744  0.0750  0.0751  0.0746
  0.0775  0.0789  0.0757  0.0769  0.0765  0.0760
  0.0796  0.0816  0.0780  0.0791  0.0781  0.0782
   -5.1948  -27.2531   11.6042   -0.8742    4.1523   -2.4709
eta,q 0.92615 13.10624

---------------------------------------------------------------------
imgreg_4dfp /opt/freesurfer/average/711-2C_as_mni_average_305 /opt/freesurfer/average/711-2B_as_mni_average_305_mask talsrcimg_g11 none talsrcimg_to_711-2C_as_mni_average_305_t4 3335
---------------------------------------------------------------------

freesurfer imgreg_4dfp.c
/opt/freesurfer/average/711-2C_as_mni_average_305.4dfp.img
       256       256       256         1
  1.000000  1.000000  1.000000
orientation T byte_order littleendian
Reading image: /opt/freesurfer/average/711-2C_as_mni_average_305.4dfp.img
dimensions:      256       256       256
mmppix:       1.0000   -1.0000   -1.0000
center:     128.0000 -129.0000 -129.0000
/opt/freesurfer/average/711-2B_as_mni_average_305_mask.4dfp.img
       256       256       256         1
  1.000000  1.000000  1.000000
orientation T byte_order littleendian
Reading mask: /opt/freesurfer/average/711-2B_as_mni_average_305_mask.4dfp.img (2306576 pixels)
talsrcimg_g11.4dfp.img
       256       256       256         1
  1.000000  1.000000  1.000000
orientation T byte_order littleendian
Reading image: talsrcimg_g11.4dfp.img
dimensions:      256       256       256
mmppix:       1.0000   -1.0000   -1.0000
center:     128.0000 -129.0000 -129.0000
fimgreg.f
image alignment mode   3335 decimal      D07 hex
parameters
   -5.1948  -27.2531   11.6042   -0.3552   -0.1094   -0.2741
    4.4211   -7.1675   -4.2999    1.8364    7.2409   -1.5217
eta,q 0.92547 13.00660
niter,ni,del,rscale     5    3    5.0000    1.2000
parameter  4  9.199700 ->  0.500000 qaram    1.1500
parameter  5  6.600104 ->  0.500000 qaram    1.1500
parameter  6  1.350996 ->  0.500000 qaram    1.1500
parameter 12  1.626697 ->  0.500000 qaram    1.1500
parameters
   -5.5600  -26.4994   10.5294   -4.4952   -4.2494   -4.4141
    5.3087   -5.9470   -1.0046    1.0505    4.3193   -5.6617
eta,q 0.94028 12.22169
  0.0756  0.0762  0.0744  0.0643  0.0600  0.0593  0.0631  0.0652  0.0622  0.0620  0.0609  0.0594
  0.0748  0.0754  0.0743  0.0675  0.0630  0.0607  0.0621  0.0633  0.0616  0.0612  0.0607  0.0596
  0.0745  0.0748  0.0743  0.0709  0.0656  0.0620  0.0614  0.0617  0.0612  0.0608  0.0606  0.0600
  0.0745  0.0745  0.0744  0.0743  0.0685  0.0637  0.0610  0.0610  0.0609  0.0608  0.0608  0.0606
  0.0749  0.0744  0.0745  0.0780  0.0714  0.0660  0.0611  0.0610  0.0608  0.0611  0.0611  0.0614
  0.0755  0.0745  0.0748  0.0817  0.0746  0.0694  0.0615  0.0617  0.0608  0.0617  0.0615  0.0622
  0.0764  0.0749  0.0754  0.0856  0.0783  0.0732  0.0623  0.0632  0.0609  0.0626  0.0622  0.0630
niter,ni,del,rscale     7    3    5.0000    1.2000
parameter  3  1.419378 ->  0.500000 qaram    1.1500
parameter  4  2.141179 ->  0.500000 qaram    1.3225
parameter  5  3.790588 ->  0.500000 qaram    1.3225
parameter  6  0.562156 ->  0.500000 qaram    1.3225
parameter 12  1.003986 ->  0.500000 qaram    1.3225
parameters
   -5.6217  -26.6348    9.1494   -9.2562   -9.0104   -9.1751
    5.2103   -5.8350   -1.7775    3.6059    5.9317  -10.4227
eta,q 0.95420 11.78190
  0.0615  0.0605  0.0581  0.0513  0.0457  0.0471  0.0492  0.0503  0.0477  0.0500  0.0474  0.0457
  0.0603  0.0600  0.0584  0.0528  0.0475  0.0468  0.0479  0.0483  0.0471  0.0484  0.0470  0.0457
  0.0598  0.0597  0.0590  0.0553  0.0503  0.0471  0.0471  0.0470  0.0468  0.0474  0.0467  0.0460
  0.0597  0.0597  0.0597  0.0586  0.0534  0.0482  0.0468  0.0468  0.0468  0.0468  0.0466  0.0465
  0.0600  0.0598  0.0606  0.0623  0.0564  0.0493  0.0471  0.0473  0.0470  0.0466  0.0465  0.0472
  0.0606  0.0601  0.0617  0.0662  0.0599  0.0519  0.0479  0.0483  0.0474  0.0467  0.0466  0.0480
  0.0615  0.0606  0.0631  0.0704  0.0633  0.0566  0.0493  0.0498  0.0482  0.0473  0.0469  0.0490
niter,ni,del,rscale     7    3    5.0000    1.2000
parameter  2 -1.064009 -> -0.500000 qaram    1.1500
parameter  4  0.597171 ->  0.500000 qaram    1.5209
parameter  5  0.937154 ->  0.500000 qaram    1.5209
parameter 10 -0.762473 -> -0.500000 qaram    1.1500
parameter 12  0.804613 ->  0.500000 qaram    1.5209
parameters
   -5.0231  -25.2548    8.0724  -14.7314  -14.4855  -10.7020
    5.8365   -6.2565   -2.4907    7.7459    8.0433  -15.8978
eta,q 0.96221 11.38828
  0.0498  0.0506  0.0445  0.0433  0.0395  0.0407  0.0421  0.0416  0.0404  0.0431  0.0390  0.0378
  0.0479  0.0486  0.0441  0.0424  0.0392  0.0400  0.0408  0.0402  0.0397  0.0416  0.0387  0.0378
  0.0465  0.0469  0.0440  0.0424  0.0401  0.0395  0.0398  0.0394  0.0394  0.0403  0.0385  0.0379
  0.0458  0.0456  0.0442  0.0440  0.0423  0.0393  0.0394  0.0393  0.0393  0.0393  0.0384  0.0384
  0.0457  0.0447  0.0448  0.0470  0.0454  0.0396  0.0395  0.0398  0.0396  0.0387  0.0384  0.0390
  0.0461  0.0441  0.0458  0.0508  0.0487  0.0408  0.0402  0.0407  0.0401  0.0384  0.0384  0.0398
  0.0471  0.0439  0.0473  0.0550  0.0524  0.0422  0.0413  0.0421  0.0409  0.0386  0.0386  0.0409
niter,ni,del,rscale     7    3    5.0000    1.2000
parameter  2 -1.369045 -> -0.500000 qaram    1.3225
parameter 10 -0.803165 -> -0.500000 qaram    1.3225
parameter 12  0.765720 ->  0.500000 qaram    1.7490
parameters
   -4.9380  -23.6678    7.4913  -15.2266  -19.0148  -10.1527
    6.6102   -6.0324   -3.3047   12.5069    8.0624  -22.1943
eta,q 0.96777 11.21198
  0.0408  0.0466  0.0354  0.0393  0.0359  0.0368  0.0368  0.0374  0.0352  0.0401  0.0335  0.0325
  0.0392  0.0432  0.0349  0.0374  0.0350  0.0357  0.0357  0.0358  0.0348  0.0380  0.0333  0.0322
  0.0382  0.0403  0.0347  0.0359  0.0345  0.0350  0.0349  0.0348  0.0345  0.0361  0.0331  0.0324
  0.0378  0.0378  0.0347  0.0347  0.0348  0.0346  0.0345  0.0345  0.0345  0.0345  0.0331  0.0331
  0.0380  0.0358  0.0350  0.0348  0.0372  0.0345  0.0346  0.0348  0.0347  0.0335  0.0331  0.0339
  0.0389  0.0344  0.0356  0.0372  0.0410  0.0354  0.0351  0.0356  0.0350  0.0330  0.0333  0.0349
  0.0404  0.0337  0.0367  0.0413  0.0452  0.0364  0.0361  0.0370  0.0357  0.0333  0.0336  0.0360
niter,ni,del,rscale     7    3    5.0000    1.2000
parameter  2 -0.902854 -> -0.500000 qaram    1.5209
parameters
   -4.7772  -21.8427    6.3892  -14.1429  -21.0551   -9.5292
    6.6758   -5.4817   -3.3496   15.9412    8.0175  -26.7662
eta,q 0.97206 11.22252
  0.0357  0.0420  0.0300  0.0354  0.0323  0.0331  0.0319  0.0338  0.0305  0.0369  0.0292  0.0296
  0.0339  0.0381  0.0296  0.0332  0.0309  0.0316  0.0305  0.0314  0.0297  0.0334  0.0289  0.0281
  0.0327  0.0348  0.0295  0.0313  0.0298  0.0304  0.0296  0.0298  0.0294  0.0309  0.0287  0.0280
  0.0322  0.0322  0.0297  0.0295  0.0291  0.0294  0.0293  0.0293  0.0293  0.0293  0.0286  0.0286
  0.0324  0.0305  0.0303  0.0288  0.0298  0.0291  0.0295  0.0296  0.0294  0.0286  0.0287  0.0298
  0.0333  0.0296  0.0314  0.0306  0.0331  0.0300  0.0304  0.0307  0.0298  0.0290  0.0289  0.0312
  0.0349  0.0294  0.0329  0.0345  0.0378  0.0330  0.0319  0.0325  0.0305  0.0306  0.0292  0.0325
niter,ni,del,rscale     7    3    5.0000    1.2000
parameters
   -4.6156  -20.5865    5.7724  -13.9915  -22.4776   -9.8786
    6.9385   -5.3057   -3.3519   17.5556    7.8006  -27.4320
eta,q 0.97259 11.16141
  0.0321  0.0366  0.0285  0.0334  0.0311  0.0318  0.0307  0.0322  0.0288  0.0344  0.0282  0.0310
  0.0299  0.0325  0.0277  0.0311  0.0295  0.0301  0.0291  0.0296  0.0281  0.0310  0.0278  0.0285
  0.0285  0.0296  0.0273  0.0290  0.0282  0.0286  0.0281  0.0280  0.0277  0.0287  0.0276  0.0274
  0.0279  0.0279  0.0273  0.0272  0.0272  0.0275  0.0276  0.0276  0.0276  0.0276  0.0275  0.0275
  0.0282  0.0273  0.0279  0.0272  0.0277  0.0275  0.0278  0.0282  0.0277  0.0277  0.0276  0.0284
  0.0292  0.0279  0.0289  0.0298  0.0308  0.0294  0.0288  0.0295  0.0281  0.0288  0.0279  0.0297
  0.0311  0.0295  0.0305  0.0344  0.0352  0.0338  0.0304  0.0316  0.0288  0.0309  0.0283  0.0310
niter,ni,del,rscale     6    3    5.0000    1.2000
parameters
   -4.5569  -20.2890    5.5148  -13.6480  -22.8913  -10.0042
    6.9796   -5.1982   -3.3321   18.0560    7.7957  -27.7797
eta,q 0.97260 11.15506
  0.0312  0.0327  0.0289  0.0334  0.0315  0.0318  0.0304  0.0320  0.0287  0.0330  0.0283  0.0312
  0.0292  0.0298  0.0281  0.0312  0.0298  0.0300  0.0289  0.0294  0.0279  0.0299  0.0278  0.0287
  0.0279  0.0280  0.0275  0.0292  0.0285  0.0285  0.0278  0.0278  0.0275  0.0280  0.0275  0.0274
  0.0274  0.0274  0.0274  0.0274  0.0273  0.0274  0.0274  0.0274  0.0274  0.0274  0.0275  0.0275
  0.0278  0.0278  0.0277  0.0272  0.0271  0.0272  0.0277  0.0280  0.0276  0.0279  0.0276  0.0284
  0.0289  0.0290  0.0285  0.0295  0.0293  0.0290  0.0287  0.0294  0.0280  0.0294  0.0278  0.0296
  0.0308  0.0310  0.0297  0.0340  0.0336  0.0334  0.0304  0.0316  0.0286  0.0318  0.0282  0.0309
niter,ni,del,rscale     5    3    5.0000    1.2000
parameters
   -4.5439  -20.2164    5.4157  -13.5549  -23.0103  -10.0783
    7.0092   -5.1665   -3.3100   18.2329    7.8468  -27.9161
eta,q 0.97257 11.15338
  0.0311  0.0320  0.0291  0.0332  0.0317  0.0319  0.0304  0.0319  0.0287  0.0326  0.0283  0.0314
  0.0291  0.0293  0.0282  0.0311  0.0300  0.0301  0.0288  0.0294  0.0279  0.0297  0.0278  0.0288
  0.0278  0.0278  0.0276  0.0292  0.0286  0.0285  0.0278  0.0278  0.0275  0.0279  0.0275  0.0274
  0.0274  0.0274  0.0274  0.0274  0.0274  0.0274  0.0274  0.0274  0.0274  0.0274  0.0274  0.0274
  0.0278  0.0279  0.0276  0.0274  0.0270  0.0271  0.0277  0.0281  0.0276  0.0281  0.0275  0.0283
  0.0290  0.0293  0.0283  0.0299  0.0290  0.0289  0.0287  0.0295  0.0280  0.0297  0.0278  0.0296
  0.0310  0.0314  0.0294  0.0343  0.0332  0.0334  0.0304  0.0316  0.0286  0.0320  0.0282  0.0308
niter,ni,del,rscale     4    3    5.0000    1.2000
parameters
   -4.5405  -20.1897    5.3775  -13.5341  -23.0465  -10.1087
    7.0237   -5.1631   -3.2965   18.2984    7.8859  -27.9711
eta,q 0.97256 11.15281
  0.0311  0.0318  0.0292  0.0332  0.0317  0.0319  0.0303  0.0319  0.0287  0.0325  0.0283  0.0314
  0.0291  0.0292  0.0282  0.0311  0.0300  0.0301  0.0288  0.0294  0.0279  0.0296  0.0278  0.0289
  0.0279  0.0278  0.0277  0.0292  0.0286  0.0286  0.0278  0.0278  0.0276  0.0279  0.0275  0.0275
  0.0274  0.0274  0.0274  0.0274  0.0274  0.0274  0.0274  0.0274  0.0274  0.0274  0.0274  0.0274
  0.0278  0.0280  0.0276  0.0275  0.0270  0.0271  0.0277  0.0281  0.0276  0.0281  0.0275  0.0283
  0.0291  0.0294  0.0283  0.0300  0.0289  0.0289  0.0287  0.0295  0.0280  0.0297  0.0278  0.0295
  0.0310  0.0315  0.0294  0.0344  0.0331  0.0333  0.0304  0.0317  0.0286  0.0321  0.0283  0.0308
niter,ni,del,rscale     3    3    5.0000    1.2000
parameters
   -4.5403  -20.1795    5.3632  -13.5287  -23.0612  -10.1209
    7.0280   -5.1635   -3.2910   18.3270    7.8982  -27.9984
eta,q 0.97255 11.15258
  0.0311  0.0318  0.0292  0.0332  0.0317  0.0319  0.0303  0.0319  0.0287  0.0325  0.0283  0.0315
  0.0291  0.0292  0.0283  0.0311  0.0300  0.0301  0.0288  0.0294  0.0279  0.0296  0.0278  0.0289
  0.0279  0.0278  0.0277  0.0292  0.0287  0.0286  0.0278  0.0278  0.0276  0.0279  0.0275  0.0275
  0.0274  0.0274  0.0274  0.0274  0.0274  0.0274  0.0274  0.0275  0.0274  0.0274  0.0275  0.0275
  0.0279  0.0280  0.0276  0.0275  0.0270  0.0271  0.0277  0.0281  0.0276  0.0281  0.0275  0.0283
  0.0291  0.0294  0.0282  0.0300  0.0289  0.0289  0.0288  0.0295  0.0280  0.0298  0.0278  0.0295
  0.0311  0.0315  0.0293  0.0345  0.0331  0.0333  0.0304  0.0317  0.0287  0.0322  0.0283  0.0308
registration optimization eta report
parameter search radius
    2.4000    3.6501    2.7600   10.9503   10.9503    9.5220
    7.2000    7.2000    7.2000    9.5220    7.2000   12.5928
100000*second partial in parameter space
       63.       32.       24.        5.        4.        6.
        6.        8.        2.        5.        2.        2.
  0.0311  0.0318  0.0292  0.0332  0.0317  0.0319  0.0303  0.0319  0.0287  0.0325  0.0283  0.0315
  0.0291  0.0292  0.0283  0.0311  0.0300  0.0301  0.0288  0.0294  0.0279  0.0296  0.0278  0.0289
  0.0279  0.0278  0.0277  0.0292  0.0287  0.0286  0.0278  0.0278  0.0276  0.0279  0.0275  0.0275
  0.0274  0.0274  0.0274  0.0274  0.0274  0.0274  0.0274  0.0275  0.0274  0.0274  0.0275  0.0275
  0.0279  0.0280  0.0276  0.0275  0.0270  0.0271  0.0277  0.0281  0.0276  0.0281  0.0275  0.0283
  0.0291  0.0294  0.0282  0.0300  0.0289  0.0289  0.0288  0.0295  0.0280  0.0298  0.0278  0.0295
  0.0311  0.0315  0.0293  0.0345  0.0331  0.0333  0.0304  0.0317  0.0287  0.0322  0.0283  0.0308
   -4.5403  -20.1795    5.3632  -13.5287  -23.0612  -10.1209
    7.0280   -5.1635   -3.2910   18.3270    7.8982  -27.9984
eta,q 0.97255 11.15258

---------------------------------------------------------------------
imgreg_4dfp /opt/freesurfer/average/711-2C_as_mni_average_305 /opt/freesurfer/average/711-2B_as_mni_average_305_mask talsrcimg_g11 none talsrcimg_to_711-2C_as_mni_average_305_t4 2311
---------------------------------------------------------------------

freesurfer imgreg_4dfp.c
/opt/freesurfer/average/711-2C_as_mni_average_305.4dfp.img
       256       256       256         1
  1.000000  1.000000  1.000000
orientation T byte_order littleendian
Reading image: /opt/freesurfer/average/711-2C_as_mni_average_305.4dfp.img
dimensions:      256       256       256
mmppix:       1.0000   -1.0000   -1.0000
center:     128.0000 -129.0000 -129.0000
/opt/freesurfer/average/711-2B_as_mni_average_305_mask.4dfp.img
       256       256       256         1
  1.000000  1.000000  1.000000
orientation T byte_order littleendian
Reading mask: /opt/freesurfer/average/711-2B_as_mni_average_305_mask.4dfp.img (2306576 pixels)
talsrcimg_g11.4dfp.img
       256       256       256         1
  1.000000  1.000000  1.000000
orientation T byte_order littleendian
Reading image: talsrcimg_g11.4dfp.img
dimensions:      256       256       256
mmppix:       1.0000   -1.0000   -1.0000
center:     128.0000 -129.0000 -129.0000
fimgreg.f
image alignment mode   2311 decimal      907 hex
parameters
   -4.5403  -20.1795    5.3632  -13.5287  -23.0612  -10.1209
    7.0280   -5.1635   -3.2910   18.3270    7.8982  -27.9984
eta,q 0.97255 11.15258
niter,ni,del,rscale     5    3    5.0000    0.8000
parameters
   -4.5392  -20.3190    5.4016  -11.8442  -20.7551   -9.1366
    6.8715   -5.1720   -3.3117   18.7015    7.6332  -27.9646
eta,q 0.97339 11.35497
  0.0291  0.0281  0.0281  0.0298  0.0288  0.0286  0.0284  0.0293  0.0276  0.0286  0.0272  0.0276
  0.0282  0.0277  0.0277  0.0289  0.0282  0.0278  0.0274  0.0278  0.0270  0.0275  0.0269  0.0271
  0.0276  0.0275  0.0275  0.0281  0.0276  0.0272  0.0268  0.0269  0.0267  0.0269  0.0267  0.0267
  0.0275  0.0275  0.0274  0.0274  0.0271  0.0268  0.0266  0.0266  0.0266  0.0266  0.0266  0.0266
  0.0276  0.0276  0.0275  0.0271  0.0268  0.0266  0.0269  0.0270  0.0267  0.0267  0.0267  0.0268
  0.0282  0.0279  0.0277  0.0273  0.0268  0.0268  0.0276  0.0279  0.0271  0.0272  0.0269  0.0271
  0.0291  0.0284  0.0280  0.0280  0.0273  0.0277  0.0287  0.0292  0.0276  0.0280  0.0273  0.0276
niter,ni,del,rscale     4    3    5.0000    0.7000
parameters
   -4.6080  -20.6609    5.4028  -12.3067  -20.8147   -8.6338
    6.9464   -5.1827   -3.3811   18.4870    7.7911  -28.0037
eta,q 0.97352 11.36156
  0.0280  0.0271  0.0272  0.0279  0.0276  0.0279  0.0280  0.0286  0.0272  0.0277  0.0270  0.0273
  0.0272  0.0267  0.0269  0.0272  0.0271  0.0273  0.0272  0.0274  0.0268  0.0270  0.0267  0.0268
  0.0267  0.0266  0.0266  0.0267  0.0268  0.0269  0.0267  0.0267  0.0265  0.0266  0.0265  0.0265
  0.0266  0.0266  0.0266  0.0266  0.0266  0.0266  0.0265  0.0265  0.0265  0.0265  0.0265  0.0265
  0.0268  0.0269  0.0266  0.0269  0.0266  0.0265  0.0266  0.0268  0.0266  0.0267  0.0265  0.0266
  0.0274  0.0273  0.0268  0.0276  0.0270  0.0267  0.0271  0.0275  0.0268  0.0272  0.0267  0.0269
  0.0283  0.0279  0.0272  0.0287  0.0279  0.0276  0.0279  0.0285  0.0272  0.0279  0.0269  0.0273
niter,ni,del,rscale     3    3    5.0000    0.6000
parameters
   -4.6063  -20.7159    5.4327  -12.3850  -20.7787   -8.5237
    7.0182   -5.2279   -3.4238   18.4429    7.8540  -28.0057
eta,q 0.97354 11.36497
  0.0276  0.0271  0.0270  0.0277  0.0273  0.0274  0.0276  0.0280  0.0270  0.0274  0.0268  0.0271
  0.0270  0.0267  0.0267  0.0271  0.0269  0.0270  0.0270  0.0271  0.0267  0.0269  0.0266  0.0267
  0.0266  0.0265  0.0265  0.0266  0.0266  0.0267  0.0266  0.0266  0.0265  0.0265  0.0265  0.0265
  0.0265  0.0265  0.0265  0.0265  0.0265  0.0265  0.0265  0.0265  0.0265  0.0265  0.0265  0.0265
  0.0266  0.0266  0.0265  0.0266  0.0265  0.0265  0.0266  0.0267  0.0265  0.0266  0.0265  0.0265
  0.0270  0.0268  0.0267  0.0271  0.0268  0.0268  0.0269  0.0272  0.0267  0.0269  0.0266  0.0267
  0.0276  0.0272  0.0270  0.0278  0.0274  0.0275  0.0275  0.0280  0.0270  0.0274  0.0268  0.0270
niter,ni,del,rscale     2    3    5.0000    0.5000
parameters
   -4.6148  -20.7381    5.4442  -12.3863  -20.6830   -8.3880
    7.0364   -5.2544   -3.4443   18.4856    7.9009  -27.9540
eta,q 0.97356 11.37550
  0.0273  0.0269  0.0268  0.0274  0.0271  0.0272  0.0272  0.0275  0.0268  0.0272  0.0267  0.0269
  0.0268  0.0266  0.0266  0.0269  0.0268  0.0268  0.0268  0.0269  0.0266  0.0268  0.0266  0.0266
  0.0265  0.0265  0.0265  0.0266  0.0266  0.0266  0.0265  0.0266  0.0265  0.0265  0.0265  0.0265
  0.0265  0.0265  0.0265  0.0265  0.0265  0.0265  0.0264  0.0264  0.0264  0.0264  0.0264  0.0264
  0.0266  0.0265  0.0265  0.0265  0.0265  0.0265  0.0265  0.0266  0.0265  0.0265  0.0265  0.0265
  0.0268  0.0267  0.0266  0.0269  0.0267  0.0267  0.0268  0.0270  0.0266  0.0267  0.0266  0.0266
  0.0273  0.0269  0.0268  0.0274  0.0271  0.0271  0.0272  0.0275  0.0268  0.0271  0.0267  0.0268
niter,ni,del,rscale     1    3    5.0000    0.4000
parameters
   -4.6190  -20.7622    5.4432  -12.3835  -20.5789   -8.2329
    7.0515   -5.2774   -3.4618   18.5218    7.9562  -27.8800
eta,q 0.97357 11.38674
  0.0270  0.0267  0.0267  0.0270  0.0269  0.0269  0.0269  0.0271  0.0267  0.0269  0.0266  0.0267
  0.0267  0.0266  0.0265  0.0267  0.0267  0.0267  0.0267  0.0267  0.0265  0.0266  0.0265  0.0266
  0.0265  0.0265  0.0265  0.0265  0.0265  0.0265  0.0265  0.0265  0.0265  0.0265  0.0265  0.0265
  0.0264  0.0264  0.0264  0.0264  0.0264  0.0264  0.0264  0.0264  0.0264  0.0264  0.0264  0.0264
  0.0265  0.0265  0.0265  0.0265  0.0265  0.0264  0.0265  0.0265  0.0265  0.0265  0.0264  0.0265
  0.0267  0.0266  0.0265  0.0267  0.0266  0.0266  0.0266  0.0268  0.0265  0.0266  0.0265  0.0265
  0.0270  0.0267  0.0267  0.0271  0.0268  0.0269  0.0269  0.0272  0.0267  0.0269  0.0266  0.0267
registration optimization eta report
parameter search radius
    0.8000    0.8000    0.8000    2.4000    2.4000    2.4000
    2.4000    2.4000    2.4000    2.4000    2.4000    2.4000
100000*second partial in parameter space
       81.       46.       36.       11.        7.        8.
        9.       12.        5.        8.        3.        5.
  0.0270  0.0267  0.0267  0.0270  0.0269  0.0269  0.0269  0.0271  0.0267  0.0269  0.0266  0.0267
  0.0267  0.0266  0.0265  0.0267  0.0267  0.0267  0.0267  0.0267  0.0265  0.0266  0.0265  0.0266
  0.0265  0.0265  0.0265  0.0265  0.0265  0.0265  0.0265  0.0265  0.0265  0.0265  0.0265  0.0265
  0.0264  0.0264  0.0264  0.0264  0.0264  0.0264  0.0264  0.0264  0.0264  0.0264  0.0264  0.0264
  0.0265  0.0265  0.0265  0.0265  0.0265  0.0264  0.0265  0.0265  0.0265  0.0265  0.0264  0.0265
  0.0267  0.0266  0.0265  0.0267  0.0266  0.0266  0.0266  0.0268  0.0265  0.0266  0.0265  0.0265
  0.0270  0.0267  0.0267  0.0271  0.0268  0.0269  0.0269  0.0272  0.0267  0.0269  0.0266  0.0267
   -4.6190  -20.7622    5.4432  -12.3835  -20.5789   -8.2329
    7.0515   -5.2774   -3.4618   18.5218    7.9562  -27.8800
eta,q 0.97357 11.38674

---------------------------------------------------------------------
imgreg_4dfp /opt/freesurfer/average/711-2C_as_mni_average_305 /opt/freesurfer/average/711-2B_as_mni_average_305_mask talsrcimg_g11 none talsrcimg_to_711-2C_as_mni_average_305_t4 2311
---------------------------------------------------------------------

freesurfer imgreg_4dfp.c
/opt/freesurfer/average/711-2C_as_mni_average_305.4dfp.img
       256       256       256         1
  1.000000  1.000000  1.000000
orientation T byte_order littleendian
Reading image: /opt/freesurfer/average/711-2C_as_mni_average_305.4dfp.img
dimensions:      256       256       256
mmppix:       1.0000   -1.0000   -1.0000
center:     128.0000 -129.0000 -129.0000
/opt/freesurfer/average/711-2B_as_mni_average_305_mask.4dfp.img
       256       256       256         1
  1.000000  1.000000  1.000000
orientation T byte_order littleendian
Reading mask: /opt/freesurfer/average/711-2B_as_mni_average_305_mask.4dfp.img (2306576 pixels)
talsrcimg_g11.4dfp.img
       256       256       256         1
  1.000000  1.000000  1.000000
orientation T byte_order littleendian
Reading image: talsrcimg_g11.4dfp.img
dimensions:      256       256       256
mmppix:       1.0000   -1.0000   -1.0000
center:     128.0000 -129.0000 -129.0000
fimgreg.f
image alignment mode   2311 decimal      907 hex
parameters
   -4.6190  -20.7622    5.4432  -12.3835  -20.5789   -8.2329
    7.0515   -5.2774   -3.4618   18.5218    7.9562  -27.8800
eta,q 0.97357 11.38674
niter,ni,del,rscale     5    3    5.0000    0.8000
parameters
   -4.6248  -20.7785    5.4117  -12.6258  -21.0009   -8.7056
    7.0363   -5.2443   -3.3932   18.2827    7.8573  -28.1285
eta,q 0.97350 11.34078
  0.0285  0.0276  0.0273  0.0283  0.0276  0.0279  0.0283  0.0292  0.0275  0.0280  0.0271  0.0274
  0.0273  0.0269  0.0268  0.0274  0.0271  0.0272  0.0274  0.0277  0.0269  0.0271  0.0268  0.0269
  0.0267  0.0265  0.0265  0.0267  0.0267  0.0267  0.0267  0.0268  0.0266  0.0266  0.0266  0.0266
  0.0264  0.0264  0.0264  0.0264  0.0264  0.0265  0.0265  0.0265  0.0265  0.0265  0.0265  0.0265
  0.0267  0.0266  0.0265  0.0267  0.0266  0.0266  0.0267  0.0269  0.0266  0.0268  0.0266  0.0267
  0.0274  0.0270  0.0269  0.0275  0.0272  0.0274  0.0273  0.0277  0.0269  0.0274  0.0268  0.0271
  0.0285  0.0276  0.0274  0.0289  0.0285  0.0290  0.0283  0.0290  0.0274  0.0283  0.0272  0.0275
niter,ni,del,rscale     4    3    5.0000    0.7000
parameters
   -4.6074  -20.6940    5.4506  -12.4727  -20.9699   -8.7139
    7.0046   -5.2376   -3.3940   18.3898    7.8369  -28.1391
eta,q 0.97351 11.34611
  0.0281  0.0275  0.0272  0.0282  0.0276  0.0277  0.0279  0.0286  0.0272  0.0279  0.0270  0.0273
  0.0272  0.0270  0.0268  0.0274  0.0271  0.0272  0.0271  0.0274  0.0268  0.0271  0.0267  0.0268
  0.0267  0.0266  0.0266  0.0268  0.0267  0.0267  0.0267  0.0267  0.0266  0.0266  0.0265  0.0266
  0.0265  0.0265  0.0265  0.0265  0.0265  0.0265  0.0265  0.0265  0.0265  0.0265  0.0265  0.0265
  0.0267  0.0266  0.0266  0.0266  0.0265  0.0265  0.0266  0.0268  0.0266  0.0266  0.0265  0.0266
  0.0272  0.0268  0.0268  0.0271  0.0269  0.0269  0.0271  0.0274  0.0268  0.0270  0.0267  0.0269
  0.0280  0.0273  0.0271  0.0280  0.0277  0.0280  0.0280  0.0285  0.0272  0.0277  0.0270  0.0272
niter,ni,del,rscale     3    3    5.0000    0.6000
parameters
   -4.6083  -20.6884    5.4426  -12.3975  -20.8376   -8.5760
    7.0103   -5.2452   -3.4134   18.4696    7.8816  -28.0719
eta,q 0.97353 11.36051
  0.0276  0.0271  0.0270  0.0277  0.0274  0.0275  0.0275  0.0280  0.0270  0.0275  0.0268  0.0271
  0.0270  0.0268  0.0267  0.0271  0.0270  0.0270  0.0270  0.0271  0.0267  0.0269  0.0266  0.0267
  0.0266  0.0266  0.0265  0.0267  0.0267  0.0267  0.0266  0.0266  0.0265  0.0266  0.0265  0.0265
  0.0265  0.0265  0.0265  0.0265  0.0265  0.0265  0.0265  0.0265  0.0265  0.0265  0.0265  0.0265
  0.0266  0.0266  0.0265  0.0266  0.0265  0.0265  0.0266  0.0267  0.0265  0.0266  0.0265  0.0265
  0.0270  0.0268  0.0267  0.0270  0.0268  0.0268  0.0269  0.0272  0.0267  0.0269  0.0266  0.0267
  0.0276  0.0271  0.0270  0.0277  0.0273  0.0275  0.0276  0.0280  0.0270  0.0274  0.0268  0.0270
niter,ni,del,rscale     2    3    5.0000    0.5000
parameters
   -4.6132  -20.7200    5.4363  -12.3768  -20.7051   -8.4112
    7.0315   -5.2551   -3.4293   18.5089    7.9075  -27.9755
eta,q 0.97356 11.37417
  0.0273  0.0269  0.0268  0.0274  0.0271  0.0272  0.0272  0.0275  0.0268  0.0272  0.0267  0.0269
  0.0268  0.0266  0.0266  0.0269  0.0268  0.0269  0.0268  0.0269  0.0266  0.0268  0.0266  0.0266
  0.0266  0.0265  0.0265  0.0266  0.0266  0.0266  0.0265  0.0265  0.0265  0.0265  0.0265  0.0265
  0.0265  0.0265  0.0265  0.0265  0.0265  0.0265  0.0264  0.0264  0.0264  0.0264  0.0264  0.0264
  0.0266  0.0265  0.0265  0.0266  0.0265  0.0265  0.0265  0.0266  0.0265  0.0265  0.0265  0.0265
  0.0268  0.0267  0.0266  0.0269  0.0267  0.0267  0.0268  0.0270  0.0266  0.0267  0.0266  0.0266
  0.0273  0.0269  0.0268  0.0274  0.0271  0.0271  0.0272  0.0275  0.0268  0.0271  0.0267  0.0268
niter,ni,del,rscale     1    3    5.0000    0.4000
parameters
   -4.6198  -20.7539    5.4356  -12.3733  -20.5854   -8.2418
    7.0470   -5.2762   -3.4561   18.5346    7.9338  -27.8943
eta,q 0.97357 11.38659
  0.0270  0.0267  0.0267  0.0270  0.0269  0.0269  0.0269  0.0271  0.0267  0.0269  0.0266  0.0267
  0.0267  0.0266  0.0266  0.0267  0.0267  0.0267  0.0267  0.0267  0.0265  0.0266  0.0265  0.0266
  0.0265  0.0265  0.0265  0.0265  0.0265  0.0265  0.0265  0.0265  0.0265  0.0265  0.0265  0.0265
  0.0264  0.0264  0.0264  0.0264  0.0264  0.0264  0.0264  0.0264  0.0264  0.0264  0.0264  0.0264
  0.0265  0.0265  0.0265  0.0265  0.0265  0.0264  0.0265  0.0265  0.0265  0.0265  0.0264  0.0265
  0.0267  0.0266  0.0265  0.0267  0.0266  0.0266  0.0266  0.0268  0.0266  0.0266  0.0265  0.0265
  0.0270  0.0268  0.0267  0.0271  0.0268  0.0269  0.0269  0.0272  0.0267  0.0269  0.0266  0.0267
registration optimization eta report
parameter search radius
    0.8000    0.8000    0.8000    2.4000    2.4000    2.4000
    2.4000    2.4000    2.4000    2.4000    2.4000    2.4000
100000*second partial in parameter space
       82.       45.       36.       10.        7.        8.
        9.       12.        5.        8.        3.        5.
  0.0270  0.0267  0.0267  0.0270  0.0269  0.0269  0.0269  0.0271  0.0267  0.0269  0.0266  0.0267
  0.0267  0.0266  0.0266  0.0267  0.0267  0.0267  0.0267  0.0267  0.0265  0.0266  0.0265  0.0266
  0.0265  0.0265  0.0265  0.0265  0.0265  0.0265  0.0265  0.0265  0.0265  0.0265  0.0265  0.0265
  0.0264  0.0264  0.0264  0.0264  0.0264  0.0264  0.0264  0.0264  0.0264  0.0264  0.0264  0.0264
  0.0265  0.0265  0.0265  0.0265  0.0265  0.0264  0.0265  0.0265  0.0265  0.0265  0.0264  0.0265
  0.0267  0.0266  0.0265  0.0267  0.0266  0.0266  0.0266  0.0268  0.0266  0.0266  0.0265  0.0265
  0.0270  0.0268  0.0267  0.0271  0.0268  0.0269  0.0269  0.0272  0.0267  0.0269  0.0266  0.0267
   -4.6198  -20.7539    5.4356  -12.3733  -20.5854   -8.2418
    7.0470   -5.2762   -3.4561   18.5346    7.9338  -27.8943
eta,q 0.97357 11.38659

---------------------------------------------------------------------
compute_vox2vox talsrcimg talsrcimg_to_711-2C_as_mni_average_305_t4 /opt/freesurfer/average/711-2C_as_mni_average_305
---------------------------------------------------------------------

freesurfer compute_vox2vox.c
Reading: talsrcimg.4dfp.ifh
Reading: talsrcimg_to_711-2C_as_mni_average_305_t4
Reading: /opt/freesurfer/average/711-2C_as_mni_average_305.4dfp.ifh
Writing: talsrcimg_to_711-2C_as_mni_average_305_t4_vox2vox.txt

start time Sat Mar 14 10:30:56 CET 2026
end		time Sat Mar 14 10:31:10 CET 2026

mpr2mni305 success

avi2talxfm orig_nu.mgz /opt/freesurfer/average/mni305.cor.mgz talsrcimg_to_711-2C_as_mni_average_305_t4_vox2vox.txt transforms/talairach.auto.xfm
avi2talxfm done
mv -f /out/sourcedata/freesurfer/sub-v2s9x29165_ses-1/mri/talsrcimg_to_711-2C_as_mni_average_305_t4_vox2vox.txt /out/sourcedata/freesurfer/sub-v2s9x29165_ses-1/mri/transforms/talsrcimg_to_711-2C_as_mni_average_305_t4_vox2vox.txt
lta_convert --src orig_nu.mgz --trg /opt/freesurfer/average/mni305.cor.mgz --inxfm transforms/talairach.auto.xfm --outlta transforms/talairach.auto.xfm.lta --subject fsaverage
7.3.2

--src: orig_nu.mgz src image (geometry).
--trg: /opt/freesurfer/average/mni305.cor.mgz trg image (geometry).
--inmni: transforms/talairach.auto.xfm input MNI/XFM transform.
--outlta: transforms/talairach.auto.xfm.lta output LTA.
--s: fsaverage subject name
 LTA read, type : 1
 1.13114   0.07966  -0.07239   2.61024;
-0.07735   1.01217   0.36239   0.35098;
 0.06728  -0.23276   1.17149   24.67273;
 0.00000   0.00000   0.00000   1.00000;
setting subject to fsaverage
Writing  LTA to file transforms/talairach.auto.xfm.lta...
lta_convert successful.
 
 
Started at Sat Mar 14 10:30:56 CET 2026
Ended   at Sat Mar 14 10:31:10 CET 2026
talairach_avi done
