/out/sourcedata/freesurfer/sub-v2s9x29173_ses-1/mri
/opt/freesurfer/bin/talairach_avi
--i orig_nu.mgz --xfm transforms/talairach.auto.xfm
talairach_avi 7.3.2
Linux dna080 5.14.0-427.37.1.el9_4.x86_64 #1 SMP PREEMPT_DYNAMIC Fri Sep 13 12:41:50 EDT 2024 x86_64 x86_64 x86_64 GNU/Linux
Sat Mar 14 10:30:52 CET 2026
mri_convert orig_nu.mgz talsrcimg.img 
reading from orig_nu.mgz...
TR=0.00, TE=0.00, TI=0.00, flip angle=0.00
i_ras = (-1, 0, 0)
j_ras = (0, 0, -1)
k_ras = (0, 1, 0)
writing to talsrcimg.img...
Analyze Output Matrix
-1.00000   0.00000   0.00000   129.66513;
 0.00000   0.00000   1.00000  -128.00000;
 0.00000  -1.00000   0.00000   130.00000;
 0.00000   0.00000   0.00000   1.00000;
--------------------
INFO: set hdr.hist.orient to -1
mpr2mni305 talsrcimg
Sat Mar 14 10:30:53 CET 2026
/opt/freesurfer/bin/mpr2mni305 talsrcimg
mpr2mni305 7.3.2
target=711-2C_as_mni_average_305

---------------------------------------------------------------------
analyzeto4dfp talsrcimg -O0 -y
---------------------------------------------------------------------

freesurfer ifh2hdr.c
Sat Mar 14 10:30:53 2026
Writing: talsrcimg.4dfp.hdr
freesurfer analyzeto4dfp.c
Reading: talsrcimg.hdr
header size 348 bytes
hdr.dime.datatype	offset=70	value=2
hdr.dime.bitpix		offset=72	value=8
hdr.hist.orient		offset=252	value=-1
dimensionality     4
dimensions       256       256       256         1
Reading: talsrcimg.img
Writing: talsrcimg.4dfp.img
Writing: talsrcimg.4dfp.ifh
ifh2hdr talsrcimg -r0to215
ori=2

---------------------------------------------------------------------
gauss_4dfp talsrcimg 1.1
---------------------------------------------------------------------

freesurfer gauss_4dfp.c
Reading: talsrcimg.4dfp.img
Writing: talsrcimg_g11.4dfp.img
image dimensions 256 256 256 padded to 288 288 288
processing volume 1freesurfer ifh2hdr.c
Sat Mar 14 10:30:54 2026
Writing: talsrcimg_g11.4dfp.hdr

Writing: talsrcimg_g11.4dfp.ifh
including: talsrcimg.4dfp.img.rec in talsrcimg_g11.4dfp.img.rec

---------------------------------------------------------------------
imgreg_4dfp /opt/freesurfer/average/711-2C_as_mni_average_305 none talsrcimg_g11 none talsrcimg_to_711-2C_as_mni_average_305_t4 4355
---------------------------------------------------------------------

freesurfer imgreg_4dfp.c
/opt/freesurfer/average/711-2C_as_mni_average_305.4dfp.img
       256       256       256         1
  1.000000  1.000000  1.000000
orientation T byte_order littleendian
Reading image: /opt/freesurfer/average/711-2C_as_mni_average_305.4dfp.img
dimensions:      256       256       256
mmppix:       1.0000   -1.0000   -1.0000
center:     128.0000 -129.0000 -129.0000
talsrcimg_g11.4dfp.img
       256       256       256         1
  1.000000  1.000000  1.000000
orientation T byte_order littleendian
Reading image: talsrcimg_g11.4dfp.img
dimensions:      256       256       256
mmppix:       1.0000   -1.0000   -1.0000
center:     128.0000 -129.0000 -129.0000
t4_read: open error in t4_sub.f l:  41 t4_file(1:l)talsrcimg_to_711-2C_as_mni_average_305_t4 
t4_read: transform initialized to I4
rotation matrix determinant  1.000000
image alignment mode   4355 decimal     1103 hex
   -7.5000  -45.0000  -45.0000 9104.0498   22.8384
    0.0000  -45.0000  -45.0000 9529.9775   22.8143
    7.5000  -45.0000  -45.0000 9117.6699   22.7855
   -7.5000  -37.5000  -45.0000 9331.9189   22.8500
    0.0000  -37.5000  -45.0000 9749.9590   22.8178
    7.5000  -37.5000  -45.0000 9344.6162   22.7873
   -7.5000  -30.0000  -45.0000 9891.0420   22.8256
    0.0000  -30.0000  -45.000010305.5654   22.7954
    7.5000  -30.0000  -45.0000 9876.6504   22.7592
   -7.5000  -22.5000  -45.000010396.9434   22.7981
    0.0000  -22.5000  -45.000010826.8848   22.7806
    7.5000  -22.5000  -45.000010361.8311   22.7416
   -7.5000  -15.0000  -45.000010864.2949   22.7775
    0.0000  -15.0000  -45.000011314.8096   22.7702
    7.5000  -15.0000  -45.000010834.2373   22.7322
   -7.5000   -7.5000  -45.000011274.6279   22.7931
    0.0000   -7.5000  -45.000011726.2803   22.7810
    7.5000   -7.5000  -45.000011214.8691   22.7477
   -7.5000    0.0000  -45.000011470.0078   22.8384
    0.0000    0.0000  -45.000011922.4678   22.8143
    7.5000    0.0000  -45.000011400.2695   22.7855
   -7.5000    7.5000  -45.000010698.6719   22.8500
    0.0000    7.5000  -45.000011096.4590   22.8178
    7.5000    7.5000  -45.000010632.9697   22.7873
   -7.5000   15.0000  -45.0000 9881.0557   22.8256
    0.0000   15.0000  -45.000010233.8438   22.7954
    7.5000   15.0000  -45.0000 9785.7539   22.7592
   -7.5000   22.5000  -45.0000 9037.5537   22.7950
    0.0000   22.5000  -45.0000 9341.2246   22.7775
    7.5000   22.5000  -45.0000 8950.2266   22.7385
   -7.5000   30.0000  -45.0000 8169.0444   22.4740
    0.0000   30.0000  -45.0000 8429.8447   22.4668
    7.5000   30.0000  -45.0000 8067.6143   22.4293
   -7.5000   37.5000  -45.0000 7582.4468   22.4894
    0.0000   37.5000  -45.0000 7829.3438   22.4774
    7.5000   37.5000  -45.0000 7482.6528   22.4446
   -7.5000   45.0000  -45.0000 6696.0078   22.1430
    0.0000   45.0000  -45.0000 6918.2021   22.1180
    7.5000   45.0000  -45.0000 6613.8892   22.0902
   -7.5000  -45.0000  -37.5000 9663.4209   22.8520
    0.0000  -45.0000  -37.500010119.0498   22.8292
    7.5000  -45.0000  -37.5000 9688.2520   22.7969
   -7.5000  -37.5000  -37.5000 9881.8086   22.8545
    0.0000  -37.5000  -37.500010351.3838   22.8227
    7.5000  -37.5000  -37.5000 9900.9658   22.7919
   -7.5000  -30.0000  -37.500010469.5449   22.8257
    0.0000  -30.0000  -37.500010952.6602   22.7984
    7.5000  -30.0000  -37.500010449.8506   22.7620
   -7.5000  -22.5000  -37.500010980.1543   22.8019
    0.0000  -22.5000  -37.500011474.4941   22.7919
    7.5000  -22.5000  -37.500010947.5234   22.7486
   -7.5000  -15.0000  -37.500011438.6074   22.7902
    0.0000  -15.0000  -37.500011959.1738   22.7915
    7.5000  -15.0000  -37.500011406.4951   22.7459
   -7.5000   -7.5000  -37.500011842.8555   22.8111
    0.0000   -7.5000  -37.500012354.3984   22.8042
    7.5000   -7.5000  -37.500011790.8145   22.7639
   -7.5000    0.0000  -37.500012042.3105   22.8520
    0.0000    0.0000  -37.500012529.3877   22.8292
    7.5000    0.0000  -37.500011939.9561   22.7969
   -7.5000    7.5000  -37.500011222.0078   22.8545
    0.0000    7.5000  -37.500011656.2188   22.8227
    7.5000    7.5000  -37.500011116.7871   22.7919
   -7.5000   15.0000  -37.500010330.1133   22.8257
    0.0000   15.0000  -37.500010712.3047   22.7984
    7.5000   15.0000  -37.500010217.1982   22.7620
   -7.5000   22.5000  -37.5000 9409.5566   22.7987
    0.0000   22.5000  -37.5000 9757.8867   22.7888
    7.5000   22.5000  -37.5000 9314.5010   22.7455
   -7.5000   30.0000  -37.5000 8486.8545   22.4864
    0.0000   30.0000  -37.5000 8787.2061   22.4878
    7.5000   30.0000  -37.5000 8396.4277   22.4428
   -7.5000   37.5000  -37.5000 7871.1958   22.5071
    0.0000   37.5000  -37.5000 8131.0845   22.5003
    7.5000   37.5000  -37.5000 7760.9292   22.4606
   -7.5000   45.0000  -37.5000 6930.9810   22.1556
    0.0000   45.0000  -37.5000 7160.4111   22.1317
    7.5000   45.0000  -37.5000 6831.1240   22.1010
   -7.5000  -45.0000  -30.000010351.3330   23.8117
    0.0000  -45.0000  -30.000010836.0127   23.8055
    7.5000  -45.0000  -30.000010383.2871   23.7748
   -7.5000  -37.5000  -30.000010567.1748   23.8055
    0.0000  -37.5000  -30.000011075.6484   23.7919
    7.5000  -37.5000  -30.000010569.3994   23.7683
   -7.5000  -30.0000  -30.000011196.9980   23.7726
    0.0000  -30.0000  -30.000011712.7451   23.7662
    7.5000  -30.0000  -30.000011142.8926   23.7382
   -7.5000  -22.5000  -30.000011740.6650   23.7539
    0.0000  -22.5000  -30.000012273.0693   23.7648
    7.5000  -22.5000  -30.000011677.9033   23.7245
   -7.5000  -15.0000  -30.000012207.0215   23.7511
    0.0000  -15.0000  -30.000012772.2070   23.7700
    7.5000  -15.0000  -30.000012165.8906   23.7221
   -7.5000   -7.5000  -30.000012600.6895   23.7756
    0.0000   -7.5000  -30.000013142.7578   23.7848
    7.5000   -7.5000  -30.000012492.1494   23.7420
   -7.5000    0.0000  -30.000012755.6299   23.8117
    0.0000    0.0000  -30.000013287.3154   23.8055
    7.5000    0.0000  -30.000012652.6846   23.7748
   -7.5000    7.5000  -30.000011878.4404   23.8055
    0.0000    7.5000  -30.000012367.3594   23.7919
    7.5000    7.5000  -30.000011767.1406   23.7683
   -7.5000   15.0000  -30.000010934.8887   23.7726
    0.0000   15.0000  -30.000011345.3604   23.7662
    7.5000   15.0000  -30.000010804.2852   23.7382
   -7.5000   22.5000  -30.0000 9936.0703   23.7482
    0.0000   22.5000  -30.000010320.4609   23.7591
    7.5000   22.5000  -30.0000 9834.0322   23.7188
   -7.5000   30.0000  -30.0000 8935.8340   23.4368
    0.0000   30.0000  -30.0000 9253.4580   23.4555
    7.5000   30.0000  -30.0000 8841.4434   23.4082
   -7.5000   37.5000  -30.0000 8285.3350   23.4610
    0.0000   37.5000  -30.0000 8575.0039   23.4701
    7.5000   37.5000  -30.0000 8170.0308   23.4279
   -7.5000   45.0000  -30.0000 7270.9697   23.1027
    0.0000   45.0000  -30.0000 7515.8159   23.0952
    7.5000   45.0000  -30.0000 7166.9761   23.0664
   -7.5000  -45.0000  -22.500011002.5283   24.5999
    0.0000  -45.0000  -22.500011506.5801   24.6129
    7.5000  -45.0000  -22.500011034.1006   24.5891
   -7.5000  -37.5000  -22.500011209.1318   24.5939
    0.0000  -37.5000  -22.500011718.2637   24.6017
    7.5000  -37.5000  -22.500011200.2480   24.5853
   -7.5000  -30.0000  -22.500011860.5723   24.5645
    0.0000  -30.0000  -22.500012361.1230   24.5789
    7.5000  -30.0000  -22.500011809.0693   24.5594
   -7.5000  -22.5000  -22.500012411.8643   24.5500
    0.0000  -22.5000  -22.500012956.1602   24.5763
    7.5000  -22.5000  -22.500012366.7832   24.5454
   -7.5000  -15.0000  -22.500012903.0947   24.5472
    0.0000  -15.0000  -22.500013472.2930   24.5777
    7.5000  -15.0000  -22.500012859.0547   24.5388
   -7.5000   -7.5000  -22.500013285.6611   24.5674
    0.0000   -7.5000  -22.500013813.3457   24.5911
    7.5000   -7.5000  -22.500013156.8721   24.5562
   -7.5000    0.0000  -22.500013426.0000   24.5999
    0.0000    0.0000  -22.500013953.3936   24.6129
    7.5000    0.0000  -22.500013289.8701   24.5891
   -7.5000    7.5000  -22.500012477.7598   24.5939
    0.0000    7.5000  -22.500012980.0430   24.6017
    7.5000    7.5000  -22.500012351.9229   24.5853
   -7.5000   15.0000  -22.500011445.2383   24.5645
    0.0000   15.0000  -22.500011869.8701   24.5789
    7.5000   15.0000  -22.500011305.5166   24.5594
   -7.5000   22.5000  -22.500010410.2578   24.5424
    0.0000   22.5000  -22.500010773.3350   24.5687
    7.5000   22.5000  -22.500010256.4150   24.5378
   -7.5000   30.0000  -22.5000 9358.6992   24.2262
    0.0000   30.0000  -22.5000 9669.8984   24.2562
    7.5000   30.0000  -22.5000 9219.9512   24.2178
   -7.5000   37.5000  -22.5000 8640.9561   24.2460
    0.0000   37.5000  -22.5000 8921.7959   24.2694
    7.5000   37.5000  -22.5000 8515.6426   24.2350
   -7.5000   45.0000  -22.5000 7586.5425   23.8856
    0.0000   45.0000  -22.5000 7816.3198   23.8972
    7.5000   45.0000  -22.5000 7479.3193   23.8749
   -7.5000  -45.0000  -15.000011619.0068   25.1592
    0.0000  -45.0000  -15.000012111.9600   25.1753
    7.5000  -45.0000  -15.000011606.6504   25.1568
   -7.5000  -37.5000  -15.000011832.4912   25.1638
    0.0000  -37.5000  -15.000012257.9502   25.1753
    7.5000  -37.5000  -15.000011773.4824   25.1598
   -7.5000  -30.0000  -15.000012485.4453   25.1411
    0.0000  -30.0000  -15.000012929.5869   25.1555
    7.5000  -30.0000  -15.000012421.2080   25.1361
   -7.5000  -22.5000  -15.000013085.7119   25.1229
    0.0000  -22.5000  -15.000013560.0000   25.1441
    7.5000  -22.5000  -15.000013001.1748   25.1175
   -7.5000  -15.0000  -15.000013580.8398   25.1098
    0.0000  -15.0000  -15.000014100.1885   25.1345
    7.5000  -15.0000  -15.000013499.4951   25.1041
   -7.5000   -7.5000  -15.000013905.0664   25.1229
    0.0000   -7.5000  -15.000014418.4287   25.1455
    7.5000   -7.5000  -15.000013783.3047   25.1194
   -7.5000    0.0000  -15.000014043.1133   25.1592
    0.0000    0.0000  -15.000014539.1992   25.1753
    7.5000    0.0000  -15.000013876.8447   25.1568
   -7.5000    7.5000  -15.000013027.0068   25.1638
    0.0000    7.5000  -15.000013495.0215   25.1753
    7.5000    7.5000  -15.000012887.6738   25.1598
   -7.5000   15.0000  -15.000011954.0508   25.1411
    0.0000   15.0000  -15.000012337.6074   25.1555
    7.5000   15.0000  -15.000011779.4658   25.1361
   -7.5000   22.5000  -15.000010837.1084   25.1140
    0.0000   22.5000  -15.000011202.8262   25.1352
    7.5000   22.5000  -15.000010680.8613   25.1086
   -7.5000   30.0000  -15.0000 9716.5762   24.7849
    0.0000   30.0000  -15.000010033.2480   24.8092
    7.5000   30.0000  -15.0000 9557.1504   24.7793
   -7.5000   37.5000  -15.0000 8939.4287   24.7978
    0.0000   37.5000  -15.0000 9233.2285   24.8200
    7.5000   37.5000  -15.0000 8805.2500   24.7943
   -7.5000   45.0000  -15.0000 7807.0244   24.4439
    0.0000   45.0000  -15.0000 8054.5908   24.4588
    7.5000   45.0000  -15.0000 7714.6016   24.4410
   -7.5000  -45.0000   -7.500012274.8809   25.4626
    0.0000  -45.0000   -7.500012789.5850   25.4576
    7.5000  -45.0000   -7.500012236.4824   25.4345
   -7.5000  -37.5000   -7.500012459.5195   25.4769
    0.0000  -37.5000   -7.500012902.5664   25.4661
    7.5000  -37.5000   -7.500012398.2041   25.4421
   -7.5000  -30.0000   -7.500013178.9443   25.4542
    0.0000  -30.0000   -7.500013639.5117   25.4445
    7.5000  -30.0000   -7.500013112.2812   25.4152
   -7.5000  -22.5000   -7.500013775.5146   25.4269
    0.0000  -22.5000   -7.500014286.6094   25.4248
    7.5000  -22.5000   -7.500013728.6406   25.3916
   -7.5000  -15.0000   -7.500014260.2656   25.4034
    0.0000  -15.0000   -7.500014797.1377   25.4079
    7.5000  -15.0000   -7.500014198.4941   25.3747
   -7.5000   -7.5000   -7.500014545.3984   25.4161
    0.0000   -7.5000   -7.500015061.9219   25.4187
    7.5000   -7.5000   -7.500014457.7988   25.3904
   -7.5000    0.0000   -7.500014646.2363   25.4626
    0.0000    0.0000   -7.500015111.1406   25.4576
    7.5000    0.0000   -7.500014509.4346   25.4345
   -7.5000    7.5000   -7.500013599.5449   25.4769
    0.0000    7.5000   -7.500014027.3525   25.4661
    7.5000    7.5000   -7.500013444.4199   25.4421
   -7.5000   15.0000   -7.500012464.2061   25.4542
    0.0000   15.0000   -7.500012847.5938   25.4445
    7.5000   15.0000   -7.500012281.5430   25.4152
   -7.5000   22.5000   -7.500011294.2021   25.4151
    0.0000   22.5000   -7.500011663.1650   25.4131
    7.5000   22.5000   -7.500011132.0293   25.3798
   -7.5000   30.0000   -7.500010095.8213   25.0740
    0.0000   30.0000   -7.500010399.5479   25.0784
    7.5000   30.0000   -7.5000 9950.6943   25.0457
   -7.5000   37.5000   -7.5000 9265.2451   25.0865
    0.0000   37.5000   -7.5000 9529.0752   25.0891
    7.5000   37.5000   -7.5000 9128.9121   25.0611
   -7.5000   45.0000   -7.5000 8064.6465   24.7437
    0.0000   45.0000   -7.5000 8298.3389   24.7377
    7.5000   45.0000   -7.5000 7975.8418   24.7152
   -7.5000  -45.0000    0.000012729.4863   25.5483
    0.0000  -45.0000    0.000013228.5977   25.5218
    7.5000  -45.0000    0.000012744.8779   25.4894
   -7.5000  -37.5000    0.000012869.4658   25.5614
    0.0000  -37.5000    0.000013329.9688   25.5258
    7.5000  -37.5000    0.000012887.7852   25.4915
   -7.5000  -30.0000    0.000013622.9199   25.5343
    0.0000  -30.0000    0.000014131.6660   25.5009
    7.5000  -30.0000    0.000013625.4043   25.4602
   -7.5000  -22.5000    0.000014263.8916   25.5036
    0.0000  -22.5000    0.000014805.7529   25.4844
    7.5000  -22.5000    0.000014267.4150   25.4406
   -7.5000  -15.0000    0.000014730.3652   25.4804
    0.0000  -15.0000    0.000015282.0635   25.4727
    7.5000  -15.0000    0.000014735.3945   25.4301
   -7.5000   -7.5000    0.000014971.8145   25.4977
    0.0000   -7.5000    0.000015507.4043   25.4847
    7.5000   -7.5000    0.000014958.5557   25.4473
   -7.5000    0.0000    0.000015045.5059   25.5483
    0.0000    0.0000    0.000015533.3428   25.5218
    7.5000    0.0000    0.000014988.4111   25.4894
   -7.5000    7.5000    0.000014024.4531   25.5614
    0.0000    7.5000    0.000014451.2480   25.5258
    7.5000    7.5000    0.000013908.6738   25.4915
   -7.5000   15.0000    0.000012906.0215   25.5343
    0.0000   15.0000    0.000013256.2793   25.5009
    7.5000   15.0000    0.000012761.5107   25.4602
   -7.5000   22.5000    0.000011646.9062   25.4918
    0.0000   22.5000    0.000011992.9912   25.4726
    7.5000   22.5000    0.000011536.7471   25.4289
   -7.5000   30.0000    0.000010393.5664   25.1506
    0.0000   30.0000    0.000010708.7627   25.1430
    7.5000   30.0000    0.000010285.5439   25.1010
   -7.5000   37.5000    0.0000 9481.3662   25.1677
    0.0000   37.5000    0.0000 9761.4824   25.1548
    7.5000   37.5000    0.0000 9387.9453   25.1179
   -7.5000   45.0000    0.0000 8223.1885   24.8287
    0.0000   45.0000    0.0000 8459.9092   24.8011
    7.5000   45.0000    0.0000 8155.9121   24.7698
   -7.5000  -45.0000    7.500012294.2080   25.5720
    0.0000  -45.0000    7.500012790.4336   25.5464
    7.5000  -45.0000    7.500012287.0723   25.5103
   -7.5000  -37.5000    7.500012444.9385   25.5749
    0.0000  -37.5000    7.500012906.6924   25.5392
    7.5000  -37.5000    7.500012458.8232   25.5048
   -7.5000  -30.0000    7.500013107.3584   25.5425
    0.0000  -30.0000    7.500013637.8428   25.5120
    7.5000  -30.0000    7.500013140.1025   25.4713
   -7.5000  -22.5000    7.500013751.8652   25.5159
    0.0000  -22.5000    7.500014272.7373   25.5048
    7.5000  -22.5000    7.500013763.6191   25.4563
   -7.5000  -15.0000    7.500014193.0264   25.5028
    0.0000  -15.0000    7.500014718.3896   25.5043
    7.5000  -15.0000    7.500014233.5938   25.4533
   -7.5000   -7.5000    7.500014399.0049   25.5263
    0.0000   -7.5000    7.500014884.0645   25.5185
    7.5000   -7.5000    7.500014419.3633   25.4734
   -7.5000    0.0000    7.500014452.7354   25.5720
    0.0000    0.0000    7.500014899.6006   25.5464
    7.5000    0.0000    7.500014434.9111   25.5103
   -7.5000    7.5000    7.500013471.8203   25.5749
    0.0000    7.5000    7.500013875.5312   25.5392
    7.5000    7.5000    7.500013408.7891   25.5048
   -7.5000   15.0000    7.500012365.7754   25.5425
    0.0000   15.0000    7.500012704.8975   25.5120
    7.5000   15.0000    7.500012288.0342   25.4713
   -7.5000   22.5000    7.500011151.2090   25.5041
    0.0000   22.5000    7.500011478.9150   25.4930
    7.5000   22.5000    7.500011084.0498   25.4446
   -7.5000   30.0000    7.5000 9941.7764   25.1727
    0.0000   30.0000    7.500010266.5195   25.1742
    7.5000   30.0000    7.5000 9909.3916   25.1239
   -7.5000   37.5000    7.5000 9048.5732   25.1959
    0.0000   37.5000    7.5000 9346.9082   25.1882
    7.5000   37.5000    7.5000 9000.4873   25.1438
   -7.5000   45.0000    7.5000 7830.7358   24.8511
    0.0000   45.0000    7.5000 8061.3291   24.8243
    7.5000   45.0000    7.5000 7775.6260   24.7898
   -7.5000  -45.0000   15.000011797.6455   25.5709
    0.0000  -45.0000   15.000012280.7529   25.5641
    7.5000  -45.0000   15.000011780.0234   25.5311
   -7.5000  -37.5000   15.000012027.2637   25.5643
    0.0000  -37.5000   15.000012476.0459   25.5495
    7.5000  -37.5000   15.000011984.6172   25.5241
   -7.5000  -30.0000   15.000012652.7764   25.5289
    0.0000  -30.0000   15.000013068.2373   25.5220
    7.5000  -30.0000   15.000012649.9473   25.4918
   -7.5000  -22.5000   15.000013224.4307   25.5088
    0.0000  -22.5000   15.000013616.3936   25.5204
    7.5000  -22.5000   15.000013230.1133   25.4771
   -7.5000  -15.0000   15.000013680.0830   25.5058
    0.0000  -15.0000   15.000014076.0537   25.5260
    7.5000  -15.0000   15.000013699.3369   25.4745
   -7.5000   -7.5000   15.000013859.2598   25.5322
    0.0000   -7.5000   15.000014270.2373   25.5419
    7.5000   -7.5000   15.000013858.3359   25.4959
   -7.5000    0.0000   15.000013904.5703   25.5709
    0.0000    0.0000   15.000014304.9912   25.5641
    7.5000    0.0000   15.000013861.4766   25.5311
   -7.5000    7.5000   15.000012915.2344   25.5643
    0.0000    7.5000   15.000013298.4785   25.5495
    7.5000    7.5000   15.000012822.9131   25.5241
   -7.5000   15.0000   15.000011803.3203   25.5289
    0.0000   15.0000   15.000012188.4951   25.5220
    7.5000   15.0000   15.000011708.5625   25.4918
   -7.5000   22.5000   15.000010611.7051   25.4971
    0.0000   22.5000   15.000010964.1689   25.5087
    7.5000   22.5000   15.000010533.1719   25.4653
   -7.5000   30.0000   15.0000 9445.7500   25.1757
    0.0000   30.0000   15.0000 9775.4258   25.1957
    7.5000   30.0000   15.0000 9378.5859   25.1448
   -7.5000   37.5000   15.0000 8596.0225   25.2018
    0.0000   37.5000   15.0000 8894.0381   25.2114
    7.5000   37.5000   15.0000 8534.1250   25.1660
   -7.5000   45.0000   15.0000 7419.9141   24.8497
    0.0000   45.0000   15.0000 7665.6763   24.8416
    7.5000   45.0000   15.0000 7347.7109   24.8106
   -7.5000  -45.0000   22.500011226.9307   25.5838
    0.0000  -45.0000   22.500011677.0654   25.5961
    7.5000  -45.0000   22.500011196.0459   25.5709
   -7.5000  -37.5000   22.500011461.5557   25.5771
    0.0000  -37.5000   22.500011933.1924   25.5840
    7.5000  -37.5000   22.500011406.7061   25.5665
   -7.5000  -30.0000   22.500012070.0830   25.5464
    0.0000  -30.0000   22.500012570.9121   25.5604
    7.5000  -30.0000   22.500012005.5098   25.5397
   -7.5000  -22.5000   22.500012596.4092   25.5318
    0.0000  -22.5000   22.500013101.4629   25.5582
    7.5000  -22.5000   22.500012527.3975   25.5255
   -7.5000  -15.0000   22.500013014.5879   25.5295
    0.0000  -15.0000   22.500013510.9160   25.5601
    7.5000  -15.0000   22.500012961.3643   25.5191
   -7.5000   -7.5000   22.500013172.3887   25.5505
    0.0000   -7.5000   22.500013665.7559   25.5740
    7.5000   -7.5000   22.500013128.8594   25.5372
   -7.5000    0.0000   22.500013213.6064   25.5838
    0.0000    0.0000   22.500013678.0869   25.5961
    7.5000    0.0000   22.500013151.8369   25.5709
   -7.5000    7.5000   22.500012279.6826   25.5771
    0.0000    7.5000   22.500012664.7998   25.5840
    7.5000    7.5000   22.500012168.7539   25.5665
   -7.5000   15.0000   22.500011233.2539   25.5464
    0.0000   15.0000   22.500011597.4688   25.5604
    7.5000   15.0000   22.500011127.4658   25.5397
   -7.5000   22.5000   22.500010092.7393   25.5200
    0.0000   22.5000   22.500010436.1279   25.5464
    7.5000   22.5000   22.500010005.6504   25.5137
   -7.5000   30.0000   22.5000 8972.0547   25.1991
    0.0000   30.0000   22.5000 9275.7314   25.2293
    7.5000   30.0000   22.5000 8885.4844   25.1888
   -7.5000   37.5000   22.5000 8136.7471   25.2198
    0.0000   37.5000   22.5000 8445.5342   25.2430
    7.5000   37.5000   22.5000 8063.6709   25.2067
   -7.5000   45.0000   22.5000 7015.1885   24.8617
    0.0000   45.0000   22.5000 7253.2729   24.8727
    7.5000   45.0000   22.5000 6940.6899   24.8490
   -7.5000  -45.0000   30.000010486.2002   25.6595
    0.0000  -45.0000   30.000010975.4482   25.6740
    7.5000  -45.0000   30.000010455.7266   25.6537
   -7.5000  -37.5000   30.000010701.0957   25.6635
    0.0000  -37.5000   30.000011190.8984   25.6732
    7.5000  -37.5000   30.000010655.3564   25.6560
   -7.5000  -30.0000   30.000011256.2559   25.6405
    0.0000  -30.0000   30.000011773.9268   25.6533
    7.5000  -30.0000   30.000011211.0703   25.6321
   -7.5000  -22.5000   30.000011763.0801   25.6231
    0.0000  -22.5000   30.000012269.9023   25.6430
    7.5000  -22.5000   30.000011706.3623   25.6144
   -7.5000  -15.0000   30.000012197.9238   25.6107
    0.0000  -15.0000   30.000012707.0947   25.6343
    7.5000  -15.0000   30.000012126.5400   25.6018
   -7.5000   -7.5000   30.000012367.1768   25.6237
    0.0000   -7.5000   30.000012870.0957   25.6449
    7.5000   -7.5000   30.000012305.3105   25.6169
   -7.5000    0.0000   30.000012417.9629   25.6595
    0.0000    0.0000   30.000012890.2891   25.6740
    7.5000    0.0000   30.000012343.7754   25.6537
   -7.5000    7.5000   30.000011534.0752   25.6635
    0.0000    7.5000   30.000011959.1025   25.6732
    7.5000    7.5000   30.000011442.0088   25.6560
   -7.5000   15.0000   30.000010581.8369   25.6405
    0.0000   15.0000   30.000010978.8926   25.6533
    7.5000   15.0000   30.000010483.7012   25.6321
   -7.5000   22.5000   30.0000 9506.1279   25.6113
    0.0000   22.5000   30.0000 9858.7295   25.6312
    7.5000   22.5000   30.0000 9425.5576   25.6026
   -7.5000   30.0000   30.0000 8429.3467   25.2792
    0.0000   30.0000   30.0000 8730.6582   25.3025
    7.5000   30.0000   30.0000 8355.5977   25.2705
   -7.5000   37.5000   30.0000 7653.2476   25.2921
    0.0000   37.5000   30.0000 7916.0859   25.3130
    7.5000   37.5000   30.0000 7562.3501   25.2854
   -7.5000   45.0000   30.0000 6592.9683   24.9345
    0.0000   45.0000   30.0000 6801.5776   24.9479
    7.5000   45.0000   30.0000 6505.9858   24.9284
   -7.5000  -45.0000   37.500010056.6123   25.8463
    0.0000  -45.0000   37.500010503.6924   25.8385
    7.5000  -45.0000   37.500010017.7412   25.8119
   -7.5000  -37.5000   37.500010267.4873   25.8603
    0.0000  -37.5000   37.500010727.5020   25.8462
    7.5000  -37.5000   37.500010231.7842   25.8186
   -7.5000  -30.0000   37.500010818.5400   25.8380
    0.0000  -30.0000   37.500011290.0342   25.8251
    7.5000  -30.0000   37.500010774.5225   25.7921
   -7.5000  -22.5000   37.500011304.2852   25.8117
    0.0000  -22.5000   37.500011785.9326   25.8071
    7.5000  -22.5000   37.500011277.4150   25.7701
   -7.5000  -15.0000   37.500011750.5322   25.7889
    0.0000  -15.0000   37.500012255.4121   25.7912
    7.5000  -15.0000   37.500011717.2334   25.7545
   -7.5000   -7.5000   37.500011953.1016   25.8009
    0.0000   -7.5000   37.500012443.3027   25.8011
    7.5000   -7.5000   37.500011917.5322   25.7693
   -7.5000    0.0000   37.500012024.4414   25.8463
    0.0000    0.0000   37.500012499.2295   25.8385
    7.5000    0.0000   37.500011971.2783   25.8119
   -7.5000    7.5000   37.500011185.6055   25.8603
    0.0000    7.5000   37.500011611.0127   25.8462
    7.5000    7.5000   37.500011106.5225   25.8186
   -7.5000   15.0000   37.500010245.4766   25.8380
    0.0000   15.0000   37.500010622.9580   25.8251
    7.5000   15.0000   37.500010153.5098   25.7921
   -7.5000   22.5000   37.5000 9206.9365   25.7999
    0.0000   22.5000   37.5000 9549.4092   25.7952
    7.5000   22.5000   37.5000 9137.0303   25.7582
   -7.5000   30.0000   37.5000 8176.7183   25.4552
    0.0000   30.0000   37.5000 8467.0000   25.4575
    7.5000   30.0000   37.5000 8102.9780   25.4212
   -7.5000   37.5000   37.5000 7418.1162   25.4670
    0.0000   37.5000   37.5000 7667.6646   25.4672
    7.5000   37.5000   37.5000 7326.7925   25.4358
   -7.5000   45.0000   37.5000 6405.3306   25.1157
    0.0000   45.0000   37.5000 6614.1919   25.1070
    7.5000   45.0000   37.5000 6319.8066   25.0809
   -7.5000  -45.0000   45.0000 9156.2197   26.1223
    0.0000  -45.0000   45.0000 9550.2051   26.0917
    7.5000  -45.0000   45.0000 9123.2109   26.0522
   -7.5000  -37.5000   45.0000 9349.9619   26.1340
    0.0000  -37.5000   45.0000 9763.1738   26.0941
    7.5000  -37.5000   45.0000 9318.9854   26.0529
   -7.5000  -30.0000   45.0000 9867.4248   26.1069
    0.0000  -30.0000   45.000010299.3174   26.0696
    7.5000  -30.0000   45.0000 9827.7539   26.0217
   -7.5000  -22.5000   45.000010344.6953   26.0784
    0.0000  -22.5000   45.000010781.8066   26.0563
    7.5000  -22.5000   45.000010306.7842   26.0047
   -7.5000  -15.0000   45.000010803.6758   26.0570
    0.0000  -15.0000   45.000011235.9131   26.0468
    7.5000  -15.0000   45.000010758.6230   25.9961
   -7.5000   -7.5000   45.000011007.9121   26.0734
    0.0000   -7.5000   45.000011426.9453   26.0573
    7.5000   -7.5000   45.000010958.6113   26.0121
   -7.5000    0.0000   45.000011086.9922   26.1223
    0.0000    0.0000   45.000011501.7900   26.0917
    7.5000    0.0000   45.000011024.4990   26.0522
   -7.5000    7.5000   45.000010315.6426   26.1340
    0.0000    7.5000   45.000010688.8613   26.0941
    7.5000    7.5000   45.000010249.2236   26.0529
   -7.5000   15.0000   45.0000 9442.4482   26.1069
    0.0000   15.0000   45.0000 9798.5840   26.0696
    7.5000   15.0000   45.0000 9386.2217   26.0217
   -7.5000   22.5000   45.0000 8494.1992   26.0663
    0.0000   22.5000   45.0000 8812.3828   26.0442
    7.5000   22.5000   45.0000 8443.1885   25.9926
   -7.5000   30.0000   45.0000 7548.0532   25.7176
    0.0000   30.0000   45.0000 7824.0718   25.7075
    7.5000   30.0000   45.0000 7499.7847   25.6575
   -7.5000   37.5000   45.0000 6869.9775   25.7337
    0.0000   37.5000   45.0000 7109.1128   25.7178
    7.5000   37.5000   45.0000 6807.6304   25.6733
   -7.5000   45.0000   45.0000 5937.7168   25.3960
    0.0000   45.0000   45.0000 6139.0938   25.3644
    7.5000   45.0000   45.0000 5872.1392   25.3259

---------------------------------------------------------------------
imgreg_4dfp /opt/freesurfer/average/711-2C_as_mni_average_305 /opt/freesurfer/average/711-2B_as_mni_average_305_mask talsrcimg_g11 none talsrcimg_to_711-2C_as_mni_average_305_t4 4355
---------------------------------------------------------------------

freesurfer imgreg_4dfp.c
/opt/freesurfer/average/711-2C_as_mni_average_305.4dfp.img
       256       256       256         1
  1.000000  1.000000  1.000000
orientation T byte_order littleendian
Reading image: /opt/freesurfer/average/711-2C_as_mni_average_305.4dfp.img
dimensions:      256       256       256
mmppix:       1.0000   -1.0000   -1.0000
center:     128.0000 -129.0000 -129.0000
/opt/freesurfer/average/711-2B_as_mni_average_305_mask.4dfp.img
       256       256       256         1
  1.000000  1.000000  1.000000
orientation T byte_order littleendian
Reading mask: /opt/freesurfer/average/711-2B_as_mni_average_305_mask.4dfp.img (2306576 pixels)
talsrcimg_g11.4dfp.img
       256       256       256         1
  1.000000  1.000000  1.000000
orientation T byte_order littleendian
Reading image: talsrcimg_g11.4dfp.img
dimensions:      256       256       256
mmppix:       1.0000   -1.0000   -1.0000
center:     128.0000 -129.0000 -129.0000
rotation matrix determinant  1.000000
image alignment mode   4355 decimal     1103 hex
   -7.5000  -45.0000  -45.0000 2147.8213   19.3491
    0.0000  -45.0000  -45.0000 2161.7288   19.1158
    7.5000  -45.0000  -45.0000 2148.1235   19.2863
   -7.5000  -37.5000  -45.0000 2182.7266   18.5641
    0.0000  -37.5000  -45.0000 2194.0698   18.3328
    7.5000  -37.5000  -45.0000 2185.2852   18.5142
   -7.5000  -30.0000  -45.0000 2203.1360   18.1381
    0.0000  -30.0000  -45.0000 2212.6472   17.9289
    7.5000  -30.0000  -45.0000 2200.9526   18.1268
   -7.5000  -22.5000  -45.0000 2197.8635   18.2088
    0.0000  -22.5000  -45.0000 2207.5632   18.0059
    7.5000  -22.5000  -45.0000 2189.1438   18.2500
   -7.5000  -15.0000  -45.0000 2165.6299   18.6866
    0.0000  -15.0000  -45.0000 2180.9648   18.4886
    7.5000  -15.0000  -45.0000 2160.5359   18.6941
   -7.5000   -7.5000  -45.0000 2116.3884   19.5378
    0.0000   -7.5000  -45.0000 2132.4028   19.3194
    7.5000   -7.5000  -45.0000 2108.6365   19.5642
   -7.5000    0.0000  -45.0000 2037.5704   20.9050
    0.0000    0.0000  -45.0000 2053.6223   20.6828
    7.5000    0.0000  -45.0000 2031.0764   20.9370
   -7.5000    7.5000  -45.0000 1939.1543   22.8068
    0.0000    7.5000  -45.0000 1954.1882   22.5410
    7.5000    7.5000  -45.0000 1932.4412   22.8557
   -7.5000   15.0000  -45.0000 1827.2690   25.5110
    0.0000   15.0000  -45.0000 1839.9554   25.2286
    7.5000   15.0000  -45.0000 1814.3182   25.5800
   -7.5000   22.5000  -45.0000 1706.6033   29.4018
    0.0000   22.5000  -45.0000 1713.0875   29.1242
    7.5000   22.5000  -45.0000 1694.7264   29.5097
   -7.5000   30.0000  -45.0000 1578.0106   34.9606
    0.0000   30.0000  -45.0000 1583.4215   34.6116
    7.5000   30.0000  -45.0000 1565.3970   35.1349
   -7.5000   37.5000  -45.0000 1442.8007   42.6553
    0.0000   37.5000  -45.0000 1451.8732   42.2866
    7.5000   37.5000  -45.0000 1436.5668   42.9647
   -7.5000   45.0000  -45.0000 1306.0166   54.0533
    0.0000   45.0000  -45.0000 1317.3220   53.3672
    7.5000   45.0000  -45.0000 1304.7598   54.4475
   -7.5000  -45.0000  -37.5000 2247.6172   17.7656
    0.0000  -45.0000  -37.5000 2262.8889   17.5741
    7.5000  -45.0000  -37.5000 2246.8713   17.7006
   -7.5000  -37.5000  -37.5000 2291.5254   17.0783
    0.0000  -37.5000  -37.5000 2305.4111   16.8848
    7.5000  -37.5000  -37.5000 2290.9006   17.0151
   -7.5000  -30.0000  -37.5000 2311.4365   16.7383
    0.0000  -30.0000  -37.5000 2326.2671   16.5645
    7.5000  -30.0000  -37.5000 2308.2668   16.7198
   -7.5000  -22.5000  -37.5000 2305.0476   16.8453
    0.0000  -22.5000  -37.5000 2320.1316   16.6921
    7.5000  -22.5000  -37.5000 2296.7566   16.8463
   -7.5000  -15.0000  -37.5000 2271.7402   17.3089
    0.0000  -15.0000  -37.5000 2289.2114   17.1434
    7.5000  -15.0000  -37.5000 2261.2317   17.3165
   -7.5000   -7.5000  -37.5000 2212.5471   18.1458
    0.0000   -7.5000  -37.5000 2230.6553   17.9531
    7.5000   -7.5000  -37.5000 2204.8477   18.1156
   -7.5000    0.0000  -37.5000 2124.6860   19.3616
    0.0000    0.0000  -37.5000 2141.4539   19.1300
    7.5000    0.0000  -37.5000 2114.9761   19.3478
   -7.5000    7.5000  -37.5000 2018.1951   21.1070
    0.0000    7.5000  -37.5000 2031.9271   20.8543
    7.5000    7.5000  -37.5000 2010.2260   21.0988
   -7.5000   15.0000  -37.5000 1901.8672   23.5880
    0.0000   15.0000  -37.5000 1913.2162   23.3057
    7.5000   15.0000  -37.5000 1888.5836   23.5852
   -7.5000   22.5000  -37.5000 1770.6539   27.1284
    0.0000   22.5000  -37.5000 1781.4855   26.8299
    7.5000   22.5000  -37.5000 1759.8824   27.1445
   -7.5000   30.0000  -37.5000 1636.3420   31.8999
    0.0000   30.0000  -37.5000 1643.0481   31.6529
    7.5000   30.0000  -37.5000 1624.5042   32.0606
   -7.5000   37.5000  -37.5000 1490.3639   38.6836
    0.0000   37.5000  -37.5000 1500.4379   38.3754
    7.5000   37.5000  -37.5000 1482.3501   38.8779
   -7.5000   45.0000  -37.5000 1346.0902   48.5079
    0.0000   45.0000  -37.5000 1353.4807   47.8352
    7.5000   45.0000  -37.5000 1345.1782   48.5263
   -7.5000  -45.0000  -30.0000 2384.5312   16.9493
    0.0000  -45.0000  -30.0000 2402.5139   16.8010
    7.5000  -45.0000  -30.0000 2386.3782   16.9342
   -7.5000  -37.5000  -30.0000 2437.8774   16.2997
    0.0000  -37.5000  -30.0000 2456.7073   16.1472
    7.5000  -37.5000  -30.0000 2437.2676   16.2505
   -7.5000  -30.0000  -30.0000 2466.8835   16.0567
    0.0000  -30.0000  -30.0000 2486.9629   15.8827
    7.5000  -30.0000  -30.0000 2459.3865   16.0099
   -7.5000  -22.5000  -30.0000 2460.0295   16.2046
    0.0000  -22.5000  -30.0000 2481.5554   16.0551
    7.5000  -22.5000  -30.0000 2450.6123   16.1789
   -7.5000  -15.0000  -30.0000 2419.4905   16.6978
    0.0000  -15.0000  -30.0000 2443.8291   16.5650
    7.5000  -15.0000  -30.0000 2411.1482   16.6933
   -7.5000   -7.5000  -30.0000 2354.2317   17.5040
    0.0000   -7.5000  -30.0000 2372.7217   17.3408
    7.5000   -7.5000  -30.0000 2337.7793   17.4872
   -7.5000    0.0000  -30.0000 2251.3628   18.6919
    0.0000    0.0000  -30.0000 2269.3953   18.4740
    7.5000    0.0000  -30.0000 2242.6865   18.6402
   -7.5000    7.5000  -30.0000 2135.5833   20.3354
    0.0000    7.5000  -30.0000 2151.6763   20.1209
    7.5000    7.5000  -30.0000 2126.2349   20.3237
   -7.5000   15.0000  -30.0000 2006.7096   22.6455
    0.0000   15.0000  -30.0000 2018.4182   22.4051
    7.5000   15.0000  -30.0000 1994.5879   22.6590
   -7.5000   22.5000  -30.0000 1867.1051   25.9257
    0.0000   22.5000  -30.0000 1880.5438   25.6818
    7.5000   22.5000  -30.0000 1857.8135   25.9661
   -7.5000   30.0000  -30.0000 1716.8165   30.3945
    0.0000   30.0000  -30.0000 1726.0658   30.1921
    7.5000   30.0000  -30.0000 1708.7714   30.5055
   -7.5000   37.5000  -30.0000 1565.4225   36.6681
    0.0000   37.5000  -30.0000 1580.3397   36.3752
    7.5000   37.5000  -30.0000 1559.2430   36.8541
   -7.5000   45.0000  -30.0000 1410.6022   45.5484
    0.0000   45.0000  -30.0000 1422.6068   45.1425
    7.5000   45.0000  -30.0000 1411.3710   45.6669
   -7.5000  -45.0000  -22.5000 2504.3838   16.0893
    0.0000  -45.0000  -22.5000 2520.0469   15.9696
    7.5000  -45.0000  -22.5000 2502.9111   16.1220
   -7.5000  -37.5000  -22.5000 2567.6257   15.5026
    0.0000  -37.5000  -22.5000 2587.3020   15.3846
    7.5000  -37.5000  -22.5000 2561.2708   15.5290
   -7.5000  -30.0000  -22.5000 2602.2307   15.3227
    0.0000  -30.0000  -22.5000 2623.4993   15.1751
    7.5000  -30.0000  -22.5000 2588.7102   15.3252
   -7.5000  -22.5000  -22.5000 2589.7590   15.5283
    0.0000  -22.5000  -22.5000 2616.9817   15.3869
    7.5000  -22.5000  -22.5000 2579.9189   15.5265
   -7.5000  -15.0000  -22.5000 2543.2639   16.0210
    0.0000  -15.0000  -22.5000 2571.6580   15.9166
    7.5000  -15.0000  -22.5000 2532.3123   16.0586
   -7.5000   -7.5000  -22.5000 2466.8850   16.7995
    0.0000   -7.5000  -22.5000 2485.8555   16.6626
    7.5000   -7.5000  -22.5000 2446.8252   16.8346
   -7.5000    0.0000  -22.5000 2355.3022   17.9390
    0.0000    0.0000  -22.5000 2371.1570   17.7591
    7.5000    0.0000  -22.5000 2341.4900   17.9267
   -7.5000    7.5000  -22.5000 2227.2305   19.5518
    0.0000    7.5000  -22.5000 2241.4817   19.3382
    7.5000    7.5000  -22.5000 2213.3311   19.5458
   -7.5000   15.0000  -22.5000 2085.3059   21.7211
    0.0000   15.0000  -22.5000 2095.3696   21.4837
    7.5000   15.0000  -22.5000 2072.6157   21.7044
   -7.5000   22.5000  -22.5000 1939.7006   24.7888
    0.0000   22.5000  -22.5000 1948.6498   24.5629
    7.5000   22.5000  -22.5000 1925.0863   24.8009
   -7.5000   30.0000  -22.5000 1781.9985   28.9018
    0.0000   30.0000  -22.5000 1789.4930   28.6901
    7.5000   30.0000  -22.5000 1774.1578   29.0175
   -7.5000   37.5000  -22.5000 1628.1017   34.6669
    0.0000   37.5000  -22.5000 1634.8906   34.3607
    7.5000   37.5000  -22.5000 1620.1943   34.8363
   -7.5000   45.0000  -22.5000 1469.5626   43.0219
    0.0000   45.0000  -22.5000 1479.6775   42.6358
    7.5000   45.0000  -22.5000 1472.8186   43.3643
   -7.5000  -45.0000  -15.0000 2598.5498   15.3691
    0.0000  -45.0000  -15.0000 2616.7581   15.1866
    7.5000  -45.0000  -15.0000 2592.7629   15.4155
   -7.5000  -37.5000  -15.0000 2672.3557   14.8405
    0.0000  -37.5000  -15.0000 2690.4153   14.6997
    7.5000  -37.5000  -15.0000 2656.2324   14.8973
   -7.5000  -30.0000  -15.0000 2707.2473   14.7179
    0.0000  -30.0000  -15.0000 2729.2300   14.5593
    7.5000  -30.0000  -15.0000 2689.6382   14.7615
   -7.5000  -22.5000  -15.0000 2694.8345   14.9464
    0.0000  -22.5000  -15.0000 2716.6882   14.8151
    7.5000  -22.5000  -15.0000 2678.6289   14.9646
   -7.5000  -15.0000  -15.0000 2638.9041   15.4182
    0.0000  -15.0000  -15.0000 2663.6003   15.3127
    7.5000  -15.0000  -15.0000 2621.8660   15.4566
   -7.5000   -7.5000  -15.0000 2547.6816   16.1670
    0.0000   -7.5000  -15.0000 2567.7207   16.0822
    7.5000   -7.5000  -15.0000 2528.5767   16.2193
   -7.5000    0.0000  -15.0000 2425.5964   17.2540
    0.0000    0.0000  -15.0000 2441.9128   17.1252
    7.5000    0.0000  -15.0000 2410.8457   17.2938
   -7.5000    7.5000  -15.0000 2287.6763   18.7935
    0.0000    7.5000  -15.0000 2300.2322   18.6304
    7.5000    7.5000  -15.0000 2277.3977   18.8154
   -7.5000   15.0000  -15.0000 2137.4290   20.8942
    0.0000   15.0000  -15.0000 2144.9644   20.6860
    7.5000   15.0000  -15.0000 2125.7095   20.8977
   -7.5000   22.5000  -15.0000 1982.4457   23.7273
    0.0000   22.5000  -15.0000 1992.7439   23.5597
    7.5000   22.5000  -15.0000 1971.5720   23.7740
   -7.5000   30.0000  -15.0000 1822.3779   27.5570
    0.0000   30.0000  -15.0000 1829.7883   27.3768
    7.5000   30.0000  -15.0000 1815.3517   27.6945
   -7.5000   37.5000  -15.0000 1662.6790   32.9324
    0.0000   37.5000  -15.0000 1671.0594   32.7545
    7.5000   37.5000  -15.0000 1654.1425   33.1555
   -7.5000   45.0000  -15.0000 1505.1995   40.5934
    0.0000   45.0000  -15.0000 1516.8265   40.2924
    7.5000   45.0000  -15.0000 1505.5753   40.8723
   -7.5000  -45.0000   -7.5000 2673.4172   14.7578
    0.0000  -45.0000   -7.5000 2696.3035   14.5561
    7.5000  -45.0000   -7.5000 2660.7004   14.8475
   -7.5000  -37.5000   -7.5000 2758.2493   14.2765
    0.0000  -37.5000   -7.5000 2788.1289   14.0776
    7.5000  -37.5000   -7.5000 2735.0513   14.3396
   -7.5000  -30.0000   -7.5000 2802.4709   14.1872
    0.0000  -30.0000   -7.5000 2829.8560   14.0330
    7.5000  -30.0000   -7.5000 2774.8562   14.2522
   -7.5000  -22.5000   -7.5000 2776.0527   14.4710
    0.0000  -22.5000   -7.5000 2803.8789   14.3440
    7.5000  -22.5000   -7.5000 2759.9111   14.4927
   -7.5000  -15.0000   -7.5000 2704.3823   14.9055
    0.0000  -15.0000   -7.5000 2730.3198   14.8215
    7.5000  -15.0000   -7.5000 2685.7263   14.9496
   -7.5000   -7.5000   -7.5000 2599.1641   15.6206
    0.0000   -7.5000   -7.5000 2623.0918   15.5323
    7.5000   -7.5000   -7.5000 2587.5996   15.6399
   -7.5000    0.0000   -7.5000 2470.2222   16.6529
    0.0000    0.0000   -7.5000 2486.4985   16.5425
    7.5000    0.0000   -7.5000 2458.6523   16.6779
   -7.5000    7.5000   -7.5000 2326.7542   18.1367
    0.0000    7.5000   -7.5000 2342.5867   18.0138
    7.5000    7.5000   -7.5000 2316.4587   18.1447
   -7.5000   15.0000   -7.5000 2166.6099   20.1481
    0.0000   15.0000   -7.5000 2183.8035   20.0076
    7.5000   15.0000   -7.5000 2156.5176   20.1587
   -7.5000   22.5000   -7.5000 2010.2640   22.8343
    0.0000   22.5000   -7.5000 2024.9988   22.6655
    7.5000   22.5000   -7.5000 2003.2539   22.9018
   -7.5000   30.0000   -7.5000 1846.4865   26.5129
    0.0000   30.0000   -7.5000 1856.0712   26.3184
    7.5000   30.0000   -7.5000 1839.7904   26.5911
   -7.5000   37.5000   -7.5000 1680.0931   31.4260
    0.0000   37.5000   -7.5000 1690.0063   31.1208
    7.5000   37.5000   -7.5000 1676.2178   31.5482
   -7.5000   45.0000   -7.5000 1520.4154   38.4597
    0.0000   45.0000   -7.5000 1531.9647   38.0188
    7.5000   45.0000   -7.5000 1519.8807   38.5286
   -7.5000  -45.0000    0.0000 2716.4102   14.4023
    0.0000  -45.0000    0.0000 2742.4573   14.2070
    7.5000  -45.0000    0.0000 2704.7979   14.4775
   -7.5000  -37.5000    0.0000 2811.6790   13.8427
    0.0000  -37.5000    0.0000 2851.9597   13.6140
    7.5000  -37.5000    0.0000 2790.6775   13.9480
   -7.5000  -30.0000    0.0000 2858.1028   13.7871
    0.0000  -30.0000    0.0000 2896.2388   13.5874
    7.5000  -30.0000    0.0000 2835.5630   13.8765
   -7.5000  -22.5000    0.0000 2826.6946   14.0729
    0.0000  -22.5000    0.0000 2861.5579   13.9612
    7.5000  -22.5000    0.0000 2816.7974   14.1103
   -7.5000  -15.0000    0.0000 2741.1980   14.5624
    0.0000  -15.0000    0.0000 2771.7371   14.4645
    7.5000  -15.0000    0.0000 2732.3545   14.5673
   -7.5000   -7.5000    0.0000 2626.2458   15.2399
    0.0000   -7.5000    0.0000 2653.2173   15.1397
    7.5000   -7.5000    0.0000 2622.4922   15.2131
   -7.5000    0.0000    0.0000 2489.6445   16.2335
    0.0000    0.0000    0.0000 2512.2366   16.1069
    7.5000    0.0000    0.0000 2481.0464   16.2196
   -7.5000    7.5000    0.0000 2345.1599   17.6301
    0.0000    7.5000    0.0000 2363.9148   17.4834
    7.5000    7.5000    0.0000 2330.3955   17.6379
   -7.5000   15.0000    0.0000 2186.9563   19.5526
    0.0000   15.0000    0.0000 2200.8054   19.3854
    7.5000   15.0000    0.0000 2175.4980   19.6106
   -7.5000   22.5000    0.0000 2019.9532   22.1379
    0.0000   22.5000    0.0000 2033.3212   21.9785
    7.5000   22.5000    0.0000 2012.8038   22.2243
   -7.5000   30.0000    0.0000 1855.6046   25.6046
    0.0000   30.0000    0.0000 1869.9088   25.3810
    7.5000   30.0000    0.0000 1849.4663   25.7014
   -7.5000   37.5000    0.0000 1684.8987   30.2316
    0.0000   37.5000    0.0000 1696.9247   29.9876
    7.5000   37.5000    0.0000 1687.5162   30.4165
   -7.5000   45.0000    0.0000 1524.4595   36.8608
    0.0000   45.0000    0.0000 1534.0602   36.3918
    7.5000   45.0000    0.0000 1523.3632   37.0227
   -7.5000  -45.0000    7.5000 2724.1238   14.3360
    0.0000  -45.0000    7.5000 2758.6931   14.1436
    7.5000  -45.0000    7.5000 2714.3113   14.3816
   -7.5000  -37.5000    7.5000 2825.7178   13.8074
    0.0000  -37.5000    7.5000 2867.3782   13.5630
    7.5000  -37.5000    7.5000 2810.6707   13.8879
   -7.5000  -30.0000    7.5000 2871.7627   13.6554
    0.0000  -30.0000    7.5000 2916.2803   13.4799
    7.5000  -30.0000    7.5000 2856.5281   13.7564
   -7.5000  -22.5000    7.5000 2846.1765   13.9341
    0.0000  -22.5000    7.5000 2880.3521   13.7950
    7.5000  -22.5000    7.5000 2831.4683   13.9856
   -7.5000  -15.0000    7.5000 2751.6685   14.4429
    0.0000  -15.0000    7.5000 2782.9031   14.3097
    7.5000  -15.0000    7.5000 2743.3345   14.4743
   -7.5000   -7.5000    7.5000 2634.2009   15.1261
    0.0000   -7.5000    7.5000 2660.4944   14.9423
    7.5000   -7.5000    7.5000 2627.1060   15.1082
   -7.5000    0.0000    7.5000 2492.2632   16.0928
    0.0000    0.0000    7.5000 2512.7180   15.8584
    7.5000    0.0000    7.5000 2484.2842   16.0479
   -7.5000    7.5000    7.5000 2346.9382   17.3952
    0.0000    7.5000    7.5000 2366.1636   17.1633
    7.5000    7.5000    7.5000 2334.6135   17.3848
   -7.5000   15.0000    7.5000 2183.0386   19.2235
    0.0000   15.0000    7.5000 2197.2683   18.9913
    7.5000   15.0000    7.5000 2172.1704   19.2701
   -7.5000   22.5000    7.5000 2016.8029   21.7570
    0.0000   22.5000    7.5000 2031.5598   21.5094
    7.5000   22.5000    7.5000 2008.0543   21.8601
   -7.5000   30.0000    7.5000 1851.4275   25.1115
    0.0000   30.0000    7.5000 1868.6838   24.8552
    7.5000   30.0000    7.5000 1849.0493   25.2723
   -7.5000   37.5000    7.5000 1682.0636   29.5067
    0.0000   37.5000    7.5000 1699.0405   29.2726
    7.5000   37.5000    7.5000 1681.7510   29.7843
   -7.5000   45.0000    7.5000 1519.3228   35.7278
    0.0000   45.0000    7.5000 1527.2977   35.3072
    7.5000   45.0000    7.5000 1515.5865   35.9952
   -7.5000  -45.0000   15.0000 2700.9282   14.5910
    0.0000  -45.0000   15.0000 2730.9753   14.3677
    7.5000  -45.0000   15.0000 2692.9412   14.6660
   -7.5000  -37.5000   15.0000 2790.5369   14.1119
    0.0000  -37.5000   15.0000 2825.5879   13.8882
    7.5000  -37.5000   15.0000 2782.2056   14.1407
   -7.5000  -30.0000   15.0000 2830.6428   13.9735
    0.0000  -30.0000   15.0000 2865.4973   13.7270
    7.5000  -30.0000   15.0000 2820.8723   13.9900
   -7.5000  -22.5000   15.0000 2811.1230   14.1080
    0.0000  -22.5000   15.0000 2838.5122   13.8784
    7.5000  -22.5000   15.0000 2796.5481   14.1634
   -7.5000  -15.0000   15.0000 2725.7087   14.5729
    0.0000  -15.0000   15.0000 2749.7231   14.3467
    7.5000  -15.0000   15.0000 2719.1011   14.5901
   -7.5000   -7.5000   15.0000 2610.9802   15.2422
    0.0000   -7.5000   15.0000 2633.6270   15.0305
    7.5000   -7.5000   15.0000 2604.4771   15.2328
   -7.5000    0.0000   15.0000 2472.7888   16.1616
    0.0000    0.0000   15.0000 2493.3340   15.9389
    7.5000    0.0000   15.0000 2465.4255   16.1535
   -7.5000    7.5000   15.0000 2327.3696   17.4446
    0.0000    7.5000   15.0000 2342.4565   17.2136
    7.5000    7.5000   15.0000 2315.4055   17.4203
   -7.5000   15.0000   15.0000 2163.5483   19.2312
    0.0000   15.0000   15.0000 2178.9207   19.0087
    7.5000   15.0000   15.0000 2154.8123   19.2214
   -7.5000   22.5000   15.0000 1999.6986   21.6455
    0.0000   22.5000   15.0000 2011.7372   21.4965
    7.5000   22.5000   15.0000 1994.3400   21.7333
   -7.5000   30.0000   15.0000 1837.2854   24.9173
    0.0000   30.0000   15.0000 1849.0382   24.7738
    7.5000   30.0000   15.0000 1827.5415   25.1080
   -7.5000   37.5000   15.0000 1669.4115   29.3712
    0.0000   37.5000   15.0000 1683.8079   29.1525
    7.5000   37.5000   15.0000 1668.8527   29.6098
   -7.5000   45.0000   15.0000 1506.2141   35.4734
    0.0000   45.0000   15.0000 1514.3082   35.1333
    7.5000   45.0000   15.0000 1503.6477   35.7560
   -7.5000  -45.0000   22.5000 2653.7581   15.2048
    0.0000  -45.0000   22.5000 2683.5085   15.0095
    7.5000  -45.0000   22.5000 2646.3521   15.2273
   -7.5000  -37.5000   22.5000 2728.4600   14.6840
    0.0000  -37.5000   22.5000 2757.1479   14.5241
    7.5000  -37.5000   22.5000 2721.3604   14.6958
   -7.5000  -30.0000   22.5000 2753.1733   14.4722
    0.0000  -30.0000   22.5000 2785.2063   14.3048
    7.5000  -30.0000   22.5000 2748.3486   14.4632
   -7.5000  -22.5000   22.5000 2732.0144   14.5636
    0.0000  -22.5000   22.5000 2760.5916   14.4001
    7.5000  -22.5000   22.5000 2725.4204   14.5595
   -7.5000  -15.0000   22.5000 2660.1116   14.9360
    0.0000  -15.0000   22.5000 2684.3633   14.7962
    7.5000  -15.0000   22.5000 2654.6189   14.9348
   -7.5000   -7.5000   22.5000 2554.0266   15.5556
    0.0000   -7.5000   22.5000 2578.8611   15.4126
    7.5000   -7.5000   22.5000 2553.1477   15.5742
   -7.5000    0.0000   22.5000 2427.9844   16.4342
    0.0000    0.0000   22.5000 2450.1519   16.2689
    7.5000    0.0000   22.5000 2428.0142   16.4457
   -7.5000    7.5000   22.5000 2287.7651   17.7025
    0.0000    7.5000   22.5000 2304.7424   17.4935
    7.5000    7.5000   22.5000 2283.8794   17.7000
   -7.5000   15.0000   22.5000 2133.1355   19.4589
    0.0000   15.0000   22.5000 2150.1384   19.2163
    7.5000   15.0000   22.5000 2126.0742   19.4974
   -7.5000   22.5000   22.5000 1974.4984   21.9228
    0.0000   22.5000   22.5000 1989.9005   21.6854
    7.5000   22.5000   22.5000 1964.7412   22.0097
   -7.5000   30.0000   22.5000 1807.9824   25.2845
    0.0000   30.0000   22.5000 1819.8582   25.0111
    7.5000   30.0000   22.5000 1801.1288   25.3684
   -7.5000   37.5000   22.5000 1641.9338   29.7050
    0.0000   37.5000   22.5000 1652.4384   29.4979
    7.5000   37.5000   22.5000 1642.5999   29.8423
   -7.5000   45.0000   22.5000 1486.3671   35.9168
    0.0000   45.0000   22.5000 1493.8583   35.5916
    7.5000   45.0000   22.5000 1481.2834   36.1015
   -7.5000  -45.0000   30.0000 2588.8530   16.0408
    0.0000  -45.0000   30.0000 2614.8396   15.9066
    7.5000  -45.0000   30.0000 2583.7358   16.0365
   -7.5000  -37.5000   30.0000 2647.3789   15.4850
    0.0000  -37.5000   30.0000 2672.1338   15.3564
    7.5000  -37.5000   30.0000 2643.1353   15.4667
   -7.5000  -30.0000   30.0000 2661.4426   15.2045
    0.0000  -30.0000   30.0000 2693.6199   15.0515
    7.5000  -30.0000   30.0000 2662.5916   15.1769
   -7.5000  -22.5000   30.0000 2639.5413   15.2355
    0.0000  -22.5000   30.0000 2666.0017   15.0746
    7.5000  -22.5000   30.0000 2639.6885   15.1883
   -7.5000  -15.0000   30.0000 2572.4036   15.5869
    0.0000  -15.0000   30.0000 2596.0942   15.3989
    7.5000  -15.0000   30.0000 2570.3945   15.5104
   -7.5000   -7.5000   30.0000 2476.4167   16.1916
    0.0000   -7.5000   30.0000 2499.5056   16.0171
    7.5000   -7.5000   30.0000 2477.5972   16.1180
   -7.5000    0.0000   30.0000 2362.7837   17.0470
    0.0000    0.0000   30.0000 2381.2483   16.8607
    7.5000    0.0000   30.0000 2364.2490   16.9674
   -7.5000    7.5000   30.0000 2233.5640   18.2796
    0.0000    7.5000   30.0000 2250.0762   18.0744
    7.5000    7.5000   30.0000 2230.6755   18.2580
   -7.5000   15.0000   30.0000 2094.0564   20.0370
    0.0000   15.0000   30.0000 2107.2986   19.8350
    7.5000   15.0000   30.0000 2088.4697   20.0632
   -7.5000   22.5000   30.0000 1935.6859   22.4878
    0.0000   22.5000   30.0000 1945.5166   22.2925
    7.5000   22.5000   30.0000 1931.6774   22.6002
   -7.5000   30.0000   30.0000 1771.5557   25.8753
    0.0000   30.0000   30.0000 1777.5325   25.6472
    7.5000   30.0000   30.0000 1767.2308   25.9980
   -7.5000   37.5000   30.0000 1611.3083   30.4882
    0.0000   37.5000   30.0000 1617.5413   30.1858
    7.5000   37.5000   30.0000 1602.9670   30.6578
   -7.5000   45.0000   30.0000 1456.0498   36.7720
    0.0000   45.0000   30.0000 1458.9219   36.4322
    7.5000   45.0000   30.0000 1450.4355   36.8610
   -7.5000  -45.0000   37.5000 2517.0249   17.1428
    0.0000  -45.0000   37.5000 2536.4832   16.9804
    7.5000  -45.0000   37.5000 2509.4990   17.0845
   -7.5000  -37.5000   37.5000 2559.8789   16.5503
    0.0000  -37.5000   37.5000 2580.6165   16.3874
    7.5000  -37.5000   37.5000 2558.0220   16.4717
   -7.5000  -30.0000   37.5000 2569.5525   16.2033
    0.0000  -30.0000   37.5000 2592.4946   16.0147
    7.5000  -30.0000   37.5000 2568.5938   16.1063
   -7.5000  -22.5000   37.5000 2544.7007   16.1657
    0.0000  -22.5000   37.5000 2563.9656   15.9925
    7.5000  -22.5000   37.5000 2546.2854   16.0839
   -7.5000  -15.0000   37.5000 2482.6714   16.4792
    0.0000  -15.0000   37.5000 2502.3169   16.2810
    7.5000  -15.0000   37.5000 2484.8594   16.3818
   -7.5000   -7.5000   37.5000 2394.3933   17.0855
    0.0000   -7.5000   37.5000 2411.1467   16.8657
    7.5000   -7.5000   37.5000 2397.4395   16.9573
   -7.5000    0.0000   37.5000 2288.3608   17.9417
    0.0000    0.0000   37.5000 2306.0154   17.7131
    7.5000    0.0000   37.5000 2291.3777   17.8305
   -7.5000    7.5000   37.5000 2171.4644   19.1963
    0.0000    7.5000   37.5000 2185.6655   18.9526
    7.5000    7.5000   37.5000 2168.4382   19.0843
   -7.5000   15.0000   37.5000 2036.3051   20.9609
    0.0000   15.0000   37.5000 2044.7140   20.7071
    7.5000   15.0000   37.5000 2029.0337   20.9063
   -7.5000   22.5000   37.5000 1883.4584   23.4762
    0.0000   22.5000   37.5000 1894.5326   23.2449
    7.5000   22.5000   37.5000 1882.0664   23.5199
   -7.5000   30.0000   37.5000 1729.1897   26.9337
    0.0000   30.0000   37.5000 1737.3171   26.6667
    7.5000   30.0000   37.5000 1725.0796   27.0435
   -7.5000   37.5000   37.5000 1571.1509   31.6893
    0.0000   37.5000   37.5000 1575.9913   31.3070
    7.5000   37.5000   37.5000 1566.1288   31.7399
   -7.5000   45.0000   37.5000 1417.5774   38.2807
    0.0000   45.0000   37.5000 1423.0507   37.7731
    7.5000   45.0000   37.5000 1416.1970   38.2315
   -7.5000  -45.0000   45.0000 2425.6829   18.5002
    0.0000  -45.0000   45.0000 2441.3154   18.3201
    7.5000  -45.0000   45.0000 2415.7949   18.4146
   -7.5000  -37.5000   45.0000 2457.4919   17.8744
    0.0000  -37.5000   45.0000 2477.0283   17.6562
    7.5000  -37.5000   45.0000 2451.6731   17.7476
   -7.5000  -30.0000   45.0000 2464.2881   17.4668
    0.0000  -30.0000   45.0000 2481.8110   17.2331
    7.5000  -30.0000   45.0000 2460.6655   17.3064
   -7.5000  -22.5000   45.0000 2441.2715   17.3791
    0.0000  -22.5000   45.0000 2458.3467   17.1610
    7.5000  -22.5000   45.0000 2441.2285   17.2368
   -7.5000  -15.0000   45.0000 2387.6350   17.6849
    0.0000  -15.0000   45.0000 2402.5139   17.4936
    7.5000  -15.0000   45.0000 2388.7256   17.5515
   -7.5000   -7.5000   45.0000 2306.3516   18.2754
    0.0000   -7.5000   45.0000 2315.0996   18.0633
    7.5000   -7.5000   45.0000 2308.1873   18.1270
   -7.5000    0.0000   45.0000 2211.0149   19.1415
    0.0000    0.0000   45.0000 2222.5527   18.8981
    7.5000    0.0000   45.0000 2210.3862   18.9879
   -7.5000    7.5000   45.0000 2098.2957   20.3744
    0.0000    7.5000   45.0000 2109.1721   20.0806
    7.5000    7.5000   45.0000 2097.0010   20.2216
   -7.5000   15.0000   45.0000 1963.8926   22.1873
    0.0000   15.0000   45.0000 1977.0316   21.8822
    7.5000   15.0000   45.0000 1964.9149   22.0682
   -7.5000   22.5000   45.0000 1821.2166   24.7867
    0.0000   22.5000   45.0000 1831.7336   24.5072
    7.5000   22.5000   45.0000 1821.1708   24.7290
   -7.5000   30.0000   45.0000 1671.7535   28.4069
    0.0000   30.0000   45.0000 1678.2172   28.1620
    7.5000   30.0000   45.0000 1671.1772   28.4201
   -7.5000   37.5000   45.0000 1522.3848   33.4731
    0.0000   37.5000   45.0000 1528.0613   33.0613
    7.5000   37.5000   45.0000 1522.2642   33.4196
   -7.5000   45.0000   45.0000 1377.9236   40.3662
    0.0000   45.0000   45.0000 1382.1393   39.7849
    7.5000   45.0000   45.0000 1376.5637   40.2760

---------------------------------------------------------------------
imgreg_4dfp /opt/freesurfer/average/711-2C_as_mni_average_305 /opt/freesurfer/average/711-2B_as_mni_average_305_mask talsrcimg_g11 none talsrcimg_to_711-2C_as_mni_average_305_t4 1283
---------------------------------------------------------------------

freesurfer imgreg_4dfp.c
/opt/freesurfer/average/711-2C_as_mni_average_305.4dfp.img
       256       256       256         1
  1.000000  1.000000  1.000000
orientation T byte_order littleendian
Reading image: /opt/freesurfer/average/711-2C_as_mni_average_305.4dfp.img
dimensions:      256       256       256
mmppix:       1.0000   -1.0000   -1.0000
center:     128.0000 -129.0000 -129.0000
/opt/freesurfer/average/711-2B_as_mni_average_305_mask.4dfp.img
       256       256       256         1
  1.000000  1.000000  1.000000
orientation T byte_order littleendian
Reading mask: /opt/freesurfer/average/711-2B_as_mni_average_305_mask.4dfp.img (2306576 pixels)
talsrcimg_g11.4dfp.img
       256       256       256         1
  1.000000  1.000000  1.000000
orientation T byte_order littleendian
Reading image: talsrcimg_g11.4dfp.img
dimensions:      256       256       256
mmppix:       1.0000   -1.0000   -1.0000
center:     128.0000 -129.0000 -129.0000
rotation matrix determinant  1.000000
fimgreg.f
image alignment mode   1283 decimal      503 hex
parameters
    0.0000  -30.0000    7.5000    0.0000    0.0000    0.0000
eta,q 0.91719 13.42487
niter,ni,del,rscale     5    3   12.0000    1.2000
parameter  5 -1.425563 -> -0.500000 qaram    1.1500
parameters
   -0.8874  -29.1046    4.5187   -0.7512    3.4500    0.1932
eta,q 0.92003 13.37831
  0.0913  0.0944  0.0845  0.0859  0.0893  0.0837
  0.0868  0.0906  0.0832  0.0841  0.0879  0.0817
  0.0849  0.0873  0.0836  0.0836  0.0857  0.0805
  0.0852  0.0847  0.0842  0.0833  0.0834  0.0800
  0.0861  0.0845  0.0865  0.0838  0.0809  0.0802
  0.0902  0.0866  0.0898  0.0856  0.0799  0.0814
  0.0976  0.0908  0.0939  0.0875  0.0807  0.0833
niter,ni,del,rscale     5    3   12.0000    1.2000
parameters
   -1.9244  -28.9949    4.9233   -0.3439    4.4457    0.2806
eta,q 0.92050 13.35544
  0.0869  0.0885  0.0880  0.0849  0.0878  0.0835
  0.0832  0.0844  0.0836  0.0821  0.0849  0.0818
  0.0804  0.0813  0.0808  0.0807  0.0821  0.0804
  0.0800  0.0798  0.0797  0.0799  0.0799  0.0795
  0.0824  0.0800  0.0812  0.0801  0.0799  0.0800
  0.0873  0.0828  0.0832  0.0816  0.0818  0.0814
  0.0952  0.0890  0.0854  0.0836  0.0849  0.0835
niter,ni,del,rscale     4    3   12.0000    1.2000
parameters
   -2.2558  -29.0776    4.9028   -0.0896    4.7274    0.3198
eta,q 0.92043 13.34501
  0.0888  0.0881  0.0863  0.0842  0.0867  0.0835
  0.0840  0.0842  0.0828  0.0817  0.0838  0.0819
  0.0811  0.0811  0.0802  0.0805  0.0813  0.0804
  0.0795  0.0796  0.0796  0.0796  0.0796  0.0796
  0.0808  0.0803  0.0815  0.0799  0.0805  0.0801
  0.0849  0.0834  0.0834  0.0816  0.0828  0.0816
  0.0919  0.0897  0.0855  0.0834  0.0860  0.0837
niter,ni,del,rscale     3    3   12.0000    1.2000
parameters
   -2.3372  -29.1513    4.8961    0.0228    4.8174    0.3507
eta,q 0.92046 13.34005
  0.0897  0.0882  0.0861  0.0838  0.0864  0.0835
  0.0844  0.0843  0.0828  0.0815  0.0836  0.0819
  0.0814  0.0812  0.0802  0.0804  0.0811  0.0803
  0.0796  0.0796  0.0796  0.0796  0.0795  0.0795
  0.0805  0.0803  0.0815  0.0800  0.0807  0.0801
  0.0843  0.0834  0.0833  0.0816  0.0830  0.0816
  0.0909  0.0897  0.0854  0.0834  0.0863  0.0837
niter,ni,del,rscale     2    3   12.0000    1.2000
parameters
   -2.3649  -29.1834    4.8925    0.0755    4.8415    0.3663
eta,q 0.92047 13.33830
  0.0898  0.0883  0.0861  0.0837  0.0862  0.0836
  0.0845  0.0843  0.0828  0.0815  0.0835  0.0819
  0.0815  0.0812  0.0802  0.0804  0.0810  0.0803
  0.0795  0.0795  0.0795  0.0795  0.0795  0.0795
  0.0804  0.0803  0.0815  0.0800  0.0807  0.0801
  0.0842  0.0833  0.0833  0.0817  0.0831  0.0817
  0.0907  0.0896  0.0854  0.0834  0.0864  0.0837
registration optimization eta report
parameter search radius
    6.0000    6.0000    6.0000    6.0000    6.9000    6.0000
100000*second partial in parameter space
       29.       26.       16.       11.       14.       11.
  0.0898  0.0883  0.0861  0.0837  0.0862  0.0836
  0.0845  0.0843  0.0828  0.0815  0.0835  0.0819
  0.0815  0.0812  0.0802  0.0804  0.0810  0.0803
  0.0795  0.0795  0.0795  0.0795  0.0795  0.0795
  0.0804  0.0803  0.0815  0.0800  0.0807  0.0801
  0.0842  0.0833  0.0833  0.0817  0.0831  0.0817
  0.0907  0.0896  0.0854  0.0834  0.0864  0.0837
   -2.3649  -29.1834    4.8925    0.0755    4.8415    0.3663
eta,q 0.92047 13.33830

---------------------------------------------------------------------
imgreg_4dfp /opt/freesurfer/average/711-2C_as_mni_average_305 /opt/freesurfer/average/711-2B_as_mni_average_305_mask talsrcimg_g11 none talsrcimg_to_711-2C_as_mni_average_305_t4 3335
---------------------------------------------------------------------

freesurfer imgreg_4dfp.c
/opt/freesurfer/average/711-2C_as_mni_average_305.4dfp.img
       256       256       256         1
  1.000000  1.000000  1.000000
orientation T byte_order littleendian
Reading image: /opt/freesurfer/average/711-2C_as_mni_average_305.4dfp.img
dimensions:      256       256       256
mmppix:       1.0000   -1.0000   -1.0000
center:     128.0000 -129.0000 -129.0000
/opt/freesurfer/average/711-2B_as_mni_average_305_mask.4dfp.img
       256       256       256         1
  1.000000  1.000000  1.000000
orientation T byte_order littleendian
Reading mask: /opt/freesurfer/average/711-2B_as_mni_average_305_mask.4dfp.img (2306576 pixels)
talsrcimg_g11.4dfp.img
       256       256       256         1
  1.000000  1.000000  1.000000
orientation T byte_order littleendian
Reading image: talsrcimg_g11.4dfp.img
dimensions:      256       256       256
mmppix:       1.0000   -1.0000   -1.0000
center:     128.0000 -129.0000 -129.0000
fimgreg.f
image alignment mode   3335 decimal      D07 hex
parameters
   -2.3649  -29.1834    4.8925   -0.3588   -0.0022   -0.3569
   -0.6505   -8.4389    0.6371   -0.1857    8.4399    0.1313
eta,q 0.92006 13.45172
niter,ni,del,rscale     5    3    5.0000    1.2000
parameter  4  3.050060 ->  0.500000 qaram    1.1500
parameter  5  4.348214 ->  0.500000 qaram    1.1500
parameter  6  2.262380 ->  0.500000 qaram    1.1500
parameter 12  0.512430 ->  0.500000 qaram    1.1500
parameters
   -2.5378  -29.5214    5.9563   -4.4988   -4.1422   -4.4969
   -1.8750   -6.2610    1.3248   -2.7842    6.6285   -4.0087
eta,q 0.94215 12.10583
  0.0818  0.0811  0.0818  0.0692  0.0602  0.0549  0.0605  0.0651  0.0609  0.0596  0.0587  0.0582
  0.0808  0.0805  0.0811  0.0721  0.0641  0.0581  0.0596  0.0623  0.0598  0.0585  0.0583  0.0579
  0.0801  0.0801  0.0805  0.0756  0.0683  0.0616  0.0591  0.0602  0.0590  0.0582  0.0582  0.0579
  0.0799  0.0799  0.0799  0.0795  0.0730  0.0652  0.0591  0.0590  0.0587  0.0587  0.0582  0.0582
  0.0803  0.0802  0.0795  0.0840  0.0782  0.0698  0.0596  0.0587  0.0587  0.0598  0.0585  0.0587
  0.0812  0.0810  0.0796  0.0890  0.0835  0.0756  0.0606  0.0592  0.0593  0.0617  0.0590  0.0595
  0.0825  0.0822  0.0801  0.0940  0.0892  0.0815  0.0619  0.0605  0.0602  0.0643  0.0598  0.0605
niter,ni,del,rscale     7    3    5.0000    1.2000
parameter  3  1.215931 ->  0.500000 qaram    1.1500
parameter  4  1.198663 ->  0.500000 qaram    1.3225
parameter  5  2.383435 ->  0.500000 qaram    1.3225
parameter  6  1.299969 ->  0.500000 qaram    1.3225
parameters
   -1.9540  -29.4385    4.5763   -9.2598   -8.9032   -9.2579
   -1.3362   -5.9176    1.3986   -3.7433    7.5119   -4.4239
eta,q 0.96185 11.21824
  0.0617  0.0597  0.0564  0.0505  0.0410  0.0375  0.0413  0.0442  0.0407  0.0412  0.0405  0.0401
  0.0598  0.0586  0.0564  0.0513  0.0437  0.0378  0.0397  0.0411  0.0394  0.0393  0.0394  0.0390
  0.0585  0.0580  0.0568  0.0532  0.0472  0.0405  0.0387  0.0390  0.0386  0.0384  0.0386  0.0383
  0.0579  0.0577  0.0577  0.0565  0.0517  0.0446  0.0383  0.0383  0.0382  0.0382  0.0382  0.0382
  0.0577  0.0579  0.0588  0.0607  0.0566  0.0499  0.0384  0.0387  0.0384  0.0390  0.0382  0.0385
  0.0582  0.0585  0.0599  0.0657  0.0620  0.0554  0.0392  0.0405  0.0393  0.0408  0.0387  0.0393
  0.0591  0.0595  0.0611  0.0713  0.0680  0.0614  0.0405  0.0431  0.0406  0.0433  0.0396  0.0405
niter,ni,del,rscale     7    3    5.0000    1.2000
parameter  5  1.108410 ->  0.500000 qaram    1.5209
parameters
   -1.8628  -28.7031    3.6631  -12.7697  -14.3783  -13.1061
   -1.0190   -6.1747    1.4334   -3.4112    9.1687   -4.0831
eta,q 0.96760 10.69341
  0.0420  0.0425  0.0390  0.0390  0.0316  0.0346  0.0350  0.0365  0.0345  0.0362  0.0343  0.0343
  0.0399  0.0405  0.0379  0.0376  0.0324  0.0333  0.0337  0.0344  0.0334  0.0343  0.0335  0.0333
  0.0386  0.0390  0.0375  0.0370  0.0342  0.0323  0.0328  0.0330  0.0327  0.0330  0.0328  0.0326
  0.0382  0.0381  0.0379  0.0375  0.0370  0.0328  0.0325  0.0325  0.0325  0.0325  0.0325  0.0324
  0.0385  0.0379  0.0391  0.0395  0.0410  0.0366  0.0327  0.0331  0.0327  0.0328  0.0324  0.0326
  0.0396  0.0383  0.0408  0.0434  0.0460  0.0419  0.0334  0.0347  0.0334  0.0339  0.0326  0.0331
  0.0414  0.0392  0.0430  0.0485  0.0516  0.0486  0.0346  0.0372  0.0345  0.0356  0.0332  0.0340
niter,ni,del,rscale     7    3    5.0000    1.2000
parameters
   -1.8546  -28.3035    2.8062  -11.4235  -19.6968  -14.6247
   -1.2499   -6.2601    1.2920   -2.6511    9.4997   -2.6309
eta,q 0.96893 10.38096
  0.0356  0.0359  0.0332  0.0372  0.0318  0.0346  0.0331  0.0351  0.0326  0.0344  0.0323  0.0328
  0.0339  0.0341  0.0323  0.0351  0.0310  0.0328  0.0320  0.0331  0.0318  0.0327  0.0317  0.0320
  0.0328  0.0329  0.0321  0.0334  0.0309  0.0316  0.0313  0.0317  0.0313  0.0316  0.0313  0.0314
  0.0324  0.0324  0.0324  0.0321  0.0318  0.0308  0.0311  0.0311  0.0311  0.0311  0.0311  0.0311
  0.0327  0.0325  0.0331  0.0317  0.0340  0.0314  0.0315  0.0316  0.0313  0.0313  0.0312  0.0311
  0.0338  0.0331  0.0342  0.0328  0.0377  0.0347  0.0322  0.0331  0.0319  0.0320  0.0315  0.0314
  0.0356  0.0341  0.0358  0.0355  0.0427  0.0395  0.0333  0.0354  0.0327  0.0332  0.0322  0.0320
niter,ni,del,rscale     6    3    5.0000    1.2000
parameters
   -1.8245  -27.6617    2.5883  -11.0540  -22.1286  -15.3429
   -1.6167   -6.1444    1.1884   -1.3458    9.5812   -1.7628
eta,q 0.96912 10.21734
  0.0342  0.0344  0.0324  0.0350  0.0327  0.0346  0.0327  0.0348  0.0322  0.0339  0.0320  0.0322
  0.0325  0.0328  0.0314  0.0333  0.0316  0.0328  0.0317  0.0330  0.0315  0.0325  0.0314  0.0316
  0.0314  0.0316  0.0310  0.0319  0.0310  0.0315  0.0311  0.0316  0.0311  0.0315  0.0310  0.0311
  0.0311  0.0311  0.0310  0.0309  0.0309  0.0309  0.0310  0.0310  0.0310  0.0310  0.0309  0.0309
  0.0314  0.0310  0.0313  0.0309  0.0316  0.0308  0.0313  0.0313  0.0311  0.0309  0.0310  0.0309
  0.0324  0.0313  0.0319  0.0322  0.0334  0.0330  0.0320  0.0327  0.0316  0.0314  0.0313  0.0312
  0.0340  0.0320  0.0329  0.0351  0.0363  0.0371  0.0330  0.0347  0.0322  0.0324  0.0320  0.0318
niter,ni,del,rscale     5    3    5.0000    1.2000
parameters
   -1.7354  -26.8024    2.0791  -11.2275  -24.9655  -16.3592
   -2.1363   -5.8636    1.1127    0.7677    9.5896   -0.4327
eta,q 0.96969  9.99430
  0.0339  0.0340  0.0316  0.0341  0.0320  0.0336  0.0320  0.0342  0.0318  0.0338  0.0313  0.0315
  0.0323  0.0325  0.0309  0.0326  0.0310  0.0320  0.0312  0.0325  0.0311  0.0324  0.0308  0.0310
  0.0313  0.0315  0.0306  0.0314  0.0305  0.0310  0.0307  0.0312  0.0307  0.0313  0.0305  0.0305
  0.0309  0.0309  0.0307  0.0306  0.0306  0.0305  0.0306  0.0306  0.0306  0.0306  0.0303  0.0303
  0.0311  0.0307  0.0310  0.0307  0.0314  0.0306  0.0309  0.0308  0.0307  0.0303  0.0304  0.0303
  0.0320  0.0309  0.0317  0.0322  0.0329  0.0327  0.0316  0.0320  0.0312  0.0306  0.0308  0.0305
  0.0335  0.0313  0.0327  0.0351  0.0352  0.0364  0.0324  0.0338  0.0318  0.0315  0.0314  0.0310
niter,ni,del,rscale     4    3    5.0000    1.2000
parameter  2 -0.526459 -> -0.500000 qaram    1.1500
parameters
   -1.5355  -25.4224    1.2456  -11.5919  -28.3159  -17.5537
   -2.6600   -5.5768    0.9112    2.3898    9.7067    0.5253
eta,q 0.97070  9.71871
  0.0333  0.0340  0.0303  0.0327  0.0310  0.0322  0.0308  0.0329  0.0309  0.0330  0.0303  0.0303
  0.0318  0.0324  0.0298  0.0313  0.0299  0.0307  0.0300  0.0312  0.0301  0.0313  0.0298  0.0298
  0.0308  0.0311  0.0296  0.0302  0.0294  0.0298  0.0296  0.0300  0.0296  0.0301  0.0294  0.0295
  0.0303  0.0303  0.0298  0.0296  0.0297  0.0294  0.0295  0.0295  0.0294  0.0294  0.0293  0.0293
  0.0304  0.0298  0.0302  0.0297  0.0307  0.0296  0.0297  0.0297  0.0297  0.0293  0.0294  0.0293
  0.0312  0.0298  0.0309  0.0311  0.0325  0.0316  0.0303  0.0307  0.0302  0.0298  0.0297  0.0295
  0.0325  0.0302  0.0319  0.0339  0.0350  0.0350  0.0312  0.0325  0.0310  0.0308  0.0302  0.0299
niter,ni,del,rscale     4    3    5.0000    1.2000
parameters
   -1.3560  -24.6644    0.8612  -11.5233  -29.5987  -18.2257
   -2.8332   -5.4490    0.8811    3.1373    9.7790    0.6628
eta,q 0.97087  9.61705
  0.0320  0.0332  0.0301  0.0323  0.0316  0.0320  0.0305  0.0324  0.0306  0.0319  0.0300  0.0299
  0.0306  0.0313  0.0295  0.0308  0.0302  0.0306  0.0298  0.0308  0.0298  0.0304  0.0295  0.0295
  0.0297  0.0300  0.0292  0.0298  0.0293  0.0296  0.0293  0.0296  0.0293  0.0295  0.0292  0.0292
  0.0293  0.0293  0.0291  0.0291  0.0291  0.0291  0.0291  0.0291  0.0291  0.0291  0.0291  0.0291
  0.0294  0.0292  0.0294  0.0291  0.0296  0.0292  0.0293  0.0294  0.0293  0.0293  0.0292  0.0292
  0.0301  0.0296  0.0300  0.0302  0.0311  0.0306  0.0299  0.0305  0.0298  0.0299  0.0295  0.0294
  0.0313  0.0304  0.0307  0.0327  0.0333  0.0338  0.0307  0.0323  0.0306  0.0309  0.0300  0.0299
niter,ni,del,rscale     3    3    5.0000    1.2000
parameters
   -1.2919  -24.2477    0.6644  -11.4727  -30.2083  -18.6272
   -2.8817   -5.4221    0.8612    3.6649    9.8179    0.6248
eta,q 0.97087  9.57114
  0.0315  0.0321  0.0302  0.0321  0.0319  0.0320  0.0306  0.0322  0.0305  0.0316  0.0299  0.0298
  0.0303  0.0305  0.0295  0.0307  0.0304  0.0306  0.0298  0.0306  0.0297  0.0302  0.0295  0.0294
  0.0294  0.0295  0.0292  0.0297  0.0294  0.0296  0.0293  0.0296  0.0293  0.0294  0.0292  0.0292
  0.0291  0.0291  0.0291  0.0291  0.0291  0.0291  0.0291  0.0291  0.0291  0.0291  0.0291  0.0291
  0.0293  0.0292  0.0293  0.0291  0.0295  0.0291  0.0293  0.0294  0.0293  0.0293  0.0292  0.0292
  0.0301  0.0298  0.0298  0.0302  0.0307  0.0303  0.0298  0.0305  0.0298  0.0299  0.0295  0.0294
  0.0313  0.0306  0.0305  0.0326  0.0328  0.0333  0.0306  0.0323  0.0305  0.0309  0.0299  0.0299
niter,ni,del,rscale     2    3    5.0000    1.2000
parameters
   -1.2662  -24.0030    0.5358  -11.4557  -30.5427  -18.8770
   -2.8665   -5.4236    0.8239    4.0257    9.8538    0.6065
eta,q 0.97085  9.54600
  0.0314  0.0317  0.0303  0.0321  0.0320  0.0320  0.0306  0.0322  0.0305  0.0314  0.0299  0.0299
  0.0302  0.0303  0.0296  0.0307  0.0305  0.0306  0.0298  0.0306  0.0297  0.0302  0.0295  0.0295
  0.0294  0.0294  0.0292  0.0298  0.0295  0.0296  0.0293  0.0296  0.0293  0.0294  0.0292  0.0292
  0.0291  0.0291  0.0291  0.0291  0.0291  0.0291  0.0292  0.0292  0.0292  0.0292  0.0291  0.0292
  0.0293  0.0293  0.0293  0.0291  0.0294  0.0291  0.0293  0.0295  0.0293  0.0293  0.0292  0.0292
  0.0301  0.0299  0.0298  0.0302  0.0306  0.0302  0.0298  0.0306  0.0298  0.0299  0.0295  0.0295
  0.0313  0.0308  0.0305  0.0326  0.0326  0.0330  0.0306  0.0323  0.0305  0.0310  0.0299  0.0299
niter,ni,del,rscale     1    3    5.0000    1.2000
parameters
   -1.2552  -23.8428    0.4380  -11.4487  -30.7507  -19.0603
   -2.8442   -5.4303    0.7704    4.2714    9.8765    0.6038
eta,q 0.97084  9.52990
  0.0313  0.0315  0.0303  0.0321  0.0320  0.0320  0.0306  0.0322  0.0305  0.0313  0.0299  0.0299
  0.0302  0.0302  0.0296  0.0307  0.0305  0.0306  0.0299  0.0306  0.0297  0.0301  0.0295  0.0295
  0.0294  0.0294  0.0292  0.0298  0.0296  0.0296  0.0294  0.0296  0.0293  0.0294  0.0292  0.0292
  0.0292  0.0291  0.0292  0.0292  0.0292  0.0292  0.0292  0.0292  0.0292  0.0292  0.0292  0.0292
  0.0294  0.0294  0.0293  0.0291  0.0294  0.0292  0.0293  0.0295  0.0293  0.0293  0.0292  0.0292
  0.0301  0.0300  0.0297  0.0302  0.0305  0.0301  0.0298  0.0306  0.0298  0.0300  0.0295  0.0295
  0.0313  0.0309  0.0304  0.0326  0.0325  0.0329  0.0306  0.0323  0.0305  0.0310  0.0299  0.0299
registration optimization eta report
parameter search radius
    2.4000    2.7600    2.7600    9.5220   10.9503    9.5220
    7.2000    7.2000    7.2000    7.2000    7.2000    8.2800
100000*second partial in parameter space
       38.       27.       16.        4.        3.        4.
        3.        6.        3.        4.        2.        1.
  0.0313  0.0315  0.0303  0.0321  0.0320  0.0320  0.0306  0.0322  0.0305  0.0313  0.0299  0.0299
  0.0302  0.0302  0.0296  0.0307  0.0305  0.0306  0.0299  0.0306  0.0297  0.0301  0.0295  0.0295
  0.0294  0.0294  0.0292  0.0298  0.0296  0.0296  0.0294  0.0296  0.0293  0.0294  0.0292  0.0292
  0.0292  0.0291  0.0292  0.0292  0.0292  0.0292  0.0292  0.0292  0.0292  0.0292  0.0292  0.0292
  0.0294  0.0294  0.0293  0.0291  0.0294  0.0292  0.0293  0.0295  0.0293  0.0293  0.0292  0.0292
  0.0301  0.0300  0.0297  0.0302  0.0305  0.0301  0.0298  0.0306  0.0298  0.0300  0.0295  0.0295
  0.0313  0.0309  0.0304  0.0326  0.0325  0.0329  0.0306  0.0323  0.0305  0.0310  0.0299  0.0299
   -1.2552  -23.8428    0.4380  -11.4487  -30.7507  -19.0603
   -2.8442   -5.4303    0.7704    4.2714    9.8765    0.6038
eta,q 0.97084  9.52990

---------------------------------------------------------------------
imgreg_4dfp /opt/freesurfer/average/711-2C_as_mni_average_305 /opt/freesurfer/average/711-2B_as_mni_average_305_mask talsrcimg_g11 none talsrcimg_to_711-2C_as_mni_average_305_t4 2311
---------------------------------------------------------------------

freesurfer imgreg_4dfp.c
/opt/freesurfer/average/711-2C_as_mni_average_305.4dfp.img
       256       256       256         1
  1.000000  1.000000  1.000000
orientation T byte_order littleendian
Reading image: /opt/freesurfer/average/711-2C_as_mni_average_305.4dfp.img
dimensions:      256       256       256
mmppix:       1.0000   -1.0000   -1.0000
center:     128.0000 -129.0000 -129.0000
/opt/freesurfer/average/711-2B_as_mni_average_305_mask.4dfp.img
       256       256       256         1
  1.000000  1.000000  1.000000
orientation T byte_order littleendian
Reading mask: /opt/freesurfer/average/711-2B_as_mni_average_305_mask.4dfp.img (2306576 pixels)
talsrcimg_g11.4dfp.img
       256       256       256         1
  1.000000  1.000000  1.000000
orientation T byte_order littleendian
Reading image: talsrcimg_g11.4dfp.img
dimensions:      256       256       256
mmppix:       1.0000   -1.0000   -1.0000
center:     128.0000 -129.0000 -129.0000
fimgreg.f
image alignment mode   2311 decimal      907 hex
parameters
   -1.2552  -23.8428    0.4380  -11.4487  -30.7507  -19.0603
   -2.8442   -5.4303    0.7704    4.2714    9.8765    0.6038
eta,q 0.97084  9.52990
niter,ni,del,rscale     5    3    5.0000    0.8000
parameters
   -1.2327  -23.8282    0.3545  -10.1621  -30.1936  -18.0631
   -2.7026   -5.3102    0.7451    4.1439    9.7177    0.4320
eta,q 0.97099  9.63303
  0.0302  0.0299  0.0295  0.0302  0.0298  0.0300  0.0297  0.0307  0.0296  0.0299  0.0294  0.0292
  0.0296  0.0295  0.0293  0.0298  0.0294  0.0295  0.0294  0.0298  0.0293  0.0294  0.0292  0.0291
  0.0293  0.0292  0.0292  0.0294  0.0292  0.0292  0.0291  0.0293  0.0291  0.0291  0.0290  0.0290
  0.0292  0.0292  0.0292  0.0292  0.0291  0.0290  0.0290  0.0290  0.0290  0.0290  0.0290  0.0290
  0.0293  0.0293  0.0292  0.0290  0.0291  0.0290  0.0291  0.0291  0.0291  0.0291  0.0290  0.0290
  0.0296  0.0295  0.0294  0.0292  0.0292  0.0291  0.0293  0.0297  0.0293  0.0294  0.0292  0.0291
  0.0301  0.0298  0.0296  0.0296  0.0295  0.0294  0.0297  0.0306  0.0296  0.0300  0.0295  0.0293
niter,ni,del,rscale     4    3    5.0000    0.7000
parameters
   -1.2276  -23.9578    0.6403  -10.2995  -29.9352  -17.5452
   -2.6915   -5.2300    0.8104    3.9387    9.6754    0.1964
eta,q 0.97103  9.66240
  0.0298  0.0295  0.0295  0.0296  0.0295  0.0296  0.0295  0.0303  0.0294  0.0296  0.0293  0.0291
  0.0294  0.0292  0.0292  0.0293  0.0292  0.0293  0.0292  0.0296  0.0292  0.0292  0.0291  0.0290
  0.0291  0.0290  0.0291  0.0291  0.0291  0.0291  0.0290  0.0292  0.0290  0.0290  0.0290  0.0290
  0.0290  0.0290  0.0290  0.0290  0.0290  0.0290  0.0290  0.0290  0.0290  0.0290  0.0290  0.0290
  0.0291  0.0291  0.0290  0.0290  0.0290  0.0290  0.0290  0.0291  0.0290  0.0291  0.0290  0.0290
  0.0294  0.0293  0.0291  0.0293  0.0291  0.0291  0.0292  0.0295  0.0292  0.0293  0.0291  0.0291
  0.0298  0.0296  0.0292  0.0298  0.0294  0.0294  0.0295  0.0303  0.0294  0.0297  0.0293  0.0292
niter,ni,del,rscale     3    3    5.0000    0.6000
parameters
   -1.2164  -24.0968    0.7923  -10.2677  -29.6484  -17.2122
   -2.7121   -5.1846    0.8452    3.7698    9.6226    0.1348
eta,q 0.97105  9.69197
  0.0296  0.0293  0.0293  0.0295  0.0293  0.0294  0.0294  0.0299  0.0293  0.0294  0.0292  0.0291
  0.0293  0.0291  0.0291  0.0292  0.0291  0.0292  0.0291  0.0294  0.0291  0.0291  0.0291  0.0290
  0.0290  0.0290  0.0290  0.0291  0.0290  0.0290  0.0290  0.0291  0.0290  0.0290  0.0290  0.0290
  0.0290  0.0290  0.0290  0.0290  0.0290  0.0290  0.0290  0.0290  0.0289  0.0289  0.0290  0.0290
  0.0290  0.0290  0.0290  0.0290  0.0290  0.0290  0.0290  0.0290  0.0290  0.0290  0.0290  0.0290
  0.0292  0.0292  0.0290  0.0292  0.0291  0.0290  0.0291  0.0294  0.0291  0.0292  0.0290  0.0290
  0.0296  0.0295  0.0291  0.0295  0.0292  0.0293  0.0294  0.0299  0.0293  0.0295  0.0292  0.0291
niter,ni,del,rscale     2    3    5.0000    0.5000
parameters
   -1.2087  -24.2056    0.9000  -10.2298  -29.4629  -16.9681
   -2.7306   -5.1401    0.8682    3.6124    9.5502   -0.0203
eta,q 0.97106  9.71246
  0.0294  0.0292  0.0291  0.0293  0.0292  0.0292  0.0292  0.0297  0.0292  0.0293  0.0291  0.0290
  0.0291  0.0290  0.0290  0.0291  0.0291  0.0291  0.0291  0.0293  0.0291  0.0291  0.0290  0.0290
  0.0290  0.0290  0.0290  0.0290  0.0290  0.0290  0.0290  0.0290  0.0290  0.0290  0.0290  0.0289
  0.0290  0.0289  0.0289  0.0289  0.0289  0.0289  0.0289  0.0289  0.0289  0.0289  0.0289  0.0289
  0.0290  0.0290  0.0289  0.0290  0.0290  0.0290  0.0290  0.0290  0.0290  0.0290  0.0290  0.0289
  0.0291  0.0291  0.0290  0.0291  0.0290  0.0290  0.0291  0.0292  0.0290  0.0291  0.0290  0.0290
  0.0294  0.0293  0.0291  0.0293  0.0292  0.0291  0.0292  0.0296  0.0292  0.0294  0.0291  0.0290
niter,ni,del,rscale     1    3    5.0000    0.4000
parameters
   -1.2014  -24.2826    0.9813  -10.1840  -29.2934  -16.7876
   -2.7402   -5.0872    0.9163    3.5272    9.5057   -0.1108
eta,q 0.97107  9.73049
  0.0292  0.0291  0.0291  0.0292  0.0291  0.0291  0.0291  0.0294  0.0291  0.0292  0.0290  0.0290
  0.0291  0.0290  0.0290  0.0291  0.0290  0.0290  0.0290  0.0292  0.0290  0.0290  0.0290  0.0289
  0.0290  0.0289  0.0290  0.0290  0.0290  0.0290  0.0290  0.0290  0.0290  0.0290  0.0289  0.0289
  0.0289  0.0289  0.0289  0.0289  0.0289  0.0289  0.0289  0.0289  0.0289  0.0289  0.0289  0.0289
  0.0290  0.0290  0.0289  0.0289  0.0289  0.0289  0.0289  0.0290  0.0289  0.0290  0.0289  0.0289
  0.0291  0.0290  0.0290  0.0290  0.0290  0.0290  0.0290  0.0291  0.0290  0.0290  0.0290  0.0289
  0.0292  0.0292  0.0290  0.0292  0.0291  0.0291  0.0291  0.0294  0.0291  0.0292  0.0290  0.0290
registration optimization eta report
parameter search radius
    0.8000    0.8000    0.8000    2.4000    2.4000    2.4000
    2.4000    2.4000    2.4000    2.4000    2.4000    2.4000
100000*second partial in parameter space
       45.       29.       16.        4.        3.        3.
        3.        8.        3.        4.        2.        1.
  0.0292  0.0291  0.0291  0.0292  0.0291  0.0291  0.0291  0.0294  0.0291  0.0292  0.0290  0.0290
  0.0291  0.0290  0.0290  0.0291  0.0290  0.0290  0.0290  0.0292  0.0290  0.0290  0.0290  0.0289
  0.0290  0.0289  0.0290  0.0290  0.0290  0.0290  0.0290  0.0290  0.0290  0.0290  0.0289  0.0289
  0.0289  0.0289  0.0289  0.0289  0.0289  0.0289  0.0289  0.0289  0.0289  0.0289  0.0289  0.0289
  0.0290  0.0290  0.0289  0.0289  0.0289  0.0289  0.0289  0.0290  0.0289  0.0290  0.0289  0.0289
  0.0291  0.0290  0.0290  0.0290  0.0290  0.0290  0.0290  0.0291  0.0290  0.0290  0.0290  0.0289
  0.0292  0.0292  0.0290  0.0292  0.0291  0.0291  0.0291  0.0294  0.0291  0.0292  0.0290  0.0290
   -1.2014  -24.2826    0.9813  -10.1840  -29.2934  -16.7876
   -2.7402   -5.0872    0.9163    3.5272    9.5057   -0.1108
eta,q 0.97107  9.73049

---------------------------------------------------------------------
imgreg_4dfp /opt/freesurfer/average/711-2C_as_mni_average_305 /opt/freesurfer/average/711-2B_as_mni_average_305_mask talsrcimg_g11 none talsrcimg_to_711-2C_as_mni_average_305_t4 2311
---------------------------------------------------------------------

freesurfer imgreg_4dfp.c
/opt/freesurfer/average/711-2C_as_mni_average_305.4dfp.img
       256       256       256         1
  1.000000  1.000000  1.000000
orientation T byte_order littleendian
Reading image: /opt/freesurfer/average/711-2C_as_mni_average_305.4dfp.img
dimensions:      256       256       256
mmppix:       1.0000   -1.0000   -1.0000
center:     128.0000 -129.0000 -129.0000
/opt/freesurfer/average/711-2B_as_mni_average_305_mask.4dfp.img
       256       256       256         1
  1.000000  1.000000  1.000000
orientation T byte_order littleendian
Reading mask: /opt/freesurfer/average/711-2B_as_mni_average_305_mask.4dfp.img (2306576 pixels)
talsrcimg_g11.4dfp.img
       256       256       256         1
  1.000000  1.000000  1.000000
orientation T byte_order littleendian
Reading image: talsrcimg_g11.4dfp.img
dimensions:      256       256       256
mmppix:       1.0000   -1.0000   -1.0000
center:     128.0000 -129.0000 -129.0000
fimgreg.f
image alignment mode   2311 decimal      907 hex
parameters
   -1.2014  -24.2826    0.9813  -10.1840  -29.2934  -16.7876
   -2.7402   -5.0872    0.9163    3.5272    9.5057   -0.1108
eta,q 0.97107  9.73050
niter,ni,del,rscale     5    3    5.0000    0.8000
parameters
   -1.2014  -24.2932    1.0570  -10.5676  -29.4166  -17.0801
   -2.8058   -5.1697    0.9356    3.5487    9.5926   -0.0354
eta,q 0.97106  9.70177
  0.0301  0.0297  0.0294  0.0297  0.0295  0.0296  0.0296  0.0306  0.0296  0.0299  0.0294  0.0292
  0.0295  0.0292  0.0291  0.0293  0.0292  0.0292  0.0293  0.0297  0.0292  0.0294  0.0291  0.0290
  0.0291  0.0290  0.0290  0.0291  0.0290  0.0290  0.0290  0.0292  0.0290  0.0291  0.0290  0.0290
  0.0289  0.0289  0.0289  0.0289  0.0289  0.0289  0.0289  0.0289  0.0289  0.0289  0.0289  0.0289
  0.0291  0.0290  0.0290  0.0290  0.0290  0.0290  0.0290  0.0291  0.0290  0.0291  0.0290  0.0290
  0.0294  0.0293  0.0291  0.0294  0.0292  0.0292  0.0293  0.0297  0.0292  0.0294  0.0291  0.0290
  0.0301  0.0297  0.0293  0.0302  0.0296  0.0300  0.0297  0.0307  0.0296  0.0299  0.0294  0.0292
niter,ni,del,rscale     4    3    5.0000    0.7000
parameters
   -1.2082  -24.3017    0.9497  -10.4233  -29.3706  -17.0620
   -2.7702   -5.1777    0.8894    3.5185    9.5794    0.0711
eta,q 0.97107  9.70806
  0.0298  0.0295  0.0292  0.0297  0.0294  0.0295  0.0295  0.0303  0.0294  0.0297  0.0293  0.0291
  0.0293  0.0292  0.0290  0.0293  0.0292  0.0292  0.0292  0.0296  0.0292  0.0293  0.0291  0.0290
  0.0290  0.0290  0.0290  0.0291  0.0290  0.0290  0.0290  0.0291  0.0290  0.0290  0.0290  0.0289
  0.0289  0.0289  0.0289  0.0289  0.0289  0.0289  0.0289  0.0289  0.0289  0.0289  0.0289  0.0289
  0.0290  0.0290  0.0290  0.0290  0.0290  0.0290  0.0290  0.0291  0.0290  0.0290  0.0290  0.0290
  0.0293  0.0292  0.0291  0.0292  0.0291  0.0291  0.0292  0.0295  0.0292  0.0293  0.0291  0.0290
  0.0298  0.0295  0.0293  0.0297  0.0294  0.0295  0.0295  0.0303  0.0294  0.0297  0.0293  0.0291
niter,ni,del,rscale     3    3    5.0000    0.6000
parameters
   -1.2111  -24.3163    0.9454  -10.3272  -29.3484  -16.9616
   -2.7539   -5.1535    0.8877    3.4749    9.5692    0.0740
eta,q 0.97107  9.71581
  0.0296  0.0293  0.0292  0.0295  0.0293  0.0293  0.0294  0.0299  0.0293  0.0295  0.0292  0.0291
  0.0292  0.0291  0.0290  0.0292  0.0291  0.0291  0.0291  0.0294  0.0291  0.0292  0.0290  0.0290
  0.0290  0.0290  0.0290  0.0290  0.0290  0.0290  0.0290  0.0291  0.0290  0.0290  0.0290  0.0289
  0.0289  0.0289  0.0289  0.0289  0.0289  0.0289  0.0289  0.0289  0.0289  0.0289  0.0289  0.0289
  0.0290  0.0290  0.0290  0.0290  0.0290  0.0290  0.0290  0.0290  0.0290  0.0290  0.0290  0.0289
  0.0292  0.0291  0.0290  0.0291  0.0291  0.0290  0.0291  0.0294  0.0291  0.0292  0.0290  0.0290
  0.0296  0.0294  0.0292  0.0295  0.0293  0.0293  0.0294  0.0299  0.0293  0.0295  0.0292  0.0291
niter,ni,del,rscale     2    3    5.0000    0.5000
parameters
   -1.2094  -24.3322    0.9905  -10.2469  -29.3056  -16.8125
   -2.7511   -5.1229    0.9005    3.4451    9.5391    0.0174
eta,q 0.97107  9.72678
  0.0294  0.0292  0.0291  0.0293  0.0292  0.0292  0.0292  0.0296  0.0292  0.0293  0.0291  0.0290
  0.0291  0.0291  0.0290  0.0291  0.0290  0.0290  0.0291  0.0293  0.0290  0.0291  0.0290  0.0290
  0.0290  0.0290  0.0289  0.0290  0.0290  0.0290  0.0290  0.0290  0.0290  0.0290  0.0289  0.0289
  0.0289  0.0289  0.0289  0.0289  0.0289  0.0289  0.0289  0.0289  0.0289  0.0289  0.0289  0.0289
  0.0290  0.0290  0.0289  0.0290  0.0290  0.0289  0.0290  0.0290  0.0290  0.0290  0.0289  0.0289
  0.0291  0.0291  0.0290  0.0291  0.0290  0.0290  0.0291  0.0292  0.0290  0.0291  0.0290  0.0290
  0.0294  0.0292  0.0291  0.0293  0.0292  0.0291  0.0292  0.0296  0.0292  0.0293  0.0291  0.0290
niter,ni,del,rscale     1    3    5.0000    0.4000
parameters
   -1.2007  -24.3617    1.0356  -10.2090  -29.2483  -16.6945
   -2.7490   -5.0846    0.9051    3.3927    9.4754   -0.0112
eta,q 0.97108  9.73557
  0.0292  0.0291  0.0290  0.0292  0.0291  0.0291  0.0291  0.0294  0.0291  0.0292  0.0290  0.0290
  0.0291  0.0290  0.0290  0.0291  0.0290  0.0290  0.0290  0.0292  0.0290  0.0290  0.0290  0.0289
  0.0290  0.0289  0.0289  0.0290  0.0290  0.0289  0.0290  0.0290  0.0290  0.0290  0.0289  0.0289
  0.0289  0.0289  0.0289  0.0289  0.0289  0.0289  0.0289  0.0289  0.0289  0.0289  0.0289  0.0289
  0.0290  0.0290  0.0289  0.0289  0.0289  0.0289  0.0289  0.0290  0.0289  0.0290  0.0289  0.0289
  0.0291  0.0290  0.0290  0.0290  0.0290  0.0290  0.0290  0.0291  0.0290  0.0290  0.0290  0.0289
  0.0292  0.0291  0.0290  0.0292  0.0291  0.0291  0.0291  0.0294  0.0291  0.0292  0.0290  0.0290
registration optimization eta report
parameter search radius
    0.8000    0.8000    0.8000    2.4000    2.4000    2.4000
    2.4000    2.4000    2.4000    2.4000    2.4000    2.4000
100000*second partial in parameter space
       46.       29.       16.        5.        3.        2.
        3.        8.        3.        4.        2.        1.
  0.0292  0.0291  0.0290  0.0292  0.0291  0.0291  0.0291  0.0294  0.0291  0.0292  0.0290  0.0290
  0.0291  0.0290  0.0290  0.0291  0.0290  0.0290  0.0290  0.0292  0.0290  0.0290  0.0290  0.0289
  0.0290  0.0289  0.0289  0.0290  0.0290  0.0289  0.0290  0.0290  0.0290  0.0290  0.0289  0.0289
  0.0289  0.0289  0.0289  0.0289  0.0289  0.0289  0.0289  0.0289  0.0289  0.0289  0.0289  0.0289
  0.0290  0.0290  0.0289  0.0289  0.0289  0.0289  0.0289  0.0290  0.0289  0.0290  0.0289  0.0289
  0.0291  0.0290  0.0290  0.0290  0.0290  0.0290  0.0290  0.0291  0.0290  0.0290  0.0290  0.0289
  0.0292  0.0291  0.0290  0.0292  0.0291  0.0291  0.0291  0.0294  0.0291  0.0292  0.0290  0.0290
   -1.2007  -24.3617    1.0356  -10.2090  -29.2483  -16.6945
   -2.7490   -5.0846    0.9051    3.3927    9.4754   -0.0112
eta,q 0.97108  9.73557

---------------------------------------------------------------------
compute_vox2vox talsrcimg talsrcimg_to_711-2C_as_mni_average_305_t4 /opt/freesurfer/average/711-2C_as_mni_average_305
---------------------------------------------------------------------

freesurfer compute_vox2vox.c
Reading: talsrcimg.4dfp.ifh
Reading: talsrcimg_to_711-2C_as_mni_average_305_t4
Reading: /opt/freesurfer/average/711-2C_as_mni_average_305.4dfp.ifh
Writing: talsrcimg_to_711-2C_as_mni_average_305_t4_vox2vox.txt

start time Sat Mar 14 10:30:53 CET 2026
end		time Sat Mar 14 10:31:07 CET 2026

mpr2mni305 success

avi2talxfm orig_nu.mgz /opt/freesurfer/average/mni305.cor.mgz talsrcimg_to_711-2C_as_mni_average_305_t4_vox2vox.txt transforms/talairach.auto.xfm
avi2talxfm done
mv -f /out/sourcedata/freesurfer/sub-v2s9x29173_ses-1/mri/talsrcimg_to_711-2C_as_mni_average_305_t4_vox2vox.txt /out/sourcedata/freesurfer/sub-v2s9x29173_ses-1/mri/transforms/talsrcimg_to_711-2C_as_mni_average_305_t4_vox2vox.txt
lta_convert --src orig_nu.mgz --trg /opt/freesurfer/average/mni305.cor.mgz --inxfm transforms/talairach.auto.xfm --outlta transforms/talairach.auto.xfm.lta --subject fsaverage
7.3.2

--src: orig_nu.mgz src image (geometry).
--trg: /opt/freesurfer/average/mni305.cor.mgz trg image (geometry).
--inmni: transforms/talairach.auto.xfm input MNI/XFM transform.
--outlta: transforms/talairach.auto.xfm.lta output LTA.
--s: fsaverage subject name
 LTA read, type : 1
 1.10632   0.06577   0.04300   1.52885;
-0.12584   1.19291  -0.00470  -2.41258;
-0.00812  -0.05804   1.41307   33.06744;
 0.00000   0.00000   0.00000   1.00000;
setting subject to fsaverage
Writing  LTA to file transforms/talairach.auto.xfm.lta...
lta_convert successful.
 
 
Started at Sat Mar 14 10:30:52 CET 2026
Ended   at Sat Mar 14 10:31:07 CET 2026
talairach_avi done
