/out/sourcedata/freesurfer/sub-v2s9x29162_ses-1/mri
/opt/freesurfer/bin/talairach_avi
--i orig_nu.mgz --xfm transforms/talairach.auto.xfm
talairach_avi 7.3.2
Linux dna075 5.14.0-427.37.1.el9_4.x86_64 #1 SMP PREEMPT_DYNAMIC Fri Sep 13 12:41:50 EDT 2024 x86_64 x86_64 x86_64 GNU/Linux
Sat Mar 14 10:30:55 CET 2026
mri_convert orig_nu.mgz talsrcimg.img 
reading from orig_nu.mgz...
TR=0.00, TE=0.00, TI=0.00, flip angle=0.00
i_ras = (-1, 0, 0)
j_ras = (0, 0, -1)
k_ras = (0, 1, 0)
writing to talsrcimg.img...
Analyze Output Matrix
-1.00000   0.00000   0.00000   129.66513;
 0.00000   0.00000   1.00000  -128.00000;
 0.00000  -1.00000   0.00000   130.00000;
 0.00000   0.00000   0.00000   1.00000;
--------------------
INFO: set hdr.hist.orient to -1
mpr2mni305 talsrcimg
Sat Mar 14 10:30:56 CET 2026
/opt/freesurfer/bin/mpr2mni305 talsrcimg
mpr2mni305 7.3.2
target=711-2C_as_mni_average_305

---------------------------------------------------------------------
analyzeto4dfp talsrcimg -O0 -y
---------------------------------------------------------------------

freesurfer ifh2hdr.c
Sat Mar 14 10:30:56 2026
Writing: talsrcimg.4dfp.hdr
freesurfer analyzeto4dfp.c
Reading: talsrcimg.hdr
header size 348 bytes
hdr.dime.datatype	offset=70	value=2
hdr.dime.bitpix		offset=72	value=8
hdr.hist.orient		offset=252	value=-1
dimensionality     4
dimensions       256       256       256         1
Reading: talsrcimg.img
Writing: talsrcimg.4dfp.img
Writing: talsrcimg.4dfp.ifh
ifh2hdr talsrcimg -r0to214
ori=2

---------------------------------------------------------------------
gauss_4dfp talsrcimg 1.1
---------------------------------------------------------------------

freesurfer gauss_4dfp.c
Reading: talsrcimg.4dfp.img
Writing: talsrcimg_g11.4dfp.img
image dimensions 256 256 256 padded to 288 288 288
processing volume 1freesurfer ifh2hdr.c
Sat Mar 14 10:30:57 2026
Writing: talsrcimg_g11.4dfp.hdr

Writing: talsrcimg_g11.4dfp.ifh
including: talsrcimg.4dfp.img.rec in talsrcimg_g11.4dfp.img.rec

---------------------------------------------------------------------
imgreg_4dfp /opt/freesurfer/average/711-2C_as_mni_average_305 none talsrcimg_g11 none talsrcimg_to_711-2C_as_mni_average_305_t4 4355
---------------------------------------------------------------------

freesurfer imgreg_4dfp.c
/opt/freesurfer/average/711-2C_as_mni_average_305.4dfp.img
       256       256       256         1
  1.000000  1.000000  1.000000
orientation T byte_order littleendian
Reading image: /opt/freesurfer/average/711-2C_as_mni_average_305.4dfp.img
dimensions:      256       256       256
mmppix:       1.0000   -1.0000   -1.0000
center:     128.0000 -129.0000 -129.0000
talsrcimg_g11.4dfp.img
       256       256       256         1
  1.000000  1.000000  1.000000
orientation T byte_order littleendian
Reading image: talsrcimg_g11.4dfp.img
dimensions:      256       256       256
mmppix:       1.0000   -1.0000   -1.0000
center:     128.0000 -129.0000 -129.0000
t4_read: open error in t4_sub.f l:  41 t4_file(1:l)talsrcimg_to_711-2C_as_mni_average_305_t4 
t4_read: transform initialized to I4
rotation matrix determinant  1.000000
image alignment mode   4355 decimal     1103 hex
   -7.5000  -45.0000  -45.0000 8177.6484   20.4875
    0.0000  -45.0000  -45.0000 8568.7949   20.4773
    7.5000  -45.0000  -45.0000 8190.4766   20.4548
   -7.5000  -37.5000  -45.0000 8739.9668   20.4504
    0.0000  -37.5000  -45.0000 9150.8076   20.4359
    7.5000  -37.5000  -45.0000 8748.1035   20.4139
   -7.5000  -30.0000  -45.0000 9567.5332   20.4327
    0.0000  -30.0000  -45.000010014.7295   20.4204
    7.5000  -30.0000  -45.0000 9571.1709   20.3969
   -7.5000  -22.5000  -45.000010320.2627   20.4125
    0.0000  -22.5000  -45.000010800.9229   20.4081
    7.5000  -22.5000  -45.000010339.7754   20.3842
   -7.5000  -15.0000  -45.000010979.8555   20.3923
    0.0000  -15.0000  -45.000011498.3916   20.3931
    7.5000  -15.0000  -45.000010996.4805   20.3707
   -7.5000   -7.5000  -45.000011579.3447   20.3986
    0.0000   -7.5000  -45.000012117.0146   20.3956
    7.5000   -7.5000  -45.000011558.9619   20.3734
   -7.5000    0.0000  -45.000012101.9785   20.4192
    0.0000    0.0000  -45.000012630.9023   20.4087
    7.5000    0.0000  -45.000012058.8799   20.3862
   -7.5000    7.5000  -45.000011740.1699   20.4331
    0.0000    7.5000  -45.000012224.5967   20.4184
    7.5000    7.5000  -45.000011691.6221   20.3962
   -7.5000   15.0000  -45.000011239.2676   20.4327
    0.0000   15.0000  -45.000011693.1299   20.4203
    7.5000   15.0000  -45.000011205.4766   20.3969
   -7.5000   22.5000  -45.000010530.8027   20.4096
    0.0000   22.5000  -45.000010939.5908   20.4053
    7.5000   22.5000  -45.000010480.3369   20.3814
   -7.5000   30.0000  -45.0000 9707.8516   20.1205
    0.0000   30.0000  -45.000010086.4180   20.1213
    7.5000   30.0000  -45.0000 9650.0049   20.0992
   -7.5000   37.5000  -45.0000 9214.8223   20.1267
    0.0000   37.5000  -45.0000 9565.0566   20.1238
    7.5000   37.5000  -45.0000 9170.1426   20.1019
   -7.5000   45.0000  -45.0000 8418.3789   19.6378
    0.0000   45.0000  -45.0000 8719.2725   19.6276
    7.5000   45.0000  -45.0000 8363.0254   19.6061
   -7.5000  -45.0000  -37.5000 8735.7803   20.4725
    0.0000  -45.0000  -37.5000 9156.7471   20.4682
    7.5000  -45.0000  -37.5000 8757.8057   20.4579
   -7.5000  -37.5000  -37.5000 9324.8545   20.4401
    0.0000  -37.5000  -37.5000 9759.0107   20.4280
    7.5000  -37.5000  -37.5000 9341.3252   20.4177
   -7.5000  -30.0000  -37.500010194.9854   20.4252
    0.0000  -30.0000  -37.500010667.3340   20.4122
    7.5000  -30.0000  -37.500010196.7451   20.4014
   -7.5000  -22.5000  -37.500010997.2393   20.4016
    0.0000  -22.5000  -37.500011495.9238   20.3966
    7.5000  -22.5000  -37.500010991.5312   20.3862
   -7.5000  -15.0000  -37.500011676.3359   20.3783
    0.0000  -15.0000  -37.500012220.2988   20.3812
    7.5000  -15.0000  -37.500011669.5342   20.3714
   -7.5000   -7.5000  -37.500012279.2090   20.3833
    0.0000   -7.5000  -37.500012861.5391   20.3856
    7.5000   -7.5000  -37.500012257.6680   20.3756
   -7.5000    0.0000  -37.500012797.2139   20.4042
    0.0000    0.0000  -37.500013375.9727   20.3995
    7.5000    0.0000  -37.500012758.7695   20.3893
   -7.5000    7.5000  -37.500012382.8633   20.4229
    0.0000    7.5000  -37.500012902.7822   20.4106
    7.5000    7.5000  -37.500012336.3818   20.4001
   -7.5000   15.0000  -37.500011864.5557   20.4252
    0.0000   15.0000  -37.500012343.7412   20.4122
    7.5000   15.0000  -37.500011807.4521   20.4013
   -7.5000   22.5000  -37.500011101.1152   20.3988
    0.0000   22.5000  -37.500011546.2432   20.3938
    7.5000   22.5000  -37.500011046.6133   20.3834
   -7.5000   30.0000  -37.500010220.2891   20.1067
    0.0000   30.0000  -37.500010634.2979   20.1096
    7.5000   30.0000  -37.500010153.7471   20.0999
   -7.5000   37.5000  -37.5000 9658.5332   20.1117
    0.0000   37.5000  -37.500010043.1250   20.1140
    7.5000   37.5000  -37.5000 9598.0801   20.1041
   -7.5000   45.0000  -37.5000 8809.9023   19.6234
    0.0000   45.0000  -37.5000 9138.4932   19.6189
    7.5000   45.0000  -37.5000 8741.5459   19.6090
   -7.5000  -45.0000  -30.0000 9445.0322   21.3309
    0.0000  -45.0000  -30.0000 9864.1094   21.3283
    7.5000  -45.0000  -30.0000 9447.8037   21.3165
   -7.5000  -37.5000  -30.000010053.1768   21.3032
    0.0000  -37.5000  -30.000010478.6826   21.2900
    7.5000  -37.5000  -30.000010048.3486   21.2762
   -7.5000  -30.0000  -30.000010989.6182   21.2896
    0.0000  -30.0000  -30.000011475.0947   21.2720
    7.5000  -30.0000  -30.000010961.9150   21.2567
   -7.5000  -22.5000  -30.000011830.6084   21.2593
    0.0000  -22.5000  -30.000012347.6514   21.2494
    7.5000  -22.5000  -30.000011798.5049   21.2353
   -7.5000  -15.0000  -30.000012540.6270   21.2284
    0.0000  -15.0000  -30.000013102.6982   21.2293
    7.5000  -15.0000  -30.000012502.8516   21.2174
   -7.5000   -7.5000  -30.000013177.3154   21.2330
    0.0000   -7.5000  -30.000013764.2090   21.2366
    7.5000   -7.5000  -30.000013126.9531   21.2259
   -7.5000    0.0000  -30.000013717.8994   21.2594
    0.0000    0.0000  -30.000014325.3057   21.2565
    7.5000    0.0000  -30.000013644.7285   21.2449
   -7.5000    7.5000  -30.000013232.1855   21.2851
    0.0000    7.5000  -30.000013802.5098   21.2718
    7.5000    7.5000  -30.000013153.6816   21.2580
   -7.5000   15.0000  -30.000012651.4951   21.2896
    0.0000   15.0000  -30.000013182.7939   21.2720
    7.5000   15.0000  -30.000012567.3018   21.2567
   -7.5000   22.5000  -30.000011843.3506   21.2542
    0.0000   22.5000  -30.000012341.1357   21.2442
    7.5000   22.5000  -30.000011743.5449   21.2302
   -7.5000   30.0000  -30.000010895.2402   20.9475
    0.0000   30.0000  -30.000011341.0234   20.9484
    7.5000   30.0000  -30.000010787.7314   20.9367
   -7.5000   37.5000  -30.000010305.3037   20.9520
    0.0000   37.5000  -30.000010696.8760   20.9556
    7.5000   37.5000  -30.000010197.4736   20.9450
   -7.5000   45.0000  -30.0000 9382.4473   20.4608
    0.0000   45.0000  -30.0000 9727.4102   20.4581
    7.5000   45.0000  -30.0000 9263.3535   20.4469
   -7.5000  -45.0000  -22.500010099.3135   22.0518
    0.0000  -45.0000  -22.500010551.6201   22.0445
    7.5000  -45.0000  -22.500010117.5889   22.0183
   -7.5000  -37.5000  -22.500010739.2783   22.0268
    0.0000  -37.5000  -22.500011222.1377   22.0096
    7.5000  -37.5000  -22.500010744.0059   21.9790
   -7.5000  -30.0000  -22.500011708.5293   22.0132
    0.0000  -30.0000  -22.500012253.7441   21.9922
    7.5000  -30.0000  -22.500011696.8760   21.9580
   -7.5000  -22.5000  -22.500012560.1104   21.9794
    0.0000  -22.5000  -22.500013103.7549   21.9661
    7.5000  -22.5000  -22.500012533.0078   21.9337
   -7.5000  -15.0000  -22.500013315.4277   21.9420
    0.0000  -15.0000  -22.500013890.4141   21.9399
    7.5000  -15.0000  -22.500013285.3662   21.9136
   -7.5000   -7.5000  -22.500014025.0996   21.9454
    0.0000   -7.5000  -22.500014603.8896   21.9455
    7.5000   -7.5000  -22.500013959.6797   21.9221
   -7.5000    0.0000  -22.500014580.0400   21.9776
    0.0000    0.0000  -22.500015209.3662   21.9703
    7.5000    0.0000  -22.500014487.9219   21.9444
   -7.5000    7.5000  -22.500014035.3828   22.0080
    0.0000    7.5000  -22.500014633.4189   21.9907
    7.5000    7.5000  -22.500013915.1113   21.9601
   -7.5000   15.0000  -22.500013404.5635   22.0132
    0.0000   15.0000  -22.500013945.4814   21.9922
    7.5000   15.0000  -22.500013247.5322   21.9580
   -7.5000   22.5000  -22.500012540.4844   21.9726
    0.0000   22.5000  -22.500013035.2695   21.9593
    7.5000   22.5000  -22.500012386.0850   21.9270
   -7.5000   30.0000  -22.500011521.3438   21.6550
    0.0000   30.0000  -22.500011968.9971   21.6529
    7.5000   30.0000  -22.500011389.7568   21.6269
   -7.5000   37.5000  -22.500010882.9219   21.6584
    0.0000   37.5000  -22.500011303.2119   21.6584
    7.5000   37.5000  -22.500010736.5293   21.6354
   -7.5000   45.0000  -22.5000 9919.1738   21.1680
    0.0000   45.0000  -22.500010263.3691   21.1609
    7.5000   45.0000  -22.5000 9757.3936   21.1360
   -7.5000  -45.0000  -15.000010753.6240   22.5636
    0.0000  -45.0000  -15.000011266.4473   22.5495
    7.5000  -45.0000  -15.000010776.6025   22.5084
   -7.5000  -37.5000  -15.000011380.9834   22.5358
    0.0000  -37.5000  -15.000011952.5264   22.5142
    7.5000  -37.5000  -15.000011433.5605   22.4682
   -7.5000  -30.0000  -15.000012402.8525   22.5210
    0.0000  -30.0000  -15.000012971.6318   22.4987
    7.5000  -30.0000  -15.000012435.4609   22.4480
   -7.5000  -22.5000  -15.000013283.2139   22.4899
    0.0000  -22.5000  -15.000013842.3320   22.4758
    7.5000  -22.5000  -15.000013299.5586   22.4268
   -7.5000  -15.0000  -15.000014052.1924   22.4528
    0.0000  -15.0000  -15.000014619.8223   22.4479
    7.5000  -15.0000  -15.000014057.4697   22.4069
   -7.5000   -7.5000  -15.000014766.5283   22.4551
    0.0000   -7.5000  -15.000015332.6992   22.4495
    7.5000   -7.5000  -15.000014731.3955   22.4122
   -7.5000    0.0000  -15.000015387.6875   22.4879
    0.0000    0.0000  -15.000016004.9375   22.4736
    7.5000    0.0000  -15.000015291.3301   22.4329
   -7.5000    7.5000  -15.000014786.0137   22.5165
    0.0000    7.5000  -15.000015369.7744   22.4949
    7.5000    7.5000  -15.000014653.2266   22.4489
   -7.5000   15.0000  -15.000014108.5293   22.5210
    0.0000   15.0000  -15.000014639.4775   22.4987
    7.5000   15.0000  -15.000013915.6543   22.4480
   -7.5000   22.5000  -15.000013202.1094   22.4820
    0.0000   22.5000  -15.000013703.2139   22.4679
    7.5000   22.5000  -15.000013005.2705   22.4189
   -7.5000   30.0000  -15.000012093.7998   22.1622
    0.0000   30.0000  -15.000012539.3320   22.1574
    7.5000   30.0000  -15.000011944.0996   22.1169
   -7.5000   37.5000  -15.000011397.1045   22.1645
    0.0000   37.5000  -15.000011829.3447   22.1590
    7.5000   37.5000  -15.000011283.8691   22.1221
   -7.5000   45.0000  -15.000010381.6250   21.6725
    0.0000   45.0000  -15.000010726.9863   21.6588
    7.5000   45.0000  -15.000010236.1592   21.6196
   -7.5000  -45.0000   -7.500011409.2598   22.8227
    0.0000  -45.0000   -7.500011926.3193   22.8065
    7.5000  -45.0000   -7.500011436.2871   22.7659
   -7.5000  -37.5000   -7.500012031.5732   22.7858
    0.0000  -37.5000   -7.500012593.5186   22.7648
    7.5000  -37.5000   -7.500012084.6133   22.7223
   -7.5000  -30.0000   -7.500013075.1611   22.7672
    0.0000  -30.0000   -7.500013645.1797   22.7484
    7.5000  -30.0000   -7.500013136.0332   22.7024
   -7.5000  -22.5000   -7.500014007.2627   22.7421
    0.0000  -22.5000   -7.500014574.5859   22.7316
    7.5000  -22.5000   -7.500014048.4209   22.6857
   -7.5000  -15.0000   -7.500014808.6338   22.7135
    0.0000  -15.0000   -7.500015376.0361   22.7091
    7.5000  -15.0000   -7.500014840.3760   22.6687
   -7.5000   -7.5000   -7.500015559.1211   22.7186
    0.0000   -7.5000   -7.500016135.6602   22.7105
    7.5000   -7.5000   -7.500015553.2217   22.6723
   -7.5000    0.0000   -7.500016188.0840   22.7465
    0.0000    0.0000   -7.500016802.4941   22.7299
    7.5000    0.0000   -7.500016155.7119   22.6896
   -7.5000    7.5000   -7.500015533.8779   22.7664
    0.0000    7.5000   -7.500016116.1592   22.7453
    7.5000    7.5000   -7.500015461.0996   22.7027
   -7.5000   15.0000   -7.500014803.6738   22.7672
    0.0000   15.0000   -7.500015321.3359   22.7483
    7.5000   15.0000   -7.500014647.1650   22.7024
   -7.5000   22.5000   -7.500013839.7354   22.7316
    0.0000   22.5000   -7.500014344.0889   22.7211
    7.5000   22.5000   -7.500013685.9287   22.6752
   -7.5000   30.0000   -7.500012661.6445   22.4189
    0.0000   30.0000   -7.500013118.3525   22.4146
    7.5000   30.0000   -7.500012534.1084   22.3747
   -7.5000   37.5000   -7.500011928.0273   22.4239
    0.0000   37.5000   -7.500012362.7461   22.4160
    7.5000   37.5000   -7.500011836.6416   22.3783
   -7.5000   45.0000   -7.500010834.9492   21.9258
    0.0000   45.0000   -7.500011189.9746   21.9099
    7.5000   45.0000   -7.500010723.6934   21.8711
   -7.5000  -45.0000    0.000011938.2959   22.8797
    0.0000  -45.0000    0.000012483.8711   22.8681
    7.5000  -45.0000    0.000011997.7891   22.8433
   -7.5000  -37.5000    0.000012569.1387   22.8384
    0.0000  -37.5000    0.000013138.0693   22.8220
    7.5000  -37.5000    0.000012642.1689   22.7979
   -7.5000  -30.0000    0.000013611.2646   22.8182
    0.0000  -30.0000    0.000014192.7891   22.8044
    7.5000  -30.0000    0.000013714.1611   22.7787
   -7.5000  -22.5000    0.000014561.7773   22.7952
    0.0000  -22.5000    0.000015185.3828   22.7902
    7.5000  -22.5000    0.000014668.9590   22.7641
   -7.5000  -15.0000    0.000015412.5498   22.7726
    0.0000  -15.0000    0.000016007.5156   22.7733
    7.5000  -15.0000    0.000015496.0557   22.7489
   -7.5000   -7.5000    0.000016155.8203   22.7800
    0.0000   -7.5000    0.000016733.3125   22.7765
    7.5000   -7.5000    0.000016193.4229   22.7522
   -7.5000    0.0000    0.000016771.9375   22.8035
    0.0000    0.0000    0.000017414.2246   22.7916
    7.5000    0.0000    0.000016800.8262   22.7669
   -7.5000    7.5000    0.000016046.9873   22.8191
    0.0000    7.5000    0.000016663.6738   22.8025
    7.5000    7.5000    0.000016071.8613   22.7782
   -7.5000   15.0000    0.000015234.0986   22.8182
    0.0000   15.0000    0.000015803.8037   22.8044
    7.5000   15.0000    0.000015202.8857   22.7787
   -7.5000   22.5000    0.000014246.8076   22.7847
    0.0000   22.5000    0.000014751.7148   22.7797
    7.5000   22.5000    0.000014205.9756   22.7536
   -7.5000   30.0000    0.000013064.6953   22.4779
    0.0000   30.0000    0.000013517.4326   22.4786
    7.5000   30.0000    0.000013015.4102   22.4545
   -7.5000   37.5000    0.000012336.2129   22.4852
    0.0000   37.5000    0.000012751.6689   22.4817
    7.5000   37.5000    0.000012300.3359   22.4578
   -7.5000   45.0000    0.000011231.6504   21.9825
    0.0000   45.0000    0.000011583.3506   21.9710
    7.5000   45.0000    0.000011170.4463   21.9472
   -7.5000  -45.0000    7.500011560.1162   22.8986
    0.0000  -45.0000    7.500012073.4111   22.8938
    7.5000  -45.0000    7.500011590.7012   22.8826
   -7.5000  -37.5000    7.500012137.9219   22.8623
    0.0000  -37.5000    7.500012685.4092   22.8489
    7.5000  -37.5000    7.500012191.8438   22.8375
   -7.5000  -30.0000    7.500013125.4561   22.8452
    0.0000  -30.0000    7.500013689.2842   22.8307
    7.5000  -30.0000    7.500013219.9873   22.8188
   -7.5000  -22.5000    7.500014027.9727   22.8184
    0.0000  -22.5000    7.500014649.4805   22.8129
    7.5000  -22.5000    7.500014144.4805   22.8015
   -7.5000  -15.0000    7.500014897.7686   22.7924
    0.0000  -15.0000    7.500015517.1758   22.7957
    7.5000  -15.0000    7.500014974.3359   22.7850
   -7.5000   -7.5000    7.500015670.7148   22.7984
    0.0000   -7.5000    7.500016296.9219   22.8011
    7.5000   -7.5000    7.500015739.3838   22.7902
   -7.5000    0.0000    7.500016266.0264   22.8222
    0.0000    0.0000    7.500016882.4727   22.8171
    7.5000    0.0000    7.500016339.7930   22.8058
   -7.5000    7.5000    7.500015510.9775   22.8430
    0.0000    7.5000    7.500016064.0381   22.8294
    7.5000    7.5000    7.500015568.2070   22.8179
   -7.5000   15.0000    7.500014637.0840   22.8452
    0.0000   15.0000    7.500015149.3828   22.8307
    7.5000   15.0000    7.500014673.0791   22.8188
   -7.5000   22.5000    7.500013607.4209   22.8079
    0.0000   22.5000    7.500014095.7324   22.8024
    7.5000   22.5000    7.500013640.4150   22.7910
   -7.5000   30.0000    7.500012482.8730   22.4974
    0.0000   30.0000    7.500012910.3906   22.5007
    7.5000   30.0000    7.500012482.8799   22.4901
   -7.5000   37.5000    7.500011803.6240   22.5034
    0.0000   37.5000    7.500012197.5752   22.5060
    7.5000   37.5000    7.500011779.3926   22.4952
   -7.5000   45.0000    7.500010768.6816   22.0005
    0.0000   45.0000    7.500011102.9033   21.9955
    7.5000   45.0000    7.500010697.8291   21.9848
   -7.5000  -45.0000   15.000011058.7842   22.9266
    0.0000  -45.0000   15.000011572.7783   22.9240
    7.5000  -45.0000   15.000011088.3467   22.9118
   -7.5000  -37.5000   15.000011606.7119   22.8970
    0.0000  -37.5000   15.000012135.7783   22.8829
    7.5000  -37.5000   15.000011653.8564   22.8686
   -7.5000  -30.0000   15.000012541.7539   22.8825
    0.0000  -30.0000   15.000013083.1328   22.8638
    7.5000  -30.0000   15.000012610.9121   22.8478
   -7.5000  -22.5000   15.000013371.3936   22.8500
    0.0000  -22.5000   15.000013974.8594   22.8395
    7.5000  -22.5000   15.000013466.5107   22.8248
   -7.5000  -15.0000   15.000014205.8467   22.8167
    0.0000  -15.0000   15.000014804.0361   22.8178
    7.5000  -15.0000   15.000014275.1357   22.8054
   -7.5000   -7.5000   15.000015051.1650   22.8214
    0.0000   -7.5000   15.000015653.1631   22.8255
    7.5000   -7.5000   15.000015085.2871   22.8143
   -7.5000    0.0000   15.000015726.0068   22.8496
    0.0000    0.0000   15.000016326.1514   22.8468
    7.5000    0.0000   15.000015730.7793   22.8348
   -7.5000    7.5000   15.000015030.7676   22.8775
    0.0000    7.5000   15.000015520.0781   22.8634
    7.5000    7.5000   15.000014998.1455   22.8490
   -7.5000   15.0000   15.000014135.1094   22.8825
    0.0000   15.0000   15.000014568.0625   22.8637
    7.5000   15.0000   15.000014084.8105   22.8478
   -7.5000   22.5000   15.000013073.3623   22.8395
    0.0000   22.5000   15.000013466.4316   22.8290
    7.5000   22.5000   15.000013026.3994   22.8143
   -7.5000   30.0000   15.000011954.2363   22.5214
    0.0000   30.0000   15.000012317.2432   22.5225
    7.5000   30.0000   15.000011927.7510   22.5103
   -7.5000   37.5000   15.000011277.9561   22.5261
    0.0000   37.5000   15.000011638.3584   22.5301
    7.5000   37.5000   15.000011228.9492   22.5190
   -7.5000   45.0000   15.000010267.4756   22.0270
    0.0000   45.0000   15.000010587.1055   22.0242
    7.5000   45.0000   15.000010178.3945   22.0127
   -7.5000  -45.0000   22.500010447.4141   22.9727
    0.0000  -45.0000   22.500010909.9336   22.9661
    7.5000  -45.0000   22.500010462.1797   22.9396
   -7.5000  -37.5000   22.500010992.9736   22.9476
    0.0000  -37.5000   22.500011487.9980   22.9306
    7.5000  -37.5000   22.500011017.9141   22.8995
   -7.5000  -30.0000   22.500011881.6836   22.9339
    0.0000  -30.0000   22.500012406.3213   22.9131
    7.5000  -30.0000   22.500011932.9023   22.8783
   -7.5000  -22.5000   22.500012677.7334   22.8981
    0.0000  -22.5000   22.500013231.3506   22.8853
    7.5000  -22.5000   22.500012740.4355   22.8524
   -7.5000  -15.0000   22.500013477.5576   22.8581
    0.0000  -15.0000   22.500014040.7002   22.8570
    7.5000  -15.0000   22.500013516.1348   22.8304
   -7.5000   -7.5000   22.500014267.8252   22.8613
    0.0000   -7.5000   22.500014862.7666   22.8623
    7.5000   -7.5000   22.500014301.5273   22.8388
   -7.5000    0.0000   22.500014911.5918   22.8951
    0.0000    0.0000   22.500015527.8398   22.8884
    7.5000    0.0000   22.500014907.0928   22.8623
   -7.5000    7.5000   22.500014270.3223   22.9278
    0.0000    7.5000   22.500014825.1709   22.9108
    7.5000    7.5000   22.500014229.3213   22.8798
   -7.5000   15.0000   22.500013424.4824   22.9339
    0.0000   15.0000   22.500013944.0508   22.9130
    7.5000   15.0000   22.500013368.3506   22.8783
   -7.5000   22.5000   22.500012426.2295   22.8875
    0.0000   22.5000   22.500012899.5811   22.8747
    7.5000   22.5000   22.500012377.2803   22.8419
   -7.5000   30.0000   22.500011360.7705   22.5623
    0.0000   30.0000   22.500011778.6533   22.5612
    7.5000   30.0000   22.500011319.7041   22.5349
   -7.5000   37.5000   22.500010698.2754   22.5654
    0.0000   37.5000   22.500011072.1484   22.5664
    7.5000   37.5000   22.500010640.1504   22.5432
   -7.5000   45.0000   22.5000 9697.2266   22.0708
    0.0000   45.0000   22.500010014.5518   22.0644
    7.5000   45.0000   22.5000 9595.4326   22.0392
   -7.5000  -45.0000   30.0000 9717.8408   23.0460
    0.0000  -45.0000   30.000010148.8076   23.0332
    7.5000  -45.0000   30.0000 9716.9795   22.9918
   -7.5000  -37.5000   30.000010257.6162   23.0192
    0.0000  -37.5000   30.000010731.7832   22.9988
    7.5000  -37.5000   30.000010259.1143   22.9523
   -7.5000  -30.0000   30.000011132.1367   23.0041
    0.0000  -30.0000   30.000011637.0938   22.9831
    7.5000  -30.0000   30.000011118.0352   22.9318
   -7.5000  -22.5000   30.000011921.2871   22.9703
    0.0000  -22.5000   30.000012462.5986   22.9579
    7.5000  -22.5000   30.000011917.1260   22.9084
   -7.5000  -15.0000   30.000012645.4639   22.9303
    0.0000  -15.0000   30.000013197.1729   22.9271
    7.5000  -15.0000   30.000012640.5752   22.8860
   -7.5000   -7.5000   30.000013353.0303   22.9326
    0.0000   -7.5000   30.000013926.5088   22.9286
    7.5000   -7.5000   30.000013346.3838   22.8913
   -7.5000    0.0000   30.000013942.9473   22.9681
    0.0000    0.0000   30.000014541.9004   22.9551
    7.5000    0.0000   30.000013921.6094   22.9141
   -7.5000    7.5000   30.000013327.7695   22.9993
    0.0000    7.5000   30.000013872.2402   22.9789
    7.5000    7.5000   30.000013319.8916   22.9324
   -7.5000   15.0000   30.000012514.2217   23.0041
    0.0000   15.0000   30.000013020.3906   22.9831
    7.5000   15.0000   30.000012494.8330   22.9318
   -7.5000   22.5000   30.000011596.1465   22.9598
    0.0000   22.5000   30.000012072.1104   22.9473
    7.5000   22.5000   30.000011563.8252   22.8979
   -7.5000   30.0000   30.000010620.3311   22.6335
    0.0000   30.0000   30.000011031.6240   22.6304
    7.5000   30.0000   30.000010590.3193   22.5899
   -7.5000   37.5000   30.000010004.5977   22.6359
    0.0000   37.5000   30.000010369.0078   22.6319
    7.5000   37.5000   30.0000 9954.2002   22.5950
   -7.5000   45.0000   30.0000 9051.8438   22.1411
    0.0000   45.0000   30.0000 9372.2090   22.1286
    7.5000   45.0000   30.0000 8970.8535   22.0892
   -7.5000  -45.0000   37.5000 9336.1748   23.2576
    0.0000  -45.0000   37.5000 9756.0029   23.2421
    7.5000  -45.0000   37.5000 9335.8975   23.1999
   -7.5000  -37.5000   37.5000 9874.0547   23.2206
    0.0000  -37.5000   37.500010326.2607   23.2001
    7.5000  -37.5000   37.5000 9860.8936   23.1556
   -7.5000  -30.0000   37.500010733.0459   23.2001
    0.0000  -30.0000   37.500011237.9072   23.1820
    7.5000  -30.0000   37.500010714.9561   23.1339
   -7.5000  -22.5000   37.500011510.4531   23.1715
    0.0000  -22.5000   37.500012033.1357   23.1622
    7.5000  -22.5000   37.500011488.2988   23.1146
   -7.5000  -15.0000   37.500012211.8213   23.1405
    0.0000  -15.0000   37.500012752.5098   23.1376
    7.5000  -15.0000   37.500012174.5420   23.0960
   -7.5000   -7.5000   37.500012859.8232   23.1471
    0.0000   -7.5000   37.500013424.6729   23.1404
    7.5000   -7.5000   37.500012855.9219   23.1009
   -7.5000    0.0000   37.500013403.9189   23.1787
    0.0000    0.0000   37.500014003.8145   23.1628
    7.5000    0.0000   37.500013409.0850   23.1209
   -7.5000    7.5000   37.500012824.8145   23.2005
    0.0000    7.5000   37.500013382.1895   23.1799
    7.5000    7.5000   37.500012840.3115   23.1353
   -7.5000   15.0000   37.500012051.6338   23.2001
    0.0000   15.0000   37.500012570.8809   23.1819
    7.5000   15.0000   37.500012078.5693   23.1339
   -7.5000   22.5000   37.500011177.7871   23.1608
    0.0000   22.5000   37.500011646.6436   23.1515
    7.5000   22.5000   37.500011182.4014   23.1040
   -7.5000   30.0000   37.500010248.8633   22.8410
    0.0000   30.0000   37.500010649.1396   22.8382
    7.5000   30.0000   37.500010231.2637   22.7971
   -7.5000   37.5000   37.5000 9648.2666   22.8476
    0.0000   37.5000   37.500010004.7480   22.8409
    7.5000   37.5000   37.5000 9604.0674   22.8019
   -7.5000   45.0000   37.5000 8712.9961   22.3440
    0.0000   45.0000   37.5000 9040.6875   22.3288
    7.5000   45.0000   37.5000 8678.6719   22.2885
   -7.5000  -45.0000   45.0000 8548.4668   23.5231
    0.0000  -45.0000   45.0000 8930.4531   23.5138
    7.5000  -45.0000   45.0000 8561.4971   23.4892
   -7.5000  -37.5000   45.0000 9050.8418   23.4792
    0.0000  -37.5000   45.0000 9453.9268   23.4640
    7.5000  -37.5000   45.0000 9045.0771   23.4396
   -7.5000  -30.0000   45.0000 9848.5254   23.4551
    0.0000  -30.0000   45.000010305.4111   23.4424
    7.5000  -30.0000   45.0000 9827.6064   23.4162
   -7.5000  -22.5000   45.000010578.8105   23.4280
    0.0000  -22.5000   45.000011042.3076   23.4255
    7.5000  -22.5000   45.000010543.8428   23.3991
   -7.5000  -15.0000   45.000011218.2510   23.4039
    0.0000  -15.0000   45.000011699.1875   23.4083
    7.5000  -15.0000   45.000011174.8311   23.3841
   -7.5000   -7.5000   45.000011797.8682   23.4145
    0.0000   -7.5000   45.000012296.0996   23.4143
    7.5000   -7.5000   45.000011766.3086   23.3905
   -7.5000    0.0000   45.000012299.5840   23.4421
    0.0000    0.0000   45.000012810.7715   23.4323
    7.5000    0.0000   45.000012282.9180   23.4079
   -7.5000    7.5000   45.000011783.5830   23.4587
    0.0000    7.5000   45.000012270.0820   23.4432
    7.5000    7.5000   45.000011794.5381   23.4187
   -7.5000   15.0000   45.000011096.4521   23.4551
    0.0000   15.0000   45.000011559.2939   23.4424
    7.5000   15.0000   45.000011120.9941   23.4162
   -7.5000   22.5000   45.000010302.1963   23.4171
    0.0000   22.5000   45.000010732.2334   23.4146
    7.5000   22.5000   45.000010314.4639   23.3882
   -7.5000   30.0000   45.0000 9433.2861   23.0990
    0.0000   30.0000   45.0000 9825.3535   23.1033
    7.5000   30.0000   45.0000 9432.2637   23.0794
   -7.5000   37.5000   45.0000 8873.6582   23.1094
    0.0000   37.5000   45.0000 9224.0215   23.1093
    7.5000   37.5000   45.0000 8853.2666   23.0858
   -7.5000   45.0000   45.0000 8024.1099   22.6068
    0.0000   45.0000   45.0000 8332.9893   22.5974
    7.5000   45.0000   45.0000 7990.1304   22.5738

---------------------------------------------------------------------
imgreg_4dfp /opt/freesurfer/average/711-2C_as_mni_average_305 /opt/freesurfer/average/711-2B_as_mni_average_305_mask talsrcimg_g11 none talsrcimg_to_711-2C_as_mni_average_305_t4 4355
---------------------------------------------------------------------

freesurfer imgreg_4dfp.c
/opt/freesurfer/average/711-2C_as_mni_average_305.4dfp.img
       256       256       256         1
  1.000000  1.000000  1.000000
orientation T byte_order littleendian
Reading image: /opt/freesurfer/average/711-2C_as_mni_average_305.4dfp.img
dimensions:      256       256       256
mmppix:       1.0000   -1.0000   -1.0000
center:     128.0000 -129.0000 -129.0000
/opt/freesurfer/average/711-2B_as_mni_average_305_mask.4dfp.img
       256       256       256         1
  1.000000  1.000000  1.000000
orientation T byte_order littleendian
Reading mask: /opt/freesurfer/average/711-2B_as_mni_average_305_mask.4dfp.img (2306576 pixels)
talsrcimg_g11.4dfp.img
       256       256       256         1
  1.000000  1.000000  1.000000
orientation T byte_order littleendian
Reading image: talsrcimg_g11.4dfp.img
dimensions:      256       256       256
mmppix:       1.0000   -1.0000   -1.0000
center:     128.0000 -129.0000 -129.0000
rotation matrix determinant  1.000000
image alignment mode   4355 decimal     1103 hex
   -7.5000  -45.0000  -45.0000 2078.4958   22.0765
    0.0000  -45.0000  -45.0000 2094.2329   21.8936
    7.5000  -45.0000  -45.0000 2074.2034   22.0993
   -7.5000  -37.5000  -45.0000 2164.1580   20.4241
    0.0000  -37.5000  -45.0000 2180.9353   20.2289
    7.5000  -37.5000  -45.0000 2160.5698   20.4227
   -7.5000  -30.0000  -45.0000 2222.1758   19.2572
    0.0000  -30.0000  -45.0000 2239.7366   19.0527
    7.5000  -30.0000  -45.0000 2219.6885   19.2055
   -7.5000  -22.5000  -45.0000 2259.2573   18.4294
    0.0000  -22.5000  -45.0000 2276.8201   18.2621
    7.5000  -22.5000  -45.0000 2262.5205   18.3815
   -7.5000  -15.0000  -45.0000 2275.3770   17.9225
    0.0000  -15.0000  -45.0000 2297.1702   17.7499
    7.5000  -15.0000  -45.0000 2279.1858   17.8679
   -7.5000   -7.5000  -45.0000 2281.1272   17.7874
    0.0000   -7.5000  -45.0000 2304.3284   17.5346
    7.5000   -7.5000  -45.0000 2284.0205   17.6876
   -7.5000    0.0000  -45.0000 2274.3032   17.8917
    0.0000    0.0000  -45.0000 2292.9958   17.6369
    7.5000    0.0000  -45.0000 2277.3054   17.7839
   -7.5000    7.5000  -45.0000 2248.5205   18.4364
    0.0000    7.5000  -45.0000 2266.1096   18.1784
    7.5000    7.5000  -45.0000 2249.8918   18.3750
   -7.5000   15.0000  -45.0000 2198.8213   19.3539
    0.0000   15.0000  -45.0000 2219.6455   19.0938
    7.5000   15.0000  -45.0000 2200.0820   19.2988
   -7.5000   22.5000  -45.0000 2126.4880   20.6581
    0.0000   22.5000  -45.0000 2146.7349   20.3705
    7.5000   22.5000  -45.0000 2121.8098   20.6103
   -7.5000   30.0000  -45.0000 2032.9609   22.3831
    0.0000   30.0000  -45.0000 2055.8665   22.1052
    7.5000   30.0000  -45.0000 2033.4012   22.3833
   -7.5000   37.5000  -45.0000 1930.2240   24.7580
    0.0000   37.5000  -45.0000 1948.7904   24.4500
    7.5000   37.5000  -45.0000 1930.0627   24.7756
   -7.5000   45.0000  -45.0000 1820.1704   28.1854
    0.0000   45.0000  -45.0000 1833.8792   27.8358
    7.5000   45.0000  -45.0000 1812.5123   28.1697
   -7.5000  -45.0000  -37.5000 2164.1980   20.4553
    0.0000  -45.0000  -37.5000 2181.8955   20.2818
    7.5000  -45.0000  -37.5000 2158.8503   20.5340
   -7.5000  -37.5000  -37.5000 2257.2014   18.8135
    0.0000  -37.5000  -37.5000 2274.0981   18.6302
    7.5000  -37.5000  -37.5000 2255.6111   18.8680
   -7.5000  -30.0000  -37.5000 2320.9355   17.6851
    0.0000  -30.0000  -37.5000 2336.7307   17.5006
    7.5000  -30.0000  -37.5000 2315.5664   17.6868
   -7.5000  -22.5000  -37.5000 2363.3801   16.9366
    0.0000  -22.5000  -37.5000 2380.9783   16.8037
    7.5000  -22.5000  -37.5000 2360.9824   16.9432
   -7.5000  -15.0000  -37.5000 2379.0994   16.5358
    0.0000  -15.0000  -37.5000 2400.4553   16.3947
    7.5000  -15.0000  -37.5000 2381.5742   16.5089
   -7.5000   -7.5000  -37.5000 2381.9175   16.4897
    0.0000   -7.5000  -37.5000 2405.1023   16.2861
    7.5000   -7.5000  -37.5000 2383.5088   16.3899
   -7.5000    0.0000  -37.5000 2368.4163   16.6076
    0.0000    0.0000  -37.5000 2387.6228   16.3899
    7.5000    0.0000  -37.5000 2372.5818   16.5136
   -7.5000    7.5000  -37.5000 2342.9351   17.0805
    0.0000    7.5000  -37.5000 2361.6030   16.8228
    7.5000    7.5000  -37.5000 2345.1624   17.0075
   -7.5000   15.0000  -37.5000 2294.4192   17.8789
    0.0000   15.0000  -37.5000 2314.1436   17.6480
    7.5000   15.0000  -37.5000 2294.2759   17.8478
   -7.5000   22.5000  -37.5000 2215.8665   19.0941
    0.0000   22.5000  -37.5000 2236.8315   18.8245
    7.5000   22.5000  -37.5000 2213.6477   19.0447
   -7.5000   30.0000  -37.5000 2116.4233   20.6878
    0.0000   30.0000  -37.5000 2139.5664   20.3816
    7.5000   30.0000  -37.5000 2116.1296   20.6492
   -7.5000   37.5000  -37.5000 2005.1638   22.8672
    0.0000   37.5000  -37.5000 2024.8707   22.5884
    7.5000   37.5000  -37.5000 2005.0796   22.8477
   -7.5000   45.0000  -37.5000 1887.1423   25.9321
    0.0000   45.0000  -37.5000 1906.1921   25.6540
    7.5000   45.0000  -37.5000 1885.0681   25.9230
   -7.5000  -45.0000  -30.0000 2280.1462   19.6548
    0.0000  -45.0000  -30.0000 2297.2383   19.4440
    7.5000  -45.0000  -30.0000 2276.4463   19.7340
   -7.5000  -37.5000  -30.0000 2382.1401   18.0377
    0.0000  -37.5000  -30.0000 2395.8779   17.8251
    7.5000  -37.5000  -30.0000 2376.6409   18.0694
   -7.5000  -30.0000  -30.0000 2454.1560   16.9212
    0.0000  -30.0000  -30.0000 2468.8557   16.7124
    7.5000  -30.0000  -30.0000 2443.3914   16.8843
   -7.5000  -22.5000  -30.0000 2508.7405   16.1546
    0.0000  -22.5000  -30.0000 2524.6262   16.0072
    7.5000  -22.5000  -30.0000 2498.4023   16.1461
   -7.5000  -15.0000  -30.0000 2534.8948   15.7734
    0.0000  -15.0000  -30.0000 2553.8889   15.6277
    7.5000  -15.0000  -30.0000 2527.6396   15.7433
   -7.5000   -7.5000  -30.0000 2536.3191   15.7375
    0.0000   -7.5000  -30.0000 2558.0110   15.5785
    7.5000   -7.5000  -30.0000 2534.7898   15.6785
   -7.5000    0.0000  -30.0000 2524.8291   15.9514
    0.0000    0.0000  -30.0000 2543.4790   15.7637
    7.5000    0.0000  -30.0000 2520.5779   15.8577
   -7.5000    7.5000  -30.0000 2490.3445   16.4357
    0.0000    7.5000  -30.0000 2511.8123   16.2267
    7.5000    7.5000  -30.0000 2491.1548   16.3651
   -7.5000   15.0000  -30.0000 2434.0510   17.1847
    0.0000   15.0000  -30.0000 2458.2122   16.9703
    7.5000   15.0000  -30.0000 2434.6848   17.1294
   -7.5000   22.5000  -30.0000 2351.3643   18.3180
    0.0000   22.5000  -30.0000 2375.9485   18.0846
    7.5000   22.5000  -30.0000 2346.1196   18.2710
   -7.5000   30.0000  -30.0000 2244.1023   19.8493
    0.0000   30.0000  -30.0000 2263.9285   19.5965
    7.5000   30.0000  -30.0000 2240.0610   19.7924
   -7.5000   37.5000  -30.0000 2124.8335   21.9588
    0.0000   37.5000  -30.0000 2139.3582   21.6452
    7.5000   37.5000  -30.0000 2120.5317   21.8340
   -7.5000   45.0000  -30.0000 1992.6726   24.8392
    0.0000   45.0000  -30.0000 2005.4930   24.5339
    7.5000   45.0000  -30.0000 1986.6710   24.7515
   -7.5000  -45.0000  -22.5000 2369.1748   18.7280
    0.0000  -45.0000  -22.5000 2384.2712   18.5219
    7.5000  -45.0000  -22.5000 2364.0364   18.8054
   -7.5000  -37.5000  -22.5000 2476.5251   17.1887
    0.0000  -37.5000  -22.5000 2490.9160   16.9742
    7.5000  -37.5000  -22.5000 2468.1101   17.1935
   -7.5000  -30.0000  -22.5000 2554.2803   16.0877
    0.0000  -30.0000  -22.5000 2573.8208   15.9040
    7.5000  -30.0000  -22.5000 2546.0168   16.0614
   -7.5000  -22.5000  -22.5000 2616.6033   15.3399
    0.0000  -22.5000  -22.5000 2631.4536   15.1770
    7.5000  -22.5000  -22.5000 2609.5437   15.2987
   -7.5000  -15.0000  -22.5000 2652.6335   14.9514
    0.0000  -15.0000  -22.5000 2674.8965   14.7801
    7.5000  -15.0000  -22.5000 2648.4165   14.9004
   -7.5000   -7.5000  -22.5000 2667.6946   14.9131
    0.0000   -7.5000  -22.5000 2688.7937   14.7459
    7.5000   -7.5000  -22.5000 2659.3599   14.8535
   -7.5000    0.0000  -22.5000 2654.3533   15.1604
    0.0000    0.0000  -22.5000 2680.1599   14.9830
    7.5000    0.0000  -22.5000 2648.0657   15.0948
   -7.5000    7.5000  -22.5000 2616.3374   15.6862
    0.0000    7.5000  -22.5000 2644.1509   15.4936
    7.5000    7.5000  -22.5000 2614.4011   15.5967
   -7.5000   15.0000  -22.5000 2551.6360   16.4295
    0.0000   15.0000  -22.5000 2578.3237   16.2287
    7.5000   15.0000  -22.5000 2548.3774   16.3455
   -7.5000   22.5000  -22.5000 2459.8982   17.4932
    0.0000   22.5000  -22.5000 2488.9441   17.2656
    7.5000   22.5000  -22.5000 2457.6514   17.4041
   -7.5000   30.0000  -22.5000 2342.4507   18.9526
    0.0000   30.0000  -22.5000 2365.6763   18.6970
    7.5000   30.0000  -22.5000 2340.7336   18.8360
   -7.5000   37.5000  -22.5000 2216.9829   20.9526
    0.0000   37.5000  -22.5000 2230.0901   20.6436
    7.5000   37.5000  -22.5000 2208.3137   20.8018
   -7.5000   45.0000  -22.5000 2075.0713   23.6579
    0.0000   45.0000  -22.5000 2082.8076   23.3160
    7.5000   45.0000  -22.5000 2063.6855   23.5377
   -7.5000  -45.0000  -15.0000 2426.2468   17.9230
    0.0000  -45.0000  -15.0000 2440.9636   17.7076
    7.5000  -45.0000  -15.0000 2418.1438   18.0146
   -7.5000  -37.5000  -15.0000 2535.3081   16.3967
    0.0000  -37.5000  -15.0000 2556.6770   16.2081
    7.5000  -37.5000  -15.0000 2533.4851   16.4484
   -7.5000  -30.0000  -15.0000 2627.5537   15.2915
    0.0000  -30.0000  -15.0000 2645.0496   15.1171
    7.5000  -30.0000  -15.0000 2622.1514   15.3165
   -7.5000  -22.5000  -15.0000 2699.5806   14.5860
    0.0000  -22.5000  -15.0000 2713.9373   14.3984
    7.5000  -22.5000  -15.0000 2693.9443   14.5798
   -7.5000  -15.0000  -15.0000 2744.9199   14.2022
    0.0000  -15.0000  -15.0000 2770.6042   14.0078
    7.5000  -15.0000  -15.0000 2741.7253   14.1860
   -7.5000   -7.5000  -15.0000 2762.6516   14.1635
    0.0000   -7.5000  -15.0000 2789.3020   13.9751
    7.5000   -7.5000  -15.0000 2755.0005   14.1395
   -7.5000    0.0000  -15.0000 2756.3066   14.4368
    0.0000    0.0000  -15.0000 2788.1152   14.2600
    7.5000    0.0000  -15.0000 2743.8950   14.3730
   -7.5000    7.5000  -15.0000 2716.3906   14.9679
    0.0000    7.5000  -15.0000 2748.6943   14.7977
    7.5000    7.5000  -15.0000 2709.4104   14.8823
   -7.5000   15.0000  -15.0000 2641.4038   15.7056
    0.0000   15.0000  -15.0000 2671.6982   15.5261
    7.5000   15.0000  -15.0000 2635.1394   15.6223
   -7.5000   22.5000  -15.0000 2538.8447   16.7066
    0.0000   22.5000  -15.0000 2568.3926   16.5090
    7.5000   22.5000  -15.0000 2533.8501   16.6424
   -7.5000   30.0000  -15.0000 2413.7417   18.1098
    0.0000   30.0000  -15.0000 2438.2847   17.8969
    7.5000   30.0000  -15.0000 2411.6372   18.0378
   -7.5000   37.5000  -15.0000 2274.2000   20.0612
    0.0000   37.5000  -15.0000 2295.5637   19.8071
    7.5000   37.5000  -15.0000 2272.4727   19.9203
   -7.5000   45.0000  -15.0000 2128.4067   22.6552
    0.0000   45.0000  -15.0000 2139.0999   22.3424
    7.5000   45.0000  -15.0000 2124.6008   22.4993
   -7.5000  -45.0000   -7.5000 2461.0132   17.2439
    0.0000  -45.0000   -7.5000 2473.5720   17.0588
    7.5000  -45.0000   -7.5000 2452.1831   17.4315
   -7.5000  -37.5000   -7.5000 2577.4080   15.7242
    0.0000  -37.5000   -7.5000 2594.8237   15.5352
    7.5000  -37.5000   -7.5000 2571.2207   15.8422
   -7.5000  -30.0000   -7.5000 2681.1577   14.6225
    0.0000  -30.0000   -7.5000 2696.3606   14.4131
    7.5000  -30.0000   -7.5000 2675.1997   14.6793
   -7.5000  -22.5000   -7.5000 2767.4587   13.9413
    0.0000  -22.5000   -7.5000 2783.9014   13.7220
    7.5000  -22.5000   -7.5000 2758.2769   13.9882
   -7.5000  -15.0000   -7.5000 2821.9761   13.5825
    0.0000  -15.0000   -7.5000 2851.0620   13.3611
    7.5000  -15.0000   -7.5000 2815.6331   13.6130
   -7.5000   -7.5000   -7.5000 2851.5593   13.5265
    0.0000   -7.5000   -7.5000 2883.0295   13.3112
    7.5000   -7.5000   -7.5000 2839.4839   13.5402
   -7.5000    0.0000   -7.5000 2841.5942   13.8131
    0.0000    0.0000   -7.5000 2873.7856   13.6599
    7.5000    0.0000   -7.5000 2825.9490   13.7991
   -7.5000    7.5000   -7.5000 2792.6001   14.3407
    0.0000    7.5000   -7.5000 2825.2344   14.1995
    7.5000    7.5000   -7.5000 2778.4446   14.3033
   -7.5000   15.0000   -7.5000 2705.3889   15.0624
    0.0000   15.0000   -7.5000 2736.2534   14.9171
    7.5000   15.0000   -7.5000 2698.7720   15.0269
   -7.5000   22.5000   -7.5000 2589.0002   16.0324
    0.0000   22.5000   -7.5000 2620.1357   15.8737
    7.5000   22.5000   -7.5000 2588.7292   15.9927
   -7.5000   30.0000   -7.5000 2457.2322   17.4110
    0.0000   30.0000   -7.5000 2483.7917   17.2473
    7.5000   30.0000   -7.5000 2453.4905   17.3636
   -7.5000   37.5000   -7.5000 2313.6895   19.3064
    0.0000   37.5000   -7.5000 2336.9084   19.0839
    7.5000   37.5000   -7.5000 2312.5830   19.2145
   -7.5000   45.0000   -7.5000 2159.5408   21.8163
    0.0000   45.0000   -7.5000 2177.5662   21.5592
    7.5000   45.0000   -7.5000 2158.1724   21.7163
   -7.5000  -45.0000    0.0000 2470.2917   16.8758
    0.0000  -45.0000    0.0000 2483.1719   16.7196
    7.5000  -45.0000    0.0000 2462.2295   17.0806
   -7.5000  -37.5000    0.0000 2593.1348   15.3369
    0.0000  -37.5000    0.0000 2608.8730   15.1637
    7.5000  -37.5000    0.0000 2584.7937   15.5019
   -7.5000  -30.0000    0.0000 2704.0686   14.2286
    0.0000  -30.0000    0.0000 2725.3345   14.0260
    7.5000  -30.0000    0.0000 2700.2688   14.3479
   -7.5000  -22.5000    0.0000 2802.6995   13.5158
    0.0000  -22.5000    0.0000 2831.1982   13.3078
    7.5000  -22.5000    0.0000 2799.1414   13.6235
   -7.5000  -15.0000    0.0000 2872.9431   13.1808
    0.0000  -15.0000    0.0000 2909.8503   12.9611
    7.5000  -15.0000    0.0000 2868.3091   13.2416
   -7.5000   -7.5000    0.0000 2913.3591   13.1081
    0.0000   -7.5000    0.0000 2954.0669   12.8778
    7.5000   -7.5000    0.0000 2900.1133   13.1675
   -7.5000    0.0000    0.0000 2899.9893   13.3401
    0.0000    0.0000    0.0000 2939.1357   13.1503
    7.5000    0.0000    0.0000 2886.5674   13.3670
   -7.5000    7.5000    0.0000 2836.6316   13.8505
    0.0000    7.5000    0.0000 2869.6265   13.7190
    7.5000    7.5000    0.0000 2828.5754   13.8691
   -7.5000   15.0000    0.0000 2738.2178   14.5874
    0.0000   15.0000    0.0000 2767.6162   14.4968
    7.5000   15.0000    0.0000 2730.9080   14.6248
   -7.5000   22.5000    0.0000 2616.6714   15.5931
    0.0000   22.5000    0.0000 2645.7297   15.4585
    7.5000   22.5000    0.0000 2615.8357   15.6138
   -7.5000   30.0000    0.0000 2479.0024   16.9627
    0.0000   30.0000    0.0000 2506.0728   16.8150
    7.5000   30.0000    0.0000 2473.5950   16.9846
   -7.5000   37.5000    0.0000 2330.8127   18.8118
    0.0000   37.5000    0.0000 2351.8118   18.6295
    7.5000   37.5000    0.0000 2326.9824   18.8217
   -7.5000   45.0000    0.0000 2177.4412   21.2146
    0.0000   45.0000    0.0000 2191.6558   21.0010
    7.5000   45.0000    0.0000 2173.2998   21.2447
   -7.5000  -45.0000    7.5000 2469.0425   16.8214
    0.0000  -45.0000    7.5000 2482.3655   16.6308
    7.5000  -45.0000    7.5000 2460.5615   16.9748
   -7.5000  -37.5000    7.5000 2590.6155   15.2722
    0.0000  -37.5000    7.5000 2608.8052   15.0922
    7.5000  -37.5000    7.5000 2583.2283   15.3859
   -7.5000  -30.0000    7.5000 2708.3228   14.1168
    0.0000  -30.0000    7.5000 2731.2898   13.9587
    7.5000  -30.0000    7.5000 2705.6855   14.2528
   -7.5000  -22.5000    7.5000 2814.9475   13.3811
    0.0000  -22.5000    7.5000 2846.6648   13.1824
    7.5000  -22.5000    7.5000 2813.9197   13.5008
   -7.5000  -15.0000    7.5000 2897.5247   13.0226
    0.0000  -15.0000    7.5000 2943.0090   12.8406
    7.5000  -15.0000    7.5000 2891.8967   13.1226
   -7.5000   -7.5000    7.5000 2943.2759   12.9891
    0.0000   -7.5000    7.5000 2993.0107   12.7691
    7.5000   -7.5000    7.5000 2932.5225   13.0605
   -7.5000    0.0000    7.5000 2925.6301   13.2186
    0.0000    0.0000    7.5000 2966.7708   13.0160
    7.5000    0.0000    7.5000 2914.4209   13.2785
   -7.5000    7.5000    7.5000 2854.2891   13.6846
    0.0000    7.5000    7.5000 2886.3481   13.5053
    7.5000    7.5000    7.5000 2840.5820   13.7458
   -7.5000   15.0000    7.5000 2745.0964   14.4364
    0.0000   15.0000    7.5000 2775.5930   14.2682
    7.5000   15.0000    7.5000 2736.2532   14.4570
   -7.5000   22.5000    7.5000 2613.8311   15.4715
    0.0000   22.5000    7.5000 2643.3542   15.2811
    7.5000   22.5000    7.5000 2613.7258   15.4626
   -7.5000   30.0000    7.5000 2474.8777   16.8396
    0.0000   30.0000    7.5000 2501.2986   16.6229
    7.5000   30.0000    7.5000 2472.8660   16.8212
   -7.5000   37.5000    7.5000 2327.5061   18.6082
    0.0000   37.5000    7.5000 2351.4600   18.3996
    7.5000   37.5000    7.5000 2324.9634   18.6024
   -7.5000   45.0000    7.5000 2176.0869   20.9343
    0.0000   45.0000    7.5000 2192.2361   20.6704
    7.5000   45.0000    7.5000 2170.1069   20.9480
   -7.5000  -45.0000   15.0000 2457.7021   17.0425
    0.0000  -45.0000   15.0000 2476.0654   16.8536
    7.5000  -45.0000   15.0000 2447.6938   17.1468
   -7.5000  -37.5000   15.0000 2574.1348   15.4526
    0.0000  -37.5000   15.0000 2597.0220   15.2796
    7.5000  -37.5000   15.0000 2568.5073   15.5559
   -7.5000  -30.0000   15.0000 2689.0645   14.2923
    0.0000  -30.0000   15.0000 2715.9424   14.0981
    7.5000  -30.0000   15.0000 2687.9055   14.3801
   -7.5000  -22.5000   15.0000 2793.8442   13.5047
    0.0000  -22.5000   15.0000 2830.0015   13.3145
    7.5000  -22.5000   15.0000 2793.1174   13.5860
   -7.5000  -15.0000   15.0000 2877.5671   13.1148
    0.0000  -15.0000   15.0000 2924.0613   12.9209
    7.5000  -15.0000   15.0000 2875.8203   13.1951
   -7.5000   -7.5000   15.0000 2925.2349   13.1129
    0.0000   -7.5000   15.0000 2964.0620   12.9006
    7.5000   -7.5000   15.0000 2912.3513   13.1718
   -7.5000    0.0000   15.0000 2900.7708   13.4205
    0.0000    0.0000   15.0000 2935.6013   13.2252
    7.5000    0.0000   15.0000 2887.3518   13.4484
   -7.5000    7.5000   15.0000 2828.6050   13.8764
    0.0000    7.5000   15.0000 2856.5283   13.6601
    7.5000    7.5000   15.0000 2815.0217   13.8833
   -7.5000   15.0000   15.0000 2719.7043   14.5717
    0.0000   15.0000   15.0000 2754.1736   14.3442
    7.5000   15.0000   15.0000 2713.9951   14.5608
   -7.5000   22.5000   15.0000 2588.0356   15.5888
    0.0000   22.5000   15.0000 2617.5237   15.3171
    7.5000   22.5000   15.0000 2589.9255   15.5497
   -7.5000   30.0000   15.0000 2453.5933   16.9517
    0.0000   30.0000   15.0000 2478.0833   16.6651
    7.5000   30.0000   15.0000 2457.0098   16.8785
   -7.5000   37.5000   15.0000 2302.2283   18.7253
    0.0000   37.5000   15.0000 2327.5369   18.4630
    7.5000   37.5000   15.0000 2306.2131   18.6625
   -7.5000   45.0000   15.0000 2151.7839   21.0236
    0.0000   45.0000   15.0000 2169.1191   20.7113
    7.5000   45.0000   15.0000 2149.9807   20.9534
   -7.5000  -45.0000   22.5000 2434.4126   17.4934
    0.0000  -45.0000   22.5000 2451.3843   17.2845
    7.5000  -45.0000   22.5000 2425.7756   17.5806
   -7.5000  -37.5000   22.5000 2550.4675   15.9047
    0.0000  -37.5000   22.5000 2573.3940   15.7102
    7.5000  -37.5000   22.5000 2544.5945   15.9620
   -7.5000  -30.0000   22.5000 2657.4412   14.7166
    0.0000  -30.0000   22.5000 2684.6230   14.5172
    7.5000  -30.0000   22.5000 2656.9314   14.7726
   -7.5000  -22.5000   22.5000 2753.8003   13.8991
    0.0000  -22.5000   22.5000 2784.3254   13.7175
    7.5000  -22.5000   22.5000 2756.4646   13.9583
   -7.5000  -15.0000   22.5000 2831.5386   13.5112
    0.0000  -15.0000   22.5000 2866.4998   13.3104
    7.5000  -15.0000   22.5000 2826.3323   13.5509
   -7.5000   -7.5000   22.5000 2864.5664   13.4719
    0.0000   -7.5000   22.5000 2893.2556   13.3056
    7.5000   -7.5000   22.5000 2856.3572   13.5245
   -7.5000    0.0000   22.5000 2832.0320   13.7695
    0.0000    0.0000   22.5000 2865.0859   13.6092
    7.5000    0.0000   22.5000 2828.9883   13.7960
   -7.5000    7.5000   22.5000 2759.5371   14.2647
    0.0000    7.5000   22.5000 2787.1299   14.1003
    7.5000    7.5000   22.5000 2754.0796   14.2915
   -7.5000   15.0000   22.5000 2659.8542   15.0071
    0.0000   15.0000   22.5000 2687.9968   14.8315
    7.5000   15.0000   22.5000 2656.8625   14.9920
   -7.5000   22.5000   22.5000 2536.7578   16.0031
    0.0000   22.5000   22.5000 2563.9888   15.8252
    7.5000   22.5000   22.5000 2541.9355   15.9679
   -7.5000   30.0000   22.5000 2409.7639   17.3312
    0.0000   30.0000   22.5000 2435.4009   17.1128
    7.5000   30.0000   22.5000 2417.0959   17.2656
   -7.5000   37.5000   22.5000 2266.6372   19.0726
    0.0000   37.5000   22.5000 2286.7368   18.8095
    7.5000   37.5000   22.5000 2270.9001   18.9817
   -7.5000   45.0000   22.5000 2116.1997   21.3045
    0.0000   45.0000   22.5000 2132.5486   20.9932
    7.5000   45.0000   22.5000 2115.8389   21.2174
   -7.5000  -45.0000   30.0000 2394.9944   18.2128
    0.0000  -45.0000   30.0000 2414.4814   17.9594
    7.5000  -45.0000   30.0000 2387.8867   18.2293
   -7.5000  -37.5000   30.0000 2510.3606   16.6172
    0.0000  -37.5000   30.0000 2536.7708   16.4199
    7.5000  -37.5000   30.0000 2505.0745   16.6304
   -7.5000  -30.0000   30.0000 2610.0510   15.4106
    0.0000  -30.0000   30.0000 2636.2439   15.2451
    7.5000  -30.0000   30.0000 2604.7346   15.4336
   -7.5000  -22.5000   30.0000 2697.0476   14.6032
    0.0000  -22.5000   30.0000 2727.3665   14.4389
    7.5000  -22.5000   30.0000 2695.9431   14.6092
   -7.5000  -15.0000   30.0000 2758.6362   14.1542
    0.0000  -15.0000   30.0000 2791.1697   13.9990
    7.5000  -15.0000   30.0000 2754.8757   14.1778
   -7.5000   -7.5000   30.0000 2780.5957   14.0726
    0.0000   -7.5000   30.0000 2806.8186   13.9342
    7.5000   -7.5000   30.0000 2776.7925   14.1101
   -7.5000    0.0000   30.0000 2748.6331   14.3638
    0.0000    0.0000   30.0000 2775.4905   14.2154
    7.5000    0.0000   30.0000 2745.6228   14.3747
   -7.5000    7.5000   30.0000 2675.8396   14.8621
    0.0000    7.5000   30.0000 2698.6243   14.7281
    7.5000    7.5000   30.0000 2677.7056   14.8803
   -7.5000   15.0000   30.0000 2582.0496   15.6215
    0.0000   15.0000   30.0000 2606.9041   15.4550
    7.5000   15.0000   30.0000 2582.6018   15.6145
   -7.5000   22.5000   30.0000 2468.8293   16.6421
    0.0000   22.5000   30.0000 2497.8091   16.4478
    7.5000   22.5000   30.0000 2475.6555   16.6014
   -7.5000   30.0000   30.0000 2349.9277   17.9919
    0.0000   30.0000   30.0000 2370.8975   17.7610
    7.5000   30.0000   30.0000 2357.8442   17.9020
   -7.5000   37.5000   30.0000 2218.7839   19.6999
    0.0000   37.5000   30.0000 2235.6082   19.4392
    7.5000   37.5000   30.0000 2224.8918   19.5571
   -7.5000   45.0000   30.0000 2072.8450   21.9146
    0.0000   45.0000   30.0000 2087.8220   21.6405
    7.5000   45.0000   30.0000 2075.3330   21.7878
   -7.5000  -45.0000   37.5000 2344.0867   19.2269
    0.0000  -45.0000   37.5000 2360.5251   18.9843
    7.5000  -45.0000   37.5000 2337.1885   19.2334
   -7.5000  -37.5000   37.5000 2453.8198   17.6364
    0.0000  -37.5000   37.5000 2475.5801   17.4078
    7.5000  -37.5000   37.5000 2448.5081   17.5986
   -7.5000  -30.0000   37.5000 2549.1194   16.3819
    0.0000  -30.0000   37.5000 2576.4817   16.2094
    7.5000  -30.0000   37.5000 2543.7090   16.3726
   -7.5000  -22.5000   37.5000 2627.4783   15.5437
    0.0000  -22.5000   37.5000 2654.8760   15.3680
    7.5000  -22.5000   37.5000 2625.9333   15.5211
   -7.5000  -15.0000   37.5000 2676.6287   15.0479
    0.0000  -15.0000   37.5000 2703.9993   14.9020
    7.5000  -15.0000   37.5000 2675.4805   15.0312
   -7.5000   -7.5000   37.5000 2690.9229   14.9157
    0.0000   -7.5000   37.5000 2715.8462   14.7750
    7.5000   -7.5000   37.5000 2691.6216   14.9125
   -7.5000    0.0000   37.5000 2653.1812   15.1601
    0.0000    0.0000   37.5000 2678.5930   15.0404
    7.5000    0.0000   37.5000 2656.7742   15.1665
   -7.5000    7.5000   37.5000 2586.4756   15.6832
    0.0000    7.5000   37.5000 2607.3196   15.5518
    7.5000    7.5000   37.5000 2590.7061   15.6918
   -7.5000   15.0000   37.5000 2498.1338   16.4587
    0.0000   15.0000   37.5000 2517.8975   16.2880
    7.5000   15.0000   37.5000 2504.1338   16.4645
   -7.5000   22.5000   37.5000 2396.4119   17.4928
    0.0000   22.5000   37.5000 2420.6670   17.2644
    7.5000   22.5000   37.5000 2402.5745   17.4360
   -7.5000   30.0000   37.5000 2285.6592   18.8512
    0.0000   30.0000   37.5000 2303.0630   18.5862
    7.5000   30.0000   37.5000 2288.8738   18.7548
   -7.5000   37.5000   37.5000 2160.4739   20.5791
    0.0000   37.5000   37.5000 2176.4824   20.2985
    7.5000   37.5000   37.5000 2161.4526   20.4147
   -7.5000   45.0000   37.5000 2020.1215   22.8264
    0.0000   45.0000   37.5000 2034.4567   22.5416
    7.5000   45.0000   37.5000 2025.7050   22.7080
   -7.5000  -45.0000   45.0000 2274.1230   20.6007
    0.0000  -45.0000   45.0000 2287.9734   20.3174
    7.5000  -45.0000   45.0000 2271.8999   20.5261
   -7.5000  -37.5000   45.0000 2384.7256   18.9039
    0.0000  -37.5000   45.0000 2401.2258   18.6806
    7.5000  -37.5000   45.0000 2379.4951   18.8589
   -7.5000  -30.0000   45.0000 2479.6335   17.6182
    0.0000  -30.0000   45.0000 2500.7966   17.4269
    7.5000  -30.0000   45.0000 2472.0281   17.5781
   -7.5000  -22.5000   45.0000 2546.9504   16.7210
    0.0000  -22.5000   45.0000 2570.2976   16.5435
    7.5000  -22.5000   45.0000 2543.5256   16.6956
   -7.5000  -15.0000   45.0000 2587.6929   16.1858
    0.0000  -15.0000   45.0000 2604.8015   16.0225
    7.5000  -15.0000   45.0000 2582.7109   16.1469
   -7.5000   -7.5000   45.0000 2590.7498   16.0368
    0.0000   -7.5000   45.0000 2608.4810   15.8651
    7.5000   -7.5000   45.0000 2587.1899   16.0014
   -7.5000    0.0000   45.0000 2549.6770   16.2702
    0.0000    0.0000   45.0000 2565.2788   16.1083
    7.5000    0.0000   45.0000 2549.0874   16.2398
   -7.5000    7.5000   45.0000 2488.1265   16.7788
    0.0000    7.5000   45.0000 2503.6167   16.6139
    7.5000    7.5000   45.0000 2491.7415   16.7642
   -7.5000   15.0000   45.0000 2413.5510   17.5449
    0.0000   15.0000   45.0000 2427.0066   17.3852
    7.5000   15.0000   45.0000 2417.7783   17.5368
   -7.5000   22.5000   45.0000 2322.0171   18.5981
    0.0000   22.5000   45.0000 2341.8950   18.3617
    7.5000   22.5000   45.0000 2325.9690   18.5386
   -7.5000   30.0000   45.0000 2213.9380   19.9532
    0.0000   30.0000   45.0000 2231.1438   19.7028
    7.5000   30.0000   45.0000 2213.2454   19.8463
   -7.5000   37.5000   45.0000 2091.7192   21.6756
    0.0000   37.5000   45.0000 2107.5579   21.4085
    7.5000   37.5000   45.0000 2091.4756   21.5533
   -7.5000   45.0000   45.0000 1960.0815   24.0464
    0.0000   45.0000   45.0000 1972.1064   23.7584
    7.5000   45.0000   45.0000 1961.4164   23.9065

---------------------------------------------------------------------
imgreg_4dfp /opt/freesurfer/average/711-2C_as_mni_average_305 /opt/freesurfer/average/711-2B_as_mni_average_305_mask talsrcimg_g11 none talsrcimg_to_711-2C_as_mni_average_305_t4 1283
---------------------------------------------------------------------

freesurfer imgreg_4dfp.c
/opt/freesurfer/average/711-2C_as_mni_average_305.4dfp.img
       256       256       256         1
  1.000000  1.000000  1.000000
orientation T byte_order littleendian
Reading image: /opt/freesurfer/average/711-2C_as_mni_average_305.4dfp.img
dimensions:      256       256       256
mmppix:       1.0000   -1.0000   -1.0000
center:     128.0000 -129.0000 -129.0000
/opt/freesurfer/average/711-2B_as_mni_average_305_mask.4dfp.img
       256       256       256         1
  1.000000  1.000000  1.000000
orientation T byte_order littleendian
Reading mask: /opt/freesurfer/average/711-2B_as_mni_average_305_mask.4dfp.img (2306576 pixels)
talsrcimg_g11.4dfp.img
       256       256       256         1
  1.000000  1.000000  1.000000
orientation T byte_order littleendian
Reading image: talsrcimg_g11.4dfp.img
dimensions:      256       256       256
mmppix:       1.0000   -1.0000   -1.0000
center:     128.0000 -129.0000 -129.0000
rotation matrix determinant  1.000000
fimgreg.f
image alignment mode   1283 decimal      503 hex
parameters
    0.0000   -7.5000    7.5000    0.0000    0.0000    0.0000
eta,q 0.93972 12.71428
niter,ni,del,rscale     5    3   12.0000    1.2000
parameters
   -1.0059   -6.3877    7.9242    0.4541    2.7561   -0.7207
eta,q 0.94078 12.73741
  0.0697  0.0708  0.0674  0.0633  0.0689  0.0616
  0.0625  0.0661  0.0641  0.0622  0.0653  0.0602
  0.0594  0.0624  0.0616  0.0612  0.0618  0.0595
  0.0620  0.0601  0.0599  0.0599  0.0597  0.0591
  0.0661  0.0601  0.0603  0.0594  0.0590  0.0594
  0.0688  0.0618  0.0626  0.0605  0.0594  0.0611
  0.0736  0.0654  0.0659  0.0634  0.0602  0.0638
niter,ni,del,rscale     4    3   12.0000    1.2000
parameters
   -1.6386   -6.5786    8.0791   -0.2116    2.9611   -0.6291
eta,q 0.94100 12.71728
  0.0692  0.0667  0.0655  0.0607  0.0643  0.0621
  0.0626  0.0622  0.0633  0.0601  0.0605  0.0602
  0.0594  0.0595  0.0611  0.0595  0.0590  0.0594
  0.0592  0.0590  0.0589  0.0588  0.0590  0.0590
  0.0616  0.0604  0.0591  0.0590  0.0597  0.0589
  0.0668  0.0630  0.0619  0.0603  0.0610  0.0598
  0.0737  0.0674  0.0660  0.0628  0.0628  0.0622
niter,ni,del,rscale     3    3   12.0000    1.2000
parameters
   -1.6490   -6.3391    7.8367   -0.8965    3.0693   -0.6912
eta,q 0.94073 12.72810
  0.0716  0.0673  0.0649  0.0607  0.0641  0.0618
  0.0644  0.0626  0.0628  0.0600  0.0606  0.0602
  0.0603  0.0599  0.0606  0.0596  0.0593  0.0595
  0.0590  0.0590  0.0590  0.0591  0.0592  0.0593
  0.0604  0.0599  0.0598  0.0592  0.0600  0.0592
  0.0648  0.0621  0.0626  0.0603  0.0612  0.0600
  0.0714  0.0658  0.0669  0.0624  0.0629  0.0622
niter,ni,del,rscale     2    3   12.0000    1.2000
parameters
   -1.6869   -6.0788    7.5252   -1.6357    3.1866   -0.5840
eta,q 0.94063 12.73455
  0.0715  0.0668  0.0648  0.0609  0.0639  0.0619
  0.0645  0.0624  0.0625  0.0600  0.0607  0.0602
  0.0607  0.0602  0.0604  0.0596  0.0595  0.0596
  0.0593  0.0593  0.0593  0.0593  0.0594  0.0594
  0.0607  0.0599  0.0601  0.0596  0.0601  0.0592
  0.0650  0.0618  0.0627  0.0605  0.0612  0.0600
  0.0717  0.0654  0.0669  0.0623  0.0629  0.0620
niter,ni,del,rscale     1    3   12.0000    1.2000
parameters
   -1.7203   -5.7610    7.2104   -2.4212    3.2673   -0.3574
eta,q 0.94072 12.73603
  0.0716  0.0663  0.0649  0.0611  0.0636  0.0620
  0.0645  0.0624  0.0621  0.0601  0.0607  0.0603
  0.0607  0.0604  0.0602  0.0594  0.0595  0.0597
  0.0594  0.0594  0.0593  0.0593  0.0593  0.0593
  0.0607  0.0598  0.0602  0.0599  0.0600  0.0590
  0.0650  0.0615  0.0626  0.0609  0.0611  0.0599
  0.0717  0.0651  0.0666  0.0623  0.0628  0.0618
registration optimization eta report
parameter search radius
    6.0000    6.0000    6.0000    6.0000    6.0000    6.0000
100000*second partial in parameter space
       34.       18.       17.        7.       11.        8.
  0.0716  0.0663  0.0649  0.0611  0.0636  0.0620
  0.0645  0.0624  0.0621  0.0601  0.0607  0.0603
  0.0607  0.0604  0.0602  0.0594  0.0595  0.0597
  0.0594  0.0594  0.0593  0.0593  0.0593  0.0593
  0.0607  0.0598  0.0602  0.0599  0.0600  0.0590
  0.0650  0.0615  0.0626  0.0609  0.0611  0.0599
  0.0717  0.0651  0.0666  0.0623  0.0628  0.0618
   -1.7203   -5.7610    7.2104   -2.4212    3.2673   -0.3574
eta,q 0.94072 12.73603

---------------------------------------------------------------------
imgreg_4dfp /opt/freesurfer/average/711-2C_as_mni_average_305 /opt/freesurfer/average/711-2B_as_mni_average_305_mask talsrcimg_g11 none talsrcimg_to_711-2C_as_mni_average_305_t4 3335
---------------------------------------------------------------------

freesurfer imgreg_4dfp.c
/opt/freesurfer/average/711-2C_as_mni_average_305.4dfp.img
       256       256       256         1
  1.000000  1.000000  1.000000
orientation T byte_order littleendian
Reading image: /opt/freesurfer/average/711-2C_as_mni_average_305.4dfp.img
dimensions:      256       256       256
mmppix:       1.0000   -1.0000   -1.0000
center:     128.0000 -129.0000 -129.0000
/opt/freesurfer/average/711-2B_as_mni_average_305_mask.4dfp.img
       256       256       256         1
  1.000000  1.000000  1.000000
orientation T byte_order littleendian
Reading mask: /opt/freesurfer/average/711-2B_as_mni_average_305_mask.4dfp.img (2306576 pixels)
talsrcimg_g11.4dfp.img
       256       256       256         1
  1.000000  1.000000  1.000000
orientation T byte_order littleendian
Reading image: talsrcimg_g11.4dfp.img
dimensions:      256       256       256
mmppix:       1.0000   -1.0000   -1.0000
center:     128.0000 -129.0000 -129.0000
fimgreg.f
image alignment mode   3335 decimal      D07 hex
parameters
   -1.7203   -5.7610    7.2104   -0.1645   -0.0927   -0.2517
    0.8641   -5.6678   -0.6228    4.2601    5.6994   -4.2177
eta,q 0.94241 12.73970
niter,ni,del,rscale     5    3    5.0000    1.2000
parameter  4  2.642655 ->  0.500000 qaram    1.1500
parameter  5  1.931164 ->  0.500000 qaram    1.1500
parameter  6  1.650761 ->  0.500000 qaram    1.1500
parameter 12  0.903398 ->  0.500000 qaram    1.1500
parameters
   -1.8920   -4.8749    7.7511   -4.3045   -4.2327   -4.3917
    1.5227   -4.8771    1.0466    2.4855    7.0292   -8.3577
eta,q 0.95769 11.78140
  0.0594  0.0597  0.0592  0.0485  0.0462  0.0413  0.0463  0.0478  0.0450  0.0442  0.0442  0.0422
  0.0583  0.0588  0.0583  0.0507  0.0474  0.0427  0.0447  0.0454  0.0441  0.0434  0.0436  0.0423
  0.0577  0.0581  0.0577  0.0537  0.0492  0.0448  0.0437  0.0439  0.0435  0.0430  0.0432  0.0425
  0.0576  0.0576  0.0574  0.0573  0.0515  0.0478  0.0432  0.0432  0.0432  0.0431  0.0430  0.0430
  0.0579  0.0574  0.0574  0.0614  0.0543  0.0513  0.0434  0.0434  0.0431  0.0437  0.0430  0.0436
  0.0587  0.0575  0.0576  0.0656  0.0575  0.0552  0.0441  0.0444  0.0433  0.0447  0.0432  0.0445
  0.0600  0.0580  0.0580  0.0703  0.0607  0.0600  0.0453  0.0461  0.0438  0.0463  0.0435  0.0455
niter,ni,del,rscale     7    3    5.0000    1.2000
parameter  2 -0.679468 -> -0.500000 qaram    1.1500
parameter  4  0.974269 ->  0.500000 qaram    1.3225
parameter  5  1.113575 ->  0.500000 qaram    1.3225
parameter  6  0.908982 ->  0.500000 qaram    1.3225
parameter 10 -0.692612 -> -0.500000 qaram    1.1500
parameters
   -1.8570   -3.4949    6.5628   -9.0655   -8.9937   -9.1527
    1.5262   -5.5440    1.2316    6.6255    8.7603   -9.6260
eta,q 0.96811 11.09035
  0.0451  0.0457  0.0416  0.0374  0.0346  0.0322  0.0352  0.0357  0.0343  0.0371  0.0337  0.0331
  0.0436  0.0443  0.0414  0.0376  0.0351  0.0327  0.0340  0.0341  0.0336  0.0354  0.0329  0.0324
  0.0426  0.0432  0.0414  0.0388  0.0361  0.0335  0.0332  0.0331  0.0331  0.0339  0.0323  0.0319
  0.0423  0.0423  0.0416  0.0413  0.0378  0.0353  0.0329  0.0329  0.0329  0.0329  0.0320  0.0319
  0.0426  0.0418  0.0422  0.0450  0.0401  0.0385  0.0332  0.0335  0.0330  0.0322  0.0319  0.0323
  0.0435  0.0416  0.0431  0.0494  0.0430  0.0423  0.0340  0.0349  0.0334  0.0320  0.0321  0.0330
  0.0449  0.0418  0.0443  0.0542  0.0463  0.0467  0.0352  0.0369  0.0342  0.0322  0.0326  0.0340
niter,ni,del,rscale     7    3    5.0000    1.2000
parameter  2 -1.037949 -> -0.500000 qaram    1.3225
parameter  3  0.580691 ->  0.500000 qaram    1.1500
parameter  5  0.589534 ->  0.500000 qaram    1.5209
parameter 10 -0.747075 -> -0.500000 qaram    1.3225
parameters
   -1.8368   -1.9079    5.1828  -11.6333  -14.4688  -13.2623
    1.5962   -5.9972    0.6441   11.3865    9.3574  -13.6581
eta,q 0.97371 10.61269
  0.0347  0.0378  0.0299  0.0321  0.0289  0.0289  0.0299  0.0306  0.0291  0.0335  0.0276  0.0267
  0.0332  0.0355  0.0296  0.0306  0.0285  0.0281  0.0288  0.0290  0.0284  0.0313  0.0271  0.0263
  0.0322  0.0336  0.0297  0.0296  0.0287  0.0280  0.0282  0.0281  0.0280  0.0294  0.0267  0.0263
  0.0319  0.0319  0.0301  0.0296  0.0295  0.0285  0.0279  0.0279  0.0279  0.0279  0.0266  0.0266
  0.0322  0.0307  0.0308  0.0311  0.0311  0.0299  0.0282  0.0284  0.0282  0.0269  0.0267  0.0272
  0.0331  0.0300  0.0318  0.0342  0.0335  0.0337  0.0288  0.0296  0.0287  0.0266  0.0269  0.0279
  0.0347  0.0299  0.0331  0.0388  0.0368  0.0382  0.0298  0.0312  0.0295  0.0269  0.0273  0.0288
niter,ni,del,rscale     7    3    5.0000    1.2000
parameter  2 -0.859855 -> -0.500000 qaram    1.5209
parameters
   -1.7900   -0.0828    4.5799  -11.7703  -16.1910  -13.7041
    1.7166   -5.6715   -0.0034   14.8645    9.3982  -17.3000
eta,q 0.97699 10.57252
  0.0291  0.0347  0.0252  0.0277  0.0270  0.0274  0.0262  0.0277  0.0255  0.0312  0.0242  0.0235
  0.0276  0.0314  0.0244  0.0262  0.0251  0.0257  0.0250  0.0257  0.0246  0.0281  0.0237  0.0231
  0.0267  0.0286  0.0240  0.0249  0.0241  0.0246  0.0243  0.0244  0.0241  0.0257  0.0234  0.0230
  0.0263  0.0263  0.0241  0.0240  0.0240  0.0240  0.0240  0.0240  0.0240  0.0240  0.0233  0.0233
  0.0265  0.0247  0.0246  0.0241  0.0249  0.0241  0.0242  0.0243  0.0243  0.0233  0.0234  0.0239
  0.0274  0.0240  0.0255  0.0256  0.0268  0.0254  0.0249  0.0254  0.0251  0.0237  0.0237  0.0247
  0.0290  0.0242  0.0269  0.0287  0.0299  0.0290  0.0260  0.0270  0.0261  0.0253  0.0241  0.0257
niter,ni,del,rscale     7    3    5.0000    1.2000
parameters
   -1.6618    0.9431    3.9249  -11.5252  -16.6313  -13.3864
    1.9622   -5.3874   -0.0389   16.6181    9.5364  -19.2329
eta,q 0.97781 10.62010
  0.0263  0.0312  0.0236  0.0266  0.0264  0.0267  0.0248  0.0264  0.0243  0.0287  0.0232  0.0231
  0.0246  0.0275  0.0229  0.0249  0.0243  0.0249  0.0235  0.0243  0.0232  0.0257  0.0227  0.0225
  0.0235  0.0246  0.0225  0.0235  0.0229  0.0234  0.0227  0.0229  0.0226  0.0236  0.0224  0.0222
  0.0230  0.0230  0.0226  0.0225  0.0225  0.0225  0.0224  0.0224  0.0224  0.0224  0.0223  0.0223
  0.0232  0.0226  0.0231  0.0225  0.0229  0.0223  0.0227  0.0228  0.0227  0.0224  0.0224  0.0227
  0.0241  0.0235  0.0241  0.0239  0.0245  0.0235  0.0234  0.0239  0.0233  0.0234  0.0227  0.0234
  0.0257  0.0253  0.0255  0.0269  0.0273  0.0271  0.0245  0.0258  0.0243  0.0254  0.0232  0.0244
niter,ni,del,rscale     6    3    5.0000    1.2000
parameters
   -1.5998    1.1860    3.5235  -11.3906  -16.8323  -13.4267
    2.1143   -5.2845    0.0667   17.3286    9.5881  -20.0209
eta,q 0.97790 10.63401
  0.0255  0.0280  0.0235  0.0264  0.0261  0.0264  0.0245  0.0261  0.0240  0.0273  0.0231  0.0233
  0.0237  0.0249  0.0227  0.0246  0.0240  0.0245  0.0232  0.0240  0.0230  0.0247  0.0226  0.0226
  0.0226  0.0229  0.0222  0.0232  0.0226  0.0231  0.0224  0.0226  0.0224  0.0229  0.0222  0.0222
  0.0222  0.0222  0.0222  0.0222  0.0221  0.0221  0.0221  0.0221  0.0221  0.0221  0.0221  0.0221
  0.0225  0.0227  0.0226  0.0222  0.0224  0.0219  0.0224  0.0226  0.0224  0.0224  0.0222  0.0224
  0.0235  0.0242  0.0234  0.0237  0.0239  0.0236  0.0231  0.0238  0.0229  0.0237  0.0225  0.0230
  0.0251  0.0265  0.0247  0.0269  0.0266  0.0276  0.0243  0.0258  0.0239  0.0260  0.0231  0.0239
niter,ni,del,rscale     5    3    5.0000    1.2000
parameters
   -1.5768    1.2923    3.3451  -11.3397  -16.9305  -13.5160
    2.1610   -5.2537    0.1236   17.6165    9.5853  -20.3544
eta,q 0.97789 10.63593
  0.0253  0.0274  0.0237  0.0263  0.0260  0.0263  0.0244  0.0260  0.0239  0.0268  0.0231  0.0235
  0.0236  0.0245  0.0228  0.0245  0.0239  0.0245  0.0232  0.0239  0.0229  0.0243  0.0226  0.0227
  0.0225  0.0226  0.0222  0.0231  0.0226  0.0231  0.0224  0.0225  0.0223  0.0227  0.0222  0.0222
  0.0221  0.0221  0.0221  0.0221  0.0221  0.0221  0.0221  0.0221  0.0221  0.0221  0.0221  0.0221
  0.0224  0.0227  0.0224  0.0222  0.0224  0.0218  0.0224  0.0226  0.0223  0.0225  0.0222  0.0223
  0.0235  0.0242  0.0231  0.0238  0.0238  0.0236  0.0232  0.0239  0.0229  0.0239  0.0225  0.0229
  0.0252  0.0267  0.0242  0.0270  0.0264  0.0276  0.0243  0.0259  0.0238  0.0263  0.0231  0.0237
niter,ni,del,rscale     4    3    5.0000    1.2000
parameters
   -1.5652    1.3448    3.2665  -11.3186  -16.9842  -13.5697
    2.1738   -5.2378    0.1408   17.7459    9.5826  -20.4955
eta,q 0.97787 10.63561
  0.0253  0.0272  0.0239  0.0263  0.0260  0.0263  0.0244  0.0260  0.0239  0.0267  0.0231  0.0236
  0.0235  0.0243  0.0229  0.0245  0.0240  0.0245  0.0231  0.0239  0.0229  0.0242  0.0226  0.0228
  0.0225  0.0226  0.0223  0.0231  0.0226  0.0231  0.0224  0.0226  0.0223  0.0227  0.0222  0.0223
  0.0221  0.0221  0.0221  0.0221  0.0221  0.0221  0.0221  0.0221  0.0221  0.0221  0.0221  0.0221
  0.0224  0.0227  0.0223  0.0222  0.0224  0.0218  0.0224  0.0226  0.0223  0.0226  0.0222  0.0223
  0.0235  0.0243  0.0230  0.0238  0.0238  0.0236  0.0232  0.0239  0.0229  0.0240  0.0225  0.0228
  0.0252  0.0267  0.0241  0.0271  0.0264  0.0276  0.0243  0.0260  0.0238  0.0264  0.0231  0.0237
niter,ni,del,rscale     3    3    5.0000    1.2000
parameters
   -1.5591    1.3702    3.2323  -11.3103  -17.0088  -13.5948
    2.1752   -5.2319    0.1605   17.8032    9.5755  -20.5509
eta,q 0.97787 10.63528
  0.0253  0.0271  0.0239  0.0263  0.0261  0.0264  0.0244  0.0260  0.0239  0.0266  0.0231  0.0236
  0.0235  0.0243  0.0229  0.0246  0.0240  0.0246  0.0231  0.0239  0.0229  0.0241  0.0226  0.0228
  0.0225  0.0226  0.0223  0.0231  0.0226  0.0231  0.0224  0.0226  0.0223  0.0227  0.0223  0.0223
  0.0221  0.0221  0.0221  0.0221  0.0221  0.0221  0.0221  0.0221  0.0221  0.0221  0.0221  0.0221
  0.0225  0.0228  0.0223  0.0222  0.0224  0.0218  0.0224  0.0226  0.0223  0.0226  0.0222  0.0223
  0.0235  0.0244  0.0230  0.0238  0.0237  0.0236  0.0232  0.0239  0.0229  0.0240  0.0226  0.0228
  0.0252  0.0268  0.0240  0.0271  0.0263  0.0275  0.0244  0.0260  0.0238  0.0265  0.0231  0.0236
niter,ni,del,rscale     2    3    5.0000    1.2000
parameters
   -1.5574    1.3833    3.2164  -11.3062  -17.0239  -13.6063
    2.1729   -5.2295    0.1663   17.8295    9.5703  -20.5849
eta,q 0.97786 10.63501
  0.0252  0.0271  0.0240  0.0263  0.0261  0.0264  0.0244  0.0260  0.0239  0.0265  0.0231  0.0236
  0.0236  0.0242  0.0229  0.0246  0.0240  0.0246  0.0231  0.0239  0.0229  0.0241  0.0226  0.0228
  0.0225  0.0226  0.0223  0.0231  0.0226  0.0231  0.0224  0.0226  0.0223  0.0226  0.0223  0.0223
  0.0221  0.0221  0.0221  0.0221  0.0221  0.0221  0.0221  0.0221  0.0221  0.0221  0.0221  0.0221
  0.0225  0.0228  0.0223  0.0222  0.0224  0.0218  0.0224  0.0226  0.0223  0.0226  0.0222  0.0223
  0.0235  0.0244  0.0230  0.0239  0.0237  0.0236  0.0232  0.0239  0.0229  0.0241  0.0226  0.0228
  0.0253  0.0268  0.0240  0.0271  0.0263  0.0275  0.0244  0.0260  0.0238  0.0265  0.0231  0.0236
registration optimization eta report
parameter search radius
    2.4000    3.6501    2.7600    9.5220   10.9503    9.5220
    7.2000    7.2000    7.2000    9.5220    7.2000    8.2800
100000*second partial in parameter space
       54.       36.       24.        5.        3.        5.
        4.        7.        3.        5.        2.        2.
  0.0252  0.0271  0.0240  0.0263  0.0261  0.0264  0.0244  0.0260  0.0239  0.0265  0.0231  0.0236
  0.0236  0.0242  0.0229  0.0246  0.0240  0.0246  0.0231  0.0239  0.0229  0.0241  0.0226  0.0228
  0.0225  0.0226  0.0223  0.0231  0.0226  0.0231  0.0224  0.0226  0.0223  0.0226  0.0223  0.0223
  0.0221  0.0221  0.0221  0.0221  0.0221  0.0221  0.0221  0.0221  0.0221  0.0221  0.0221  0.0221
  0.0225  0.0228  0.0223  0.0222  0.0224  0.0218  0.0224  0.0226  0.0223  0.0226  0.0222  0.0223
  0.0235  0.0244  0.0230  0.0239  0.0237  0.0236  0.0232  0.0239  0.0229  0.0241  0.0226  0.0228
  0.0253  0.0268  0.0240  0.0271  0.0263  0.0275  0.0244  0.0260  0.0238  0.0265  0.0231  0.0236
   -1.5574    1.3833    3.2164  -11.3062  -17.0239  -13.6063
    2.1729   -5.2295    0.1663   17.8295    9.5703  -20.5849
eta,q 0.97786 10.63501

---------------------------------------------------------------------
imgreg_4dfp /opt/freesurfer/average/711-2C_as_mni_average_305 /opt/freesurfer/average/711-2B_as_mni_average_305_mask talsrcimg_g11 none talsrcimg_to_711-2C_as_mni_average_305_t4 2311
---------------------------------------------------------------------

freesurfer imgreg_4dfp.c
/opt/freesurfer/average/711-2C_as_mni_average_305.4dfp.img
       256       256       256         1
  1.000000  1.000000  1.000000
orientation T byte_order littleendian
Reading image: /opt/freesurfer/average/711-2C_as_mni_average_305.4dfp.img
dimensions:      256       256       256
mmppix:       1.0000   -1.0000   -1.0000
center:     128.0000 -129.0000 -129.0000
/opt/freesurfer/average/711-2B_as_mni_average_305_mask.4dfp.img
       256       256       256         1
  1.000000  1.000000  1.000000
orientation T byte_order littleendian
Reading mask: /opt/freesurfer/average/711-2B_as_mni_average_305_mask.4dfp.img (2306576 pixels)
talsrcimg_g11.4dfp.img
       256       256       256         1
  1.000000  1.000000  1.000000
orientation T byte_order littleendian
Reading image: talsrcimg_g11.4dfp.img
dimensions:      256       256       256
mmppix:       1.0000   -1.0000   -1.0000
center:     128.0000 -129.0000 -129.0000
fimgreg.f
image alignment mode   2311 decimal      907 hex
parameters
   -1.5574    1.3833    3.2164  -11.3062  -17.0239  -13.6063
    2.1729   -5.2295    0.1663   17.8295    9.5703  -20.5849
eta,q 0.97786 10.63500
niter,ni,del,rscale     5    3    5.0000    0.8000
parameters
   -1.5516    1.2681    3.2283  -10.1647  -16.6421  -11.8221
    2.2671   -5.2668    0.5071   17.7074    9.4333  -20.7407
eta,q 0.97834 10.77224
  0.0236  0.0229  0.0228  0.0238  0.0228  0.0238  0.0228  0.0238  0.0226  0.0230  0.0222  0.0222
  0.0228  0.0224  0.0224  0.0231  0.0224  0.0231  0.0222  0.0227  0.0221  0.0223  0.0219  0.0219
  0.0223  0.0222  0.0222  0.0225  0.0221  0.0225  0.0218  0.0219  0.0218  0.0218  0.0217  0.0217
  0.0221  0.0221  0.0221  0.0221  0.0220  0.0220  0.0217  0.0217  0.0217  0.0217  0.0217  0.0217
  0.0223  0.0223  0.0222  0.0220  0.0220  0.0217  0.0218  0.0219  0.0217  0.0218  0.0217  0.0217
  0.0228  0.0226  0.0224  0.0222  0.0222  0.0217  0.0221  0.0227  0.0220  0.0223  0.0219  0.0220
  0.0235  0.0232  0.0227  0.0228  0.0226  0.0224  0.0227  0.0239  0.0224  0.0232  0.0223  0.0223
niter,ni,del,rscale     4    3    5.0000    0.7000
parameters
   -1.5702    1.2105    3.3308  -10.3187  -16.4977  -11.9005
    2.1897   -5.2772    0.5270   17.6871    9.4139  -20.5463
eta,q 0.97833 10.76792
  0.0228  0.0224  0.0224  0.0227  0.0223  0.0228  0.0225  0.0233  0.0223  0.0227  0.0221  0.0222
  0.0222  0.0220  0.0220  0.0222  0.0219  0.0223  0.0220  0.0224  0.0220  0.0221  0.0219  0.0219
  0.0218  0.0217  0.0218  0.0218  0.0217  0.0219  0.0218  0.0219  0.0217  0.0218  0.0217  0.0217
  0.0217  0.0217  0.0217  0.0217  0.0217  0.0217  0.0217  0.0217  0.0217  0.0217  0.0217  0.0217
  0.0218  0.0218  0.0217  0.0218  0.0217  0.0217  0.0218  0.0219  0.0217  0.0218  0.0217  0.0217
  0.0222  0.0221  0.0219  0.0222  0.0219  0.0222  0.0221  0.0224  0.0220  0.0221  0.0219  0.0218
  0.0229  0.0225  0.0222  0.0230  0.0222  0.0231  0.0225  0.0233  0.0223  0.0227  0.0221  0.0221
niter,ni,del,rscale     3    3    5.0000    0.6000
parameters
   -1.5759    1.1805    3.3457  -10.2424  -16.5003  -11.7553
    2.1736   -5.2648    0.5569   17.6104    9.3992  -20.5405
eta,q 0.97835 10.77460
  0.0225  0.0222  0.0221  0.0226  0.0221  0.0226  0.0223  0.0229  0.0221  0.0224  0.0220  0.0220
  0.0220  0.0219  0.0219  0.0221  0.0219  0.0222  0.0219  0.0222  0.0219  0.0220  0.0218  0.0218
  0.0218  0.0217  0.0217  0.0218  0.0217  0.0219  0.0217  0.0218  0.0217  0.0217  0.0217  0.0217
  0.0217  0.0217  0.0217  0.0217  0.0217  0.0217  0.0217  0.0217  0.0217  0.0216  0.0216  0.0217
  0.0218  0.0218  0.0217  0.0217  0.0217  0.0216  0.0217  0.0218  0.0217  0.0218  0.0217  0.0217
  0.0221  0.0220  0.0219  0.0220  0.0218  0.0220  0.0219  0.0222  0.0219  0.0220  0.0218  0.0218
  0.0225  0.0223  0.0221  0.0225  0.0221  0.0226  0.0223  0.0229  0.0221  0.0225  0.0220  0.0220
niter,ni,del,rscale     2    3    5.0000    0.5000
parameters
   -1.5757    1.1588    3.3532  -10.1993  -16.4614  -11.5959
    2.1707   -5.2604    0.5629   17.5542    9.4095  -20.5622
eta,q 0.97837 10.78381
  0.0223  0.0220  0.0220  0.0223  0.0219  0.0223  0.0221  0.0225  0.0220  0.0222  0.0219  0.0219
  0.0219  0.0218  0.0218  0.0220  0.0218  0.0221  0.0218  0.0220  0.0218  0.0219  0.0217  0.0217
  0.0217  0.0217  0.0217  0.0217  0.0217  0.0218  0.0217  0.0217  0.0217  0.0217  0.0217  0.0217
  0.0217  0.0217  0.0217  0.0217  0.0217  0.0216  0.0216  0.0216  0.0216  0.0216  0.0216  0.0216
  0.0217  0.0217  0.0217  0.0217  0.0217  0.0216  0.0217  0.0217  0.0217  0.0217  0.0217  0.0217
  0.0219  0.0218  0.0218  0.0219  0.0218  0.0219  0.0218  0.0220  0.0218  0.0219  0.0217  0.0218
  0.0223  0.0221  0.0220  0.0223  0.0219  0.0223  0.0221  0.0225  0.0220  0.0222  0.0219  0.0219
niter,ni,del,rscale     1    3    5.0000    0.4000
parameters
   -1.5743    1.1479    3.3617  -10.1775  -16.4251  -11.4532
    2.1838   -5.2605    0.5736   17.5009    9.3669  -20.6169
eta,q 0.97837 10.79162
  0.0220  0.0219  0.0219  0.0221  0.0218  0.0221  0.0219  0.0222  0.0218  0.0220  0.0218  0.0218
  0.0218  0.0217  0.0217  0.0218  0.0217  0.0219  0.0218  0.0219  0.0217  0.0218  0.0217  0.0217
  0.0217  0.0217  0.0217  0.0217  0.0217  0.0217  0.0217  0.0217  0.0216  0.0217  0.0216  0.0216
  0.0216  0.0216  0.0216  0.0216  0.0216  0.0216  0.0216  0.0216  0.0216  0.0216  0.0216  0.0216
  0.0217  0.0217  0.0217  0.0217  0.0217  0.0216  0.0217  0.0217  0.0217  0.0217  0.0217  0.0217
  0.0218  0.0218  0.0217  0.0218  0.0217  0.0218  0.0218  0.0219  0.0217  0.0218  0.0217  0.0217
  0.0220  0.0219  0.0218  0.0220  0.0218  0.0221  0.0219  0.0222  0.0218  0.0220  0.0218  0.0218
registration optimization eta report
parameter search radius
    0.8000    0.8000    0.8000    2.4000    2.4000    2.4000
    2.4000    2.4000    2.4000    2.4000    2.4000    2.4000
100000*second partial in parameter space
       61.       41.       33.        7.        3.        8.
        5.       10.        4.        6.        3.        3.
  0.0220  0.0219  0.0219  0.0221  0.0218  0.0221  0.0219  0.0222  0.0218  0.0220  0.0218  0.0218
  0.0218  0.0217  0.0217  0.0218  0.0217  0.0219  0.0218  0.0219  0.0217  0.0218  0.0217  0.0217
  0.0217  0.0217  0.0217  0.0217  0.0217  0.0217  0.0217  0.0217  0.0216  0.0217  0.0216  0.0216
  0.0216  0.0216  0.0216  0.0216  0.0216  0.0216  0.0216  0.0216  0.0216  0.0216  0.0216  0.0216
  0.0217  0.0217  0.0217  0.0217  0.0217  0.0216  0.0217  0.0217  0.0217  0.0217  0.0217  0.0217
  0.0218  0.0218  0.0217  0.0218  0.0217  0.0218  0.0218  0.0219  0.0217  0.0218  0.0217  0.0217
  0.0220  0.0219  0.0218  0.0220  0.0218  0.0221  0.0219  0.0222  0.0218  0.0220  0.0218  0.0218
   -1.5743    1.1479    3.3617  -10.1775  -16.4251  -11.4532
    2.1838   -5.2605    0.5736   17.5009    9.3669  -20.6169
eta,q 0.97837 10.79162

---------------------------------------------------------------------
imgreg_4dfp /opt/freesurfer/average/711-2C_as_mni_average_305 /opt/freesurfer/average/711-2B_as_mni_average_305_mask talsrcimg_g11 none talsrcimg_to_711-2C_as_mni_average_305_t4 2311
---------------------------------------------------------------------

freesurfer imgreg_4dfp.c
/opt/freesurfer/average/711-2C_as_mni_average_305.4dfp.img
       256       256       256         1
  1.000000  1.000000  1.000000
orientation T byte_order littleendian
Reading image: /opt/freesurfer/average/711-2C_as_mni_average_305.4dfp.img
dimensions:      256       256       256
mmppix:       1.0000   -1.0000   -1.0000
center:     128.0000 -129.0000 -129.0000
/opt/freesurfer/average/711-2B_as_mni_average_305_mask.4dfp.img
       256       256       256         1
  1.000000  1.000000  1.000000
orientation T byte_order littleendian
Reading mask: /opt/freesurfer/average/711-2B_as_mni_average_305_mask.4dfp.img (2306576 pixels)
talsrcimg_g11.4dfp.img
       256       256       256         1
  1.000000  1.000000  1.000000
orientation T byte_order littleendian
Reading image: talsrcimg_g11.4dfp.img
dimensions:      256       256       256
mmppix:       1.0000   -1.0000   -1.0000
center:     128.0000 -129.0000 -129.0000
fimgreg.f
image alignment mode   2311 decimal      907 hex
parameters
   -1.5743    1.1479    3.3617  -10.1775  -16.4251  -11.4532
    2.1838   -5.2605    0.5736   17.5009    9.3669  -20.6169
eta,q 0.97837 10.79162
niter,ni,del,rscale     5    3    5.0000    0.8000
parameters
   -1.5733    1.1754    3.3864  -10.4580  -16.5250  -11.9686
    2.1693   -5.2903    0.4984   17.6258    9.4507  -20.4167
eta,q 0.97832 10.75557
  0.0232  0.0227  0.0225  0.0230  0.0224  0.0229  0.0228  0.0237  0.0225  0.0231  0.0223  0.0223
  0.0223  0.0221  0.0220  0.0223  0.0219  0.0223  0.0222  0.0226  0.0220  0.0224  0.0220  0.0220
  0.0218  0.0217  0.0217  0.0218  0.0217  0.0219  0.0218  0.0219  0.0218  0.0219  0.0218  0.0218
  0.0216  0.0216  0.0216  0.0216  0.0216  0.0216  0.0217  0.0217  0.0217  0.0217  0.0217  0.0217
  0.0218  0.0217  0.0217  0.0218  0.0217  0.0218  0.0218  0.0219  0.0218  0.0218  0.0217  0.0217
  0.0223  0.0221  0.0220  0.0224  0.0220  0.0226  0.0222  0.0227  0.0221  0.0222  0.0219  0.0219
  0.0232  0.0226  0.0224  0.0235  0.0225  0.0240  0.0228  0.0238  0.0225  0.0230  0.0222  0.0222
niter,ni,del,rscale     4    3    5.0000    0.7000
parameters
   -1.5840    1.1688    3.3663  -10.3151  -16.5134  -11.9040
    2.1632   -5.2807    0.5162   17.6134    9.4589  -20.4407
eta,q 0.97833 10.76441
  0.0228  0.0225  0.0223  0.0229  0.0222  0.0229  0.0225  0.0233  0.0223  0.0227  0.0221  0.0221
  0.0222  0.0220  0.0219  0.0223  0.0219  0.0224  0.0220  0.0224  0.0220  0.0221  0.0219  0.0219
  0.0218  0.0218  0.0217  0.0219  0.0217  0.0219  0.0218  0.0219  0.0217  0.0218  0.0217  0.0217
  0.0217  0.0217  0.0217  0.0217  0.0217  0.0217  0.0217  0.0217  0.0217  0.0217  0.0217  0.0217
  0.0218  0.0218  0.0218  0.0218  0.0217  0.0217  0.0218  0.0218  0.0217  0.0218  0.0217  0.0217
  0.0222  0.0221  0.0220  0.0221  0.0219  0.0221  0.0221  0.0224  0.0220  0.0221  0.0219  0.0219
  0.0229  0.0225  0.0223  0.0228  0.0222  0.0230  0.0225  0.0233  0.0223  0.0227  0.0221  0.0221
niter,ni,del,rscale     3    3    5.0000    0.6000
parameters
   -1.5811    1.1681    3.3606  -10.2427  -16.4924  -11.7454
    2.1720   -5.2719    0.5315   17.5818    9.4482  -20.5035
eta,q 0.97835 10.77465
  0.0225  0.0223  0.0221  0.0226  0.0221  0.0226  0.0223  0.0229  0.0221  0.0224  0.0220  0.0220
  0.0221  0.0219  0.0219  0.0221  0.0219  0.0222  0.0219  0.0222  0.0219  0.0220  0.0218  0.0218
  0.0218  0.0217  0.0217  0.0218  0.0217  0.0219  0.0217  0.0218  0.0217  0.0217  0.0217  0.0217
  0.0217  0.0217  0.0217  0.0217  0.0217  0.0217  0.0217  0.0217  0.0217  0.0217  0.0216  0.0216
  0.0218  0.0217  0.0217  0.0217  0.0217  0.0216  0.0217  0.0218  0.0217  0.0217  0.0217  0.0217
  0.0221  0.0219  0.0219  0.0220  0.0218  0.0220  0.0219  0.0222  0.0219  0.0220  0.0218  0.0218
  0.0225  0.0222  0.0221  0.0225  0.0221  0.0226  0.0223  0.0229  0.0221  0.0225  0.0220  0.0220
niter,ni,del,rscale     2    3    5.0000    0.5000
parameters
   -1.5778    1.1547    3.3621  -10.1987  -16.4535  -11.5963
    2.1750   -5.2652    0.5509   17.5457    9.4097  -20.5548
eta,q 0.97836 10.78391
  0.0223  0.0220  0.0220  0.0223  0.0219  0.0223  0.0221  0.0225  0.0220  0.0222  0.0219  0.0219
  0.0219  0.0218  0.0218  0.0220  0.0218  0.0220  0.0218  0.0220  0.0218  0.0219  0.0217  0.0217
  0.0217  0.0217  0.0217  0.0217  0.0217  0.0218  0.0217  0.0217  0.0217  0.0217  0.0217  0.0217
  0.0217  0.0216  0.0216  0.0216  0.0217  0.0217  0.0216  0.0216  0.0216  0.0216  0.0216  0.0216
  0.0217  0.0217  0.0217  0.0217  0.0217  0.0216  0.0217  0.0217  0.0217  0.0217  0.0217  0.0217
  0.0219  0.0218  0.0218  0.0219  0.0218  0.0219  0.0218  0.0220  0.0218  0.0219  0.0217  0.0218
  0.0222  0.0221  0.0220  0.0223  0.0219  0.0223  0.0221  0.0225  0.0220  0.0222  0.0219  0.0219
niter,ni,del,rscale     1    3    5.0000    0.4000
parameters
   -1.5752    1.1459    3.3647  -10.1833  -16.4339  -11.4473
    2.1875   -5.2567    0.5613   17.5063    9.3747  -20.6225
eta,q 0.97837 10.79124
  0.0220  0.0219  0.0219  0.0220  0.0218  0.0221  0.0219  0.0222  0.0218  0.0220  0.0218  0.0218
  0.0218  0.0217  0.0217  0.0218  0.0217  0.0219  0.0218  0.0219  0.0217  0.0218  0.0217  0.0217
  0.0217  0.0217  0.0217  0.0217  0.0217  0.0217  0.0217  0.0217  0.0217  0.0217  0.0216  0.0216
  0.0216  0.0216  0.0216  0.0216  0.0216  0.0216  0.0216  0.0216  0.0216  0.0216  0.0216  0.0216
  0.0217  0.0217  0.0217  0.0217  0.0216  0.0216  0.0217  0.0217  0.0217  0.0217  0.0216  0.0217
  0.0218  0.0218  0.0217  0.0218  0.0217  0.0218  0.0218  0.0219  0.0217  0.0218  0.0217  0.0217
  0.0220  0.0219  0.0218  0.0220  0.0218  0.0221  0.0219  0.0222  0.0218  0.0220  0.0218  0.0218
registration optimization eta report
parameter search radius
    0.8000    0.8000    0.8000    2.4000    2.4000    2.4000
    2.4000    2.4000    2.4000    2.4000    2.4000    2.4000
100000*second partial in parameter space
       60.       41.       33.        7.        3.        8.
        5.       10.        4.        6.        3.        3.
  0.0220  0.0219  0.0219  0.0220  0.0218  0.0221  0.0219  0.0222  0.0218  0.0220  0.0218  0.0218
  0.0218  0.0217  0.0217  0.0218  0.0217  0.0219  0.0218  0.0219  0.0217  0.0218  0.0217  0.0217
  0.0217  0.0217  0.0217  0.0217  0.0217  0.0217  0.0217  0.0217  0.0217  0.0217  0.0216  0.0216
  0.0216  0.0216  0.0216  0.0216  0.0216  0.0216  0.0216  0.0216  0.0216  0.0216  0.0216  0.0216
  0.0217  0.0217  0.0217  0.0217  0.0216  0.0216  0.0217  0.0217  0.0217  0.0217  0.0216  0.0217
  0.0218  0.0218  0.0217  0.0218  0.0217  0.0218  0.0218  0.0219  0.0217  0.0218  0.0217  0.0217
  0.0220  0.0219  0.0218  0.0220  0.0218  0.0221  0.0219  0.0222  0.0218  0.0220  0.0218  0.0218
   -1.5752    1.1459    3.3647  -10.1833  -16.4339  -11.4473
    2.1875   -5.2567    0.5613   17.5063    9.3747  -20.6225
eta,q 0.97837 10.79124

---------------------------------------------------------------------
compute_vox2vox talsrcimg talsrcimg_to_711-2C_as_mni_average_305_t4 /opt/freesurfer/average/711-2C_as_mni_average_305
---------------------------------------------------------------------

freesurfer compute_vox2vox.c
Reading: talsrcimg.4dfp.ifh
Reading: talsrcimg_to_711-2C_as_mni_average_305_t4
Reading: /opt/freesurfer/average/711-2C_as_mni_average_305.4dfp.ifh
Writing: talsrcimg_to_711-2C_as_mni_average_305_t4_vox2vox.txt

start time Sat Mar 14 10:30:56 CET 2026
end		time Sat Mar 14 10:31:10 CET 2026

mpr2mni305 success

avi2talxfm orig_nu.mgz /opt/freesurfer/average/mni305.cor.mgz talsrcimg_to_711-2C_as_mni_average_305_t4_vox2vox.txt transforms/talairach.auto.xfm
avi2talxfm done
mv -f /out/sourcedata/freesurfer/sub-v2s9x29162_ses-1/mri/talsrcimg_to_711-2C_as_mni_average_305_t4_vox2vox.txt /out/sourcedata/freesurfer/sub-v2s9x29162_ses-1/mri/transforms/talsrcimg_to_711-2C_as_mni_average_305_t4_vox2vox.txt
lta_convert --src orig_nu.mgz --trg /opt/freesurfer/average/mni305.cor.mgz --inxfm transforms/talairach.auto.xfm --outlta transforms/talairach.auto.xfm.lta --subject fsaverage
7.3.2

--src: orig_nu.mgz src image (geometry).
--trg: /opt/freesurfer/average/mni305.cor.mgz trg image (geometry).
--inmni: transforms/talairach.auto.xfm input MNI/XFM transform.
--outlta: transforms/talairach.auto.xfm.lta output LTA.
--s: fsaverage subject name
 LTA read, type : 1
 1.10635   0.06808  -0.01216   0.80386;
-0.11333   1.06977   0.26696  -5.27548;
 0.01631  -0.22456   1.14081  -1.67766;
 0.00000   0.00000   0.00000   1.00000;
setting subject to fsaverage
Writing  LTA to file transforms/talairach.auto.xfm.lta...
lta_convert successful.
 
 
Started at Sat Mar 14 10:30:55 CET 2026
Ended   at Sat Mar 14 10:31:10 CET 2026
talairach_avi done
