status file for recon-all
Sat Mar 14 11:51:37 CET 2026
#@# Tessellate lh Sat Mar 14 11:51:37 CET 2026
#@# Smooth1 lh Sat Mar 14 11:51:40 CET 2026
#@# Inflation1 lh Sat Mar 14 11:51:43 CET 2026
#@# QSphere lh Sat Mar 14 11:52:00 CET 2026
#@# Fix Topology lh Sat Mar 14 11:53:15 CET 2026
#@# Smooth2 lh Sat Mar 14 11:58:18 CET 2026
#@# Inflation2 lh Sat Mar 14 11:58:20 CET 2026
#@# Curv .H and .K lh Sat Mar 14 11:58:32 CET 2026
#@# Sphere lh Sat Mar 14 11:59:08 CET 2026
#@# Surf Reg lh Sat Mar 14 12:02:47 CET 2026
#@# Jacobian white lh Sat Mar 14 12:06:20 CET 2026
#@# AvgCurv lh Sat Mar 14 12:06:21 CET 2026
#@# Cortical Parc lh Sat Mar 14 12:06:22 CET 2026
#@# white curv lh Sat Mar 14 12:11:36 CET 2026
#@# white area lh Sat Mar 14 12:11:37 CET 2026
#@# pial curv lh Sat Mar 14 12:11:38 CET 2026
#@# pial area lh Sat Mar 14 12:11:39 CET 2026
#@# thickness lh Sat Mar 14 12:11:40 CET 2026
#@# area and vertex vol lh Sat Mar 14 12:12:01 CET 2026
#@# Curvature Stats lh Sat Mar 14 12:12:02 CET 2026
#@# Cortical Parc 2 lh Sat Mar 14 12:12:03 CET 2026
#@# Cortical Parc 3 lh Sat Mar 14 12:12:12 CET 2026
#@# WM/GM Contrast lh Sat Mar 14 12:12:20 CET 2026
recon-all -s sub-v2s9x29154_ses-1 finished without error at Sat Mar 14 12:12:23 CET 2026



#New# invocation of recon-all 



status file for recon-all
Sat Mar 14 12:40:28 CET 2026
#@# white curv lh Sat Mar 14 12:40:28 CET 2026
#@# white area lh Sat Mar 14 12:40:28 CET 2026
#@# pial curv lh Sat Mar 14 12:40:28 CET 2026
#@# pial area lh Sat Mar 14 12:40:28 CET 2026
#@# thickness lh Sat Mar 14 12:40:28 CET 2026
#@# area and vertex vol lh Sat Mar 14 12:40:28 CET 2026
#@# Parcellation Stats lh Sat Mar 14 12:40:28 CET 2026
#@# Parcellation Stats 2 lh Sat Mar 14 12:40:43 CET 2026
#@# Parcellation Stats 3 lh Sat Mar 14 12:40:50 CET 2026
#@# BA_exvivo Labels lh Sat Mar 14 12:40:57 CET 2026
recon-all -s sub-v2s9x29154_ses-1 finished without error at Sat Mar 14 12:43:00 CET 2026
