status file for recon-all
Sat Mar 14 10:28:18 CET 2026
#@# MotionCor Sat Mar 14 10:28:19 CET 2026
#@# Talairach Sat Mar 14 10:28:25 CET 2026
#@# Talairach Failure Detection Sat Mar 14 10:31:18 CET 2026
#@# Nu Intensity Correction Sat Mar 14 10:31:18 CET 2026
#@# Intensity Normalization Sat Mar 14 10:34:04 CET 2026
recon-all -s sub-v2s9x29154_ses-1 finished without error at Sat Mar 14 10:34:57 CET 2026



#New# invocation of recon-all 



status file for recon-all
Sat Mar 14 10:41:04 CET 2026
#@# EM Registration Sat Mar 14 10:41:04 CET 2026
recon-all -s sub-v2s9x29154_ses-1 finished without error at Sat Mar 14 10:42:22 CET 2026



#New# invocation of recon-all 



status file for recon-all
Sat Mar 14 10:42:23 CET 2026
#@# CA Normalize Sat Mar 14 10:42:23 CET 2026
#@# CA Reg Sat Mar 14 10:43:15 CET 2026
#@# SubCort Seg Sat Mar 14 11:28:58 CET 2026
#@# CC Seg Sat Mar 14 11:47:43 CET 2026
#@# Merge ASeg Sat Mar 14 11:48:07 CET 2026
#@# Intensity Normalization2 Sat Mar 14 11:48:07 CET 2026
#@# Mask BFS Sat Mar 14 11:49:23 CET 2026
#@# WM Segmentation Sat Mar 14 11:49:24 CET 2026
#@# Fill Sat Mar 14 11:50:54 CET 2026
recon-all -s sub-v2s9x29154_ses-1 finished without error at Sat Mar 14 11:51:33 CET 2026



#New# invocation of recon-all 



status file for recon-all
Sat Mar 14 12:35:41 CET 2026
#@# white curv lh Sat Mar 14 12:35:41 CET 2026
#@# white area lh Sat Mar 14 12:35:41 CET 2026
#@# pial curv lh Sat Mar 14 12:35:41 CET 2026
#@# pial area lh Sat Mar 14 12:35:41 CET 2026
#@# thickness lh Sat Mar 14 12:35:42 CET 2026
#@# area and vertex vol lh Sat Mar 14 12:35:42 CET 2026
#@# white curv rh Sat Mar 14 12:35:42 CET 2026
#@# white area rh Sat Mar 14 12:35:42 CET 2026
#@# pial curv rh Sat Mar 14 12:35:42 CET 2026
#@# pial area rh Sat Mar 14 12:35:42 CET 2026
#@# thickness rh Sat Mar 14 12:35:42 CET 2026
#@# area and vertex vol rh Sat Mar 14 12:35:42 CET 2026
#@# Cortical ribbon mask Sat Mar 14 12:35:42 CET 2026
recon-all -s sub-v2s9x29154_ses-1 finished without error at Sat Mar 14 12:40:23 CET 2026



#New# invocation of recon-all 



status file for recon-all
Sat Mar 14 12:45:29 CET 2026
#@# white curv lh Sat Mar 14 12:45:30 CET 2026
#@# white area lh Sat Mar 14 12:45:30 CET 2026
#@# pial curv lh Sat Mar 14 12:45:30 CET 2026
#@# pial area lh Sat Mar 14 12:45:30 CET 2026
#@# thickness lh Sat Mar 14 12:45:30 CET 2026
#@# area and vertex vol lh Sat Mar 14 12:45:30 CET 2026
#@# white curv rh Sat Mar 14 12:45:30 CET 2026
#@# white area rh Sat Mar 14 12:45:30 CET 2026
#@# pial curv rh Sat Mar 14 12:45:30 CET 2026
#@# pial area rh Sat Mar 14 12:45:30 CET 2026
#@# thickness rh Sat Mar 14 12:45:30 CET 2026
#@# area and vertex vol rh Sat Mar 14 12:45:30 CET 2026
#@# Curvature Stats lh Sat Mar 14 12:45:30 CET 2026
#@# Curvature Stats rh Sat Mar 14 12:45:31 CET 2026
#@# Relabel Hypointensities Sat Mar 14 12:45:33 CET 2026
#@# APas-to-ASeg Sat Mar 14 12:45:44 CET 2026
#@# AParc-to-ASeg aparc Sat Mar 14 12:45:50 CET 2026
#@# AParc-to-ASeg aparc.a2009s Sat Mar 14 12:46:22 CET 2026
#@# AParc-to-ASeg aparc.DKTatlas Sat Mar 14 12:46:47 CET 2026
#@# WMParc Sat Mar 14 12:47:16 CET 2026
#@# ASeg Stats Sat Mar 14 12:49:23 CET 2026
recon-all -s sub-v2s9x29154_ses-1 finished without error at Sat Mar 14 12:49:46 CET 2026
