status file for recon-all
Sat Mar 14 10:28:36 CET 2026
#@# MotionCor Sat Mar 14 10:28:38 CET 2026
#@# Talairach Sat Mar 14 10:28:43 CET 2026
#@# Talairach Failure Detection Sat Mar 14 10:31:33 CET 2026
#@# Nu Intensity Correction Sat Mar 14 10:31:33 CET 2026
#@# Intensity Normalization Sat Mar 14 10:34:21 CET 2026
recon-all -s sub-v2s9x29153_ses-1 finished without error at Sat Mar 14 10:35:20 CET 2026



#New# invocation of recon-all 



status file for recon-all
Sat Mar 14 10:41:30 CET 2026
#@# EM Registration Sat Mar 14 10:41:30 CET 2026
recon-all -s sub-v2s9x29153_ses-1 finished without error at Sat Mar 14 10:48:07 CET 2026



#New# invocation of recon-all 



status file for recon-all
Sat Mar 14 10:48:11 CET 2026
#@# CA Normalize Sat Mar 14 10:48:11 CET 2026
#@# CA Reg Sat Mar 14 10:49:05 CET 2026
#@# SubCort Seg Sat Mar 14 11:34:54 CET 2026
#@# CC Seg Sat Mar 14 11:56:48 CET 2026
#@# Merge ASeg Sat Mar 14 11:57:07 CET 2026
#@# Intensity Normalization2 Sat Mar 14 11:57:07 CET 2026
#@# Mask BFS Sat Mar 14 11:58:34 CET 2026
#@# WM Segmentation Sat Mar 14 11:58:35 CET 2026
#@# Fill Sat Mar 14 12:00:11 CET 2026
recon-all -s sub-v2s9x29153_ses-1 finished without error at Sat Mar 14 12:00:47 CET 2026



#New# invocation of recon-all 



status file for recon-all
Sat Mar 14 13:20:20 CET 2026
#@# white curv lh Sat Mar 14 13:20:20 CET 2026
#@# white area lh Sat Mar 14 13:20:20 CET 2026
#@# pial curv lh Sat Mar 14 13:20:20 CET 2026
#@# pial area lh Sat Mar 14 13:20:20 CET 2026
#@# thickness lh Sat Mar 14 13:20:20 CET 2026
#@# area and vertex vol lh Sat Mar 14 13:20:20 CET 2026
#@# white curv rh Sat Mar 14 13:20:20 CET 2026
#@# white area rh Sat Mar 14 13:20:20 CET 2026
#@# pial curv rh Sat Mar 14 13:20:20 CET 2026
#@# pial area rh Sat Mar 14 13:20:20 CET 2026
#@# thickness rh Sat Mar 14 13:20:20 CET 2026
#@# area and vertex vol rh Sat Mar 14 13:20:21 CET 2026
#@# Cortical ribbon mask Sat Mar 14 13:20:21 CET 2026
recon-all -s sub-v2s9x29153_ses-1 finished without error at Sat Mar 14 13:23:59 CET 2026



#New# invocation of recon-all 



status file for recon-all
Sat Mar 14 13:29:43 CET 2026
#@# white curv lh Sat Mar 14 13:29:43 CET 2026
#@# white area lh Sat Mar 14 13:29:43 CET 2026
#@# pial curv lh Sat Mar 14 13:29:43 CET 2026
#@# pial area lh Sat Mar 14 13:29:43 CET 2026
#@# thickness lh Sat Mar 14 13:29:43 CET 2026
#@# area and vertex vol lh Sat Mar 14 13:29:43 CET 2026
#@# white curv rh Sat Mar 14 13:29:43 CET 2026
#@# white area rh Sat Mar 14 13:29:43 CET 2026
#@# pial curv rh Sat Mar 14 13:29:43 CET 2026
#@# pial area rh Sat Mar 14 13:29:43 CET 2026
#@# thickness rh Sat Mar 14 13:29:43 CET 2026
#@# area and vertex vol rh Sat Mar 14 13:29:43 CET 2026
#@# Curvature Stats lh Sat Mar 14 13:29:43 CET 2026
#@# Curvature Stats rh Sat Mar 14 13:29:45 CET 2026
#@# Relabel Hypointensities Sat Mar 14 13:29:47 CET 2026
#@# APas-to-ASeg Sat Mar 14 13:29:59 CET 2026
#@# AParc-to-ASeg aparc Sat Mar 14 13:30:07 CET 2026
#@# AParc-to-ASeg aparc.a2009s Sat Mar 14 13:30:43 CET 2026
#@# AParc-to-ASeg aparc.DKTatlas Sat Mar 14 13:31:20 CET 2026
#@# WMParc Sat Mar 14 13:31:55 CET 2026
#@# ASeg Stats Sat Mar 14 13:33:51 CET 2026
recon-all -s sub-v2s9x29153_ses-1 finished without error at Sat Mar 14 13:34:11 CET 2026
