status file for recon-all
Sat Mar 14 12:00:52 CET 2026
#@# Tessellate lh Sat Mar 14 12:00:52 CET 2026
#@# Smooth1 lh Sat Mar 14 12:00:55 CET 2026
#@# Inflation1 lh Sat Mar 14 12:00:57 CET 2026
#@# QSphere lh Sat Mar 14 12:01:12 CET 2026
#@# Fix Topology lh Sat Mar 14 12:03:34 CET 2026
#@# Smooth2 lh Sat Mar 14 12:09:57 CET 2026
#@# Inflation2 lh Sat Mar 14 12:09:59 CET 2026
#@# Curv .H and .K lh Sat Mar 14 12:10:13 CET 2026
#@# Sphere lh Sat Mar 14 12:10:53 CET 2026
#@# Surf Reg lh Sat Mar 14 12:15:52 CET 2026
#@# Jacobian white lh Sat Mar 14 12:19:42 CET 2026
#@# AvgCurv lh Sat Mar 14 12:19:43 CET 2026
#@# Cortical Parc lh Sat Mar 14 12:19:44 CET 2026
#@# white curv lh Sat Mar 14 12:25:45 CET 2026
#@# white area lh Sat Mar 14 12:25:46 CET 2026
#@# pial curv lh Sat Mar 14 12:25:47 CET 2026
#@# pial area lh Sat Mar 14 12:25:49 CET 2026
#@# thickness lh Sat Mar 14 12:25:49 CET 2026
#@# area and vertex vol lh Sat Mar 14 12:26:09 CET 2026
#@# Curvature Stats lh Sat Mar 14 12:26:11 CET 2026
#@# Cortical Parc 2 lh Sat Mar 14 12:26:13 CET 2026
#@# Cortical Parc 3 lh Sat Mar 14 12:26:24 CET 2026
#@# WM/GM Contrast lh Sat Mar 14 12:26:32 CET 2026
recon-all -s sub-v2s9x29153_ses-1 finished without error at Sat Mar 14 12:26:34 CET 2026



#New# invocation of recon-all 



status file for recon-all
Sat Mar 14 13:24:06 CET 2026
#@# white curv lh Sat Mar 14 13:24:06 CET 2026
#@# white area lh Sat Mar 14 13:24:06 CET 2026
#@# pial curv lh Sat Mar 14 13:24:06 CET 2026
#@# pial area lh Sat Mar 14 13:24:06 CET 2026
#@# thickness lh Sat Mar 14 13:24:06 CET 2026
#@# area and vertex vol lh Sat Mar 14 13:24:06 CET 2026
#@# Parcellation Stats lh Sat Mar 14 13:24:06 CET 2026
#@# Parcellation Stats 2 lh Sat Mar 14 13:24:22 CET 2026
#@# Parcellation Stats 3 lh Sat Mar 14 13:24:31 CET 2026
#@# BA_exvivo Labels lh Sat Mar 14 13:24:39 CET 2026
recon-all -s sub-v2s9x29153_ses-1 finished without error at Sat Mar 14 13:26:46 CET 2026
