status file for recon-all
Sat Mar 14 12:26:36 CET 2026
#@# Tessellate rh Sat Mar 14 12:26:36 CET 2026
#@# Smooth1 rh Sat Mar 14 12:26:39 CET 2026
#@# Inflation1 rh Sat Mar 14 12:26:41 CET 2026
#@# QSphere rh Sat Mar 14 12:26:56 CET 2026
#@# Fix Topology rh Sat Mar 14 12:28:09 CET 2026
#@# Smooth2 rh Sat Mar 14 12:52:42 CET 2026
#@# Inflation2 rh Sat Mar 14 12:52:45 CET 2026
#@# Curv .H and .K rh Sat Mar 14 12:53:00 CET 2026
#@# Sphere rh Sat Mar 14 12:53:41 CET 2026
#@# Surf Reg rh Sat Mar 14 13:00:48 CET 2026
#@# Jacobian white rh Sat Mar 14 13:07:25 CET 2026
#@# AvgCurv rh Sat Mar 14 13:07:26 CET 2026
#@# Cortical Parc rh Sat Mar 14 13:07:27 CET 2026
#@# white curv rh Sat Mar 14 13:19:26 CET 2026
#@# white area rh Sat Mar 14 13:19:28 CET 2026
#@# pial curv rh Sat Mar 14 13:19:28 CET 2026
#@# pial area rh Sat Mar 14 13:19:30 CET 2026
#@# thickness rh Sat Mar 14 13:19:31 CET 2026
#@# area and vertex vol rh Sat Mar 14 13:19:52 CET 2026
#@# Curvature Stats rh Sat Mar 14 13:19:53 CET 2026
#@# Cortical Parc 2 rh Sat Mar 14 13:19:55 CET 2026
#@# Cortical Parc 3 rh Sat Mar 14 13:20:06 CET 2026
#@# WM/GM Contrast rh Sat Mar 14 13:20:14 CET 2026
recon-all -s sub-v2s9x29153_ses-1 finished without error at Sat Mar 14 13:20:17 CET 2026



#New# invocation of recon-all 



status file for recon-all
Sat Mar 14 13:26:48 CET 2026
#@# white curv rh Sat Mar 14 13:26:48 CET 2026
#@# white area rh Sat Mar 14 13:26:48 CET 2026
#@# pial curv rh Sat Mar 14 13:26:48 CET 2026
#@# pial area rh Sat Mar 14 13:26:48 CET 2026
#@# thickness rh Sat Mar 14 13:26:48 CET 2026
#@# area and vertex vol rh Sat Mar 14 13:26:48 CET 2026
#@# Parcellation Stats rh Sat Mar 14 13:26:48 CET 2026
#@# Parcellation Stats 2 rh Sat Mar 14 13:27:06 CET 2026
#@# Parcellation Stats 3 rh Sat Mar 14 13:27:15 CET 2026
#@# BA_exvivo Labels rh Sat Mar 14 13:27:24 CET 2026
recon-all -s sub-v2s9x29153_ses-1 finished without error at Sat Mar 14 13:29:38 CET 2026
