/out/sourcedata/freesurfer/sub-v2s9x29156_ses-1/mri
/opt/freesurfer/bin/talairach_avi
--i orig_nu.mgz --xfm transforms/talairach.auto.xfm
talairach_avi 7.3.2
Linux dna069 5.14.0-427.37.1.el9_4.x86_64 #1 SMP PREEMPT_DYNAMIC Fri Sep 13 12:41:50 EDT 2024 x86_64 x86_64 x86_64 GNU/Linux
Sat Mar 14 10:31:01 CET 2026
mri_convert orig_nu.mgz talsrcimg.img 
reading from orig_nu.mgz...
TR=0.00, TE=0.00, TI=0.00, flip angle=0.00
i_ras = (-1, 0, 0)
j_ras = (0, 0, -1)
k_ras = (0, 1, 0)
writing to talsrcimg.img...
Analyze Output Matrix
-1.00000   0.00000   0.00000   129.66513;
 0.00000   0.00000   1.00000  -128.00000;
 0.00000  -1.00000   0.00000   130.00000;
 0.00000   0.00000   0.00000   1.00000;
--------------------
INFO: set hdr.hist.orient to -1
mpr2mni305 talsrcimg
Sat Mar 14 10:31:02 CET 2026
/opt/freesurfer/bin/mpr2mni305 talsrcimg
mpr2mni305 7.3.2
target=711-2C_as_mni_average_305

---------------------------------------------------------------------
analyzeto4dfp talsrcimg -O0 -y
---------------------------------------------------------------------

freesurfer ifh2hdr.c
Sat Mar 14 10:31:02 2026
Writing: talsrcimg.4dfp.hdr
freesurfer analyzeto4dfp.c
Reading: talsrcimg.hdr
header size 348 bytes
hdr.dime.datatype	offset=70	value=2
hdr.dime.bitpix		offset=72	value=8
hdr.hist.orient		offset=252	value=-1
dimensionality     4
dimensions       256       256       256         1
Reading: talsrcimg.img
Writing: talsrcimg.4dfp.img
Writing: talsrcimg.4dfp.ifh
ifh2hdr talsrcimg -r0to212
ori=2

---------------------------------------------------------------------
gauss_4dfp talsrcimg 1.1
---------------------------------------------------------------------

freesurfer gauss_4dfp.c
Reading: talsrcimg.4dfp.img
Writing: talsrcimg_g11.4dfp.img
image dimensions 256 256 256 padded to 288 288 288
processing volume 1freesurfer ifh2hdr.c
Sat Mar 14 10:31:03 2026
Writing: talsrcimg_g11.4dfp.hdr

Writing: talsrcimg_g11.4dfp.ifh
including: talsrcimg.4dfp.img.rec in talsrcimg_g11.4dfp.img.rec

---------------------------------------------------------------------
imgreg_4dfp /opt/freesurfer/average/711-2C_as_mni_average_305 none talsrcimg_g11 none talsrcimg_to_711-2C_as_mni_average_305_t4 4355
---------------------------------------------------------------------

freesurfer imgreg_4dfp.c
/opt/freesurfer/average/711-2C_as_mni_average_305.4dfp.img
       256       256       256         1
  1.000000  1.000000  1.000000
orientation T byte_order littleendian
Reading image: /opt/freesurfer/average/711-2C_as_mni_average_305.4dfp.img
dimensions:      256       256       256
mmppix:       1.0000   -1.0000   -1.0000
center:     128.0000 -129.0000 -129.0000
talsrcimg_g11.4dfp.img
       256       256       256         1
  1.000000  1.000000  1.000000
orientation T byte_order littleendian
Reading image: talsrcimg_g11.4dfp.img
dimensions:      256       256       256
mmppix:       1.0000   -1.0000   -1.0000
center:     128.0000 -129.0000 -129.0000
t4_read: open error in t4_sub.f l:  41 t4_file(1:l)talsrcimg_to_711-2C_as_mni_average_305_t4 
t4_read: transform initialized to I4
rotation matrix determinant  1.000000
image alignment mode   4355 decimal     1103 hex
   -7.5000  -45.0000  -45.0000 9083.9639   15.9603
    0.0000  -45.0000  -45.0000 9420.1475   15.9558
    7.5000  -45.0000  -45.0000 8973.4111   15.9627
   -7.5000  -37.5000  -45.0000 9507.2285   15.9465
    0.0000  -37.5000  -45.0000 9852.8838   15.9485
    7.5000  -37.5000  -45.0000 9379.5146   15.9526
   -7.5000  -30.0000  -45.000010227.3262   15.9257
    0.0000  -30.0000  -45.000010615.1455   15.9325
    7.5000  -30.0000  -45.000010109.2266   15.9388
   -7.5000  -22.5000  -45.000010973.7979   15.8942
    0.0000  -22.5000  -45.000011374.9854   15.8970
    7.5000  -22.5000  -45.000010828.3916   15.9069
   -7.5000  -15.0000  -45.000011721.2109   15.8753
    0.0000  -15.0000  -45.000012148.3135   15.8716
    7.5000  -15.0000  -45.000011520.7529   15.8834
   -7.5000   -7.5000  -45.000012329.4492   15.8900
    0.0000   -7.5000  -45.000012759.7725   15.8838
    7.5000   -7.5000  -45.000012100.4277   15.8944
   -7.5000    0.0000  -45.000012731.5430   15.9298
    0.0000    0.0000  -45.000013198.1523   15.9251
    7.5000    0.0000  -45.000012512.1396   15.9319
   -7.5000    7.5000  -45.000012104.5283   15.9465
    0.0000    7.5000  -45.000012549.0781   15.9485
    7.5000    7.5000  -45.000011893.2412   15.9526
   -7.5000   15.0000  -45.000011369.4473   15.9257
    0.0000   15.0000  -45.000011784.0098   15.9325
    7.5000   15.0000  -45.000011184.6016   15.9388
   -7.5000   22.5000  -45.000010589.8906   15.8920
    0.0000   22.5000  -45.000010947.0674   15.8948
    7.5000   22.5000  -45.000010382.1250   15.9047
   -7.5000   30.0000  -45.0000 9749.6621   15.6638
    0.0000   30.0000  -45.000010045.2871   15.6601
    7.5000   30.0000  -45.0000 9516.3574   15.6718
   -7.5000   37.5000  -45.0000 9202.4365   15.6783
    0.0000   37.5000  -45.0000 9475.4844   15.6721
    7.5000   37.5000  -45.0000 8966.9443   15.6826
   -7.5000   45.0000  -45.0000 8228.7617   15.4361
    0.0000   45.0000  -45.0000 8485.1973   15.4326
    7.5000   45.0000  -45.0000 8001.4810   15.4400
   -7.5000  -45.0000  -37.5000 9679.7871   15.9214
    0.0000  -45.0000  -37.500010047.6992   15.9121
    7.5000  -45.0000  -37.5000 9579.6123   15.9249
   -7.5000  -37.5000  -37.500010127.3467   15.9017
    0.0000  -37.5000  -37.500010506.8682   15.8975
    7.5000  -37.5000  -37.5000 9998.4365   15.9091
   -7.5000  -30.0000  -37.500010908.5400   15.8847
    0.0000  -30.0000  -37.500011297.6367   15.8845
    7.5000  -30.0000  -37.500010747.5264   15.8969
   -7.5000  -22.5000  -37.500011697.0215   15.8635
    0.0000  -22.5000  -37.500012080.0801   15.8590
    7.5000  -22.5000  -37.500011492.2031   15.8718
   -7.5000  -15.0000  -37.500012428.5947   15.8507
    0.0000  -15.0000  -37.500012855.1494   15.8402
    7.5000  -15.0000  -37.500012210.5400   15.8531
   -7.5000   -7.5000  -37.500013011.1318   15.8611
    0.0000   -7.5000  -37.500013455.0898   15.8498
    7.5000   -7.5000  -37.500012813.0215   15.8633
   -7.5000    0.0000  -37.500013415.2568   15.8910
    0.0000    0.0000  -37.500013888.7100   15.8816
    7.5000    0.0000  -37.500013219.0205   15.8943
   -7.5000    7.5000  -37.500012751.9521   15.9017
    0.0000    7.5000  -37.500013175.8301   15.8975
    7.5000    7.5000  -37.500012541.5049   15.9091
   -7.5000   15.0000  -37.500011942.7891   15.8847
    0.0000   15.0000  -37.500012336.5703   15.8845
    7.5000   15.0000  -37.500011766.1729   15.8969
   -7.5000   22.5000  -37.500011081.1992   15.8613
    0.0000   22.5000  -37.500011438.3994   15.8568
    7.5000   22.5000  -37.500010892.5664   15.8696
   -7.5000   30.0000  -37.500010186.0586   15.6395
    0.0000   30.0000  -37.500010496.6924   15.6291
    7.5000   30.0000  -37.5000 9977.9619   15.6418
   -7.5000   37.5000  -37.5000 9599.4629   15.6497
    0.0000   37.5000  -37.5000 9907.0000   15.6385
    7.5000   37.5000  -37.5000 9391.4346   15.6519
   -7.5000   45.0000  -37.5000 8577.9385   15.3988
    0.0000   45.0000  -37.5000 8852.3438   15.3907
    7.5000   45.0000  -37.5000 8382.7500   15.4041
   -7.5000  -45.0000  -30.000010448.5166   16.5725
    0.0000  -45.0000  -30.000010830.8545   16.5665
    7.5000  -45.0000  -30.000010331.3105   16.5828
   -7.5000  -37.5000  -30.000010918.9277   16.5445
    0.0000  -37.5000  -30.000011335.8291   16.5399
    7.5000  -37.5000  -30.000010785.1934   16.5569
   -7.5000  -30.0000  -30.000011758.2891   16.5274
    0.0000  -30.0000  -30.000012187.5596   16.5245
    7.5000  -30.0000  -30.000011594.6406   16.5416
   -7.5000  -22.5000  -30.000012564.2598   16.5146
    0.0000  -22.5000  -30.000012985.2510   16.5084
    7.5000  -22.5000  -30.000012374.4805   16.5231
   -7.5000  -15.0000  -30.000013311.3145   16.5093
    0.0000  -15.0000  -30.000013745.2207   16.5000
    7.5000  -15.0000  -30.000013123.7881   16.5126
   -7.5000   -7.5000  -30.000013920.3896   16.5186
    0.0000   -7.5000  -30.000014375.3291   16.5110
    7.5000   -7.5000  -30.000013744.3545   16.5252
   -7.5000    0.0000  -30.000014345.4688   16.5410
    0.0000    0.0000  -30.000014803.8984   16.5349
    7.5000    0.0000  -30.000014162.2949   16.5511
   -7.5000    7.5000  -30.000013588.4932   16.5445
    0.0000    7.5000  -30.000014029.0322   16.5399
    7.5000    7.5000  -30.000013405.3809   16.5569
   -7.5000   15.0000  -30.000012706.3457   16.5274
    0.0000   15.0000  -30.000013108.3965   16.5245
    7.5000   15.0000  -30.000012553.3535   16.5416
   -7.5000   22.5000  -30.000011756.0029   16.5107
    0.0000   22.5000  -30.000012125.6113   16.5044
    7.5000   22.5000  -30.000011595.2773   16.5191
   -7.5000   30.0000  -30.000010784.0117   16.2909
    0.0000   30.0000  -30.000011099.9834   16.2817
    7.5000   30.0000  -30.000010590.8887   16.2941
   -7.5000   37.5000  -30.000010139.9668   16.3000
    0.0000   37.5000  -30.000010462.2920   16.2925
    7.5000   37.5000  -30.0000 9941.3750   16.3065
   -7.5000   45.0000  -30.0000 9040.7793   16.0405
    0.0000   45.0000  -30.0000 9322.6562   16.0355
    7.5000   45.0000  -30.0000 8865.4727   16.0522
   -7.5000  -45.0000  -22.500011208.5137   17.1281
    0.0000  -45.0000  -22.500011642.5029   17.1311
    7.5000  -45.0000  -22.500011080.9199   17.1436
   -7.5000  -37.5000  -22.500011698.0430   17.0985
    0.0000  -37.5000  -22.500012166.1592   17.1007
    7.5000  -37.5000  -22.500011556.7344   17.1137
   -7.5000  -30.0000  -22.500012601.0615   17.0770
    0.0000  -30.0000  -22.500013087.5977   17.0798
    7.5000  -30.0000  -22.500012433.0098   17.0940
   -7.5000  -22.5000  -22.500013441.9482   17.0613
    0.0000  -22.5000  -22.500013944.6104   17.0625
    7.5000  -22.5000  -22.500013241.5566   17.0751
   -7.5000  -15.0000  -22.500014213.7061   17.0571
    0.0000  -15.0000  -22.500014720.9453   17.0574
    7.5000  -15.0000  -22.500013995.4619   17.0679
   -7.5000   -7.5000  -22.500014825.6953   17.0699
    0.0000   -7.5000  -22.500015339.2012   17.0725
    7.5000   -7.5000  -22.500014617.6562   17.0838
   -7.5000    0.0000  -22.500015224.3555   17.0956
    0.0000    0.0000  -22.500015729.2549   17.0986
    7.5000    0.0000  -22.500015034.3252   17.1108
   -7.5000    7.5000  -22.500014399.8398   17.0985
    0.0000    7.5000  -22.500014869.1904   17.1007
    7.5000    7.5000  -22.500014238.7979   17.1137
   -7.5000   15.0000  -22.500013454.5488   17.0770
    0.0000   15.0000  -22.500013883.0586   17.0798
    7.5000   15.0000  -22.500013312.9775   17.0940
   -7.5000   22.5000  -22.500012435.7490   17.0560
    0.0000   22.5000  -22.500012810.4492   17.0572
    7.5000   22.5000  -22.500012263.5049   17.0699
   -7.5000   30.0000  -22.500011394.3945   16.8340
    0.0000   30.0000  -22.500011729.7998   16.8343
    7.5000   30.0000  -22.500011197.9912   16.8447
   -7.5000   37.5000  -22.500010687.5352   16.8467
    0.0000   37.5000  -22.500011001.5684   16.8492
    7.5000   37.5000  -22.500010481.3701   16.8603
   -7.5000   45.0000  -22.5000 9488.1797   16.5902
    0.0000   45.0000  -22.5000 9788.8232   16.5938
    7.5000   45.0000  -22.5000 9325.9805   16.6063
   -7.5000  -45.0000  -15.000011958.0137   17.5291
    0.0000  -45.0000  -15.000012457.6113   17.5366
    7.5000  -45.0000  -15.000011807.7451   17.5430
   -7.5000  -37.5000  -15.000012501.2412   17.5057
    0.0000  -37.5000  -15.000013018.7432   17.5137
    7.5000  -37.5000  -15.000012332.7500   17.5185
   -7.5000  -30.0000  -15.000013466.0908   17.4803
    0.0000  -30.0000  -15.000014025.9619   17.4897
    7.5000  -30.0000  -15.000013236.8154   17.4966
   -7.5000  -22.5000  -15.000014339.9248   17.4533
    0.0000  -22.5000  -15.000014953.2646   17.4613
    7.5000  -22.5000  -15.000014070.6738   17.4700
   -7.5000  -15.0000  -15.000015126.3691   17.4422
    0.0000  -15.0000  -15.000015739.6055   17.4488
    7.5000  -15.0000  -15.000014828.2383   17.4576
   -7.5000   -7.5000  -15.000015747.4785   17.4593
    0.0000   -7.5000  -15.000016338.0781   17.4666
    7.5000   -7.5000  -15.000015449.8662   17.4750
   -7.5000    0.0000  -15.000016134.9248   17.4959
    0.0000    0.0000  -15.000016714.2559   17.5033
    7.5000    0.0000  -15.000015859.2988   17.5095
   -7.5000    7.5000  -15.000015251.9980   17.5057
    0.0000    7.5000  -15.000015780.7529   17.5137
    7.5000    7.5000  -15.000015023.6162   17.5185
   -7.5000   15.0000  -15.000014245.7412   17.4803
    0.0000   15.0000  -15.000014728.8486   17.4897
    7.5000   15.0000  -15.000014040.0039   17.4966
   -7.5000   22.5000  -15.000013137.7705   17.4471
    0.0000   22.5000  -15.000013563.7793   17.4551
    7.5000   22.5000  -15.000012934.1328   17.4638
   -7.5000   30.0000  -15.000012016.2881   17.2165
    0.0000   30.0000  -15.000012396.3564   17.2229
    7.5000   30.0000  -15.000011798.5420   17.2317
   -7.5000   37.5000  -15.000011226.2148   17.2333
    0.0000   37.5000  -15.000011586.7041   17.2405
    7.5000   37.5000  -15.000011037.6543   17.2488
   -7.5000   45.0000  -15.0000 9965.2891   16.9879
    0.0000   45.0000  -15.000010284.2148   16.9959
    7.5000   45.0000  -15.0000 9789.3643   17.0023
   -7.5000  -45.0000   -7.500012774.6162   17.7385
    0.0000  -45.0000   -7.500013317.9883   17.7418
    7.5000  -45.0000   -7.500012569.6230   17.7461
   -7.5000  -37.5000   -7.500013365.4043   17.7220
    0.0000  -37.5000   -7.500013934.0586   17.7297
    7.5000  -37.5000   -7.500013102.9590   17.7310
   -7.5000  -30.0000   -7.500014447.8105   17.6962
    0.0000  -30.0000   -7.500015065.4053   17.7073
    7.5000  -30.0000   -7.500014055.6045   17.7113
   -7.5000  -22.5000   -7.500015388.2715   17.6603
    0.0000  -22.5000   -7.500016077.5527   17.6683
    7.5000  -22.5000   -7.500014903.5391   17.6770
   -7.5000  -15.0000   -7.500016177.4619   17.6413
    0.0000  -15.0000   -7.500016825.7598   17.6448
    7.5000  -15.0000   -7.500015690.1055   17.6555
   -7.5000   -7.5000   -7.500016748.5176   17.6599
    0.0000   -7.5000   -7.500017372.0840   17.6619
    7.5000   -7.5000   -7.500016292.2344   17.6710
   -7.5000    0.0000   -7.500017140.9785   17.7048
    0.0000    0.0000   -7.500017773.0020   17.7079
    7.5000    0.0000   -7.500016741.9844   17.7122
   -7.5000    7.5000   -7.500016180.6104   17.7220
    0.0000    7.5000   -7.500016782.9844   17.7297
    7.5000    7.5000   -7.500015875.7207   17.7310
   -7.5000   15.0000   -7.500015137.8086   17.6962
    0.0000   15.0000   -7.500015679.0283   17.7073
    7.5000   15.0000   -7.500014857.5029   17.7113
   -7.5000   22.5000   -7.500013964.4316   17.6521
    0.0000   22.5000   -7.500014454.0732   17.6602
    7.5000   22.5000   -7.500013704.2344   17.6688
   -7.5000   30.0000   -7.500012753.7803   17.4126
    0.0000   30.0000   -7.500013161.7432   17.4160
    7.5000   30.0000   -7.500012476.0410   17.4266
   -7.5000   37.5000   -7.500011889.5000   17.4309
    0.0000   37.5000   -7.500012261.7793   17.4328
    7.5000   37.5000   -7.500011628.8857   17.4418
   -7.5000   45.0000   -7.500010539.0273   17.1939
    0.0000   45.0000   -7.500010873.0830   17.1979
    7.5000   45.0000   -7.500010286.2217   17.2026
   -7.5000  -45.0000    0.000013529.4277   17.7876
    0.0000  -45.0000    0.000014066.3857   17.7820
    7.5000  -45.0000    0.000013187.2090   17.7899
   -7.5000  -37.5000    0.000014188.9092   17.7719
    0.0000  -37.5000    0.000014746.5498   17.7736
    7.5000  -37.5000    0.000013754.7393   17.7784
   -7.5000  -30.0000    0.000015461.7959   17.7487
    0.0000  -30.0000    0.000016063.4492   17.7557
    7.5000  -30.0000    0.000014804.2363   17.7632
   -7.5000  -22.5000    0.000016557.7832   17.7139
    0.0000  -22.5000    0.000017241.7324   17.7165
    7.5000  -22.5000    0.000015727.4424   17.7281
   -7.5000  -15.0000    0.000017264.3516   17.6933
    0.0000  -15.0000    0.000017926.5938   17.6886
    7.5000  -15.0000    0.000016517.2012   17.7022
   -7.5000   -7.5000    0.000017763.3359   17.7097
    0.0000   -7.5000    0.000018404.1387   17.7023
    7.5000   -7.5000    0.000017109.1836   17.7143
   -7.5000    0.0000    0.000018156.8496   17.7536
    0.0000    0.0000    0.000018816.1133   17.7480
    7.5000    0.0000    0.000017569.6465   17.7557
   -7.5000    7.5000    0.000017160.5781   17.7719
    0.0000    7.5000    0.000017792.9180   17.7736
    7.5000    7.5000    0.000016652.1641   17.7784
   -7.5000   15.0000    0.000016081.0107   17.7487
    0.0000   15.0000    0.000016624.8965   17.7557
    7.5000   15.0000    0.000015602.1230   17.7632
   -7.5000   22.5000    0.000014832.0068   17.7057
    0.0000   22.5000    0.000015316.5342   17.7083
    7.5000   22.5000    0.000014421.8701   17.7199
   -7.5000   30.0000    0.000013464.8193   17.4643
    0.0000   30.0000    0.000013892.6777   17.4597
    7.5000   30.0000    0.000013083.2383   17.4731
   -7.5000   37.5000    0.000012522.5645   17.4805
    0.0000   37.5000    0.000012924.0254   17.4732
    7.5000   37.5000    0.000012178.1318   17.4851
   -7.5000   45.0000    0.000011059.3184   17.2434
    0.0000   45.0000    0.000011424.8760   17.2390
    7.5000   45.0000    0.000010749.9639   17.2474
   -7.5000  -45.0000    7.500013152.9795   17.8002
    0.0000  -45.0000    7.500013674.5645   17.7896
    7.5000  -45.0000    7.500012756.5371   17.8041
   -7.5000  -37.5000    7.500013839.4434   17.7780
    0.0000  -37.5000    7.500014389.9473   17.7730
    7.5000  -37.5000    7.500013341.0176   17.7863
   -7.5000  -30.0000    7.500015112.2324   17.7589
    0.0000  -30.0000    7.500015734.6621   17.7584
    7.5000  -30.0000    7.500014369.2012   17.7725
   -7.5000  -22.5000    7.500016190.3701   17.7353
    0.0000  -22.5000    7.500016862.9023   17.7300
    7.5000  -22.5000    7.500015264.7754   17.7446
   -7.5000  -15.0000    7.500016922.3262   17.7212
    0.0000  -15.0000    7.500017552.2910   17.7093
    7.5000  -15.0000    7.500016037.1992   17.7238
   -7.5000   -7.5000    7.500017403.0664   17.7329
    0.0000   -7.5000    7.500017995.6523   17.7200
    7.5000   -7.5000    7.500016583.3398   17.7353
   -7.5000    0.0000    7.500017744.5645   17.7663
    0.0000    0.0000    7.500018353.3398   17.7555
    7.5000    0.0000    7.500016982.0000   17.7699
   -7.5000    7.5000    7.500016747.0234   17.7780
    0.0000    7.5000    7.500017317.3809   17.7730
    7.5000    7.5000    7.500016094.3613   17.7863
   -7.5000   15.0000    7.500015613.1934   17.7589
    0.0000   15.0000    7.500016162.4580   17.7584
    7.5000   15.0000    7.500015078.2998   17.7725
   -7.5000   22.5000    7.500014380.0996   17.7271
    0.0000   22.5000    7.500014888.6152   17.7219
    7.5000   22.5000    7.500013911.4268   17.7364
   -7.5000   30.0000    7.500013018.6201   17.4919
    0.0000   30.0000    7.500013495.1963   17.4801
    7.5000   30.0000    7.500012626.4482   17.4945
   -7.5000   37.5000    7.500012083.7158   17.5034
    0.0000   37.5000    7.500012525.6621   17.4907
    7.5000   37.5000    7.500011742.0693   17.5058
   -7.5000   45.0000    7.500010691.4424   17.2564
    0.0000   45.0000    7.500011074.4170   17.2471
    7.5000   45.0000    7.500010386.2168   17.2623
   -7.5000  -45.0000   15.000012607.1709   17.8211
    0.0000  -45.0000   15.000013047.1602   17.8150
    7.5000  -45.0000   15.000012188.5371   17.8331
   -7.5000  -37.5000   15.000013256.8486   17.7910
    0.0000  -37.5000   15.000013727.5254   17.7864
    7.5000  -37.5000   15.000012758.1172   17.8051
   -7.5000  -30.0000   15.000014353.8770   17.7726
    0.0000  -30.0000   15.000014942.6846   17.7698
    7.5000  -30.0000   15.000013733.4473   17.7886
   -7.5000  -22.5000   15.000015359.1152   17.7589
    0.0000  -22.5000   15.000015993.7607   17.7525
    7.5000  -22.5000   15.000014633.1982   17.7687
   -7.5000  -15.0000   15.000016238.3252   17.7531
    0.0000  -15.0000   15.000016829.7227   17.7435
    7.5000  -15.0000   15.000015432.5049   17.7575
   -7.5000   -7.5000   15.000016848.1582   17.7631
    0.0000   -7.5000   15.000017351.6484   17.7553
    7.5000   -7.5000   15.000015940.2705   17.7710
   -7.5000    0.0000   15.000017110.9102   17.7873
    0.0000    0.0000   15.000017634.1367   17.7810
    7.5000    0.0000   15.000016270.5166   17.7989
   -7.5000    7.5000   15.000016054.9287   17.7910
    0.0000    7.5000   15.000016569.9980   17.7864
    7.5000    7.5000   15.000015399.4316   17.8051
   -7.5000   15.0000   15.000014927.0928   17.7726
    0.0000   15.0000   15.000015446.0684   17.7698
    7.5000   15.0000   15.000014426.3535   17.7886
   -7.5000   22.5000   15.000013737.1523   17.7507
    0.0000   22.5000   15.000014228.6230   17.7443
    7.5000   22.5000   15.000013323.7217   17.7606
   -7.5000   30.0000   15.000012435.3604   17.5234
    0.0000   30.0000   15.000012893.9639   17.5138
    7.5000   30.0000   15.000012082.3340   17.5277
   -7.5000   37.5000   15.000011539.5273   17.5332
    0.0000   37.5000   15.000011948.1543   17.5255
    7.5000   37.5000   15.000011224.8291   17.5410
   -7.5000   45.0000   15.000010210.2715   17.2767
    0.0000   45.0000   15.000010566.5020   17.2715
    7.5000   45.0000   15.0000 9907.4609   17.2900
   -7.5000  -45.0000   22.500011838.4863   17.8644
    0.0000  -45.0000   22.500012265.5264   17.8678
    7.5000  -45.0000   22.500011553.1416   17.8812
   -7.5000  -37.5000   22.500012381.9150   17.8334
    0.0000  -37.5000   22.500012861.0898   17.8358
    7.5000  -37.5000   22.500012075.8750   17.8499
   -7.5000  -30.0000   22.500013366.4014   17.8107
    0.0000  -30.0000   22.500013903.4248   17.8139
    7.5000  -30.0000   22.500013040.5586   17.8293
   -7.5000  -22.5000   22.500014277.3682   17.7943
    0.0000  -22.5000   22.500014860.5088   17.7958
    7.5000  -22.5000   22.500013944.4551   17.8097
   -7.5000  -15.0000   22.500015136.9346   17.7901
    0.0000  -15.0000   22.500015702.3984   17.7906
    7.5000  -15.0000   22.500014752.1201   17.8021
   -7.5000   -7.5000   22.500015759.5889   17.8036
    0.0000   -7.5000   22.500016303.9688   17.8065
    7.5000   -7.5000   22.500015255.2041   17.8187
   -7.5000    0.0000   22.500016104.1426   17.8305
    0.0000    0.0000   22.500016629.5645   17.8337
    7.5000    0.0000   22.500015533.2900   17.8470
   -7.5000    7.5000   22.500015137.0771   17.8334
    0.0000    7.5000   22.500015639.6602   17.8358
    7.5000    7.5000   22.500014627.8877   17.8499
   -7.5000   15.0000   22.500014090.1055   17.8107
    0.0000   15.0000   22.500014546.9473   17.8139
    7.5000   15.0000   22.500013645.5137   17.8293
   -7.5000   22.5000   22.500012960.9629   17.7861
    0.0000   22.5000   22.500013372.4316   17.7876
    7.5000   22.5000   22.500012584.6836   17.8015
   -7.5000   30.0000   22.500011698.8008   17.5598
    0.0000   30.0000   22.500012075.5889   17.5603
    7.5000   30.0000   22.500011389.4561   17.5717
   -7.5000   37.5000   22.500010814.5039   17.5732
    0.0000   37.5000   22.500011162.9531   17.5760
    7.5000   37.5000   22.500010555.1230   17.5881
   -7.5000   45.0000   22.5000 9567.0898   17.3170
    0.0000   45.0000   22.5000 9876.5664   17.3210
    7.5000   45.0000   22.5000 9337.2842   17.3345
   -7.5000  -45.0000   30.000010935.3896   17.9379
    0.0000  -45.0000   30.000011297.6777   17.9461
    7.5000  -45.0000   30.000010778.5146   17.9533
   -7.5000  -37.5000   30.000011430.3701   17.9135
    0.0000  -37.5000   30.000011830.0020   17.9223
    7.5000  -37.5000   30.000011269.6260   17.9280
   -7.5000  -30.0000   30.000012343.3701   17.8874
    0.0000  -30.0000   30.000012764.9189   17.8976
    7.5000  -30.0000   30.000012128.0508   17.9054
   -7.5000  -22.5000   30.000013198.9971   17.8600
    0.0000  -22.5000   30.000013622.6279   17.8687
    7.5000  -22.5000   30.000012943.9131   17.8783
   -7.5000  -15.0000   30.000013984.5391   17.8490
    0.0000  -15.0000   30.000014407.1191   17.8561
    7.5000  -15.0000   30.000013692.3271   17.8658
   -7.5000   -7.5000   30.000014544.7285   17.8667
    0.0000   -7.5000   30.000014975.2578   17.8746
    7.5000   -7.5000   30.000014177.7334   17.8837
   -7.5000    0.0000   30.000014897.8242   17.9039
    0.0000    0.0000   30.000015328.4678   17.9120
    7.5000    0.0000   30.000014469.1875   17.9190
   -7.5000    7.5000   30.000014029.2793   17.9135
    0.0000    7.5000   30.000014462.2373   17.9223
    7.5000    7.5000   30.000013652.7090   17.9280
   -7.5000   15.0000   30.000013075.3467   17.8874
    0.0000   15.0000   30.000013479.9795   17.8976
    7.5000   15.0000   30.000012724.2725   17.9054
   -7.5000   22.5000   30.000012011.7441   17.8518
    0.0000   22.5000   30.000012390.2969   17.8605
    7.5000   22.5000   30.000011715.7471   17.8701
   -7.5000   30.0000   30.000010825.1914   17.6180
    0.0000   30.0000   30.000011151.7607   17.6251
    7.5000   30.0000   30.000010577.8418   17.6346
   -7.5000   37.5000   30.0000 9987.3359   17.6354
    0.0000   37.5000   30.000010285.7148   17.6432
    7.5000   37.5000   30.0000 9782.2402   17.6523
   -7.5000   45.0000   30.0000 8836.7598   17.3857
    0.0000   45.0000   30.0000 9114.4502   17.3943
    7.5000   45.0000   30.0000 8667.7949   17.4015
   -7.5000  -45.0000   37.500010488.2334   18.1974
    0.0000  -45.0000   37.500010824.5811   18.2014
    7.5000  -45.0000   37.500010352.2764   18.2072
   -7.5000  -37.5000   37.500010971.6475   18.1802
    0.0000  -37.5000   37.500011322.8193   18.1889
    7.5000  -37.5000   37.500010818.1660   18.1913
   -7.5000  -30.0000   37.500011830.0098   18.1536
    0.0000  -30.0000   37.500012195.6211   18.1656
    7.5000  -30.0000   37.500011635.9316   18.1707
   -7.5000  -22.5000   37.500012653.0586   18.1170
    0.0000  -22.5000   37.500013006.3984   18.1257
    7.5000  -22.5000   37.500012410.1719   18.1354
   -7.5000  -15.0000   37.500013392.5518   18.0977
    0.0000  -15.0000   37.500013744.9893   18.1016
    7.5000  -15.0000   37.500013128.2393   18.1136
   -7.5000   -7.5000   37.500013899.0703   18.1169
    0.0000   -7.5000   37.500014271.5088   18.1193
    7.5000   -7.5000   37.500013591.7441   18.1299
   -7.5000    0.0000   37.500014254.7490   18.1628
    0.0000    0.0000   37.500014633.5420   18.1667
    7.5000    0.0000   37.500013901.4512   18.1724
   -7.5000    7.5000   37.500013444.0674   18.1802
    0.0000    7.5000   37.500013839.8818   18.1889
    7.5000    7.5000   37.500013129.1230   18.1913
   -7.5000   15.0000   37.500012533.0771   18.1536
    0.0000   15.0000   37.500012911.8281   18.1656
    7.5000   15.0000   37.500012227.0469   18.1707
   -7.5000   22.5000   37.500011517.2168   18.1086
    0.0000   22.5000   37.500011869.6387   18.1173
    7.5000   22.5000   37.500011248.5869   18.1270
   -7.5000   30.0000   37.500010382.9160   17.8635
    0.0000   30.0000   37.500010691.6465   17.8673
    7.5000   30.0000   37.500010137.0527   17.8792
   -7.5000   37.5000   37.5000 9581.7461   17.8824
    0.0000   37.5000   37.5000 9867.8926   17.8848
    7.5000   37.5000   37.5000 9363.1895   17.8953
   -7.5000   45.0000   37.5000 8466.9766   17.6363
    0.0000   45.0000   37.5000 8727.0430   17.6411
    7.5000   45.0000   37.5000 8294.9756   17.6472
   -7.5000  -45.0000   45.0000 9605.1885   18.5069
    0.0000  -45.0000   45.0000 9913.6133   18.5015
    7.5000  -45.0000   45.0000 9497.8340   18.5109
   -7.5000  -37.5000   45.000010042.1064   18.4914
    0.0000  -37.5000   45.000010347.8535   18.4943
    7.5000  -37.5000   45.0000 9906.0547   18.5007
   -7.5000  -30.0000   45.000010827.1758   18.4674
    0.0000  -30.0000   45.000011143.3613   18.4761
    7.5000  -30.0000   45.000010648.3838   18.4854
   -7.5000  -22.5000   45.000011569.8203   18.4307
    0.0000  -22.5000   45.000011890.9814   18.4342
    7.5000  -22.5000   45.000011362.5371   18.4477
   -7.5000  -15.0000   45.000012249.3828   18.4084
    0.0000  -15.0000   45.000012590.0801   18.4034
    7.5000  -15.0000   45.000012023.1602   18.4190
   -7.5000   -7.5000   45.000012698.5176   18.4253
    0.0000   -7.5000   45.000013045.0186   18.4174
    7.5000   -7.5000   45.000012458.2246   18.4313
   -7.5000    0.0000   45.000013035.7891   18.4719
    0.0000    0.0000   45.000013386.1328   18.4664
    7.5000    0.0000   45.000012760.7939   18.4756
   -7.5000    7.5000   45.000012318.8477   18.4914
    0.0000    7.5000   45.000012671.1504   18.4943
    7.5000    7.5000   45.000012043.4023   18.5007
   -7.5000   15.0000   45.000011478.5400   18.4674
    0.0000   15.0000   45.000011808.1924   18.4761
    7.5000   15.0000   45.000011197.4229   18.4854
   -7.5000   22.5000   45.000010556.9863   18.4222
    0.0000   22.5000   45.000010851.8047   18.4256
    7.5000   22.5000   45.000010297.9619   18.4392
   -7.5000   30.0000   45.0000 9510.3828   18.1686
    0.0000   30.0000   45.0000 9801.8545   18.1637
    7.5000   30.0000   45.0000 9316.6660   18.1790
   -7.5000   37.5000   45.0000 8764.9805   18.1853
    0.0000   37.5000   45.0000 9046.8564   18.1775
    7.5000   37.5000   45.0000 8614.2891   18.1912
   -7.5000   45.0000   45.0000 7754.8472   17.9453
    0.0000   45.0000   45.0000 8024.2612   17.9412
    7.5000   45.0000   45.0000 7627.0298   17.9512

---------------------------------------------------------------------
imgreg_4dfp /opt/freesurfer/average/711-2C_as_mni_average_305 /opt/freesurfer/average/711-2B_as_mni_average_305_mask talsrcimg_g11 none talsrcimg_to_711-2C_as_mni_average_305_t4 4355
---------------------------------------------------------------------

freesurfer imgreg_4dfp.c
/opt/freesurfer/average/711-2C_as_mni_average_305.4dfp.img
       256       256       256         1
  1.000000  1.000000  1.000000
orientation T byte_order littleendian
Reading image: /opt/freesurfer/average/711-2C_as_mni_average_305.4dfp.img
dimensions:      256       256       256
mmppix:       1.0000   -1.0000   -1.0000
center:     128.0000 -129.0000 -129.0000
/opt/freesurfer/average/711-2B_as_mni_average_305_mask.4dfp.img
       256       256       256         1
  1.000000  1.000000  1.000000
orientation T byte_order littleendian
Reading mask: /opt/freesurfer/average/711-2B_as_mni_average_305_mask.4dfp.img (2306576 pixels)
talsrcimg_g11.4dfp.img
       256       256       256         1
  1.000000  1.000000  1.000000
orientation T byte_order littleendian
Reading image: talsrcimg_g11.4dfp.img
dimensions:      256       256       256
mmppix:       1.0000   -1.0000   -1.0000
center:     128.0000 -129.0000 -129.0000
rotation matrix determinant  1.000000
image alignment mode   4355 decimal     1103 hex
   -7.5000  -45.0000  -45.0000 2282.4993   17.5471
    0.0000  -45.0000  -45.0000 2283.0581   17.5521
    7.5000  -45.0000  -45.0000 2265.0828   17.8146
   -7.5000  -37.5000  -45.0000 2336.6934   16.5052
    0.0000  -37.5000  -45.0000 2336.6624   16.4806
    7.5000  -37.5000  -45.0000 2310.8093   16.7320
   -7.5000  -30.0000  -45.0000 2369.2065   15.7223
    0.0000  -30.0000  -45.0000 2369.0757   15.7058
    7.5000  -30.0000  -45.0000 2343.2085   15.9490
   -7.5000  -22.5000  -45.0000 2396.0107   15.2919
    0.0000  -22.5000  -45.0000 2392.7036   15.2750
    7.5000  -22.5000  -45.0000 2366.7327   15.4990
   -7.5000  -15.0000  -45.0000 2402.1057   15.2651
    0.0000  -15.0000  -45.0000 2400.0823   15.2380
    7.5000  -15.0000  -45.0000 2371.6689   15.4598
   -7.5000   -7.5000  -45.0000 2385.7261   15.4819
    0.0000   -7.5000  -45.0000 2382.4766   15.4459
    7.5000   -7.5000  -45.0000 2352.4397   15.6742
   -7.5000    0.0000  -45.0000 2347.2292   16.0119
    0.0000    0.0000  -45.0000 2348.3384   15.9852
    7.5000    0.0000  -45.0000 2315.9526   16.2121
   -7.5000    7.5000  -45.0000 2292.9832   16.8130
    0.0000    7.5000  -45.0000 2293.1082   16.8085
    7.5000    7.5000  -45.0000 2257.6895   17.0615
   -7.5000   15.0000  -45.0000 2217.6829   18.0422
    0.0000   15.0000  -45.0000 2214.2644   18.0126
    7.5000   15.0000  -45.0000 2182.4363   18.2916
   -7.5000   22.5000  -45.0000 2129.7202   19.6983
    0.0000   22.5000  -45.0000 2123.2256   19.6789
    7.5000   22.5000  -45.0000 2093.0039   19.9850
   -7.5000   30.0000  -45.0000 2027.7388   22.0338
    0.0000   30.0000  -45.0000 2014.1320   21.9795
    7.5000   30.0000  -45.0000 1987.6683   22.3043
   -7.5000   37.5000  -45.0000 1918.3228   25.1370
    0.0000   37.5000  -45.0000 1905.5372   25.0098
    7.5000   37.5000  -45.0000 1885.0471   25.3406
   -7.5000   45.0000  -45.0000 1791.3326   29.1203
    0.0000   45.0000  -45.0000 1780.2291   28.9627
    7.5000   45.0000  -45.0000 1761.4021   29.5557
   -7.5000  -45.0000  -37.5000 2369.3845   16.2853
    0.0000  -45.0000  -37.5000 2372.4807   16.2696
    7.5000  -45.0000  -37.5000 2350.3357   16.5372
   -7.5000  -37.5000  -37.5000 2430.1155   15.2855
    0.0000  -37.5000  -37.5000 2430.1643   15.2410
    7.5000  -37.5000  -37.5000 2400.0205   15.5258
   -7.5000  -30.0000  -37.5000 2468.8743   14.5956
    0.0000  -30.0000  -37.5000 2466.5386   14.5688
    7.5000  -30.0000  -37.5000 2436.8567   14.8211
   -7.5000  -22.5000  -37.5000 2499.5864   14.2005
    0.0000  -22.5000  -37.5000 2495.2009   14.1618
    7.5000  -22.5000  -37.5000 2461.9124   14.3986
   -7.5000  -15.0000  -37.5000 2506.7314   14.1377
    0.0000  -15.0000  -37.5000 2501.8818   14.0714
    7.5000  -15.0000  -37.5000 2467.7068   14.3025
   -7.5000   -7.5000  -37.5000 2488.9871   14.2925
    0.0000   -7.5000  -37.5000 2484.0813   14.2296
    7.5000   -7.5000  -37.5000 2452.2415   14.4774
   -7.5000    0.0000  -37.5000 2449.9888   14.7112
    0.0000    0.0000  -37.5000 2447.4229   14.6790
    7.5000    0.0000  -37.5000 2413.0605   14.9301
   -7.5000    7.5000  -37.5000 2395.6929   15.4758
    0.0000    7.5000  -37.5000 2390.2803   15.4339
    7.5000    7.5000  -37.5000 2350.0891   15.7008
   -7.5000   15.0000  -37.5000 2313.1404   16.6083
    0.0000   15.0000  -37.5000 2307.5828   16.5676
    7.5000   15.0000  -37.5000 2273.9189   16.8111
   -7.5000   22.5000  -37.5000 2217.1572   18.1804
    0.0000   22.5000  -37.5000 2212.8708   18.1236
    7.5000   22.5000  -37.5000 2176.7380   18.3863
   -7.5000   30.0000  -37.5000 2110.6672   20.3418
    0.0000   30.0000  -37.5000 2101.6873   20.2915
    7.5000   30.0000  -37.5000 2068.6887   20.5027
   -7.5000   37.5000  -37.5000 1991.6090   23.0889
    0.0000   37.5000  -37.5000 1989.3617   23.0305
    7.5000   37.5000  -37.5000 1954.4138   23.2817
   -7.5000   45.0000  -37.5000 1861.5747   26.6758
    0.0000   45.0000  -37.5000 1855.2028   26.6666
    7.5000   45.0000  -37.5000 1830.7583   26.9963
   -7.5000  -45.0000  -30.0000 2495.3003   15.7029
    0.0000  -45.0000  -30.0000 2498.1423   15.6672
    7.5000  -45.0000  -30.0000 2473.1711   15.9333
   -7.5000  -37.5000  -30.0000 2559.8091   14.7311
    0.0000  -37.5000  -30.0000 2563.0764   14.6902
    7.5000  -37.5000  -30.0000 2533.2903   14.9308
   -7.5000  -30.0000  -30.0000 2612.0210   14.0366
    0.0000  -30.0000  -30.0000 2611.1213   14.0106
    7.5000  -30.0000  -30.0000 2578.6067   14.2442
   -7.5000  -22.5000  -30.0000 2643.4309   13.6717
    0.0000  -22.5000  -30.0000 2638.6970   13.6179
    7.5000  -22.5000  -30.0000 2605.4951   13.8713
   -7.5000  -15.0000  -30.0000 2653.6963   13.5584
    0.0000  -15.0000  -30.0000 2645.8103   13.5252
    7.5000  -15.0000  -30.0000 2614.1873   13.7561
   -7.5000   -7.5000  -30.0000 2641.0754   13.6988
    0.0000   -7.5000  -30.0000 2632.6714   13.6533
    7.5000   -7.5000  -30.0000 2602.1924   13.8974
   -7.5000    0.0000  -30.0000 2602.0698   14.0975
    0.0000    0.0000  -30.0000 2594.9382   14.0646
    7.5000    0.0000  -30.0000 2558.6038   14.3240
   -7.5000    7.5000  -30.0000 2538.0093   14.8192
    0.0000    7.5000  -30.0000 2532.3325   14.7554
    7.5000    7.5000  -30.0000 2490.5122   15.0271
   -7.5000   15.0000  -30.0000 2448.4753   15.9121
    0.0000   15.0000  -30.0000 2444.7971   15.8392
    7.5000   15.0000  -30.0000 2407.6018   16.1239
   -7.5000   22.5000  -30.0000 2347.9985   17.4283
    0.0000   22.5000  -30.0000 2341.4668   17.3603
    7.5000   22.5000  -30.0000 2306.1309   17.6288
   -7.5000   30.0000  -30.0000 2226.8379   19.4704
    0.0000   30.0000  -30.0000 2217.6206   19.3801
    7.5000   30.0000  -30.0000 2187.8328   19.6535
   -7.5000   37.5000  -30.0000 2100.2678   22.0986
    0.0000   37.5000  -30.0000 2093.5386   22.0239
    7.5000   37.5000  -30.0000 2059.1665   22.3299
   -7.5000   45.0000  -30.0000 1960.4349   25.4664
    0.0000   45.0000  -30.0000 1948.6514   25.4642
    7.5000   45.0000  -30.0000 1925.5295   25.8254
   -7.5000  -45.0000  -22.5000 2590.3347   15.0072
    0.0000  -45.0000  -22.5000 2592.3184   14.9963
    7.5000  -45.0000  -22.5000 2569.7349   15.2188
   -7.5000  -37.5000  -22.5000 2657.6387   14.0625
    0.0000  -37.5000  -22.5000 2662.3914   14.0620
    7.5000  -37.5000  -22.5000 2634.5669   14.2457
   -7.5000  -30.0000  -22.5000 2720.7046   13.4046
    0.0000  -30.0000  -22.5000 2719.5186   13.3702
    7.5000  -30.0000  -22.5000 2688.2649   13.5799
   -7.5000  -22.5000  -22.5000 2761.9229   13.0246
    0.0000  -22.5000  -22.5000 2759.3445   12.9685
    7.5000  -22.5000  -22.5000 2721.4934   13.2246
   -7.5000  -15.0000  -22.5000 2779.0195   12.9060
    0.0000  -15.0000  -22.5000 2771.1826   12.8736
    7.5000  -15.0000  -22.5000 2731.5286   13.1412
   -7.5000   -7.5000  -22.5000 2765.9878   13.0503
    0.0000   -7.5000  -22.5000 2759.9861   13.0249
    7.5000   -7.5000  -22.5000 2723.5403   13.2690
   -7.5000    0.0000  -22.5000 2720.3877   13.4385
    0.0000    0.0000  -22.5000 2715.2976   13.4048
    7.5000    0.0000  -22.5000 2683.2275   13.6696
   -7.5000    7.5000  -22.5000 2650.8298   14.1247
    0.0000    7.5000  -22.5000 2644.4009   14.0727
    7.5000    7.5000  -22.5000 2609.7954   14.3379
   -7.5000   15.0000  -22.5000 2552.7253   15.1633
    0.0000   15.0000  -22.5000 2550.3396   15.1045
    7.5000   15.0000  -22.5000 2516.1960   15.3704
   -7.5000   22.5000  -22.5000 2445.8325   16.6081
    0.0000   22.5000  -22.5000 2438.1936   16.5593
    7.5000   22.5000  -22.5000 2405.4426   16.8040
   -7.5000   30.0000  -22.5000 2316.1829   18.5422
    0.0000   30.0000  -22.5000 2309.0132   18.4856
    7.5000   30.0000  -22.5000 2278.4001   18.7650
   -7.5000   37.5000  -22.5000 2178.9832   21.0575
    0.0000   37.5000  -22.5000 2169.3701   20.9827
    7.5000   37.5000  -22.5000 2138.8250   21.2703
   -7.5000   45.0000  -22.5000 2029.0331   24.2940
    0.0000   45.0000  -22.5000 2020.6353   24.2105
    7.5000   45.0000  -22.5000 1991.2242   24.4821
   -7.5000  -45.0000  -15.0000 2649.5059   14.3867
    0.0000  -45.0000  -15.0000 2654.7751   14.3791
    7.5000  -45.0000  -15.0000 2632.0291   14.5066
   -7.5000  -37.5000  -15.0000 2726.0464   13.4456
    0.0000  -37.5000  -15.0000 2727.1392   13.4466
    7.5000  -37.5000  -15.0000 2703.1758   13.5952
   -7.5000  -30.0000  -15.0000 2796.0322   12.8086
    0.0000  -30.0000  -15.0000 2792.2737   12.7812
    7.5000  -30.0000  -15.0000 2758.4392   12.9707
   -7.5000  -22.5000  -15.0000 2850.3318   12.4301
    0.0000  -22.5000  -15.0000 2845.8508   12.3802
    7.5000  -22.5000  -15.0000 2801.4949   12.5943
   -7.5000  -15.0000  -15.0000 2875.3442   12.2886
    0.0000  -15.0000  -15.0000 2866.5249   12.2552
    7.5000  -15.0000  -15.0000 2816.1587   12.5019
   -7.5000   -7.5000  -15.0000 2858.7549   12.4346
    0.0000   -7.5000  -15.0000 2852.8252   12.4139
    7.5000   -7.5000  -15.0000 2808.1733   12.6447
   -7.5000    0.0000  -15.0000 2807.6406   12.8318
    0.0000    0.0000  -15.0000 2806.0183   12.8098
    7.5000    0.0000  -15.0000 2766.8975   13.0442
   -7.5000    7.5000  -15.0000 2731.7126   13.4851
    0.0000    7.5000  -15.0000 2728.1594   13.4563
    7.5000    7.5000  -15.0000 2693.4973   13.6971
   -7.5000   15.0000  -15.0000 2627.9756   14.4964
    0.0000   15.0000  -15.0000 2624.6775   14.4598
    7.5000   15.0000  -15.0000 2592.8691   14.7240
   -7.5000   22.5000  -15.0000 2511.0293   15.9115
    0.0000   22.5000  -15.0000 2504.0745   15.8391
    7.5000   22.5000  -15.0000 2469.9626   16.1276
   -7.5000   30.0000  -15.0000 2378.8291   17.7656
    0.0000   30.0000  -15.0000 2374.1733   17.7151
    7.5000   30.0000  -15.0000 2339.0806   17.9784
   -7.5000   37.5000  -15.0000 2229.3613   20.1299
    0.0000   37.5000  -15.0000 2225.8035   20.0795
    7.5000   37.5000  -15.0000 2195.2546   20.4029
   -7.5000   45.0000  -15.0000 2069.4165   23.1708
    0.0000   45.0000  -15.0000 2065.6377   23.1156
    7.5000   45.0000  -15.0000 2040.3149   23.4704
   -7.5000  -45.0000   -7.5000 2687.7239   13.8614
    0.0000  -45.0000   -7.5000 2691.3911   13.8324
    7.5000  -45.0000   -7.5000 2668.3035   13.9443
   -7.5000  -37.5000   -7.5000 2777.0789   12.9528
    0.0000  -37.5000   -7.5000 2776.6663   12.9291
    7.5000  -37.5000   -7.5000 2749.2454   13.0458
   -7.5000  -30.0000   -7.5000 2855.7527   12.3312
    0.0000  -30.0000   -7.5000 2849.5767   12.3191
    7.5000  -30.0000   -7.5000 2811.9309   12.4127
   -7.5000  -22.5000   -7.5000 2917.2214   11.9669
    0.0000  -22.5000   -7.5000 2909.0381   11.9369
    7.5000  -22.5000   -7.5000 2858.5898   12.0464
   -7.5000  -15.0000   -7.5000 2949.6968   11.7621
    0.0000  -15.0000   -7.5000 2934.8003   11.7479
    7.5000  -15.0000   -7.5000 2880.0178   11.9614
   -7.5000   -7.5000   -7.5000 2928.3035   11.8988
    0.0000   -7.5000   -7.5000 2918.2156   11.8746
    7.5000   -7.5000   -7.5000 2865.6611   12.1277
   -7.5000    0.0000   -7.5000 2873.0774   12.3064
    0.0000    0.0000   -7.5000 2874.0000   12.2609
    7.5000    0.0000   -7.5000 2820.3533   12.5423
   -7.5000    7.5000   -7.5000 2788.2329   12.9338
    0.0000    7.5000   -7.5000 2791.0168   12.9094
    7.5000    7.5000   -7.5000 2743.3564   13.2025
   -7.5000   15.0000   -7.5000 2677.7715   13.9220
    0.0000   15.0000   -7.5000 2678.8691   13.9278
    7.5000   15.0000   -7.5000 2639.7122   14.2095
   -7.5000   22.5000   -7.5000 2558.3093   15.3140
    0.0000   22.5000   -7.5000 2553.1438   15.3106
    7.5000   22.5000   -7.5000 2517.4363   15.5732
   -7.5000   30.0000   -7.5000 2422.2922   17.1008
    0.0000   30.0000   -7.5000 2413.7439   17.0738
    7.5000   30.0000   -7.5000 2379.8118   17.3681
   -7.5000   37.5000   -7.5000 2265.7671   19.3789
    0.0000   37.5000   -7.5000 2257.1807   19.3144
    7.5000   37.5000   -7.5000 2227.7979   19.7009
   -7.5000   45.0000   -7.5000 2099.7012   22.3031
    0.0000   45.0000   -7.5000 2095.3494   22.2228
    7.5000   45.0000   -7.5000 2061.7188   22.6892
   -7.5000  -45.0000    0.0000 2713.5920   13.5395
    0.0000  -45.0000    0.0000 2709.2869   13.5059
    7.5000  -45.0000    0.0000 2689.3530   13.5471
   -7.5000  -37.5000    0.0000 2814.9795   12.6407
    0.0000  -37.5000    0.0000 2807.9282   12.5928
    7.5000  -37.5000    0.0000 2779.2991   12.6548
   -7.5000  -30.0000    0.0000 2900.2517   12.0577
    0.0000  -30.0000    0.0000 2893.3936   12.0127
    7.5000  -30.0000    0.0000 2850.6106   12.0656
   -7.5000  -22.5000    0.0000 2967.2285   11.7538
    0.0000  -22.5000    0.0000 2957.3113   11.7114
    7.5000  -22.5000    0.0000 2902.9170   11.7540
   -7.5000  -15.0000    0.0000 2998.4607   11.5074
    0.0000  -15.0000    0.0000 2978.1108   11.5093
    7.5000  -15.0000    0.0000 2917.3911   11.6525
   -7.5000   -7.5000    0.0000 2976.5579   11.5641
    0.0000   -7.5000    0.0000 2955.5667   11.5684
    7.5000   -7.5000    0.0000 2896.5127   11.8094
   -7.5000    0.0000    0.0000 2913.9041   11.9820
    0.0000    0.0000    0.0000 2903.7483   11.9652
    7.5000    0.0000    0.0000 2849.9626   12.2456
   -7.5000    7.5000    0.0000 2819.6799   12.6507
    0.0000    7.5000    0.0000 2817.1536   12.6383
    7.5000    7.5000    0.0000 2768.9390   12.9186
   -7.5000   15.0000    0.0000 2705.1045   13.6729
    0.0000   15.0000    0.0000 2700.9961   13.6374
    7.5000   15.0000    0.0000 2660.0300   13.9256
   -7.5000   22.5000    0.0000 2579.3831   15.0252
    0.0000   22.5000    0.0000 2575.6021   14.9625
    7.5000   22.5000    0.0000 2539.8945   15.2402
   -7.5000   30.0000    0.0000 2437.2271   16.7671
    0.0000   30.0000    0.0000 2434.2627   16.6805
    7.5000   30.0000    0.0000 2396.8457   16.9822
   -7.5000   37.5000    0.0000 2280.1050   18.9459
    0.0000   37.5000    0.0000 2274.8323   18.8441
    7.5000   37.5000    0.0000 2245.4841   19.2032
   -7.5000   45.0000    0.0000 2112.6287   21.6363
    0.0000   45.0000    0.0000 2110.0149   21.5996
    7.5000   45.0000    0.0000 2082.1213   22.0623
   -7.5000  -45.0000    7.5000 2717.2012   13.4244
    0.0000  -45.0000    7.5000 2711.6335   13.4122
    7.5000  -45.0000    7.5000 2690.2358   13.4175
   -7.5000  -37.5000    7.5000 2829.1716   12.4929
    0.0000  -37.5000    7.5000 2825.9836   12.5003
    7.5000  -37.5000    7.5000 2791.7729   12.5062
   -7.5000  -30.0000    7.5000 2925.4497   11.9191
    0.0000  -30.0000    7.5000 2921.9778   11.9345
    7.5000  -30.0000    7.5000 2872.2595   11.9283
   -7.5000  -22.5000    7.5000 2996.4573   11.6331
    0.0000  -22.5000    7.5000 2989.4292   11.6632
    7.5000  -22.5000    7.5000 2927.4592   11.6253
   -7.5000  -15.0000    7.5000 3015.2104   11.4237
    0.0000  -15.0000    7.5000 3002.8159   11.4553
    7.5000  -15.0000    7.5000 2937.5876   11.5210
   -7.5000   -7.5000    7.5000 2986.5366   11.4915
    0.0000   -7.5000    7.5000 2969.9766   11.5106
    7.5000   -7.5000    7.5000 2911.3423   11.7050
   -7.5000    0.0000    7.5000 2916.7456   11.9070
    0.0000    0.0000    7.5000 2908.4253   11.9201
    7.5000    0.0000    7.5000 2854.0859   12.1336
   -7.5000    7.5000    7.5000 2823.4783   12.5890
    0.0000    7.5000    7.5000 2819.9724   12.5818
    7.5000    7.5000    7.5000 2772.5999   12.8056
   -7.5000   15.0000    7.5000 2700.1960   13.5758
    0.0000   15.0000    7.5000 2702.6841   13.5659
    7.5000   15.0000    7.5000 2663.6340   13.7864
   -7.5000   22.5000    7.5000 2574.6731   14.9066
    0.0000   22.5000    7.5000 2574.3650   14.8768
    7.5000   22.5000    7.5000 2538.1992   15.0686
   -7.5000   30.0000    7.5000 2431.5623   16.6111
    0.0000   30.0000    7.5000 2431.5100   16.5808
    7.5000   30.0000    7.5000 2393.5928   16.8088
   -7.5000   37.5000    7.5000 2275.6541   18.7791
    0.0000   37.5000    7.5000 2272.8101   18.7134
    7.5000   37.5000    7.5000 2248.1023   19.0028
   -7.5000   45.0000    7.5000 2107.9019   21.4788
    0.0000   45.0000    7.5000 2109.9985   21.3813
    7.5000   45.0000    7.5000 2083.6716   21.7497
   -7.5000  -45.0000   15.0000 2700.9814   13.5251
    0.0000  -45.0000   15.0000 2692.8291   13.4935
    7.5000  -45.0000   15.0000 2680.4500   13.5352
   -7.5000  -37.5000   15.0000 2815.8323   12.6039
    0.0000  -37.5000   15.0000 2809.9441   12.5976
    7.5000  -37.5000   15.0000 2784.6489   12.6341
   -7.5000  -30.0000   15.0000 2913.7483   12.0054
    0.0000  -30.0000   15.0000 2910.2830   12.0235
    7.5000  -30.0000   15.0000 2865.8044   12.0405
   -7.5000  -22.5000   15.0000 2978.1721   11.6839
    0.0000  -22.5000   15.0000 2974.5332   11.7204
    7.5000  -22.5000   15.0000 2917.8127   11.7260
   -7.5000  -15.0000   15.0000 2996.0132   11.5696
    0.0000  -15.0000   15.0000 2990.8608   11.5732
    7.5000  -15.0000   15.0000 2929.6914   11.6598
   -7.5000   -7.5000   15.0000 2967.0999   11.7440
    0.0000   -7.5000   15.0000 2956.6541   11.7158
    7.5000   -7.5000   15.0000 2899.6899   11.8441
   -7.5000    0.0000   15.0000 2887.7263   12.1535
    0.0000    0.0000   15.0000 2886.9214   12.1148
    7.5000    0.0000   15.0000 2838.2241   12.2607
   -7.5000    7.5000   15.0000 2794.3276   12.7609
    0.0000    7.5000   15.0000 2794.8096   12.7301
    7.5000    7.5000   15.0000 2755.2544   12.9429
   -7.5000   15.0000   15.0000 2677.5562   13.6862
    0.0000   15.0000   15.0000 2680.2969   13.6596
    7.5000   15.0000   15.0000 2647.6960   13.8926
   -7.5000   22.5000   15.0000 2554.1895   15.0128
    0.0000   22.5000   15.0000 2553.9041   14.9521
    7.5000   22.5000   15.0000 2526.0010   15.1822
   -7.5000   30.0000   15.0000 2405.9907   16.6968
    0.0000   30.0000   15.0000 2406.4094   16.6271
    7.5000   30.0000   15.0000 2378.2026   16.9113
   -7.5000   37.5000   15.0000 2248.8013   18.8449
    0.0000   37.5000   15.0000 2248.3660   18.7606
    7.5000   37.5000   15.0000 2229.5601   19.0886
   -7.5000   45.0000   15.0000 2083.3301   21.5041
    0.0000   45.0000   15.0000 2086.3269   21.4333
    7.5000   45.0000   15.0000 2064.5044   21.7796
   -7.5000  -45.0000   22.5000 2668.2473   13.8267
    0.0000  -45.0000   22.5000 2662.8254   13.7591
    7.5000  -45.0000   22.5000 2650.5916   13.9084
   -7.5000  -37.5000   22.5000 2778.5286   12.8931
    0.0000  -37.5000   22.5000 2777.3662   12.8474
    7.5000  -37.5000   22.5000 2755.2571   13.0054
   -7.5000  -30.0000   22.5000 2874.3677   12.2723
    0.0000  -30.0000   22.5000 2873.4309   12.2539
    7.5000  -30.0000   22.5000 2843.0435   12.3891
   -7.5000  -22.5000   22.5000 2935.3516   11.9473
    0.0000  -22.5000   22.5000 2935.6926   11.9172
    7.5000  -22.5000   22.5000 2891.5962   12.1018
   -7.5000  -15.0000   22.5000 2950.5750   11.8934
    0.0000  -15.0000   22.5000 2946.8374   11.8643
    7.5000  -15.0000   22.5000 2897.6538   12.0602
   -7.5000   -7.5000   22.5000 2921.8455   12.1108
    0.0000   -7.5000   22.5000 2915.3208   12.0846
    7.5000   -7.5000   22.5000 2865.1975   12.2454
   -7.5000    0.0000   22.5000 2844.6406   12.5524
    0.0000    0.0000   22.5000 2841.3691   12.5098
    7.5000    0.0000   22.5000 2799.5244   12.6576
   -7.5000    7.5000   22.5000 2742.2764   13.2173
    0.0000    7.5000   22.5000 2746.2617   13.1551
    7.5000    7.5000   22.5000 2716.5344   13.3100
   -7.5000   15.0000   22.5000 2631.6021   14.1308
    0.0000   15.0000   22.5000 2635.1670   14.0560
    7.5000   15.0000   22.5000 2608.7681   14.2162
   -7.5000   22.5000   22.5000 2509.9250   15.4024
    0.0000   22.5000   22.5000 2510.6584   15.2890
    7.5000   22.5000   22.5000 2488.5479   15.4606
   -7.5000   30.0000   22.5000 2367.0884   17.0069
    0.0000   30.0000   22.5000 2365.5879   16.8985
    7.5000   30.0000   22.5000 2346.3494   17.1233
   -7.5000   37.5000   22.5000 2212.3149   19.0886
    0.0000   37.5000   22.5000 2213.1096   18.9906
    7.5000   37.5000   22.5000 2197.9270   19.2536
   -7.5000   45.0000   22.5000 2051.2046   21.7256
    0.0000   45.0000   22.5000 2051.3845   21.6330
    7.5000   45.0000   22.5000 2037.7854   21.9475
   -7.5000  -45.0000   30.0000 2632.7161   14.3423
    0.0000  -45.0000   30.0000 2624.3110   14.2610
    7.5000  -45.0000   30.0000 2612.9927   14.5354
   -7.5000  -37.5000   30.0000 2736.1333   13.3731
    0.0000  -37.5000   30.0000 2731.5640   13.3215
    7.5000  -37.5000   30.0000 2713.9500   13.5511
   -7.5000  -30.0000   30.0000 2826.9026   12.7443
    0.0000  -30.0000   30.0000 2820.2583   12.6927
    7.5000  -30.0000   30.0000 2794.5913   12.9225
   -7.5000  -22.5000   30.0000 2876.2561   12.4355
    0.0000  -22.5000   30.0000 2870.2842   12.3682
    7.5000  -22.5000   30.0000 2834.9119   12.5925
   -7.5000  -15.0000   30.0000 2883.7644   12.4131
    0.0000  -15.0000   30.0000 2874.4939   12.3553
    7.5000  -15.0000   30.0000 2835.9282   12.5570
   -7.5000   -7.5000   30.0000 2848.6833   12.6338
    0.0000   -7.5000   30.0000 2843.6960   12.5801
    7.5000   -7.5000   30.0000 2803.6904   12.7666
   -7.5000    0.0000   30.0000 2783.3735   13.0735
    0.0000    0.0000   30.0000 2779.5369   13.0121
    7.5000    0.0000   30.0000 2741.1606   13.1703
   -7.5000    7.5000   30.0000 2686.5352   13.7548
    0.0000    7.5000   30.0000 2691.7605   13.6813
    7.5000    7.5000   30.0000 2663.9756   13.8316
   -7.5000   15.0000   30.0000 2578.9524   14.6753
    0.0000   15.0000   30.0000 2583.0454   14.5935
    7.5000   15.0000   30.0000 2558.7544   14.7582
   -7.5000   22.5000   30.0000 2450.5520   15.9389
    0.0000   22.5000   30.0000 2454.4934   15.8106
    7.5000   22.5000   30.0000 2434.6387   15.9573
   -7.5000   30.0000   30.0000 2307.6467   17.5232
    0.0000   30.0000   30.0000 2308.5740   17.3735
    7.5000   30.0000   30.0000 2295.6362   17.6114
   -7.5000   37.5000   30.0000 2164.8215   19.5281
    0.0000   37.5000   30.0000 2161.8972   19.4637
    7.5000   37.5000   30.0000 2144.8779   19.7503
   -7.5000   45.0000   30.0000 2018.4106   22.2269
    0.0000   45.0000   30.0000 2013.8137   22.1504
    7.5000   45.0000   30.0000 1996.1157   22.4817
   -7.5000  -45.0000   37.5000 2589.7676   15.0617
    0.0000  -45.0000   37.5000 2581.1506   14.9535
    7.5000  -45.0000   37.5000 2565.7769   15.3097
   -7.5000  -37.5000   37.5000 2687.4609   14.1015
    0.0000  -37.5000   37.5000 2680.7532   13.9852
    7.5000  -37.5000   37.5000 2661.1682   14.3147
   -7.5000  -30.0000   37.5000 2764.0640   13.4254
    0.0000  -30.0000   37.5000 2758.3296   13.3565
    7.5000  -30.0000   37.5000 2732.4751   13.6334
   -7.5000  -22.5000   37.5000 2805.1274   13.1136
    0.0000  -22.5000   37.5000 2794.9036   13.0338
    7.5000  -22.5000   37.5000 2767.5457   13.2925
   -7.5000  -15.0000   37.5000 2802.9290   13.1079
    0.0000  -15.0000   37.5000 2787.5071   13.0303
    7.5000  -15.0000   37.5000 2760.7085   13.2709
   -7.5000   -7.5000   37.5000 2766.2964   13.3330
    0.0000   -7.5000   37.5000 2756.5977   13.2555
    7.5000   -7.5000   37.5000 2726.0339   13.4823
   -7.5000    0.0000   37.5000 2705.3601   13.7715
    0.0000    0.0000   37.5000 2698.6731   13.7065
    7.5000    0.0000   37.5000 2668.0117   13.9194
   -7.5000    7.5000   37.5000 2615.3428   14.4520
    0.0000    7.5000   37.5000 2617.1377   14.3864
    7.5000    7.5000   37.5000 2590.7839   14.5873
   -7.5000   15.0000   37.5000 2515.5073   15.3727
    0.0000   15.0000   37.5000 2520.0049   15.3109
    7.5000   15.0000   37.5000 2490.7747   15.5176
   -7.5000   22.5000   37.5000 2392.4172   16.6876
    0.0000   22.5000   37.5000 2397.4417   16.5537
    7.5000   22.5000   37.5000 2372.0491   16.7603
   -7.5000   30.0000   37.5000 2252.1333   18.2709
    0.0000   30.0000   37.5000 2250.4397   18.1726
    7.5000   30.0000   37.5000 2231.6414   18.3589
   -7.5000   37.5000   37.5000 2114.6113   20.2922
    0.0000   37.5000   37.5000 2110.3376   20.2193
    7.5000   37.5000   37.5000 2091.8625   20.4895
   -7.5000   45.0000   37.5000 1972.8823   23.0372
    0.0000   45.0000   37.5000 1969.2339   22.9643
    7.5000   45.0000   37.5000 1954.0359   23.2663
   -7.5000  -45.0000   45.0000 2531.0962   16.0247
    0.0000  -45.0000   45.0000 2524.2400   15.8851
    7.5000  -45.0000   45.0000 2506.8306   16.2975
   -7.5000  -37.5000   45.0000 2618.7749   15.0167
    0.0000  -37.5000   45.0000 2614.0281   14.9095
    7.5000  -37.5000   45.0000 2592.5046   15.2689
   -7.5000  -30.0000   45.0000 2687.2109   14.3483
    0.0000  -30.0000   45.0000 2680.7546   14.2350
    7.5000  -30.0000   45.0000 2655.5801   14.5706
   -7.5000  -22.5000   45.0000 2723.4336   14.0080
    0.0000  -22.5000   45.0000 2715.0923   13.9227
    7.5000  -22.5000   45.0000 2687.4106   14.1967
   -7.5000  -15.0000   45.0000 2713.3984   14.0079
    0.0000  -15.0000   45.0000 2705.4478   13.9256
    7.5000  -15.0000   45.0000 2678.2949   14.1739
   -7.5000   -7.5000   45.0000 2675.3308   14.2230
    0.0000   -7.5000   45.0000 2666.8801   14.1182
    7.5000   -7.5000   45.0000 2643.6160   14.3795
   -7.5000    0.0000   45.0000 2622.2861   14.6630
    0.0000    0.0000   45.0000 2611.8293   14.5481
    7.5000    0.0000   45.0000 2590.8491   14.8028
   -7.5000    7.5000   45.0000 2536.3740   15.3376
    0.0000    7.5000   45.0000 2536.1768   15.2410
    7.5000    7.5000   45.0000 2512.2371   15.4641
   -7.5000   15.0000   45.0000 2436.6919   16.2768
    0.0000   15.0000   45.0000 2440.4851   16.1811
    7.5000   15.0000   45.0000 2413.7520   16.3962
   -7.5000   22.5000   45.0000 2322.8052   17.6035
    0.0000   22.5000   45.0000 2321.1799   17.4752
    7.5000   22.5000   45.0000 2299.6167   17.7063
   -7.5000   30.0000   45.0000 2190.7017   19.2887
    0.0000   30.0000   45.0000 2189.5259   19.1861
    7.5000   30.0000   45.0000 2167.0066   19.3431
   -7.5000   37.5000   45.0000 2053.6794   21.3712
    0.0000   37.5000   45.0000 2049.3401   21.3086
    7.5000   37.5000   45.0000 2033.0872   21.5217
   -7.5000   45.0000   45.0000 1918.6973   24.2543
    0.0000   45.0000   45.0000 1918.1940   24.1757
    7.5000   45.0000   45.0000 1898.2245   24.4673

---------------------------------------------------------------------
imgreg_4dfp /opt/freesurfer/average/711-2C_as_mni_average_305 /opt/freesurfer/average/711-2B_as_mni_average_305_mask talsrcimg_g11 none talsrcimg_to_711-2C_as_mni_average_305_t4 1283
---------------------------------------------------------------------

freesurfer imgreg_4dfp.c
/opt/freesurfer/average/711-2C_as_mni_average_305.4dfp.img
       256       256       256         1
  1.000000  1.000000  1.000000
orientation T byte_order littleendian
Reading image: /opt/freesurfer/average/711-2C_as_mni_average_305.4dfp.img
dimensions:      256       256       256
mmppix:       1.0000   -1.0000   -1.0000
center:     128.0000 -129.0000 -129.0000
/opt/freesurfer/average/711-2B_as_mni_average_305_mask.4dfp.img
       256       256       256         1
  1.000000  1.000000  1.000000
orientation T byte_order littleendian
Reading mask: /opt/freesurfer/average/711-2B_as_mni_average_305_mask.4dfp.img (2306576 pixels)
talsrcimg_g11.4dfp.img
       256       256       256         1
  1.000000  1.000000  1.000000
orientation T byte_order littleendian
Reading image: talsrcimg_g11.4dfp.img
dimensions:      256       256       256
mmppix:       1.0000   -1.0000   -1.0000
center:     128.0000 -129.0000 -129.0000
rotation matrix determinant  1.000000
fimgreg.f
image alignment mode   1283 decimal      503 hex
parameters
   -7.5000  -15.0000    7.5000    0.0000    0.0000    0.0000
eta,q 0.94565 11.43585
niter,ni,del,rscale     5    3   12.0000    1.2000
parameter  1 -0.745806 -> -0.500000 qaram    1.1500
parameter  4 26.469547 ->  0.500000 qaram    1.1500
parameter  5 -0.648037 -> -0.500000 qaram    1.1500
parameters
   -4.0500  -16.2376    8.2032   -3.4500    3.4500    2.0650
eta,q 0.95471 11.51812
  0.0747  0.0573  0.0572  0.0452  0.0556  0.0523
  0.0665  0.0541  0.0563  0.0473  0.0510  0.0501
  0.0612  0.0522  0.0536  0.0496  0.0488  0.0479
  0.0569  0.0525  0.0518  0.0516  0.0480  0.0460
  0.0535  0.0550  0.0510  0.0540  0.0467  0.0453
  0.0520  0.0590  0.0526  0.0560  0.0459  0.0459
  0.0532  0.0625  0.0567  0.0585  0.0463  0.0476
niter,ni,del,rscale     7    3   12.0000    1.2000
parameter  4  1.477545 ->  0.500000 qaram    1.3225
parameters
   -4.9291  -15.7957    8.3877   -7.4175    4.3169    2.5657
eta,q 0.96000 11.55468
  0.0563  0.0559  0.0518  0.0402  0.0487  0.0453
  0.0495  0.0509  0.0491  0.0402  0.0443  0.0432
  0.0461  0.0468  0.0464  0.0418  0.0417  0.0414
  0.0453  0.0451  0.0452  0.0451  0.0404  0.0402
  0.0487  0.0465  0.0448  0.0478  0.0405  0.0401
  0.0552  0.0491  0.0480  0.0510  0.0425  0.0416
  0.0626  0.0531  0.0517  0.0543  0.0452  0.0443
niter,ni,del,rscale     7    3   12.0000    1.2000
parameters
   -5.4828  -15.0995    8.0683  -10.3198    4.9506    2.5147
eta,q 0.96106 11.58488
  0.0554  0.0545  0.0488  0.0424  0.0472  0.0440
  0.0459  0.0481  0.0444  0.0397  0.0427  0.0415
  0.0413  0.0428  0.0405  0.0390  0.0405  0.0398
  0.0400  0.0398  0.0397  0.0396  0.0390  0.0389
  0.0434  0.0407  0.0425  0.0431  0.0392  0.0396
  0.0509  0.0442  0.0464  0.0475  0.0410  0.0415
  0.0601  0.0494  0.0498  0.0511  0.0448  0.0443
niter,ni,del,rscale     6    3   12.0000    1.2000
parameters
   -5.5092  -14.6756    7.0304  -11.2271    5.1526    2.3328
eta,q 0.96172 11.57812
  0.0580  0.0521  0.0454  0.0449  0.0458  0.0432
  0.0479  0.0450  0.0415  0.0406  0.0417  0.0407
  0.0419  0.0409  0.0388  0.0382  0.0393  0.0392
  0.0389  0.0389  0.0389  0.0384  0.0382  0.0382
  0.0413  0.0401  0.0422  0.0396  0.0387  0.0389
  0.0484  0.0435  0.0465  0.0435  0.0409  0.0411
  0.0583  0.0485  0.0501  0.0485  0.0452  0.0441
niter,ni,del,rscale     5    3   12.0000    1.2000
parameters
   -5.4339  -14.4506    6.6714  -11.6568    5.1749    2.3357
eta,q 0.96189 11.57356
  0.0580  0.0506  0.0471  0.0456  0.0456  0.0435
  0.0478  0.0439  0.0426  0.0413  0.0415  0.0408
  0.0411  0.0400  0.0393  0.0382  0.0390  0.0392
  0.0383  0.0383  0.0383  0.0382  0.0381  0.0381
  0.0409  0.0398  0.0404  0.0392  0.0388  0.0385
  0.0476  0.0434  0.0450  0.0423  0.0412  0.0407
  0.0568  0.0484  0.0486  0.0475  0.0457  0.0438
niter,ni,del,rscale     4    3   12.0000    1.2000
parameters
   -5.4075  -14.3132    6.5157  -11.8999    5.1670    2.3660
eta,q 0.96199 11.57040
  0.0575  0.0502  0.0478  0.0458  0.0457  0.0435
  0.0474  0.0435  0.0430  0.0417  0.0415  0.0408
  0.0407  0.0397  0.0394  0.0383  0.0388  0.0392
  0.0381  0.0381  0.0381  0.0381  0.0380  0.0380
  0.0409  0.0398  0.0399  0.0391  0.0388  0.0384
  0.0476  0.0435  0.0444  0.0419  0.0413  0.0406
  0.0568  0.0485  0.0482  0.0470  0.0459  0.0437
niter,ni,del,rscale     3    3   12.0000    1.2000
parameters
   -5.3981  -14.2287    6.4355  -12.0531    5.1539    2.3921
eta,q 0.96208 11.56907
  0.0573  0.0499  0.0481  0.0458  0.0458  0.0435
  0.0472  0.0433  0.0431  0.0419  0.0415  0.0408
  0.0405  0.0395  0.0394  0.0384  0.0388  0.0391
  0.0380  0.0380  0.0380  0.0380  0.0379  0.0379
  0.0409  0.0399  0.0398  0.0391  0.0388  0.0383
  0.0476  0.0436  0.0442  0.0417  0.0414  0.0405
  0.0568  0.0486  0.0481  0.0467  0.0459  0.0438
niter,ni,del,rscale     2    3   12.0000    1.2000
parameters
   -5.3919  -14.1740    6.3869  -12.1522    5.1396    2.4105
eta,q 0.96212 11.56820
  0.0572  0.0498  0.0483  0.0458  0.0458  0.0435
  0.0472  0.0431  0.0432  0.0421  0.0415  0.0407
  0.0404  0.0394  0.0394  0.0384  0.0387  0.0391
  0.0379  0.0379  0.0379  0.0379  0.0379  0.0379
  0.0408  0.0399  0.0397  0.0391  0.0388  0.0383
  0.0475  0.0437  0.0442  0.0416  0.0415  0.0405
  0.0567  0.0486  0.0480  0.0465  0.0459  0.0438
niter,ni,del,rscale     1    3   12.0000    1.2000
parameters
   -5.3859  -14.1376    6.3575  -12.2189    5.1273    2.4246
eta,q 0.96215 11.56756
  0.0571  0.0497  0.0483  0.0458  0.0459  0.0435
  0.0472  0.0431  0.0433  0.0422  0.0415  0.0407
  0.0404  0.0393  0.0394  0.0384  0.0387  0.0390
  0.0379  0.0379  0.0379  0.0379  0.0379  0.0379
  0.0407  0.0399  0.0397  0.0391  0.0388  0.0382
  0.0474  0.0437  0.0441  0.0415  0.0415  0.0405
  0.0567  0.0486  0.0480  0.0464  0.0459  0.0438
registration optimization eta report
parameter search radius
    6.9000    6.0000    6.0000    7.9350    6.9000    6.0000
100000*second partial in parameter space
       39.       30.       28.       13.       17.       16.
  0.0571  0.0497  0.0483  0.0458  0.0459  0.0435
  0.0472  0.0431  0.0433  0.0422  0.0415  0.0407
  0.0404  0.0393  0.0394  0.0384  0.0387  0.0390
  0.0379  0.0379  0.0379  0.0379  0.0379  0.0379
  0.0407  0.0399  0.0397  0.0391  0.0388  0.0382
  0.0474  0.0437  0.0441  0.0415  0.0415  0.0405
  0.0567  0.0486  0.0480  0.0464  0.0459  0.0438
   -5.3859  -14.1376    6.3575  -12.2189    5.1273    2.4246
eta,q 0.96215 11.56756

---------------------------------------------------------------------
imgreg_4dfp /opt/freesurfer/average/711-2C_as_mni_average_305 /opt/freesurfer/average/711-2B_as_mni_average_305_mask talsrcimg_g11 none talsrcimg_to_711-2C_as_mni_average_305_t4 3335
---------------------------------------------------------------------

freesurfer imgreg_4dfp.c
/opt/freesurfer/average/711-2C_as_mni_average_305.4dfp.img
       256       256       256         1
  1.000000  1.000000  1.000000
orientation T byte_order littleendian
Reading image: /opt/freesurfer/average/711-2C_as_mni_average_305.4dfp.img
dimensions:      256       256       256
mmppix:       1.0000   -1.0000   -1.0000
center:     128.0000 -129.0000 -129.0000
/opt/freesurfer/average/711-2B_as_mni_average_305_mask.4dfp.img
       256       256       256         1
  1.000000  1.000000  1.000000
orientation T byte_order littleendian
Reading mask: /opt/freesurfer/average/711-2B_as_mni_average_305_mask.4dfp.img (2306576 pixels)
talsrcimg_g11.4dfp.img
       256       256       256         1
  1.000000  1.000000  1.000000
orientation T byte_order littleendian
Reading image: talsrcimg_g11.4dfp.img
dimensions:      256       256       256
mmppix:       1.0000   -1.0000   -1.0000
center:     128.0000 -129.0000 -129.0000
fimgreg.f
image alignment mode   3335 decimal      D07 hex
parameters
   -5.3859  -14.1376    6.3575   -0.4893   -2.2729   -2.6565
   -2.2448   -9.6219    4.2135   20.7764    8.9369  -21.0801
eta,q 0.96197 11.62093
niter,ni,del,rscale     5    3    5.0000    1.2000
parameter  5  1.123287 ->  0.500000 qaram    1.1500
parameter  6  0.881080 ->  0.500000 qaram    1.1500
parameter 10  0.728952 ->  0.500000 qaram    1.1500
parameter 12  0.657086 ->  0.500000 qaram    1.1500
parameters
   -5.1128  -14.4106    6.4494   -1.7101   -6.4129   -6.7965
   -2.4251   -7.4843    5.4817   16.6364   11.7486  -25.2201
eta,q 0.96901 11.25513
  0.0417  0.0395  0.0399  0.0393  0.0356  0.0334  0.0354  0.0395  0.0346  0.0318  0.0331  0.0312
  0.0399  0.0385  0.0388  0.0385  0.0358  0.0333  0.0342  0.0369  0.0337  0.0316  0.0325  0.0310
  0.0386  0.0380  0.0381  0.0381  0.0367  0.0338  0.0335  0.0347  0.0332  0.0320  0.0320  0.0311
  0.0380  0.0380  0.0379  0.0379  0.0380  0.0360  0.0333  0.0333  0.0329  0.0328  0.0317  0.0315
  0.0381  0.0384  0.0381  0.0383  0.0396  0.0393  0.0336  0.0329  0.0329  0.0342  0.0315  0.0321
  0.0389  0.0391  0.0387  0.0393  0.0417  0.0427  0.0344  0.0335  0.0331  0.0361  0.0316  0.0329
  0.0404  0.0402  0.0395  0.0412  0.0442  0.0466  0.0356  0.0351  0.0337  0.0385  0.0319  0.0339
niter,ni,del,rscale     7    3    5.0000    1.2000
parameters
   -5.1109  -14.1220    6.0326    1.2063   -8.1703   -9.1964
   -2.1641   -8.1601    5.1868   16.9801   11.5758  -26.6554
eta,q 0.96949 11.20403
  0.0341  0.0337  0.0321  0.0338  0.0321  0.0323  0.0329  0.0337  0.0316  0.0331  0.0314  0.0315
  0.0324  0.0323  0.0314  0.0326  0.0312  0.0314  0.0317  0.0318  0.0310  0.0318  0.0309  0.0308
  0.0313  0.0314  0.0310  0.0317  0.0305  0.0307  0.0309  0.0308  0.0307  0.0310  0.0307  0.0306
  0.0310  0.0310  0.0310  0.0309  0.0304  0.0304  0.0306  0.0306  0.0306  0.0306  0.0306  0.0306
  0.0313  0.0311  0.0314  0.0305  0.0311  0.0317  0.0308  0.0313  0.0307  0.0307  0.0307  0.0309
  0.0324  0.0316  0.0322  0.0305  0.0327  0.0348  0.0315  0.0328  0.0311  0.0314  0.0310  0.0315
  0.0341  0.0326  0.0334  0.0314  0.0351  0.0391  0.0326  0.0351  0.0318  0.0329  0.0315  0.0323
niter,ni,del,rscale     6    3    5.0000    1.2000
parameters
   -5.0554  -13.7853    5.2756    1.5293   -8.4043  -10.3538
   -2.0595   -8.0899    5.3020   17.9481   11.4990  -27.6605
eta,q 0.96961 11.18280
  0.0336  0.0329  0.0310  0.0326  0.0326  0.0328  0.0326  0.0343  0.0315  0.0331  0.0312  0.0314
  0.0320  0.0317  0.0305  0.0317  0.0316  0.0315  0.0315  0.0321  0.0309  0.0318  0.0307  0.0307
  0.0309  0.0309  0.0303  0.0309  0.0307  0.0308  0.0307  0.0308  0.0306  0.0309  0.0305  0.0304
  0.0305  0.0305  0.0305  0.0303  0.0303  0.0303  0.0305  0.0305  0.0305  0.0305  0.0304  0.0304
  0.0308  0.0306  0.0310  0.0302  0.0304  0.0306  0.0306  0.0309  0.0305  0.0305  0.0305  0.0307
  0.0317  0.0310  0.0317  0.0309  0.0314  0.0323  0.0314  0.0321  0.0309  0.0310  0.0308  0.0312
  0.0334  0.0318  0.0327  0.0327  0.0332  0.0359  0.0325  0.0341  0.0315  0.0322  0.0312  0.0320
niter,ni,del,rscale     5    3    5.0000    1.2000
parameters
   -5.0264  -13.5608    4.7873    1.8629   -8.7394  -11.0026
   -1.9555   -8.0636    5.4052   18.6724   11.4466  -28.2090
eta,q 0.96969 11.16790
  0.0334  0.0325  0.0312  0.0326  0.0324  0.0330  0.0324  0.0341  0.0314  0.0328  0.0311  0.0315
  0.0318  0.0314  0.0306  0.0317  0.0314  0.0316  0.0313  0.0320  0.0308  0.0316  0.0307  0.0307
  0.0308  0.0307  0.0303  0.0309  0.0307  0.0308  0.0306  0.0307  0.0305  0.0308  0.0304  0.0304
  0.0304  0.0304  0.0304  0.0303  0.0303  0.0303  0.0304  0.0304  0.0304  0.0304  0.0303  0.0303
  0.0307  0.0305  0.0307  0.0302  0.0304  0.0305  0.0305  0.0308  0.0304  0.0304  0.0304  0.0305
  0.0317  0.0310  0.0313  0.0309  0.0314  0.0317  0.0312  0.0320  0.0308  0.0310  0.0307  0.0310
  0.0333  0.0318  0.0322  0.0326  0.0331  0.0348  0.0324  0.0340  0.0314  0.0322  0.0312  0.0317
niter,ni,del,rscale     4    3    5.0000    1.2000
parameters
   -5.0088  -13.3676    4.5075    2.0165   -9.1123  -11.4165
   -1.8947   -8.0604    5.4431   19.2803   11.4633  -28.5199
eta,q 0.96971 11.15046
  0.0333  0.0324  0.0314  0.0325  0.0322  0.0331  0.0323  0.0341  0.0313  0.0327  0.0312  0.0315
  0.0317  0.0313  0.0307  0.0316  0.0314  0.0317  0.0313  0.0320  0.0308  0.0315  0.0307  0.0308
  0.0307  0.0306  0.0303  0.0308  0.0307  0.0308  0.0306  0.0307  0.0305  0.0307  0.0304  0.0303
  0.0303  0.0303  0.0303  0.0303  0.0302  0.0303  0.0303  0.0303  0.0303  0.0303  0.0303  0.0303
  0.0306  0.0304  0.0306  0.0302  0.0304  0.0305  0.0305  0.0308  0.0304  0.0304  0.0304  0.0305
  0.0316  0.0309  0.0312  0.0310  0.0313  0.0315  0.0312  0.0320  0.0307  0.0310  0.0307  0.0309
  0.0332  0.0318  0.0319  0.0328  0.0330  0.0344  0.0323  0.0340  0.0313  0.0322  0.0311  0.0316
niter,ni,del,rscale     3    3    5.0000    1.2000
parameters
   -5.0036  -13.2018    4.3285    2.1018   -9.4897  -11.7337
   -1.8625   -8.0643    5.4563   19.7865   11.5059  -28.6984
eta,q 0.96969 11.13133
  0.0332  0.0323  0.0315  0.0324  0.0322  0.0331  0.0323  0.0340  0.0313  0.0326  0.0312  0.0315
  0.0316  0.0312  0.0307  0.0316  0.0313  0.0317  0.0313  0.0319  0.0308  0.0315  0.0307  0.0308
  0.0306  0.0305  0.0303  0.0308  0.0306  0.0308  0.0306  0.0307  0.0305  0.0307  0.0304  0.0304
  0.0303  0.0303  0.0303  0.0303  0.0303  0.0303  0.0303  0.0303  0.0303  0.0303  0.0303  0.0303
  0.0306  0.0304  0.0306  0.0302  0.0304  0.0305  0.0305  0.0308  0.0304  0.0304  0.0304  0.0305
  0.0316  0.0309  0.0311  0.0310  0.0313  0.0315  0.0312  0.0320  0.0307  0.0310  0.0307  0.0309
  0.0332  0.0317  0.0318  0.0328  0.0329  0.0342  0.0323  0.0339  0.0313  0.0322  0.0312  0.0315
niter,ni,del,rscale     2    3    5.0000    1.2000
parameters
   -4.9995  -13.0450    4.1909    2.1619   -9.8697  -12.0072
   -1.8455   -8.0865    5.4666   20.2806   11.5381  -28.8172
eta,q 0.96967 11.11245
  0.0332  0.0322  0.0316  0.0324  0.0321  0.0331  0.0322  0.0340  0.0313  0.0325  0.0312  0.0315
  0.0316  0.0311  0.0308  0.0316  0.0313  0.0318  0.0312  0.0319  0.0308  0.0315  0.0307  0.0308
  0.0307  0.0305  0.0304  0.0308  0.0306  0.0309  0.0306  0.0307  0.0305  0.0307  0.0304  0.0304
  0.0303  0.0303  0.0303  0.0303  0.0303  0.0303  0.0303  0.0303  0.0304  0.0304  0.0303  0.0303
  0.0306  0.0305  0.0306  0.0302  0.0304  0.0305  0.0305  0.0308  0.0304  0.0304  0.0304  0.0305
  0.0316  0.0309  0.0311  0.0311  0.0312  0.0315  0.0312  0.0320  0.0307  0.0310  0.0307  0.0309
  0.0332  0.0317  0.0318  0.0328  0.0328  0.0341  0.0322  0.0339  0.0313  0.0322  0.0312  0.0315
niter,ni,del,rscale     1    3    5.0000    1.2000
parameters
   -4.9978  -12.8831    4.0661    2.1979  -10.2927  -12.2890
   -1.8419   -8.1003    5.4540   20.7967   11.5739  -28.8522
eta,q 0.96964 11.08923
  0.0332  0.0322  0.0316  0.0324  0.0320  0.0331  0.0322  0.0339  0.0313  0.0325  0.0312  0.0315
  0.0316  0.0311  0.0308  0.0316  0.0312  0.0318  0.0312  0.0319  0.0308  0.0315  0.0307  0.0308
  0.0307  0.0305  0.0304  0.0309  0.0306  0.0309  0.0306  0.0307  0.0305  0.0307  0.0305  0.0304
  0.0303  0.0303  0.0303  0.0303  0.0303  0.0303  0.0304  0.0304  0.0304  0.0304  0.0304  0.0304
  0.0306  0.0305  0.0306  0.0302  0.0304  0.0305  0.0306  0.0308  0.0304  0.0305  0.0304  0.0305
  0.0316  0.0309  0.0311  0.0311  0.0312  0.0315  0.0312  0.0320  0.0307  0.0310  0.0307  0.0309
  0.0332  0.0317  0.0318  0.0328  0.0328  0.0340  0.0322  0.0339  0.0313  0.0322  0.0312  0.0315
registration optimization eta report
parameter search radius
    2.4000    2.4000    2.4000    7.2000    8.2800    8.2800
    7.2000    7.2000    7.2000    8.2800    7.2000    8.2800
100000*second partial in parameter space
       50.       28.       23.        4.        3.        5.
        4.        7.        2.        3.        2.        2.
  0.0332  0.0322  0.0316  0.0324  0.0320  0.0331  0.0322  0.0339  0.0313  0.0325  0.0312  0.0315
  0.0316  0.0311  0.0308  0.0316  0.0312  0.0318  0.0312  0.0319  0.0308  0.0315  0.0307  0.0308
  0.0307  0.0305  0.0304  0.0309  0.0306  0.0309  0.0306  0.0307  0.0305  0.0307  0.0305  0.0304
  0.0303  0.0303  0.0303  0.0303  0.0303  0.0303  0.0304  0.0304  0.0304  0.0304  0.0304  0.0304
  0.0306  0.0305  0.0306  0.0302  0.0304  0.0305  0.0306  0.0308  0.0304  0.0305  0.0304  0.0305
  0.0316  0.0309  0.0311  0.0311  0.0312  0.0315  0.0312  0.0320  0.0307  0.0310  0.0307  0.0309
  0.0332  0.0317  0.0318  0.0328  0.0328  0.0340  0.0322  0.0339  0.0313  0.0322  0.0312  0.0315
   -4.9978  -12.8831    4.0661    2.1979  -10.2927  -12.2890
   -1.8419   -8.1003    5.4540   20.7967   11.5739  -28.8522
eta,q 0.96964 11.08923

---------------------------------------------------------------------
imgreg_4dfp /opt/freesurfer/average/711-2C_as_mni_average_305 /opt/freesurfer/average/711-2B_as_mni_average_305_mask talsrcimg_g11 none talsrcimg_to_711-2C_as_mni_average_305_t4 2311
---------------------------------------------------------------------

freesurfer imgreg_4dfp.c
/opt/freesurfer/average/711-2C_as_mni_average_305.4dfp.img
       256       256       256         1
  1.000000  1.000000  1.000000
orientation T byte_order littleendian
Reading image: /opt/freesurfer/average/711-2C_as_mni_average_305.4dfp.img
dimensions:      256       256       256
mmppix:       1.0000   -1.0000   -1.0000
center:     128.0000 -129.0000 -129.0000
/opt/freesurfer/average/711-2B_as_mni_average_305_mask.4dfp.img
       256       256       256         1
  1.000000  1.000000  1.000000
orientation T byte_order littleendian
Reading mask: /opt/freesurfer/average/711-2B_as_mni_average_305_mask.4dfp.img (2306576 pixels)
talsrcimg_g11.4dfp.img
       256       256       256         1
  1.000000  1.000000  1.000000
orientation T byte_order littleendian
Reading image: talsrcimg_g11.4dfp.img
dimensions:      256       256       256
mmppix:       1.0000   -1.0000   -1.0000
center:     128.0000 -129.0000 -129.0000
fimgreg.f
image alignment mode   2311 decimal      907 hex
parameters
   -4.9978  -12.8831    4.0661    2.1979  -10.2927  -12.2890
   -1.8419   -8.1003    5.4540   20.7967   11.5739  -28.8522
eta,q 0.96964 11.08923
niter,ni,del,rscale     5    3    5.0000    0.8000
parameters
   -4.9834  -12.7655    3.8785    3.0720   -9.8224  -11.9469
   -1.7213   -8.1148    5.6423   20.9213   11.5421  -29.3118
eta,q 0.96983 11.15806
  0.0316  0.0311  0.0308  0.0316  0.0309  0.0314  0.0311  0.0321  0.0306  0.0309  0.0307  0.0306
  0.0309  0.0307  0.0305  0.0311  0.0306  0.0309  0.0306  0.0310  0.0304  0.0305  0.0304  0.0303
  0.0305  0.0304  0.0304  0.0307  0.0304  0.0305  0.0303  0.0304  0.0303  0.0303  0.0302  0.0302
  0.0304  0.0304  0.0304  0.0303  0.0302  0.0302  0.0302  0.0302  0.0302  0.0302  0.0302  0.0302
  0.0305  0.0304  0.0305  0.0302  0.0302  0.0302  0.0303  0.0304  0.0302  0.0303  0.0303  0.0303
  0.0309  0.0306  0.0307  0.0304  0.0304  0.0306  0.0305  0.0311  0.0303  0.0305  0.0304  0.0305
  0.0316  0.0309  0.0311  0.0311  0.0308  0.0312  0.0310  0.0320  0.0306  0.0308  0.0307  0.0307
niter,ni,del,rscale     4    3    5.0000    0.7000
parameters
   -5.0073  -12.7986    3.8990    3.0508   -9.6608  -11.8211
   -1.7081   -8.1547    5.7215   20.8184   11.5980  -29.3802
eta,q 0.96984 11.16947
  0.0312  0.0307  0.0307  0.0311  0.0307  0.0311  0.0308  0.0316  0.0305  0.0307  0.0306  0.0305
  0.0306  0.0304  0.0304  0.0307  0.0304  0.0307  0.0305  0.0308  0.0303  0.0304  0.0304  0.0303
  0.0303  0.0302  0.0302  0.0304  0.0303  0.0304  0.0303  0.0303  0.0302  0.0302  0.0302  0.0302
  0.0302  0.0302  0.0302  0.0302  0.0302  0.0302  0.0302  0.0302  0.0302  0.0302  0.0302  0.0302
  0.0303  0.0302  0.0302  0.0302  0.0302  0.0302  0.0302  0.0304  0.0302  0.0302  0.0302  0.0302
  0.0307  0.0304  0.0304  0.0306  0.0303  0.0306  0.0305  0.0309  0.0303  0.0304  0.0303  0.0304
  0.0313  0.0307  0.0307  0.0313  0.0307  0.0311  0.0309  0.0316  0.0305  0.0307  0.0306  0.0305
niter,ni,del,rscale     3    3    5.0000    0.6000
parameters
   -5.0137  -12.8602    3.9341    3.1528   -9.4188  -11.7081
   -1.6938   -8.1842    5.7746   20.5709   11.6157  -29.3813
eta,q 0.96987 11.18410
  0.0309  0.0305  0.0306  0.0309  0.0306  0.0309  0.0307  0.0313  0.0304  0.0305  0.0305  0.0304
  0.0305  0.0303  0.0304  0.0306  0.0304  0.0306  0.0304  0.0306  0.0303  0.0303  0.0303  0.0303
  0.0302  0.0302  0.0302  0.0303  0.0302  0.0303  0.0302  0.0303  0.0302  0.0302  0.0302  0.0302
  0.0302  0.0302  0.0302  0.0302  0.0302  0.0301  0.0301  0.0301  0.0301  0.0301  0.0301  0.0301
  0.0302  0.0302  0.0302  0.0302  0.0301  0.0302  0.0302  0.0303  0.0301  0.0302  0.0302  0.0302
  0.0305  0.0304  0.0303  0.0304  0.0303  0.0305  0.0304  0.0307  0.0302  0.0304  0.0303  0.0303
  0.0309  0.0306  0.0305  0.0309  0.0305  0.0309  0.0307  0.0313  0.0304  0.0306  0.0305  0.0304
niter,ni,del,rscale     2    3    5.0000    0.5000
parameters
   -5.0166  -12.9553    3.9775    3.2603   -9.0965  -11.5815
   -1.6941   -8.1937    5.8612   20.2357   11.5938  -29.3296
eta,q 0.96990 11.20135
  0.0307  0.0304  0.0304  0.0307  0.0305  0.0307  0.0305  0.0309  0.0303  0.0303  0.0303  0.0303
  0.0304  0.0302  0.0303  0.0304  0.0303  0.0304  0.0303  0.0305  0.0302  0.0302  0.0302  0.0302
  0.0302  0.0301  0.0302  0.0302  0.0302  0.0302  0.0302  0.0302  0.0301  0.0301  0.0301  0.0301
  0.0301  0.0301  0.0301  0.0301  0.0301  0.0301  0.0301  0.0301  0.0301  0.0301  0.0301  0.0301
  0.0302  0.0302  0.0302  0.0301  0.0301  0.0302  0.0301  0.0302  0.0301  0.0302  0.0301  0.0301
  0.0304  0.0303  0.0302  0.0303  0.0302  0.0303  0.0303  0.0305  0.0302  0.0303  0.0302  0.0302
  0.0307  0.0305  0.0304  0.0307  0.0304  0.0306  0.0305  0.0309  0.0303  0.0305  0.0303  0.0303
niter,ni,del,rscale     1    3    5.0000    0.4000
parameters
   -5.0249  -13.0590    4.0247    3.3398   -8.8091  -11.4636
   -1.6902   -8.1899    5.9280   19.9264   11.5861  -29.2796
eta,q 0.96992 11.21600
  0.0305  0.0302  0.0303  0.0305  0.0303  0.0305  0.0303  0.0306  0.0302  0.0302  0.0302  0.0302
  0.0303  0.0302  0.0302  0.0303  0.0302  0.0303  0.0302  0.0303  0.0302  0.0301  0.0301  0.0301
  0.0301  0.0301  0.0301  0.0302  0.0301  0.0302  0.0301  0.0301  0.0301  0.0301  0.0301  0.0301
  0.0301  0.0301  0.0301  0.0301  0.0301  0.0301  0.0301  0.0301  0.0301  0.0301  0.0301  0.0301
  0.0301  0.0301  0.0301  0.0301  0.0301  0.0301  0.0301  0.0301  0.0301  0.0301  0.0301  0.0301
  0.0303  0.0302  0.0302  0.0302  0.0301  0.0302  0.0302  0.0303  0.0301  0.0302  0.0302  0.0301
  0.0305  0.0303  0.0303  0.0305  0.0303  0.0304  0.0303  0.0306  0.0302  0.0303  0.0302  0.0302
registration optimization eta report
parameter search radius
    0.8000    0.8000    0.8000    2.4000    2.4000    2.4000
    2.4000    2.4000    2.4000    2.4000    2.4000    2.4000
100000*second partial in parameter space
       56.       29.       29.        6.        3.        6.
        4.        9.        2.        3.        3.        2.
  0.0305  0.0302  0.0303  0.0305  0.0303  0.0305  0.0303  0.0306  0.0302  0.0302  0.0302  0.0302
  0.0303  0.0302  0.0302  0.0303  0.0302  0.0303  0.0302  0.0303  0.0302  0.0301  0.0301  0.0301
  0.0301  0.0301  0.0301  0.0302  0.0301  0.0302  0.0301  0.0301  0.0301  0.0301  0.0301  0.0301
  0.0301  0.0301  0.0301  0.0301  0.0301  0.0301  0.0301  0.0301  0.0301  0.0301  0.0301  0.0301
  0.0301  0.0301  0.0301  0.0301  0.0301  0.0301  0.0301  0.0301  0.0301  0.0301  0.0301  0.0301
  0.0303  0.0302  0.0302  0.0302  0.0301  0.0302  0.0302  0.0303  0.0301  0.0302  0.0302  0.0301
  0.0305  0.0303  0.0303  0.0305  0.0303  0.0304  0.0303  0.0306  0.0302  0.0303  0.0302  0.0302
   -5.0249  -13.0590    4.0247    3.3398   -8.8091  -11.4636
   -1.6902   -8.1899    5.9280   19.9264   11.5861  -29.2796
eta,q 0.96992 11.21600

---------------------------------------------------------------------
imgreg_4dfp /opt/freesurfer/average/711-2C_as_mni_average_305 /opt/freesurfer/average/711-2B_as_mni_average_305_mask talsrcimg_g11 none talsrcimg_to_711-2C_as_mni_average_305_t4 2311
---------------------------------------------------------------------

freesurfer imgreg_4dfp.c
/opt/freesurfer/average/711-2C_as_mni_average_305.4dfp.img
       256       256       256         1
  1.000000  1.000000  1.000000
orientation T byte_order littleendian
Reading image: /opt/freesurfer/average/711-2C_as_mni_average_305.4dfp.img
dimensions:      256       256       256
mmppix:       1.0000   -1.0000   -1.0000
center:     128.0000 -129.0000 -129.0000
/opt/freesurfer/average/711-2B_as_mni_average_305_mask.4dfp.img
       256       256       256         1
  1.000000  1.000000  1.000000
orientation T byte_order littleendian
Reading mask: /opt/freesurfer/average/711-2B_as_mni_average_305_mask.4dfp.img (2306576 pixels)
talsrcimg_g11.4dfp.img
       256       256       256         1
  1.000000  1.000000  1.000000
orientation T byte_order littleendian
Reading image: talsrcimg_g11.4dfp.img
dimensions:      256       256       256
mmppix:       1.0000   -1.0000   -1.0000
center:     128.0000 -129.0000 -129.0000
fimgreg.f
image alignment mode   2311 decimal      907 hex
parameters
   -5.0249  -13.0590    4.0247    3.3399   -8.8091  -11.4636
   -1.6902   -8.1899    5.9280   19.9264   11.5861  -29.2796
eta,q 0.96992 11.21601
niter,ni,del,rscale     5    3    5.0000    0.8000
parameters
   -5.0399  -13.1135    4.1154    2.8084   -9.0235  -11.3801
   -1.8117   -8.1446    5.6931   20.0074   11.6164  -29.0850
eta,q 0.96987 11.19669
  0.0315  0.0308  0.0309  0.0311  0.0309  0.0313  0.0310  0.0321  0.0305  0.0309  0.0307  0.0307
  0.0307  0.0304  0.0305  0.0306  0.0305  0.0308  0.0305  0.0310  0.0303  0.0305  0.0304  0.0304
  0.0302  0.0301  0.0302  0.0303  0.0302  0.0304  0.0302  0.0303  0.0302  0.0302  0.0302  0.0302
  0.0301  0.0301  0.0301  0.0301  0.0301  0.0301  0.0301  0.0301  0.0301  0.0301  0.0301  0.0301
  0.0302  0.0302  0.0302  0.0303  0.0302  0.0302  0.0302  0.0303  0.0302  0.0302  0.0302  0.0302
  0.0307  0.0305  0.0304  0.0309  0.0305  0.0306  0.0306  0.0310  0.0304  0.0304  0.0303  0.0303
  0.0316  0.0309  0.0307  0.0320  0.0311  0.0313  0.0311  0.0320  0.0307  0.0309  0.0306  0.0306
niter,ni,del,rscale     4    3    5.0000    0.7000
parameters
   -5.0147  -13.1081    4.1389    2.8986   -8.9544  -11.2777
   -1.7642   -8.1397    5.7283   19.9271   11.6013  -29.0796
eta,q 0.96989 11.20380
  0.0312  0.0307  0.0307  0.0311  0.0307  0.0311  0.0308  0.0316  0.0305  0.0307  0.0305  0.0305
  0.0306  0.0304  0.0304  0.0307  0.0304  0.0306  0.0305  0.0308  0.0303  0.0304  0.0303  0.0303
  0.0303  0.0302  0.0302  0.0303  0.0302  0.0303  0.0302  0.0303  0.0302  0.0302  0.0302  0.0301
  0.0301  0.0301  0.0301  0.0301  0.0301  0.0301  0.0301  0.0301  0.0301  0.0301  0.0301  0.0301
  0.0302  0.0302  0.0302  0.0301  0.0301  0.0302  0.0302  0.0303  0.0301  0.0302  0.0302  0.0302
  0.0306  0.0304  0.0304  0.0305  0.0303  0.0305  0.0304  0.0308  0.0302  0.0304  0.0303  0.0303
  0.0311  0.0307  0.0306  0.0312  0.0308  0.0311  0.0308  0.0316  0.0305  0.0307  0.0305  0.0305
niter,ni,del,rscale     3    3    5.0000    0.6000
parameters
   -5.0177  -13.1403    4.1613    3.0163   -8.7900  -11.1936
   -1.7507   -8.1469    5.7886   19.7981   11.5909  -29.0662
eta,q 0.96991 11.21562
  0.0309  0.0305  0.0305  0.0309  0.0306  0.0309  0.0306  0.0312  0.0304  0.0305  0.0304  0.0304
  0.0305  0.0303  0.0303  0.0305  0.0304  0.0305  0.0303  0.0306  0.0302  0.0303  0.0302  0.0302
  0.0302  0.0302  0.0302  0.0303  0.0302  0.0302  0.0302  0.0302  0.0301  0.0301  0.0301  0.0301
  0.0301  0.0301  0.0301  0.0301  0.0301  0.0301  0.0301  0.0301  0.0301  0.0301  0.0301  0.0301
  0.0302  0.0302  0.0302  0.0301  0.0301  0.0302  0.0301  0.0302  0.0301  0.0302  0.0301  0.0301
  0.0305  0.0303  0.0303  0.0304  0.0303  0.0304  0.0303  0.0306  0.0302  0.0303  0.0302  0.0302
  0.0309  0.0306  0.0305  0.0309  0.0306  0.0308  0.0306  0.0312  0.0304  0.0306  0.0304  0.0304
niter,ni,del,rscale     2    3    5.0000    0.5000
parameters
   -5.0210  -13.1857    4.1860    3.1206   -8.6209  -11.1279
   -1.7471   -8.1482    5.8724   19.6436   11.5481  -29.0754
eta,q 0.96992 11.22610
  0.0306  0.0304  0.0304  0.0307  0.0304  0.0306  0.0305  0.0309  0.0303  0.0304  0.0303  0.0303
  0.0303  0.0302  0.0302  0.0304  0.0303  0.0304  0.0303  0.0304  0.0302  0.0302  0.0302  0.0302
  0.0302  0.0301  0.0301  0.0302  0.0302  0.0302  0.0301  0.0302  0.0301  0.0301  0.0301  0.0301
  0.0301  0.0301  0.0301  0.0301  0.0301  0.0301  0.0301  0.0301  0.0301  0.0301  0.0301  0.0301
  0.0302  0.0301  0.0301  0.0301  0.0301  0.0301  0.0301  0.0302  0.0301  0.0301  0.0301  0.0301
  0.0303  0.0303  0.0302  0.0303  0.0302  0.0303  0.0302  0.0305  0.0302  0.0302  0.0302  0.0302
  0.0307  0.0304  0.0304  0.0306  0.0304  0.0306  0.0305  0.0309  0.0303  0.0304  0.0303  0.0303
niter,ni,del,rscale     1    3    5.0000    0.4000
parameters
   -5.0194  -13.2296    4.2095    3.2168   -8.4691  -11.0722
   -1.7627   -8.1422    5.9073   19.5005   11.5507  -29.0666
eta,q 0.96993 11.23536
  0.0304  0.0303  0.0303  0.0305  0.0303  0.0305  0.0303  0.0306  0.0302  0.0303  0.0302  0.0302
  0.0302  0.0301  0.0302  0.0303  0.0302  0.0303  0.0302  0.0303  0.0301  0.0301  0.0301  0.0301
  0.0301  0.0301  0.0301  0.0302  0.0301  0.0301  0.0301  0.0301  0.0301  0.0301  0.0301  0.0301
  0.0301  0.0301  0.0301  0.0301  0.0301  0.0301  0.0301  0.0301  0.0301  0.0301  0.0301  0.0301
  0.0301  0.0301  0.0301  0.0301  0.0301  0.0301  0.0301  0.0301  0.0301  0.0301  0.0301  0.0301
  0.0302  0.0302  0.0302  0.0302  0.0301  0.0302  0.0302  0.0303  0.0301  0.0302  0.0301  0.0301
  0.0304  0.0303  0.0302  0.0304  0.0303  0.0304  0.0303  0.0306  0.0302  0.0303  0.0302  0.0302
registration optimization eta report
parameter search radius
    0.8000    0.8000    0.8000    2.4000    2.4000    2.4000
    2.4000    2.4000    2.4000    2.4000    2.4000    2.4000
100000*second partial in parameter space
       56.       32.       28.        6.        4.        7.
        4.        9.        2.        4.        3.        2.
  0.0304  0.0303  0.0303  0.0305  0.0303  0.0305  0.0303  0.0306  0.0302  0.0303  0.0302  0.0302
  0.0302  0.0301  0.0302  0.0303  0.0302  0.0303  0.0302  0.0303  0.0301  0.0301  0.0301  0.0301
  0.0301  0.0301  0.0301  0.0302  0.0301  0.0301  0.0301  0.0301  0.0301  0.0301  0.0301  0.0301
  0.0301  0.0301  0.0301  0.0301  0.0301  0.0301  0.0301  0.0301  0.0301  0.0301  0.0301  0.0301
  0.0301  0.0301  0.0301  0.0301  0.0301  0.0301  0.0301  0.0301  0.0301  0.0301  0.0301  0.0301
  0.0302  0.0302  0.0302  0.0302  0.0301  0.0302  0.0302  0.0303  0.0301  0.0302  0.0301  0.0301
  0.0304  0.0303  0.0302  0.0304  0.0303  0.0304  0.0303  0.0306  0.0302  0.0303  0.0302  0.0302
   -5.0194  -13.2296    4.2095    3.2168   -8.4691  -11.0722
   -1.7627   -8.1422    5.9073   19.5005   11.5507  -29.0666
eta,q 0.96993 11.23536

---------------------------------------------------------------------
compute_vox2vox talsrcimg talsrcimg_to_711-2C_as_mni_average_305_t4 /opt/freesurfer/average/711-2C_as_mni_average_305
---------------------------------------------------------------------

freesurfer compute_vox2vox.c
Reading: talsrcimg.4dfp.ifh
Reading: talsrcimg_to_711-2C_as_mni_average_305_t4
Reading: /opt/freesurfer/average/711-2C_as_mni_average_305.4dfp.ifh
Writing: talsrcimg_to_711-2C_as_mni_average_305_t4_vox2vox.txt

start time Sat Mar 14 10:31:02 CET 2026
end		time Sat Mar 14 10:31:16 CET 2026

mpr2mni305 success

avi2talxfm orig_nu.mgz /opt/freesurfer/average/mni305.cor.mgz talsrcimg_to_711-2C_as_mni_average_305_t4_vox2vox.txt transforms/talairach.auto.xfm
avi2talxfm done
mv -f /out/sourcedata/freesurfer/sub-v2s9x29156_ses-1/mri/talsrcimg_to_711-2C_as_mni_average_305_t4_vox2vox.txt /out/sourcedata/freesurfer/sub-v2s9x29156_ses-1/mri/transforms/talsrcimg_to_711-2C_as_mni_average_305_t4_vox2vox.txt
lta_convert --src orig_nu.mgz --trg /opt/freesurfer/average/mni305.cor.mgz --inxfm transforms/talairach.auto.xfm --outlta transforms/talairach.auto.xfm.lta --subject fsaverage
7.3.2

--src: orig_nu.mgz src image (geometry).
--trg: /opt/freesurfer/average/mni305.cor.mgz trg image (geometry).
--inmni: transforms/talairach.auto.xfm input MNI/XFM transform.
--outlta: transforms/talairach.auto.xfm.lta output LTA.
--s: fsaverage subject name
 LTA read, type : 1
 0.95761   0.07819   0.04327   4.36978;
-0.13517   1.04026   0.32774  -1.95937;
-0.03300  -0.22667   1.01991   13.28348;
 0.00000   0.00000   0.00000   1.00000;
setting subject to fsaverage
Writing  LTA to file transforms/talairach.auto.xfm.lta...
lta_convert successful.
 
 
Started at Sat Mar 14 10:31:01 CET 2026
Ended   at Sat Mar 14 10:31:16 CET 2026
talairach_avi done
