/out/sourcedata/freesurfer/sub-v2s9x29150_ses-1/mri
/opt/freesurfer/bin/talairach_avi
--i orig_nu.mgz --xfm transforms/talairach.auto.xfm
talairach_avi 7.3.2
Linux dna032 5.14.0-427.37.1.el9_4.x86_64 #1 SMP PREEMPT_DYNAMIC Fri Sep 13 12:41:50 EDT 2024 x86_64 x86_64 x86_64 GNU/Linux
Sat Mar 14 10:31:40 CET 2026
mri_convert orig_nu.mgz talsrcimg.img 
reading from orig_nu.mgz...
TR=0.00, TE=0.00, TI=0.00, flip angle=0.00
i_ras = (-1, 0, 0)
j_ras = (0, 0, -1)
k_ras = (0, 1, 0)
writing to talsrcimg.img...
Analyze Output Matrix
-1.00000   0.00000   0.00000   129.66513;
 0.00000   0.00000   1.00000  -128.00000;
 0.00000  -1.00000   0.00000   130.00000;
 0.00000   0.00000   0.00000   1.00000;
--------------------
INFO: set hdr.hist.orient to -1
mpr2mni305 talsrcimg
Sat Mar 14 10:31:40 CET 2026
/opt/freesurfer/bin/mpr2mni305 talsrcimg
mpr2mni305 7.3.2
target=711-2C_as_mni_average_305

---------------------------------------------------------------------
analyzeto4dfp talsrcimg -O0 -y
---------------------------------------------------------------------

freesurfer ifh2hdr.c
Sat Mar 14 10:31:41 2026
Writing: talsrcimg.4dfp.hdr
freesurfer analyzeto4dfp.c
Reading: talsrcimg.hdr
header size 348 bytes
hdr.dime.datatype	offset=70	value=2
hdr.dime.bitpix		offset=72	value=8
hdr.hist.orient		offset=252	value=-1
dimensionality     4
dimensions       256       256       256         1
Reading: talsrcimg.img
Writing: talsrcimg.4dfp.img
Writing: talsrcimg.4dfp.ifh
ifh2hdr talsrcimg -r0to215
ori=2

---------------------------------------------------------------------
gauss_4dfp talsrcimg 1.1
---------------------------------------------------------------------

freesurfer gauss_4dfp.c
Reading: talsrcimg.4dfp.img
Writing: talsrcimg_g11.4dfp.img
image dimensions 256 256 256 padded to 288 288 288
processing volume 1freesurfer ifh2hdr.c
Sat Mar 14 10:31:42 2026
Writing: talsrcimg_g11.4dfp.hdr

Writing: talsrcimg_g11.4dfp.ifh
including: talsrcimg.4dfp.img.rec in talsrcimg_g11.4dfp.img.rec

---------------------------------------------------------------------
imgreg_4dfp /opt/freesurfer/average/711-2C_as_mni_average_305 none talsrcimg_g11 none talsrcimg_to_711-2C_as_mni_average_305_t4 4355
---------------------------------------------------------------------

freesurfer imgreg_4dfp.c
/opt/freesurfer/average/711-2C_as_mni_average_305.4dfp.img
       256       256       256         1
  1.000000  1.000000  1.000000
orientation T byte_order littleendian
Reading image: /opt/freesurfer/average/711-2C_as_mni_average_305.4dfp.img
dimensions:      256       256       256
mmppix:       1.0000   -1.0000   -1.0000
center:     128.0000 -129.0000 -129.0000
talsrcimg_g11.4dfp.img
       256       256       256         1
  1.000000  1.000000  1.000000
orientation T byte_order littleendian
Reading image: talsrcimg_g11.4dfp.img
dimensions:      256       256       256
mmppix:       1.0000   -1.0000   -1.0000
center:     128.0000 -129.0000 -129.0000
t4_read: open error in t4_sub.f l:  41 t4_file(1:l)talsrcimg_to_711-2C_as_mni_average_305_t4 
t4_read: transform initialized to I4
rotation matrix determinant  1.000000
image alignment mode   4355 decimal     1103 hex
   -7.5000  -45.0000  -45.0000 7979.1406   21.7869
    0.0000  -45.0000  -45.0000 8433.2871   21.7785
    7.5000  -45.0000  -45.0000 8157.3677   21.7710
   -7.5000  -37.5000  -45.0000 8501.3320   21.7006
    0.0000  -37.5000  -45.0000 9008.1895   21.6973
    7.5000  -37.5000  -45.0000 8663.7510   21.6866
   -7.5000  -30.0000  -45.0000 9304.9463   21.6650
    0.0000  -30.0000  -45.0000 9866.7910   21.6703
    7.5000  -30.0000  -45.0000 9494.9414   21.6591
   -7.5000  -22.5000  -45.000010025.1240   21.6915
    0.0000  -22.5000  -45.000010625.4980   21.6965
    7.5000  -22.5000  -45.000010241.3076   21.6862
   -7.5000  -15.0000  -45.000010623.4951   21.7257
    0.0000  -15.0000  -45.000011239.2783   21.7242
    7.5000  -15.0000  -45.000010873.9658   21.7144
   -7.5000   -7.5000  -45.000011197.2598   21.7297
    0.0000   -7.5000  -45.000011857.8779   21.7229
    7.5000   -7.5000  -45.000011447.9736   21.7156
   -7.5000    0.0000  -45.000011732.4209   21.7085
    0.0000    0.0000  -45.000012392.6504   21.6997
    7.5000    0.0000  -45.000011964.7217   21.6922
   -7.5000    7.5000  -45.000011359.7168   21.6779
    0.0000    7.5000  -45.000012014.2207   21.6746
    7.5000    7.5000  -45.000011574.5303   21.6639
   -7.5000   15.0000  -45.000010774.9863   21.6649
    0.0000   15.0000  -45.000011368.1191   21.6702
    7.5000   15.0000  -45.000010980.1748   21.6590
   -7.5000   22.5000  -45.000010082.2422   21.6885
    0.0000   22.5000  -45.000010631.2812   21.6935
    7.5000   22.5000  -45.000010287.1523   21.6832
   -7.5000   30.0000  -45.0000 9339.6006   21.4362
    0.0000   30.0000  -45.0000 9857.6475   21.4347
    7.5000   30.0000  -45.0000 9518.6807   21.4251
   -7.5000   37.5000  -45.0000 8876.2568   21.4402
    0.0000   37.5000  -45.0000 9373.7197   21.4335
    7.5000   37.5000  -45.0000 9013.4980   21.4263
   -7.5000   45.0000  -45.0000 8104.1592   20.8986
    0.0000   45.0000  -45.0000 8567.1680   20.8905
    7.5000   45.0000  -45.0000 8212.7451   20.8836
   -7.5000  -45.0000  -37.5000 8552.8828   21.7447
    0.0000  -45.0000  -37.5000 9053.8486   21.7523
    7.5000  -45.0000  -37.5000 8757.8340   21.7601
   -7.5000  -37.5000  -37.5000 9095.1211   21.6703
    0.0000  -37.5000  -37.5000 9641.9160   21.6801
    7.5000  -37.5000  -37.5000 9305.7656   21.6826
   -7.5000  -30.0000  -37.5000 9924.2920   21.6449
    0.0000  -30.0000  -37.500010527.1670   21.6610
    7.5000  -30.0000  -37.500010163.4922   21.6589
   -7.5000  -22.5000  -37.500010663.4629   21.6689
    0.0000  -22.5000  -37.500011320.4180   21.6866
    7.5000  -22.5000  -37.500010941.4863   21.6841
   -7.5000  -15.0000  -37.500011317.5596   21.6909
    0.0000  -15.0000  -37.500011992.8057   21.7054
    7.5000  -15.0000  -37.500011593.0000   21.7069
   -7.5000   -7.5000  -37.500011884.0918   21.6858
    0.0000   -7.5000  -37.500012625.7646   21.6961
    7.5000   -7.5000  -37.500012194.2354   21.7031
   -7.5000    0.0000  -37.500012371.9307   21.6668
    0.0000    0.0000  -37.500013144.9268   21.6739
    7.5000    0.0000  -37.500012682.9043   21.6815
   -7.5000    7.5000  -37.500011952.0244   21.6478
    0.0000    7.5000  -37.500012679.5957   21.6576
    7.5000    7.5000  -37.500012243.9639   21.6599
   -7.5000   15.0000  -37.500011391.1768   21.6448
    0.0000   15.0000  -37.500012045.6846   21.6609
    7.5000   15.0000  -37.500011637.7695   21.6588
   -7.5000   22.5000  -37.500010670.6543   21.6660
    0.0000   22.5000  -37.500011283.0391   21.6836
    7.5000   22.5000  -37.500010888.2715   21.6812
   -7.5000   30.0000  -37.5000 9863.4707   21.4019
    0.0000   30.0000  -37.500010437.2715   21.4162
    7.5000   30.0000  -37.500010060.9414   21.4176
   -7.5000   37.5000  -37.5000 9336.1875   21.3969
    0.0000   37.5000  -37.5000 9880.5625   21.4070
    7.5000   37.5000  -37.5000 9504.5098   21.4140
   -7.5000   45.0000  -37.5000 8481.9570   20.8580
    0.0000   45.0000  -37.5000 8967.7520   20.8652
    7.5000   45.0000  -37.5000 8622.0361   20.8727
   -7.5000  -45.0000  -30.0000 9278.8945   22.6187
    0.0000  -45.0000  -30.0000 9797.6221   22.6305
    7.5000  -45.0000  -30.0000 9476.5625   22.6479
   -7.5000  -37.5000  -30.0000 9841.3330   22.5527
    0.0000  -37.5000  -30.000010402.8027   22.5644
    7.5000  -37.5000  -30.000010068.3594   22.5761
   -7.5000  -30.0000  -30.000010697.2959   22.5340
    0.0000  -30.0000  -30.000011311.5957   22.5506
    7.5000  -30.0000  -30.000010955.7822   22.5545
   -7.5000  -22.5000  -30.000011463.1611   22.5527
    0.0000  -22.5000  -30.000012137.7393   22.5729
    7.5000  -22.5000  -30.000011761.3789   22.5740
   -7.5000  -15.0000  -30.000012144.0283   22.5639
    0.0000  -15.0000  -30.000012860.0977   22.5834
    7.5000  -15.0000  -30.000012459.2588   22.5887
   -7.5000   -7.5000  -30.000012740.0596   22.5535
    0.0000   -7.5000  -30.000013528.5957   22.5694
    7.5000   -7.5000  -30.000013094.3945   22.5828
   -7.5000    0.0000  -30.000013232.9297   22.5380
    0.0000    0.0000  -30.000014065.6230   22.5493
    7.5000    0.0000  -30.000013596.2607   22.5663
   -7.5000    7.5000  -30.000012791.7578   22.5295
    0.0000    7.5000  -30.000013578.2188   22.5410
    7.5000    7.5000  -30.000013125.7002   22.5525
   -7.5000   15.0000  -30.000012203.9482   22.5339
    0.0000   15.0000  -30.000012924.6504   22.5505
    7.5000   15.0000  -30.000012471.8984   22.5543
   -7.5000   22.5000  -30.000011407.0059   22.5473
    0.0000   22.5000  -30.000012066.8828   22.5675
    7.5000   22.5000  -30.000011629.6436   22.5686
   -7.5000   30.0000  -30.000010511.0664   22.2653
    0.0000   30.0000  -30.000011138.6621   22.2845
    7.5000   30.0000  -30.000010706.7451   22.2898
   -7.5000   37.5000  -30.0000 9962.5312   22.2552
    0.0000   37.5000  -30.000010555.0967   22.2708
    7.5000   37.5000  -30.000010116.1104   22.2841
   -7.5000   45.0000  -30.0000 9048.4893   21.7128
    0.0000   45.0000  -30.0000 9566.2939   21.7241
    7.5000   45.0000  -30.0000 9175.5723   21.7406
   -7.5000  -45.0000  -22.5000 9962.0127   23.3769
    0.0000  -45.0000  -22.500010523.3145   23.3752
    7.5000  -45.0000  -22.500010198.0605   23.3861
   -7.5000  -37.5000  -22.500010546.7314   23.3062
    0.0000  -37.5000  -22.500011165.5723   23.3048
    7.5000  -37.5000  -22.500010798.7549   23.3128
   -7.5000  -30.0000  -22.500011428.4082   23.2824
    0.0000  -30.0000  -22.500012099.1533   23.2870
    7.5000  -30.0000  -22.500011714.0732   23.2883
   -7.5000  -22.5000  -22.500012255.6074   23.2989
    0.0000  -22.5000  -22.500012944.3740   23.3070
    7.5000  -22.5000  -22.500012559.0049   23.3034
   -7.5000  -15.0000  -22.500012974.6309   23.3132
    0.0000  -15.0000  -22.500013700.2920   23.3197
    7.5000  -15.0000  -22.500013271.3584   23.3158
   -7.5000   -7.5000  -22.500013623.0527   23.3079
    0.0000   -7.5000  -22.500014405.8359   23.3104
    7.5000   -7.5000  -22.500013938.0381   23.3142
   -7.5000    0.0000  -22.500014143.5254   23.2936
    0.0000    0.0000  -22.500014978.6191   23.2915
    7.5000    0.0000  -22.500014472.2852   23.3021
   -7.5000    7.5000  -22.500013632.6230   23.2823
    0.0000    7.5000  -22.500014427.2168   23.2807
    7.5000    7.5000  -22.500013936.0527   23.2886
   -7.5000   15.0000  -22.500012973.0039   23.2823
    0.0000   15.0000  -22.500013713.4541   23.2869
    7.5000   15.0000  -22.500013223.6982   23.2882
   -7.5000   22.5000  -22.500012121.8721   23.2917
    0.0000   22.5000  -22.500012797.7910   23.2998
    7.5000   22.5000  -22.500012302.3779   23.2962
   -7.5000   30.0000  -22.500011172.2764   23.0082
    0.0000   30.0000  -22.500011812.6475   23.0147
    7.5000   30.0000  -22.500011321.7861   23.0108
   -7.5000   37.5000  -22.500010565.2598   23.0031
    0.0000   37.5000  -22.500011188.0293   23.0056
    7.5000   37.5000  -22.500010716.6523   23.0093
   -7.5000   45.0000  -22.5000 9563.2119   22.4586
    0.0000   45.0000  -22.500010137.4014   22.4569
    7.5000   45.0000  -22.5000 9698.0420   22.4672
   -7.5000  -45.0000  -15.000010615.2324   23.9339
    0.0000  -45.0000  -15.000011267.3633   23.9162
    7.5000  -45.0000  -15.000010907.6016   23.9125
   -7.5000  -37.5000  -15.000011224.4824   23.8468
    0.0000  -37.5000  -15.000011906.0439   23.8320
    7.5000  -37.5000  -15.000011524.7402   23.8287
   -7.5000  -30.0000  -15.000012171.3340   23.8106
    0.0000  -30.0000  -15.000012874.0293   23.8042
    7.5000  -30.0000  -15.000012494.6963   23.7986
   -7.5000  -22.5000  -15.000013043.6484   23.8315
    0.0000  -22.5000  -15.000013755.9873   23.8273
    7.5000  -22.5000  -15.000013366.0996   23.8166
   -7.5000  -15.0000  -15.000013799.7734   23.8614
    0.0000  -15.0000  -15.000014519.0205   23.8525
    7.5000  -15.0000  -15.000014090.1152   23.8369
   -7.5000   -7.5000  -15.000014494.2939   23.8665
    0.0000   -7.5000  -15.000015223.9580   23.8523
    7.5000   -7.5000  -15.000014738.0156   23.8415
   -7.5000    0.0000  -15.000015009.8213   23.8484
    0.0000    0.0000  -15.000015795.3799   23.8303
    7.5000    0.0000  -15.000015292.0146   23.8266
   -7.5000    7.5000  -15.000014446.9385   23.8223
    0.0000    7.5000  -15.000015217.6504   23.8073
    7.5000    7.5000  -15.000014699.4316   23.8039
   -7.5000   15.0000  -15.000013734.6357   23.8105
    0.0000   15.0000  -15.000014474.0537   23.8040
    7.5000   15.0000  -15.000013945.9541   23.7985
   -7.5000   22.5000  -15.000012812.1396   23.8231
    0.0000   22.5000  -15.000013504.2158   23.8189
    7.5000   22.5000  -15.000012981.8496   23.8082
   -7.5000   30.0000  -15.000011800.6816   23.5526
    0.0000   30.0000  -15.000012448.2402   23.5438
    7.5000   30.0000  -15.000011948.7832   23.5284
   -7.5000   37.5000  -15.000011136.7891   23.5577
    0.0000   37.5000  -15.000011748.5908   23.5437
    7.5000   37.5000  -15.000011252.1260   23.5330
   -7.5000   45.0000  -15.000010050.3662   23.0080
    0.0000   45.0000  -15.000010639.8545   22.9909
    7.5000   45.0000  -15.000010154.8232   22.9874
   -7.5000  -45.0000   -7.500011315.1006   24.2291
    0.0000  -45.0000   -7.500011994.5625   24.2082
    7.5000  -45.0000   -7.500011596.4863   24.1953
   -7.5000  -37.5000   -7.500011943.8564   24.1305
    0.0000  -37.5000   -7.500012604.7861   24.1151
    7.5000  -37.5000   -7.500012197.8086   24.1017
   -7.5000  -30.0000   -7.500012932.5938   24.0859
    0.0000  -30.0000   -7.500013593.9678   24.0804
    7.5000  -30.0000   -7.500013193.8584   24.0680
   -7.5000  -22.5000   -7.500013886.5264   24.1118
    0.0000  -22.5000   -7.500014566.5166   24.1066
    7.5000  -22.5000   -7.500014153.0342   24.0925
   -7.5000  -15.0000   -7.500014694.6064   24.1528
    0.0000  -15.0000   -7.500015379.9980   24.1403
    7.5000  -15.0000   -7.500014923.2520   24.1221
   -7.5000   -7.5000   -7.500015465.3770   24.1636
    0.0000   -7.5000   -7.500016128.5176   24.1450
    7.5000   -7.5000   -7.500015641.5283   24.1292
   -7.5000    0.0000   -7.500016032.2490   24.1423
    0.0000    0.0000   -7.500016738.3750   24.1211
    7.5000    0.0000   -7.500016216.3477   24.1081
   -7.5000    7.5000   -7.500015395.6426   24.1055
    0.0000    7.5000   -7.500016116.1611   24.0900
    7.5000    7.5000   -7.500015567.5635   24.0766
   -7.5000   15.0000   -7.500014627.8271   24.0857
    0.0000   15.0000   -7.500015288.2939   24.0803
    7.5000   15.0000   -7.500014766.6289   24.0678
   -7.5000   22.5000   -7.500013602.9346   24.1007
    0.0000   22.5000   -7.500014240.2871   24.0955
    7.5000   22.5000   -7.500013739.4443   24.0814
   -7.5000   30.0000   -7.500012509.0527   23.8396
    0.0000   30.0000   -7.500013096.0225   23.8272
    7.5000   30.0000   -7.500012594.0410   23.8093
   -7.5000   37.5000   -7.500011768.5908   23.8503
    0.0000   37.5000   -7.500012323.3242   23.8320
    7.5000   37.5000   -7.500011825.9863   23.8163
   -7.5000   45.0000   -7.500010592.0283   23.2954
    0.0000   45.0000   -7.500011122.9209   23.2753
    7.5000   45.0000   -7.500010662.3301   23.2630
   -7.5000  -45.0000    0.000011880.1826   24.2948
    0.0000  -45.0000    0.000012526.4551   24.2859
    7.5000  -45.0000    0.000012154.4160   24.2782
   -7.5000  -37.5000    0.000012509.0137   24.1984
    0.0000  -37.5000    0.000013161.9092   24.1948
    7.5000  -37.5000    0.000012770.4678   24.1834
   -7.5000  -30.0000    0.000013543.2002   24.1572
    0.0000  -30.0000    0.000014168.5811   24.1631
    7.5000  -30.0000    0.000013758.3584   24.1511
   -7.5000  -22.5000    0.000014570.4688   24.1856
    0.0000  -22.5000    0.000015186.6143   24.1913
    7.5000  -22.5000    0.000014790.7949   24.1804
   -7.5000  -15.0000    0.000015441.4883   24.2239
    0.0000  -15.0000    0.000016089.2266   24.2228
    7.5000  -15.0000    0.000015665.3135   24.2125
   -7.5000   -7.5000    0.000016259.1113   24.2299
    0.0000   -7.5000    0.000016855.6914   24.2231
    7.5000   -7.5000    0.000016365.4814   24.2157
   -7.5000    0.0000    0.000016854.3887   24.2076
    0.0000    0.0000    0.000017439.5977   24.1984
    7.5000    0.0000    0.000016866.7637   24.1906
   -7.5000    7.5000    0.000016117.4824   24.1732
    0.0000    7.5000    0.000016703.5059   24.1696
    7.5000    7.5000    0.000016096.9619   24.1581
   -7.5000   15.0000    0.000015279.4111   24.1571
    0.0000   15.0000    0.000015831.3828   24.1629
    7.5000   15.0000    0.000015257.8926   24.1509
   -7.5000   22.5000    0.000014190.6348   24.1744
    0.0000   22.5000    0.000014720.9941   24.1802
    7.5000   22.5000    0.000014190.0771   24.1693
   -7.5000   30.0000    0.000013005.9541   23.9104
    0.0000   30.0000    0.000013462.9873   23.9093
    7.5000   30.0000    0.000012976.3486   23.8992
   -7.5000   37.5000    0.000012243.2764   23.9164
    0.0000   37.5000    0.000012653.5049   23.9097
    7.5000   37.5000    0.000012199.2822   23.9023
   -7.5000   45.0000    0.000011026.6211   23.3594
    0.0000   45.0000    0.000011445.4512   23.3508
    7.5000   45.0000    0.000011017.3916   23.3436
   -7.5000  -45.0000    7.500011579.8916   24.3014
    0.0000  -45.0000    7.500012198.0859   24.3102
    7.5000  -45.0000    7.500011824.0664   24.3192
   -7.5000  -37.5000    7.500012136.0000   24.2185
    0.0000  -37.5000    7.500012754.9697   24.2296
    7.5000  -37.5000    7.500012376.7646   24.2325
   -7.5000  -30.0000    7.500013104.4160   24.1899
    0.0000  -30.0000    7.500013706.8535   24.2079
    7.5000  -30.0000    7.500013286.2959   24.2058
   -7.5000  -22.5000    7.500014057.1465   24.2164
    0.0000  -22.5000    7.500014718.4668   24.2363
    7.5000  -22.5000    7.500014313.5000   24.2339
   -7.5000  -15.0000    7.500014920.8369   24.2407
    0.0000  -15.0000    7.500015648.2666   24.2573
    7.5000  -15.0000    7.500015191.1260   24.2594
   -7.5000   -7.5000    7.500015766.2148   24.2353
    0.0000   -7.5000    7.500016416.0605   24.2472
    7.5000   -7.5000    7.500015886.1318   24.2554
   -7.5000    0.0000    7.500016340.1504   24.2145
    0.0000    0.0000    7.500016949.7988   24.2227
    7.5000    0.0000    7.500016366.6436   24.2315
   -7.5000    7.5000    7.500015599.3281   24.1934
    0.0000    7.5000    7.500016105.6064   24.2044
    7.5000    7.5000    7.500015538.7656   24.2071
   -7.5000   15.0000    7.500014784.8213   24.1898
    0.0000   15.0000    7.500015215.1689   24.2078
    7.5000   15.0000    7.500014692.2959   24.2057
   -7.5000   22.5000    7.500013715.3359   24.2052
    0.0000   22.5000    7.500014083.7383   24.2251
    7.5000   22.5000    7.500013640.6621   24.2227
   -7.5000   30.0000    7.500012521.5391   23.9270
    0.0000   30.0000    7.500012866.4150   23.9433
    7.5000   30.0000    7.500012456.6963   23.9454
   -7.5000   37.5000    7.500011777.0625   23.9217
    0.0000   37.5000    7.500012136.5947   23.9335
    7.5000   37.5000    7.500011715.9482   23.9416
   -7.5000   45.0000    7.500010607.0830   23.3655
    0.0000   45.0000    7.500010952.3516   23.3737
    7.5000   45.0000    7.500010564.3301   23.3825
   -7.5000  -45.0000   15.000011127.7646   24.3271
    0.0000  -45.0000   15.000011770.2969   24.3403
    7.5000  -45.0000   15.000011372.6904   24.3593
   -7.5000  -37.5000   15.000011639.3574   24.2573
    0.0000  -37.5000   15.000012304.0879   24.2702
    7.5000  -37.5000   15.000011851.3477   24.2832
   -7.5000  -30.0000   15.000012539.2217   24.2381
    0.0000  -30.0000   15.000013194.3545   24.2563
    7.5000  -30.0000   15.000012730.8398   24.2608
   -7.5000  -22.5000   15.000013435.0176   24.2578
    0.0000  -22.5000   15.000014107.6807   24.2797
    7.5000  -22.5000   15.000013699.6162   24.2812
   -7.5000  -15.0000   15.000014307.7891   24.2685
    0.0000  -15.0000   15.000014986.6064   24.2898
    7.5000  -15.0000   15.000014520.8281   24.2957
   -7.5000   -7.5000   15.000015187.6113   24.2567
    0.0000   -7.5000   15.000015787.5967   24.2741
    7.5000   -7.5000   15.000015282.0264   24.2888
   -7.5000    0.0000   15.000015794.4834   24.2402
    0.0000    0.0000   15.000016343.8096   24.2529
    7.5000    0.0000   15.000015851.8438   24.2714
   -7.5000    7.5000   15.000015071.7705   24.2323
    0.0000    7.5000   15.000015516.3506   24.2451
    7.5000    7.5000   15.000015041.0322   24.2578
   -7.5000   15.0000   15.000014207.4062   24.2380
    0.0000   15.0000   15.000014613.3057   24.2562
    7.5000   15.0000   15.000014104.8291   24.2606
   -7.5000   22.5000   15.000013165.9004   24.2466
    0.0000   22.5000   15.000013508.5098   24.2686
    7.5000   22.5000   15.000013028.8057   24.2701
   -7.5000   30.0000   15.000011970.1816   23.9544
    0.0000   30.0000   15.000012327.5557   23.9754
    7.5000   30.0000   15.000011859.5400   23.9813
   -7.5000   37.5000   15.000011240.4961   23.9428
    0.0000   37.5000   15.000011627.6582   23.9600
    7.5000   37.5000   15.000011166.8789   23.9746
   -7.5000   45.0000   15.000010094.6826   23.3906
    0.0000   45.0000   15.000010463.5439   23.4031
    7.5000   45.0000   15.000010049.7744   23.4213
   -7.5000  -45.0000   22.500010535.2559   24.3762
    0.0000  -45.0000   22.500011161.1602   24.3752
    7.5000  -45.0000   22.500010807.7422   24.3872
   -7.5000  -37.5000   22.500011042.9482   24.3038
    0.0000  -37.5000   22.500011653.9014   24.3032
    7.5000  -37.5000   22.500011284.2422   24.3120
   -7.5000  -30.0000   22.500011934.2217   24.2804
    0.0000  -30.0000   22.500012562.2559   24.2860
    7.5000  -30.0000   22.500012184.2139   24.2878
   -7.5000  -22.5000   22.500012758.6348   24.2973
    0.0000  -22.5000   22.500013398.3398   24.3066
    7.5000  -22.5000   22.500013034.2305   24.3032
   -7.5000  -15.0000   22.500013621.8271   24.3107
    0.0000  -15.0000   22.500014219.1982   24.3184
    7.5000  -15.0000   22.500013799.4092   24.3147
   -7.5000   -7.5000   22.500014449.9658   24.3038
    0.0000   -7.5000   22.500015034.7529   24.3073
    7.5000   -7.5000   22.500014573.4854   24.3118
   -7.5000    0.0000   22.500015030.9766   24.2889
    0.0000    0.0000   22.500015665.4473   24.2875
    7.5000    0.0000   22.500015146.6152   24.2992
   -7.5000    7.5000   22.500014302.0742   24.2788
    0.0000    7.5000   22.500014936.9639   24.2779
    7.5000    7.5000   22.500014372.5518   24.2867
   -7.5000   15.0000   22.500013410.4404   24.2803
    0.0000   15.0000   22.500014019.3428   24.2859
    7.5000   15.0000   22.500013438.1963   24.2876
   -7.5000   22.5000   22.500012398.1494   24.2861
    0.0000   22.5000   22.500012945.7539   24.2954
    7.5000   22.5000   22.500012399.5234   24.2920
   -7.5000   30.0000   22.500011302.6504   23.9960
    0.0000   30.0000   22.500011792.0869   24.0037
    7.5000   30.0000   22.500011307.5576   24.0001
   -7.5000   37.5000   22.500010620.2930   23.9893
    0.0000   37.5000   22.500011059.7266   23.9927
    7.5000   37.5000   22.500010636.3857   23.9972
   -7.5000   45.0000   22.5000 9538.0928   23.4386
    0.0000   45.0000   22.5000 9919.6514   23.4376
    7.5000   45.0000   22.5000 9524.2676   23.4491
   -7.5000  -45.0000   30.0000 9863.6211   24.4578
    0.0000  -45.0000   30.000010426.0156   24.4406
    7.5000  -45.0000   30.000010092.8330   24.4373
   -7.5000  -37.5000   30.000010339.5098   24.3700
    0.0000  -37.5000   30.000010931.0352   24.3557
    7.5000  -37.5000   30.000010580.5977   24.3526
   -7.5000  -30.0000   30.000011191.9668   24.3339
    0.0000  -30.0000   30.000011841.7168   24.3282
    7.5000  -30.0000   30.000011449.6562   24.3226
   -7.5000  -22.5000   30.000011990.6631   24.3545
    0.0000  -22.5000   30.000012692.1807   24.3511
    7.5000  -22.5000   30.000012278.0605   24.3403
   -7.5000  -15.0000   30.000012793.5195   24.3832
    0.0000  -15.0000   30.000013484.3887   24.3751
    7.5000  -15.0000   30.000013017.8291   24.3594
   -7.5000   -7.5000   30.000013542.8662   24.3875
    0.0000   -7.5000   30.000014197.2236   24.3741
    7.5000   -7.5000   30.000013732.4775   24.3634
   -7.5000    0.0000   30.000014044.8242   24.3697
    0.0000    0.0000   30.000014714.5869   24.3522
    7.5000    0.0000   30.000014221.5977   24.3488
   -7.5000    7.5000   30.000013331.2305   24.3446
    0.0000    7.5000   30.000013947.2100   24.3303
    7.5000    7.5000   30.000013469.5107   24.3270
   -7.5000   15.0000   30.000012482.3516   24.3338
    0.0000   15.0000   30.000013036.1875   24.3281
    7.5000   15.0000   30.000012598.9443   24.3225
   -7.5000   22.5000   30.000011561.5371   24.3433
    0.0000   22.5000   30.000012060.1729   24.3399
    7.5000   22.5000   30.000011668.2041   24.3291
   -7.5000   30.0000   30.000010564.6602   24.0677
    0.0000   30.0000   30.000011036.4453   24.0596
    7.5000   30.0000   30.000010644.8643   24.0442
   -7.5000   37.5000   30.0000 9922.5664   24.0719
    0.0000   37.5000   30.000010353.7305   24.0587
    7.5000   37.5000   30.0000 9980.4297   24.0481
   -7.5000   45.0000   30.0000 8896.6221   23.5173
    0.0000   45.0000   30.0000 9283.8945   23.5008
    7.5000   45.0000   30.0000 8937.7061   23.4976
   -7.5000  -45.0000   37.5000 9509.5947   24.6236
    0.0000  -45.0000   37.500010061.3145   24.6038
    7.5000  -45.0000   37.5000 9715.4336   24.5912
   -7.5000  -37.5000   37.500010014.0332   24.5227
    0.0000  -37.5000   37.500010584.2725   24.5085
    7.5000  -37.5000   37.500010222.0381   24.4953
   -7.5000  -30.0000   37.500010838.0967   24.4766
    0.0000  -30.0000   37.500011485.0078   24.4725
    7.5000  -30.0000   37.500011107.6348   24.4603
   -7.5000  -22.5000   37.500011584.4443   24.5020
    0.0000  -22.5000   37.500012266.0439   24.4983
    7.5000  -22.5000   37.500011904.5703   24.4845
   -7.5000  -15.0000   37.500012315.1182   24.5434
    0.0000  -15.0000   37.500012996.0781   24.5322
    7.5000  -15.0000   37.500012592.0352   24.5144
   -7.5000   -7.5000   37.500013024.0146   24.5549
    0.0000   -7.5000   37.500013712.2656   24.5376
    7.5000   -7.5000   37.500013270.2939   24.5222
   -7.5000    0.0000   37.500013508.5391   24.5340
    0.0000    0.0000   37.500014202.0273   24.5139
    7.5000    0.0000   37.500013754.1250   24.5014
   -7.5000    7.5000   37.500012832.1934   24.4969
    0.0000    7.5000   37.500013465.3574   24.4826
    7.5000    7.5000   37.500013018.0713   24.4694
   -7.5000   15.0000   37.500012047.8662   24.4764
    0.0000   15.0000   37.500012577.5498   24.4724
    7.5000   15.0000   37.500012170.2715   24.4601
   -7.5000   22.5000   37.500011166.0459   24.4907
    0.0000   22.5000   37.500011655.7939   24.4870
    7.5000   22.5000   37.500011268.9619   24.4733
   -7.5000   30.0000   37.500010196.0889   24.2258
    0.0000   30.0000   37.500010653.1816   24.2147
    7.5000   30.0000   37.500010281.9697   24.1972
   -7.5000   37.5000   37.5000 9561.8027   24.2372
    0.0000   37.5000   37.5000 9972.9072   24.2201
    7.5000   37.5000   37.5000 9625.2295   24.2049
   -7.5000   45.0000   37.5000 8572.4180   23.6756
    0.0000   45.0000   37.5000 8942.7910   23.6566
    7.5000   45.0000   37.5000 8626.2920   23.6447
   -7.5000  -45.0000   45.0000 8712.5000   24.8241
    0.0000  -45.0000   45.0000 9241.1260   24.8193
    7.5000  -45.0000   45.0000 8924.1289   24.8115
   -7.5000  -37.5000   45.0000 9184.4688   24.7229
    0.0000  -37.5000   45.0000 9733.3857   24.7236
    7.5000  -37.5000   45.0000 9400.2197   24.7118
   -7.5000  -30.0000   45.0000 9969.4658   24.6808
    0.0000  -30.0000   45.000010566.7451   24.6913
    7.5000  -30.0000   45.000010226.2627   24.6789
   -7.5000  -22.5000   45.000010671.2393   24.7113
    0.0000  -22.5000   45.000011297.8809   24.7217
    7.5000  -22.5000   45.000010940.8291   24.7108
   -7.5000  -15.0000   45.000011303.5342   24.7517
    0.0000  -15.0000   45.000011941.5791   24.7550
    7.5000  -15.0000   45.000011555.1543   24.7449
   -7.5000   -7.5000   45.000011937.5166   24.7570
    0.0000   -7.5000   45.000012578.5791   24.7544
    7.5000   -7.5000   45.000012173.8223   24.7472
   -7.5000    0.0000   45.000012383.6973   24.7325
    0.0000    0.0000   45.000013032.8525   24.7272
    7.5000    0.0000   45.000012608.6807   24.7194
   -7.5000    7.5000   45.000011798.9717   24.6965
    0.0000    7.5000   45.000012386.7246   24.6971
    7.5000    7.5000   45.000011968.6436   24.6852
   -7.5000   15.0000   45.000011081.1367   24.6806
    0.0000   15.0000   45.000011588.5225   24.6911
    7.5000   15.0000   45.000011206.0078   24.6788
   -7.5000   22.5000   45.000010261.2578   24.6998
    0.0000   22.5000   45.000010741.3818   24.7103
    7.5000   22.5000   45.000010375.3887   24.6993
   -7.5000   30.0000   45.0000 9366.6680   24.4292
    0.0000   30.0000   45.0000 9836.3535   24.4325
    7.5000   30.0000   45.0000 9481.1963   24.4225
   -7.5000   37.5000   45.0000 8770.7754   24.4346
    0.0000   37.5000   45.0000 9197.7852   24.4320
    7.5000   37.5000   45.0000 8847.1787   24.4248
   -7.5000   45.0000   45.0000 7860.0444   23.8774
    0.0000   45.0000   45.0000 8238.9336   23.8728
    7.5000   45.0000   45.0000 7930.6455   23.8655

---------------------------------------------------------------------
imgreg_4dfp /opt/freesurfer/average/711-2C_as_mni_average_305 /opt/freesurfer/average/711-2B_as_mni_average_305_mask talsrcimg_g11 none talsrcimg_to_711-2C_as_mni_average_305_t4 4355
---------------------------------------------------------------------

freesurfer imgreg_4dfp.c
/opt/freesurfer/average/711-2C_as_mni_average_305.4dfp.img
       256       256       256         1
  1.000000  1.000000  1.000000
orientation T byte_order littleendian
Reading image: /opt/freesurfer/average/711-2C_as_mni_average_305.4dfp.img
dimensions:      256       256       256
mmppix:       1.0000   -1.0000   -1.0000
center:     128.0000 -129.0000 -129.0000
/opt/freesurfer/average/711-2B_as_mni_average_305_mask.4dfp.img
       256       256       256         1
  1.000000  1.000000  1.000000
orientation T byte_order littleendian
Reading mask: /opt/freesurfer/average/711-2B_as_mni_average_305_mask.4dfp.img (2306576 pixels)
talsrcimg_g11.4dfp.img
       256       256       256         1
  1.000000  1.000000  1.000000
orientation T byte_order littleendian
Reading image: talsrcimg_g11.4dfp.img
dimensions:      256       256       256
mmppix:       1.0000   -1.0000   -1.0000
center:     128.0000 -129.0000 -129.0000
rotation matrix determinant  1.000000
image alignment mode   4355 decimal     1103 hex
   -7.5000  -45.0000  -45.0000 2048.7412   24.7082
    0.0000  -45.0000  -45.0000 2071.8354   24.2403
    7.5000  -45.0000  -45.0000 2071.1533   24.1848
   -7.5000  -37.5000  -45.0000 2121.4182   23.0171
    0.0000  -37.5000  -45.0000 2146.6816   22.6109
    7.5000  -37.5000  -45.0000 2139.9512   22.5249
   -7.5000  -30.0000  -45.0000 2175.7556   21.8650
    0.0000  -30.0000  -45.0000 2198.4729   21.4925
    7.5000  -30.0000  -45.0000 2200.3813   21.3898
   -7.5000  -22.5000  -45.0000 2206.7546   21.0621
    0.0000  -22.5000  -45.0000 2231.8965   20.6877
    7.5000  -22.5000  -45.0000 2233.8403   20.6395
   -7.5000  -15.0000  -45.0000 2213.9114   20.6185
    0.0000  -15.0000  -45.0000 2240.1499   20.2390
    7.5000  -15.0000  -45.0000 2248.5112   20.1461
   -7.5000   -7.5000  -45.0000 2212.2747   20.5590
    0.0000   -7.5000  -45.0000 2242.6121   20.1052
    7.5000   -7.5000  -45.0000 2252.7725   19.9981
   -7.5000    0.0000  -45.0000 2202.6736   20.7833
    0.0000    0.0000  -45.0000 2231.0098   20.2546
    7.5000    0.0000  -45.0000 2242.5605   20.1583
   -7.5000    7.5000  -45.0000 2176.4487   21.3663
    0.0000    7.5000  -45.0000 2206.6423   20.8296
    7.5000    7.5000  -45.0000 2216.9915   20.6968
   -7.5000   15.0000  -45.0000 2120.6370   22.3029
    0.0000   15.0000  -45.0000 2156.3906   21.7570
    7.5000   15.0000  -45.0000 2168.3821   21.5953
   -7.5000   22.5000  -45.0000 2056.1287   23.7954
    0.0000   22.5000  -45.0000 2089.9893   23.2145
    7.5000   22.5000  -45.0000 2100.3140   23.0079
   -7.5000   30.0000  -45.0000 1964.0693   25.9116
    0.0000   30.0000  -45.0000 2005.1926   25.2286
    7.5000   30.0000  -45.0000 2013.7540   25.0411
   -7.5000   37.5000  -45.0000 1865.8314   28.8070
    0.0000   37.5000  -45.0000 1902.9065   28.0326
    7.5000   37.5000  -45.0000 1908.9979   27.8748
   -7.5000   45.0000  -45.0000 1759.4398   32.6560
    0.0000   45.0000  -45.0000 1797.7572   32.0126
    7.5000   45.0000  -45.0000 1797.7194   31.7106
   -7.5000  -45.0000  -37.5000 2141.9414   22.6417
    0.0000  -45.0000  -37.5000 2169.0256   22.2887
    7.5000  -45.0000  -37.5000 2164.0217   22.2915
   -7.5000  -37.5000  -37.5000 2220.6709   21.0710
    0.0000  -37.5000  -37.5000 2246.4290   20.7549
    7.5000  -37.5000  -37.5000 2242.2178   20.7354
   -7.5000  -30.0000  -37.5000 2273.4326   19.9628
    0.0000  -30.0000  -37.5000 2299.6035   19.6585
    7.5000  -30.0000  -37.5000 2303.4932   19.6113
   -7.5000  -22.5000  -37.5000 2301.9355   19.3175
    0.0000  -22.5000  -37.5000 2332.0186   19.0039
    7.5000  -22.5000  -37.5000 2339.7791   18.9998
   -7.5000  -15.0000  -37.5000 2311.6917   18.9395
    0.0000  -15.0000  -37.5000 2339.7664   18.6272
    7.5000  -15.0000  -37.5000 2348.9626   18.6367
   -7.5000   -7.5000  -37.5000 2308.6428   18.9179
    0.0000   -7.5000  -37.5000 2345.3589   18.5935
    7.5000   -7.5000  -37.5000 2353.5471   18.5281
   -7.5000    0.0000  -37.5000 2289.9780   19.1717
    0.0000    0.0000  -37.5000 2334.6182   18.7415
    7.5000    0.0000  -37.5000 2338.5286   18.6685
   -7.5000    7.5000  -37.5000 2260.3367   19.6930
    0.0000    7.5000  -37.5000 2301.0156   19.1986
    7.5000    7.5000  -37.5000 2310.2014   19.1051
   -7.5000   15.0000  -37.5000 2209.6426   20.5459
    0.0000   15.0000  -37.5000 2251.0146   20.0254
    7.5000   15.0000  -37.5000 2264.3975   19.9236
   -7.5000   22.5000  -37.5000 2141.4558   21.9009
    0.0000   22.5000  -37.5000 2180.9060   21.3738
    7.5000   22.5000  -37.5000 2194.8342   21.2555
   -7.5000   30.0000  -37.5000 2051.2141   23.8029
    0.0000   30.0000  -37.5000 2090.2393   23.1598
    7.5000   30.0000  -37.5000 2104.8396   23.0883
   -7.5000   37.5000  -37.5000 1941.2732   26.4129
    0.0000   37.5000  -37.5000 1979.3800   25.6988
    7.5000   37.5000  -37.5000 1987.6764   25.5418
   -7.5000   45.0000  -37.5000 1826.4790   29.9475
    0.0000   45.0000  -37.5000 1862.1146   29.2506
    7.5000   45.0000  -37.5000 1868.6115   29.0534
   -7.5000  -45.0000  -30.0000 2264.2561   21.6606
    0.0000  -45.0000  -30.0000 2287.7827   21.3240
    7.5000  -45.0000  -30.0000 2284.4175   21.3215
   -7.5000  -37.5000  -30.0000 2347.3718   20.1091
    0.0000  -37.5000  -30.0000 2372.5713   19.7619
    7.5000  -37.5000  -30.0000 2374.7363   19.7795
   -7.5000  -30.0000  -30.0000 2407.4626   19.0536
    0.0000  -30.0000  -30.0000 2431.5005   18.7257
    7.5000  -30.0000  -30.0000 2435.9231   18.6971
   -7.5000  -22.5000  -30.0000 2440.2625   18.4149
    0.0000  -22.5000  -30.0000 2465.7605   18.0663
    7.5000  -22.5000  -30.0000 2472.5972   18.0602
   -7.5000  -15.0000  -30.0000 2455.5449   18.0325
    0.0000  -15.0000  -30.0000 2486.3931   17.6996
    7.5000  -15.0000  -30.0000 2493.0083   17.7009
   -7.5000   -7.5000  -30.0000 2455.6672   18.0197
    0.0000   -7.5000  -30.0000 2499.3604   17.7048
    7.5000   -7.5000  -30.0000 2503.5037   17.6461
   -7.5000    0.0000  -30.0000 2437.0520   18.3107
    0.0000    0.0000  -30.0000 2484.5071   17.9346
    7.5000    0.0000  -30.0000 2489.4724   17.8932
   -7.5000    7.5000  -30.0000 2404.9043   18.8659
    0.0000    7.5000  -30.0000 2451.1611   18.4356
    7.5000    7.5000  -30.0000 2461.0903   18.3759
   -7.5000   15.0000  -30.0000 2349.1562   19.7314
    0.0000   15.0000  -30.0000 2396.2122   19.2550
    7.5000   15.0000  -30.0000 2407.5522   19.1722
   -7.5000   22.5000  -30.0000 2273.2322   21.0162
    0.0000   22.5000  -30.0000 2318.4126   20.4935
    7.5000   22.5000  -30.0000 2328.9670   20.3661
   -7.5000   30.0000  -30.0000 2176.9714   22.7829
    0.0000   30.0000  -30.0000 2215.1299   22.1545
    7.5000   30.0000  -30.0000 2225.4182   22.0366
   -7.5000   37.5000  -30.0000 2063.9419   25.1694
    0.0000   37.5000  -30.0000 2096.0920   24.5035
    7.5000   37.5000  -30.0000 2104.8477   24.3604
   -7.5000   45.0000  -30.0000 1938.1451   28.4659
    0.0000   45.0000  -30.0000 1966.5289   27.7676
    7.5000   45.0000  -30.0000 1978.0825   27.6278
   -7.5000  -45.0000  -22.5000 2353.9409   20.7043
    0.0000  -45.0000  -22.5000 2378.0242   20.2193
    7.5000  -45.0000  -22.5000 2378.6028   20.2845
   -7.5000  -37.5000  -22.5000 2444.5923   19.1042
    0.0000  -37.5000  -22.5000 2473.9905   18.7061
    7.5000  -37.5000  -22.5000 2473.3486   18.7147
   -7.5000  -30.0000  -22.5000 2507.0256   18.0898
    0.0000  -30.0000  -22.5000 2535.8196   17.7170
    7.5000  -30.0000  -22.5000 2539.1934   17.7057
   -7.5000  -22.5000  -22.5000 2549.4675   17.4517
    0.0000  -22.5000  -22.5000 2583.6106   17.0685
    7.5000  -22.5000  -22.5000 2591.1318   17.0644
   -7.5000  -15.0000  -22.5000 2574.9397   17.1365
    0.0000  -15.0000  -22.5000 2612.6819   16.7141
    7.5000  -15.0000  -22.5000 2622.3469   16.6792
   -7.5000   -7.5000  -22.5000 2581.8127   17.1565
    0.0000   -7.5000  -22.5000 2627.3813   16.7262
    7.5000   -7.5000  -22.5000 2637.3438   16.6747
   -7.5000    0.0000  -22.5000 2566.1970   17.4242
    0.0000    0.0000  -22.5000 2617.4128   17.0110
    7.5000    0.0000  -22.5000 2623.1682   16.9484
   -7.5000    7.5000  -22.5000 2529.6726   17.9831
    0.0000    7.5000  -22.5000 2581.1282   17.5704
    7.5000    7.5000  -22.5000 2591.0742   17.4722
   -7.5000   15.0000  -22.5000 2465.7688   18.8415
    0.0000   15.0000  -22.5000 2517.1924   18.3884
    7.5000   15.0000  -22.5000 2528.8413   18.3089
   -7.5000   22.5000  -22.5000 2380.9412   20.0223
    0.0000   22.5000  -22.5000 2433.0388   19.5349
    7.5000   22.5000  -22.5000 2444.0281   19.4270
   -7.5000   30.0000  -22.5000 2278.2573   21.6359
    0.0000   30.0000  -22.5000 2325.5737   21.0831
    7.5000   30.0000  -22.5000 2335.1863   20.9291
   -7.5000   37.5000  -22.5000 2153.1040   23.8786
    0.0000   37.5000  -22.5000 2193.6658   23.2737
    7.5000   37.5000  -22.5000 2204.7126   23.1420
   -7.5000   45.0000  -22.5000 2021.2629   26.9510
    0.0000   45.0000  -22.5000 2056.7117   26.3109
    7.5000   45.0000  -22.5000 2060.6016   26.2028
   -7.5000  -45.0000  -15.0000 2413.1665   19.7585
    0.0000  -45.0000  -15.0000 2439.1746   19.2727
    7.5000  -45.0000  -15.0000 2439.7527   19.2820
   -7.5000  -37.5000  -15.0000 2512.7646   18.2197
    0.0000  -37.5000  -15.0000 2539.4312   17.7480
    7.5000  -37.5000  -15.0000 2541.7600   17.7696
   -7.5000  -30.0000  -15.0000 2581.6094   17.2070
    0.0000  -30.0000  -15.0000 2610.4580   16.7593
    7.5000  -30.0000  -15.0000 2617.4224   16.7932
   -7.5000  -22.5000  -15.0000 2638.7351   16.5907
    0.0000  -22.5000  -15.0000 2673.8093   16.1504
    7.5000  -22.5000  -15.0000 2682.0840   16.1420
   -7.5000  -15.0000  -15.0000 2670.5002   16.2869
    0.0000  -15.0000  -15.0000 2713.1338   15.8065
    7.5000  -15.0000  -15.0000 2725.3977   15.7728
   -7.5000   -7.5000  -15.0000 2679.7896   16.3370
    0.0000   -7.5000  -15.0000 2728.0032   15.8554
    7.5000   -7.5000  -15.0000 2739.0835   15.8172
   -7.5000    0.0000  -15.0000 2660.0134   16.6302
    0.0000    0.0000  -15.0000 2714.9280   16.1835
    7.5000    0.0000  -15.0000 2728.4893   16.1198
   -7.5000    7.5000  -15.0000 2621.6792   17.1433
    0.0000    7.5000  -15.0000 2681.4758   16.7328
    7.5000    7.5000  -15.0000 2691.1104   16.6640
   -7.5000   15.0000  -15.0000 2553.9778   17.9313
    0.0000   15.0000  -15.0000 2613.3843   17.5477
    7.5000   15.0000  -15.0000 2625.3555   17.4580
   -7.5000   22.5000  -15.0000 2462.0991   19.0700
    0.0000   22.5000  -15.0000 2518.6353   18.6108
    7.5000   22.5000  -15.0000 2530.1973   18.4948
   -7.5000   30.0000  -15.0000 2354.3164   20.6243
    0.0000   30.0000  -15.0000 2401.8035   20.0741
    7.5000   30.0000  -15.0000 2415.4346   19.9475
   -7.5000   37.5000  -15.0000 2222.1074   22.8076
    0.0000   37.5000  -15.0000 2263.3928   22.1872
    7.5000   37.5000  -15.0000 2272.5510   22.0815
   -7.5000   45.0000  -15.0000 2075.9519   25.7804
    0.0000   45.0000  -15.0000 2117.8450   25.0903
    7.5000   45.0000  -15.0000 2118.4341   24.9496
   -7.5000  -45.0000   -7.5000 2453.0537   18.8937
    0.0000  -45.0000   -7.5000 2485.2668   18.3595
    7.5000  -45.0000   -7.5000 2484.7341   18.3861
   -7.5000  -37.5000   -7.5000 2561.3369   17.4140
    0.0000  -37.5000   -7.5000 2591.3606   16.8797
    7.5000  -37.5000   -7.5000 2590.3669   16.8990
   -7.5000  -30.0000   -7.5000 2641.5876   16.4147
    0.0000  -30.0000   -7.5000 2669.8154   15.8719
    7.5000  -30.0000   -7.5000 2677.6985   15.9219
   -7.5000  -22.5000   -7.5000 2709.9958   15.8386
    0.0000  -22.5000   -7.5000 2747.0100   15.3143
    7.5000  -22.5000   -7.5000 2755.7112   15.3424
   -7.5000  -15.0000   -7.5000 2744.7212   15.5637
    0.0000  -15.0000   -7.5000 2799.2434   15.0268
    7.5000  -15.0000   -7.5000 2808.9155   15.0211
   -7.5000   -7.5000   -7.5000 2759.2673   15.6202
    0.0000   -7.5000   -7.5000 2819.2971   15.0691
    7.5000   -7.5000   -7.5000 2832.2490   15.0308
   -7.5000    0.0000   -7.5000 2744.6970   15.9179
    0.0000    0.0000   -7.5000 2809.0686   15.4324
    7.5000    0.0000   -7.5000 2818.9751   15.3890
   -7.5000    7.5000   -7.5000 2696.0803   16.4378
    0.0000    7.5000   -7.5000 2768.8975   15.9936
    7.5000    7.5000   -7.5000 2772.6323   15.9552
   -7.5000   15.0000   -7.5000 2621.3647   17.1937
    0.0000   15.0000   -7.5000 2685.6428   16.7503
    7.5000   15.0000   -7.5000 2692.3179   16.7033
   -7.5000   22.5000   -7.5000 2521.5664   18.2925
    0.0000   22.5000   -7.5000 2579.8877   17.7716
    7.5000   22.5000   -7.5000 2588.5076   17.7275
   -7.5000   30.0000   -7.5000 2404.1592   19.7973
    0.0000   30.0000   -7.5000 2450.7207   19.2070
    7.5000   30.0000   -7.5000 2460.1777   19.1342
   -7.5000   37.5000   -7.5000 2266.4365   21.8865
    0.0000   37.5000   -7.5000 2308.3413   21.2741
    7.5000   37.5000   -7.5000 2318.7561   21.1537
   -7.5000   45.0000   -7.5000 2111.4341   24.7453
    0.0000   45.0000   -7.5000 2151.5144   24.0246
    7.5000   45.0000   -7.5000 2163.0691   23.8794
   -7.5000  -45.0000    0.0000 2475.6985   18.2376
    0.0000  -45.0000    0.0000 2501.8938   17.7191
    7.5000  -45.0000    0.0000 2505.8682   17.8438
   -7.5000  -37.5000    0.0000 2585.6790   16.7859
    0.0000  -37.5000    0.0000 2618.9727   16.2703
    7.5000  -37.5000    0.0000 2622.3411   16.3492
   -7.5000  -30.0000    0.0000 2678.0457   15.8269
    0.0000  -30.0000    0.0000 2709.0613   15.2704
    7.5000  -30.0000    0.0000 2717.5720   15.3361
   -7.5000  -22.5000    0.0000 2755.0127   15.2996
    0.0000  -22.5000    0.0000 2793.1675   14.7371
    7.5000  -22.5000    0.0000 2805.9583   14.7768
   -7.5000  -15.0000    0.0000 2796.5366   15.0670
    0.0000  -15.0000    0.0000 2853.6277   14.5246
    7.5000  -15.0000    0.0000 2871.5762   14.5241
   -7.5000   -7.5000    0.0000 2814.9705   15.0950
    0.0000   -7.5000    0.0000 2887.2649   14.5032
    7.5000   -7.5000    0.0000 2905.7490   14.4835
   -7.5000    0.0000    0.0000 2800.7769   15.3452
    0.0000    0.0000    0.0000 2878.6155   14.8168
    7.5000    0.0000    0.0000 2888.5151   14.7715
   -7.5000    7.5000    0.0000 2746.1746   15.8886
    0.0000    7.5000    0.0000 2824.7092   15.3286
    7.5000    7.5000    0.0000 2828.2024   15.2810
   -7.5000   15.0000    0.0000 2662.0015   16.6284
    0.0000   15.0000    0.0000 2728.3247   16.0791
    7.5000   15.0000    0.0000 2732.0193   16.0579
   -7.5000   22.5000    0.0000 2550.2688   17.7523
    0.0000   22.5000    0.0000 2604.3474   17.2409
    7.5000   22.5000    0.0000 2615.2585   17.1762
   -7.5000   30.0000    0.0000 2425.8564   19.2425
    0.0000   30.0000    0.0000 2470.6492   18.6721
    7.5000   30.0000    0.0000 2480.4915   18.5941
   -7.5000   37.5000    0.0000 2286.9006   21.2845
    0.0000   37.5000    0.0000 2326.3274   20.6477
    7.5000   37.5000    0.0000 2337.6326   20.5514
   -7.5000   45.0000    0.0000 2131.0959   23.9756
    0.0000   45.0000    0.0000 2170.3813   23.2365
    7.5000   45.0000    0.0000 2179.3635   23.1309
   -7.5000  -45.0000    7.5000 2488.7041   18.0137
    0.0000  -45.0000    7.5000 2520.3623   17.5281
    7.5000  -45.0000    7.5000 2520.4517   17.5996
   -7.5000  -37.5000    7.5000 2600.3252   16.5660
    0.0000  -37.5000    7.5000 2637.6814   16.0493
    7.5000  -37.5000    7.5000 2640.9956   16.1000
   -7.5000  -30.0000    7.5000 2693.4419   15.5675
    0.0000  -30.0000    7.5000 2734.0271   15.0371
    7.5000  -30.0000    7.5000 2741.6082   15.0678
   -7.5000  -22.5000    7.5000 2771.9441   15.0357
    0.0000  -22.5000    7.5000 2821.5620   14.4748
    7.5000  -22.5000    7.5000 2833.7280   14.4913
   -7.5000  -15.0000    7.5000 2822.7974   14.7844
    0.0000  -15.0000    7.5000 2888.7664   14.2575
    7.5000  -15.0000    7.5000 2908.4656   14.2482
   -7.5000   -7.5000    7.5000 2846.9060   14.8198
    0.0000   -7.5000    7.5000 2933.1833   14.2521
    7.5000   -7.5000    7.5000 2950.3782   14.2093
   -7.5000    0.0000    7.5000 2829.5034   15.0986
    0.0000    0.0000    7.5000 2920.4338   14.4970
    7.5000    0.0000    7.5000 2929.4773   14.4672
   -7.5000    7.5000    7.5000 2767.6411   15.6271
    0.0000    7.5000    7.5000 2845.6404   15.0562
    7.5000    7.5000    7.5000 2852.3123   15.0152
   -7.5000   15.0000    7.5000 2678.8345   16.4042
    0.0000   15.0000    7.5000 2740.7542   15.8729
    7.5000   15.0000    7.5000 2748.8865   15.8292
   -7.5000   22.5000    7.5000 2561.4128   17.5446
    0.0000   22.5000    7.5000 2612.9768   17.0048
    7.5000   22.5000    7.5000 2623.3779   16.9459
   -7.5000   30.0000    7.5000 2427.9248   19.0575
    0.0000   30.0000    7.5000 2471.9497   18.4729
    7.5000   30.0000    7.5000 2481.7649   18.3936
   -7.5000   37.5000    7.5000 2284.1221   21.0746
    0.0000   37.5000    7.5000 2327.0029   20.4105
    7.5000   37.5000    7.5000 2338.4639   20.3235
   -7.5000   45.0000    7.5000 2129.8533   23.6746
    0.0000   45.0000    7.5000 2171.0623   22.9525
    7.5000   45.0000    7.5000 2178.7603   22.8963
   -7.5000  -45.0000   15.0000 2486.8091   18.1821
    0.0000  -45.0000   15.0000 2525.6545   17.7078
    7.5000  -45.0000   15.0000 2520.7354   17.6975
   -7.5000  -37.5000   15.0000 2592.7290   16.6373
    0.0000  -37.5000   15.0000 2640.9290   16.1819
    7.5000  -37.5000   15.0000 2635.8867   16.1347
   -7.5000  -30.0000   15.0000 2682.9211   15.5847
    0.0000  -30.0000   15.0000 2733.3591   15.1075
    7.5000  -30.0000   15.0000 2737.0251   15.0568
   -7.5000  -22.5000   15.0000 2759.7881   15.0228
    0.0000  -22.5000   15.0000 2816.0518   14.4876
    7.5000  -22.5000   15.0000 2827.0396   14.4643
   -7.5000  -15.0000   15.0000 2819.1426   14.7533
    0.0000  -15.0000   15.0000 2886.2803   14.2026
    7.5000  -15.0000   15.0000 2900.6711   14.2013
   -7.5000   -7.5000   15.0000 2844.8508   14.8558
    0.0000   -7.5000   15.0000 2919.2908   14.2103
    7.5000   -7.5000   15.0000 2934.9546   14.2013
   -7.5000    0.0000   15.0000 2821.0139   15.2266
    0.0000    0.0000   15.0000 2898.4365   14.5836
    7.5000    0.0000   15.0000 2913.3096   14.5846
   -7.5000    7.5000   15.0000 2755.5730   15.7509
    0.0000    7.5000   15.0000 2826.7869   15.1540
    7.5000    7.5000   15.0000 2836.7764   15.1435
   -7.5000   15.0000   15.0000 2659.1135   16.4687
    0.0000   15.0000   15.0000 2724.5696   15.9120
    7.5000   15.0000   15.0000 2729.2781   15.9027
   -7.5000   22.5000   15.0000 2546.5400   17.5612
    0.0000   22.5000   15.0000 2597.7815   16.9983
    7.5000   22.5000   15.0000 2602.1802   16.9440
   -7.5000   30.0000   15.0000 2408.9438   19.1357
    0.0000   30.0000   15.0000 2451.9463   18.5606
    7.5000   30.0000   15.0000 2456.0862   18.4276
   -7.5000   37.5000   15.0000 2267.1379   21.1840
    0.0000   37.5000   15.0000 2307.5237   20.5446
    7.5000   37.5000   15.0000 2314.0676   20.4022
   -7.5000   45.0000   15.0000 2113.1726   23.8164
    0.0000   45.0000   15.0000 2148.1313   23.1030
    7.5000   45.0000   15.0000 2155.6787   22.9802
   -7.5000  -45.0000   22.5000 2465.0596   18.5831
    0.0000  -45.0000   22.5000 2510.0789   18.0886
    7.5000  -45.0000   22.5000 2506.5588   18.0569
   -7.5000  -37.5000   22.5000 2569.2085   16.9903
    0.0000  -37.5000   22.5000 2618.6377   16.4971
    7.5000  -37.5000   22.5000 2618.3484   16.4696
   -7.5000  -30.0000   22.5000 2660.6111   15.9043
    0.0000  -30.0000   22.5000 2714.1665   15.3887
    7.5000  -30.0000   22.5000 2723.0757   15.3708
   -7.5000  -22.5000   22.5000 2733.6650   15.3009
    0.0000  -22.5000   22.5000 2791.3887   14.7590
    7.5000  -22.5000   22.5000 2803.3132   14.7512
   -7.5000  -15.0000   22.5000 2791.5955   15.0416
    0.0000  -15.0000   22.5000 2852.0142   14.4552
    7.5000  -15.0000   22.5000 2864.3433   14.4489
   -7.5000   -7.5000   22.5000 2808.4832   15.1903
    0.0000   -7.5000   22.5000 2872.7446   14.5804
    7.5000   -7.5000   22.5000 2885.5552   14.5405
   -7.5000    0.0000   22.5000 2778.8430   15.5597
    0.0000    0.0000   22.5000 2842.8462   14.9967
    7.5000    0.0000   22.5000 2856.6252   14.9458
   -7.5000    7.5000   22.5000 2710.3218   16.0943
    0.0000    7.5000   22.5000 2770.5200   15.6010
    7.5000    7.5000   22.5000 2783.5095   15.5108
   -7.5000   15.0000   22.5000 2611.8408   16.8662
    0.0000   15.0000   22.5000 2669.8850   16.4068
    7.5000   15.0000   22.5000 2680.1311   16.3031
   -7.5000   22.5000   22.5000 2501.3674   17.9488
    0.0000   22.5000   22.5000 2550.8164   17.4376
    7.5000   22.5000   22.5000 2557.4299   17.3609
   -7.5000   30.0000   22.5000 2372.2227   19.4748
    0.0000   30.0000   22.5000 2417.5020   18.9072
    7.5000   30.0000   22.5000 2425.5273   18.8204
   -7.5000   37.5000   22.5000 2238.0239   21.4580
    0.0000   37.5000   22.5000 2275.9194   20.8298
    7.5000   37.5000   22.5000 2286.7175   20.7310
   -7.5000   45.0000   22.5000 2085.7065   24.0454
    0.0000   45.0000   22.5000 2118.1455   23.3843
    7.5000   45.0000   22.5000 2124.0713   23.2365
   -7.5000  -45.0000   30.0000 2428.9360   19.3027
    0.0000  -45.0000   30.0000 2468.5325   18.7432
    7.5000  -45.0000   30.0000 2471.5879   18.7081
   -7.5000  -37.5000   30.0000 2528.7957   17.6393
    0.0000  -37.5000   30.0000 2577.2661   17.1329
    7.5000  -37.5000   30.0000 2582.7412   17.1111
   -7.5000  -30.0000   30.0000 2617.4355   16.4947
    0.0000  -30.0000   30.0000 2673.0725   16.0186
    7.5000  -30.0000   30.0000 2677.9050   15.9821
   -7.5000  -22.5000   30.0000 2683.7632   15.8278
    0.0000  -22.5000   30.0000 2744.3601   15.4042
    7.5000  -22.5000   30.0000 2748.1392   15.3647
   -7.5000  -15.0000   30.0000 2739.9038   15.5260
    0.0000  -15.0000   30.0000 2801.5554   15.0478
    7.5000  -15.0000   30.0000 2810.3958   14.9915
   -7.5000   -7.5000   30.0000 2749.9441   15.6878
    0.0000   -7.5000   30.0000 2806.4019   15.1436
    7.5000   -7.5000   30.0000 2818.2319   15.1181
   -7.5000    0.0000   30.0000 2712.1399   16.0648
    0.0000    0.0000   30.0000 2764.8328   15.5386
    7.5000    0.0000   30.0000 2778.8652   15.4985
   -7.5000    7.5000   30.0000 2642.1956   16.6423
    0.0000    7.5000   30.0000 2688.7314   16.1359
    7.5000    7.5000   30.0000 2700.0808   16.0939
   -7.5000   15.0000   30.0000 2548.2844   17.4239
    0.0000   15.0000   30.0000 2591.2498   16.9552
    7.5000   15.0000   30.0000 2603.4424   16.9020
   -7.5000   22.5000   30.0000 2441.6843   18.5617
    0.0000   22.5000   30.0000 2481.1006   18.0410
    7.5000   22.5000   30.0000 2494.2041   18.0472
   -7.5000   30.0000   30.0000 2318.6472   20.1370
    0.0000   30.0000   30.0000 2356.9541   19.6047
    7.5000   30.0000   30.0000 2367.9595   19.5475
   -7.5000   37.5000   30.0000 2189.3713   22.1064
    0.0000   37.5000   30.0000 2220.5134   21.5622
    7.5000   37.5000   30.0000 2232.1375   21.4528
   -7.5000   45.0000   30.0000 2039.7761   24.6486
    0.0000   45.0000   30.0000 2068.5361   24.0635
    7.5000   45.0000   30.0000 2080.0999   23.9382
   -7.5000  -45.0000   37.5000 2383.1042   20.2944
    0.0000  -45.0000   37.5000 2418.8677   19.7921
    7.5000  -45.0000   37.5000 2419.4570   19.7311
   -7.5000  -37.5000   37.5000 2479.5466   18.6233
    0.0000  -37.5000   37.5000 2519.9617   18.1785
    7.5000  -37.5000   37.5000 2523.5500   18.1242
   -7.5000  -30.0000   37.5000 2556.9543   17.4406
    0.0000  -30.0000   37.5000 2608.9070   17.0230
    7.5000  -30.0000   37.5000 2616.3123   16.9854
   -7.5000  -22.5000   37.5000 2617.1414   16.6546
    0.0000  -22.5000   37.5000 2674.0579   16.2577
    7.5000  -22.5000   37.5000 2689.0007   16.2199
   -7.5000  -15.0000   37.5000 2668.6907   16.2503
    0.0000  -15.0000   37.5000 2724.0552   15.8444
    7.5000  -15.0000   37.5000 2740.6333   15.7807
   -7.5000   -7.5000   37.5000 2676.8005   16.3822
    0.0000   -7.5000   37.5000 2729.3059   15.9310
    7.5000   -7.5000   37.5000 2744.8079   15.8729
   -7.5000    0.0000   37.5000 2637.8013   16.7721
    0.0000    0.0000   37.5000 2684.4807   16.3139
    7.5000    0.0000   37.5000 2701.0813   16.2559
   -7.5000    7.5000   37.5000 2566.2004   17.4081
    0.0000    7.5000   37.5000 2609.2407   16.9282
    7.5000    7.5000   37.5000 2620.1404   16.8855
   -7.5000   15.0000   37.5000 2480.2634   18.2683
    0.0000   15.0000   37.5000 2509.9778   17.7913
    7.5000   15.0000   37.5000 2524.7153   17.7412
   -7.5000   22.5000   37.5000 2381.5244   19.4884
    0.0000   22.5000   37.5000 2409.2532   18.9843
    7.5000   22.5000   37.5000 2421.8081   18.9425
   -7.5000   30.0000   37.5000 2261.7791   21.0977
    0.0000   30.0000   37.5000 2293.7498   20.5766
    7.5000   30.0000   37.5000 2303.4917   20.5091
   -7.5000   37.5000   37.5000 2130.7449   23.0596
    0.0000   37.5000   37.5000 2159.8181   22.5501
    7.5000   37.5000   37.5000 2173.2039   22.4713
   -7.5000   45.0000   37.5000 1987.1620   25.6867
    0.0000   45.0000   37.5000 2013.3302   25.1004
    7.5000   45.0000   37.5000 2028.1992   25.0094
   -7.5000  -45.0000   45.0000 2317.9058   21.6658
    0.0000  -45.0000   45.0000 2352.9250   21.2110
    7.5000  -45.0000   45.0000 2356.2942   21.1366
   -7.5000  -37.5000   45.0000 2411.7427   19.9346
    0.0000  -37.5000   45.0000 2455.6426   19.4912
    7.5000  -37.5000   45.0000 2456.3691   19.4477
   -7.5000  -30.0000   45.0000 2491.9316   18.6609
    0.0000  -30.0000   45.0000 2541.1387   18.2660
    7.5000  -30.0000   45.0000 2545.4507   18.2431
   -7.5000  -22.5000   45.0000 2543.0168   17.7878
    0.0000  -22.5000   45.0000 2595.5020   17.4151
    7.5000  -22.5000   45.0000 2608.8596   17.3754
   -7.5000  -15.0000   45.0000 2579.9731   17.3279
    0.0000  -15.0000   45.0000 2629.7498   16.9256
    7.5000  -15.0000   45.0000 2646.3901   16.8959
   -7.5000   -7.5000   45.0000 2586.2898   17.3594
    0.0000   -7.5000   45.0000 2629.0730   16.9446
    7.5000   -7.5000   45.0000 2645.9473   16.8917
   -7.5000    0.0000   45.0000 2546.5376   17.7644
    0.0000    0.0000   45.0000 2584.6992   17.3463
    7.5000    0.0000   45.0000 2598.8567   17.2945
   -7.5000    7.5000   45.0000 2479.3682   18.4690
    0.0000    7.5000   45.0000 2511.6064   18.0338
    7.5000    7.5000   45.0000 2522.5981   17.9809
   -7.5000   15.0000   45.0000 2399.1470   19.4103
    0.0000   15.0000   45.0000 2422.4258   18.9662
    7.5000   15.0000   45.0000 2433.3682   18.9554
   -7.5000   22.5000   45.0000 2303.6768   20.6839
    0.0000   22.5000   45.0000 2332.1414   20.2366
    7.5000   22.5000   45.0000 2339.0989   20.1863
   -7.5000   30.0000   45.0000 2191.2642   22.3503
    0.0000   30.0000   45.0000 2227.9060   21.8312
    7.5000   30.0000   45.0000 2233.9656   21.7643
   -7.5000   37.5000   45.0000 2065.2988   24.4251
    0.0000   37.5000   45.0000 2096.7156   23.8454
    7.5000   37.5000   45.0000 2100.2466   23.7809
   -7.5000   45.0000   45.0000 1929.6934   27.0863
    0.0000   45.0000   45.0000 1956.8086   26.5111
    7.5000   45.0000   45.0000 1965.8003   26.4101

---------------------------------------------------------------------
imgreg_4dfp /opt/freesurfer/average/711-2C_as_mni_average_305 /opt/freesurfer/average/711-2B_as_mni_average_305_mask talsrcimg_g11 none talsrcimg_to_711-2C_as_mni_average_305_t4 1283
---------------------------------------------------------------------

freesurfer imgreg_4dfp.c
/opt/freesurfer/average/711-2C_as_mni_average_305.4dfp.img
       256       256       256         1
  1.000000  1.000000  1.000000
orientation T byte_order littleendian
Reading image: /opt/freesurfer/average/711-2C_as_mni_average_305.4dfp.img
dimensions:      256       256       256
mmppix:       1.0000   -1.0000   -1.0000
center:     128.0000 -129.0000 -129.0000
/opt/freesurfer/average/711-2B_as_mni_average_305_mask.4dfp.img
       256       256       256         1
  1.000000  1.000000  1.000000
orientation T byte_order littleendian
Reading mask: /opt/freesurfer/average/711-2B_as_mni_average_305_mask.4dfp.img (2306576 pixels)
talsrcimg_g11.4dfp.img
       256       256       256         1
  1.000000  1.000000  1.000000
orientation T byte_order littleendian
Reading image: talsrcimg_g11.4dfp.img
dimensions:      256       256       256
mmppix:       1.0000   -1.0000   -1.0000
center:     128.0000 -129.0000 -129.0000
rotation matrix determinant  1.000000
fimgreg.f
image alignment mode   1283 decimal      503 hex
parameters
    7.5000   -7.5000    7.5000    0.0000    0.0000    0.0000
eta,q 0.92494 14.16810
niter,ni,del,rscale     5    3   12.0000    1.2000
parameter  5 -0.633072 -> -0.500000 qaram    1.1500
parameter  6  0.651031 ->  0.500000 qaram    1.1500
parameters
    5.0233   -5.5525    9.5955   -2.0879    3.4500   -3.4500
eta,q 0.93395 14.04790
  0.0747  0.0833  0.0804  0.0716  0.0786  0.0664
  0.0726  0.0788  0.0762  0.0698  0.0746  0.0661
  0.0721  0.0755  0.0719  0.0695  0.0712  0.0662
  0.0738  0.0724  0.0700  0.0703  0.0695  0.0671
  0.0764  0.0700  0.0703  0.0719  0.0677  0.0690
  0.0832  0.0710  0.0699  0.0728  0.0672  0.0713
  0.0927  0.0756  0.0721  0.0743  0.0682  0.0738
niter,ni,del,rscale     6    3   12.0000    1.2000
parameters
    3.2400   -5.2594    9.1147   -2.8195    3.9213   -3.3758
eta,q 0.93640 14.03737
  0.0719  0.0760  0.0717  0.0678  0.0735  0.0699
  0.0670  0.0713  0.0669  0.0650  0.0687  0.0661
  0.0647  0.0671  0.0641  0.0638  0.0653  0.0642
  0.0660  0.0646  0.0645  0.0643  0.0639  0.0636
  0.0707  0.0652  0.0651  0.0663  0.0634  0.0640
  0.0781  0.0689  0.0680  0.0673  0.0667  0.0659
  0.0888  0.0750  0.0754  0.0681  0.0716  0.0697
niter,ni,del,rscale     5    3   12.0000    1.2000
parameters
    3.0113   -5.0704    8.9240   -2.9195    4.0712   -3.3135
eta,q 0.93659 14.03255
  0.0774  0.0761  0.0720  0.0685  0.0725  0.0698
  0.0708  0.0708  0.0676  0.0654  0.0678  0.0661
  0.0662  0.0661  0.0637  0.0638  0.0649  0.0639
  0.0636  0.0637  0.0636  0.0635  0.0635  0.0634
  0.0659  0.0648  0.0646  0.0652  0.0634  0.0640
  0.0718  0.0692  0.0670  0.0667  0.0672  0.0658
  0.0803  0.0753  0.0740  0.0676  0.0721  0.0696
niter,ni,del,rscale     4    3   12.0000    1.2000
parameters
    2.9423   -5.0301    8.8818   -2.9482    4.1148   -3.2983
eta,q 0.93660 14.03150
  0.0778  0.0758  0.0722  0.0686  0.0722  0.0697
  0.0711  0.0702  0.0680  0.0654  0.0675  0.0660
  0.0666  0.0656  0.0638  0.0638  0.0648  0.0638
  0.0634  0.0635  0.0635  0.0634  0.0634  0.0634
  0.0652  0.0649  0.0645  0.0650  0.0635  0.0640
  0.0710  0.0697  0.0666  0.0666  0.0674  0.0659
  0.0794  0.0758  0.0733  0.0675  0.0723  0.0697
niter,ni,del,rscale     3    3   12.0000    1.2000
parameters
    2.9241   -5.0167    8.8711   -2.9574    4.1259   -3.2942
eta,q 0.93660 14.03116
  0.0780  0.0757  0.0722  0.0686  0.0721  0.0697
  0.0712  0.0701  0.0680  0.0654  0.0674  0.0660
  0.0667  0.0654  0.0639  0.0638  0.0648  0.0638
  0.0634  0.0634  0.0634  0.0634  0.0634  0.0634
  0.0650  0.0649  0.0644  0.0650  0.0635  0.0640
  0.0708  0.0698  0.0665  0.0666  0.0675  0.0659
  0.0791  0.0759  0.0731  0.0675  0.0724  0.0697
registration optimization eta report
parameter search radius
    6.0000    6.0000    6.0000    6.0000    6.9000    6.9000
100000*second partial in parameter space
       41.       34.       26.       12.       19.       13.
  0.0780  0.0757  0.0722  0.0686  0.0721  0.0697
  0.0712  0.0701  0.0680  0.0654  0.0674  0.0660
  0.0667  0.0654  0.0639  0.0638  0.0648  0.0638
  0.0634  0.0634  0.0634  0.0634  0.0634  0.0634
  0.0650  0.0649  0.0644  0.0650  0.0635  0.0640
  0.0708  0.0698  0.0665  0.0666  0.0675  0.0659
  0.0791  0.0759  0.0731  0.0675  0.0724  0.0697
    2.9241   -5.0167    8.8711   -2.9574    4.1259   -3.2942
eta,q 0.93660 14.03116

---------------------------------------------------------------------
imgreg_4dfp /opt/freesurfer/average/711-2C_as_mni_average_305 /opt/freesurfer/average/711-2B_as_mni_average_305_mask talsrcimg_g11 none talsrcimg_to_711-2C_as_mni_average_305_t4 3335
---------------------------------------------------------------------

freesurfer imgreg_4dfp.c
/opt/freesurfer/average/711-2C_as_mni_average_305.4dfp.img
       256       256       256         1
  1.000000  1.000000  1.000000
orientation T byte_order littleendian
Reading image: /opt/freesurfer/average/711-2C_as_mni_average_305.4dfp.img
dimensions:      256       256       256
mmppix:       1.0000   -1.0000   -1.0000
center:     128.0000 -129.0000 -129.0000
/opt/freesurfer/average/711-2B_as_mni_average_305_mask.4dfp.img
       256       256       256         1
  1.000000  1.000000  1.000000
orientation T byte_order littleendian
Reading mask: /opt/freesurfer/average/711-2B_as_mni_average_305_mask.4dfp.img (2306576 pixels)
talsrcimg_g11.4dfp.img
       256       256       256         1
  1.000000  1.000000  1.000000
orientation T byte_order littleendian
Reading image: talsrcimg_g11.4dfp.img
dimensions:      256       256       256
mmppix:       1.0000   -1.0000   -1.0000
center:     128.0000 -129.0000 -129.0000
fimgreg.f
image alignment mode   3335 decimal      D07 hex
parameters
    2.9241   -5.0167    8.8711   -0.4240   -0.3195   -0.3920
    6.1092   -6.8769   -5.7314    5.5637    7.1948   -5.1460
eta,q 0.93175 14.07463
niter,ni,del,rscale     5    3    5.0000    1.2000
parameter  4  1.900988 ->  0.500000 qaram    1.1500
parameter  5  3.143397 ->  0.500000 qaram    1.1500
parameter  6  1.919326 ->  0.500000 qaram    1.1500
parameter  9 -0.590952 -> -0.500000 qaram    1.1500
parameters
    2.4250   -3.8909    8.5220   -4.5640   -4.4595   -4.5320
    7.0766   -7.0414   -1.5914    3.4114    5.8880   -7.1988
eta,q 0.94653 13.17152
  0.0695  0.0703  0.0690  0.0611  0.0566  0.0514  0.0570  0.0579  0.0564  0.0546  0.0543  0.0538
  0.0686  0.0694  0.0682  0.0625  0.0583  0.0536  0.0557  0.0556  0.0554  0.0538  0.0538  0.0536
  0.0682  0.0687  0.0678  0.0648  0.0606  0.0559  0.0547  0.0544  0.0547  0.0535  0.0535  0.0535
  0.0683  0.0682  0.0679  0.0678  0.0631  0.0589  0.0542  0.0541  0.0541  0.0537  0.0536  0.0535
  0.0688  0.0679  0.0683  0.0712  0.0658  0.0628  0.0542  0.0548  0.0538  0.0544  0.0538  0.0537
  0.0697  0.0679  0.0689  0.0751  0.0687  0.0670  0.0548  0.0562  0.0537  0.0556  0.0544  0.0542
  0.0713  0.0682  0.0697  0.0793  0.0720  0.0719  0.0559  0.0578  0.0540  0.0572  0.0550  0.0549
niter,ni,del,rscale     7    3    5.0000    1.2000
parameter  2 -0.576216 -> -0.500000 qaram    1.1500
parameter  4  0.816739 ->  0.500000 qaram    1.3225
parameter  5  2.018717 ->  0.500000 qaram    1.3225
parameter  6  1.383218 ->  0.500000 qaram    1.3225
parameter 11 -0.819588 -> -0.500000 qaram    1.1500
parameters
    2.5583   -2.5109    7.5901   -9.3250   -9.2205   -9.2930
    7.1254   -5.8684   -0.8725    5.4185   10.0280   -8.6512
eta,q 0.95848 12.53721
  0.0565  0.0565  0.0532  0.0503  0.0450  0.0409  0.0447  0.0470  0.0444  0.0458  0.0447  0.0422
  0.0549  0.0552  0.0528  0.0504  0.0463  0.0422  0.0435  0.0448  0.0434  0.0442  0.0437  0.0418
  0.0539  0.0542  0.0528  0.0511  0.0480  0.0438  0.0428  0.0434  0.0427  0.0431  0.0429  0.0416
  0.0535  0.0535  0.0530  0.0528  0.0505  0.0468  0.0426  0.0426  0.0424  0.0424  0.0422  0.0416
  0.0537  0.0531  0.0533  0.0556  0.0533  0.0504  0.0428  0.0424  0.0425  0.0422  0.0417  0.0418
  0.0545  0.0530  0.0539  0.0594  0.0563  0.0543  0.0435  0.0432  0.0430  0.0426  0.0415  0.0424
  0.0559  0.0532  0.0549  0.0637  0.0597  0.0592  0.0446  0.0449  0.0438  0.0434  0.0417  0.0432
niter,ni,del,rscale     7    3    5.0000    1.2000
parameter  2 -0.859027 -> -0.500000 qaram    1.3225
parameter  5  1.322178 ->  0.500000 qaram    1.5209
parameter  6  0.517962 ->  0.500000 qaram    1.5209
parameter 10 -0.678685 -> -0.500000 qaram    1.1500
parameters
    2.7394   -0.9239    6.5013  -11.8124  -14.6956  -14.7682
    6.1754   -6.4198   -2.6172    9.5585   10.9037   -8.1958
eta,q 0.96648 12.02534
  0.0448  0.0469  0.0404  0.0423  0.0350  0.0362  0.0367  0.0384  0.0360  0.0402  0.0357  0.0348
  0.0431  0.0448  0.0399  0.0405  0.0357  0.0351  0.0355  0.0361  0.0351  0.0379  0.0346  0.0342
  0.0420  0.0429  0.0399  0.0395  0.0373  0.0348  0.0349  0.0348  0.0347  0.0360  0.0339  0.0337
  0.0415  0.0415  0.0402  0.0398  0.0395  0.0361  0.0348  0.0348  0.0347  0.0346  0.0335  0.0335
  0.0417  0.0406  0.0409  0.0414  0.0422  0.0395  0.0354  0.0357  0.0353  0.0338  0.0336  0.0336
  0.0425  0.0401  0.0419  0.0440  0.0455  0.0446  0.0364  0.0372  0.0363  0.0335  0.0341  0.0340
  0.0440  0.0401  0.0434  0.0480  0.0493  0.0494  0.0378  0.0393  0.0377  0.0338  0.0349  0.0346
niter,ni,del,rscale     7    3    5.0000    1.2000
parameter  2 -0.909137 -> -0.500000 qaram    1.5209
parameter  5  0.665782 ->  0.500000 qaram    1.7490
parameter 10 -0.726061 -> -0.500000 qaram    1.3225
parameter 12  0.675420 ->  0.500000 qaram    1.1500
parameters
    2.6923    0.9012    5.3773  -10.5355  -20.9921  -16.7055
    6.4657   -6.2157   -2.8555   14.3194   11.6196  -12.3358
eta,q 0.97320 11.70190
  0.0365  0.0414  0.0315  0.0366  0.0295  0.0331  0.0318  0.0335  0.0313  0.0368  0.0294  0.0270
  0.0348  0.0384  0.0311  0.0342  0.0288  0.0310  0.0304  0.0311  0.0301  0.0337  0.0283  0.0268
  0.0338  0.0357  0.0310  0.0323  0.0293  0.0296  0.0294  0.0295  0.0293  0.0312  0.0276  0.0269
  0.0335  0.0335  0.0314  0.0310  0.0307  0.0288  0.0291  0.0291  0.0291  0.0291  0.0273  0.0273
  0.0339  0.0320  0.0321  0.0308  0.0332  0.0297  0.0293  0.0296  0.0294  0.0277  0.0274  0.0280
  0.0350  0.0312  0.0333  0.0320  0.0366  0.0336  0.0302  0.0309  0.0303  0.0273  0.0279  0.0289
  0.0367  0.0313  0.0348  0.0347  0.0406  0.0393  0.0314  0.0329  0.0316  0.0278  0.0287  0.0299
niter,ni,del,rscale     7    3    5.0000    1.2000
parameter  2 -0.560296 -> -0.500000 qaram    1.7490
parameter 12  0.606848 ->  0.500000 qaram    1.3225
parameters
    2.8959    3.0000    4.2207  -10.2417  -23.0919  -17.1447
    6.4824   -5.6983   -2.7770   18.1322   12.5691  -17.0968
eta,q 0.97749 11.68277
  0.0308  0.0377  0.0250  0.0293  0.0290  0.0305  0.0271  0.0298  0.0270  0.0343  0.0253  0.0229
  0.0288  0.0332  0.0246  0.0272  0.0260  0.0275  0.0256  0.0271  0.0256  0.0302  0.0243  0.0225
  0.0274  0.0295  0.0245  0.0256  0.0244  0.0254  0.0246  0.0251  0.0247  0.0268  0.0235  0.0226
  0.0268  0.0268  0.0249  0.0245  0.0244  0.0242  0.0243  0.0243  0.0243  0.0243  0.0232  0.0232
  0.0270  0.0252  0.0257  0.0245  0.0260  0.0243  0.0247  0.0247  0.0246  0.0232  0.0232  0.0241
  0.0279  0.0250  0.0268  0.0261  0.0291  0.0272  0.0256  0.0262  0.0255  0.0237  0.0237  0.0253
  0.0297  0.0264  0.0282  0.0295  0.0335  0.0329  0.0270  0.0285  0.0269  0.0257  0.0245  0.0268
niter,ni,del,rscale     7    3    5.0000    1.2000
parameters
    3.1131    3.3160    3.4703  -10.0873  -23.5699  -17.0040
    6.6237   -5.3950   -2.5832   19.2909   12.7979  -18.4520
eta,q 0.97806 11.69265
  0.0271  0.0326  0.0232  0.0273  0.0290  0.0300  0.0253  0.0280  0.0252  0.0301  0.0240  0.0239
  0.0248  0.0276  0.0225  0.0251  0.0253  0.0266  0.0236  0.0252  0.0236  0.0263  0.0230  0.0227
  0.0232  0.0240  0.0222  0.0233  0.0228  0.0239  0.0225  0.0231  0.0225  0.0235  0.0223  0.0220
  0.0225  0.0225  0.0224  0.0222  0.0222  0.0222  0.0221  0.0221  0.0221  0.0221  0.0220  0.0220
  0.0227  0.0231  0.0231  0.0224  0.0232  0.0221  0.0225  0.0227  0.0224  0.0224  0.0222  0.0226
  0.0238  0.0258  0.0241  0.0241  0.0260  0.0253  0.0235  0.0245  0.0234  0.0242  0.0228  0.0237
  0.0257  0.0300  0.0255  0.0277  0.0301  0.0307  0.0250  0.0272  0.0250  0.0270  0.0238  0.0253
niter,ni,del,rscale     6    3    5.0000    1.2000
parameters
    3.1398    3.4792    3.3305  -10.0668  -23.8254  -16.9600
    6.5764   -5.3317   -2.5049   19.7545   12.8495  -18.8860
eta,q 0.97811 11.69299
  0.0261  0.0315  0.0237  0.0270  0.0289  0.0298  0.0249  0.0276  0.0249  0.0290  0.0238  0.0243
  0.0239  0.0265  0.0227  0.0248  0.0252  0.0264  0.0233  0.0248  0.0233  0.0253  0.0228  0.0229
  0.0225  0.0232  0.0221  0.0230  0.0227  0.0237  0.0222  0.0228  0.0223  0.0229  0.0222  0.0221
  0.0219  0.0219  0.0219  0.0219  0.0219  0.0219  0.0219  0.0219  0.0219  0.0219  0.0219  0.0219
  0.0224  0.0229  0.0223  0.0222  0.0229  0.0220  0.0223  0.0226  0.0222  0.0225  0.0221  0.0223
  0.0237  0.0258  0.0230  0.0241  0.0255  0.0254  0.0234  0.0246  0.0232  0.0246  0.0227  0.0233
  0.0260  0.0300  0.0242  0.0277  0.0296  0.0309  0.0249  0.0275  0.0248  0.0276  0.0238  0.0247
niter,ni,del,rscale     5    3    5.0000    1.2000
parameters
    3.1495    3.5640    3.2880  -10.0636  -23.9615  -16.9596
    6.5609   -5.3106   -2.4673   19.9490   12.8787  -19.0421
eta,q 0.97812 11.69098
  0.0260  0.0311  0.0239  0.0270  0.0290  0.0298  0.0250  0.0275  0.0248  0.0286  0.0238  0.0244
  0.0238  0.0262  0.0227  0.0248  0.0253  0.0264  0.0233  0.0248  0.0233  0.0250  0.0228  0.0230
  0.0224  0.0230  0.0221  0.0230  0.0227  0.0237  0.0222  0.0227  0.0223  0.0227  0.0221  0.0221
  0.0219  0.0219  0.0219  0.0219  0.0219  0.0219  0.0219  0.0219  0.0219  0.0219  0.0219  0.0219
  0.0223  0.0230  0.0222  0.0222  0.0228  0.0220  0.0223  0.0226  0.0222  0.0227  0.0221  0.0223
  0.0237  0.0259  0.0229  0.0241  0.0254  0.0255  0.0234  0.0247  0.0232  0.0248  0.0227  0.0232
  0.0260  0.0302  0.0240  0.0277  0.0294  0.0310  0.0249  0.0276  0.0248  0.0279  0.0238  0.0245
niter,ni,del,rscale     4    3    5.0000    1.2000
parameters
    3.1538    3.6040    3.2696  -10.0624  -24.0248  -16.9665
    6.5521   -5.3059   -2.4495   20.0307   12.8940  -19.1026
eta,q 0.97810 11.68952
  0.0260  0.0308  0.0239  0.0270  0.0290  0.0298  0.0250  0.0275  0.0248  0.0284  0.0237  0.0245
  0.0238  0.0260  0.0228  0.0248  0.0253  0.0264  0.0233  0.0248  0.0232  0.0249  0.0228  0.0231
  0.0224  0.0229  0.0221  0.0230  0.0227  0.0237  0.0222  0.0227  0.0223  0.0226  0.0221  0.0222
  0.0219  0.0219  0.0219  0.0219  0.0219  0.0219  0.0219  0.0219  0.0219  0.0219  0.0219  0.0219
  0.0223  0.0231  0.0222  0.0222  0.0228  0.0220  0.0223  0.0227  0.0222  0.0227  0.0221  0.0222
  0.0238  0.0260  0.0228  0.0241  0.0253  0.0255  0.0234  0.0247  0.0232  0.0249  0.0227  0.0231
  0.0260  0.0303  0.0239  0.0277  0.0293  0.0310  0.0249  0.0276  0.0248  0.0280  0.0238  0.0245
registration optimization eta report
parameter search radius
    2.4000    4.1976    2.4000    9.5220   12.5928   10.9503
    7.2000    7.2000    8.2800    9.5220    8.2800    9.5220
100000*second partial in parameter space
       71.       49.       35.        6.        5.        7.
        6.       11.        4.        7.        3.        3.
  0.0260  0.0308  0.0239  0.0270  0.0290  0.0298  0.0250  0.0275  0.0248  0.0284  0.0237  0.0245
  0.0238  0.0260  0.0228  0.0248  0.0253  0.0264  0.0233  0.0248  0.0232  0.0249  0.0228  0.0231
  0.0224  0.0229  0.0221  0.0230  0.0227  0.0237  0.0222  0.0227  0.0223  0.0226  0.0221  0.0222
  0.0219  0.0219  0.0219  0.0219  0.0219  0.0219  0.0219  0.0219  0.0219  0.0219  0.0219  0.0219
  0.0223  0.0231  0.0222  0.0222  0.0228  0.0220  0.0223  0.0227  0.0222  0.0227  0.0221  0.0222
  0.0238  0.0260  0.0228  0.0241  0.0253  0.0255  0.0234  0.0247  0.0232  0.0249  0.0227  0.0231
  0.0260  0.0303  0.0239  0.0277  0.0293  0.0310  0.0249  0.0276  0.0248  0.0280  0.0238  0.0245
    3.1538    3.6040    3.2696  -10.0624  -24.0248  -16.9665
    6.5521   -5.3059   -2.4495   20.0307   12.8940  -19.1026
eta,q 0.97810 11.68952

---------------------------------------------------------------------
imgreg_4dfp /opt/freesurfer/average/711-2C_as_mni_average_305 /opt/freesurfer/average/711-2B_as_mni_average_305_mask talsrcimg_g11 none talsrcimg_to_711-2C_as_mni_average_305_t4 2311
---------------------------------------------------------------------

freesurfer imgreg_4dfp.c
/opt/freesurfer/average/711-2C_as_mni_average_305.4dfp.img
       256       256       256         1
  1.000000  1.000000  1.000000
orientation T byte_order littleendian
Reading image: /opt/freesurfer/average/711-2C_as_mni_average_305.4dfp.img
dimensions:      256       256       256
mmppix:       1.0000   -1.0000   -1.0000
center:     128.0000 -129.0000 -129.0000
/opt/freesurfer/average/711-2B_as_mni_average_305_mask.4dfp.img
       256       256       256         1
  1.000000  1.000000  1.000000
orientation T byte_order littleendian
Reading mask: /opt/freesurfer/average/711-2B_as_mni_average_305_mask.4dfp.img (2306576 pixels)
talsrcimg_g11.4dfp.img
       256       256       256         1
  1.000000  1.000000  1.000000
orientation T byte_order littleendian
Reading image: talsrcimg_g11.4dfp.img
dimensions:      256       256       256
mmppix:       1.0000   -1.0000   -1.0000
center:     128.0000 -129.0000 -129.0000
fimgreg.f
image alignment mode   2311 decimal      907 hex
parameters
    3.1538    3.6040    3.2696  -10.0624  -24.0248  -16.9665
    6.5521   -5.3059   -2.4495   20.0307   12.8940  -19.1026
eta,q 0.97811 11.68953
niter,ni,del,rscale     5    3    5.0000    0.8000
parameters
    3.1653    3.5259    3.2236   -9.2744  -24.1235  -15.8611
    6.5685   -5.2392   -2.1473   19.6980   13.0195  -19.5848
eta,q 0.97842 11.75086
  0.0238  0.0232  0.0228  0.0238  0.0229  0.0243  0.0231  0.0247  0.0228  0.0233  0.0224  0.0222
  0.0228  0.0224  0.0222  0.0230  0.0223  0.0232  0.0223  0.0232  0.0222  0.0223  0.0220  0.0218
  0.0221  0.0220  0.0220  0.0223  0.0219  0.0224  0.0218  0.0221  0.0218  0.0217  0.0217  0.0216
  0.0219  0.0219  0.0219  0.0219  0.0218  0.0218  0.0216  0.0216  0.0216  0.0216  0.0216  0.0216
  0.0221  0.0221  0.0220  0.0218  0.0220  0.0216  0.0218  0.0219  0.0217  0.0219  0.0216  0.0217
  0.0227  0.0226  0.0223  0.0222  0.0224  0.0219  0.0223  0.0230  0.0220  0.0227  0.0219  0.0221
  0.0238  0.0234  0.0228  0.0230  0.0230  0.0229  0.0231  0.0246  0.0226  0.0238  0.0223  0.0225
niter,ni,del,rscale     4    3    5.0000    0.7000
parameters
    3.1344    3.4805    3.5219   -9.4559  -24.2562  -15.3298
    6.4287   -5.3068   -2.0532   19.6843   13.0239  -19.4960
eta,q 0.97854 11.75592
  0.0230  0.0226  0.0227  0.0228  0.0224  0.0234  0.0226  0.0238  0.0224  0.0230  0.0220  0.0221
  0.0222  0.0220  0.0221  0.0221  0.0219  0.0226  0.0219  0.0226  0.0219  0.0222  0.0217  0.0217
  0.0217  0.0217  0.0218  0.0217  0.0216  0.0220  0.0216  0.0218  0.0216  0.0216  0.0215  0.0215
  0.0216  0.0216  0.0216  0.0216  0.0216  0.0215  0.0215  0.0215  0.0215  0.0215  0.0215  0.0215
  0.0218  0.0217  0.0216  0.0217  0.0217  0.0215  0.0216  0.0218  0.0215  0.0216  0.0215  0.0215
  0.0223  0.0221  0.0217  0.0222  0.0220  0.0219  0.0221  0.0226  0.0218  0.0222  0.0217  0.0217
  0.0232  0.0228  0.0220  0.0230  0.0225  0.0228  0.0227  0.0240  0.0223  0.0230  0.0221  0.0220
niter,ni,del,rscale     3    3    5.0000    0.6000
parameters
    3.1069    3.4862    3.6765   -9.5526  -24.3517  -15.0449
    6.3779   -5.3253   -2.0330   19.6630   13.0074  -19.4640
eta,q 0.97858 11.75792
  0.0225  0.0223  0.0222  0.0224  0.0221  0.0228  0.0223  0.0232  0.0221  0.0226  0.0219  0.0219
  0.0219  0.0218  0.0218  0.0219  0.0217  0.0222  0.0218  0.0223  0.0217  0.0219  0.0216  0.0216
  0.0216  0.0216  0.0216  0.0216  0.0215  0.0217  0.0215  0.0217  0.0215  0.0215  0.0215  0.0215
  0.0215  0.0215  0.0215  0.0215  0.0215  0.0215  0.0214  0.0214  0.0214  0.0214  0.0214  0.0214
  0.0216  0.0216  0.0215  0.0216  0.0216  0.0214  0.0215  0.0216  0.0215  0.0216  0.0215  0.0215
  0.0220  0.0218  0.0216  0.0220  0.0218  0.0218  0.0218  0.0223  0.0217  0.0220  0.0216  0.0216
  0.0226  0.0223  0.0219  0.0225  0.0222  0.0226  0.0223  0.0233  0.0221  0.0226  0.0219  0.0219
niter,ni,del,rscale     2    3    5.0000    0.5000
parameters
    3.0940    3.4866    3.7542   -9.5943  -24.4345  -14.8297
    6.3542   -5.3221   -2.0081   19.6461   12.9947  -19.4786
eta,q 0.97860 11.75939
  0.0222  0.0220  0.0219  0.0221  0.0219  0.0224  0.0220  0.0227  0.0219  0.0222  0.0217  0.0217
  0.0218  0.0217  0.0216  0.0218  0.0216  0.0220  0.0217  0.0220  0.0216  0.0218  0.0215  0.0215
  0.0215  0.0215  0.0215  0.0215  0.0214  0.0216  0.0215  0.0216  0.0215  0.0215  0.0214  0.0214
  0.0214  0.0214  0.0214  0.0214  0.0214  0.0214  0.0214  0.0214  0.0214  0.0214  0.0214  0.0214
  0.0215  0.0215  0.0215  0.0215  0.0215  0.0214  0.0215  0.0215  0.0214  0.0215  0.0214  0.0214
  0.0218  0.0217  0.0216  0.0218  0.0217  0.0217  0.0217  0.0220  0.0216  0.0218  0.0215  0.0215
  0.0222  0.0220  0.0218  0.0222  0.0219  0.0223  0.0220  0.0228  0.0218  0.0222  0.0217  0.0217
niter,ni,del,rscale     1    3    5.0000    0.4000
parameters
    3.0911    3.4882    3.8032   -9.6283  -24.4980  -14.6721
    6.3327   -5.3063   -1.9965   19.6401   12.9802  -19.4928
eta,q 0.97861 11.76006
  0.0219  0.0218  0.0217  0.0219  0.0217  0.0221  0.0218  0.0223  0.0217  0.0219  0.0216  0.0216
  0.0216  0.0216  0.0215  0.0216  0.0215  0.0218  0.0216  0.0218  0.0215  0.0216  0.0215  0.0215
  0.0215  0.0214  0.0214  0.0215  0.0214  0.0215  0.0214  0.0215  0.0214  0.0214  0.0214  0.0214
  0.0214  0.0214  0.0214  0.0214  0.0214  0.0214  0.0214  0.0214  0.0214  0.0214  0.0214  0.0214
  0.0215  0.0214  0.0214  0.0215  0.0214  0.0214  0.0214  0.0215  0.0214  0.0214  0.0214  0.0214
  0.0216  0.0216  0.0215  0.0216  0.0216  0.0216  0.0216  0.0218  0.0215  0.0216  0.0215  0.0215
  0.0219  0.0218  0.0216  0.0219  0.0217  0.0220  0.0218  0.0223  0.0217  0.0219  0.0216  0.0216
registration optimization eta report
parameter search radius
    0.8000    0.8000    0.8000    2.4000    2.4000    2.4000
    2.4000    2.4000    2.4000    2.4000    2.4000    2.4000
100000*second partial in parameter space
       80.       61.       42.        8.        5.       11.
        7.       15.        5.       10.        3.        3.
  0.0219  0.0218  0.0217  0.0219  0.0217  0.0221  0.0218  0.0223  0.0217  0.0219  0.0216  0.0216
  0.0216  0.0216  0.0215  0.0216  0.0215  0.0218  0.0216  0.0218  0.0215  0.0216  0.0215  0.0215
  0.0215  0.0214  0.0214  0.0215  0.0214  0.0215  0.0214  0.0215  0.0214  0.0214  0.0214  0.0214
  0.0214  0.0214  0.0214  0.0214  0.0214  0.0214  0.0214  0.0214  0.0214  0.0214  0.0214  0.0214
  0.0215  0.0214  0.0214  0.0215  0.0214  0.0214  0.0214  0.0215  0.0214  0.0214  0.0214  0.0214
  0.0216  0.0216  0.0215  0.0216  0.0216  0.0216  0.0216  0.0218  0.0215  0.0216  0.0215  0.0215
  0.0219  0.0218  0.0216  0.0219  0.0217  0.0220  0.0218  0.0223  0.0217  0.0219  0.0216  0.0216
    3.0911    3.4882    3.8032   -9.6283  -24.4980  -14.6721
    6.3327   -5.3063   -1.9965   19.6401   12.9802  -19.4928
eta,q 0.97861 11.76006

---------------------------------------------------------------------
imgreg_4dfp /opt/freesurfer/average/711-2C_as_mni_average_305 /opt/freesurfer/average/711-2B_as_mni_average_305_mask talsrcimg_g11 none talsrcimg_to_711-2C_as_mni_average_305_t4 2311
---------------------------------------------------------------------

freesurfer imgreg_4dfp.c
/opt/freesurfer/average/711-2C_as_mni_average_305.4dfp.img
       256       256       256         1
  1.000000  1.000000  1.000000
orientation T byte_order littleendian
Reading image: /opt/freesurfer/average/711-2C_as_mni_average_305.4dfp.img
dimensions:      256       256       256
mmppix:       1.0000   -1.0000   -1.0000
center:     128.0000 -129.0000 -129.0000
/opt/freesurfer/average/711-2B_as_mni_average_305_mask.4dfp.img
       256       256       256         1
  1.000000  1.000000  1.000000
orientation T byte_order littleendian
Reading mask: /opt/freesurfer/average/711-2B_as_mni_average_305_mask.4dfp.img (2306576 pixels)
talsrcimg_g11.4dfp.img
       256       256       256         1
  1.000000  1.000000  1.000000
orientation T byte_order littleendian
Reading image: talsrcimg_g11.4dfp.img
dimensions:      256       256       256
mmppix:       1.0000   -1.0000   -1.0000
center:     128.0000 -129.0000 -129.0000
fimgreg.f
image alignment mode   2311 decimal      907 hex
parameters
    3.0911    3.4882    3.8032   -9.6283  -24.4980  -14.6721
    6.3327   -5.3063   -1.9965   19.6401   12.9802  -19.4928
eta,q 0.97861 11.76006
niter,ni,del,rscale     5    3    5.0000    0.8000
parameters
    3.0878    3.5065    3.8600   -9.7836  -24.3687  -15.0322
    6.3720   -5.4052   -2.0760   19.7031   12.9718  -19.2161
eta,q 0.97857 11.74977
  0.0234  0.0229  0.0225  0.0230  0.0227  0.0233  0.0230  0.0243  0.0225  0.0235  0.0222  0.0223
  0.0223  0.0221  0.0219  0.0222  0.0220  0.0224  0.0221  0.0229  0.0219  0.0224  0.0218  0.0218
  0.0216  0.0216  0.0215  0.0216  0.0215  0.0217  0.0216  0.0218  0.0216  0.0217  0.0215  0.0215
  0.0214  0.0214  0.0214  0.0214  0.0214  0.0214  0.0214  0.0214  0.0214  0.0214  0.0214  0.0214
  0.0216  0.0216  0.0215  0.0216  0.0215  0.0216  0.0216  0.0218  0.0216  0.0216  0.0215  0.0215
  0.0223  0.0221  0.0218  0.0223  0.0219  0.0226  0.0221  0.0230  0.0220  0.0223  0.0218  0.0217
  0.0234  0.0229  0.0224  0.0232  0.0225  0.0244  0.0229  0.0247  0.0226  0.0234  0.0222  0.0221
niter,ni,del,rscale     4    3    5.0000    0.7000
parameters
    3.0767    3.4999    3.7810   -9.6644  -24.3241  -15.0695
    6.3974   -5.3791   -2.0895   19.6448   12.9730  -19.2800
eta,q 0.97857 11.75449
  0.0229  0.0226  0.0221  0.0228  0.0224  0.0231  0.0226  0.0238  0.0223  0.0230  0.0220  0.0220
  0.0221  0.0219  0.0217  0.0221  0.0218  0.0223  0.0220  0.0227  0.0218  0.0221  0.0217  0.0217
  0.0216  0.0215  0.0215  0.0217  0.0215  0.0217  0.0216  0.0218  0.0215  0.0216  0.0215  0.0215
  0.0214  0.0214  0.0214  0.0214  0.0214  0.0214  0.0214  0.0214  0.0214  0.0214  0.0214  0.0214
  0.0216  0.0216  0.0216  0.0215  0.0215  0.0215  0.0216  0.0217  0.0215  0.0216  0.0215  0.0215
  0.0221  0.0220  0.0218  0.0220  0.0218  0.0221  0.0220  0.0225  0.0218  0.0222  0.0217  0.0217
  0.0230  0.0226  0.0223  0.0227  0.0223  0.0234  0.0226  0.0239  0.0223  0.0230  0.0220  0.0220
niter,ni,del,rscale     3    3    5.0000    0.6000
parameters
    3.0835    3.4865    3.7658   -9.6168  -24.3524  -14.9642
    6.3805   -5.3467   -2.0523   19.6271   12.9696  -19.3593
eta,q 0.97859 11.75784
  0.0226  0.0223  0.0220  0.0224  0.0221  0.0227  0.0223  0.0233  0.0221  0.0226  0.0218  0.0218
  0.0219  0.0218  0.0217  0.0219  0.0217  0.0221  0.0218  0.0223  0.0217  0.0219  0.0216  0.0216
  0.0216  0.0215  0.0215  0.0216  0.0215  0.0217  0.0215  0.0217  0.0215  0.0215  0.0215  0.0214
  0.0214  0.0214  0.0214  0.0214  0.0214  0.0214  0.0214  0.0214  0.0214  0.0214  0.0214  0.0214
  0.0216  0.0215  0.0215  0.0215  0.0215  0.0215  0.0215  0.0216  0.0215  0.0216  0.0215  0.0215
  0.0219  0.0218  0.0217  0.0219  0.0218  0.0219  0.0218  0.0222  0.0217  0.0220  0.0216  0.0216
  0.0225  0.0223  0.0220  0.0224  0.0221  0.0227  0.0223  0.0233  0.0220  0.0226  0.0219  0.0219
niter,ni,del,rscale     2    3    5.0000    0.5000
parameters
    3.0864    3.4822    3.7823   -9.6138  -24.4265  -14.8111
    6.3564   -5.3229   -2.0168   19.6273   12.9686  -19.4285
eta,q 0.97861 11.75915
  0.0222  0.0220  0.0218  0.0221  0.0219  0.0224  0.0220  0.0227  0.0219  0.0222  0.0217  0.0217
  0.0218  0.0217  0.0216  0.0218  0.0216  0.0219  0.0217  0.0221  0.0216  0.0218  0.0215  0.0215
  0.0215  0.0215  0.0215  0.0215  0.0214  0.0216  0.0215  0.0216  0.0214  0.0215  0.0214  0.0214
  0.0214  0.0214  0.0214  0.0214  0.0214  0.0214  0.0214  0.0214  0.0214  0.0214  0.0214  0.0214
  0.0215  0.0215  0.0215  0.0215  0.0215  0.0214  0.0215  0.0215  0.0214  0.0215  0.0214  0.0214
  0.0218  0.0217  0.0216  0.0217  0.0217  0.0217  0.0217  0.0220  0.0216  0.0218  0.0215  0.0215
  0.0222  0.0220  0.0218  0.0221  0.0219  0.0223  0.0220  0.0227  0.0218  0.0222  0.0217  0.0217
niter,ni,del,rscale     1    3    5.0000    0.4000
parameters
    3.0867    3.4860    3.8169   -9.6245  -24.4923  -14.6613
    6.3250   -5.3048   -1.9984   19.6366   12.9592  -19.4675
eta,q 0.97862 11.76069
  0.0219  0.0218  0.0217  0.0219  0.0217  0.0221  0.0218  0.0223  0.0217  0.0219  0.0216  0.0216
  0.0216  0.0216  0.0215  0.0216  0.0215  0.0218  0.0216  0.0218  0.0215  0.0216  0.0215  0.0215
  0.0215  0.0214  0.0214  0.0215  0.0214  0.0215  0.0214  0.0215  0.0214  0.0214  0.0214  0.0214
  0.0214  0.0214  0.0214  0.0214  0.0214  0.0214  0.0214  0.0214  0.0214  0.0214  0.0214  0.0214
  0.0215  0.0214  0.0214  0.0214  0.0214  0.0214  0.0214  0.0215  0.0214  0.0214  0.0214  0.0214
  0.0216  0.0216  0.0215  0.0216  0.0216  0.0216  0.0216  0.0218  0.0215  0.0216  0.0215  0.0215
  0.0219  0.0218  0.0216  0.0219  0.0217  0.0220  0.0218  0.0223  0.0217  0.0219  0.0216  0.0216
registration optimization eta report
parameter search radius
    0.8000    0.8000    0.8000    2.4000    2.4000    2.4000
    2.4000    2.4000    2.4000    2.4000    2.4000    2.4000
100000*second partial in parameter space
       80.       61.       41.        8.        5.       11.
        7.       15.        5.       10.        3.        3.
  0.0219  0.0218  0.0217  0.0219  0.0217  0.0221  0.0218  0.0223  0.0217  0.0219  0.0216  0.0216
  0.0216  0.0216  0.0215  0.0216  0.0215  0.0218  0.0216  0.0218  0.0215  0.0216  0.0215  0.0215
  0.0215  0.0214  0.0214  0.0215  0.0214  0.0215  0.0214  0.0215  0.0214  0.0214  0.0214  0.0214
  0.0214  0.0214  0.0214  0.0214  0.0214  0.0214  0.0214  0.0214  0.0214  0.0214  0.0214  0.0214
  0.0215  0.0214  0.0214  0.0214  0.0214  0.0214  0.0214  0.0215  0.0214  0.0214  0.0214  0.0214
  0.0216  0.0216  0.0215  0.0216  0.0216  0.0216  0.0216  0.0218  0.0215  0.0216  0.0215  0.0215
  0.0219  0.0218  0.0216  0.0219  0.0217  0.0220  0.0218  0.0223  0.0217  0.0219  0.0216  0.0216
    3.0867    3.4860    3.8169   -9.6245  -24.4923  -14.6613
    6.3250   -5.3048   -1.9984   19.6366   12.9592  -19.4675
eta,q 0.97862 11.76069

---------------------------------------------------------------------
compute_vox2vox talsrcimg talsrcimg_to_711-2C_as_mni_average_305_t4 /opt/freesurfer/average/711-2C_as_mni_average_305
---------------------------------------------------------------------

freesurfer compute_vox2vox.c
Reading: talsrcimg.4dfp.ifh
Reading: talsrcimg_to_711-2C_as_mni_average_305_t4
Reading: /opt/freesurfer/average/711-2C_as_mni_average_305.4dfp.ifh
Writing: talsrcimg_to_711-2C_as_mni_average_305_t4_vox2vox.txt

start time Sat Mar 14 10:31:40 CET 2026
end		time Sat Mar 14 10:33:07 CET 2026

mpr2mni305 success

avi2talxfm orig_nu.mgz /opt/freesurfer/average/mni305.cor.mgz talsrcimg_to_711-2C_as_mni_average_305_t4_vox2vox.txt transforms/talairach.auto.xfm
avi2talxfm done
mv -f /out/sourcedata/freesurfer/sub-v2s9x29150_ses-1/mri/talsrcimg_to_711-2C_as_mni_average_305_t4_vox2vox.txt /out/sourcedata/freesurfer/sub-v2s9x29150_ses-1/mri/transforms/talsrcimg_to_711-2C_as_mni_average_305_t4_vox2vox.txt
lta_convert --src orig_nu.mgz --trg /opt/freesurfer/average/mni305.cor.mgz --inxfm transforms/talairach.auto.xfm --outlta transforms/talairach.auto.xfm.lta --subject fsaverage
7.3.2

--src: orig_nu.mgz src image (geometry).
--trg: /opt/freesurfer/average/mni305.cor.mgz trg image (geometry).
--inmni: transforms/talairach.auto.xfm input MNI/XFM transform.
--outlta: transforms/talairach.auto.xfm.lta output LTA.
--s: fsaverage subject name
 LTA read, type : 1
 1.09290   0.08402  -0.06989  -4.10751;
-0.15044   1.09461   0.29482  -5.93612;
 0.06805  -0.28244   1.24585  -4.76610;
 0.00000   0.00000   0.00000   1.00000;
setting subject to fsaverage
Writing  LTA to file transforms/talairach.auto.xfm.lta...
lta_convert successful.
 
 
Started at Sat Mar 14 10:31:40 CET 2026
Ended   at Sat Mar 14 10:33:07 CET 2026
talairach_avi done
