status file for recon-all
Sat Mar 14 11:46:53 CET 2026
#@# Tessellate lh Sat Mar 14 11:46:53 CET 2026
#@# Smooth1 lh Sat Mar 14 11:46:56 CET 2026
#@# Inflation1 lh Sat Mar 14 11:46:58 CET 2026
#@# QSphere lh Sat Mar 14 11:47:08 CET 2026
#@# Fix Topology lh Sat Mar 14 11:47:55 CET 2026
#@# Smooth2 lh Sat Mar 14 11:53:53 CET 2026
#@# Inflation2 lh Sat Mar 14 11:53:55 CET 2026
#@# Curv .H and .K lh Sat Mar 14 11:54:06 CET 2026
#@# Sphere lh Sat Mar 14 11:54:41 CET 2026
#@# Surf Reg lh Sat Mar 14 11:57:22 CET 2026
#@# Jacobian white lh Sat Mar 14 12:00:21 CET 2026
#@# AvgCurv lh Sat Mar 14 12:00:22 CET 2026
#@# Cortical Parc lh Sat Mar 14 12:00:23 CET 2026
#@# white curv lh Sat Mar 14 12:05:32 CET 2026
#@# white area lh Sat Mar 14 12:05:33 CET 2026
#@# pial curv lh Sat Mar 14 12:05:34 CET 2026
#@# pial area lh Sat Mar 14 12:05:35 CET 2026
#@# thickness lh Sat Mar 14 12:05:35 CET 2026
#@# area and vertex vol lh Sat Mar 14 12:05:57 CET 2026
#@# Curvature Stats lh Sat Mar 14 12:05:58 CET 2026
#@# Cortical Parc 2 lh Sat Mar 14 12:06:00 CET 2026
#@# Cortical Parc 3 lh Sat Mar 14 12:06:09 CET 2026
#@# WM/GM Contrast lh Sat Mar 14 12:06:16 CET 2026
recon-all -s sub-v2s9x29165_ses-1 finished without error at Sat Mar 14 12:06:19 CET 2026



#New# invocation of recon-all 



status file for recon-all
Sat Mar 14 12:29:31 CET 2026
#@# white curv lh Sat Mar 14 12:29:32 CET 2026
#@# white area lh Sat Mar 14 12:29:32 CET 2026
#@# pial curv lh Sat Mar 14 12:29:32 CET 2026
#@# pial area lh Sat Mar 14 12:29:32 CET 2026
#@# thickness lh Sat Mar 14 12:29:32 CET 2026
#@# area and vertex vol lh Sat Mar 14 12:29:32 CET 2026
#@# Parcellation Stats lh Sat Mar 14 12:29:32 CET 2026
#@# Parcellation Stats 2 lh Sat Mar 14 12:29:44 CET 2026
#@# Parcellation Stats 3 lh Sat Mar 14 12:29:50 CET 2026
#@# BA_exvivo Labels lh Sat Mar 14 12:29:56 CET 2026
recon-all -s sub-v2s9x29165_ses-1 finished without error at Sat Mar 14 12:31:42 CET 2026
