status file for recon-all
Sat Mar 14 12:06:21 CET 2026
#@# Tessellate rh Sat Mar 14 12:06:21 CET 2026
#@# Smooth1 rh Sat Mar 14 12:06:23 CET 2026
#@# Inflation1 rh Sat Mar 14 12:06:25 CET 2026
#@# QSphere rh Sat Mar 14 12:06:35 CET 2026
#@# Fix Topology rh Sat Mar 14 12:07:21 CET 2026
#@# Smooth2 rh Sat Mar 14 12:12:54 CET 2026
#@# Inflation2 rh Sat Mar 14 12:12:56 CET 2026
#@# Curv .H and .K rh Sat Mar 14 12:13:06 CET 2026
#@# Sphere rh Sat Mar 14 12:13:41 CET 2026
#@# Surf Reg rh Sat Mar 14 12:16:13 CET 2026
#@# Jacobian white rh Sat Mar 14 12:19:44 CET 2026
#@# AvgCurv rh Sat Mar 14 12:19:44 CET 2026
#@# Cortical Parc rh Sat Mar 14 12:19:45 CET 2026
#@# white curv rh Sat Mar 14 12:24:44 CET 2026
#@# white area rh Sat Mar 14 12:24:45 CET 2026
#@# pial curv rh Sat Mar 14 12:24:46 CET 2026
#@# pial area rh Sat Mar 14 12:24:47 CET 2026
#@# thickness rh Sat Mar 14 12:24:47 CET 2026
#@# area and vertex vol rh Sat Mar 14 12:25:07 CET 2026
#@# Curvature Stats rh Sat Mar 14 12:25:08 CET 2026
#@# Cortical Parc 2 rh Sat Mar 14 12:25:09 CET 2026
#@# Cortical Parc 3 rh Sat Mar 14 12:25:19 CET 2026
#@# WM/GM Contrast rh Sat Mar 14 12:25:26 CET 2026
recon-all -s sub-v2s9x29165_ses-1 finished without error at Sat Mar 14 12:25:29 CET 2026



#New# invocation of recon-all 



status file for recon-all
Sat Mar 14 12:31:43 CET 2026
#@# white curv rh Sat Mar 14 12:31:43 CET 2026
#@# white area rh Sat Mar 14 12:31:43 CET 2026
#@# pial curv rh Sat Mar 14 12:31:43 CET 2026
#@# pial area rh Sat Mar 14 12:31:43 CET 2026
#@# thickness rh Sat Mar 14 12:31:43 CET 2026
#@# area and vertex vol rh Sat Mar 14 12:31:43 CET 2026
#@# Parcellation Stats rh Sat Mar 14 12:31:43 CET 2026
#@# Parcellation Stats 2 rh Sat Mar 14 12:31:56 CET 2026
#@# Parcellation Stats 3 rh Sat Mar 14 12:32:03 CET 2026
#@# BA_exvivo Labels rh Sat Mar 14 12:32:09 CET 2026
recon-all -s sub-v2s9x29165_ses-1 finished without error at Sat Mar 14 12:33:56 CET 2026
