/out/sourcedata/freesurfer/sub-v2s9x29153_ses-1/mri
/opt/freesurfer/bin/talairach_avi
--i orig_nu.mgz --xfm transforms/talairach.auto.xfm
talairach_avi 7.3.2
Linux dna067 5.14.0-427.37.1.el9_4.x86_64 #1 SMP PREEMPT_DYNAMIC Fri Sep 13 12:41:50 EDT 2024 x86_64 x86_64 x86_64 GNU/Linux
Sat Mar 14 10:31:17 CET 2026
mri_convert orig_nu.mgz talsrcimg.img 
reading from orig_nu.mgz...
TR=0.00, TE=0.00, TI=0.00, flip angle=0.00
i_ras = (-1, 0, 0)
j_ras = (0, 0, -1)
k_ras = (0, 1, 0)
writing to talsrcimg.img...
Analyze Output Matrix
-1.00000   0.00000   0.00000   129.66513;
 0.00000   0.00000   1.00000  -128.00000;
 0.00000  -1.00000   0.00000   130.00000;
 0.00000   0.00000   0.00000   1.00000;
--------------------
INFO: set hdr.hist.orient to -1
mpr2mni305 talsrcimg
Sat Mar 14 10:31:17 CET 2026
/opt/freesurfer/bin/mpr2mni305 talsrcimg
mpr2mni305 7.3.2
target=711-2C_as_mni_average_305

---------------------------------------------------------------------
analyzeto4dfp talsrcimg -O0 -y
---------------------------------------------------------------------

freesurfer ifh2hdr.c
Sat Mar 14 10:31:17 2026
Writing: talsrcimg.4dfp.hdr
freesurfer analyzeto4dfp.c
Reading: talsrcimg.hdr
header size 348 bytes
hdr.dime.datatype	offset=70	value=2
hdr.dime.bitpix		offset=72	value=8
hdr.hist.orient		offset=252	value=-1
dimensionality     4
dimensions       256       256       256         1
Reading: talsrcimg.img
Writing: talsrcimg.4dfp.img
Writing: talsrcimg.4dfp.ifh
ifh2hdr talsrcimg -r0to207
ori=2

---------------------------------------------------------------------
gauss_4dfp talsrcimg 1.1
---------------------------------------------------------------------

freesurfer gauss_4dfp.c
Reading: talsrcimg.4dfp.img
Writing: talsrcimg_g11.4dfp.img
image dimensions 256 256 256 padded to 288 288 288
processing volume 1freesurfer ifh2hdr.c
Sat Mar 14 10:31:19 2026
Writing: talsrcimg_g11.4dfp.hdr

Writing: talsrcimg_g11.4dfp.ifh
including: talsrcimg.4dfp.img.rec in talsrcimg_g11.4dfp.img.rec

---------------------------------------------------------------------
imgreg_4dfp /opt/freesurfer/average/711-2C_as_mni_average_305 none talsrcimg_g11 none talsrcimg_to_711-2C_as_mni_average_305_t4 4355
---------------------------------------------------------------------

freesurfer imgreg_4dfp.c
/opt/freesurfer/average/711-2C_as_mni_average_305.4dfp.img
       256       256       256         1
  1.000000  1.000000  1.000000
orientation T byte_order littleendian
Reading image: /opt/freesurfer/average/711-2C_as_mni_average_305.4dfp.img
dimensions:      256       256       256
mmppix:       1.0000   -1.0000   -1.0000
center:     128.0000 -129.0000 -129.0000
talsrcimg_g11.4dfp.img
       256       256       256         1
  1.000000  1.000000  1.000000
orientation T byte_order littleendian
Reading image: talsrcimg_g11.4dfp.img
dimensions:      256       256       256
mmppix:       1.0000   -1.0000   -1.0000
center:     128.0000 -129.0000 -129.0000
t4_read: open error in t4_sub.f l:  41 t4_file(1:l)talsrcimg_to_711-2C_as_mni_average_305_t4 
t4_read: transform initialized to I4
rotation matrix determinant  1.000000
image alignment mode   4355 decimal     1103 hex
   -7.5000  -45.0000  -45.0000 9087.1299   18.7704
    0.0000  -45.0000  -45.0000 9403.4521   18.7128
    7.5000  -45.0000  -45.0000 8944.2451   18.6650
   -7.5000  -37.5000  -45.0000 9560.0068   18.7109
    0.0000  -37.5000  -45.0000 9903.1865   18.6564
    7.5000  -37.5000  -45.0000 9404.8838   18.6150
   -7.5000  -30.0000  -45.000010344.5537   18.6817
    0.0000  -30.0000  -45.000010695.7725   18.6309
    7.5000  -30.0000  -45.000010145.1914   18.5926
   -7.5000  -22.5000  -45.000011103.0146   18.6482
    0.0000  -22.5000  -45.000011503.3086   18.5977
    7.5000  -22.5000  -45.000010859.2568   18.5572
   -7.5000  -15.0000  -45.000011790.5811   18.6383
    0.0000  -15.0000  -45.000012197.0693   18.5856
    7.5000  -15.0000  -45.000011511.5068   18.5388
   -7.5000   -7.5000  -45.000012397.2891   18.6703
    0.0000   -7.5000  -45.000012805.7139   18.6138
    7.5000   -7.5000  -45.000012098.1768   18.5630
   -7.5000    0.0000  -45.000012888.1982   18.7094
    0.0000    0.0000  -45.000013314.3076   18.6517
    7.5000    0.0000  -45.000012595.8105   18.6037
   -7.5000    7.5000  -45.000012427.3750   18.7108
    0.0000    7.5000  -45.000012837.3818   18.6564
    7.5000    7.5000  -45.000012144.7744   18.6149
   -7.5000   15.0000  -45.000011659.3662   18.6817
    0.0000   15.0000  -45.000012042.9688   18.6309
    7.5000   15.0000  -45.000011401.2832   18.5926
   -7.5000   22.5000  -45.000010850.1387   18.6456
    0.0000   22.5000  -45.000011172.4033   18.5952
    7.5000   22.5000  -45.000010570.3867   18.5546
   -7.5000   30.0000  -45.0000 9977.7998   18.3899
    0.0000   30.0000  -45.000010277.1914   18.3379
    7.5000   30.0000  -45.0000 9712.2783   18.2917
   -7.5000   37.5000  -45.0000 9483.9570   18.4215
    0.0000   37.5000  -45.0000 9780.5439   18.3657
    7.5000   37.5000  -45.0000 9235.5791   18.3156
   -7.5000   45.0000  -45.0000 8663.5762   17.9914
    0.0000   45.0000  -45.0000 8912.5645   17.9358
    7.5000   45.0000  -45.0000 8427.8447   17.8896
   -7.5000  -45.0000  -37.5000 9619.8770   18.7730
    0.0000  -45.0000  -37.5000 9964.3730   18.7198
    7.5000  -45.0000  -37.5000 9464.1094   18.6687
   -7.5000  -37.5000  -37.500010115.9863   18.7201
    0.0000  -37.5000  -37.500010457.7393   18.6692
    7.5000  -37.5000  -37.5000 9917.6738   18.6221
   -7.5000  -30.0000  -37.500010948.5605   18.6966
    0.0000  -30.0000  -37.500011299.4170   18.6482
    7.5000  -30.0000  -37.500010696.6768   18.6027
   -7.5000  -22.5000  -37.500011727.3857   18.6607
    0.0000  -22.5000  -37.500012136.2695   18.6122
    7.5000  -22.5000  -37.500011446.6143   18.5656
   -7.5000  -15.0000  -37.500012421.4990   18.6444
    0.0000  -15.0000  -37.500012831.7051   18.5946
    7.5000  -15.0000  -37.500012107.9033   18.5448
   -7.5000   -7.5000  -37.500013034.7627   18.6720
    0.0000   -7.5000  -37.500013452.6719   18.6199
    7.5000   -7.5000  -37.500012689.0605   18.5670
   -7.5000    0.0000  -37.500013544.5459   18.7118
    0.0000    0.0000  -37.500013982.4238   18.6585
    7.5000    0.0000  -37.500013195.8623   18.6072
   -7.5000    7.5000  -37.500013051.1533   18.7200
    0.0000    7.5000  -37.500013478.4863   18.6691
    7.5000    7.5000  -37.500012700.5840   18.6220
   -7.5000   15.0000  -37.500012240.7969   18.6966
    0.0000   15.0000  -37.500012628.3545   18.6482
    7.5000   15.0000  -37.500011914.9473   18.6027
   -7.5000   22.5000  -37.500011361.8516   18.6581
    0.0000   22.5000  -37.500011712.6514   18.6096
    7.5000   22.5000  -37.500011049.0557   18.5630
   -7.5000   30.0000  -37.500010420.7354   18.3959
    0.0000   30.0000  -37.500010748.4043   18.3468
    7.5000   30.0000  -37.500010138.9326   18.2976
   -7.5000   37.5000  -37.5000 9886.7041   18.4232
    0.0000   37.5000  -37.500010208.5596   18.3717
    7.5000   37.5000  -37.5000 9640.6211   18.3196
   -7.5000   45.0000  -37.5000 9006.8330   17.9936
    0.0000   45.0000  -37.5000 9283.1357   17.9424
    7.5000   45.0000  -37.5000 8755.0557   17.8931
   -7.5000  -45.0000  -30.000010297.8125   19.5149
    0.0000  -45.0000  -30.000010683.0215   19.4704
    7.5000  -45.0000  -30.000010140.9668   19.4176
   -7.5000  -37.5000  -30.000010826.0605   19.4677
    0.0000  -37.5000  -30.000011185.9746   19.4219
    7.5000  -37.5000  -30.000010611.7783   19.3713
   -7.5000  -30.0000  -30.000011703.7520   19.4548
    0.0000  -30.0000  -30.000012088.1641   19.4084
    7.5000  -30.0000  -30.000011426.0703   19.3573
   -7.5000  -22.5000  -30.000012519.4629   19.4197
    0.0000  -22.5000  -30.000012927.7070   19.3736
    7.5000  -22.5000  -30.000012200.6211   19.3221
   -7.5000  -15.0000  -30.000013249.6738   19.3957
    0.0000  -15.0000  -30.000013655.7764   19.3516
    7.5000  -15.0000  -30.000012885.5908   19.3001
   -7.5000   -7.5000  -30.000013911.7773   19.4146
    0.0000   -7.5000  -30.000014332.4287   19.3713
    7.5000   -7.5000  -30.000013500.1543   19.3178
   -7.5000    0.0000  -30.000014460.3672   19.4516
    0.0000    0.0000  -30.000014916.4453   19.4069
    7.5000    0.0000  -30.000014021.6953   19.3538
   -7.5000    7.5000  -30.000013883.1963   19.4676
    0.0000    7.5000  -30.000014324.5889   19.4218
    7.5000    7.5000  -30.000013488.8828   19.3712
   -7.5000   15.0000  -30.000013010.4473   19.4548
    0.0000   15.0000  -30.000013424.7559   19.4084
    7.5000   15.0000  -30.000012638.6211   19.3573
   -7.5000   22.5000  -30.000012056.1172   19.4150
    0.0000   22.5000  -30.000012427.3574   19.3690
    7.5000   22.5000  -30.000011718.9473   19.3175
   -7.5000   30.0000  -30.000011029.0928   19.1390
    0.0000   30.0000  -30.000011379.4863   19.0955
    7.5000   30.0000  -30.000010757.5596   19.0447
   -7.5000   37.5000  -30.000010447.2656   19.1577
    0.0000   37.5000  -30.000010805.5654   19.1150
    7.5000   37.5000  -30.000010198.8359   19.0622
   -7.5000   45.0000  -30.0000 9478.2266   18.7188
    0.0000   45.0000  -30.0000 9788.0596   18.6757
    7.5000   45.0000  -30.0000 9236.9092   18.6247
   -7.5000  -45.0000  -22.500010959.8672   20.1116
    0.0000  -45.0000  -22.500011373.0352   20.0719
    7.5000  -45.0000  -22.500010792.6543   20.0212
   -7.5000  -37.5000  -22.500011526.5498   20.0634
    0.0000  -37.5000  -22.500011912.7598   20.0202
    7.5000  -37.5000  -22.500011289.9971   19.9723
   -7.5000  -30.0000  -22.500012444.9004   20.0567
    0.0000  -30.0000  -22.500012852.2256   20.0111
    7.5000  -30.0000  -22.500012145.6807   19.9627
   -7.5000  -22.5000  -22.500013296.2793   20.0273
    0.0000  -22.5000  -22.500013707.7949   19.9831
    7.5000  -22.5000  -22.500012953.9375   19.9333
   -7.5000  -15.0000  -22.500014026.7812   20.0032
    0.0000  -15.0000  -22.500014473.7178   19.9629
    7.5000  -15.0000  -22.500013660.6572   19.9127
   -7.5000   -7.5000  -22.500014723.7783   20.0162
    0.0000   -7.5000  -22.500015187.9785   19.9777
    7.5000   -7.5000  -22.500014317.6660   19.9258
   -7.5000    0.0000  -22.500015296.2578   20.0470
    0.0000    0.0000  -22.500015779.5039   20.0070
    7.5000    0.0000  -22.500014850.5889   19.9560
   -7.5000    7.5000  -22.500014650.0254   20.0633
    0.0000    7.5000  -22.500015121.0820   20.0201
    7.5000    7.5000  -22.500014238.8281   19.9722
   -7.5000   15.0000  -22.500013752.5840   20.0567
    0.0000   15.0000  -22.500014156.2529   20.0111
    7.5000   15.0000  -22.500013338.8008   19.9627
   -7.5000   22.5000  -22.500012741.9424   20.0211
    0.0000   22.5000  -22.500013120.4775   19.9770
    7.5000   22.5000  -22.500012380.1855   19.9271
   -7.5000   30.0000  -22.500011644.4990   19.7416
    0.0000   30.0000  -22.500012006.3486   19.7018
    7.5000   30.0000  -22.500011351.5488   19.6522
   -7.5000   37.5000  -22.500010987.4619   19.7544
    0.0000   37.5000  -22.500011341.4531   19.7164
    7.5000   37.5000  -22.500010740.7363   19.6651
   -7.5000   45.0000  -22.5000 9938.4990   19.3062
    0.0000   45.0000  -22.500010246.8574   19.2678
    7.5000   45.0000  -22.5000 9692.3906   19.2186
   -7.5000  -45.0000  -15.000011662.1553   20.5619
    0.0000  -45.0000  -15.000012066.2451   20.5170
    7.5000  -45.0000  -15.000011425.9639   20.4687
   -7.5000  -37.5000  -15.000012238.1631   20.5060
    0.0000  -37.5000  -15.000012619.1855   20.4584
    7.5000  -37.5000  -15.000011943.8145   20.4156
   -7.5000  -30.0000  -15.000013196.2031   20.4953
    0.0000  -30.0000  -15.000013613.9375   20.4466
    7.5000  -30.0000  -15.000012863.1797   20.4045
   -7.5000  -22.5000  -15.000014059.5176   20.4702
    0.0000  -22.5000  -15.000014511.7305   20.4234
    7.5000  -22.5000  -15.000013721.8252   20.3779
   -7.5000  -15.0000  -15.000014794.6318   20.4525
    0.0000  -15.0000  -15.000015260.8652   20.4086
    7.5000  -15.0000  -15.000014436.0654   20.3595
   -7.5000   -7.5000  -15.000015513.4160   20.4679
    0.0000   -7.5000  -15.000016000.7324   20.4244
    7.5000   -7.5000  -15.000015106.5654   20.3730
   -7.5000    0.0000  -15.000016085.5898   20.4962
    0.0000    0.0000  -15.000016598.9805   20.4510
    7.5000    0.0000  -15.000015636.2441   20.4024
   -7.5000    7.5000  -15.000015379.7158   20.5059
    0.0000    7.5000  -15.000015885.6680   20.4583
    7.5000    7.5000  -15.000014960.3135   20.4155
   -7.5000   15.0000  -15.000014425.0195   20.4953
    0.0000   15.0000  -15.000014863.5947   20.4466
    7.5000   15.0000  -15.000014012.1572   20.4045
   -7.5000   22.5000  -15.000013354.2637   20.4630
    0.0000   22.5000  -15.000013749.6748   20.4161
    7.5000   22.5000  -15.000013007.9619   20.3707
   -7.5000   30.0000  -15.000012237.9785   20.1878
    0.0000   30.0000  -15.000012595.6592   20.1445
    7.5000   30.0000  -15.000011921.8721   20.0960
   -7.5000   37.5000  -15.000011530.2900   20.2030
    0.0000   37.5000  -15.000011883.3496   20.1600
    7.5000   37.5000  -15.000011264.8945   20.1093
   -7.5000   45.0000  -15.000010389.8555   19.7508
    0.0000   45.0000  -15.000010700.9336   19.7072
    7.5000   45.0000  -15.000010129.1934   19.6604
   -7.5000  -45.0000   -7.500012311.4590   20.8507
    0.0000  -45.0000   -7.500012723.7930   20.7931
    7.5000  -45.0000   -7.500012074.3545   20.7435
   -7.5000  -37.5000   -7.500012921.9297   20.7855
    0.0000  -37.5000   -7.500013323.1611   20.7286
    7.5000  -37.5000   -7.500012660.1807   20.6863
   -7.5000  -30.0000   -7.500013958.1895   20.7614
    0.0000  -30.0000   -7.500014406.9863   20.7062
    7.5000  -30.0000   -7.500013650.4375   20.6665
   -7.5000  -22.5000   -7.500014935.0674   20.7321
    0.0000  -22.5000   -7.500015344.3057   20.6784
    7.5000  -22.5000   -7.500014547.1006   20.6349
   -7.5000  -15.0000   -7.500015679.5869   20.7214
    0.0000  -15.0000   -7.500016114.1211   20.6675
    7.5000  -15.0000   -7.500015291.6396   20.6175
   -7.5000   -7.5000   -7.500016365.7344   20.7488
    0.0000   -7.5000   -7.500016868.8926   20.6925
    7.5000   -7.5000   -7.500015973.8516   20.6389
   -7.5000    0.0000   -7.500016914.7656   20.7837
    0.0000    0.0000   -7.500017448.0469   20.7259
    7.5000    0.0000   -7.500016494.1230   20.6760
   -7.5000    7.5000   -7.500016155.4346   20.7855
    0.0000    7.5000   -7.500016660.7090   20.7285
    7.5000    7.5000   -7.500015743.6348   20.6862
   -7.5000   15.0000   -7.500015149.3164   20.7614
    0.0000   15.0000   -7.500015602.3760   20.7062
    7.5000   15.0000   -7.500014772.7412   20.6665
   -7.5000   22.5000   -7.500014058.0820   20.7226
    0.0000   22.5000   -7.500014468.8350   20.6689
    7.5000   22.5000   -7.500013725.2764   20.6253
   -7.5000   30.0000   -7.500012908.7227   20.4527
    0.0000   30.0000   -7.500013273.6367   20.3995
    7.5000   30.0000   -7.500012574.3174   20.3501
   -7.5000   37.5000   -7.500012145.3633   20.4797
    0.0000   37.5000   -7.500012501.4697   20.4242
    7.5000   37.5000   -7.500011843.8525   20.3713
   -7.5000   45.0000   -7.500010911.0566   20.0316
    0.0000   45.0000   -7.500011228.3389   19.9759
    7.5000   45.0000   -7.500010615.6396   19.9278
   -7.5000  -45.0000    0.000012743.6416   20.9678
    0.0000  -45.0000    0.000013174.1475   20.9027
    7.5000  -45.0000    0.000012547.8926   20.8489
   -7.5000  -37.5000    0.000013370.1523   20.9006
    0.0000  -37.5000    0.000013839.9082   20.8392
    7.5000  -37.5000    0.000013182.4463   20.7923
   -7.5000  -30.0000    0.000014463.0693   20.8678
    0.0000  -30.0000    0.000014940.0459   20.8104
    7.5000  -30.0000    0.000014200.9033   20.7670
   -7.5000  -22.5000    0.000015506.1084   20.8311
    0.0000  -22.5000    0.000015938.9033   20.7740
    7.5000  -22.5000    0.000015142.8711   20.7280
   -7.5000  -15.0000    0.000016288.2363   20.8210
    0.0000  -15.0000    0.000016786.5176   20.7612
    7.5000  -15.0000    0.000016018.1016   20.7083
   -7.5000   -7.5000    0.000016998.3438   20.8568
    0.0000   -7.5000    0.000017543.5488   20.7928
    7.5000   -7.5000    0.000016742.6094   20.7356
   -7.5000    0.0000    0.000017545.5449   20.8998
    0.0000    0.0000    0.000018119.6621   20.8346
    7.5000    0.0000    0.000017271.6816   20.7805
   -7.5000    7.5000    0.000016729.8945   20.9005
    0.0000    7.5000    0.000017275.0469   20.8391
    7.5000    7.5000    0.000016409.3262   20.7922
   -7.5000   15.0000    0.000015670.3818   20.8678
    0.0000   15.0000    0.000016183.3594   20.8104
    7.5000   15.0000    0.000015354.0498   20.7670
   -7.5000   22.5000    0.000014548.9590   20.8215
    0.0000   22.5000    0.000015046.0557   20.7645
    7.5000   22.5000    0.000014246.3506   20.7184
   -7.5000   30.0000    0.000013351.5234   20.5515
    0.0000   30.0000    0.000013808.0518   20.4925
    7.5000   30.0000    0.000013050.5566   20.4403
   -7.5000   37.5000    0.000012577.5410   20.5868
    0.0000   37.5000    0.000012996.8115   20.5237
    7.5000   37.5000    0.000012287.7598   20.4672
   -7.5000   45.0000    0.000011260.0176   20.1450
    0.0000   45.0000    0.000011620.9111   20.0822
    7.5000   45.0000    0.000010984.7783   20.0300
   -7.5000  -45.0000    7.500012225.7510   21.0075
    0.0000  -45.0000    7.500012616.3516   20.9479
    7.5000  -45.0000    7.500012050.9600   20.8908
   -7.5000  -37.5000    7.500012800.9082   20.9483
    0.0000  -37.5000    7.500013206.4531   20.8913
    7.5000  -37.5000    7.500012639.9014   20.8386
   -7.5000  -30.0000    7.500013835.3457   20.9220
    0.0000  -30.0000    7.500014246.6328   20.8678
    7.5000  -30.0000    7.500013644.5273   20.8169
   -7.5000  -22.5000    7.500014786.0156   20.8818
    0.0000  -22.5000    7.500015250.6846   20.8275
    7.5000  -22.5000    7.500014614.1768   20.7754
   -7.5000  -15.0000    7.500015657.3418   20.8636
    0.0000  -15.0000    7.500016253.7480   20.8078
    7.5000  -15.0000    7.500015524.0938   20.7521
   -7.5000   -7.5000    7.500016469.5605   20.8945
    0.0000   -7.5000    7.500017143.7363   20.8361
    7.5000   -7.5000    7.500016303.7959   20.7770
   -7.5000    0.0000    7.500017039.4453   20.9390
    0.0000    0.0000    7.500017709.1543   20.8793
    7.5000    0.0000    7.500016808.2598   20.8220
   -7.5000    7.5000    7.500016170.9541   20.9482
    0.0000    7.5000    7.500016764.6934   20.8912
    7.5000    7.5000    7.500015890.7197   20.8385
   -7.5000   15.0000    7.500015072.0352   20.9220
    0.0000   15.0000    7.500015600.2363   20.8678
    7.5000   15.0000    7.500014828.6191   20.8169
   -7.5000   22.5000    7.500013978.2920   20.8722
    0.0000   22.5000    7.500014444.2881   20.8180
    7.5000   22.5000    7.500013758.7773   20.7658
   -7.5000   30.0000    7.500012813.1846   20.5936
    0.0000   30.0000    7.500013223.4404   20.5385
    7.5000   30.0000    7.500012591.8994   20.4835
   -7.5000   37.5000    7.500012059.5674   20.6241
    0.0000   37.5000    7.500012425.4219   20.5665
    7.5000   37.5000    7.500011826.7910   20.5081
   -7.5000   45.0000    7.500010754.9219   20.1828
    0.0000   45.0000    7.500011074.3398   20.1253
    7.5000   45.0000    7.500010533.3809   20.0700
   -7.5000  -45.0000   15.000011558.1855   21.0641
    0.0000  -45.0000   15.000011963.0869   21.0163
    7.5000  -45.0000   15.000011415.8867   20.9591
   -7.5000  -37.5000   15.000012096.6709   21.0125
    0.0000  -37.5000   15.000012524.1436   20.9635
    7.5000  -37.5000   15.000011983.3633   20.9086
   -7.5000  -30.0000   15.000013076.3613   20.9988
    0.0000  -30.0000   15.000013528.1426   20.9491
    7.5000  -30.0000   15.000012954.6045   20.8937
   -7.5000  -22.5000   15.000013994.7861   20.9613
    0.0000  -22.5000   15.000014505.4590   20.9120
    7.5000  -22.5000   15.000013911.2676   20.8562
   -7.5000  -15.0000   15.000014878.0146   20.9356
    0.0000  -15.0000   15.000015447.0312   20.8885
    7.5000  -15.0000   15.000014783.2100   20.8326
   -7.5000   -7.5000   15.000015683.4629   20.9559
    0.0000   -7.5000   15.000016282.1885   20.9095
    7.5000   -7.5000   15.000015534.1465   20.8515
   -7.5000    0.0000   15.000016264.7891   20.9954
    0.0000    0.0000   15.000016862.6250   20.9474
    7.5000    0.0000   15.000016032.7197   20.8899
   -7.5000    7.5000   15.000015420.8633   21.0124
    0.0000    7.5000   15.000015976.8379   20.9634
    7.5000    7.5000   15.000015161.9375   20.9085
   -7.5000   15.0000   15.000014331.5430   20.9988
    0.0000   15.0000   15.000014853.7256   20.9491
    7.5000   15.0000   15.000014125.1094   20.8937
   -7.5000   22.5000   15.000013261.9600   20.9516
    0.0000   22.5000   15.000013742.6572   20.9023
    7.5000   22.5000   15.000013085.3057   20.8466
   -7.5000   30.0000   15.000012129.4658   20.6646
    0.0000   30.0000   15.000012565.1621   20.6182
    7.5000   30.0000   15.000011962.4941   20.5630
   -7.5000   37.5000   15.000011362.5430   20.6847
    0.0000   37.5000   15.000011766.6553   20.6389
    7.5000   37.5000   15.000011236.5781   20.5817
   -7.5000   45.0000   15.000010101.2422   20.2372
    0.0000   45.0000   15.000010443.8906   20.1909
    7.5000   45.0000   15.0000 9986.4658   20.1355
   -7.5000  -45.0000   22.500010803.4355   21.1011
    0.0000  -45.0000   22.500011216.2295   21.0601
    7.5000  -45.0000   22.500010665.1631   21.0063
   -7.5000  -37.5000   22.500011321.4775   21.0508
    0.0000  -37.5000   22.500011737.8340   21.0059
    7.5000  -37.5000   22.500011179.5215   20.9550
   -7.5000  -30.0000   22.500012250.1426   21.0435
    0.0000  -30.0000   22.500012675.4492   20.9959
    7.5000  -30.0000   22.500012102.5840   20.9446
   -7.5000  -22.5000   22.500013109.6289   21.0124
    0.0000  -22.5000   22.500013594.3545   20.9665
    7.5000  -22.5000   22.500013008.5596   20.9139
   -7.5000  -15.0000   22.500013911.7402   20.9871
    0.0000  -15.0000   22.500014438.3799   20.9456
    7.5000  -15.0000   22.500013840.8916   20.8926
   -7.5000   -7.5000   22.500014644.6504   21.0010
    0.0000   -7.5000   22.500015198.9092   20.9614
    7.5000   -7.5000   22.500014550.3223   20.9065
   -7.5000    0.0000   22.500015164.3564   21.0336
    0.0000    0.0000   22.500015737.3184   20.9923
    7.5000    0.0000   22.500015015.3555   20.9382
   -7.5000    7.5000   22.500014387.7793   21.0507
    0.0000    7.5000   22.500014896.2637   21.0058
    7.5000    7.5000   22.500014193.8711   20.9549
   -7.5000   15.0000   22.500013418.2412   21.0435
    0.0000   15.0000   22.500013888.1553   20.9959
    7.5000   15.0000   22.500013256.8076   20.9446
   -7.5000   22.5000   22.500012436.0156   21.0027
    0.0000   22.5000   22.500012854.8447   20.9569
    7.5000   22.5000   22.500012247.8584   20.9043
   -7.5000   30.0000   22.500011369.9766   20.7155
    0.0000   30.0000   22.500011758.0322   20.6745
    7.5000   30.0000   22.500011189.7695   20.6222
   -7.5000   37.5000   22.500010638.9492   20.7292
    0.0000   37.5000   22.500010993.4512   20.6902
    7.5000   37.5000   22.500010466.0645   20.6360
   -7.5000   45.0000   22.5000 9447.6006   20.2740
    0.0000   45.0000   22.5000 9761.5557   20.2342
    7.5000   45.0000   22.5000 9292.6445   20.1820
   -7.5000  -45.0000   30.0000 9982.1064   21.3081
    0.0000  -45.0000   30.000010359.9590   21.2632
    7.5000  -45.0000   30.0000 9835.4727   21.2127
   -7.5000  -37.5000   30.000010465.3115   21.2524
    0.0000  -37.5000   30.000010846.4023   21.2045
    7.5000  -37.5000   30.000010312.9121   21.1598
   -7.5000  -30.0000   30.000011321.9160   21.2425
    0.0000  -30.0000   30.000011723.6357   21.1932
    7.5000  -30.0000   30.000011155.7451   21.1493
   -7.5000  -22.5000   30.000012137.2139   21.2168
    0.0000  -22.5000   30.000012585.2988   21.1698
    7.5000  -22.5000   30.000012006.4541   21.1223
   -7.5000  -15.0000   30.000012873.1494   21.1976
    0.0000  -15.0000   30.000013334.0732   21.1539
    7.5000  -15.0000   30.000012751.6328   21.1027
   -7.5000   -7.5000   30.000013509.4199   21.2125
    0.0000   -7.5000   30.000014010.4316   21.1692
    7.5000   -7.5000   30.000013411.2676   21.1155
   -7.5000    0.0000   30.000013987.9199   21.2416
    0.0000    0.0000   30.000014497.5928   21.1963
    7.5000    0.0000   30.000013864.2422   21.1456
   -7.5000    7.5000   30.000013239.5596   21.2524
    0.0000    7.5000   30.000013716.2383   21.2044
    7.5000    7.5000   30.000013104.2715   21.1597
   -7.5000   15.0000   30.000012368.4824   21.2425
    0.0000   15.0000   30.000012818.8438   21.1932
    7.5000   15.0000   30.000012237.7275   21.1493
   -7.5000   22.5000   30.000011459.2744   21.2070
    0.0000   22.5000   30.000011867.9717   21.1600
    7.5000   22.5000   30.000011326.2148   21.1126
   -7.5000   30.0000   30.000010479.4990   20.9232
    0.0000   30.0000   30.000010846.0557   20.8802
    7.5000   30.0000   30.000010338.4473   20.8296
   -7.5000   37.5000   30.0000 9832.9287   20.9380
    0.0000   37.5000   30.000010150.0732   20.8953
    7.5000   37.5000   30.0000 9661.4785   20.8423
   -7.5000   45.0000   30.0000 8735.6836   20.4744
    0.0000   45.0000   30.0000 9018.4668   20.4308
    7.5000   45.0000   30.0000 8586.1934   20.3819
   -7.5000  -45.0000   37.5000 9563.9082   21.7977
    0.0000  -45.0000   37.5000 9933.5361   21.7365
    7.5000  -45.0000   37.5000 9407.1299   21.6802
   -7.5000  -37.5000   37.500010032.0371   21.7325
    0.0000  -37.5000   37.500010400.4453   21.6720
    7.5000  -37.5000   37.5000 9855.0879   21.6229
   -7.5000  -30.0000   37.500010847.8955   21.7083
    0.0000  -30.0000   37.500011235.4014   21.6490
    7.5000  -30.0000   37.500010658.9932   21.6020
   -7.5000  -22.5000   37.500011616.2324   21.6783
    0.0000  -22.5000   37.500012042.3467   21.6207
    7.5000  -22.5000   37.500011444.6836   21.5692
   -7.5000  -15.0000   37.500012326.4736   21.6667
    0.0000  -15.0000   37.500012760.8262   21.6091
    7.5000  -15.0000   37.500012162.6650   21.5513
   -7.5000   -7.5000   37.500012936.9795   21.6943
    0.0000   -7.5000   37.500013383.4434   21.6346
    7.5000   -7.5000   37.500012782.1152   21.5737
   -7.5000    0.0000   37.500013383.4932   21.7303
    0.0000    0.0000   37.500013842.8428   21.6690
    7.5000    0.0000   37.500013238.1953   21.6125
   -7.5000    7.5000   37.500012676.0449   21.7325
    0.0000    7.5000   37.500013115.4248   21.6719
    7.5000    7.5000   37.500012523.4189   21.6228
   -7.5000   15.0000   37.500011867.7480   21.7083
    0.0000   15.0000   37.500012277.2695   21.6490
    7.5000   15.0000   37.500011719.3594   21.6020
   -7.5000   22.5000   37.500010990.2412   21.6683
    0.0000   22.5000   37.500011369.2295   21.6107
    7.5000   22.5000   37.500010836.4434   21.5593
   -7.5000   30.0000   37.500010025.0117   21.3863
    0.0000   30.0000   37.500010379.4551   21.3295
    7.5000   30.0000   37.5000 9885.9395   21.2724
   -7.5000   37.5000   37.5000 9413.0371   21.4135
    0.0000   37.5000   37.5000 9731.6484   21.3546
    7.5000   37.5000   37.5000 9262.9209   21.2945
   -7.5000   45.0000   37.5000 8359.2969   20.9455
    0.0000   45.0000   37.5000 8652.5146   20.8864
    7.5000   45.0000   37.5000 8261.8838   20.8320
   -7.5000  -45.0000   45.0000 8762.5098   22.3857
    0.0000  -45.0000   45.0000 9115.6201   22.3188
    7.5000  -45.0000   45.0000 8610.5000   22.2552
   -7.5000  -37.5000   45.0000 9220.8311   22.3215
    0.0000  -37.5000   45.0000 9571.6934   22.2575
    7.5000  -37.5000   45.0000 9032.7305   22.2011
   -7.5000  -30.0000   45.0000 9967.9023   22.2901
    0.0000  -30.0000   45.000010331.6631   22.2289
    7.5000  -30.0000   45.0000 9781.3584   22.1752
   -7.5000  -22.5000   45.000010645.7539   22.2505
    0.0000  -22.5000   45.000011042.1836   22.1891
    7.5000  -22.5000   45.000010491.3711   22.1318
   -7.5000  -15.0000   45.000011278.4062   22.2357
    0.0000  -15.0000   45.000011686.3408   22.1725
    7.5000  -15.0000   45.000011131.0312   22.1079
   -7.5000   -7.5000   45.000011831.4580   22.2705
    0.0000   -7.5000   45.000012240.0820   22.2044
    7.5000   -7.5000   45.000011677.7402   22.1362
   -7.5000    0.0000   45.000012269.7061   22.3167
    0.0000    0.0000   45.000012680.2930   22.2497
    7.5000    0.0000   45.000012109.2715   22.1859
   -7.5000    7.5000   45.000011647.2852   22.3214
    0.0000    7.5000   45.000012025.4102   22.2574
    7.5000    7.5000   45.000011487.2285   22.2010
   -7.5000   15.0000   45.000010930.7969   22.2901
    0.0000   15.0000   45.000011305.6445   22.2289
    7.5000   15.0000   45.000010758.0264   22.1752
   -7.5000   22.5000   45.000010123.2344   22.2401
    0.0000   22.5000   45.000010472.7734   22.1788
    7.5000   22.5000   45.0000 9956.2520   22.1215
   -7.5000   30.0000   45.0000 9243.4727   21.9460
    0.0000   30.0000   45.0000 9560.3076   21.8836
    7.5000   30.0000   45.0000 9073.5107   21.8199
   -7.5000   37.5000   45.0000 8674.8555   21.9804
    0.0000   37.5000   45.0000 8953.3545   21.9151
    7.5000   37.5000   45.0000 8500.3789   21.8478
   -7.5000   45.0000   45.0000 7708.3096   21.5205
    0.0000   45.0000   45.0000 7958.4839   21.4559
    7.5000   45.0000   45.0000 7572.8511   21.3943

---------------------------------------------------------------------
imgreg_4dfp /opt/freesurfer/average/711-2C_as_mni_average_305 /opt/freesurfer/average/711-2B_as_mni_average_305_mask talsrcimg_g11 none talsrcimg_to_711-2C_as_mni_average_305_t4 4355
---------------------------------------------------------------------

freesurfer imgreg_4dfp.c
/opt/freesurfer/average/711-2C_as_mni_average_305.4dfp.img
       256       256       256         1
  1.000000  1.000000  1.000000
orientation T byte_order littleendian
Reading image: /opt/freesurfer/average/711-2C_as_mni_average_305.4dfp.img
dimensions:      256       256       256
mmppix:       1.0000   -1.0000   -1.0000
center:     128.0000 -129.0000 -129.0000
/opt/freesurfer/average/711-2B_as_mni_average_305_mask.4dfp.img
       256       256       256         1
  1.000000  1.000000  1.000000
orientation T byte_order littleendian
Reading mask: /opt/freesurfer/average/711-2B_as_mni_average_305_mask.4dfp.img (2306576 pixels)
talsrcimg_g11.4dfp.img
       256       256       256         1
  1.000000  1.000000  1.000000
orientation T byte_order littleendian
Reading image: talsrcimg_g11.4dfp.img
dimensions:      256       256       256
mmppix:       1.0000   -1.0000   -1.0000
center:     128.0000 -129.0000 -129.0000
rotation matrix determinant  1.000000
image alignment mode   4355 decimal     1103 hex
   -7.5000  -45.0000  -45.0000 2249.9797   19.1154
    0.0000  -45.0000  -45.0000 2244.1309   19.0261
    7.5000  -45.0000  -45.0000 2228.7656   19.2084
   -7.5000  -37.5000  -45.0000 2317.5037   17.7836
    0.0000  -37.5000  -45.0000 2316.5759   17.7560
    7.5000  -37.5000  -45.0000 2302.9189   17.9417
   -7.5000  -30.0000  -45.0000 2374.9973   16.7818
    0.0000  -30.0000  -45.0000 2369.8635   16.7650
    7.5000  -30.0000  -45.0000 2351.3274   16.9933
   -7.5000  -22.5000  -45.0000 2412.4648   16.1094
    0.0000  -22.5000  -45.0000 2410.9219   16.1152
    7.5000  -22.5000  -45.0000 2383.7124   16.3649
   -7.5000  -15.0000  -45.0000 2429.6030   15.8049
    0.0000  -15.0000  -45.0000 2426.4238   15.8174
    7.5000  -15.0000  -45.0000 2395.6614   16.0860
   -7.5000   -7.5000  -45.0000 2423.5679   15.7706
    0.0000   -7.5000  -45.0000 2417.2109   15.7974
    7.5000   -7.5000  -45.0000 2385.8330   16.1072
   -7.5000    0.0000  -45.0000 2391.9431   16.0801
    0.0000    0.0000  -45.0000 2385.0400   16.0944
    7.5000    0.0000  -45.0000 2354.6611   16.4664
   -7.5000    7.5000  -45.0000 2345.6719   16.7042
    0.0000    7.5000  -45.0000 2341.5166   16.7469
    7.5000    7.5000  -45.0000 2303.0002   17.1282
   -7.5000   15.0000  -45.0000 2269.5063   17.6916
    0.0000   15.0000  -45.0000 2265.6868   17.7169
    7.5000   15.0000  -45.0000 2230.3081   18.1351
   -7.5000   22.5000  -45.0000 2182.6179   19.0946
    0.0000   22.5000  -45.0000 2174.1147   19.1568
    7.5000   22.5000  -45.0000 2139.6982   19.5707
   -7.5000   30.0000  -45.0000 2077.1396   21.1040
    0.0000   30.0000  -45.0000 2069.1860   21.1491
    7.5000   30.0000  -45.0000 2032.0873   21.5989
   -7.5000   37.5000  -45.0000 1964.7905   23.7718
    0.0000   37.5000  -45.0000 1950.7089   23.7686
    7.5000   37.5000  -45.0000 1915.6060   24.2335
   -7.5000   45.0000  -45.0000 1839.5291   27.3505
    0.0000   45.0000  -45.0000 1822.8540   27.4070
    7.5000   45.0000  -45.0000 1796.9026   27.9182
   -7.5000  -45.0000  -37.5000 2323.5833   17.8288
    0.0000  -45.0000  -37.5000 2321.9116   17.7971
    7.5000  -45.0000  -37.5000 2306.3240   17.9501
   -7.5000  -37.5000  -37.5000 2396.7336   16.5708
    0.0000  -37.5000  -37.5000 2392.4771   16.5481
    7.5000  -37.5000  -37.5000 2375.7334   16.7068
   -7.5000  -30.0000  -37.5000 2461.6904   15.6223
    0.0000  -30.0000  -37.5000 2454.0173   15.6014
    7.5000  -30.0000  -37.5000 2434.5498   15.7765
   -7.5000  -22.5000  -37.5000 2506.2073   15.0318
    0.0000  -22.5000  -37.5000 2502.4741   15.0190
    7.5000  -22.5000  -37.5000 2475.6270   15.2312
   -7.5000  -15.0000  -37.5000 2522.2356   14.7567
    0.0000  -15.0000  -37.5000 2519.6155   14.7707
    7.5000  -15.0000  -37.5000 2488.0527   14.9967
   -7.5000   -7.5000  -37.5000 2517.6284   14.7457
    0.0000   -7.5000  -37.5000 2509.6453   14.7718
    7.5000   -7.5000  -37.5000 2475.5759   15.0318
   -7.5000    0.0000  -37.5000 2489.1445   15.0408
    0.0000    0.0000  -37.5000 2481.4785   15.0627
    7.5000    0.0000  -37.5000 2445.6646   15.3664
   -7.5000    7.5000  -37.5000 2444.5142   15.5878
    0.0000    7.5000  -37.5000 2434.6028   15.6276
    7.5000    7.5000  -37.5000 2393.1799   15.9629
   -7.5000   15.0000  -37.5000 2363.4070   16.4868
    0.0000   15.0000  -37.5000 2354.1721   16.5298
    7.5000   15.0000  -37.5000 2313.9153   16.8920
   -7.5000   22.5000  -37.5000 2266.2075   17.7881
    0.0000   22.5000  -37.5000 2256.5896   17.8456
    7.5000   22.5000  -37.5000 2216.9729   18.2230
   -7.5000   30.0000  -37.5000 2147.6875   19.5913
    0.0000   30.0000  -37.5000 2142.2715   19.6628
    7.5000   30.0000  -37.5000 2102.0259   20.0542
   -7.5000   37.5000  -37.5000 2027.2278   22.0133
    0.0000   37.5000  -37.5000 2018.2854   22.1031
    7.5000   37.5000  -37.5000 1983.0092   22.5598
   -7.5000   45.0000  -37.5000 1899.9855   25.2704
    0.0000   45.0000  -37.5000 1886.9097   25.3746
    7.5000   45.0000  -37.5000 1854.9817   25.9044
   -7.5000  -45.0000  -30.0000 2433.8486   17.2385
    0.0000  -45.0000  -30.0000 2434.4294   17.1891
    7.5000  -45.0000  -30.0000 2414.4668   17.3648
   -7.5000  -37.5000  -30.0000 2515.8259   15.9484
    0.0000  -37.5000  -30.0000 2510.4143   15.9438
    7.5000  -37.5000  -30.0000 2492.8311   16.0880
   -7.5000  -30.0000  -30.0000 2588.4922   15.0592
    0.0000  -30.0000  -30.0000 2586.2761   15.0332
    7.5000  -30.0000  -30.0000 2563.1912   15.2001
   -7.5000  -22.5000  -30.0000 2643.4231   14.4770
    0.0000  -22.5000  -30.0000 2639.1431   14.4860
    7.5000  -22.5000  -30.0000 2608.5264   14.6508
   -7.5000  -15.0000  -30.0000 2666.7410   14.2256
    0.0000  -15.0000  -30.0000 2657.9514   14.2265
    7.5000  -15.0000  -30.0000 2622.2019   14.4182
   -7.5000   -7.5000  -30.0000 2668.3342   14.2492
    0.0000   -7.5000  -30.0000 2658.4385   14.2488
    7.5000   -7.5000  -30.0000 2617.0151   14.4846
   -7.5000    0.0000  -30.0000 2641.7810   14.5383
    0.0000    0.0000  -30.0000 2633.4663   14.5652
    7.5000    0.0000  -30.0000 2585.8093   14.8270
   -7.5000    7.5000  -30.0000 2588.8132   15.0857
    0.0000    7.5000  -30.0000 2579.5312   15.1145
    7.5000    7.5000  -30.0000 2533.0588   15.4204
   -7.5000   15.0000  -30.0000 2501.5107   15.9395
    0.0000   15.0000  -30.0000 2492.3601   15.9891
    7.5000   15.0000  -30.0000 2444.4729   16.3359
   -7.5000   22.5000  -30.0000 2391.1501   17.1682
    0.0000   22.5000  -30.0000 2383.4370   17.2043
    7.5000   22.5000  -30.0000 2340.3093   17.5796
   -7.5000   30.0000  -30.0000 2264.2207   18.9053
    0.0000   30.0000  -30.0000 2258.3535   18.9346
    7.5000   30.0000  -30.0000 2218.8428   19.3527
   -7.5000   37.5000  -30.0000 2132.2161   21.1896
    0.0000   37.5000  -30.0000 2125.9614   21.3212
    7.5000   37.5000  -30.0000 2087.9700   21.7844
   -7.5000   45.0000  -30.0000 1988.8934   24.1923
    0.0000   45.0000  -30.0000 1982.7286   24.3695
    7.5000   45.0000  -30.0000 1950.1772   24.9206
   -7.5000  -45.0000  -22.5000 2506.5120   16.5719
    0.0000  -45.0000  -22.5000 2510.7273   16.5017
    7.5000  -45.0000  -22.5000 2491.1521   16.6932
   -7.5000  -37.5000  -22.5000 2600.2581   15.3252
    0.0000  -37.5000  -22.5000 2598.4246   15.2586
    7.5000  -37.5000  -22.5000 2580.0242   15.4526
   -7.5000  -30.0000  -22.5000 2682.2634   14.4153
    0.0000  -30.0000  -22.5000 2683.3889   14.3674
    7.5000  -30.0000  -22.5000 2657.6670   14.5696
   -7.5000  -22.5000  -22.5000 2748.5037   13.8266
    0.0000  -22.5000  -22.5000 2748.3086   13.8130
    7.5000  -22.5000  -22.5000 2711.8862   14.0339
   -7.5000  -15.0000  -22.5000 2783.0396   13.5720
    0.0000  -15.0000  -22.5000 2775.9077   13.5740
    7.5000  -15.0000  -22.5000 2735.2896   13.8225
   -7.5000   -7.5000  -22.5000 2789.9858   13.6258
    0.0000   -7.5000  -22.5000 2784.9817   13.6339
    7.5000   -7.5000  -22.5000 2736.6675   13.8891
   -7.5000    0.0000  -22.5000 2761.6028   13.9315
    0.0000    0.0000  -22.5000 2754.4788   13.9450
    7.5000    0.0000  -22.5000 2701.1794   14.2200
   -7.5000    7.5000  -22.5000 2700.8748   14.4610
    0.0000    7.5000  -22.5000 2691.4546   14.4887
    7.5000    7.5000  -22.5000 2638.9910   14.8109
   -7.5000   15.0000  -22.5000 2609.5491   15.2730
    0.0000   15.0000  -22.5000 2596.1428   15.3211
    7.5000   15.0000  -22.5000 2547.0027   15.6563
   -7.5000   22.5000  -22.5000 2492.3252   16.4825
    0.0000   22.5000  -22.5000 2480.4419   16.5391
    7.5000   22.5000  -22.5000 2434.5034   16.8929
   -7.5000   30.0000  -22.5000 2357.1445   18.1722
    0.0000   30.0000  -22.5000 2345.0471   18.2271
    7.5000   30.0000  -22.5000 2300.5054   18.6009
   -7.5000   37.5000  -22.5000 2207.6812   20.3923
    0.0000   37.5000  -22.5000 2198.6638   20.4684
    7.5000   37.5000  -22.5000 2160.9297   20.9183
   -7.5000   45.0000  -22.5000 2059.6472   23.2663
    0.0000   45.0000  -22.5000 2049.2742   23.3566
    7.5000   45.0000  -22.5000 2009.3915   23.8905
   -7.5000  -45.0000  -15.0000 2549.1711   16.0126
    0.0000  -45.0000  -15.0000 2552.5100   15.9050
    7.5000  -45.0000  -15.0000 2533.7275   16.1453
   -7.5000  -37.5000  -15.0000 2651.2256   14.7279
    0.0000  -37.5000  -15.0000 2652.9651   14.6458
    7.5000  -37.5000  -15.0000 2631.3296   14.8994
   -7.5000  -30.0000  -15.0000 2746.9939   13.8029
    0.0000  -30.0000  -15.0000 2753.5623   13.7623
    7.5000  -30.0000  -15.0000 2721.6621   14.0345
   -7.5000  -22.5000  -15.0000 2827.1584   13.2517
    0.0000  -22.5000  -15.0000 2831.4436   13.2086
    7.5000  -22.5000  -15.0000 2788.2639   13.4988
   -7.5000  -15.0000  -15.0000 2879.2041   12.9669
    0.0000  -15.0000  -15.0000 2872.2615   12.9736
    7.5000  -15.0000  -15.0000 2818.8931   13.2881
   -7.5000   -7.5000  -15.0000 2891.0549   13.0471
    0.0000   -7.5000  -15.0000 2880.4597   13.0535
    7.5000   -7.5000  -15.0000 2819.9849   13.3729
   -7.5000    0.0000  -15.0000 2854.4011   13.3598
    0.0000    0.0000  -15.0000 2844.2444   13.3673
    7.5000    0.0000  -15.0000 2781.5984   13.6709
   -7.5000    7.5000  -15.0000 2780.3799   13.8980
    0.0000    7.5000  -15.0000 2769.4319   13.9118
    7.5000    7.5000  -15.0000 2714.5405   14.2199
   -7.5000   15.0000  -15.0000 2678.1904   14.6745
    0.0000   15.0000  -15.0000 2665.2295   14.7068
    7.5000   15.0000  -15.0000 2610.5059   15.0512
   -7.5000   22.5000  -15.0000 2547.5864   15.8847
    0.0000   22.5000  -15.0000 2534.2371   15.9354
    7.5000   22.5000  -15.0000 2487.6252   16.3031
   -7.5000   30.0000  -15.0000 2408.7207   17.5483
    0.0000   30.0000  -15.0000 2393.7214   17.5836
    7.5000   30.0000  -15.0000 2347.0105   18.0068
   -7.5000   37.5000  -15.0000 2255.4468   19.7087
    0.0000   37.5000  -15.0000 2243.4626   19.7732
    7.5000   37.5000  -15.0000 2201.2747   20.2773
   -7.5000   45.0000  -15.0000 2100.2537   22.5338
    0.0000   45.0000  -15.0000 2089.4739   22.6229
    7.5000   45.0000  -15.0000 2045.3788   23.1523
   -7.5000  -45.0000   -7.5000 2561.8604   15.5494
    0.0000  -45.0000   -7.5000 2570.7107   15.4407
    7.5000  -45.0000   -7.5000 2551.7039   15.7734
   -7.5000  -37.5000   -7.5000 2676.4314   14.2675
    0.0000  -37.5000   -7.5000 2684.1494   14.1773
    7.5000  -37.5000   -7.5000 2662.4998   14.5346
   -7.5000  -30.0000   -7.5000 2789.4116   13.3472
    0.0000  -30.0000   -7.5000 2797.0872   13.2842
    7.5000  -30.0000   -7.5000 2760.9971   13.6482
   -7.5000  -22.5000   -7.5000 2887.6162   12.7838
    0.0000  -22.5000   -7.5000 2887.7197   12.7586
    7.5000  -22.5000   -7.5000 2836.6545   13.1060
   -7.5000  -15.0000   -7.5000 2956.0623   12.5008
    0.0000  -15.0000   -7.5000 2941.9119   12.5028
    7.5000  -15.0000   -7.5000 2873.1128   12.8883
   -7.5000   -7.5000   -7.5000 2971.3718   12.5681
    0.0000   -7.5000   -7.5000 2952.3228   12.5788
    7.5000   -7.5000   -7.5000 2874.9346   12.9460
   -7.5000    0.0000   -7.5000 2917.1458   12.8935
    0.0000    0.0000   -7.5000 2903.3333   12.9051
    7.5000    0.0000   -7.5000 2829.5825   13.2713
   -7.5000    7.5000   -7.5000 2827.2483   13.4439
    0.0000    7.5000   -7.5000 2814.6580   13.4537
    7.5000    7.5000   -7.5000 2754.6477   13.8452
   -7.5000   15.0000   -7.5000 2712.8076   14.2635
    0.0000   15.0000   -7.5000 2699.3506   14.2629
    7.5000   15.0000   -7.5000 2647.3813   14.6831
   -7.5000   22.5000   -7.5000 2577.3291   15.4987
    0.0000   22.5000   -7.5000 2565.1750   15.4943
    7.5000   22.5000   -7.5000 2514.8164   15.9364
   -7.5000   30.0000   -7.5000 2429.0259   17.1565
    0.0000   30.0000   -7.5000 2418.5200   17.1506
    7.5000   30.0000   -7.5000 2369.0613   17.6372
   -7.5000   37.5000   -7.5000 2269.9922   19.3026
    0.0000   37.5000   -7.5000 2263.5049   19.3153
    7.5000   37.5000   -7.5000 2219.3052   19.8596
   -7.5000   45.0000   -7.5000 2112.9116   22.0158
    0.0000   45.0000   -7.5000 2102.3611   22.0746
    7.5000   45.0000   -7.5000 2061.0815   22.6832
   -7.5000  -45.0000    0.0000 2560.0635   15.2929
    0.0000  -45.0000    0.0000 2570.2188   15.2001
    7.5000  -45.0000    0.0000 2552.9893   15.6402
   -7.5000  -37.5000    0.0000 2681.7209   14.0138
    0.0000  -37.5000    0.0000 2693.4749   13.9574
    7.5000  -37.5000    0.0000 2670.6492   14.3687
   -7.5000  -30.0000    0.0000 2798.8540   13.1056
    0.0000  -30.0000    0.0000 2809.3796   13.0718
    7.5000  -30.0000    0.0000 2770.6191   13.4633
   -7.5000  -22.5000    0.0000 2912.9504   12.5566
    0.0000  -22.5000    0.0000 2908.9001   12.5193
    7.5000  -22.5000    0.0000 2849.8752   12.9210
   -7.5000  -15.0000    0.0000 2997.5034   12.3104
    0.0000  -15.0000    0.0000 2975.0083   12.2846
    7.5000  -15.0000    0.0000 2897.4880   12.6979
   -7.5000   -7.5000    0.0000 3014.3064   12.3277
    0.0000   -7.5000    0.0000 2990.5242   12.3352
    7.5000   -7.5000    0.0000 2897.1201   12.7698
   -7.5000    0.0000    0.0000 2943.5422   12.6527
    0.0000    0.0000    0.0000 2932.0081   12.6594
    7.5000    0.0000    0.0000 2846.8262   13.0720
   -7.5000    7.5000    0.0000 2838.7781   13.2468
    0.0000    7.5000    0.0000 2831.7048   13.2372
    7.5000    7.5000    0.0000 2763.4558   13.6448
   -7.5000   15.0000    0.0000 2716.0715   14.0769
    0.0000   15.0000    0.0000 2707.4717   14.0852
    7.5000   15.0000    0.0000 2652.9180   14.4820
   -7.5000   22.5000    0.0000 2579.3540   15.3037
    0.0000   22.5000    0.0000 2572.1501   15.3377
    7.5000   22.5000    0.0000 2520.7429   15.7391
   -7.5000   30.0000    0.0000 2430.8474   16.9416
    0.0000   30.0000    0.0000 2419.2629   17.0097
    7.5000   30.0000    0.0000 2373.5825   17.4263
   -7.5000   37.5000    0.0000 2270.0723   19.0493
    0.0000   37.5000    0.0000 2259.6787   19.1350
    7.5000   37.5000    0.0000 2221.4500   19.6080
   -7.5000   45.0000    0.0000 2107.2852   21.7084
    0.0000   45.0000    0.0000 2094.7769   21.8029
    7.5000   45.0000    0.0000 2062.9800   22.4042
   -7.5000  -45.0000    7.5000 2551.4790   15.3884
    0.0000  -45.0000    7.5000 2563.1040   15.2528
    7.5000  -45.0000    7.5000 2538.6580   15.7741
   -7.5000  -37.5000    7.5000 2672.8157   14.0695
    0.0000  -37.5000    7.5000 2684.5652   13.9492
    7.5000  -37.5000    7.5000 2654.4614   14.4702
   -7.5000  -30.0000    7.5000 2794.1323   13.1307
    0.0000  -30.0000    7.5000 2802.4607   13.0540
    7.5000  -30.0000    7.5000 2762.1924   13.5424
   -7.5000  -22.5000    7.5000 2905.9675   12.5977
    0.0000  -22.5000    7.5000 2906.5830   12.5423
    7.5000  -22.5000    7.5000 2845.3547   13.0011
   -7.5000  -15.0000    7.5000 2981.6101   12.3560
    0.0000  -15.0000    7.5000 2972.7595   12.3586
    7.5000  -15.0000    7.5000 2890.5640   12.7899
   -7.5000   -7.5000    7.5000 2990.9058   12.4501
    0.0000   -7.5000    7.5000 2981.8848   12.4976
    7.5000   -7.5000    7.5000 2891.6318   12.8574
   -7.5000    0.0000    7.5000 2927.6064   12.7985
    0.0000    0.0000    7.5000 2924.3237   12.7979
    7.5000    0.0000    7.5000 2836.3911   13.1390
   -7.5000    7.5000    7.5000 2830.3147   13.3368
    0.0000    7.5000    7.5000 2825.8223   13.3285
    7.5000    7.5000    7.5000 2754.6191   13.6855
   -7.5000   15.0000    7.5000 2705.9099   14.1729
    0.0000   15.0000    7.5000 2696.8533   14.1415
    7.5000   15.0000    7.5000 2644.9399   14.5374
   -7.5000   22.5000    7.5000 2567.3677   15.3680
    0.0000   22.5000    7.5000 2556.9346   15.3442
    7.5000   22.5000    7.5000 2514.9785   15.7539
   -7.5000   30.0000    7.5000 2417.7383   16.9580
    0.0000   30.0000    7.5000 2405.7983   16.9598
    7.5000   30.0000    7.5000 2364.1304   17.3959
   -7.5000   37.5000    7.5000 2257.8315   19.0049
    0.0000   37.5000    7.5000 2244.6191   19.0219
    7.5000   37.5000    7.5000 2210.2830   19.5181
   -7.5000   45.0000    7.5000 2093.5664   21.6602
    0.0000   45.0000    7.5000 2078.0283   21.6823
    7.5000   45.0000    7.5000 2051.7986   22.2468
   -7.5000  -45.0000   15.0000 2533.5498   15.7183
    0.0000  -45.0000   15.0000 2544.8081   15.5903
    7.5000  -45.0000   15.0000 2517.6748   16.1433
   -7.5000  -37.5000   15.0000 2647.0361   14.3802
    0.0000  -37.5000   15.0000 2656.2686   14.3054
    7.5000  -37.5000   15.0000 2626.5784   14.8014
   -7.5000  -30.0000   15.0000 2768.1423   13.4472
    0.0000  -30.0000   15.0000 2770.0007   13.3930
    7.5000  -30.0000   15.0000 2731.0745   13.8682
   -7.5000  -22.5000   15.0000 2873.8008   12.8891
    0.0000  -22.5000   15.0000 2868.4453   12.8423
    7.5000  -22.5000   15.0000 2816.8923   13.2882
   -7.5000  -15.0000   15.0000 2935.2532   12.6787
    0.0000  -15.0000   15.0000 2925.5476   12.6866
    7.5000  -15.0000   15.0000 2857.9404   13.0823
   -7.5000   -7.5000   15.0000 2934.0691   12.8328
    0.0000   -7.5000   15.0000 2925.1328   12.8109
    7.5000   -7.5000   15.0000 2851.6475   13.1462
   -7.5000    0.0000   15.0000 2877.4214   13.1767
    0.0000    0.0000   15.0000 2869.0479   13.1353
    7.5000    0.0000   15.0000 2797.4160   13.4444
   -7.5000    7.5000   15.0000 2790.3584   13.7257
    0.0000    7.5000   15.0000 2782.1426   13.6786
    7.5000    7.5000   15.0000 2716.5303   13.9889
   -7.5000   15.0000   15.0000 2664.3057   14.5443
    0.0000   15.0000   15.0000 2656.8923   14.5176
    7.5000   15.0000   15.0000 2605.2383   14.8460
   -7.5000   22.5000   15.0000 2538.1238   15.6696
    0.0000   22.5000   15.0000 2526.3259   15.6434
    7.5000   22.5000   15.0000 2482.7136   15.9931
   -7.5000   30.0000   15.0000 2390.1487   17.2209
    0.0000   30.0000   15.0000 2380.2634   17.2167
    7.5000   30.0000   15.0000 2339.5881   17.6124
   -7.5000   37.5000   15.0000 2230.6299   19.1808
    0.0000   37.5000   15.0000 2218.4741   19.2027
    7.5000   37.5000   15.0000 2188.4963   19.6716
   -7.5000   45.0000   15.0000 2069.2310   21.7503
    0.0000   45.0000   15.0000 2055.5027   21.7955
    7.5000   45.0000   15.0000 2029.0040   22.3753
   -7.5000  -45.0000   22.5000 2508.3184   16.2731
    0.0000  -45.0000   22.5000 2514.3179   16.2099
    7.5000  -45.0000   22.5000 2485.5212   16.7306
   -7.5000  -37.5000   22.5000 2621.3845   14.9348
    0.0000  -37.5000   22.5000 2622.4990   14.9020
    7.5000  -37.5000   22.5000 2589.6838   15.3836
   -7.5000  -30.0000   22.5000 2735.1887   13.9951
    0.0000  -30.0000   22.5000 2732.9053   13.9461
    7.5000  -30.0000   22.5000 2691.0720   14.4131
   -7.5000  -22.5000   22.5000 2831.2915   13.3898
    0.0000  -22.5000   22.5000 2821.6045   13.3929
    7.5000  -22.5000   22.5000 2772.3699   13.8388
   -7.5000  -15.0000   22.5000 2868.9299   13.2269
    0.0000  -15.0000   22.5000 2859.7976   13.2069
    7.5000  -15.0000   22.5000 2806.0166   13.5972
   -7.5000   -7.5000   22.5000 2859.0984   13.3688
    0.0000   -7.5000   22.5000 2850.7515   13.3385
    7.5000   -7.5000   22.5000 2795.6409   13.6872
   -7.5000    0.0000   22.5000 2805.0244   13.7045
    0.0000    0.0000   22.5000 2796.2917   13.6915
    7.5000    0.0000   22.5000 2735.8054   14.0080
   -7.5000    7.5000   22.5000 2724.7737   14.2575
    0.0000    7.5000   22.5000 2712.5156   14.2363
    7.5000    7.5000   22.5000 2656.4365   14.5650
   -7.5000   15.0000   22.5000 2611.6411   15.0871
    0.0000   15.0000   22.5000 2600.8933   15.0725
    7.5000   15.0000   22.5000 2556.6548   15.3892
   -7.5000   22.5000   22.5000 2494.0200   16.2146
    0.0000   22.5000   22.5000 2481.3313   16.1940
    7.5000   22.5000   22.5000 2435.6663   16.5282
   -7.5000   30.0000   22.5000 2351.8291   17.7000
    0.0000   30.0000   22.5000 2340.7971   17.6987
    7.5000   30.0000   22.5000 2300.2317   18.0745
   -7.5000   37.5000   22.5000 2194.1982   19.6389
    0.0000   37.5000   22.5000 2185.9941   19.6430
    7.5000   37.5000   22.5000 2153.9553   20.1040
   -7.5000   45.0000   22.5000 2037.4288   22.1811
    0.0000   45.0000   22.5000 2025.0168   22.2366
    7.5000   45.0000   22.5000 1995.5314   22.7830
   -7.5000  -45.0000   30.0000 2466.1301   17.0818
    0.0000  -45.0000   30.0000 2473.5146   17.0381
    7.5000  -45.0000   30.0000 2441.6946   17.5137
   -7.5000  -37.5000   30.0000 2578.1982   15.6839
    0.0000  -37.5000   30.0000 2577.5032   15.6731
    7.5000  -37.5000   30.0000 2543.9055   16.1110
   -7.5000  -30.0000   30.0000 2685.7400   14.7140
    0.0000  -30.0000   30.0000 2683.1777   14.7118
    7.5000  -30.0000   30.0000 2636.0513   15.1644
   -7.5000  -22.5000   30.0000 2771.4058   14.1574
    0.0000  -22.5000   30.0000 2759.2412   14.1429
    7.5000  -22.5000   30.0000 2709.5701   14.5609
   -7.5000  -15.0000   30.0000 2793.0579   13.9804
    0.0000  -15.0000   30.0000 2785.2402   13.9420
    7.5000  -15.0000   30.0000 2734.3940   14.3209
   -7.5000   -7.5000   30.0000 2773.1211   14.0903
    0.0000   -7.5000   30.0000 2767.4363   14.0512
    7.5000   -7.5000   30.0000 2721.6472   14.4132
   -7.5000    0.0000   30.0000 2718.0593   14.4311
    0.0000    0.0000   30.0000 2710.0100   14.4115
    7.5000    0.0000   30.0000 2664.7632   14.7426
   -7.5000    7.5000   30.0000 2638.9221   14.9808
    0.0000    7.5000   30.0000 2629.8938   14.9625
    7.5000    7.5000   30.0000 2585.8506   15.3142
   -7.5000   15.0000   30.0000 2539.3137   15.8025
    0.0000   15.0000   30.0000 2530.0784   15.7793
    7.5000   15.0000   30.0000 2487.9163   16.1091
   -7.5000   22.5000   30.0000 2427.5308   16.9282
    0.0000   22.5000   30.0000 2415.6260   16.9423
    7.5000   22.5000   30.0000 2378.4705   17.2708
   -7.5000   30.0000   30.0000 2295.9729   18.4192
    0.0000   30.0000   30.0000 2280.9326   18.4597
    7.5000   30.0000   30.0000 2247.4297   18.8059
   -7.5000   37.5000   30.0000 2149.7078   20.3999
    0.0000   37.5000   30.0000 2133.6169   20.4533
    7.5000   37.5000   30.0000 2104.0081   20.8783
   -7.5000   45.0000   30.0000 1994.2449   22.8627
    0.0000   45.0000   30.0000 1981.4401   23.0093
    7.5000   45.0000   30.0000 1954.6073   23.5949
   -7.5000  -45.0000   37.5000 2422.2114   18.1743
    0.0000  -45.0000   37.5000 2427.7534   18.1557
    7.5000  -45.0000   37.5000 2391.4778   18.5974
   -7.5000  -37.5000   37.5000 2528.5620   16.7284
    0.0000  -37.5000   37.5000 2526.9233   16.7251
    7.5000  -37.5000   37.5000 2488.3235   17.1395
   -7.5000  -30.0000   37.5000 2625.3257   15.7119
    0.0000  -30.0000   37.5000 2619.6045   15.7035
    7.5000  -30.0000   37.5000 2572.8394   16.1314
   -7.5000  -22.5000   37.5000 2691.9849   15.1437
    0.0000  -22.5000   37.5000 2682.1602   15.1304
    7.5000  -22.5000   37.5000 2634.8882   15.5080
   -7.5000  -15.0000   37.5000 2708.1807   14.9623
    0.0000  -15.0000   37.5000 2701.0073   14.9127
    7.5000  -15.0000   37.5000 2653.6265   15.2564
   -7.5000   -7.5000   37.5000 2686.4429   15.0517
    0.0000   -7.5000   37.5000 2678.2839   15.0006
    7.5000   -7.5000   37.5000 2634.5952   15.3288
   -7.5000    0.0000   37.5000 2628.5747   15.3940
    0.0000    0.0000   37.5000 2618.5483   15.3516
    7.5000    0.0000   37.5000 2581.6221   15.6730
   -7.5000    7.5000   37.5000 2552.3567   15.9464
    0.0000    7.5000   37.5000 2546.2798   15.9104
    7.5000    7.5000   37.5000 2507.1958   16.2866
   -7.5000   15.0000   37.5000 2464.6035   16.7250
    0.0000   15.0000   37.5000 2457.1687   16.6860
    7.5000   15.0000   37.5000 2418.7000   17.0584
   -7.5000   22.5000   37.5000 2358.1270   17.8555
    0.0000   22.5000   37.5000 2347.6665   17.8409
    7.5000   22.5000   37.5000 2311.5786   18.2301
   -7.5000   30.0000   37.5000 2225.2471   19.4199
    0.0000   30.0000   37.5000 2217.9199   19.4142
    7.5000   30.0000   37.5000 2189.7620   19.7936
   -7.5000   37.5000   37.5000 2090.9526   21.4092
    0.0000   37.5000   37.5000 2079.2812   21.4912
    7.5000   37.5000   37.5000 2049.6472   21.9310
   -7.5000   45.0000   37.5000 1938.1130   23.9893
    0.0000   45.0000   37.5000 1931.8494   24.1378
    7.5000   45.0000   37.5000 1908.8956   24.6868
   -7.5000  -45.0000   45.0000 2361.5276   19.5768
    0.0000  -45.0000   45.0000 2369.6130   19.5253
    7.5000  -45.0000   45.0000 2327.5356   19.9293
   -7.5000  -37.5000   45.0000 2465.0325   18.0878
    0.0000  -37.5000   45.0000 2466.5168   18.0308
    7.5000  -37.5000   45.0000 2420.4187   18.4254
   -7.5000  -30.0000   45.0000 2548.6382   17.0061
    0.0000  -30.0000   45.0000 2546.7744   16.9702
    7.5000  -30.0000   45.0000 2501.4185   17.3561
   -7.5000  -22.5000   45.0000 2597.4922   16.3712
    0.0000  -22.5000   45.0000 2593.2014   16.3231
    7.5000  -22.5000   45.0000 2552.4761   16.6883
   -7.5000  -15.0000   45.0000 2606.0640   16.1403
    0.0000  -15.0000   45.0000 2601.1604   16.0602
    7.5000  -15.0000   45.0000 2562.6846   16.3907
   -7.5000   -7.5000   45.0000 2581.6687   16.2263
    0.0000   -7.5000   45.0000 2570.9194   16.1425
    7.5000   -7.5000   45.0000 2535.2422   16.4510
   -7.5000    0.0000   45.0000 2530.7761   16.5742
    0.0000    0.0000   45.0000 2517.7742   16.5259
    7.5000    0.0000   45.0000 2487.4333   16.8140
   -7.5000    7.5000   45.0000 2463.8779   17.1445
    0.0000    7.5000   45.0000 2452.8928   17.0960
    7.5000    7.5000   45.0000 2421.9878   17.4349
   -7.5000   15.0000   45.0000 2382.4204   17.9401
    0.0000   15.0000   45.0000 2374.2773   17.8897
    7.5000   15.0000   45.0000 2335.9312   18.2876
   -7.5000   22.5000   45.0000 2280.7498   19.0378
    0.0000   22.5000   45.0000 2271.7966   19.0105
    7.5000   22.5000   45.0000 2235.0291   19.4094
   -7.5000   30.0000   45.0000 2161.3137   20.5882
    0.0000   30.0000   45.0000 2151.9976   20.5777
    7.5000   30.0000   45.0000 2117.4336   21.0037
   -7.5000   37.5000   45.0000 2030.4388   22.6527
    0.0000   37.5000   45.0000 2015.8029   22.6961
    7.5000   37.5000   45.0000 1985.2650   23.2181
   -7.5000   45.0000   45.0000 1883.6978   25.4572
    0.0000   45.0000   45.0000 1872.2411   25.5463
    7.5000   45.0000   45.0000 1849.2439   26.1250

---------------------------------------------------------------------
imgreg_4dfp /opt/freesurfer/average/711-2C_as_mni_average_305 /opt/freesurfer/average/711-2B_as_mni_average_305_mask talsrcimg_g11 none talsrcimg_to_711-2C_as_mni_average_305_t4 1283
---------------------------------------------------------------------

freesurfer imgreg_4dfp.c
/opt/freesurfer/average/711-2C_as_mni_average_305.4dfp.img
       256       256       256         1
  1.000000  1.000000  1.000000
orientation T byte_order littleendian
Reading image: /opt/freesurfer/average/711-2C_as_mni_average_305.4dfp.img
dimensions:      256       256       256
mmppix:       1.0000   -1.0000   -1.0000
center:     128.0000 -129.0000 -129.0000
/opt/freesurfer/average/711-2B_as_mni_average_305_mask.4dfp.img
       256       256       256         1
  1.000000  1.000000  1.000000
orientation T byte_order littleendian
Reading mask: /opt/freesurfer/average/711-2B_as_mni_average_305_mask.4dfp.img (2306576 pixels)
talsrcimg_g11.4dfp.img
       256       256       256         1
  1.000000  1.000000  1.000000
orientation T byte_order littleendian
Reading image: talsrcimg_g11.4dfp.img
dimensions:      256       256       256
mmppix:       1.0000   -1.0000   -1.0000
center:     128.0000 -129.0000 -129.0000
rotation matrix determinant  1.000000
fimgreg.f
image alignment mode   1283 decimal      503 hex
parameters
   -7.5000   -7.5000    0.0000    0.0000    0.0000    0.0000
eta,q 0.94638 12.24273
niter,ni,del,rscale     5    3   12.0000    1.2000
parameter  4  2.441974 ->  0.500000 qaram    1.1500
parameters
   -5.4016   -9.8825    1.3251   -3.4500    0.3574    0.4441
eta,q 0.95335 12.04902
  0.0761  0.0541  0.0602  0.0456  0.0556  0.0529
  0.0661  0.0521  0.0565  0.0462  0.0514  0.0499
  0.0586  0.0513  0.0540  0.0479  0.0482  0.0475
  0.0541  0.0525  0.0515  0.0502  0.0466  0.0466
  0.0525  0.0555  0.0505  0.0526  0.0474  0.0472
  0.0539  0.0612  0.0529  0.0548  0.0501  0.0488
  0.0581  0.0685  0.0552  0.0571  0.0538  0.0513
niter,ni,del,rscale     5    3   12.0000    1.2000
parameter  4  0.652457 ->  0.500000 qaram    1.3225
parameters
   -5.3268   -8.4194    0.7246   -7.4175    0.1503    0.3582
eta,q 0.95690 12.10215
  0.0645  0.0612  0.0541  0.0454  0.0519  0.0488
  0.0558  0.0536  0.0502  0.0434  0.0473  0.0458
  0.0492  0.0490  0.0468  0.0437  0.0438  0.0438
  0.0466  0.0467  0.0462  0.0460  0.0432  0.0431
  0.0492  0.0464  0.0495  0.0494  0.0456  0.0438
  0.0552  0.0477  0.0529  0.0529  0.0487  0.0459
  0.0635  0.0513  0.0569  0.0559  0.0521  0.0493
niter,ni,del,rscale     5    3   12.0000    1.2000
parameters
   -4.9090   -6.6217   -0.0262   -9.1216   -0.1822    0.3115
eta,q 0.95925 12.18947
  0.0630  0.0629  0.0499  0.0472  0.0488  0.0470
  0.0536  0.0548  0.0454  0.0435  0.0447  0.0437
  0.0464  0.0477  0.0421  0.0412  0.0417  0.0415
  0.0431  0.0432  0.0417  0.0413  0.0408  0.0407
  0.0450  0.0417  0.0451  0.0446  0.0427  0.0415
  0.0501  0.0432  0.0490  0.0492  0.0461  0.0438
  0.0584  0.0490  0.0542  0.0547  0.0504  0.0473
niter,ni,del,rscale     4    3   12.0000    1.2000
parameters
   -4.7732   -6.2088   -0.3637   -9.5226   -0.2726    0.2354
eta,q 0.95947 12.19947
  0.0604  0.0578  0.0502  0.0495  0.0490  0.0470
  0.0508  0.0501  0.0452  0.0453  0.0448  0.0436
  0.0433  0.0442  0.0417  0.0423  0.0418  0.0413
  0.0407  0.0408  0.0405  0.0405  0.0405  0.0405
  0.0435  0.0415  0.0432  0.0422  0.0420  0.0414
  0.0494  0.0467  0.0473  0.0465  0.0453  0.0438
  0.0586  0.0546  0.0518  0.0518  0.0494  0.0473
niter,ni,del,rscale     3    3   12.0000    1.2000
parameters
   -4.7361   -6.1053   -0.4546   -9.6301   -0.2886    0.2154
eta,q 0.95946 12.20096
  0.0599  0.0564  0.0510  0.0501  0.0491  0.0472
  0.0501  0.0490  0.0457  0.0459  0.0449  0.0437
  0.0428  0.0435  0.0420  0.0426  0.0419  0.0413
  0.0405  0.0405  0.0405  0.0405  0.0405  0.0405
  0.0435  0.0421  0.0426  0.0418  0.0418  0.0414
  0.0497  0.0479  0.0468  0.0459  0.0450  0.0438
  0.0592  0.0560  0.0510  0.0511  0.0492  0.0472
niter,ni,del,rscale     2    3   12.0000    1.2000
parameters
   -4.7268   -6.0769   -0.4805   -9.6595   -0.2911    0.2095
eta,q 0.95946 12.20143
  0.0597  0.0561  0.0512  0.0503  0.0491  0.0472
  0.0500  0.0488  0.0458  0.0460  0.0449  0.0437
  0.0427  0.0433  0.0421  0.0427  0.0419  0.0414
  0.0405  0.0405  0.0405  0.0405  0.0405  0.0405
  0.0435  0.0423  0.0425  0.0417  0.0418  0.0414
  0.0499  0.0483  0.0466  0.0458  0.0450  0.0438
  0.0594  0.0563  0.0508  0.0510  0.0491  0.0472
registration optimization eta report
parameter search radius
    6.0000    6.0000    6.0000    7.9350    6.0000    6.0000
100000*second partial in parameter space
       52.       43.       28.       15.       23.       18.
  0.0597  0.0561  0.0512  0.0503  0.0491  0.0472
  0.0500  0.0488  0.0458  0.0460  0.0449  0.0437
  0.0427  0.0433  0.0421  0.0427  0.0419  0.0414
  0.0405  0.0405  0.0405  0.0405  0.0405  0.0405
  0.0435  0.0423  0.0425  0.0417  0.0418  0.0414
  0.0499  0.0483  0.0466  0.0458  0.0450  0.0438
  0.0594  0.0563  0.0508  0.0510  0.0491  0.0472
   -4.7268   -6.0769   -0.4805   -9.6595   -0.2911    0.2095
eta,q 0.95946 12.20143

---------------------------------------------------------------------
imgreg_4dfp /opt/freesurfer/average/711-2C_as_mni_average_305 /opt/freesurfer/average/711-2B_as_mni_average_305_mask talsrcimg_g11 none talsrcimg_to_711-2C_as_mni_average_305_t4 3335
---------------------------------------------------------------------

freesurfer imgreg_4dfp.c
/opt/freesurfer/average/711-2C_as_mni_average_305.4dfp.img
       256       256       256         1
  1.000000  1.000000  1.000000
orientation T byte_order littleendian
Reading image: /opt/freesurfer/average/711-2C_as_mni_average_305.4dfp.img
dimensions:      256       256       256
mmppix:       1.0000   -1.0000   -1.0000
center:     128.0000 -129.0000 -129.0000
/opt/freesurfer/average/711-2B_as_mni_average_305_mask.4dfp.img
       256       256       256         1
  1.000000  1.000000  1.000000
orientation T byte_order littleendian
Reading mask: /opt/freesurfer/average/711-2B_as_mni_average_305_mask.4dfp.img (2306576 pixels)
talsrcimg_g11.4dfp.img
       256       256       256         1
  1.000000  1.000000  1.000000
orientation T byte_order littleendian
Reading image: talsrcimg_g11.4dfp.img
dimensions:      256       256       256
mmppix:       1.0000   -1.0000   -1.0000
center:     128.0000 -129.0000 -129.0000
fimgreg.f
image alignment mode   3335 decimal      D07 hex
parameters
   -4.7268   -6.0769   -0.4805   -0.0020   -1.4187   -1.4190
   -0.4458    0.4395    0.3657   16.7810   -0.5081  -16.7791
eta,q 0.96001 12.25103
niter,ni,del,rscale     5    3    5.0000    1.2000
parameter  4  0.844175 ->  0.500000 qaram    1.1500
parameter  5  2.095588 ->  0.500000 qaram    1.1500
parameter  6  0.688898 ->  0.500000 qaram    1.1500
parameter 11  1.220856 ->  0.500000 qaram    1.1500
parameters
   -5.0258   -6.3023   -0.6885   -4.1420   -5.5587   -5.5590
   -3.9906   -1.5082   -1.3196   13.6118   -4.6481  -19.6812
eta,q 0.97239 11.53623
  0.0427  0.0420  0.0414  0.0370  0.0305  0.0310  0.0308  0.0322  0.0309  0.0301  0.0275  0.0280
  0.0409  0.0407  0.0404  0.0372  0.0321  0.0307  0.0302  0.0304  0.0301  0.0292  0.0277  0.0277
  0.0400  0.0400  0.0399  0.0380  0.0344  0.0311  0.0302  0.0298  0.0297  0.0290  0.0282  0.0276
  0.0400  0.0399  0.0399  0.0398  0.0373  0.0327  0.0307  0.0301  0.0298  0.0297  0.0290  0.0278
  0.0408  0.0403  0.0402  0.0427  0.0406  0.0351  0.0319  0.0315  0.0303  0.0312  0.0300  0.0282
  0.0422  0.0414  0.0409  0.0466  0.0444  0.0384  0.0335  0.0337  0.0314  0.0335  0.0311  0.0289
  0.0442  0.0430  0.0420  0.0510  0.0485  0.0429  0.0355  0.0369  0.0329  0.0365  0.0325  0.0298
niter,ni,del,rscale     7    3    5.0000    1.2000
parameter  5  0.835835 ->  0.500000 qaram    1.3225
parameter 11  0.585140 ->  0.500000 qaram    1.3225
parameters
   -4.6733   -5.9104   -0.9464   -5.8499  -10.3197   -5.8211
   -3.3682   -0.2204   -0.9295   14.6781   -9.4091  -21.9503
eta,q 0.97564 11.23613
  0.0324  0.0315  0.0290  0.0299  0.0250  0.0294  0.0279  0.0314  0.0274  0.0290  0.0248  0.0249
  0.0301  0.0295  0.0280  0.0287  0.0251  0.0278  0.0266  0.0287  0.0262  0.0271  0.0245  0.0245
  0.0285  0.0282  0.0275  0.0278  0.0259  0.0264  0.0257  0.0265  0.0254  0.0258  0.0246  0.0244
  0.0276  0.0275  0.0274  0.0274  0.0275  0.0252  0.0253  0.0253  0.0251  0.0251  0.0250  0.0245
  0.0276  0.0275  0.0278  0.0283  0.0301  0.0251  0.0254  0.0252  0.0253  0.0250  0.0257  0.0248
  0.0285  0.0282  0.0286  0.0307  0.0335  0.0275  0.0261  0.0263  0.0259  0.0258  0.0266  0.0254
  0.0303  0.0295  0.0297  0.0345  0.0375  0.0311  0.0272  0.0284  0.0270  0.0273  0.0278  0.0261
niter,ni,del,rscale     7    3    5.0000    1.2000
parameters
   -4.5824   -5.6487   -1.1080   -5.5262  -13.4102   -5.6446
   -3.2924    0.3913   -0.2313   15.7128  -10.1656  -22.7521
eta,q 0.97622 11.11067
  0.0283  0.0280  0.0260  0.0280  0.0256  0.0290  0.0262  0.0297  0.0261  0.0275  0.0256  0.0245
  0.0262  0.0261  0.0249  0.0265  0.0246  0.0271  0.0250  0.0270  0.0250  0.0257  0.0245  0.0241
  0.0249  0.0249  0.0244  0.0253  0.0241  0.0255  0.0243  0.0250  0.0242  0.0245  0.0239  0.0238
  0.0244  0.0244  0.0243  0.0243  0.0243  0.0241  0.0240  0.0240  0.0239  0.0239  0.0238  0.0238
  0.0247  0.0245  0.0247  0.0242  0.0255  0.0238  0.0242  0.0243  0.0240  0.0239  0.0242  0.0240
  0.0258  0.0253  0.0254  0.0254  0.0281  0.0260  0.0249  0.0258  0.0245  0.0245  0.0250  0.0244
  0.0277  0.0267  0.0264  0.0282  0.0318  0.0296  0.0262  0.0282  0.0254  0.0260  0.0261  0.0250
niter,ni,del,rscale     6    3    5.0000    1.2000
parameters
   -4.5056   -5.3565   -1.0114   -5.5148  -14.1564   -5.6496
   -3.3890    0.5404   -0.1565   16.2267  -10.3839  -22.9509
eta,q 0.97625 11.07944
  0.0276  0.0271  0.0258  0.0273  0.0266  0.0288  0.0259  0.0290  0.0256  0.0269  0.0258  0.0246
  0.0256  0.0254  0.0246  0.0258  0.0251  0.0269  0.0248  0.0264  0.0246  0.0253  0.0246  0.0241
  0.0243  0.0243  0.0240  0.0246  0.0242  0.0253  0.0240  0.0246  0.0240  0.0243  0.0239  0.0238
  0.0238  0.0238  0.0237  0.0237  0.0237  0.0238  0.0238  0.0238  0.0238  0.0238  0.0238  0.0238
  0.0241  0.0239  0.0239  0.0237  0.0241  0.0237  0.0240  0.0243  0.0240  0.0239  0.0240  0.0239
  0.0253  0.0246  0.0245  0.0252  0.0255  0.0261  0.0248  0.0261  0.0245  0.0247  0.0248  0.0242
  0.0271  0.0257  0.0254  0.0280  0.0282  0.0298  0.0261  0.0287  0.0255  0.0262  0.0259  0.0247
niter,ni,del,rscale     5    3    5.0000    1.2000
parameters
   -4.4893   -5.2279   -1.0283   -5.5360  -14.3991   -5.7110
   -3.4110    0.5793   -0.1370   16.4564  -10.4533  -23.0712
eta,q 0.97621 11.06784
  0.0273  0.0266  0.0256  0.0272  0.0268  0.0287  0.0259  0.0288  0.0255  0.0267  0.0258  0.0247
  0.0254  0.0250  0.0245  0.0258  0.0253  0.0269  0.0248  0.0263  0.0246  0.0252  0.0247  0.0241
  0.0242  0.0241  0.0239  0.0246  0.0242  0.0252  0.0241  0.0246  0.0240  0.0242  0.0240  0.0239
  0.0238  0.0238  0.0238  0.0238  0.0238  0.0238  0.0238  0.0238  0.0238  0.0238  0.0238  0.0238
  0.0241  0.0240  0.0240  0.0238  0.0239  0.0238  0.0240  0.0244  0.0240  0.0240  0.0240  0.0239
  0.0253  0.0247  0.0246  0.0252  0.0251  0.0262  0.0248  0.0262  0.0245  0.0248  0.0248  0.0242
  0.0272  0.0260  0.0256  0.0279  0.0276  0.0299  0.0260  0.0288  0.0255  0.0264  0.0258  0.0247
niter,ni,del,rscale     4    3    5.0000    1.2000
parameters
   -4.4838   -5.1692   -1.0559   -5.5455  -14.4962   -5.7571
   -3.4285    0.5924   -0.1323   16.5789  -10.4800  -23.1398
eta,q 0.97618 11.06304
  0.0273  0.0264  0.0256  0.0272  0.0269  0.0287  0.0259  0.0288  0.0255  0.0266  0.0259  0.0247
  0.0254  0.0249  0.0245  0.0258  0.0253  0.0269  0.0248  0.0263  0.0246  0.0251  0.0247  0.0242
  0.0242  0.0241  0.0239  0.0246  0.0243  0.0253  0.0241  0.0245  0.0240  0.0242  0.0240  0.0239
  0.0238  0.0238  0.0238  0.0238  0.0238  0.0238  0.0238  0.0238  0.0238  0.0238  0.0238  0.0238
  0.0242  0.0241  0.0240  0.0238  0.0239  0.0238  0.0240  0.0244  0.0240  0.0240  0.0241  0.0239
  0.0254  0.0248  0.0246  0.0252  0.0251  0.0262  0.0248  0.0262  0.0246  0.0249  0.0248  0.0242
  0.0273  0.0261  0.0256  0.0279  0.0274  0.0299  0.0260  0.0288  0.0256  0.0265  0.0258  0.0247
niter,ni,del,rscale     3    3    5.0000    1.2000
parameters
   -4.4824   -5.1383   -1.0779   -5.5460  -14.5563   -5.7883
   -3.4289    0.5957   -0.1360   16.6429  -10.4925  -23.1852
eta,q 0.97618 11.05999
  0.0273  0.0263  0.0256  0.0273  0.0269  0.0288  0.0259  0.0288  0.0255  0.0265  0.0259  0.0247
  0.0254  0.0249  0.0245  0.0258  0.0253  0.0269  0.0248  0.0263  0.0246  0.0251  0.0247  0.0242
  0.0242  0.0241  0.0240  0.0246  0.0243  0.0253  0.0241  0.0246  0.0240  0.0242  0.0240  0.0239
  0.0238  0.0238  0.0238  0.0238  0.0238  0.0238  0.0238  0.0238  0.0238  0.0238  0.0238  0.0238
  0.0242  0.0241  0.0240  0.0238  0.0240  0.0238  0.0240  0.0245  0.0240  0.0240  0.0241  0.0239
  0.0254  0.0249  0.0246  0.0252  0.0251  0.0262  0.0248  0.0262  0.0246  0.0249  0.0248  0.0242
  0.0273  0.0261  0.0256  0.0279  0.0274  0.0299  0.0260  0.0289  0.0256  0.0265  0.0258  0.0247
niter,ni,del,rscale     2    3    5.0000    1.2000
parameters
   -4.4814   -5.1173   -1.0897   -5.5481  -14.5872   -5.8083
   -3.4321    0.5981   -0.1348   16.6899  -10.4919  -23.1934
eta,q 0.97616 11.05837
  0.0273  0.0263  0.0256  0.0273  0.0269  0.0288  0.0259  0.0288  0.0255  0.0265  0.0259  0.0247
  0.0254  0.0249  0.0246  0.0258  0.0254  0.0269  0.0248  0.0263  0.0246  0.0251  0.0247  0.0242
  0.0242  0.0241  0.0240  0.0246  0.0243  0.0253  0.0241  0.0246  0.0240  0.0242  0.0240  0.0239
  0.0238  0.0238  0.0238  0.0238  0.0238  0.0238  0.0238  0.0238  0.0238  0.0238  0.0238  0.0238
  0.0242  0.0241  0.0241  0.0238  0.0240  0.0238  0.0240  0.0245  0.0240  0.0240  0.0241  0.0239
  0.0254  0.0249  0.0246  0.0252  0.0250  0.0261  0.0248  0.0262  0.0246  0.0249  0.0248  0.0242
  0.0273  0.0262  0.0256  0.0279  0.0273  0.0299  0.0260  0.0289  0.0256  0.0266  0.0258  0.0247
registration optimization eta report
parameter search radius
    2.4000    2.4000    2.4000    8.2800    9.5220    8.2800
    7.2000    7.2000    7.2000    7.2000    9.5220    7.2000
100000*second partial in parameter space
       60.       42.       31.        6.        4.        8.
        4.        9.        3.        5.        2.        2.
  0.0273  0.0263  0.0256  0.0273  0.0269  0.0288  0.0259  0.0288  0.0255  0.0265  0.0259  0.0247
  0.0254  0.0249  0.0246  0.0258  0.0254  0.0269  0.0248  0.0263  0.0246  0.0251  0.0247  0.0242
  0.0242  0.0241  0.0240  0.0246  0.0243  0.0253  0.0241  0.0246  0.0240  0.0242  0.0240  0.0239
  0.0238  0.0238  0.0238  0.0238  0.0238  0.0238  0.0238  0.0238  0.0238  0.0238  0.0238  0.0238
  0.0242  0.0241  0.0241  0.0238  0.0240  0.0238  0.0240  0.0245  0.0240  0.0240  0.0241  0.0239
  0.0254  0.0249  0.0246  0.0252  0.0250  0.0261  0.0248  0.0262  0.0246  0.0249  0.0248  0.0242
  0.0273  0.0262  0.0256  0.0279  0.0273  0.0299  0.0260  0.0289  0.0256  0.0266  0.0258  0.0247
   -4.4814   -5.1173   -1.0897   -5.5481  -14.5872   -5.8083
   -3.4321    0.5981   -0.1348   16.6899  -10.4919  -23.1934
eta,q 0.97616 11.05837

---------------------------------------------------------------------
imgreg_4dfp /opt/freesurfer/average/711-2C_as_mni_average_305 /opt/freesurfer/average/711-2B_as_mni_average_305_mask talsrcimg_g11 none talsrcimg_to_711-2C_as_mni_average_305_t4 2311
---------------------------------------------------------------------

freesurfer imgreg_4dfp.c
/opt/freesurfer/average/711-2C_as_mni_average_305.4dfp.img
       256       256       256         1
  1.000000  1.000000  1.000000
orientation T byte_order littleendian
Reading image: /opt/freesurfer/average/711-2C_as_mni_average_305.4dfp.img
dimensions:      256       256       256
mmppix:       1.0000   -1.0000   -1.0000
center:     128.0000 -129.0000 -129.0000
/opt/freesurfer/average/711-2B_as_mni_average_305_mask.4dfp.img
       256       256       256         1
  1.000000  1.000000  1.000000
orientation T byte_order littleendian
Reading mask: /opt/freesurfer/average/711-2B_as_mni_average_305_mask.4dfp.img (2306576 pixels)
talsrcimg_g11.4dfp.img
       256       256       256         1
  1.000000  1.000000  1.000000
orientation T byte_order littleendian
Reading image: talsrcimg_g11.4dfp.img
dimensions:      256       256       256
mmppix:       1.0000   -1.0000   -1.0000
center:     128.0000 -129.0000 -129.0000
fimgreg.f
image alignment mode   2311 decimal      907 hex
parameters
   -4.4814   -5.1173   -1.0897   -5.5481  -14.5872   -5.8083
   -3.4321    0.5981   -0.1348   16.6899  -10.4919  -23.1934
eta,q 0.97616 11.05837
niter,ni,del,rscale     5    3    5.0000    0.8000
parameters
   -4.4829   -5.1369   -1.1278   -4.6434  -13.7973   -5.0955
   -3.3965    0.5658   -0.2117   16.3966  -10.5738  -23.2985
eta,q 0.97655 11.14892
  0.0254  0.0249  0.0246  0.0255  0.0247  0.0263  0.0245  0.0261  0.0242  0.0246  0.0241  0.0239
  0.0245  0.0243  0.0241  0.0248  0.0242  0.0254  0.0239  0.0247  0.0238  0.0240  0.0237  0.0236
  0.0240  0.0239  0.0239  0.0242  0.0239  0.0245  0.0236  0.0238  0.0235  0.0236  0.0235  0.0235
  0.0238  0.0238  0.0238  0.0238  0.0237  0.0237  0.0235  0.0235  0.0235  0.0234  0.0235  0.0235
  0.0240  0.0240  0.0239  0.0237  0.0237  0.0234  0.0235  0.0238  0.0236  0.0236  0.0235  0.0235
  0.0245  0.0244  0.0242  0.0240  0.0238  0.0240  0.0239  0.0247  0.0238  0.0242  0.0238  0.0237
  0.0254  0.0249  0.0246  0.0247  0.0243  0.0255  0.0245  0.0261  0.0243  0.0250  0.0241  0.0239
niter,ni,del,rscale     4    3    5.0000    0.7000
parameters
   -4.4922   -5.2496   -0.9266   -4.7531  -13.6446   -4.7980
   -3.3455    0.5789   -0.1902   16.1812  -10.5861  -23.1205
eta,q 0.97664 11.15709
  0.0247  0.0242  0.0244  0.0245  0.0241  0.0256  0.0242  0.0255  0.0240  0.0244  0.0239  0.0237
  0.0240  0.0237  0.0239  0.0240  0.0238  0.0248  0.0237  0.0244  0.0237  0.0238  0.0236  0.0235
  0.0236  0.0235  0.0236  0.0236  0.0236  0.0240  0.0235  0.0236  0.0234  0.0235  0.0234  0.0234
  0.0235  0.0235  0.0234  0.0234  0.0234  0.0234  0.0234  0.0234  0.0234  0.0234  0.0234  0.0234
  0.0236  0.0236  0.0235  0.0235  0.0235  0.0234  0.0234  0.0236  0.0234  0.0235  0.0234  0.0234
  0.0241  0.0240  0.0236  0.0240  0.0237  0.0241  0.0237  0.0243  0.0237  0.0239  0.0236  0.0235
  0.0248  0.0245  0.0239  0.0248  0.0241  0.0254  0.0242  0.0255  0.0240  0.0246  0.0239  0.0237
niter,ni,del,rscale     3    3    5.0000    0.6000
parameters
   -4.4937   -5.3247   -0.8471   -4.7247  -13.5117   -4.6114
   -3.3241    0.5736   -0.1791   16.0242  -10.5566  -22.9896
eta,q 0.97668 11.16703
  0.0243  0.0240  0.0240  0.0242  0.0239  0.0251  0.0239  0.0249  0.0238  0.0241  0.0237  0.0236
  0.0238  0.0236  0.0237  0.0238  0.0236  0.0244  0.0236  0.0241  0.0235  0.0237  0.0235  0.0234
  0.0235  0.0234  0.0234  0.0235  0.0234  0.0238  0.0234  0.0235  0.0234  0.0234  0.0234  0.0233
  0.0234  0.0234  0.0234  0.0234  0.0234  0.0234  0.0233  0.0233  0.0233  0.0233  0.0233  0.0233
  0.0235  0.0235  0.0234  0.0234  0.0234  0.0234  0.0234  0.0235  0.0234  0.0234  0.0234  0.0233
  0.0238  0.0237  0.0236  0.0237  0.0235  0.0239  0.0236  0.0241  0.0235  0.0237  0.0235  0.0234
  0.0243  0.0241  0.0238  0.0243  0.0238  0.0250  0.0239  0.0249  0.0238  0.0243  0.0237  0.0236
niter,ni,del,rscale     2    3    5.0000    0.5000
parameters
   -4.4948   -5.3727   -0.7953   -4.6771  -13.4034   -4.4644
   -3.3129    0.5625   -0.1964   15.9139  -10.5369  -22.8918
eta,q 0.97671 11.17602
  0.0240  0.0238  0.0238  0.0240  0.0237  0.0247  0.0237  0.0244  0.0236  0.0239  0.0236  0.0235
  0.0236  0.0235  0.0235  0.0237  0.0235  0.0241  0.0235  0.0238  0.0234  0.0235  0.0234  0.0234
  0.0234  0.0234  0.0234  0.0234  0.0234  0.0236  0.0233  0.0234  0.0233  0.0234  0.0233  0.0233
  0.0233  0.0233  0.0233  0.0233  0.0233  0.0233  0.0233  0.0233  0.0233  0.0233  0.0233  0.0233
  0.0234  0.0234  0.0233  0.0233  0.0233  0.0233  0.0233  0.0234  0.0233  0.0234  0.0233  0.0233
  0.0236  0.0236  0.0235  0.0236  0.0234  0.0238  0.0235  0.0238  0.0234  0.0236  0.0234  0.0234
  0.0240  0.0238  0.0237  0.0240  0.0237  0.0246  0.0237  0.0245  0.0236  0.0240  0.0236  0.0235
niter,ni,del,rscale     1    3    5.0000    0.4000
parameters
   -4.4988   -5.4049   -0.7546   -4.6174  -13.3315   -4.3412
   -3.3099    0.5467   -0.1874   15.8300  -10.5255  -22.8159
eta,q 0.97672 11.18333
  0.0237  0.0236  0.0236  0.0237  0.0235  0.0242  0.0235  0.0240  0.0235  0.0236  0.0235  0.0234
  0.0235  0.0234  0.0234  0.0235  0.0234  0.0238  0.0234  0.0236  0.0234  0.0234  0.0234  0.0233
  0.0233  0.0233  0.0233  0.0234  0.0233  0.0235  0.0233  0.0234  0.0233  0.0233  0.0233  0.0233
  0.0233  0.0233  0.0233  0.0233  0.0233  0.0233  0.0233  0.0233  0.0233  0.0233  0.0233  0.0233
  0.0233  0.0233  0.0233  0.0233  0.0233  0.0233  0.0233  0.0234  0.0233  0.0233  0.0233  0.0233
  0.0235  0.0235  0.0234  0.0235  0.0234  0.0236  0.0234  0.0236  0.0234  0.0235  0.0234  0.0233
  0.0237  0.0236  0.0235  0.0237  0.0235  0.0241  0.0235  0.0240  0.0235  0.0237  0.0235  0.0234
registration optimization eta report
parameter search radius
    0.8000    0.8000    0.8000    2.4000    2.4000    2.4000
    2.4000    2.4000    2.4000    2.4000    2.4000    2.4000
100000*second partial in parameter space
       69.       49.       40.        7.        4.       16.
        5.       13.        4.        7.        3.        2.
  0.0237  0.0236  0.0236  0.0237  0.0235  0.0242  0.0235  0.0240  0.0235  0.0236  0.0235  0.0234
  0.0235  0.0234  0.0234  0.0235  0.0234  0.0238  0.0234  0.0236  0.0234  0.0234  0.0234  0.0233
  0.0233  0.0233  0.0233  0.0234  0.0233  0.0235  0.0233  0.0234  0.0233  0.0233  0.0233  0.0233
  0.0233  0.0233  0.0233  0.0233  0.0233  0.0233  0.0233  0.0233  0.0233  0.0233  0.0233  0.0233
  0.0233  0.0233  0.0233  0.0233  0.0233  0.0233  0.0233  0.0234  0.0233  0.0233  0.0233  0.0233
  0.0235  0.0235  0.0234  0.0235  0.0234  0.0236  0.0234  0.0236  0.0234  0.0235  0.0234  0.0233
  0.0237  0.0236  0.0235  0.0237  0.0235  0.0241  0.0235  0.0240  0.0235  0.0237  0.0235  0.0234
   -4.4988   -5.4049   -0.7546   -4.6174  -13.3315   -4.3412
   -3.3099    0.5467   -0.1874   15.8300  -10.5255  -22.8159
eta,q 0.97672 11.18333

---------------------------------------------------------------------
imgreg_4dfp /opt/freesurfer/average/711-2C_as_mni_average_305 /opt/freesurfer/average/711-2B_as_mni_average_305_mask talsrcimg_g11 none talsrcimg_to_711-2C_as_mni_average_305_t4 2311
---------------------------------------------------------------------

freesurfer imgreg_4dfp.c
/opt/freesurfer/average/711-2C_as_mni_average_305.4dfp.img
       256       256       256         1
  1.000000  1.000000  1.000000
orientation T byte_order littleendian
Reading image: /opt/freesurfer/average/711-2C_as_mni_average_305.4dfp.img
dimensions:      256       256       256
mmppix:       1.0000   -1.0000   -1.0000
center:     128.0000 -129.0000 -129.0000
/opt/freesurfer/average/711-2B_as_mni_average_305_mask.4dfp.img
       256       256       256         1
  1.000000  1.000000  1.000000
orientation T byte_order littleendian
Reading mask: /opt/freesurfer/average/711-2B_as_mni_average_305_mask.4dfp.img (2306576 pixels)
talsrcimg_g11.4dfp.img
       256       256       256         1
  1.000000  1.000000  1.000000
orientation T byte_order littleendian
Reading image: talsrcimg_g11.4dfp.img
dimensions:      256       256       256
mmppix:       1.0000   -1.0000   -1.0000
center:     128.0000 -129.0000 -129.0000
fimgreg.f
image alignment mode   2311 decimal      907 hex
parameters
   -4.4988   -5.4049   -0.7546   -4.6174  -13.3315   -4.3412
   -3.3099    0.5467   -0.1874   15.8300  -10.5255  -22.8159
eta,q 0.97672 11.18333
niter,ni,del,rscale     5    3    5.0000    0.8000
parameters
   -4.5040   -5.4042   -0.7282   -5.0574  -13.6122   -4.6472
   -3.3318    0.5749   -0.1214   15.8816  -10.5802  -22.8008
eta,q 0.97665 11.14611
  0.0250  0.0246  0.0244  0.0245  0.0241  0.0257  0.0244  0.0261  0.0242  0.0248  0.0240  0.0238
  0.0241  0.0238  0.0238  0.0239  0.0237  0.0247  0.0238  0.0247  0.0238  0.0241  0.0236  0.0235
  0.0235  0.0234  0.0234  0.0235  0.0234  0.0238  0.0235  0.0237  0.0235  0.0236  0.0234  0.0234
  0.0233  0.0233  0.0233  0.0233  0.0233  0.0233  0.0234  0.0234  0.0234  0.0234  0.0234  0.0234
  0.0235  0.0234  0.0234  0.0235  0.0234  0.0236  0.0235  0.0237  0.0235  0.0235  0.0234  0.0234
  0.0241  0.0239  0.0237  0.0242  0.0238  0.0249  0.0238  0.0246  0.0237  0.0240  0.0237  0.0235
  0.0250  0.0245  0.0243  0.0253  0.0244  0.0267  0.0244  0.0260  0.0242  0.0248  0.0240  0.0238
niter,ni,del,rscale     4    3    5.0000    0.7000
parameters
   -4.4951   -5.3897   -0.7959   -4.8600  -13.4886   -4.6484
   -3.3441    0.5834   -0.1263   15.9006  -10.5581  -22.8561
eta,q 0.97667 11.16032
  0.0247  0.0243  0.0240  0.0246  0.0240  0.0254  0.0241  0.0255  0.0240  0.0245  0.0238  0.0237
  0.0240  0.0238  0.0236  0.0240  0.0237  0.0246  0.0237  0.0243  0.0236  0.0239  0.0236  0.0235
  0.0235  0.0235  0.0234  0.0236  0.0235  0.0238  0.0234  0.0236  0.0234  0.0235  0.0234  0.0234
  0.0234  0.0234  0.0234  0.0233  0.0233  0.0233  0.0233  0.0233  0.0233  0.0233  0.0233  0.0233
  0.0235  0.0235  0.0235  0.0234  0.0234  0.0234  0.0234  0.0236  0.0234  0.0235  0.0234  0.0234
  0.0239  0.0238  0.0237  0.0237  0.0236  0.0243  0.0237  0.0243  0.0236  0.0238  0.0236  0.0235
  0.0246  0.0243  0.0242  0.0245  0.0240  0.0257  0.0242  0.0254  0.0240  0.0245  0.0238  0.0237
niter,ni,del,rscale     3    3    5.0000    0.6000
parameters
   -4.4928   -5.3922   -0.7971   -4.7629  -13.4223   -4.5512
   -3.3202    0.5685   -0.1613   15.8916  -10.5374  -22.8638
eta,q 0.97669 11.16947
  0.0243  0.0240  0.0239  0.0242  0.0238  0.0250  0.0239  0.0249  0.0238  0.0242  0.0237  0.0236
  0.0238  0.0236  0.0236  0.0238  0.0236  0.0243  0.0236  0.0241  0.0235  0.0237  0.0235  0.0234
  0.0234  0.0234  0.0234  0.0235  0.0234  0.0237  0.0234  0.0235  0.0234  0.0234  0.0234  0.0233
  0.0233  0.0233  0.0233  0.0233  0.0233  0.0233  0.0233  0.0233  0.0233  0.0233  0.0233  0.0233
  0.0234  0.0234  0.0234  0.0234  0.0234  0.0234  0.0234  0.0235  0.0234  0.0234  0.0233  0.0233
  0.0238  0.0237  0.0236  0.0237  0.0235  0.0240  0.0236  0.0241  0.0235  0.0237  0.0235  0.0234
  0.0243  0.0240  0.0239  0.0242  0.0238  0.0251  0.0239  0.0249  0.0238  0.0242  0.0237  0.0236
niter,ni,del,rscale     2    3    5.0000    0.5000
parameters
   -4.4969   -5.4060   -0.7746   -4.6951  -13.3609   -4.4352
   -3.2995    0.5592   -0.1815   15.8512  -10.5500  -22.8182
eta,q 0.97671 11.17712
  0.0240  0.0238  0.0237  0.0240  0.0237  0.0246  0.0237  0.0244  0.0236  0.0239  0.0236  0.0235
  0.0236  0.0235  0.0235  0.0237  0.0235  0.0241  0.0235  0.0238  0.0234  0.0236  0.0234  0.0234
  0.0234  0.0234  0.0234  0.0234  0.0234  0.0236  0.0233  0.0234  0.0233  0.0234  0.0233  0.0233
  0.0233  0.0233  0.0233  0.0233  0.0233  0.0233  0.0233  0.0233  0.0233  0.0233  0.0233  0.0233
  0.0234  0.0234  0.0233  0.0233  0.0233  0.0233  0.0233  0.0234  0.0233  0.0234  0.0233  0.0233
  0.0236  0.0235  0.0235  0.0235  0.0234  0.0238  0.0235  0.0238  0.0234  0.0236  0.0234  0.0234
  0.0240  0.0238  0.0237  0.0240  0.0237  0.0246  0.0237  0.0244  0.0236  0.0239  0.0236  0.0235
niter,ni,del,rscale     1    3    5.0000    0.4000
parameters
   -4.4986   -5.4203   -0.7433   -4.6343  -13.3019   -4.3233
   -3.2899    0.5519   -0.1871   15.7881  -10.5413  -22.7832
eta,q 0.97672 11.18396
  0.0237  0.0236  0.0236  0.0237  0.0235  0.0242  0.0235  0.0240  0.0235  0.0237  0.0235  0.0234
  0.0235  0.0234  0.0234  0.0235  0.0234  0.0238  0.0234  0.0236  0.0234  0.0234  0.0234  0.0233
  0.0233  0.0233  0.0233  0.0234  0.0233  0.0235  0.0233  0.0234  0.0233  0.0233  0.0233  0.0233
  0.0233  0.0233  0.0233  0.0233  0.0233  0.0233  0.0233  0.0233  0.0233  0.0233  0.0233  0.0233
  0.0233  0.0233  0.0233  0.0233  0.0233  0.0233  0.0233  0.0234  0.0233  0.0233  0.0233  0.0233
  0.0235  0.0234  0.0234  0.0235  0.0234  0.0236  0.0234  0.0236  0.0234  0.0235  0.0234  0.0233
  0.0237  0.0236  0.0235  0.0237  0.0235  0.0242  0.0235  0.0240  0.0235  0.0237  0.0235  0.0234
registration optimization eta report
parameter search radius
    0.8000    0.8000    0.8000    2.4000    2.4000    2.4000
    2.4000    2.4000    2.4000    2.4000    2.4000    2.4000
100000*second partial in parameter space
       69.       50.       41.        7.        4.       16.
        5.       13.        4.        7.        3.        2.
  0.0237  0.0236  0.0236  0.0237  0.0235  0.0242  0.0235  0.0240  0.0235  0.0237  0.0235  0.0234
  0.0235  0.0234  0.0234  0.0235  0.0234  0.0238  0.0234  0.0236  0.0234  0.0234  0.0234  0.0233
  0.0233  0.0233  0.0233  0.0234  0.0233  0.0235  0.0233  0.0234  0.0233  0.0233  0.0233  0.0233
  0.0233  0.0233  0.0233  0.0233  0.0233  0.0233  0.0233  0.0233  0.0233  0.0233  0.0233  0.0233
  0.0233  0.0233  0.0233  0.0233  0.0233  0.0233  0.0233  0.0234  0.0233  0.0233  0.0233  0.0233
  0.0235  0.0234  0.0234  0.0235  0.0234  0.0236  0.0234  0.0236  0.0234  0.0235  0.0234  0.0233
  0.0237  0.0236  0.0235  0.0237  0.0235  0.0242  0.0235  0.0240  0.0235  0.0237  0.0235  0.0234
   -4.4986   -5.4203   -0.7433   -4.6343  -13.3019   -4.3233
   -3.2899    0.5519   -0.1871   15.7881  -10.5413  -22.7832
eta,q 0.97672 11.18396

---------------------------------------------------------------------
compute_vox2vox talsrcimg talsrcimg_to_711-2C_as_mni_average_305_t4 /opt/freesurfer/average/711-2C_as_mni_average_305
---------------------------------------------------------------------

freesurfer compute_vox2vox.c
Reading: talsrcimg.4dfp.ifh
Reading: talsrcimg_to_711-2C_as_mni_average_305_t4
Reading: /opt/freesurfer/average/711-2C_as_mni_average_305.4dfp.ifh
Writing: talsrcimg_to_711-2C_as_mni_average_305_t4_vox2vox.txt

start time Sat Mar 14 10:31:17 CET 2026
end		time Sat Mar 14 10:31:31 CET 2026

mpr2mni305 success

avi2talxfm orig_nu.mgz /opt/freesurfer/average/mni305.cor.mgz talsrcimg_to_711-2C_as_mni_average_305_t4_vox2vox.txt transforms/talairach.auto.xfm
avi2talxfm done
mv -f /out/sourcedata/freesurfer/sub-v2s9x29153_ses-1/mri/talsrcimg_to_711-2C_as_mni_average_305_t4_vox2vox.txt /out/sourcedata/freesurfer/sub-v2s9x29153_ses-1/mri/transforms/talsrcimg_to_711-2C_as_mni_average_305_t4_vox2vox.txt
lta_convert --src orig_nu.mgz --trg /opt/freesurfer/average/mni305.cor.mgz --inxfm transforms/talairach.auto.xfm --outlta transforms/talairach.auto.xfm.lta --subject fsaverage
7.3.2

--src: orig_nu.mgz src image (geometry).
--trg: /opt/freesurfer/average/mni305.cor.mgz trg image (geometry).
--inmni: transforms/talairach.auto.xfm input MNI/XFM transform.
--outlta: transforms/talairach.auto.xfm.lta output LTA.
--s: fsaverage subject name
 LTA read, type : 1
 1.04733  -0.01208   0.03657   4.16759;
 0.11111   1.00047   0.26713   1.35040;
-0.01797  -0.18222   1.10486   4.67944;
 0.00000   0.00000   0.00000   1.00000;
setting subject to fsaverage
Writing  LTA to file transforms/talairach.auto.xfm.lta...
lta_convert successful.
 
 
Started at Sat Mar 14 10:31:17 CET 2026
Ended   at Sat Mar 14 10:31:31 CET 2026
talairach_avi done
