/out/sourcedata/freesurfer/sub-v2s9x29152_ses-1/mri
/opt/freesurfer/bin/talairach_avi
--i orig_nu.mgz --xfm transforms/talairach.auto.xfm
talairach_avi 7.3.2
Linux dna067 5.14.0-427.37.1.el9_4.x86_64 #1 SMP PREEMPT_DYNAMIC Fri Sep 13 12:41:50 EDT 2024 x86_64 x86_64 x86_64 GNU/Linux
Sat Mar 14 10:30:53 CET 2026
mri_convert orig_nu.mgz talsrcimg.img 
reading from orig_nu.mgz...
TR=0.00, TE=0.00, TI=0.00, flip angle=0.00
i_ras = (-1, 0, 0)
j_ras = (0, 0, -1)
k_ras = (0, 1, 0)
writing to talsrcimg.img...
Analyze Output Matrix
-1.00000   0.00000   0.00000   129.66513;
 0.00000   0.00000   1.00000  -128.00000;
 0.00000  -1.00000   0.00000   130.00000;
 0.00000   0.00000   0.00000   1.00000;
--------------------
INFO: set hdr.hist.orient to -1
mpr2mni305 talsrcimg
Sat Mar 14 10:30:54 CET 2026
/opt/freesurfer/bin/mpr2mni305 talsrcimg
mpr2mni305 7.3.2
target=711-2C_as_mni_average_305

---------------------------------------------------------------------
analyzeto4dfp talsrcimg -O0 -y
---------------------------------------------------------------------

freesurfer ifh2hdr.c
Sat Mar 14 10:30:54 2026
Writing: talsrcimg.4dfp.hdr
freesurfer analyzeto4dfp.c
Reading: talsrcimg.hdr
header size 348 bytes
hdr.dime.datatype	offset=70	value=2
hdr.dime.bitpix		offset=72	value=8
hdr.hist.orient		offset=252	value=-1
dimensionality     4
dimensions       256       256       256         1
Reading: talsrcimg.img
Writing: talsrcimg.4dfp.img
Writing: talsrcimg.4dfp.ifh
ifh2hdr talsrcimg -r0to218
ori=2

---------------------------------------------------------------------
gauss_4dfp talsrcimg 1.1
---------------------------------------------------------------------

freesurfer gauss_4dfp.c
Reading: talsrcimg.4dfp.img
Writing: talsrcimg_g11.4dfp.img
image dimensions 256 256 256 padded to 288 288 288
processing volume 1freesurfer ifh2hdr.c
Sat Mar 14 10:30:55 2026
Writing: talsrcimg_g11.4dfp.hdr

Writing: talsrcimg_g11.4dfp.ifh
including: talsrcimg.4dfp.img.rec in talsrcimg_g11.4dfp.img.rec

---------------------------------------------------------------------
imgreg_4dfp /opt/freesurfer/average/711-2C_as_mni_average_305 none talsrcimg_g11 none talsrcimg_to_711-2C_as_mni_average_305_t4 4355
---------------------------------------------------------------------

freesurfer imgreg_4dfp.c
/opt/freesurfer/average/711-2C_as_mni_average_305.4dfp.img
       256       256       256         1
  1.000000  1.000000  1.000000
orientation T byte_order littleendian
Reading image: /opt/freesurfer/average/711-2C_as_mni_average_305.4dfp.img
dimensions:      256       256       256
mmppix:       1.0000   -1.0000   -1.0000
center:     128.0000 -129.0000 -129.0000
talsrcimg_g11.4dfp.img
       256       256       256         1
  1.000000  1.000000  1.000000
orientation T byte_order littleendian
Reading image: talsrcimg_g11.4dfp.img
dimensions:      256       256       256
mmppix:       1.0000   -1.0000   -1.0000
center:     128.0000 -129.0000 -129.0000
t4_read: open error in t4_sub.f l:  41 t4_file(1:l)talsrcimg_to_711-2C_as_mni_average_305_t4 
t4_read: transform initialized to I4
rotation matrix determinant  1.000000
image alignment mode   4355 decimal     1103 hex
   -7.5000  -45.0000  -45.0000 8745.2949   19.7959
    0.0000  -45.0000  -45.0000 9335.9258   19.7458
    7.5000  -45.0000  -45.0000 9134.3281   19.6941
   -7.5000  -37.5000  -45.0000 9069.9600   19.7726
    0.0000  -37.5000  -45.0000 9661.2598   19.7146
    7.5000  -37.5000  -45.0000 9453.1846   19.6620
   -7.5000  -30.0000  -45.0000 9722.5234   19.7296
    0.0000  -30.0000  -45.000010358.6338   19.6702
    7.5000  -30.0000  -45.000010137.3838   19.6210
   -7.5000  -22.5000  -45.000010303.2402   19.6986
    0.0000  -22.5000  -45.000010977.5068   19.6465
    7.5000  -22.5000  -45.000010729.3418   19.6002
   -7.5000  -15.0000  -45.000010822.9824   19.7035
    0.0000  -15.0000  -45.000011511.6963   19.6609
    7.5000  -15.0000  -45.000011255.4854   19.6158
   -7.5000   -7.5000  -45.000011271.6260   19.7580
    0.0000   -7.5000  -45.000011960.9766   19.7158
    7.5000   -7.5000  -45.000011678.7803   19.6689
   -7.5000    0.0000  -45.000011602.0156   19.7959
    0.0000    0.0000  -45.000012321.2002   19.7458
    7.5000    0.0000  -45.000012015.5117   19.6941
   -7.5000    7.5000  -45.000010963.8135   19.7726
    0.0000    7.5000  -45.000011646.1924   19.7146
    7.5000    7.5000  -45.000011337.8164   19.6620
   -7.5000   15.0000  -45.000010208.0830   19.7296
    0.0000   15.0000  -45.000010867.4268   19.6702
    7.5000   15.0000  -45.000010551.5801   19.6210
   -7.5000   22.5000  -45.0000 9417.8594   19.6959
    0.0000   22.5000  -45.000010014.9082   19.6438
    7.5000   22.5000  -45.0000 9714.4365   19.5975
   -7.5000   30.0000  -45.0000 8636.6914   19.4409
    0.0000   30.0000  -45.0000 9155.0322   19.3989
    7.5000   30.0000  -45.0000 8885.9473   19.3544
   -7.5000   37.5000  -45.0000 8085.8408   19.4947
    0.0000   37.5000  -45.0000 8554.2246   19.4531
    7.5000   37.5000  -45.0000 8319.3027   19.4068
   -7.5000   45.0000  -45.0000 7143.7319   19.1005
    0.0000   45.0000  -45.0000 7566.1523   19.0523
    7.5000   45.0000  -45.0000 7359.7700   19.0022
   -7.5000  -45.0000  -37.5000 9304.8115   19.7651
    0.0000  -45.0000  -37.5000 9915.8428   19.7289
    7.5000  -45.0000  -37.5000 9704.8301   19.6887
   -7.5000  -37.5000  -37.5000 9633.3242   19.7435
    0.0000  -37.5000  -37.500010260.4561   19.7021
    7.5000  -37.5000  -37.500010041.0527   19.6637
   -7.5000  -30.0000  -37.500010313.3633   19.6979
    0.0000  -30.0000  -37.500010964.0107   19.6530
    7.5000  -30.0000  -37.500010745.1250   19.6175
   -7.5000  -22.5000  -37.500010902.7363   19.6640
    0.0000  -22.5000  -37.500011597.4268   19.6220
    7.5000  -22.5000  -37.500011363.2100   19.5857
   -7.5000  -15.0000  -37.500011452.7129   19.6680
    0.0000  -15.0000  -37.500012167.6553   19.6330
    7.5000  -15.0000  -37.500011906.9482   19.5958
   -7.5000   -7.5000  -37.500011904.7490   19.7235
    0.0000   -7.5000  -37.500012629.9951   19.6908
    7.5000   -7.5000  -37.500012342.9609   19.6527
   -7.5000    0.0000  -37.500012214.5859   19.7651
    0.0000    0.0000  -37.500012977.9424   19.7289
    7.5000    0.0000  -37.500012680.7500   19.6887
   -7.5000    7.5000  -37.500011519.0830   19.7435
    0.0000    7.5000  -37.500012238.7080   19.7021
    7.5000    7.5000  -37.500011933.0215   19.6637
   -7.5000   15.0000  -37.500010705.3252   19.6979
    0.0000   15.0000  -37.500011387.7041   19.6530
    7.5000   15.0000  -37.500011073.0684   19.6175
   -7.5000   22.5000  -37.5000 9862.1191   19.6613
    0.0000   22.5000  -37.500010466.4170   19.6193
    7.5000   22.5000  -37.500010176.8867   19.5830
   -7.5000   30.0000  -37.5000 9019.7168   19.4059
    0.0000   30.0000  -37.5000 9540.7461   19.3713
    7.5000   30.0000  -37.5000 9278.2109   19.3347
   -7.5000   37.5000  -37.5000 8426.6240   19.4606
    0.0000   37.5000  -37.5000 8905.7461   19.4284
    7.5000   37.5000  -37.5000 8647.4160   19.3908
   -7.5000   45.0000  -37.5000 7446.9526   19.0697
    0.0000   45.0000  -37.5000 7881.8506   19.0351
    7.5000   45.0000  -37.5000 7656.9399   18.9961
   -7.5000  -45.0000  -30.0000 9977.3320   20.5722
    0.0000  -45.0000  -30.000010651.5723   20.5481
    7.5000  -45.0000  -30.000010437.3350   20.5157
   -7.5000  -37.5000  -30.000010310.4893   20.5542
    0.0000  -37.5000  -30.000011005.2334   20.5268
    7.5000  -37.5000  -30.000010779.8203   20.4972
   -7.5000  -30.0000  -30.000011017.4189   20.5015
    0.0000  -30.0000  -30.000011741.6504   20.4705
    7.5000  -30.0000  -30.000011512.9434   20.4431
   -7.5000  -22.5000  -30.000011653.6514   20.4550
    0.0000  -22.5000  -30.000012421.2676   20.4252
    7.5000  -22.5000  -30.000012167.9873   20.3958
   -7.5000  -15.0000  -30.000012217.5156   20.4532
    0.0000  -15.0000  -30.000013005.6982   20.4287
    7.5000  -15.0000  -30.000012755.2197   20.3986
   -7.5000   -7.5000  -30.000012673.4434   20.5177
    0.0000   -7.5000  -30.000013489.0898   20.4954
    7.5000   -7.5000  -30.000013205.7861   20.4644
   -7.5000    0.0000  -30.000013019.8809   20.5722
    0.0000    0.0000  -30.000013828.1025   20.5481
    7.5000    0.0000  -30.000013534.5430   20.5157
   -7.5000    7.5000  -30.000012260.9414   20.5542
    0.0000    7.5000  -30.000013015.0254   20.5268
    7.5000    7.5000  -30.000012698.3770   20.4972
   -7.5000   15.0000  -30.000011384.2861   20.5015
    0.0000   15.0000  -30.000012095.9561   20.4705
    7.5000   15.0000  -30.000011774.6904   20.4431
   -7.5000   22.5000  -30.000010467.0928   20.4501
    0.0000   22.5000  -30.000011109.1211   20.4203
    7.5000   22.5000  -30.000010790.5625   20.3909
   -7.5000   30.0000  -30.0000 9554.2686   20.1826
    0.0000   30.0000  -30.000010117.4443   20.1584
    7.5000   30.0000  -30.0000 9821.1875   20.1287
   -7.5000   37.5000  -30.0000 8910.1533   20.2462
    0.0000   37.5000  -30.0000 9424.4531   20.2242
    7.5000   37.5000  -30.0000 9136.2119   20.1936
   -7.5000   45.0000  -30.0000 7861.3647   19.8621
    0.0000   45.0000  -30.0000 8319.1064   19.8394
    7.5000   45.0000  -30.0000 8077.5942   19.8077
   -7.5000  -45.0000  -22.500010653.2500   21.2747
    0.0000  -45.0000  -22.500011375.7959   21.2476
    7.5000  -45.0000  -22.500011124.6338   21.2108
   -7.5000  -37.5000  -22.500010995.7998   21.2583
    0.0000  -37.5000  -22.500011716.3818   21.2276
    7.5000  -37.5000  -22.500011462.6885   21.1923
   -7.5000  -30.0000  -22.500011727.0352   21.2010
    0.0000  -30.0000  -22.500012500.4785   21.1690
    7.5000  -30.0000  -22.500012232.9248   21.1361
   -7.5000  -22.5000  -22.500012389.3408   21.1446
    0.0000  -22.5000  -22.500013216.1523   21.1159
    7.5000  -22.5000  -22.500012922.0332   21.0838
   -7.5000  -15.0000  -22.500012980.5029   21.1386
    0.0000  -15.0000  -22.500013833.0859   21.1150
    7.5000  -15.0000  -22.500013535.2744   21.0843
   -7.5000   -7.5000  -22.500013458.4980   21.2113
    0.0000   -7.5000  -22.500014327.8799   21.1881
    7.5000   -7.5000  -22.500013989.5137   21.1551
   -7.5000    0.0000  -22.500013794.0859   21.2747
    0.0000    0.0000  -22.500014643.0205   21.2476
    7.5000    0.0000  -22.500014284.9199   21.2108
   -7.5000    7.5000  -22.500012966.8857   21.2583
    0.0000    7.5000  -22.500013722.5645   21.2276
    7.5000    7.5000  -22.500013393.7393   21.1923
   -7.5000   15.0000  -22.500012031.2822   21.2010
    0.0000   15.0000  -22.500012749.3408   21.1690
    7.5000   15.0000  -22.500012414.6455   21.1361
   -7.5000   22.5000  -22.500011057.0518   21.1381
    0.0000   22.5000  -22.500011713.0322   21.1093
    7.5000   22.5000  -22.500011369.4170   21.0773
   -7.5000   30.0000  -22.500010072.6152   20.8621
    0.0000   30.0000  -22.500010666.6777   20.8388
    7.5000   30.0000  -22.500010320.5576   20.8085
   -7.5000   37.5000  -22.5000 9393.5977   20.9339
    0.0000   37.5000  -22.5000 9902.5166   20.9110
    7.5000   37.5000  -22.5000 9590.7793   20.8784
   -7.5000   45.0000  -22.5000 8279.3320   20.5559
    0.0000   45.0000  -22.5000 8713.6240   20.5303
    7.5000   45.0000  -22.5000 8470.4365   20.4942
   -7.5000  -45.0000  -15.000011347.1045   21.8014
    0.0000  -45.0000  -15.000012094.2275   21.7585
    7.5000  -45.0000  -15.000011816.6113   21.7065
   -7.5000  -37.5000  -15.000011696.6279   21.7826
    0.0000  -37.5000  -15.000012436.7188   21.7338
    7.5000  -37.5000  -15.000012124.0605   21.6811
   -7.5000  -30.0000  -15.000012450.2812   21.7266
    0.0000  -30.0000  -15.000013222.3604   21.6785
    7.5000  -30.0000  -15.000012896.8379   21.6300
   -7.5000  -22.5000  -15.000013135.9160   21.6716
    0.0000  -22.5000  -15.000013955.5176   21.6312
    7.5000  -22.5000  -15.000013623.6250   21.5880
   -7.5000  -15.0000  -15.000013728.6484   21.6667
    0.0000  -15.0000  -15.000014615.1455   21.6339
    7.5000  -15.0000  -15.000014270.2666   21.5938
   -7.5000   -7.5000  -15.000014191.9854   21.7405
    0.0000   -7.5000  -15.000015084.5615   21.7059
    7.5000   -7.5000  -15.000014708.6904   21.6612
   -7.5000    0.0000  -15.000014518.4658   21.8014
    0.0000    0.0000  -15.000015399.8203   21.7585
    7.5000    0.0000  -15.000015014.9131   21.7065
   -7.5000    7.5000  -15.000013659.7754   21.7826
    0.0000    7.5000  -15.000014441.0186   21.7338
    7.5000    7.5000  -15.000014075.9170   21.6811
   -7.5000   15.0000  -15.000012662.2217   21.7266
    0.0000   15.0000  -15.000013381.9922   21.6785
    7.5000   15.0000  -15.000013038.2363   21.6300
   -7.5000   22.5000  -15.000011619.0400   21.6640
    0.0000   22.5000  -15.000012289.8184   21.6236
    7.5000   22.5000  -15.000011922.0176   21.5804
   -7.5000   30.0000  -15.000010572.0049   21.3863
    0.0000   30.0000  -15.000011162.2295   21.3540
    7.5000   30.0000  -15.000010828.7021   21.3143
   -7.5000   37.5000  -15.0000 9839.4453   21.4591
    0.0000   37.5000  -15.000010359.9619   21.4250
    7.5000   37.5000  -15.000010028.8887   21.3809
   -7.5000   45.0000  -15.0000 8666.3906   21.0787
    0.0000   45.0000  -15.0000 9102.6533   21.0375
    7.5000   45.0000  -15.0000 8838.4434   20.9868
   -7.5000  -45.0000   -7.500012060.0020   22.0782
    0.0000  -45.0000   -7.500012800.9512   22.0220
    7.5000  -45.0000   -7.500012495.3076   21.9603
   -7.5000  -37.5000   -7.500012428.1553   22.0538
    0.0000  -37.5000   -7.500013171.2363   21.9889
    7.5000  -37.5000   -7.500012791.8574   21.9251
   -7.5000  -30.0000   -7.500013207.7598   22.0029
    0.0000  -30.0000   -7.500013958.4961   21.9384
    7.5000  -30.0000   -7.500013568.5654   21.8791
   -7.5000  -22.5000   -7.500013925.5059   21.9602
    0.0000  -22.5000   -7.500014723.2324   21.9061
    7.5000  -22.5000   -7.500014333.2998   21.8531
   -7.5000  -15.0000   -7.500014514.5029   21.9620
    0.0000  -15.0000   -7.500015411.1650   21.9185
    7.5000  -15.0000   -7.500015007.8584   21.8687
   -7.5000   -7.5000   -7.500014958.9355   22.0291
    0.0000   -7.5000   -7.500015859.6719   21.9839
    7.5000   -7.5000   -7.500015438.5312   21.9300
   -7.5000    0.0000   -7.500015288.1299   22.0782
    0.0000    0.0000   -7.500016181.8545   22.0220
    7.5000    0.0000   -7.500015747.9688   21.9603
   -7.5000    7.5000   -7.500014360.2451   22.0538
    0.0000    7.5000   -7.500015158.9238   21.9889
    7.5000    7.5000   -7.500014746.1611   21.9251
   -7.5000   15.0000   -7.500013349.3701   22.0029
    0.0000   15.0000   -7.500014059.5244   21.9384
    7.5000   15.0000   -7.500013657.1904   21.8791
   -7.5000   22.5000   -7.500012234.7803   21.9501
    0.0000   22.5000   -7.500012898.6963   21.8960
    7.5000   22.5000   -7.500012497.9717   21.8430
   -7.5000   30.0000   -7.500011109.3467   21.6772
    0.0000   30.0000   -7.500011693.8828   21.6343
    7.5000   30.0000   -7.500011339.9170   21.5851
   -7.5000   37.5000   -7.500010303.9824   21.7434
    0.0000   37.5000   -7.500010813.8184   21.6988
    7.5000   37.5000   -7.500010471.6416   21.6456
   -7.5000   45.0000   -7.5000 9062.0947   21.3513
    0.0000   45.0000   -7.5000 9514.1328   21.2971
    7.5000   45.0000   -7.5000 9203.0029   21.2371
   -7.5000  -45.0000    0.000012614.3545   22.1336
    0.0000  -45.0000    0.000013360.3652   22.0779
    7.5000  -45.0000    0.000013024.4648   22.0204
   -7.5000  -37.5000    0.000013019.8652   22.1063
    0.0000  -37.5000    0.000013784.1289   22.0420
    7.5000  -37.5000    0.000013372.4766   21.9836
   -7.5000  -30.0000    0.000013854.7705   22.0581
    0.0000  -30.0000    0.000014607.7207   21.9921
    7.5000  -30.0000    0.000014143.2383   21.9374
   -7.5000  -22.5000    0.000014597.3076   22.0246
    0.0000  -22.5000    0.000015344.9424   21.9665
    7.5000  -22.5000    0.000014880.4912   21.9148
   -7.5000  -15.0000    0.000015231.6865   22.0314
    0.0000  -15.0000    0.000016016.4453   21.9837
    7.5000  -15.0000    0.000015528.0146   21.9334
   -7.5000   -7.5000    0.000015687.7686   22.0923
    0.0000   -7.5000    0.000016489.3848   22.0453
    7.5000   -7.5000    0.000015976.6445   21.9929
   -7.5000    0.0000    0.000015992.1934   22.1336
    0.0000    0.0000    0.000016816.9512   22.0779
    7.5000    0.0000    0.000016264.3027   22.0204
   -7.5000    7.5000    0.000015004.5801   22.1063
    0.0000    7.5000    0.000015759.5332   22.0420
    7.5000    7.5000    0.000015240.1045   21.9836
   -7.5000   15.0000    0.000013932.4775   22.0581
    0.0000   15.0000    0.000014658.7910   21.9921
    7.5000   15.0000    0.000014139.1699   21.9374
   -7.5000   22.5000    0.000012761.4473   22.0144
    0.0000   22.5000    0.000013445.3965   21.9564
    7.5000   22.5000    0.000012963.2949   21.9047
   -7.5000   30.0000    0.000011552.5488   21.7463
    0.0000   30.0000    0.000012171.4258   21.6992
    7.5000   30.0000    0.000011740.7129   21.6495
   -7.5000   37.5000    0.000010688.4922   21.8064
    0.0000   37.5000    0.000011236.3115   21.7600
    7.5000   37.5000    0.000010844.3975   21.7082
   -7.5000   45.0000    0.0000 9398.9658   21.4063
    0.0000   45.0000    0.0000 9850.1533   21.3526
    7.5000   45.0000    0.0000 9501.7148   21.2968
   -7.5000  -45.0000    7.500012186.5293   22.1177
    0.0000  -45.0000    7.500012858.4590   22.0771
    7.5000  -45.0000    7.500012569.8320   22.0321
   -7.5000  -37.5000    7.500012604.3877   22.0936
    0.0000  -37.5000    7.500013280.1445   22.0472
    7.5000  -37.5000    7.500012949.7900   22.0042
   -7.5000  -30.0000    7.500013445.9326   22.0424
    0.0000  -30.0000    7.500014138.9336   21.9922
    7.5000  -30.0000    7.500013694.2061   21.9525
   -7.5000  -22.5000    7.500014200.2988   22.0046
    0.0000  -22.5000    7.500014906.9980   21.9576
    7.5000  -22.5000    7.500014394.6738   21.9169
   -7.5000  -15.0000    7.500014811.5244   22.0090
    0.0000  -15.0000    7.500015547.9326   21.9698
    7.5000  -15.0000    7.500014970.0488   21.9282
   -7.5000   -7.5000    7.500015235.3262   22.0711
    0.0000   -7.5000    7.500015983.8301   22.0345
    7.5000   -7.5000    7.500015399.3428   21.9919
   -7.5000    0.0000    7.500015463.4424   22.1177
    0.0000    0.0000    7.500016199.4824   22.0771
    7.5000    0.0000    7.500015642.2930   22.0321
   -7.5000    7.5000    7.500014483.4688   22.0936
    0.0000    7.5000    7.500015167.9756   22.0472
    7.5000    7.5000    7.500014666.7930   22.0042
   -7.5000   15.0000    7.500013474.9414   22.0424
    0.0000   15.0000    7.500014118.6367   21.9922
    7.5000   15.0000    7.500013644.0322   21.9525
   -7.5000   22.5000    7.500012364.3945   21.9944
    0.0000   22.5000    7.500012942.1416   21.9474
    7.5000   22.5000    7.500012502.0605   21.9068
   -7.5000   30.0000    7.500011138.4727   21.7242
    0.0000   30.0000    7.500011667.3242   21.6855
    7.5000   30.0000    7.500011281.8467   21.6444
   -7.5000   37.5000    7.500010261.1738   21.7855
    0.0000   37.5000    7.500010735.5879   21.7494
    7.5000   37.5000    7.500010373.7666   21.7073
   -7.5000   45.0000    7.5000 9000.7236   21.3897
    0.0000   45.0000    7.5000 9410.4424   21.3509
    7.5000   45.0000    7.5000 9058.3008   21.3072
   -7.5000  -45.0000   15.000011601.5127   22.0919
    0.0000  -45.0000   15.000012295.8271   22.0661
    7.5000  -45.0000   15.000011981.2988   22.0312
   -7.5000  -37.5000   15.000012003.9434   22.0727
    0.0000  -37.5000   15.000012677.3604   22.0432
    7.5000  -37.5000   15.000012335.6104   22.0113
   -7.5000  -30.0000   15.000012827.5186   22.0160
    0.0000  -30.0000   15.000013513.8271   21.9827
    7.5000  -30.0000   15.000013112.4277   21.9533
   -7.5000  -22.5000   15.000013571.1045   21.9661
    0.0000  -22.5000   15.000014321.2207   21.9340
    7.5000  -22.5000   15.000013916.1572   21.9025
   -7.5000  -15.0000   15.000014187.0381   21.9642
    0.0000  -15.0000   15.000014980.2422   21.9378
    7.5000  -15.0000   15.000014533.8232   21.9055
   -7.5000   -7.5000   15.000014584.9834   22.0334
    0.0000   -7.5000   15.000015386.1504   22.0094
    7.5000   -7.5000   15.000014905.9834   21.9762
   -7.5000    0.0000   15.000014784.2266   22.0919
    0.0000    0.0000   15.000015519.4131   22.0661
    7.5000    0.0000   15.000015040.3281   22.0312
   -7.5000    7.5000   15.000013812.9785   22.0727
    0.0000    7.5000   15.000014459.7861   22.0432
    7.5000    7.5000   15.000014018.4941   22.0113
   -7.5000   15.0000   15.000012827.3428   22.0160
    0.0000   15.0000   15.000013437.3525   21.9827
    7.5000   15.0000   15.000013007.6289   21.9533
   -7.5000   22.5000   15.000011779.4512   21.9560
    0.0000   22.5000   15.000012310.6133   21.9239
    7.5000   22.5000   15.000011888.4326   21.8924
   -7.5000   30.0000   15.000010607.8516   21.6799
    0.0000   30.0000   15.000011074.1035   21.6539
    7.5000   30.0000   15.000010701.8223   21.6220
   -7.5000   37.5000   15.0000 9757.0938   21.7482
    0.0000   37.5000   15.000010171.9570   21.7246
    7.5000   37.5000   15.0000 9816.5195   21.6917
   -7.5000   45.0000   15.0000 8547.2842   21.3639
    0.0000   45.0000   15.0000 8897.5107   21.3395
    7.5000   45.0000   15.0000 8596.6924   21.3054
   -7.5000  -45.0000   22.500010949.6035   22.1705
    0.0000  -45.0000   22.500011631.0986   22.1419
    7.5000  -45.0000   22.500011376.3623   22.1029
   -7.5000  -37.5000   22.500011337.4189   22.1535
    0.0000  -37.5000   22.500012013.0049   22.1212
    7.5000  -37.5000   22.500011720.5723   22.0838
   -7.5000  -30.0000   22.500012124.3711   22.0941
    0.0000  -30.0000   22.500012821.0605   22.0605
    7.5000  -30.0000   22.500012483.3691   22.0256
   -7.5000  -22.5000   22.500012834.0010   22.0356
    0.0000  -22.5000   22.500013546.1611   22.0053
    7.5000  -22.5000   22.500013200.0322   21.9713
   -7.5000  -15.0000   22.500013425.3564   22.0292
    0.0000  -15.0000   22.500014154.2715   22.0044
    7.5000  -15.0000   22.500013794.6670   21.9718
   -7.5000   -7.5000   22.500013795.7666   22.1048
    0.0000   -7.5000   22.500014551.0371   22.0802
    7.5000   -7.5000   22.500014165.2793   22.0452
   -7.5000    0.0000   22.500013994.8760   22.1705
    0.0000    0.0000   22.500014708.6543   22.1419
    7.5000    0.0000   22.500014308.2676   22.1029
   -7.5000    7.5000   22.500013083.5283   22.1535
    0.0000    7.5000   22.500013750.2168   22.1212
    7.5000    7.5000   22.500013360.7803   22.0838
   -7.5000   15.0000   22.500012099.3779   22.0941
    0.0000   15.0000   22.500012729.2178   22.0605
    7.5000   15.0000   22.500012354.3242   22.0256
   -7.5000   22.5000   22.500011089.3555   22.0254
    0.0000   22.5000   22.500011632.5508   21.9952
    7.5000   22.5000   22.500011259.8330   21.9612
   -7.5000   30.0000   22.5000 9969.1621   21.7441
    0.0000   30.0000   22.500010438.2373   21.7196
    7.5000   30.0000   22.500010102.0391   21.6874
   -7.5000   37.5000   22.5000 9136.0273   21.8187
    0.0000   37.5000   22.5000 9568.8408   21.7944
    7.5000   37.5000   22.5000 9241.9805   21.7599
   -7.5000   45.0000   22.5000 7993.2578   21.4395
    0.0000   45.0000   22.5000 8351.5566   21.4125
    7.5000   45.0000   22.5000 8072.1616   21.3743
   -7.5000  -45.0000   30.000010168.1074   22.3046
    0.0000  -45.0000   30.000010838.8682   22.2599
    7.5000  -45.0000   30.000010630.8643   22.2059
   -7.5000  -37.5000   30.000010535.1396   22.2853
    0.0000  -37.5000   30.000011198.6924   22.2343
    7.5000  -37.5000   30.000010963.6299   22.1796
   -7.5000  -30.0000   30.000011265.1465   22.2293
    0.0000  -30.0000   30.000011932.4287   22.1788
    7.5000  -30.0000   30.000011678.0938   22.1281
   -7.5000  -22.5000   30.000011923.0166   22.1742
    0.0000  -22.5000   30.000012603.8730   22.1315
    7.5000  -22.5000   30.000012351.5576   22.0863
   -7.5000  -15.0000   30.000012473.8350   22.1694
    0.0000  -15.0000   30.000013174.7832   22.1347
    7.5000  -15.0000   30.000012890.2910   22.0926
   -7.5000   -7.5000   30.000012813.9873   22.2438
    0.0000   -7.5000   30.000013519.7061   22.2075
    7.5000   -7.5000   30.000013217.4102   22.1609
   -7.5000    0.0000   30.000012992.7197   22.3046
    0.0000    0.0000   30.000013695.9229   22.2599
    7.5000    0.0000   30.000013383.2979   22.2059
   -7.5000    7.5000   30.000012161.6543   22.2853
    0.0000    7.5000   30.000012839.3506   22.2343
    7.5000    7.5000   30.000012519.9531   22.1796
   -7.5000   15.0000   30.000011238.9014   22.2293
    0.0000   15.0000   30.000011879.2256   22.1788
    7.5000   15.0000   30.000011551.1914   22.1281
   -7.5000   22.5000   30.000010281.0010   22.1640
    0.0000   22.5000   30.000010848.8320   22.1213
    7.5000   22.5000   30.000010524.6143   22.0761
   -7.5000   30.0000   30.0000 9230.8848   21.8825
    0.0000   30.0000   30.0000 9718.4150   21.8482
    7.5000   30.0000   30.0000 9435.1455   21.8067
   -7.5000   37.5000   30.0000 8471.8643   21.9559
    0.0000   37.5000   30.0000 8913.2207   21.9201
    7.5000   37.5000   30.0000 8640.1934   21.8740
   -7.5000   45.0000   30.0000 7416.8872   21.5684
    0.0000   45.0000   30.0000 7777.9990   21.5255
    7.5000   45.0000   30.0000 7535.8613   21.4728
   -7.5000  -45.0000   37.5000 9737.0244   22.5999
    0.0000  -45.0000   37.500010378.1846   22.5411
    7.5000  -45.0000   37.500010190.9580   22.4768
   -7.5000  -37.5000   37.500010085.7451   22.5754
    0.0000  -37.5000   37.500010724.2598   22.5073
    7.5000  -37.5000   37.500010524.6699   22.4406
   -7.5000  -30.0000   37.500010776.0107   22.5251
    0.0000  -30.0000   37.500011430.7598   22.4570
    7.5000  -30.0000   37.500011220.0605   22.3948
   -7.5000  -22.5000   37.500011398.4365   22.4825
    0.0000  -22.5000   37.500012082.1465   22.4251
    7.5000  -22.5000   37.500011877.2559   22.3693
   -7.5000  -15.0000   37.500011944.4502   22.4840
    0.0000  -15.0000   37.500012633.4619   22.4378
    7.5000  -15.0000   37.500012386.5078   22.3854
   -7.5000   -7.5000   37.500012294.0010   22.5512
    0.0000   -7.5000   37.500012972.7559   22.5036
    7.5000   -7.5000   37.500012690.4746   22.4472
   -7.5000    0.0000   37.500012493.4600   22.5999
    0.0000    0.0000   37.500013165.9805   22.5411
    7.5000    0.0000   37.500012867.1230   22.4768
   -7.5000    7.5000   37.500011701.1211   22.5754
    0.0000    7.5000   37.500012351.2188   22.5073
    7.5000    7.5000   37.500012048.0869   22.4406
   -7.5000   15.0000   37.500010800.4639   22.5251
    0.0000   15.0000   37.500011425.7090   22.4570
    7.5000   15.0000   37.500011119.5059   22.3948
   -7.5000   22.5000   37.5000 9865.3506   22.4721
    0.0000   22.5000   37.500010429.6260   22.4148
    7.5000   22.5000   37.500010142.1914   22.3590
   -7.5000   30.0000   37.5000 8854.2266   22.1930
    0.0000   30.0000   37.5000 9348.5234   22.1474
    7.5000   30.0000   37.5000 9086.9688   22.0957
   -7.5000   37.5000   37.5000 8143.6060   22.2593
    0.0000   37.5000   37.5000 8577.6641   22.2124
    7.5000   37.5000   37.5000 8326.7139   22.1567
   -7.5000   45.0000   37.5000 7143.7515   21.8533
    0.0000   45.0000   37.5000 7502.3647   21.7966
    7.5000   45.0000   37.5000 7267.4780   21.7341
   -7.5000  -45.0000   45.0000 8909.5469   22.9656
    0.0000  -45.0000   45.0000 9516.2412   22.9022
    7.5000  -45.0000   45.0000 9319.0879   22.8393
   -7.5000  -37.5000   45.0000 9240.0225   22.9370
    0.0000  -37.5000   45.0000 9840.3047   22.8635
    7.5000  -37.5000   45.0000 9629.2549   22.7985
   -7.5000  -30.0000   45.0000 9860.6016   22.8889
    0.0000  -30.0000   45.000010492.6191   22.8131
    7.5000  -30.0000   45.000010269.0752   22.7509
   -7.5000  -22.5000   45.000010436.3096   22.8564
    0.0000  -22.5000   45.000011091.9951   22.7897
    7.5000  -22.5000   45.000010862.3916   22.7309
   -7.5000  -15.0000   45.000010945.8359   22.8638
    0.0000  -15.0000   45.000011591.9844   22.8095
    7.5000  -15.0000   45.000011361.7354   22.7531
   -7.5000   -7.5000   45.000011290.7734   22.9252
    0.0000   -7.5000   45.000011918.8125   22.8717
    7.5000   -7.5000   45.000011661.5654   22.8141
   -7.5000    0.0000   45.000011481.8760   22.9656
    0.0000    0.0000   45.000012120.3730   22.9022
    7.5000    0.0000   45.000011839.2539   22.8393
   -7.5000    7.5000   45.000010793.7139   22.9370
    0.0000    7.5000   45.000011398.7617   22.8635
    7.5000    7.5000   45.000011107.4141   22.7985
   -7.5000   15.0000   45.0000 9969.7607   22.8889
    0.0000   15.0000   45.000010538.1338   22.8131
    7.5000   15.0000   45.000010259.4668   22.7509
   -7.5000   22.5000   45.0000 9090.5693   22.8458
    0.0000   22.5000   45.0000 9600.4131   22.7792
    7.5000   22.5000   45.0000 9341.8115   22.7203
   -7.5000   30.0000   45.0000 8160.1230   22.5659
    0.0000   30.0000   45.0000 8603.5049   22.5123
    7.5000   30.0000   45.0000 8364.8350   22.4567
   -7.5000   37.5000   45.0000 7513.2251   22.6265
    0.0000   37.5000   45.0000 7900.4336   22.5737
    7.5000   37.5000   45.0000 7675.4194   22.5169
   -7.5000   45.0000   45.0000 6605.9521   22.2156
    0.0000   45.0000   45.0000 6921.2852   22.1545
    7.5000   45.0000   45.0000 6724.9316   22.0936

---------------------------------------------------------------------
imgreg_4dfp /opt/freesurfer/average/711-2C_as_mni_average_305 /opt/freesurfer/average/711-2B_as_mni_average_305_mask talsrcimg_g11 none talsrcimg_to_711-2C_as_mni_average_305_t4 4355
---------------------------------------------------------------------

freesurfer imgreg_4dfp.c
/opt/freesurfer/average/711-2C_as_mni_average_305.4dfp.img
       256       256       256         1
  1.000000  1.000000  1.000000
orientation T byte_order littleendian
Reading image: /opt/freesurfer/average/711-2C_as_mni_average_305.4dfp.img
dimensions:      256       256       256
mmppix:       1.0000   -1.0000   -1.0000
center:     128.0000 -129.0000 -129.0000
/opt/freesurfer/average/711-2B_as_mni_average_305_mask.4dfp.img
       256       256       256         1
  1.000000  1.000000  1.000000
orientation T byte_order littleendian
Reading mask: /opt/freesurfer/average/711-2B_as_mni_average_305_mask.4dfp.img (2306576 pixels)
talsrcimg_g11.4dfp.img
       256       256       256         1
  1.000000  1.000000  1.000000
orientation T byte_order littleendian
Reading image: talsrcimg_g11.4dfp.img
dimensions:      256       256       256
mmppix:       1.0000   -1.0000   -1.0000
center:     128.0000 -129.0000 -129.0000
rotation matrix determinant  1.000000
image alignment mode   4355 decimal     1103 hex
   -7.5000  -45.0000  -45.0000 2153.3347   18.6937
    0.0000  -45.0000  -45.0000 2192.9783   18.1220
    7.5000  -45.0000  -45.0000 2214.4431   17.8668
   -7.5000  -37.5000  -45.0000 2198.1819   17.7850
    0.0000  -37.5000  -45.0000 2239.0212   17.1860
    7.5000  -37.5000  -45.0000 2267.2148   16.8902
   -7.5000  -30.0000  -45.0000 2220.7422   17.2440
    0.0000  -30.0000  -45.0000 2264.4402   16.6479
    7.5000  -30.0000  -45.0000 2297.4028   16.3342
   -7.5000  -22.5000  -45.0000 2224.6633   17.0136
    0.0000  -22.5000  -45.0000 2271.9817   16.4250
    7.5000  -22.5000  -45.0000 2303.9731   16.1119
   -7.5000  -15.0000  -45.0000 2207.7847   17.1614
    0.0000  -15.0000  -45.0000 2249.9905   16.5801
    7.5000  -15.0000  -45.0000 2284.4175   16.2571
   -7.5000   -7.5000  -45.0000 2170.0266   17.6850
    0.0000   -7.5000  -45.0000 2211.3171   17.0351
    7.5000   -7.5000  -45.0000 2248.2517   16.7149
   -7.5000    0.0000  -45.0000 2109.0283   18.5295
    0.0000    0.0000  -45.0000 2153.4866   17.8331
    7.5000    0.0000  -45.0000 2188.2373   17.4707
   -7.5000    7.5000  -45.0000 2029.8335   19.8156
    0.0000    7.5000  -45.0000 2074.6123   19.0330
    7.5000    7.5000  -45.0000 2108.0505   18.6309
   -7.5000   15.0000  -45.0000 1928.8480   21.6679
    0.0000   15.0000  -45.0000 1979.6622   20.7643
    7.5000   15.0000  -45.0000 2010.4657   20.3497
   -7.5000   22.5000  -45.0000 1821.9877   24.2184
    0.0000   22.5000  -45.0000 1869.5939   23.2394
    7.5000   22.5000  -45.0000 1895.0033   22.7907
   -7.5000   30.0000  -45.0000 1708.2365   27.8143
    0.0000   30.0000  -45.0000 1747.0546   26.6725
    7.5000   30.0000  -45.0000 1769.6536   26.1666
   -7.5000   37.5000  -45.0000 1590.3170   32.8479
    0.0000   37.5000  -45.0000 1622.8496   31.4499
    7.5000   37.5000  -45.0000 1643.7159   30.9314
   -7.5000   45.0000  -45.0000 1459.2510   40.2878
    0.0000   45.0000  -45.0000 1493.7415   38.4496
    7.5000   45.0000  -45.0000 1509.8932   37.5866
   -7.5000  -45.0000  -37.5000 2239.9780   17.2751
    0.0000  -45.0000  -37.5000 2281.7495   16.7425
    7.5000  -45.0000  -37.5000 2305.8665   16.5266
   -7.5000  -37.5000  -37.5000 2290.9128   16.4677
    0.0000  -37.5000  -37.5000 2330.1970   15.9170
    7.5000  -37.5000  -37.5000 2359.7117   15.6830
   -7.5000  -30.0000  -37.5000 2316.4424   15.9424
    0.0000  -30.0000  -37.5000 2362.7444   15.4233
    7.5000  -30.0000  -37.5000 2396.8030   15.1650
   -7.5000  -22.5000  -37.5000 2318.3953   15.7518
    0.0000  -22.5000  -37.5000 2365.3374   15.2366
    7.5000  -22.5000  -37.5000 2405.1313   14.9950
   -7.5000  -15.0000  -37.5000 2301.2627   15.9290
    0.0000  -15.0000  -37.5000 2348.8491   15.3693
    7.5000  -15.0000  -37.5000 2388.5527   15.0909
   -7.5000   -7.5000  -37.5000 2263.9026   16.3490
    0.0000   -7.5000  -37.5000 2311.4021   15.7773
    7.5000   -7.5000  -37.5000 2352.7930   15.4806
   -7.5000    0.0000  -37.5000 2196.5566   17.1216
    0.0000    0.0000  -37.5000 2247.5750   16.4952
    7.5000    0.0000  -37.5000 2288.5518   16.1895
   -7.5000    7.5000  -37.5000 2114.3577   18.2671
    0.0000    7.5000  -37.5000 2165.4495   17.5709
    7.5000    7.5000  -37.5000 2198.3831   17.2277
   -7.5000   15.0000  -37.5000 2010.3665   19.8881
    0.0000   15.0000  -37.5000 2063.0681   19.1157
    7.5000   15.0000  -37.5000 2092.5139   18.7734
   -7.5000   22.5000  -37.5000 1897.6671   22.1850
    0.0000   22.5000  -37.5000 1944.3435   21.3112
    7.5000   22.5000  -37.5000 1972.7485   20.9373
   -7.5000   30.0000  -37.5000 1774.3345   25.3759
    0.0000   30.0000  -37.5000 1814.9165   24.3727
    7.5000   30.0000  -37.5000 1844.3600   23.9485
   -7.5000   37.5000  -37.5000 1646.5543   29.8466
    0.0000   37.5000  -37.5000 1683.8796   28.6741
    7.5000   37.5000  -37.5000 1702.8896   28.1425
   -7.5000   45.0000  -37.5000 1515.4548   36.2994
    0.0000   45.0000  -37.5000 1548.6083   34.7079
    7.5000   45.0000  -37.5000 1570.3512   34.0459
   -7.5000  -45.0000  -30.0000 2362.7524   16.5955
    0.0000  -45.0000  -30.0000 2411.4573   16.0589
    7.5000  -45.0000  -30.0000 2439.2654   15.8635
   -7.5000  -37.5000  -30.0000 2419.3240   15.7805
    0.0000  -37.5000  -30.0000 2474.4468   15.2745
    7.5000  -37.5000  -30.0000 2501.9109   15.0832
   -7.5000  -30.0000  -30.0000 2452.3704   15.2956
    0.0000  -30.0000  -30.0000 2509.9614   14.7948
    7.5000  -30.0000  -30.0000 2542.4968   14.6109
   -7.5000  -22.5000  -30.0000 2457.3076   15.1576
    0.0000  -22.5000  -30.0000 2518.1704   14.6681
    7.5000  -22.5000  -30.0000 2552.4065   14.4624
   -7.5000  -15.0000  -30.0000 2437.7888   15.3201
    0.0000  -15.0000  -30.0000 2500.2080   14.8188
    7.5000  -15.0000  -30.0000 2541.0037   14.5897
   -7.5000   -7.5000  -30.0000 2393.2178   15.7511
    0.0000   -7.5000  -30.0000 2458.6001   15.2196
    7.5000   -7.5000  -30.0000 2500.0432   14.9643
   -7.5000    0.0000  -30.0000 2324.3018   16.4830
    0.0000    0.0000  -30.0000 2390.0664   15.9035
    7.5000    0.0000  -30.0000 2430.4958   15.6334
   -7.5000    7.5000  -30.0000 2239.2954   17.5531
    0.0000    7.5000  -30.0000 2298.0752   16.8986
    7.5000    7.5000  -30.0000 2330.8877   16.6064
   -7.5000   15.0000  -30.0000 2126.6248   19.0826
    0.0000   15.0000  -30.0000 2185.8870   18.4016
    7.5000   15.0000  -30.0000 2214.9136   18.0675
   -7.5000   22.5000  -30.0000 2002.9778   21.2770
    0.0000   22.5000  -30.0000 2056.3975   20.4852
    7.5000   22.5000  -30.0000 2081.6941   20.1363
   -7.5000   30.0000  -30.0000 1872.2045   24.2402
    0.0000   30.0000  -30.0000 1920.5516   23.3210
    7.5000   30.0000  -30.0000 1946.0500   22.9213
   -7.5000   37.5000  -30.0000 1738.3160   28.3801
    0.0000   37.5000  -30.0000 1779.1627   27.3554
    7.5000   37.5000  -30.0000 1797.6058   26.8330
   -7.5000   45.0000  -30.0000 1598.6698   34.3023
    0.0000   45.0000  -30.0000 1636.3900   33.0206
    7.5000   45.0000  -30.0000 1653.7617   32.3560
   -7.5000  -45.0000  -22.5000 2459.3647   15.8800
    0.0000  -45.0000  -22.5000 2509.7688   15.3640
    7.5000  -45.0000  -22.5000 2538.0554   15.1608
   -7.5000  -37.5000  -22.5000 2524.0430   15.0983
    0.0000  -37.5000  -22.5000 2577.3679   14.5605
    7.5000  -37.5000  -22.5000 2611.6396   14.3705
   -7.5000  -30.0000  -22.5000 2562.3464   14.6208
    0.0000  -30.0000  -22.5000 2626.1753   14.1025
    7.5000  -30.0000  -22.5000 2661.6531   13.9199
   -7.5000  -22.5000  -22.5000 2571.6086   14.4905
    0.0000  -22.5000  -22.5000 2641.4148   14.0061
    7.5000  -22.5000  -22.5000 2676.0920   13.8040
   -7.5000  -15.0000  -22.5000 2555.6204   14.6477
    0.0000  -15.0000  -22.5000 2627.4836   14.1626
    7.5000  -15.0000  -22.5000 2668.4995   13.9628
   -7.5000   -7.5000  -22.5000 2510.0552   15.0749
    0.0000   -7.5000  -22.5000 2583.0222   14.5786
    7.5000   -7.5000  -22.5000 2625.0049   14.3508
   -7.5000    0.0000  -22.5000 2433.4050   15.8097
    0.0000    0.0000  -22.5000 2505.7676   15.2250
    7.5000    0.0000  -22.5000 2547.0825   14.9837
   -7.5000    7.5000  -22.5000 2337.5659   16.8005
    0.0000    7.5000  -22.5000 2399.2588   16.1927
    7.5000    7.5000  -22.5000 2439.3650   15.9426
   -7.5000   15.0000  -22.5000 2218.6482   18.2686
    0.0000   15.0000  -22.5000 2279.1631   17.6271
    7.5000   15.0000  -22.5000 2308.6821   17.3340
   -7.5000   22.5000  -22.5000 2085.2490   20.3356
    0.0000   22.5000  -22.5000 2140.1348   19.6182
    7.5000   22.5000  -22.5000 2165.0242   19.2838
   -7.5000   30.0000  -22.5000 1946.5472   23.1366
    0.0000   30.0000  -22.5000 1999.6227   22.3345
    7.5000   30.0000  -22.5000 2017.1710   21.9390
   -7.5000   37.5000  -22.5000 1809.5282   27.0793
    0.0000   37.5000  -22.5000 1851.7892   26.0949
    7.5000   37.5000  -22.5000 1873.4991   25.6183
   -7.5000   45.0000  -22.5000 1662.9235   32.5269
    0.0000   45.0000  -22.5000 1698.6942   31.2676
    7.5000   45.0000  -22.5000 1723.9241   30.7019
   -7.5000  -45.0000  -15.0000 2524.2312   15.2452
    0.0000  -45.0000  -15.0000 2572.5310   14.6660
    7.5000  -45.0000  -15.0000 2604.3843   14.4378
   -7.5000  -37.5000  -15.0000 2597.1606   14.4902
    0.0000  -37.5000  -15.0000 2657.5562   13.9056
    7.5000  -37.5000  -15.0000 2692.5200   13.6681
   -7.5000  -30.0000  -15.0000 2640.2114   14.0297
    0.0000  -30.0000  -15.0000 2710.3284   13.4598
    7.5000  -30.0000  -15.0000 2752.9941   13.2398
   -7.5000  -22.5000  -15.0000 2655.9519   13.9180
    0.0000  -22.5000  -15.0000 2730.9937   13.3624
    7.5000  -22.5000  -15.0000 2778.5605   13.1802
   -7.5000  -15.0000  -15.0000 2637.1233   14.0638
    0.0000  -15.0000  -15.0000 2722.5708   13.5400
    7.5000  -15.0000  -15.0000 2771.8613   13.3557
   -7.5000   -7.5000  -15.0000 2590.9268   14.4619
    0.0000   -7.5000  -15.0000 2673.8733   13.9266
    7.5000   -7.5000  -15.0000 2721.7839   13.7474
   -7.5000    0.0000  -15.0000 2510.5149   15.1474
    0.0000    0.0000  -15.0000 2588.3787   14.5685
    7.5000    0.0000  -15.0000 2636.2146   14.3557
   -7.5000    7.5000  -15.0000 2407.7129   16.1087
    0.0000    7.5000  -15.0000 2476.7876   15.4949
    7.5000    7.5000  -15.0000 2520.6191   15.2716
   -7.5000   15.0000  -15.0000 2281.2729   17.5432
    0.0000   15.0000  -15.0000 2342.0178   16.9007
    7.5000   15.0000  -15.0000 2378.2773   16.6478
   -7.5000   22.5000  -15.0000 2142.1843   19.5280
    0.0000   22.5000  -15.0000 2198.0608   18.8287
    7.5000   22.5000  -15.0000 2222.9827   18.5438
   -7.5000   30.0000  -15.0000 1996.1815   22.2048
    0.0000   30.0000  -15.0000 2047.4189   21.4264
    7.5000   30.0000  -15.0000 2072.7927   21.0506
   -7.5000   37.5000  -15.0000 1853.8772   25.8016
    0.0000   37.5000  -15.0000 1893.5409   24.9179
    7.5000   37.5000  -15.0000 1915.9607   24.4266
   -7.5000   45.0000  -15.0000 1701.5618   30.7698
    0.0000   45.0000  -15.0000 1734.7993   29.6372
    7.5000   45.0000  -15.0000 1763.8008   29.0820
   -7.5000  -45.0000   -7.5000 2562.2883   14.7422
    0.0000  -45.0000   -7.5000 2619.7490   14.0658
    7.5000  -45.0000   -7.5000 2651.1057   13.7889
   -7.5000  -37.5000   -7.5000 2644.2107   13.9776
    0.0000  -37.5000   -7.5000 2718.5266   13.3165
    7.5000  -37.5000   -7.5000 2755.4900   13.0385
   -7.5000  -30.0000   -7.5000 2700.6682   13.5226
    0.0000  -30.0000   -7.5000 2784.0381   12.8808
    7.5000  -30.0000   -7.5000 2834.4385   12.6125
   -7.5000  -22.5000   -7.5000 2724.1611   13.4176
    0.0000  -22.5000   -7.5000 2813.8066   12.8144
    7.5000  -22.5000   -7.5000 2866.9958   12.6019
   -7.5000  -15.0000   -7.5000 2699.6458   13.5763
    0.0000  -15.0000   -7.5000 2801.5959   13.0201
    7.5000  -15.0000   -7.5000 2855.0247   12.8256
   -7.5000   -7.5000   -7.5000 2647.6038   13.9296
    0.0000   -7.5000   -7.5000 2738.8684   13.3991
    7.5000   -7.5000   -7.5000 2791.4055   13.1989
   -7.5000    0.0000   -7.5000 2564.7756   14.5846
    0.0000    0.0000   -7.5000 2646.0220   13.9906
    7.5000    0.0000   -7.5000 2697.4570   13.7844
   -7.5000    7.5000   -7.5000 2452.2805   15.5389
    0.0000    7.5000   -7.5000 2524.9524   14.8801
    7.5000    7.5000   -7.5000 2568.7361   14.6660
   -7.5000   15.0000   -7.5000 2322.4163   16.9155
    0.0000   15.0000   -7.5000 2385.0239   16.2327
    7.5000   15.0000   -7.5000 2421.8447   16.0053
   -7.5000   22.5000   -7.5000 2173.7991   18.8361
    0.0000   22.5000   -7.5000 2233.7891   18.0955
    7.5000   22.5000   -7.5000 2263.0330   17.8266
   -7.5000   30.0000   -7.5000 2022.5663   21.4231
    0.0000   30.0000   -7.5000 2074.7581   20.5823
    7.5000   30.0000   -7.5000 2106.0881   20.2100
   -7.5000   37.5000   -7.5000 1874.4938   24.8059
    0.0000   37.5000   -7.5000 1915.5819   23.8646
    7.5000   37.5000   -7.5000 1944.3627   23.3873
   -7.5000   45.0000   -7.5000 1722.2910   29.3398
    0.0000   45.0000   -7.5000 1760.4164   28.2290
    7.5000   45.0000   -7.5000 1780.3770   27.6755
   -7.5000  -45.0000    0.0000 2578.3164   14.4253
    0.0000  -45.0000    0.0000 2642.3745   13.7259
    7.5000  -45.0000    0.0000 2679.9287   13.3896
   -7.5000  -37.5000    0.0000 2670.3840   13.6551
    0.0000  -37.5000    0.0000 2755.8901   12.9908
    7.5000  -37.5000    0.0000 2800.0256   12.6589
   -7.5000  -30.0000    0.0000 2737.5623   13.1990
    0.0000  -30.0000    0.0000 2835.1401   12.5580
    7.5000  -30.0000    0.0000 2901.5439   12.2212
   -7.5000  -22.5000    0.0000 2764.7332   13.0807
    0.0000  -22.5000    0.0000 2875.6062   12.4584
    7.5000  -22.5000    0.0000 2943.0466   12.1746
   -7.5000  -15.0000    0.0000 2741.7915   13.2630
    0.0000  -15.0000    0.0000 2854.3779   12.6591
    7.5000  -15.0000    0.0000 2911.5630   12.4127
   -7.5000   -7.5000    0.0000 2681.8516   13.6387
    0.0000   -7.5000    0.0000 2784.0037   13.0736
    7.5000   -7.5000    0.0000 2834.1487   12.8375
   -7.5000    0.0000    0.0000 2592.2419   14.2484
    0.0000    0.0000    0.0000 2681.2793   13.6824
    7.5000    0.0000    0.0000 2726.5842   13.4402
   -7.5000    7.5000    0.0000 2479.4382   15.2021
    0.0000    7.5000    0.0000 2551.4114   14.5962
    7.5000    7.5000    0.0000 2593.2617   14.3214
   -7.5000   15.0000    0.0000 2340.5713   16.5362
    0.0000   15.0000    0.0000 2408.2502   15.8993
    7.5000   15.0000    0.0000 2444.8391   15.6105
   -7.5000   22.5000    0.0000 2189.2549   18.3665
    0.0000   22.5000    0.0000 2249.7566   17.6744
    7.5000   22.5000    0.0000 2281.2488   17.3453
   -7.5000   30.0000    0.0000 2032.4237   20.8738
    0.0000   30.0000    0.0000 2087.0842   20.0988
    7.5000   30.0000    0.0000 2116.8718   19.7042
   -7.5000   37.5000    0.0000 1879.6996   24.0989
    0.0000   37.5000    0.0000 1925.5659   23.1907
    7.5000   37.5000    0.0000 1954.3285   22.7420
   -7.5000   45.0000    0.0000 1729.2369   28.4258
    0.0000   45.0000    0.0000 1766.2130   27.2582
    7.5000   45.0000    0.0000 1789.0396   26.7413
   -7.5000  -45.0000    7.5000 2572.9751   14.3582
    0.0000  -45.0000    7.5000 2645.7935   13.6230
    7.5000  -45.0000    7.5000 2684.9102   13.3314
   -7.5000  -37.5000    7.5000 2677.3923   13.5769
    0.0000  -37.5000    7.5000 2767.2007   12.8838
    7.5000  -37.5000    7.5000 2817.9038   12.5678
   -7.5000  -30.0000    7.5000 2750.6338   13.1310
    0.0000  -30.0000    7.5000 2855.8381   12.4780
    7.5000  -30.0000    7.5000 2927.8960   12.1375
   -7.5000  -22.5000    7.5000 2780.4739   12.9994
    0.0000  -22.5000    7.5000 2899.3064   12.3945
    7.5000  -22.5000    7.5000 2968.2603   12.0573
   -7.5000  -15.0000    7.5000 2757.7651   13.1509
    0.0000  -15.0000    7.5000 2873.0452   12.5637
    7.5000  -15.0000    7.5000 2928.1301   12.2659
   -7.5000   -7.5000    7.5000 2697.9978   13.5192
    0.0000   -7.5000    7.5000 2796.6641   12.9606
    7.5000   -7.5000    7.5000 2848.0352   12.6941
   -7.5000    0.0000    7.5000 2602.4102   14.1699
    0.0000    0.0000    7.5000 2684.4788   13.6092
    7.5000    0.0000    7.5000 2729.0217   13.3535
   -7.5000    7.5000    7.5000 2484.0256   15.1409
    0.0000    7.5000    7.5000 2552.0676   14.5441
    7.5000    7.5000    7.5000 2594.7793   14.2854
   -7.5000   15.0000    7.5000 2344.6882   16.4686
    0.0000   15.0000    7.5000 2409.8135   15.8156
    7.5000   15.0000    7.5000 2445.2856   15.5701
   -7.5000   22.5000    7.5000 2194.8884   18.2565
    0.0000   22.5000    7.5000 2251.4822   17.5343
    7.5000   22.5000    7.5000 2279.1960   17.2743
   -7.5000   30.0000    7.5000 2034.3398   20.6403
    0.0000   30.0000    7.5000 2087.7480   19.8494
    7.5000   30.0000    7.5000 2115.8281   19.5350
   -7.5000   37.5000    7.5000 1877.2465   23.7263
    0.0000   37.5000    7.5000 1922.3438   22.8461
    7.5000   37.5000    7.5000 1950.7583   22.4431
   -7.5000   45.0000    7.5000 1725.7958   27.9517
    0.0000   45.0000    7.5000 1763.6877   26.7632
    7.5000   45.0000    7.5000 1784.6711   26.2718
   -7.5000  -45.0000   15.0000 2556.1460   14.5710
    0.0000  -45.0000   15.0000 2631.6702   13.8038
    7.5000  -45.0000   15.0000 2670.1768   13.5020
   -7.5000  -37.5000   15.0000 2663.1414   13.7422
    0.0000  -37.5000   15.0000 2753.8440   13.0548
    7.5000  -37.5000   15.0000 2803.1079   12.7428
   -7.5000  -30.0000   15.0000 2737.1868   13.2705
    0.0000  -30.0000   15.0000 2842.6116   12.6170
    7.5000  -30.0000   15.0000 2902.9307   12.3088
   -7.5000  -22.5000   15.0000 2762.8225   13.1577
    0.0000  -22.5000   15.0000 2876.6565   12.5550
    7.5000  -22.5000   15.0000 2933.1558   12.2789
   -7.5000  -15.0000   15.0000 2738.2192   13.2847
    0.0000  -15.0000   15.0000 2844.9309   12.7469
    7.5000  -15.0000   15.0000 2894.6218   12.5135
   -7.5000   -7.5000   15.0000 2678.0696   13.6719
    0.0000   -7.5000   15.0000 2775.5542   13.1357
    7.5000   -7.5000   15.0000 2822.8137   12.9226
   -7.5000    0.0000   15.0000 2585.4177   14.3310
    0.0000    0.0000   15.0000 2666.0232   13.7620
    7.5000    0.0000   15.0000 2706.4131   13.5157
   -7.5000    7.5000   15.0000 2463.7390   15.2817
    0.0000    7.5000   15.0000 2530.7249   14.7038
    7.5000    7.5000   15.0000 2569.5767   14.3894
   -7.5000   15.0000   15.0000 2325.9614   16.5787
    0.0000   15.0000   15.0000 2390.4797   15.9426
    7.5000   15.0000   15.0000 2423.7153   15.6365
   -7.5000   22.5000   15.0000 2182.2778   18.3407
    0.0000   22.5000   15.0000 2236.1895   17.6344
    7.5000   22.5000   15.0000 2262.0144   17.2830
   -7.5000   30.0000   15.0000 2024.5229   20.6490
    0.0000   30.0000   15.0000 2074.1670   19.8584
    7.5000   30.0000   15.0000 2098.5259   19.4804
   -7.5000   37.5000   15.0000 1865.4132   23.7753
    0.0000   37.5000   15.0000 1909.2161   22.8221
    7.5000   37.5000   15.0000 1931.9155   22.4036
   -7.5000   45.0000   15.0000 1713.8214   27.9351
    0.0000   45.0000   15.0000 1749.0454   26.7662
    7.5000   45.0000   15.0000 1770.5956   26.3107
   -7.5000  -45.0000   22.5000 2532.6501   15.0354
    0.0000  -45.0000   22.5000 2606.2446   14.2924
    7.5000  -45.0000   22.5000 2639.4307   14.0096
   -7.5000  -37.5000   22.5000 2634.4980   14.1848
    0.0000  -37.5000   22.5000 2719.6982   13.4783
    7.5000  -37.5000   22.5000 2761.1724   13.2152
   -7.5000  -30.0000   22.5000 2706.4563   13.6822
    0.0000  -30.0000   22.5000 2800.9307   13.0271
    7.5000  -30.0000   22.5000 2851.7595   12.7336
   -7.5000  -22.5000   22.5000 2730.7246   13.5271
    0.0000  -22.5000   22.5000 2823.8132   12.9216
    7.5000  -22.5000   22.5000 2872.8518   12.6798
   -7.5000  -15.0000   22.5000 2700.8870   13.6589
    0.0000  -15.0000   22.5000 2787.0720   13.1156
    7.5000  -15.0000   22.5000 2833.5786   12.8765
   -7.5000   -7.5000   22.5000 2638.7258   14.0472
    0.0000   -7.5000   22.5000 2720.0664   13.5354
    7.5000   -7.5000   22.5000 2761.6912   13.2817
   -7.5000    0.0000   22.5000 2547.2573   14.7129
    0.0000    0.0000   22.5000 2617.6929   14.1548
    7.5000    0.0000   22.5000 2655.5239   13.9110
   -7.5000    7.5000   22.5000 2430.8335   15.6546
    0.0000    7.5000   22.5000 2496.3950   15.0602
    7.5000    7.5000   22.5000 2530.9575   14.7833
   -7.5000   15.0000   22.5000 2293.9160   16.9249
    0.0000   15.0000   22.5000 2356.9036   16.2523
    7.5000   15.0000   22.5000 2389.9033   15.9612
   -7.5000   22.5000   22.5000 2156.0081   18.6305
    0.0000   22.5000   22.5000 2206.4036   17.9119
    7.5000   22.5000   22.5000 2230.7434   17.5664
   -7.5000   30.0000   22.5000 2005.2238   20.8635
    0.0000   30.0000   22.5000 2047.0674   20.0957
    7.5000   30.0000   22.5000 2072.0208   19.6992
   -7.5000   37.5000   22.5000 1846.1240   23.9818
    0.0000   37.5000   22.5000 1886.8600   23.0527
    7.5000   37.5000   22.5000 1907.4404   22.5765
   -7.5000   45.0000   22.5000 1693.0826   28.1473
    0.0000   45.0000   22.5000 1727.3132   27.0323
    7.5000   45.0000   22.5000 1745.2360   26.4730
   -7.5000  -45.0000   30.0000 2491.8677   15.7000
    0.0000  -45.0000   30.0000 2558.4329   14.9951
    7.5000  -45.0000   30.0000 2595.4607   14.7295
   -7.5000  -37.5000   30.0000 2587.1106   14.8415
    0.0000  -37.5000   30.0000 2666.0496   14.1503
    7.5000  -37.5000   30.0000 2708.8640   13.8646
   -7.5000  -30.0000   30.0000 2651.6287   14.3038
    0.0000  -30.0000   30.0000 2735.0559   13.6458
    7.5000  -30.0000   30.0000 2781.6277   13.3866
   -7.5000  -22.5000   30.0000 2672.5066   14.1136
    0.0000  -22.5000   30.0000 2749.6619   13.5278
    7.5000  -22.5000   30.0000 2795.0449   13.2877
   -7.5000  -15.0000   30.0000 2637.9565   14.2587
    0.0000  -15.0000   30.0000 2713.3630   13.6935
    7.5000  -15.0000   30.0000 2753.4563   13.4607
   -7.5000   -7.5000   30.0000 2574.0537   14.6571
    0.0000   -7.5000   30.0000 2644.4436   14.0936
    7.5000   -7.5000   30.0000 2681.5066   13.8539
   -7.5000    0.0000   30.0000 2483.5820   15.3001
    0.0000    0.0000   30.0000 2549.9202   14.7228
    7.5000    0.0000   30.0000 2586.4565   14.4590
   -7.5000    7.5000   30.0000 2375.6902   16.2122
    0.0000    7.5000   30.0000 2437.4414   15.6327
    7.5000    7.5000   30.0000 2469.9802   15.3465
   -7.5000   15.0000   30.0000 2252.0254   17.4723
    0.0000   15.0000   30.0000 2305.5994   16.8464
    7.5000   15.0000   30.0000 2333.0981   16.5307
   -7.5000   22.5000   30.0000 2114.9839   19.1167
    0.0000   22.5000   30.0000 2161.5906   18.4546
    7.5000   22.5000   30.0000 2188.1204   18.1237
   -7.5000   30.0000   30.0000 1968.7032   21.3675
    0.0000   30.0000   30.0000 2006.0876   20.5972
    7.5000   30.0000   30.0000 2031.7533   20.2370
   -7.5000   37.5000   30.0000 1819.0670   24.4398
    0.0000   37.5000   30.0000 1854.0709   23.5306
    7.5000   37.5000   30.0000 1871.6803   23.0379
   -7.5000   45.0000   30.0000 1667.7562   28.6625
    0.0000   45.0000   30.0000 1697.6826   27.5234
    7.5000   45.0000   30.0000 1712.6904   26.9566
   -7.5000  -45.0000   37.5000 2438.6787   16.6060
    0.0000  -45.0000   37.5000 2499.8740   15.9157
    7.5000  -45.0000   37.5000 2534.8337   15.6445
   -7.5000  -37.5000   37.5000 2525.3201   15.6934
    0.0000  -37.5000   37.5000 2594.5432   15.0210
    7.5000  -37.5000   37.5000 2635.0007   14.7651
   -7.5000  -30.0000   37.5000 2579.3162   15.1159
    0.0000  -30.0000   37.5000 2653.1052   14.4761
    7.5000  -30.0000   37.5000 2694.5315   14.2462
   -7.5000  -22.5000   37.5000 2592.0911   14.9070
    0.0000  -22.5000   37.5000 2662.0955   14.3313
    7.5000  -22.5000   37.5000 2706.5684   14.1131
   -7.5000  -15.0000   37.5000 2561.7639   15.0542
    0.0000  -15.0000   37.5000 2625.9282   14.4923
    7.5000  -15.0000   37.5000 2662.8828   14.2558
   -7.5000   -7.5000   37.5000 2503.1296   15.4328
    0.0000   -7.5000   37.5000 2559.8994   14.8761
    7.5000   -7.5000   37.5000 2590.1614   14.6339
   -7.5000    0.0000   37.5000 2420.9758   16.0973
    0.0000    0.0000   37.5000 2474.9197   15.5063
    7.5000    0.0000   37.5000 2504.9331   15.2192
   -7.5000    7.5000   37.5000 2317.2241   16.9888
    0.0000    7.5000   37.5000 2370.2031   16.3728
    7.5000    7.5000   37.5000 2398.1079   16.0874
   -7.5000   15.0000   37.5000 2197.3293   18.2201
    0.0000   15.0000   37.5000 2246.9490   17.5819
    7.5000   15.0000   37.5000 2271.0020   17.2938
   -7.5000   22.5000   37.5000 2061.5383   19.9072
    0.0000   22.5000   37.5000 2106.3870   19.2662
    7.5000   22.5000   37.5000 2131.4045   18.9646
   -7.5000   30.0000   37.5000 1923.7876   22.1586
    0.0000   30.0000   37.5000 1959.1896   21.4203
    7.5000   30.0000   37.5000 1981.5094   21.0833
   -7.5000   37.5000   37.5000 1780.7086   25.2206
    0.0000   37.5000   37.5000 1811.2538   24.3393
    7.5000   37.5000   37.5000 1828.1328   23.8892
   -7.5000   45.0000   37.5000 1631.9301   29.5878
    0.0000   45.0000   37.5000 1658.3624   28.4816
    7.5000   45.0000   37.5000 1674.2911   27.8669
   -7.5000  -45.0000   45.0000 2373.2510   17.7231
    0.0000  -45.0000   45.0000 2433.8254   17.1063
    7.5000  -45.0000   45.0000 2458.4607   16.8447
   -7.5000  -37.5000   45.0000 2453.5220   16.7450
    0.0000  -37.5000   45.0000 2514.8408   16.1352
    7.5000  -37.5000   45.0000 2543.0212   15.8992
   -7.5000  -30.0000   45.0000 2494.6907   16.1410
    0.0000  -30.0000   45.0000 2561.0891   15.5564
    7.5000  -30.0000   45.0000 2594.6174   15.3377
   -7.5000  -22.5000   45.0000 2504.2952   15.9112
    0.0000  -22.5000   45.0000 2566.6611   15.3678
    7.5000  -22.5000   45.0000 2600.8250   15.1297
   -7.5000  -15.0000   45.0000 2472.2068   16.0437
    0.0000  -15.0000   45.0000 2527.6030   15.5054
    7.5000  -15.0000   45.0000 2560.6553   15.2674
   -7.5000   -7.5000   45.0000 2420.4275   16.4126
    0.0000   -7.5000   45.0000 2467.6611   15.8713
    7.5000   -7.5000   45.0000 2494.7012   15.6621
   -7.5000    0.0000   45.0000 2342.0852   17.1011
    0.0000    0.0000   45.0000 2389.1270   16.4947
    7.5000    0.0000   45.0000 2414.9216   16.2494
   -7.5000    7.5000   45.0000 2251.4644   18.0191
    0.0000    7.5000   45.0000 2298.0190   17.3878
    7.5000    7.5000   45.0000 2321.6143   17.0860
   -7.5000   15.0000   45.0000 2136.2598   19.2303
    0.0000   15.0000   45.0000 2180.6006   18.6111
    7.5000   15.0000   45.0000 2202.5449   18.2926
   -7.5000   22.5000   45.0000 2005.4961   20.9262
    0.0000   22.5000   45.0000 2045.7903   20.2776
    7.5000   22.5000   45.0000 2068.3054   19.9687
   -7.5000   30.0000   45.0000 1869.5560   23.2608
    0.0000   30.0000   45.0000 1901.1396   22.5643
    7.5000   30.0000   45.0000 1919.1700   22.2126
   -7.5000   37.5000   45.0000 1731.9523   26.4380
    0.0000   37.5000   45.0000 1758.8203   25.5909
    7.5000   37.5000   45.0000 1775.1433   25.0834
   -7.5000   45.0000   45.0000 1588.6202   30.9276
    0.0000   45.0000   45.0000 1610.3311   29.7238
    7.5000   45.0000   45.0000 1628.8945   29.1407

---------------------------------------------------------------------
imgreg_4dfp /opt/freesurfer/average/711-2C_as_mni_average_305 /opt/freesurfer/average/711-2B_as_mni_average_305_mask talsrcimg_g11 none talsrcimg_to_711-2C_as_mni_average_305_t4 1283
---------------------------------------------------------------------

freesurfer imgreg_4dfp.c
/opt/freesurfer/average/711-2C_as_mni_average_305.4dfp.img
       256       256       256         1
  1.000000  1.000000  1.000000
orientation T byte_order littleendian
Reading image: /opt/freesurfer/average/711-2C_as_mni_average_305.4dfp.img
dimensions:      256       256       256
mmppix:       1.0000   -1.0000   -1.0000
center:     128.0000 -129.0000 -129.0000
/opt/freesurfer/average/711-2B_as_mni_average_305_mask.4dfp.img
       256       256       256         1
  1.000000  1.000000  1.000000
orientation T byte_order littleendian
Reading mask: /opt/freesurfer/average/711-2B_as_mni_average_305_mask.4dfp.img (2306576 pixels)
talsrcimg_g11.4dfp.img
       256       256       256         1
  1.000000  1.000000  1.000000
orientation T byte_order littleendian
Reading image: talsrcimg_g11.4dfp.img
dimensions:      256       256       256
mmppix:       1.0000   -1.0000   -1.0000
center:     128.0000 -129.0000 -129.0000
rotation matrix determinant  1.000000
fimgreg.f
image alignment mode   1283 decimal      503 hex
parameters
    7.5000  -22.5000    7.5000    0.0000    0.0000    0.0000
eta,q 0.93223 12.03843
niter,ni,del,rscale     5    3   12.0000    1.2000
parameters
    8.9992  -22.5912    6.5880   -1.4765    1.9155   -2.5362
eta,q 0.93445 12.00437
  0.0841  0.0785  0.0751  0.0708  0.0742  0.0665
  0.0769  0.0722  0.0710  0.0680  0.0711  0.0656
  0.0716  0.0685  0.0677  0.0669  0.0685  0.0656
  0.0682  0.0679  0.0678  0.0673  0.0668  0.0659
  0.0676  0.0694  0.0711  0.0695  0.0659  0.0673
  0.0692  0.0733  0.0756  0.0728  0.0668  0.0700
  0.0739  0.0785  0.0796  0.0753  0.0687  0.0733
niter,ni,del,rscale     4    3   12.0000    1.2000
parameters
    7.9489  -21.9040    6.4469   -3.4383    3.4401   -3.2810
eta,q 0.93603 12.01137
  0.0734  0.0773  0.0735  0.0667  0.0717  0.0675
  0.0682  0.0712  0.0702  0.0653  0.0690  0.0654
  0.0655  0.0671  0.0666  0.0644  0.0662  0.0641
  0.0655  0.0651  0.0649  0.0650  0.0644  0.0642
  0.0686  0.0655  0.0658  0.0667  0.0643  0.0652
  0.0737  0.0682  0.0700  0.0694  0.0652  0.0668
  0.0815  0.0728  0.0752  0.0722  0.0672  0.0695
niter,ni,del,rscale     3    3   12.0000    1.2000
parameter  4  0.509680 ->  0.500000 qaram    1.1500
parameters
    7.2617  -20.7781    5.9535   -6.8883    4.7794   -4.0089
eta,q 0.93761 11.96845
  0.0735  0.0767  0.0697  0.0635  0.0710  0.0666
  0.0680  0.0712  0.0666  0.0630  0.0680  0.0643
  0.0645  0.0669  0.0644  0.0630  0.0650  0.0628
  0.0640  0.0637  0.0635  0.0636  0.0629  0.0625
  0.0669  0.0640  0.0641  0.0654  0.0626  0.0639
  0.0719  0.0664  0.0678  0.0678  0.0639  0.0661
  0.0786  0.0701  0.0731  0.0714  0.0666  0.0688
niter,ni,del,rscale     3    3   12.0000    1.2000
parameters
    6.9101  -18.9778    5.1226  -10.0575    5.0472   -3.8207
eta,q 0.93827 12.02500
  0.0749  0.0779  0.0669  0.0627  0.0683  0.0662
  0.0686  0.0711  0.0643  0.0617  0.0653  0.0635
  0.0640  0.0655  0.0628  0.0618  0.0627  0.0623
  0.0624  0.0624  0.0621  0.0623  0.0617  0.0618
  0.0647  0.0622  0.0630  0.0641  0.0623  0.0620
  0.0705  0.0636  0.0667  0.0667  0.0641  0.0633
  0.0784  0.0663  0.0713  0.0704  0.0675  0.0656
niter,ni,del,rscale     2    3   12.0000    1.2000
parameters
    6.9741  -17.5415    5.0090  -11.1305    4.9130   -4.1449
eta,q 0.93877 12.05687
  0.0746  0.0752  0.0678  0.0651  0.0668  0.0647
  0.0679  0.0676  0.0646  0.0625  0.0640  0.0621
  0.0634  0.0633  0.0625  0.0614  0.0618  0.0613
  0.0617  0.0617  0.0614  0.0614  0.0613  0.0612
  0.0630  0.0614  0.0613  0.0625  0.0622  0.0616
  0.0670  0.0621  0.0642  0.0649  0.0641  0.0630
  0.0745  0.0659  0.0693  0.0684  0.0675  0.0653
niter,ni,del,rscale     1    3   12.0000    1.2000
parameters
    7.0529  -17.3177    5.1389  -11.1891    4.8237   -4.1870
eta,q 0.93887 12.05806
  0.0731  0.0710  0.0680  0.0670  0.0669  0.0651
  0.0669  0.0649  0.0648  0.0632  0.0640  0.0622
  0.0627  0.0620  0.0624  0.0615  0.0616  0.0612
  0.0612  0.0612  0.0612  0.0612  0.0612  0.0611
  0.0622  0.0613  0.0608  0.0617  0.0621  0.0615
  0.0658  0.0638  0.0633  0.0637  0.0640  0.0627
  0.0730  0.0698  0.0686  0.0669  0.0674  0.0649
registration optimization eta report
parameter search radius
    6.0000    6.0000    6.0000    6.9000    6.0000    6.0000
100000*second partial in parameter space
       33.       26.       20.       12.       17.       11.
  0.0731  0.0710  0.0680  0.0670  0.0669  0.0651
  0.0669  0.0649  0.0648  0.0632  0.0640  0.0622
  0.0627  0.0620  0.0624  0.0615  0.0616  0.0612
  0.0612  0.0612  0.0612  0.0612  0.0612  0.0611
  0.0622  0.0613  0.0608  0.0617  0.0621  0.0615
  0.0658  0.0638  0.0633  0.0637  0.0640  0.0627
  0.0730  0.0698  0.0686  0.0669  0.0674  0.0649
    7.0529  -17.3177    5.1389  -11.1891    4.8237   -4.1870
eta,q 0.93887 12.05806

---------------------------------------------------------------------
imgreg_4dfp /opt/freesurfer/average/711-2C_as_mni_average_305 /opt/freesurfer/average/711-2B_as_mni_average_305_mask talsrcimg_g11 none talsrcimg_to_711-2C_as_mni_average_305_t4 3335
---------------------------------------------------------------------

freesurfer imgreg_4dfp.c
/opt/freesurfer/average/711-2C_as_mni_average_305.4dfp.img
       256       256       256         1
  1.000000  1.000000  1.000000
orientation T byte_order littleendian
Reading image: /opt/freesurfer/average/711-2C_as_mni_average_305.4dfp.img
dimensions:      256       256       256
mmppix:       1.0000   -1.0000   -1.0000
center:     128.0000 -129.0000 -129.0000
/opt/freesurfer/average/711-2B_as_mni_average_305_mask.4dfp.img
       256       256       256         1
  1.000000  1.000000  1.000000
orientation T byte_order littleendian
Reading mask: /opt/freesurfer/average/711-2B_as_mni_average_305_mask.4dfp.img (2306576 pixels)
talsrcimg_g11.4dfp.img
       256       256       256         1
  1.000000  1.000000  1.000000
orientation T byte_order littleendian
Reading image: talsrcimg_g11.4dfp.img
dimensions:      256       256       256
mmppix:       1.0000   -1.0000   -1.0000
center:     128.0000 -129.0000 -129.0000
fimgreg.f
image alignment mode   3335 decimal      D07 hex
parameters
    7.0529  -17.3177    5.1389   -0.6201   -2.2818   -2.2483
    8.7899   -6.8104   -7.2754   19.9553    8.4090  -19.3361
eta,q 0.94099 12.11673
niter,ni,del,rscale     5    3    5.0000    1.2000
parameter  4  3.004461 ->  0.500000 qaram    1.1500
parameter  5  3.685892 ->  0.500000 qaram    1.1500
parameter  6  1.122077 ->  0.500000 qaram    1.1500
parameter 10  0.649118 ->  0.500000 qaram    1.1500
parameters
    6.8295  -17.6019    4.3441   -4.7601   -6.4218   -6.3883
    7.3633   -5.7587   -5.1686   15.8153    8.3902  -18.5988
eta,q 0.96201 11.14193
  0.0608  0.0605  0.0595  0.0482  0.0407  0.0395  0.0422  0.0476  0.0440  0.0386  0.0397  0.0398
  0.0597  0.0596  0.0590  0.0506  0.0437  0.0398  0.0408  0.0441  0.0421  0.0380  0.0388  0.0389
  0.0591  0.0591  0.0588  0.0543  0.0473  0.0416  0.0401  0.0414  0.0407  0.0383  0.0382  0.0383
  0.0590  0.0590  0.0590  0.0588  0.0515  0.0446  0.0402  0.0400  0.0399  0.0396  0.0380  0.0380
  0.0593  0.0594  0.0595  0.0635  0.0561  0.0485  0.0410  0.0401  0.0396  0.0418  0.0382  0.0381
  0.0602  0.0602  0.0604  0.0684  0.0609  0.0534  0.0426  0.0417  0.0400  0.0448  0.0388  0.0385
  0.0616  0.0614  0.0616  0.0735  0.0658  0.0584  0.0447  0.0443  0.0410  0.0484  0.0398  0.0392
niter,ni,del,rscale     7    3    5.0000    1.2000
parameter  4  0.671777 ->  0.500000 qaram    1.3225
parameter  5  1.224924 ->  0.500000 qaram    1.3225
parameters
    6.9782  -17.5266    3.8524   -9.5211  -11.1828   -9.5587
    7.5843   -6.0458   -5.4637   14.6428    8.8985  -20.3991
eta,q 0.96891 10.50478
  0.0426  0.0409  0.0393  0.0360  0.0301  0.0322  0.0341  0.0353  0.0335  0.0342  0.0322  0.0317
  0.0402  0.0393  0.0383  0.0354  0.0309  0.0315  0.0326  0.0330  0.0322  0.0324  0.0317  0.0313
  0.0387  0.0383  0.0379  0.0358  0.0326  0.0312  0.0316  0.0316  0.0315  0.0314  0.0313  0.0311
  0.0380  0.0380  0.0380  0.0378  0.0354  0.0313  0.0313  0.0313  0.0313  0.0312  0.0312  0.0312
  0.0383  0.0382  0.0385  0.0418  0.0391  0.0329  0.0315  0.0319  0.0316  0.0321  0.0312  0.0315
  0.0395  0.0391  0.0396  0.0469  0.0435  0.0360  0.0324  0.0335  0.0325  0.0339  0.0315  0.0320
  0.0416  0.0405  0.0409  0.0524  0.0483  0.0409  0.0338  0.0359  0.0338  0.0365  0.0320  0.0327
niter,ni,del,rscale     7    3    5.0000    1.2000
parameter  5  0.618525 ->  0.500000 qaram    1.5209
parameters
    7.2092  -17.1124    3.2385  -10.9049  -16.6580  -11.0623
    7.5780   -6.0469   -5.4456   14.7207    9.1170  -21.7430
eta,q 0.97041 10.06200
  0.0351  0.0348  0.0317  0.0344  0.0299  0.0313  0.0317  0.0333  0.0314  0.0333  0.0304  0.0303
  0.0330  0.0330  0.0311  0.0327  0.0296  0.0302  0.0306  0.0313  0.0304  0.0313  0.0300  0.0298
  0.0317  0.0317  0.0309  0.0315  0.0299  0.0297  0.0298  0.0300  0.0298  0.0300  0.0297  0.0296
  0.0311  0.0311  0.0310  0.0309  0.0311  0.0297  0.0296  0.0296  0.0296  0.0296  0.0296  0.0296
  0.0312  0.0311  0.0314  0.0313  0.0335  0.0299  0.0299  0.0301  0.0298  0.0301  0.0297  0.0299
  0.0321  0.0317  0.0321  0.0340  0.0372  0.0313  0.0306  0.0313  0.0304  0.0312  0.0300  0.0303
  0.0338  0.0329  0.0330  0.0388  0.0418  0.0341  0.0317  0.0332  0.0314  0.0331  0.0303  0.0309
niter,ni,del,rscale     7    3    5.0000    1.2000
parameters
    7.4354  -16.6604    3.2898  -10.6693  -19.2608  -11.1383
    7.3173   -6.0007   -5.2937   15.2726    8.6979  -21.5805
eta,q 0.97053  9.91703
  0.0329  0.0327  0.0309  0.0333  0.0314  0.0320  0.0312  0.0331  0.0310  0.0332  0.0301  0.0304
  0.0312  0.0311  0.0302  0.0316  0.0302  0.0307  0.0302  0.0311  0.0302  0.0313  0.0297  0.0300
  0.0301  0.0300  0.0297  0.0303  0.0296  0.0298  0.0296  0.0298  0.0297  0.0300  0.0295  0.0296
  0.0296  0.0295  0.0295  0.0295  0.0295  0.0295  0.0295  0.0295  0.0295  0.0295  0.0295  0.0295
  0.0297  0.0296  0.0296  0.0292  0.0302  0.0296  0.0298  0.0299  0.0296  0.0298  0.0296  0.0296
  0.0304  0.0301  0.0301  0.0304  0.0324  0.0303  0.0304  0.0311  0.0301  0.0307  0.0299  0.0299
  0.0319  0.0309  0.0308  0.0338  0.0363  0.0324  0.0315  0.0330  0.0309  0.0323  0.0303  0.0303
niter,ni,del,rscale     6    3    5.0000    1.2000
parameters
    7.4667  -16.3150    3.3232  -10.6844  -19.9674  -11.2704
    7.1672   -5.9450   -5.0725   15.6592    8.5142  -21.4904
eta,q 0.97054  9.86935
  0.0322  0.0319  0.0307  0.0328  0.0322  0.0319  0.0312  0.0331  0.0309  0.0329  0.0301  0.0304
  0.0307  0.0306  0.0300  0.0312  0.0308  0.0306  0.0302  0.0311  0.0301  0.0311  0.0298  0.0299
  0.0298  0.0298  0.0296  0.0301  0.0298  0.0297  0.0296  0.0298  0.0297  0.0299  0.0295  0.0296
  0.0295  0.0295  0.0294  0.0294  0.0294  0.0295  0.0295  0.0295  0.0295  0.0295  0.0295  0.0295
  0.0297  0.0295  0.0296  0.0292  0.0297  0.0296  0.0297  0.0299  0.0296  0.0298  0.0296  0.0296
  0.0306  0.0300  0.0300  0.0304  0.0309  0.0303  0.0303  0.0311  0.0300  0.0307  0.0298  0.0299
  0.0321  0.0307  0.0307  0.0337  0.0335  0.0324  0.0313  0.0329  0.0307  0.0323  0.0302  0.0303
niter,ni,del,rscale     5    3    5.0000    1.2000
parameters
    7.5034  -16.1394    3.2714  -10.7271  -20.2744  -11.4348
    7.0692   -5.8961   -4.9560   15.8931    8.4392  -21.4560
eta,q 0.97054  9.84287
  0.0321  0.0315  0.0306  0.0328  0.0323  0.0318  0.0312  0.0330  0.0308  0.0327  0.0302  0.0304
  0.0307  0.0304  0.0300  0.0311  0.0309  0.0306  0.0303  0.0311  0.0301  0.0310  0.0298  0.0299
  0.0298  0.0297  0.0296  0.0301  0.0299  0.0297  0.0296  0.0298  0.0297  0.0299  0.0295  0.0296
  0.0295  0.0295  0.0295  0.0295  0.0295  0.0295  0.0295  0.0295  0.0295  0.0295  0.0295  0.0295
  0.0297  0.0296  0.0296  0.0292  0.0296  0.0296  0.0297  0.0299  0.0296  0.0298  0.0296  0.0296
  0.0305  0.0301  0.0300  0.0304  0.0307  0.0303  0.0303  0.0311  0.0300  0.0308  0.0298  0.0299
  0.0320  0.0309  0.0307  0.0337  0.0331  0.0324  0.0313  0.0328  0.0308  0.0324  0.0302  0.0303
niter,ni,del,rscale     4    3    5.0000    1.2000
parameters
    7.5329  -16.0336    3.2132  -10.7511  -20.4739  -11.5682
    7.0076   -5.8622   -4.8885   16.0482    8.4024  -21.4258
eta,q 0.97053  9.82473
  0.0321  0.0314  0.0306  0.0327  0.0323  0.0318  0.0312  0.0330  0.0308  0.0326  0.0302  0.0304
  0.0307  0.0303  0.0300  0.0311  0.0309  0.0306  0.0303  0.0311  0.0301  0.0310  0.0298  0.0299
  0.0298  0.0297  0.0296  0.0301  0.0299  0.0297  0.0296  0.0298  0.0297  0.0299  0.0296  0.0296
  0.0295  0.0295  0.0295  0.0295  0.0295  0.0295  0.0295  0.0295  0.0295  0.0295  0.0295  0.0295
  0.0297  0.0296  0.0296  0.0293  0.0297  0.0296  0.0297  0.0299  0.0296  0.0298  0.0296  0.0296
  0.0305  0.0302  0.0300  0.0303  0.0306  0.0303  0.0303  0.0311  0.0300  0.0308  0.0298  0.0299
  0.0320  0.0310  0.0307  0.0336  0.0329  0.0323  0.0313  0.0328  0.0308  0.0324  0.0302  0.0303
niter,ni,del,rscale     3    3    5.0000    1.2000
parameters
    7.5548  -15.9605    3.1675  -10.7754  -20.6255  -11.6725
    6.9624   -5.8332   -4.8578   16.1704    8.3900  -21.4117
eta,q 0.97052  9.81080
  0.0320  0.0313  0.0306  0.0327  0.0323  0.0318  0.0313  0.0329  0.0308  0.0326  0.0302  0.0304
  0.0307  0.0303  0.0300  0.0311  0.0309  0.0306  0.0303  0.0311  0.0301  0.0309  0.0298  0.0299
  0.0298  0.0297  0.0296  0.0301  0.0299  0.0297  0.0296  0.0298  0.0297  0.0299  0.0296  0.0296
  0.0295  0.0295  0.0295  0.0295  0.0295  0.0295  0.0295  0.0295  0.0295  0.0295  0.0295  0.0295
  0.0297  0.0297  0.0296  0.0293  0.0297  0.0296  0.0297  0.0299  0.0296  0.0298  0.0295  0.0296
  0.0305  0.0302  0.0300  0.0303  0.0306  0.0303  0.0303  0.0311  0.0301  0.0308  0.0298  0.0299
  0.0320  0.0310  0.0307  0.0335  0.0328  0.0322  0.0313  0.0328  0.0308  0.0324  0.0302  0.0304
niter,ni,del,rscale     2    3    5.0000    1.2000
parameters
    7.5707  -15.9007    3.1313  -10.7907  -20.7508  -11.7553
    6.9206   -5.8106   -4.8352   16.2684    8.3933  -21.3966
eta,q 0.97052  9.79963
  0.0320  0.0313  0.0306  0.0327  0.0323  0.0318  0.0313  0.0329  0.0308  0.0326  0.0302  0.0304
  0.0307  0.0303  0.0300  0.0311  0.0309  0.0306  0.0303  0.0311  0.0301  0.0309  0.0298  0.0299
  0.0298  0.0297  0.0296  0.0301  0.0299  0.0297  0.0297  0.0298  0.0297  0.0299  0.0296  0.0296
  0.0295  0.0295  0.0295  0.0295  0.0295  0.0295  0.0295  0.0295  0.0295  0.0295  0.0295  0.0295
  0.0297  0.0297  0.0296  0.0293  0.0297  0.0297  0.0297  0.0299  0.0296  0.0298  0.0296  0.0296
  0.0306  0.0302  0.0300  0.0303  0.0306  0.0303  0.0303  0.0311  0.0301  0.0308  0.0298  0.0299
  0.0320  0.0311  0.0307  0.0335  0.0328  0.0322  0.0313  0.0328  0.0308  0.0324  0.0302  0.0304
niter,ni,del,rscale     1    3    5.0000    1.2000
parameters
    7.5845  -15.8522    3.1006  -10.8118  -20.8597  -11.8281
    6.8982   -5.7936   -4.8239   16.3494    8.3924  -21.3759
eta,q 0.97051  9.78953
  0.0320  0.0313  0.0306  0.0327  0.0323  0.0318  0.0313  0.0329  0.0308  0.0325  0.0302  0.0304
  0.0307  0.0303  0.0300  0.0311  0.0309  0.0306  0.0303  0.0311  0.0301  0.0309  0.0298  0.0299
  0.0298  0.0297  0.0296  0.0301  0.0299  0.0297  0.0297  0.0298  0.0297  0.0299  0.0296  0.0296
  0.0295  0.0295  0.0295  0.0295  0.0295  0.0295  0.0295  0.0295  0.0295  0.0295  0.0295  0.0295
  0.0297  0.0297  0.0296  0.0293  0.0297  0.0297  0.0297  0.0299  0.0296  0.0298  0.0296  0.0296
  0.0306  0.0303  0.0300  0.0303  0.0306  0.0303  0.0303  0.0311  0.0301  0.0308  0.0298  0.0299
  0.0320  0.0311  0.0307  0.0335  0.0327  0.0322  0.0312  0.0328  0.0308  0.0324  0.0302  0.0304
registration optimization eta report
parameter search radius
    2.4000    2.4000    2.4000    9.5220   10.9503    8.2800
    7.2000    7.2000    7.2000    8.2800    7.2000    7.2000
100000*second partial in parameter space
       44.       29.       21.        4.        3.        4.
        3.        6.        2.        4.        1.        2.
  0.0320  0.0313  0.0306  0.0327  0.0323  0.0318  0.0313  0.0329  0.0308  0.0325  0.0302  0.0304
  0.0307  0.0303  0.0300  0.0311  0.0309  0.0306  0.0303  0.0311  0.0301  0.0309  0.0298  0.0299
  0.0298  0.0297  0.0296  0.0301  0.0299  0.0297  0.0297  0.0298  0.0297  0.0299  0.0296  0.0296
  0.0295  0.0295  0.0295  0.0295  0.0295  0.0295  0.0295  0.0295  0.0295  0.0295  0.0295  0.0295
  0.0297  0.0297  0.0296  0.0293  0.0297  0.0297  0.0297  0.0299  0.0296  0.0298  0.0296  0.0296
  0.0306  0.0303  0.0300  0.0303  0.0306  0.0303  0.0303  0.0311  0.0301  0.0308  0.0298  0.0299
  0.0320  0.0311  0.0307  0.0335  0.0327  0.0322  0.0312  0.0328  0.0308  0.0324  0.0302  0.0304
    7.5845  -15.8522    3.1006  -10.8118  -20.8597  -11.8281
    6.8982   -5.7936   -4.8239   16.3494    8.3924  -21.3759
eta,q 0.97051  9.78953

---------------------------------------------------------------------
imgreg_4dfp /opt/freesurfer/average/711-2C_as_mni_average_305 /opt/freesurfer/average/711-2B_as_mni_average_305_mask talsrcimg_g11 none talsrcimg_to_711-2C_as_mni_average_305_t4 2311
---------------------------------------------------------------------

freesurfer imgreg_4dfp.c
/opt/freesurfer/average/711-2C_as_mni_average_305.4dfp.img
       256       256       256         1
  1.000000  1.000000  1.000000
orientation T byte_order littleendian
Reading image: /opt/freesurfer/average/711-2C_as_mni_average_305.4dfp.img
dimensions:      256       256       256
mmppix:       1.0000   -1.0000   -1.0000
center:     128.0000 -129.0000 -129.0000
/opt/freesurfer/average/711-2B_as_mni_average_305_mask.4dfp.img
       256       256       256         1
  1.000000  1.000000  1.000000
orientation T byte_order littleendian
Reading mask: /opt/freesurfer/average/711-2B_as_mni_average_305_mask.4dfp.img (2306576 pixels)
talsrcimg_g11.4dfp.img
       256       256       256         1
  1.000000  1.000000  1.000000
orientation T byte_order littleendian
Reading image: talsrcimg_g11.4dfp.img
dimensions:      256       256       256
mmppix:       1.0000   -1.0000   -1.0000
center:     128.0000 -129.0000 -129.0000
fimgreg.f
image alignment mode   2311 decimal      907 hex
parameters
    7.5845  -15.8522    3.1006  -10.8118  -20.8597  -11.8281
    6.8982   -5.7936   -4.8239   16.3494    8.3924  -21.3759
eta,q 0.97051  9.78952
niter,ni,del,rscale     5    3    5.0000    0.8000
parameters
    7.6236  -15.8578    3.0894   -8.7297  -19.8145  -11.2882
    6.8133   -5.7835   -4.6657   16.1294    7.6848  -21.8281
eta,q 0.97075  9.96393
  0.0306  0.0303  0.0300  0.0305  0.0301  0.0302  0.0301  0.0310  0.0299  0.0302  0.0295  0.0296
  0.0300  0.0298  0.0297  0.0301  0.0297  0.0297  0.0297  0.0300  0.0296  0.0297  0.0293  0.0294
  0.0296  0.0296  0.0295  0.0297  0.0294  0.0293  0.0294  0.0294  0.0294  0.0294  0.0293  0.0293
  0.0295  0.0295  0.0295  0.0295  0.0293  0.0293  0.0293  0.0293  0.0293  0.0293  0.0293  0.0293
  0.0296  0.0296  0.0295  0.0293  0.0293  0.0293  0.0294  0.0295  0.0293  0.0294  0.0293  0.0293
  0.0299  0.0299  0.0297  0.0293  0.0294  0.0295  0.0297  0.0301  0.0295  0.0298  0.0295  0.0295
  0.0306  0.0303  0.0300  0.0296  0.0296  0.0298  0.0302  0.0310  0.0299  0.0304  0.0297  0.0297
niter,ni,del,rscale     4    3    5.0000    0.7000
parameters
    7.5094  -16.0552    3.2118   -8.8906  -19.2568  -10.9017
    7.0189   -5.8998   -4.5385   15.8267    7.6664  -21.9529
eta,q 0.97078 10.00582
  0.0301  0.0297  0.0297  0.0299  0.0298  0.0299  0.0300  0.0306  0.0298  0.0299  0.0295  0.0295
  0.0296  0.0294  0.0295  0.0296  0.0295  0.0295  0.0296  0.0298  0.0295  0.0295  0.0293  0.0294
  0.0293  0.0293  0.0293  0.0294  0.0293  0.0293  0.0293  0.0293  0.0293  0.0293  0.0292  0.0293
  0.0292  0.0292  0.0292  0.0292  0.0292  0.0292  0.0292  0.0292  0.0292  0.0292  0.0292  0.0292
  0.0294  0.0294  0.0292  0.0292  0.0292  0.0293  0.0293  0.0294  0.0293  0.0294  0.0292  0.0293
  0.0298  0.0296  0.0294  0.0295  0.0293  0.0294  0.0295  0.0299  0.0294  0.0297  0.0293  0.0294
  0.0304  0.0300  0.0296  0.0302  0.0296  0.0296  0.0299  0.0307  0.0297  0.0302  0.0295  0.0296
niter,ni,del,rscale     3    3    5.0000    0.6000
parameters
    7.4631  -16.2133    3.3188   -8.6573  -18.8459  -10.6520
    7.0312   -5.9852   -4.6143   15.6011    7.7160  -21.9533
eta,q 0.97082 10.04896
  0.0299  0.0296  0.0296  0.0298  0.0296  0.0296  0.0297  0.0302  0.0296  0.0297  0.0294  0.0294
  0.0295  0.0293  0.0294  0.0296  0.0294  0.0294  0.0294  0.0296  0.0294  0.0294  0.0293  0.0293
  0.0293  0.0292  0.0293  0.0293  0.0293  0.0292  0.0292  0.0293  0.0292  0.0292  0.0292  0.0292
  0.0292  0.0292  0.0292  0.0292  0.0292  0.0292  0.0292  0.0292  0.0292  0.0292  0.0292  0.0292
  0.0293  0.0293  0.0292  0.0292  0.0292  0.0292  0.0292  0.0293  0.0292  0.0293  0.0292  0.0292
  0.0296  0.0295  0.0293  0.0294  0.0293  0.0293  0.0294  0.0297  0.0294  0.0295  0.0293  0.0293
  0.0300  0.0298  0.0295  0.0298  0.0295  0.0295  0.0297  0.0303  0.0296  0.0299  0.0294  0.0294
niter,ni,del,rscale     2    3    5.0000    0.5000
parameters
    7.4108  -16.3322    3.3764   -8.4801  -18.5633  -10.5565
    7.0628   -6.0374   -4.7111   15.4491    7.7947  -21.9531
eta,q 0.97084 10.07641
  0.0297  0.0294  0.0294  0.0296  0.0294  0.0294  0.0296  0.0299  0.0294  0.0296  0.0293  0.0293
  0.0294  0.0293  0.0293  0.0294  0.0293  0.0293  0.0293  0.0295  0.0293  0.0293  0.0292  0.0292
  0.0292  0.0292  0.0292  0.0293  0.0292  0.0292  0.0292  0.0292  0.0292  0.0292  0.0292  0.0292
  0.0292  0.0292  0.0292  0.0292  0.0292  0.0292  0.0292  0.0292  0.0292  0.0292  0.0292  0.0292
  0.0293  0.0292  0.0292  0.0292  0.0292  0.0292  0.0292  0.0293  0.0292  0.0292  0.0292  0.0292
  0.0295  0.0294  0.0293  0.0293  0.0292  0.0293  0.0293  0.0295  0.0293  0.0294  0.0292  0.0292
  0.0298  0.0296  0.0294  0.0296  0.0294  0.0294  0.0296  0.0299  0.0295  0.0296  0.0293  0.0293
niter,ni,del,rscale     1    3    5.0000    0.4000
parameters
    7.3752  -16.4160    3.4015   -8.3368  -18.3437  -10.5310
    7.0790   -6.0841   -4.7979   15.3272    7.8663  -21.9532
eta,q 0.97085 10.09554
  0.0295  0.0293  0.0293  0.0295  0.0293  0.0293  0.0294  0.0296  0.0293  0.0294  0.0293  0.0293
  0.0293  0.0292  0.0292  0.0293  0.0292  0.0292  0.0293  0.0293  0.0292  0.0293  0.0292  0.0292
  0.0292  0.0292  0.0292  0.0292  0.0292  0.0292  0.0292  0.0292  0.0292  0.0292  0.0292  0.0292
  0.0292  0.0292  0.0292  0.0292  0.0291  0.0291  0.0291  0.0291  0.0291  0.0291  0.0291  0.0291
  0.0292  0.0292  0.0292  0.0292  0.0292  0.0292  0.0292  0.0292  0.0292  0.0292  0.0292  0.0292
  0.0293  0.0293  0.0292  0.0292  0.0292  0.0292  0.0293  0.0294  0.0292  0.0293  0.0292  0.0292
  0.0295  0.0294  0.0293  0.0294  0.0293  0.0293  0.0294  0.0296  0.0294  0.0295  0.0292  0.0293
registration optimization eta report
parameter search radius
    0.8000    0.8000    0.8000    2.4000    2.4000    2.4000
    2.4000    2.4000    2.4000    2.4000    2.4000    2.4000
100000*second partial in parameter space
       54.       34.       23.        5.        3.        3.
        5.        8.        3.        5.        2.        2.
  0.0295  0.0293  0.0293  0.0295  0.0293  0.0293  0.0294  0.0296  0.0293  0.0294  0.0293  0.0293
  0.0293  0.0292  0.0292  0.0293  0.0292  0.0292  0.0293  0.0293  0.0292  0.0293  0.0292  0.0292
  0.0292  0.0292  0.0292  0.0292  0.0292  0.0292  0.0292  0.0292  0.0292  0.0292  0.0292  0.0292
  0.0292  0.0292  0.0292  0.0292  0.0291  0.0291  0.0291  0.0291  0.0291  0.0291  0.0291  0.0291
  0.0292  0.0292  0.0292  0.0292  0.0292  0.0292  0.0292  0.0292  0.0292  0.0292  0.0292  0.0292
  0.0293  0.0293  0.0292  0.0292  0.0292  0.0292  0.0293  0.0294  0.0292  0.0293  0.0292  0.0292
  0.0295  0.0294  0.0293  0.0294  0.0293  0.0293  0.0294  0.0296  0.0294  0.0295  0.0292  0.0293
    7.3752  -16.4160    3.4015   -8.3368  -18.3437  -10.5310
    7.0790   -6.0841   -4.7979   15.3272    7.8663  -21.9532
eta,q 0.97085 10.09554

---------------------------------------------------------------------
imgreg_4dfp /opt/freesurfer/average/711-2C_as_mni_average_305 /opt/freesurfer/average/711-2B_as_mni_average_305_mask talsrcimg_g11 none talsrcimg_to_711-2C_as_mni_average_305_t4 2311
---------------------------------------------------------------------

freesurfer imgreg_4dfp.c
/opt/freesurfer/average/711-2C_as_mni_average_305.4dfp.img
       256       256       256         1
  1.000000  1.000000  1.000000
orientation T byte_order littleendian
Reading image: /opt/freesurfer/average/711-2C_as_mni_average_305.4dfp.img
dimensions:      256       256       256
mmppix:       1.0000   -1.0000   -1.0000
center:     128.0000 -129.0000 -129.0000
/opt/freesurfer/average/711-2B_as_mni_average_305_mask.4dfp.img
       256       256       256         1
  1.000000  1.000000  1.000000
orientation T byte_order littleendian
Reading mask: /opt/freesurfer/average/711-2B_as_mni_average_305_mask.4dfp.img (2306576 pixels)
talsrcimg_g11.4dfp.img
       256       256       256         1
  1.000000  1.000000  1.000000
orientation T byte_order littleendian
Reading image: talsrcimg_g11.4dfp.img
dimensions:      256       256       256
mmppix:       1.0000   -1.0000   -1.0000
center:     128.0000 -129.0000 -129.0000
fimgreg.f
image alignment mode   2311 decimal      907 hex
parameters
    7.3752  -16.4160    3.4015   -8.3368  -18.3437  -10.5310
    7.0790   -6.0841   -4.7979   15.3272    7.8663  -21.9532
eta,q 0.97085 10.09554
niter,ni,del,rscale     5    3    5.0000    0.8000
parameters
    7.3473  -16.4401    3.4008   -8.9625  -18.5673  -10.4744
    7.1944   -6.0482   -4.8686   15.3865    7.9207  -21.9687
eta,q 0.97081 10.06182
  0.0305  0.0300  0.0297  0.0300  0.0297  0.0300  0.0302  0.0311  0.0299  0.0303  0.0296  0.0296
  0.0297  0.0295  0.0294  0.0296  0.0294  0.0295  0.0297  0.0300  0.0295  0.0297  0.0294  0.0294
  0.0293  0.0292  0.0292  0.0293  0.0293  0.0292  0.0293  0.0294  0.0293  0.0293  0.0292  0.0292
  0.0291  0.0291  0.0291  0.0291  0.0292  0.0292  0.0292  0.0292  0.0292  0.0292  0.0292  0.0292
  0.0293  0.0293  0.0292  0.0293  0.0292  0.0292  0.0293  0.0294  0.0293  0.0293  0.0292  0.0292
  0.0298  0.0296  0.0294  0.0298  0.0295  0.0294  0.0296  0.0300  0.0295  0.0297  0.0294  0.0294
  0.0306  0.0300  0.0297  0.0310  0.0299  0.0300  0.0301  0.0310  0.0299  0.0303  0.0296  0.0296
niter,ni,del,rscale     4    3    5.0000    0.7000
parameters
    7.3942  -16.4180    3.4183   -8.8288  -18.5003  -10.4221
    7.1826   -6.0382   -4.8649   15.3772    7.8594  -21.9630
eta,q 0.97082 10.07242
  0.0303  0.0299  0.0296  0.0300  0.0297  0.0298  0.0299  0.0307  0.0297  0.0300  0.0295  0.0295
  0.0297  0.0295  0.0294  0.0297  0.0294  0.0294  0.0295  0.0298  0.0294  0.0296  0.0293  0.0293
  0.0293  0.0293  0.0292  0.0294  0.0292  0.0292  0.0293  0.0293  0.0292  0.0293  0.0292  0.0292
  0.0292  0.0292  0.0292  0.0292  0.0292  0.0292  0.0292  0.0292  0.0292  0.0292  0.0292  0.0292
  0.0293  0.0293  0.0292  0.0292  0.0292  0.0292  0.0293  0.0294  0.0292  0.0293  0.0292  0.0292
  0.0296  0.0295  0.0294  0.0294  0.0293  0.0294  0.0295  0.0298  0.0294  0.0296  0.0293  0.0293
  0.0301  0.0298  0.0296  0.0301  0.0297  0.0297  0.0299  0.0306  0.0297  0.0300  0.0295  0.0295
niter,ni,del,rscale     3    3    5.0000    0.6000
parameters
    7.3834  -16.4387    3.4287   -8.6409  -18.3700  -10.4010
    7.1615   -6.0553   -4.8633   15.3353    7.8688  -21.9590
eta,q 0.97084 10.08823
  0.0299  0.0296  0.0295  0.0298  0.0295  0.0296  0.0297  0.0303  0.0296  0.0298  0.0294  0.0294
  0.0295  0.0294  0.0293  0.0295  0.0293  0.0293  0.0294  0.0296  0.0294  0.0294  0.0293  0.0293
  0.0293  0.0292  0.0292  0.0293  0.0292  0.0292  0.0292  0.0293  0.0292  0.0292  0.0292  0.0292
  0.0292  0.0292  0.0292  0.0292  0.0292  0.0292  0.0292  0.0292  0.0292  0.0292  0.0292  0.0292
  0.0293  0.0292  0.0292  0.0292  0.0292  0.0292  0.0292  0.0293  0.0292  0.0292  0.0292  0.0292
  0.0295  0.0294  0.0293  0.0294  0.0293  0.0293  0.0294  0.0297  0.0293  0.0295  0.0293  0.0293
  0.0300  0.0297  0.0295  0.0298  0.0295  0.0295  0.0297  0.0302  0.0296  0.0298  0.0294  0.0294
niter,ni,del,rscale     2    3    5.0000    0.5000
parameters
    7.3637  -16.4714    3.4329   -8.4792  -18.2506  -10.3980
    7.1571   -6.0801   -4.8875   15.2955    7.9196  -21.9731
eta,q 0.97085 10.10205
  0.0297  0.0295  0.0294  0.0296  0.0294  0.0294  0.0296  0.0299  0.0294  0.0296  0.0293  0.0293
  0.0294  0.0293  0.0293  0.0294  0.0293  0.0292  0.0293  0.0295  0.0293  0.0294  0.0292  0.0292
  0.0292  0.0292  0.0292  0.0293  0.0292  0.0292  0.0292  0.0292  0.0292  0.0292  0.0292  0.0292
  0.0292  0.0292  0.0292  0.0292  0.0292  0.0292  0.0292  0.0292  0.0292  0.0292  0.0292  0.0291
  0.0292  0.0292  0.0292  0.0292  0.0292  0.0292  0.0292  0.0292  0.0292  0.0292  0.0292  0.0292
  0.0294  0.0293  0.0293  0.0293  0.0292  0.0293  0.0293  0.0295  0.0293  0.0294  0.0292  0.0292
  0.0297  0.0295  0.0294  0.0296  0.0294  0.0294  0.0296  0.0299  0.0295  0.0296  0.0293  0.0293
niter,ni,del,rscale     1    3    5.0000    0.4000
parameters
    7.3471  -16.5061    3.4327   -8.3488  -18.1197  -10.4417
    7.1601   -6.1106   -4.9076   15.2555    7.9632  -21.9599
eta,q 0.97086 10.11284
  0.0295  0.0294  0.0293  0.0295  0.0293  0.0293  0.0294  0.0296  0.0293  0.0294  0.0292  0.0293
  0.0293  0.0292  0.0292  0.0293  0.0292  0.0292  0.0293  0.0293  0.0292  0.0293  0.0292  0.0292
  0.0292  0.0292  0.0292  0.0292  0.0292  0.0292  0.0292  0.0292  0.0292  0.0292  0.0292  0.0292
  0.0292  0.0292  0.0292  0.0292  0.0291  0.0291  0.0291  0.0291  0.0291  0.0291  0.0291  0.0291
  0.0292  0.0292  0.0292  0.0292  0.0292  0.0292  0.0292  0.0292  0.0292  0.0292  0.0292  0.0292
  0.0293  0.0293  0.0292  0.0292  0.0292  0.0292  0.0293  0.0294  0.0292  0.0293  0.0292  0.0292
  0.0295  0.0294  0.0293  0.0294  0.0293  0.0293  0.0294  0.0296  0.0293  0.0295  0.0292  0.0293
registration optimization eta report
parameter search radius
    0.8000    0.8000    0.8000    2.4000    2.4000    2.4000
    2.4000    2.4000    2.4000    2.4000    2.4000    2.4000
100000*second partial in parameter space
       55.       34.       22.        5.        3.        3.
        5.        8.        3.        5.        2.        2.
  0.0295  0.0294  0.0293  0.0295  0.0293  0.0293  0.0294  0.0296  0.0293  0.0294  0.0292  0.0293
  0.0293  0.0292  0.0292  0.0293  0.0292  0.0292  0.0293  0.0293  0.0292  0.0293  0.0292  0.0292
  0.0292  0.0292  0.0292  0.0292  0.0292  0.0292  0.0292  0.0292  0.0292  0.0292  0.0292  0.0292
  0.0292  0.0292  0.0292  0.0292  0.0291  0.0291  0.0291  0.0291  0.0291  0.0291  0.0291  0.0291
  0.0292  0.0292  0.0292  0.0292  0.0292  0.0292  0.0292  0.0292  0.0292  0.0292  0.0292  0.0292
  0.0293  0.0293  0.0292  0.0292  0.0292  0.0292  0.0293  0.0294  0.0292  0.0293  0.0292  0.0292
  0.0295  0.0294  0.0293  0.0294  0.0293  0.0293  0.0294  0.0296  0.0293  0.0295  0.0292  0.0293
    7.3471  -16.5061    3.4327   -8.3488  -18.1197  -10.4417
    7.1601   -6.1106   -4.9076   15.2555    7.9632  -21.9599
eta,q 0.97086 10.11284

---------------------------------------------------------------------
compute_vox2vox talsrcimg talsrcimg_to_711-2C_as_mni_average_305_t4 /opt/freesurfer/average/711-2C_as_mni_average_305
---------------------------------------------------------------------

freesurfer compute_vox2vox.c
Reading: talsrcimg.4dfp.ifh
Reading: talsrcimg_to_711-2C_as_mni_average_305_t4
Reading: /opt/freesurfer/average/711-2C_as_mni_average_305.4dfp.ifh
Writing: talsrcimg_to_711-2C_as_mni_average_305_t4_vox2vox.txt

start time Sat Mar 14 10:30:54 CET 2026
end		time Sat Mar 14 10:31:08 CET 2026

mpr2mni305 success

avi2talxfm orig_nu.mgz /opt/freesurfer/average/mni305.cor.mgz talsrcimg_to_711-2C_as_mni_average_305_t4_vox2vox.txt transforms/talairach.auto.xfm
avi2talxfm done
mv -f /out/sourcedata/freesurfer/sub-v2s9x29152_ses-1/mri/talsrcimg_to_711-2C_as_mni_average_305_t4_vox2vox.txt /out/sourcedata/freesurfer/sub-v2s9x29152_ses-1/mri/transforms/talsrcimg_to_711-2C_as_mni_average_305_t4_vox2vox.txt
lta_convert --src orig_nu.mgz --trg /opt/freesurfer/average/mni305.cor.mgz --inxfm transforms/talairach.auto.xfm --outlta transforms/talairach.auto.xfm.lta --subject fsaverage
7.3.2

--src: orig_nu.mgz src image (geometry).
--trg: /opt/freesurfer/average/mni305.cor.mgz trg image (geometry).
--inmni: transforms/talairach.auto.xfm input MNI/XFM transform.
--outlta: transforms/talairach.auto.xfm.lta output LTA.
--s: fsaverage subject name
 LTA read, type : 1
 1.07981   0.08584  -0.07140  -10.05351;
-0.07664   1.06172   0.29145   0.48873;
 0.07900  -0.19267   1.16271   18.05754;
 0.00000   0.00000   0.00000   1.00000;
setting subject to fsaverage
Writing  LTA to file transforms/talairach.auto.xfm.lta...
lta_convert successful.
 
 
Started at Sat Mar 14 10:30:53 CET 2026
Ended   at Sat Mar 14 10:31:08 CET 2026
talairach_avi done
