/out/sourcedata/freesurfer/sub-v2s9x29176_ses-1/mri
/opt/freesurfer/bin/talairach_avi
--i orig_nu.mgz --xfm transforms/talairach.auto.xfm
talairach_avi 7.3.2
Linux dna082 5.14.0-427.37.1.el9_4.x86_64 #1 SMP PREEMPT_DYNAMIC Fri Sep 13 12:41:50 EDT 2024 x86_64 x86_64 x86_64 GNU/Linux
Sat Mar 14 10:30:49 CET 2026
mri_convert orig_nu.mgz talsrcimg.img 
reading from orig_nu.mgz...
TR=0.00, TE=0.00, TI=0.00, flip angle=0.00
i_ras = (-1, 0, 0)
j_ras = (0, 0, -1)
k_ras = (0, 1, 0)
writing to talsrcimg.img...
Analyze Output Matrix
-1.00000   0.00000   0.00000   139.78513;
 0.00000   0.00000   1.00000  -128.72290;
 0.00000  -1.00000   0.00000   130.00000;
 0.00000   0.00000   0.00000   1.00000;
--------------------
INFO: set hdr.hist.orient to -1
mpr2mni305 talsrcimg
Sat Mar 14 10:30:50 CET 2026
/opt/freesurfer/bin/mpr2mni305 talsrcimg
mpr2mni305 7.3.2
target=711-2C_as_mni_average_305

---------------------------------------------------------------------
analyzeto4dfp talsrcimg -O0 -y
---------------------------------------------------------------------

freesurfer ifh2hdr.c
Sat Mar 14 10:30:50 2026
Writing: talsrcimg.4dfp.hdr
freesurfer analyzeto4dfp.c
Reading: talsrcimg.hdr
header size 348 bytes
hdr.dime.datatype	offset=70	value=2
hdr.dime.bitpix		offset=72	value=8
hdr.hist.orient		offset=252	value=-1
dimensionality     4
dimensions       256       256       256         1
Reading: talsrcimg.img
Writing: talsrcimg.4dfp.img
Writing: talsrcimg.4dfp.ifh
ifh2hdr talsrcimg -r0to211
ori=2

---------------------------------------------------------------------
gauss_4dfp talsrcimg 1.1
---------------------------------------------------------------------

freesurfer gauss_4dfp.c
Reading: talsrcimg.4dfp.img
Writing: talsrcimg_g11.4dfp.img
image dimensions 256 256 256 padded to 288 288 288
processing volume 1freesurfer ifh2hdr.c
Sat Mar 14 10:30:51 2026
Writing: talsrcimg_g11.4dfp.hdr

Writing: talsrcimg_g11.4dfp.ifh
including: talsrcimg.4dfp.img.rec in talsrcimg_g11.4dfp.img.rec

---------------------------------------------------------------------
imgreg_4dfp /opt/freesurfer/average/711-2C_as_mni_average_305 none talsrcimg_g11 none talsrcimg_to_711-2C_as_mni_average_305_t4 4355
---------------------------------------------------------------------

freesurfer imgreg_4dfp.c
/opt/freesurfer/average/711-2C_as_mni_average_305.4dfp.img
       256       256       256         1
  1.000000  1.000000  1.000000
orientation T byte_order littleendian
Reading image: /opt/freesurfer/average/711-2C_as_mni_average_305.4dfp.img
dimensions:      256       256       256
mmppix:       1.0000   -1.0000   -1.0000
center:     128.0000 -129.0000 -129.0000
talsrcimg_g11.4dfp.img
       256       256       256         1
  1.000000  1.000000  1.000000
orientation T byte_order littleendian
Reading image: talsrcimg_g11.4dfp.img
dimensions:      256       256       256
mmppix:       1.0000   -1.0000   -1.0000
center:     128.0000 -129.0000 -129.0000
t4_read: open error in t4_sub.f l:  41 t4_file(1:l)talsrcimg_to_711-2C_as_mni_average_305_t4 
t4_read: transform initialized to I4
rotation matrix determinant  1.000000
image alignment mode   4355 decimal     1103 hex
   -7.5000  -45.0000  -45.0000 9054.9785   20.7556
    0.0000  -45.0000  -45.0000 9417.6553   20.8198
    7.5000  -45.0000  -45.0000 9007.7529   20.8705
   -7.5000  -37.5000  -45.0000 9337.4268   20.7615
    0.0000  -37.5000  -45.0000 9726.7764   20.8293
    7.5000  -37.5000  -45.0000 9292.4727   20.8861
   -7.5000  -30.0000  -45.0000 9956.9395   20.7655
    0.0000  -30.0000  -45.000010369.9688   20.8449
    7.5000  -30.0000  -45.0000 9894.5615   20.9046
   -7.5000  -22.5000  -45.000010497.8193   20.7630
    0.0000  -22.5000  -45.000010940.3379   20.8501
    7.5000  -22.5000  -45.000010407.3271   20.9057
   -7.5000  -15.0000  -45.000011007.1055   20.7570
    0.0000  -15.0000  -45.000011431.7139   20.8399
    7.5000  -15.0000  -45.000010874.8516   20.8875
   -7.5000   -7.5000  -45.000011440.8477   20.7536
    0.0000   -7.5000  -45.000011845.6113   20.8253
    7.5000   -7.5000  -45.000011275.4727   20.8708
   -7.5000    0.0000  -45.000011746.0342   20.7556
    0.0000    0.0000  -45.000012148.0928   20.8198
    7.5000    0.0000  -45.000011569.2705   20.8705
   -7.5000    7.5000  -45.000011051.2607   20.7615
    0.0000    7.5000  -45.000011389.2461   20.8293
    7.5000    7.5000  -45.000010847.3594   20.8861
   -7.5000   15.0000  -45.000010214.9521   20.7655
    0.0000   15.0000  -45.000010531.7627   20.8449
    7.5000   15.0000  -45.000010009.5713   20.9046
   -7.5000   22.5000  -45.0000 9414.9082   20.7601
    0.0000   22.5000  -45.0000 9679.2861   20.8473
    7.5000   22.5000  -45.0000 9198.0625   20.9029
   -7.5000   30.0000  -45.0000 8569.8262   20.4804
    0.0000   30.0000  -45.0000 8789.9473   20.5622
    7.5000   30.0000  -45.0000 8352.4668   20.6091
   -7.5000   37.5000  -45.0000 7978.6025   20.4818
    0.0000   37.5000  -45.0000 8174.5195   20.5525
    7.5000   37.5000  -45.0000 7772.9731   20.5974
   -7.5000   45.0000  -45.0000 7038.0332   20.1281
    0.0000   45.0000  -45.0000 7232.3618   20.1925
    7.5000   45.0000  -45.0000 6876.6367   20.2417
   -7.5000  -45.0000  -37.5000 9631.9971   20.7568
    0.0000  -45.0000  -37.500010021.0186   20.8045
    7.5000  -45.0000  -37.5000 9553.8232   20.8409
   -7.5000  -37.5000  -37.5000 9924.1855   20.7611
    0.0000  -37.5000  -37.500010320.2686   20.8105
    7.5000  -37.5000  -37.5000 9831.4297   20.8516
   -7.5000  -30.0000  -37.500010558.4053   20.7564
    0.0000  -30.0000  -37.500010976.0352   20.8174
    7.5000  -30.0000  -37.500010427.4727   20.8636
   -7.5000  -22.5000  -37.500011116.5791   20.7484
    0.0000  -22.5000  -37.500011552.7207   20.8189
    7.5000  -22.5000  -37.500010942.7432   20.8637
   -7.5000  -15.0000  -37.500011618.5898   20.7428
    0.0000  -15.0000  -37.500012050.5840   20.8113
    7.5000  -15.0000  -37.500011433.9160   20.8497
   -7.5000   -7.5000  -37.500012066.9639   20.7466
    0.0000   -7.5000  -37.500012476.0732   20.8038
    7.5000   -7.5000  -37.500011842.1465   20.8389
   -7.5000    0.0000  -37.500012388.4492   20.7568
    0.0000    0.0000  -37.500012763.8418   20.8045
    7.5000    0.0000  -37.500012115.8438   20.8409
   -7.5000    7.5000  -37.500011612.2842   20.7611
    0.0000    7.5000  -37.500011935.3467   20.8105
    7.5000    7.5000  -37.500011335.5713   20.8516
   -7.5000   15.0000  -37.500010704.8027   20.7564
    0.0000   15.0000  -37.500011003.8633   20.8174
    7.5000   15.0000  -37.500010456.5195   20.8636
   -7.5000   22.5000  -37.5000 9828.0576   20.7455
    0.0000   22.5000  -37.500010092.1748   20.8161
    7.5000   22.5000  -37.5000 9582.6309   20.8609
   -7.5000   30.0000  -37.5000 8923.0508   20.4663
    0.0000   30.0000  -37.5000 9132.0293   20.5340
    7.5000   30.0000  -37.5000 8669.9287   20.5718
   -7.5000   37.5000  -37.5000 8285.8398   20.4748
    0.0000   37.5000  -37.5000 8481.2461   20.5313
    7.5000   37.5000  -37.5000 8051.6128   20.5658
   -7.5000   45.0000  -37.5000 7293.9341   20.1302
    0.0000   45.0000  -37.5000 7497.7251   20.1784
    7.5000   45.0000  -37.5000 7124.4590   20.2135
   -7.5000  -45.0000  -30.000010326.0049   21.6497
    0.0000  -45.0000  -30.000010731.2959   21.7005
    7.5000  -45.0000  -30.000010203.9893   21.7138
   -7.5000  -37.5000  -30.000010654.4814   21.6524
    0.0000  -37.5000  -30.000011056.8008   21.7020
    7.5000  -37.5000  -30.000010499.1572   21.7202
   -7.5000  -30.0000  -30.000011323.3730   21.6467
    0.0000  -30.0000  -30.000011737.7588   21.7059
    7.5000  -30.0000  -30.000011118.5430   21.7328
   -7.5000  -22.5000  -30.000011911.7275   21.6405
    0.0000  -22.5000  -30.000012334.2695   21.7103
    7.5000  -22.5000  -30.000011663.6260   21.7385
   -7.5000  -15.0000  -30.000012416.3975   21.6367
    0.0000  -15.0000  -30.000012845.9688   21.7076
    7.5000  -15.0000  -30.000012171.7051   21.7305
   -7.5000   -7.5000  -30.000012859.8223   21.6401
    0.0000   -7.5000  -30.000013266.3037   21.7018
    7.5000   -7.5000  -30.000012556.1152   21.7185
   -7.5000    0.0000  -30.000013172.6777   21.6497
    0.0000    0.0000  -30.000013552.5264   21.7005
    7.5000    0.0000  -30.000012826.2461   21.7138
   -7.5000    7.5000  -30.000012327.7451   21.6524
    0.0000    7.5000  -30.000012662.4062   21.7020
    7.5000    7.5000  -30.000011978.9189   21.7202
   -7.5000   15.0000  -30.000011365.8652   21.6467
    0.0000   15.0000  -30.000011649.6807   21.7059
    7.5000   15.0000  -30.000011044.6338   21.7328
   -7.5000   22.5000  -30.000010386.2910   21.6353
    0.0000   22.5000  -30.000010653.5723   21.7051
    7.5000   22.5000  -30.000010083.1484   21.7333
   -7.5000   30.0000  -30.0000 9408.8984   21.3504
    0.0000   30.0000  -30.0000 9621.1680   21.4204
    7.5000   30.0000  -30.0000 9115.5488   21.4430
   -7.5000   37.5000  -30.0000 8718.8174   21.3587
    0.0000   37.5000  -30.0000 8908.8613   21.4195
    7.5000   37.5000  -30.0000 8463.0566   21.4359
   -7.5000   45.0000  -30.0000 7684.5962   21.0104
    0.0000   45.0000  -30.0000 7848.8252   21.0613
    7.5000   45.0000  -30.0000 7467.1660   21.0735
   -7.5000  -45.0000  -22.500010993.6709   22.4038
    0.0000  -45.0000  -22.500011406.6445   22.4793
    7.5000  -45.0000  -22.500010835.8457   22.4852
   -7.5000  -37.5000  -22.500011319.9141   22.4038
    0.0000  -37.5000  -22.500011737.6982   22.4770
    7.5000  -37.5000  -22.500011136.9053   22.4899
   -7.5000  -30.0000  -22.500012009.3115   22.4051
    0.0000  -30.0000  -22.500012410.4727   22.4847
    7.5000  -30.0000  -22.500011771.2930   22.5077
   -7.5000  -22.5000  -22.500012639.6523   22.4086
    0.0000  -22.5000  -22.500013041.7295   22.4965
    7.5000  -22.5000  -22.500012345.9639   22.5203
   -7.5000  -15.0000  -22.500013168.5869   22.4096
    0.0000  -15.0000  -22.500013580.4727   22.4986
    7.5000  -15.0000  -22.500012875.5410   22.5163
   -7.5000   -7.5000  -22.500013580.1865   22.4060
    0.0000   -7.5000  -22.500013981.7031   22.4894
    7.5000   -7.5000  -22.500013247.4268   22.4990
   -7.5000    0.0000  -22.500013863.9346   22.4038
    0.0000    0.0000  -22.500014255.8857   22.4793
    7.5000    0.0000  -22.500013496.1914   22.4852
   -7.5000    7.5000  -22.500012957.8271   22.4038
    0.0000    7.5000  -22.500013305.8516   22.4770
    7.5000    7.5000  -22.500012598.9297   22.4899
   -7.5000   15.0000  -22.500011941.0752   22.4051
    0.0000   15.0000  -22.500012233.1436   22.4847
    7.5000   15.0000  -22.500011586.9893   22.5077
   -7.5000   22.5000  -22.500010896.8359   22.4017
    0.0000   22.5000  -22.500011144.8350   22.4895
    7.5000   22.5000  -22.500010560.1152   22.5133
   -7.5000   30.0000  -22.5000 9853.7852   22.1164
    0.0000   30.0000  -22.500010057.2588   22.2044
    7.5000   30.0000  -22.5000 9546.1260   22.2217
   -7.5000   37.5000  -22.5000 9120.1797   22.1180
    0.0000   37.5000  -22.5000 9316.3359   22.2004
    7.5000   37.5000  -22.5000 8850.2344   22.2098
   -7.5000   45.0000  -22.5000 8045.2363   21.7560
    0.0000   45.0000  -22.5000 8207.9248   21.8309
    7.5000   45.0000  -22.5000 7792.0830   21.8356
   -7.5000  -45.0000  -15.000011584.2998   22.9292
    0.0000  -45.0000  -15.000012043.3379   23.0269
    7.5000  -45.0000  -15.000011474.6455   23.0481
   -7.5000  -37.5000  -15.000011881.1143   22.9293
    0.0000  -37.5000  -15.000012361.4355   23.0275
    7.5000  -37.5000  -15.000011763.0654   23.0579
   -7.5000  -30.0000  -15.000012592.5342   22.9407
    0.0000  -30.0000  -15.000013062.4688   23.0452
    7.5000  -30.0000  -15.000012430.2744   23.0835
   -7.5000  -22.5000  -15.000013251.8936   22.9532
    0.0000  -22.5000  -15.000013746.2686   23.0626
    7.5000  -22.5000  -15.000013061.5029   23.0983
   -7.5000  -15.0000  -15.000013792.6553   22.9562
    0.0000  -15.0000  -15.000014304.3525   23.0633
    7.5000  -15.0000  -15.000013581.5244   23.0902
   -7.5000   -7.5000  -15.000014195.8828   22.9435
    0.0000   -7.5000  -15.000014699.6650   23.0453
    7.5000   -7.5000  -15.000013943.2021   23.0656
   -7.5000    0.0000  -15.000014449.8008   22.9292
    0.0000    0.0000  -15.000014921.8623   23.0269
    7.5000    0.0000  -15.000014147.1982   23.0481
   -7.5000    7.5000  -15.000013480.1094   22.9293
    0.0000    7.5000  -15.000013879.4932   23.0275
    7.5000    7.5000  -15.000013176.4131   23.0579
   -7.5000   15.0000  -15.000012433.7334   22.9407
    0.0000   15.0000  -15.000012764.7266   23.0452
    7.5000   15.0000  -15.000012123.9893   23.0835
   -7.5000   22.5000  -15.000011336.9365   22.9451
    0.0000   22.5000  -15.000011596.0674   23.0545
    7.5000   22.5000  -15.000011012.1768   23.0901
   -7.5000   30.0000  -15.000010249.8438   22.6591
    0.0000   30.0000  -15.000010476.6123   22.7649
    7.5000   30.0000  -15.0000 9942.8818   22.7914
   -7.5000   37.5000  -15.0000 9452.8926   22.6518
    0.0000   37.5000  -15.0000 9687.8252   22.7523
    7.5000   37.5000  -15.0000 9202.9121   22.7723
   -7.5000   45.0000  -15.0000 8299.3594   22.2782
    0.0000   45.0000  -15.0000 8498.0732   22.3749
    7.5000   45.0000  -15.0000 8090.3760   22.3947
   -7.5000  -45.0000   -7.500012197.0566   23.1719
    0.0000  -45.0000   -7.500012725.7148   23.2655
    7.5000  -45.0000   -7.500012173.9785   23.3117
   -7.5000  -37.5000   -7.500012544.8740   23.1768
    0.0000  -37.5000   -7.500013034.1973   23.2740
    7.5000  -37.5000   -7.500012450.3936   23.3289
   -7.5000  -30.0000   -7.500013263.9580   23.1906
    0.0000  -30.0000   -7.500013761.7842   23.2980
    7.5000  -30.0000   -7.500013149.0029   23.3572
   -7.5000  -22.5000   -7.500013923.4746   23.1992
    0.0000  -22.5000   -7.500014479.8291   23.3125
    7.5000  -22.5000   -7.500013799.8643   23.3665
   -7.5000  -15.0000   -7.500014461.6348   23.1968
    0.0000  -15.0000   -7.500015037.1182   23.3049
    7.5000  -15.0000   -7.500014323.1367   23.3492
   -7.5000   -7.5000   -7.500014828.3271   23.1833
    0.0000   -7.5000   -7.500015411.1436   23.2820
    7.5000   -7.5000   -7.500014656.3574   23.3227
   -7.5000    0.0000   -7.500015039.9541   23.1719
    0.0000    0.0000   -7.500015618.4756   23.2655
    7.5000    0.0000   -7.500014820.6865   23.3117
   -7.5000    7.5000   -7.500014020.5957   23.1768
    0.0000    7.5000   -7.500014524.0674   23.2740
    7.5000    7.5000   -7.500013788.1670   23.3289
   -7.5000   15.0000   -7.500012915.0479   23.1906
    0.0000   15.0000   -7.500013346.2773   23.2980
    7.5000   15.0000   -7.500012697.6865   23.3572
   -7.5000   22.5000   -7.500011804.3750   23.1885
    0.0000   22.5000   -7.500012120.9697   23.3017
    7.5000   22.5000   -7.500011550.0000   23.3557
   -7.5000   30.0000   -7.500010633.7812   22.8960
    0.0000   30.0000   -7.500010905.4980   23.0027
    7.5000   30.0000   -7.500010376.8027   23.0464
   -7.5000   37.5000   -7.5000 9780.5234   22.8880
    0.0000   37.5000   -7.500010046.7266   22.9854
    7.5000   37.5000   -7.5000 9562.9932   23.0255
   -7.5000   45.0000   -7.5000 8555.5205   22.5197
    0.0000   45.0000   -7.5000 8783.7998   22.6129
    7.5000   45.0000   -7.5000 8417.9893   22.6576
   -7.5000  -45.0000    0.000012775.4297   23.2105
    0.0000  -45.0000    0.000013317.8369   23.2825
    7.5000  -45.0000    0.000012767.6582   23.3397
   -7.5000  -37.5000    0.000013110.8740   23.2172
    0.0000  -37.5000    0.000013659.5205   23.2932
    7.5000  -37.5000    0.000013088.9443   23.3573
   -7.5000  -30.0000    0.000013750.1816   23.2217
    0.0000  -30.0000    0.000014342.5645   23.3107
    7.5000  -30.0000    0.000013782.8809   23.3780
   -7.5000  -22.5000    0.000014413.9697   23.2189
    0.0000  -22.5000    0.000015037.1299   23.3166
    7.5000  -22.5000    0.000014432.6738   23.3792
   -7.5000  -15.0000    0.000014959.0684   23.2122
    0.0000  -15.0000    0.000015590.3398   23.3050
    7.5000  -15.0000    0.000014936.8955   23.3588
   -7.5000   -7.5000    0.000015305.1338   23.2083
    0.0000   -7.5000    0.000015928.0654   23.2886
    7.5000   -7.5000    0.000015273.5654   23.3401
   -7.5000    0.0000    0.000015487.3721   23.2105
    0.0000    0.0000    0.000016109.8242   23.2825
    7.5000    0.0000    0.000015403.8701   23.3397
   -7.5000    7.5000    0.000014398.1230   23.2172
    0.0000    7.5000    0.000014959.4727   23.2932
    7.5000    7.5000    0.000014281.8027   23.3573
   -7.5000   15.0000    0.000013285.7012   23.2217
    0.0000   15.0000    0.000013771.9600   23.3107
    7.5000   15.0000    0.000013162.3408   23.3780
   -7.5000   22.5000    0.000012175.3662   23.2082
    0.0000   22.5000    0.000012559.5557   23.3058
    7.5000   22.5000    0.000011999.1650   23.3684
   -7.5000   30.0000    0.000010956.9775   22.9118
    0.0000   30.0000    0.000011277.7480   23.0034
    7.5000   30.0000    0.000010779.3438   23.0564
   -7.5000   37.5000    0.000010068.4102   22.9132
    0.0000   37.5000    0.000010335.5469   22.9925
    7.5000   37.5000    0.0000 9891.8027   23.0433
   -7.5000   45.0000    0.0000 8761.2539   22.5616
    0.0000   45.0000    0.0000 8992.9648   22.6341
    7.5000   45.0000    0.0000 8640.1982   22.6898
   -7.5000  -45.0000    7.500012401.2334   23.2269
    0.0000  -45.0000    7.500012892.0830   23.2803
    7.5000  -45.0000    7.500012374.4199   23.3210
   -7.5000  -37.5000    7.500012694.7676   23.2317
    0.0000  -37.5000    7.500013184.8789   23.2870
    7.5000  -37.5000    7.500012716.9150   23.3331
   -7.5000  -30.0000    7.500013311.8584   23.2265
    0.0000  -30.0000    7.500013828.8262   23.2947
    7.5000  -30.0000    7.500013400.8965   23.3465
   -7.5000  -22.5000    7.500013954.0078   23.2175
    0.0000  -22.5000    7.500014467.5967   23.2964
    7.5000  -22.5000    7.500013999.0654   23.3466
   -7.5000  -15.0000    7.500014454.7568   23.2112
    0.0000  -15.0000    7.500014993.6045   23.2879
    7.5000  -15.0000    7.500014496.6357   23.3309
   -7.5000   -7.5000    7.500014758.8672   23.2154
    0.0000   -7.5000    7.500015308.6992   23.2795
    7.5000   -7.5000    7.500014782.6514   23.3187
   -7.5000    0.0000    7.500014911.9785   23.2269
    0.0000    0.0000    7.500015426.2803   23.2803
    7.5000    0.0000    7.500014863.8223   23.3210
   -7.5000    7.5000    7.500013880.7617   23.2317
    0.0000    7.5000    7.500014350.3359   23.2870
    7.5000    7.5000    7.500013799.7119   23.3331
   -7.5000   15.0000    7.500012800.5518   23.2265
    0.0000   15.0000    7.500013222.1152   23.2947
    7.5000   15.0000    7.500012689.5020   23.3465
   -7.5000   22.5000    7.500011702.1836   23.2068
    0.0000   22.5000    7.500012070.2021   23.2857
    7.5000   22.5000    7.500011582.5449   23.3359
   -7.5000   30.0000    7.500010503.8584   22.9108
    0.0000   30.0000    7.500010850.4707   22.9865
    7.5000   30.0000    7.500010402.8809   23.0290
   -7.5000   37.5000    7.5000 9647.9482   22.9202
    0.0000   37.5000    7.5000 9943.6934   22.9835
    7.5000   37.5000    7.5000 9526.7832   23.0222
   -7.5000   45.0000    7.5000 8344.1582   22.5788
    0.0000   45.0000    7.5000 8615.6738   22.6328
    7.5000   45.0000    7.5000 8273.0361   22.6722
   -7.5000  -45.0000   15.000011866.1348   23.2524
    0.0000  -45.0000   15.000012313.5205   23.3067
    7.5000  -45.0000   15.000011838.8516   23.3208
   -7.5000  -37.5000   15.000012161.9688   23.2554
    0.0000  -37.5000   15.000012620.3730   23.3083
    7.5000  -37.5000   15.000012186.1484   23.3278
   -7.5000  -30.0000   15.000012874.6787   23.2493
    0.0000  -30.0000   15.000013293.5469   23.3126
    7.5000  -30.0000   15.000012889.0742   23.3414
   -7.5000  -22.5000   15.000013503.7539   23.2426
    0.0000  -22.5000   15.000013893.1738   23.3173
    7.5000  -22.5000   15.000013473.8291   23.3475
   -7.5000  -15.0000   15.000013985.1367   23.2384
    0.0000  -15.0000   15.000014394.4619   23.3142
    7.5000  -15.0000   15.000013930.6475   23.3387
   -7.5000   -7.5000   15.000014246.2637   23.2421
    0.0000   -7.5000   15.000014709.7461   23.3080
    7.5000   -7.5000   15.000014172.7480   23.3258
   -7.5000    0.0000   15.000014303.8555   23.2524
    0.0000    0.0000   15.000014808.9268   23.3067
    7.5000    0.0000   15.000014239.3809   23.3208
   -7.5000    7.5000   15.000013294.6523   23.2554
    0.0000    7.5000   15.000013779.7266   23.3083
    7.5000    7.5000   15.000013222.2344   23.3278
   -7.5000   15.0000   15.000012233.7432   23.2493
    0.0000   15.0000   15.000012674.9863   23.3126
    7.5000   15.0000   15.000012146.6445   23.3414
   -7.5000   22.5000   15.000011119.8916   23.2319
    0.0000   22.5000   15.000011526.9365   23.3065
    7.5000   22.5000   15.000011059.4795   23.3367
   -7.5000   30.0000   15.0000 9951.9336   22.9376
    0.0000   30.0000   15.000010333.3213   23.0125
    7.5000   30.0000   15.0000 9922.7939   23.0367
   -7.5000   37.5000   15.0000 9133.6221   22.9465
    0.0000   37.5000   15.0000 9466.7842   23.0116
    7.5000   37.5000   15.0000 9084.4385   23.0291
   -7.5000   45.0000   15.0000 7904.1987   22.6024
    0.0000   45.0000   15.0000 8192.6211   22.6569
    7.5000   45.0000   15.0000 7895.3643   22.6699
   -7.5000  -45.0000   22.500011289.6260   23.2951
    0.0000  -45.0000   22.500011708.6484   23.3730
    7.5000  -45.0000   22.500011227.3809   23.3785
   -7.5000  -37.5000   22.500011586.3525   23.2953
    0.0000  -37.5000   22.500012021.0967   23.3708
    7.5000  -37.5000   22.500011513.1797   23.3837
   -7.5000  -30.0000   22.500012301.0137   23.2969
    0.0000  -30.0000   22.500012777.4492   23.3790
    7.5000  -30.0000   22.500012195.0078   23.4025
   -7.5000  -22.5000   22.500012900.3291   23.3006
    0.0000  -22.5000   22.500013412.3975   23.3912
    7.5000  -22.5000   22.500012770.7695   23.4154
   -7.5000  -15.0000   22.500013378.5176   23.3014
    0.0000  -15.0000   22.500013870.7002   23.3932
    7.5000  -15.0000   22.500013230.9287   23.4110
   -7.5000   -7.5000   22.500013615.3418   23.2974
    0.0000   -7.5000   22.500014103.7051   23.3834
    7.5000   -7.5000   22.500013496.1328   23.3928
   -7.5000    0.0000   22.500013646.5781   23.2951
    0.0000    0.0000   22.500014161.1855   23.3730
    7.5000    0.0000   22.500013596.6035   23.3785
   -7.5000    7.5000   22.500012686.7939   23.2953
    0.0000    7.5000   22.500013142.7754   23.3708
    7.5000    7.5000   22.500012623.9336   23.3837
   -7.5000   15.0000   22.500011642.6826   23.2969
    0.0000   15.0000   22.500012064.0879   23.3790
    7.5000   15.0000   22.500011588.1543   23.4025
   -7.5000   22.5000   22.500010576.6680   23.2899
    0.0000   22.5000   22.500010950.2539   23.3804
    7.5000   22.5000   22.500010518.5527   23.4046
   -7.5000   30.0000   22.5000 9474.4756   22.9998
    0.0000   30.0000   22.5000 9789.6191   23.0904
    7.5000   30.0000   22.5000 9431.9600   23.1080
   -7.5000   37.5000   22.5000 8668.5898   23.0012
    0.0000   37.5000   22.5000 8972.0264   23.0861
    7.5000   37.5000   22.5000 8638.0850   23.0953
   -7.5000   45.0000   22.5000 7507.0400   22.6411
    0.0000   45.0000   22.5000 7763.3823   22.7183
    7.5000   45.0000   22.5000 7483.0190   22.7227
   -7.5000  -45.0000   30.000010601.5869   23.3600
    0.0000  -45.0000   30.000011027.0771   23.4588
    7.5000  -45.0000   30.000010491.6201   23.4792
   -7.5000  -37.5000   30.000010886.2939   23.3613
    0.0000  -37.5000   30.000011298.3545   23.4606
    7.5000  -37.5000   30.000010768.1123   23.4903
   -7.5000  -30.0000   30.000011520.6113   23.3738
    0.0000  -30.0000   30.000011973.2617   23.4796
    7.5000  -30.0000   30.000011408.0459   23.5173
   -7.5000  -22.5000   30.000012070.7764   23.3862
    0.0000  -22.5000   30.000012547.1865   23.4969
    7.5000  -22.5000   30.000011957.6670   23.5319
   -7.5000  -15.0000   30.000012528.1201   23.3881
    0.0000  -15.0000   30.000013013.8682   23.4964
    7.5000  -15.0000   30.000012445.0361   23.5224
   -7.5000   -7.5000   30.000012776.8418   23.3743
    0.0000   -7.5000   30.000013303.6699   23.4772
    7.5000   -7.5000   30.000012722.3213   23.4966
   -7.5000    0.0000   30.000012865.4629   23.3600
    0.0000    0.0000   30.000013391.1885   23.4588
    7.5000    0.0000   30.000012814.9688   23.4792
   -7.5000    7.5000   30.000011955.8213   23.3613
    0.0000    7.5000   30.000012454.2832   23.4606
    7.5000    7.5000   30.000011912.1113   23.4903
   -7.5000   15.0000   30.000010973.9033   23.3738
    0.0000   15.0000   30.000011425.0566   23.4796
    7.5000   15.0000   30.000010932.7471   23.5173
   -7.5000   22.5000   30.0000 9955.0225   23.3754
    0.0000   22.5000   30.000010353.7402   23.4861
    7.5000   22.5000   30.0000 9904.5039   23.5211
   -7.5000   30.0000   30.0000 8907.4336   23.0854
    0.0000   30.0000   30.0000 9250.3301   23.1923
    7.5000   30.0000   30.0000 8881.3213   23.2180
   -7.5000   37.5000   30.0000 8143.0059   23.0766
    0.0000   37.5000   30.0000 8453.4414   23.1783
    7.5000   37.5000   30.0000 8113.4902   23.1974
   -7.5000   45.0000   30.0000 7048.3726   22.7002
    0.0000   45.0000   30.0000 7305.7720   22.7980
    7.5000   45.0000   30.0000 7014.3818   22.8171
   -7.5000  -45.0000   37.500010150.7617   23.4596
    0.0000  -45.0000   37.500010547.0430   23.5546
    7.5000  -45.0000   37.500010029.8525   23.6000
   -7.5000  -37.5000   37.500010431.0410   23.4671
    0.0000  -37.5000   37.500010834.6953   23.5659
    7.5000  -37.5000   37.500010314.5186   23.6202
   -7.5000  -30.0000   37.500011037.3525   23.4828
    0.0000  -30.0000   37.500011479.4648   23.5921
    7.5000  -30.0000   37.500010944.5479   23.6508
   -7.5000  -22.5000   37.500011568.6211   23.4905
    0.0000  -22.5000   37.500012049.7725   23.6058
    7.5000  -22.5000   37.500011482.5205   23.6592
   -7.5000  -15.0000   37.500012040.3398   23.4855
    0.0000  -15.0000   37.500012533.4785   23.5954
    7.5000  -15.0000   37.500011986.7002   23.6388
   -7.5000   -7.5000   37.500012333.4482   23.4702
    0.0000   -7.5000   37.500012856.3008   23.5705
    7.5000   -7.5000   37.500012300.5078   23.6103
   -7.5000    0.0000   37.500012434.5254   23.4596
    0.0000    0.0000   37.500012968.4229   23.5546
    7.5000    0.0000   37.500012425.1143   23.6000
   -7.5000    7.5000   37.500011582.3291   23.4671
    0.0000    7.5000   37.500012076.9092   23.5659
    7.5000    7.5000   37.500011554.2822   23.6202
   -7.5000   15.0000   37.500010649.5684   23.4828
    0.0000   15.0000   37.500011079.0625   23.5921
    7.5000   15.0000   37.500010596.4971   23.6508
   -7.5000   22.5000   37.5000 9668.3682   23.4797
    0.0000   22.5000   37.500010036.7783   23.5950
    7.5000   22.5000   37.5000 9606.9287   23.6483
   -7.5000   30.0000   37.5000 8641.5439   23.1815
    0.0000   30.0000   37.5000 8980.5420   23.2901
    7.5000   30.0000   37.5000 8603.0977   23.3329
   -7.5000   37.5000   37.5000 7903.0098   23.1703
    0.0000   37.5000   37.5000 8195.0420   23.2693
    7.5000   37.5000   37.5000 7865.4390   23.3085
   -7.5000   45.0000   37.5000 6846.0073   22.7936
    0.0000   45.0000   37.5000 7085.4521   22.8883
    7.5000   45.0000   37.5000 6795.9385   22.9322
   -7.5000  -45.0000   45.0000 9233.3076   23.6263
    0.0000  -45.0000   45.0000 9573.6504   23.7012
    7.5000  -45.0000   45.0000 9095.1299   23.7584
   -7.5000  -37.5000   45.0000 9486.0547   23.6373
    0.0000  -37.5000   45.0000 9833.7432   23.7162
    7.5000  -37.5000   45.0000 9364.5371   23.7803
   -7.5000  -30.0000   45.000010035.9668   23.6434
    0.0000  -30.0000   45.000010417.8799   23.7359
    7.5000  -30.0000   45.0000 9949.0225   23.8035
   -7.5000  -22.5000   45.000010552.1934   23.6375
    0.0000  -22.5000   45.000010961.1582   23.7394
    7.5000  -22.5000   45.000010459.8945   23.8025
   -7.5000  -15.0000   45.000011022.9092   23.6263
    0.0000  -15.0000   45.000011451.8369   23.7234
    7.5000  -15.0000   45.000010955.4111   23.7775
   -7.5000   -7.5000   45.000011338.4404   23.6212
    0.0000   -7.5000   45.000011783.2949   23.7051
    7.5000   -7.5000   45.000011265.2070   23.7566
   -7.5000    0.0000   45.000011450.0078   23.6263
    0.0000    0.0000   45.000011902.3105   23.7012
    7.5000    0.0000   45.000011387.0830   23.7584
   -7.5000    7.5000   45.000010665.2471   23.6373
    0.0000    7.5000   45.000011076.6514   23.7162
    7.5000    7.5000   45.000010606.9932   23.7803
   -7.5000   15.0000   45.0000 9815.8594   23.6434
    0.0000   15.0000   45.000010191.4287   23.7359
    7.5000   15.0000   45.0000 9741.9629   23.8035
   -7.5000   22.5000   45.0000 8932.8789   23.6265
    0.0000   22.5000   45.0000 9243.7402   23.7284
    7.5000   22.5000   45.0000 8832.6680   23.7915
   -7.5000   30.0000   45.0000 7993.9351   23.3185
    0.0000   30.0000   45.0000 8281.6191   23.4144
    7.5000   30.0000   45.0000 7928.0830   23.4677
   -7.5000   37.5000   45.0000 7329.4561   23.3160
    0.0000   37.5000   45.0000 7579.7612   23.3988
    7.5000   37.5000   45.0000 7262.7617   23.4496
   -7.5000   45.0000   45.0000 6346.6138   22.9641
    0.0000   45.0000   45.0000 6564.3550   23.0395
    7.5000   45.0000   45.0000 6294.5898   23.0951

---------------------------------------------------------------------
imgreg_4dfp /opt/freesurfer/average/711-2C_as_mni_average_305 /opt/freesurfer/average/711-2B_as_mni_average_305_mask talsrcimg_g11 none talsrcimg_to_711-2C_as_mni_average_305_t4 4355
---------------------------------------------------------------------

freesurfer imgreg_4dfp.c
/opt/freesurfer/average/711-2C_as_mni_average_305.4dfp.img
       256       256       256         1
  1.000000  1.000000  1.000000
orientation T byte_order littleendian
Reading image: /opt/freesurfer/average/711-2C_as_mni_average_305.4dfp.img
dimensions:      256       256       256
mmppix:       1.0000   -1.0000   -1.0000
center:     128.0000 -129.0000 -129.0000
/opt/freesurfer/average/711-2B_as_mni_average_305_mask.4dfp.img
       256       256       256         1
  1.000000  1.000000  1.000000
orientation T byte_order littleendian
Reading mask: /opt/freesurfer/average/711-2B_as_mni_average_305_mask.4dfp.img (2306576 pixels)
talsrcimg_g11.4dfp.img
       256       256       256         1
  1.000000  1.000000  1.000000
orientation T byte_order littleendian
Reading image: talsrcimg_g11.4dfp.img
dimensions:      256       256       256
mmppix:       1.0000   -1.0000   -1.0000
center:     128.0000 -129.0000 -129.0000
rotation matrix determinant  1.000000
image alignment mode   4355 decimal     1103 hex
   -7.5000  -45.0000  -45.0000 2145.0413   18.3467
    0.0000  -45.0000  -45.0000 2160.2493   18.2175
    7.5000  -45.0000  -45.0000 2148.4368   18.4599
   -7.5000  -37.5000  -45.0000 2180.1611   17.5111
    0.0000  -37.5000  -45.0000 2196.8230   17.3537
    7.5000  -37.5000  -45.0000 2189.3743   17.6491
   -7.5000  -30.0000  -45.0000 2198.9072   17.0404
    0.0000  -30.0000  -45.0000 2221.5051   16.8626
    7.5000  -30.0000  -45.0000 2207.4363   17.1422
   -7.5000  -22.5000  -45.0000 2201.7529   16.8757
    0.0000  -22.5000  -45.0000 2225.7390   16.6912
    7.5000  -22.5000  -45.0000 2205.0095   16.9813
   -7.5000  -15.0000  -45.0000 2192.3477   17.1359
    0.0000  -15.0000  -45.0000 2211.8743   16.9041
    7.5000  -15.0000  -45.0000 2184.7095   17.1927
   -7.5000   -7.5000  -45.0000 2154.3848   17.7575
    0.0000   -7.5000  -45.0000 2172.9661   17.5325
    7.5000   -7.5000  -45.0000 2145.6763   17.8112
   -7.5000    0.0000  -45.0000 2084.7773   18.8208
    0.0000    0.0000  -45.0000 2106.0681   18.6042
    7.5000    0.0000  -45.0000 2083.3542   18.9271
   -7.5000    7.5000  -45.0000 2009.0544   20.3490
    0.0000    7.5000  -45.0000 2023.2031   20.1437
    7.5000    7.5000  -45.0000 1999.7972   20.4929
   -7.5000   15.0000  -45.0000 1904.8387   22.4820
    0.0000   15.0000  -45.0000 1918.4722   22.2312
    7.5000   15.0000  -45.0000 1893.9077   22.6176
   -7.5000   22.5000  -45.0000 1798.7723   25.3658
    0.0000   22.5000  -45.0000 1807.4607   25.0795
    7.5000   22.5000  -45.0000 1786.3876   25.5112
   -7.5000   30.0000  -45.0000 1677.9502   29.5298
    0.0000   30.0000  -45.0000 1682.9719   29.2090
    7.5000   30.0000  -45.0000 1662.4556   29.6138
   -7.5000   37.5000  -45.0000 1553.0167   35.3720
    0.0000   37.5000  -45.0000 1557.6191   34.9135
    7.5000   37.5000  -45.0000 1536.9518   35.3382
   -7.5000   45.0000  -45.0000 1422.5291   43.6149
    0.0000   45.0000  -45.0000 1433.7631   43.0360
    7.5000   45.0000  -45.0000 1411.8350   43.6319
   -7.5000  -45.0000  -37.5000 2243.8647   16.8698
    0.0000  -45.0000  -37.5000 2260.4451   16.7327
    7.5000  -45.0000  -37.5000 2243.4343   16.9586
   -7.5000  -37.5000  -37.5000 2282.4321   16.1199
    0.0000  -37.5000  -37.5000 2300.9841   16.0204
    7.5000  -37.5000  -37.5000 2286.4163   16.2272
   -7.5000  -30.0000  -37.5000 2306.1255   15.7071
    0.0000  -30.0000  -37.5000 2325.8533   15.5796
    7.5000  -30.0000  -37.5000 2305.8457   15.8206
   -7.5000  -22.5000  -37.5000 2309.9163   15.5833
    0.0000  -22.5000  -37.5000 2330.8606   15.4509
    7.5000  -22.5000  -37.5000 2306.0703   15.6854
   -7.5000  -15.0000  -37.5000 2295.6482   15.8021
    0.0000  -15.0000  -37.5000 2314.6665   15.6689
    7.5000  -15.0000  -37.5000 2287.3833   15.9193
   -7.5000   -7.5000  -37.5000 2256.3496   16.3752
    0.0000   -7.5000  -37.5000 2270.4548   16.2336
    7.5000   -7.5000  -37.5000 2245.0854   16.4923
   -7.5000    0.0000  -37.5000 2185.5774   17.3746
    0.0000    0.0000  -37.5000 2197.2383   17.1891
    7.5000    0.0000  -37.5000 2173.1819   17.4921
   -7.5000    7.5000  -37.5000 2097.3452   18.7591
    0.0000    7.5000  -37.5000 2107.7617   18.5494
    7.5000    7.5000  -37.5000 2082.5818   18.9024
   -7.5000   15.0000  -37.5000 1988.4540   20.7074
    0.0000   15.0000  -37.5000 1997.3063   20.4992
    7.5000   15.0000  -37.5000 1976.4530   20.8211
   -7.5000   22.5000  -37.5000 1875.3096   23.3688
    0.0000   22.5000  -37.5000 1883.9320   23.1266
    7.5000   22.5000  -37.5000 1857.4999   23.4497
   -7.5000   30.0000  -37.5000 1743.2242   26.9770
    0.0000   30.0000  -37.5000 1745.5518   26.7423
    7.5000   30.0000  -37.5000 1722.8408   27.1160
   -7.5000   37.5000  -37.5000 1611.5054   32.0424
    0.0000   37.5000  -37.5000 1615.7465   31.7609
    7.5000   37.5000  -37.5000 1589.6750   32.1780
   -7.5000   45.0000  -37.5000 1469.5565   39.3372
    0.0000   45.0000  -37.5000 1480.1165   38.9220
    7.5000   45.0000  -37.5000 1455.9612   39.4249
   -7.5000  -45.0000  -30.0000 2376.7273   16.0845
    0.0000  -45.0000  -30.0000 2393.8982   16.0056
    7.5000  -45.0000  -30.0000 2375.7991   16.2451
   -7.5000  -37.5000  -30.0000 2428.2729   15.4073
    0.0000  -37.5000  -30.0000 2446.1460   15.3268
    7.5000  -37.5000  -30.0000 2424.4092   15.5481
   -7.5000  -30.0000  -30.0000 2462.9663   15.0352
    0.0000  -30.0000  -30.0000 2478.0715   14.9473
    7.5000  -30.0000  -30.0000 2453.4294   15.1988
   -7.5000  -22.5000  -30.0000 2468.5737   14.9672
    0.0000  -22.5000  -30.0000 2489.7075   14.8940
    7.5000  -22.5000  -30.0000 2454.1680   15.1478
   -7.5000  -15.0000  -30.0000 2447.6121   15.2031
    0.0000  -15.0000  -30.0000 2466.1235   15.1398
    7.5000  -15.0000  -30.0000 2434.2668   15.3989
   -7.5000   -7.5000  -30.0000 2404.2034   15.7792
    0.0000   -7.5000  -30.0000 2417.3965   15.6644
    7.5000   -7.5000  -30.0000 2385.3293   15.9394
   -7.5000    0.0000  -30.0000 2324.9666   16.7212
    0.0000    0.0000  -30.0000 2334.3916   16.5877
    7.5000    0.0000  -30.0000 2304.0366   16.8732
   -7.5000    7.5000  -30.0000 2223.8452   18.0350
    0.0000    7.5000  -30.0000 2232.9834   17.8841
    7.5000    7.5000  -30.0000 2203.6055   18.2158
   -7.5000   15.0000  -30.0000 2107.0918   19.8760
    0.0000   15.0000  -30.0000 2114.4822   19.7013
    7.5000   15.0000  -30.0000 2088.2698   19.9980
   -7.5000   22.5000  -30.0000 1976.5786   22.3389
    0.0000   22.5000  -30.0000 1986.0193   22.1544
    7.5000   22.5000  -30.0000 1955.4204   22.4187
   -7.5000   30.0000  -30.0000 1835.3510   25.7755
    0.0000   30.0000  -30.0000 1841.0314   25.5570
    7.5000   30.0000  -30.0000 1813.6831   25.8402
   -7.5000   37.5000  -30.0000 1692.5533   30.4838
    0.0000   37.5000  -30.0000 1699.4783   30.2321
    7.5000   37.5000  -30.0000 1672.5780   30.6059
   -7.5000   45.0000  -30.0000 1546.6648   37.1739
    0.0000   45.0000  -30.0000 1558.4775   36.8006
    7.5000   45.0000  -30.0000 1535.7126   37.2299
   -7.5000  -45.0000  -22.5000 2486.0500   15.2645
    0.0000  -45.0000  -22.5000 2499.2930   15.2281
    7.5000  -45.0000  -22.5000 2481.9109   15.5095
   -7.5000  -37.5000  -22.5000 2552.5996   14.6406
    0.0000  -37.5000  -22.5000 2564.5693   14.5936
    7.5000  -37.5000  -22.5000 2539.8193   14.8727
   -7.5000  -30.0000  -22.5000 2592.9143   14.2920
    0.0000  -30.0000  -22.5000 2602.6960   14.2702
    7.5000  -30.0000  -22.5000 2575.7939   14.5405
   -7.5000  -22.5000  -22.5000 2604.4221   14.2956
    0.0000  -22.5000  -22.5000 2618.1169   14.2802
    7.5000  -22.5000  -22.5000 2578.8845   14.5398
   -7.5000  -15.0000  -22.5000 2580.3335   14.5957
    0.0000  -15.0000  -22.5000 2594.7678   14.5634
    7.5000  -15.0000  -22.5000 2555.8433   14.8209
   -7.5000   -7.5000  -22.5000 2526.4207   15.1344
    0.0000   -7.5000  -22.5000 2535.1711   15.1067
    7.5000   -7.5000  -22.5000 2497.3857   15.3655
   -7.5000    0.0000  -22.5000 2438.2056   16.0140
    0.0000    0.0000  -22.5000 2445.6948   15.9658
    7.5000    0.0000  -22.5000 2410.0642   16.2192
   -7.5000    7.5000  -22.5000 2326.3098   17.2787
    0.0000    7.5000  -22.5000 2332.0535   17.2050
    7.5000    7.5000  -22.5000 2300.5120   17.4867
   -7.5000   15.0000  -22.5000 2198.8774   19.0367
    0.0000   15.0000  -22.5000 2202.1604   18.9354
    7.5000   15.0000  -22.5000 2175.2732   19.2236
   -7.5000   22.5000  -22.5000 2056.1499   21.3469
    0.0000   22.5000  -22.5000 2060.5010   21.2229
    7.5000   22.5000  -22.5000 2034.8419   21.5170
   -7.5000   30.0000  -22.5000 1910.8436   24.5162
    0.0000   30.0000  -22.5000 1914.8910   24.3277
    7.5000   30.0000  -22.5000 1888.4127   24.6329
   -7.5000   37.5000  -22.5000 1762.7893   28.8839
    0.0000   37.5000  -22.5000 1766.8134   28.6785
    7.5000   37.5000  -22.5000 1743.2246   29.0592
   -7.5000   45.0000  -22.5000 1614.2849   35.0790
    0.0000   45.0000  -22.5000 1619.0605   34.8184
    7.5000   45.0000  -22.5000 1595.8938   35.3349
   -7.5000  -45.0000  -15.0000 2571.0107   14.5001
    0.0000  -45.0000  -15.0000 2580.7290   14.5478
    7.5000  -45.0000  -15.0000 2562.1567   14.8650
   -7.5000  -37.5000  -15.0000 2645.9829   13.9093
    0.0000  -37.5000  -15.0000 2657.6108   13.9385
    7.5000  -37.5000  -15.0000 2628.2903   14.2599
   -7.5000  -30.0000  -15.0000 2695.3137   13.6393
    0.0000  -30.0000  -15.0000 2706.9226   13.6683
    7.5000  -30.0000  -15.0000 2669.8965   13.9666
   -7.5000  -22.5000  -15.0000 2709.8247   13.6923
    0.0000  -22.5000  -15.0000 2723.2798   13.7192
    7.5000  -22.5000  -15.0000 2678.1555   13.9979
   -7.5000  -15.0000  -15.0000 2682.6497   13.9749
    0.0000  -15.0000  -15.0000 2692.7417   14.0232
    7.5000  -15.0000  -15.0000 2647.2803   14.2732
   -7.5000   -7.5000  -15.0000 2618.2380   14.4775
    0.0000   -7.5000  -15.0000 2625.1470   14.5605
    7.5000   -7.5000  -15.0000 2580.7756   14.7997
   -7.5000    0.0000  -15.0000 2519.2385   15.3347
    0.0000    0.0000  -15.0000 2523.9138   15.3662
    7.5000    0.0000  -15.0000 2484.0151   15.6280
   -7.5000    7.5000  -15.0000 2394.3188   16.5629
    0.0000    7.5000  -15.0000 2399.2639   16.5795
    7.5000    7.5000  -15.0000 2367.5254   16.8585
   -7.5000   15.0000  -15.0000 2258.5002   18.2521
    0.0000   15.0000  -15.0000 2265.3447   18.2284
    7.5000   15.0000  -15.0000 2238.1118   18.5010
   -7.5000   22.5000  -15.0000 2111.2349   20.4527
    0.0000   22.5000  -15.0000 2112.1479   20.4178
    7.5000   22.5000  -15.0000 2087.7019   20.6480
   -7.5000   30.0000  -15.0000 1958.2806   23.3841
    0.0000   30.0000  -15.0000 1961.2303   23.3137
    7.5000   30.0000  -15.0000 1934.4646   23.5355
   -7.5000   37.5000  -15.0000 1803.2260   27.4186
    0.0000   37.5000  -15.0000 1813.7219   27.2849
    7.5000   37.5000  -15.0000 1788.7826   27.6491
   -7.5000   45.0000  -15.0000 1645.2584   33.0512
    0.0000   45.0000  -15.0000 1656.6000   32.8749
    7.5000   45.0000  -15.0000 1637.8582   33.3190
   -7.5000  -45.0000   -7.5000 2635.4592   13.8678
    0.0000  -45.0000   -7.5000 2648.3271   13.9266
    7.5000  -45.0000   -7.5000 2620.4890   14.3202
   -7.5000  -37.5000   -7.5000 2728.8127   13.3178
    0.0000  -37.5000   -7.5000 2742.6030   13.3712
    7.5000  -37.5000   -7.5000 2701.2927   13.7414
   -7.5000  -30.0000   -7.5000 2794.1013   13.0567
    0.0000  -30.0000   -7.5000 2805.4165   13.1006
    7.5000  -30.0000   -7.5000 2751.7458   13.4486
   -7.5000  -22.5000   -7.5000 2805.8545   13.1551
    0.0000  -22.5000   -7.5000 2813.6873   13.1987
    7.5000  -22.5000   -7.5000 2757.9133   13.4957
   -7.5000  -15.0000   -7.5000 2761.1069   13.4223
    0.0000  -15.0000   -7.5000 2769.3118   13.4904
    7.5000  -15.0000   -7.5000 2716.9277   13.7680
   -7.5000   -7.5000   -7.5000 2685.9639   13.9223
    0.0000   -7.5000   -7.5000 2691.6892   13.9851
    7.5000   -7.5000   -7.5000 2643.4065   14.2533
   -7.5000    0.0000   -7.5000 2574.7844   14.7350
    0.0000    0.0000   -7.5000 2580.6792   14.7697
    7.5000    0.0000   -7.5000 2538.9470   15.0105
   -7.5000    7.5000   -7.5000 2442.6562   15.9344
    0.0000    7.5000   -7.5000 2449.0442   15.9461
    7.5000    7.5000   -7.5000 2413.5957   16.1910
   -7.5000   15.0000   -7.5000 2295.8264   17.5220
    0.0000   15.0000   -7.5000 2308.5442   17.5245
    7.5000   15.0000   -7.5000 2277.1631   17.7624
   -7.5000   22.5000   -7.5000 2144.7161   19.6236
    0.0000   22.5000   -7.5000 2152.0361   19.6042
    7.5000   22.5000   -7.5000 2128.4292   19.8667
   -7.5000   30.0000   -7.5000 1984.7856   22.4328
    0.0000   30.0000   -7.5000 1991.2792   22.2935
    7.5000   30.0000   -7.5000 1961.7478   22.5661
   -7.5000   37.5000   -7.5000 1826.7594   26.1958
    0.0000   37.5000   -7.5000 1837.8218   25.9533
    7.5000   37.5000   -7.5000 1811.5819   26.3416
   -7.5000   45.0000   -7.5000 1669.2412   31.3108
    0.0000   45.0000   -7.5000 1676.8878   31.1011
    7.5000   45.0000   -7.5000 1661.7505   31.5099
   -7.5000  -45.0000    0.0000 2677.9287   13.4688
    0.0000  -45.0000    0.0000 2690.3042   13.5254
    7.5000  -45.0000    0.0000 2654.8311   13.9708
   -7.5000  -37.5000    0.0000 2791.8459   12.9556
    0.0000  -37.5000    0.0000 2806.2161   13.0193
    7.5000  -37.5000    0.0000 2755.2107   13.3896
   -7.5000  -30.0000    0.0000 2866.8667   12.6606
    0.0000  -30.0000    0.0000 2880.1360   12.6895
    7.5000  -30.0000    0.0000 2811.0217   13.0919
   -7.5000  -22.5000    0.0000 2876.3108   12.7031
    0.0000  -22.5000    0.0000 2880.0125   12.7841
    7.5000  -22.5000    0.0000 2815.5725   13.1238
   -7.5000  -15.0000    0.0000 2817.9146   13.0351
    0.0000  -15.0000    0.0000 2820.5420   13.0951
    7.5000  -15.0000    0.0000 2763.7473   13.3755
   -7.5000   -7.5000    0.0000 2728.2566   13.5455
    0.0000   -7.5000    0.0000 2733.7307   13.5725
    7.5000   -7.5000    0.0000 2687.9526   13.8157
   -7.5000    0.0000    0.0000 2606.6660   14.3349
    0.0000    0.0000    0.0000 2615.3005   14.3265
    7.5000    0.0000    0.0000 2573.4619   14.5848
   -7.5000    7.5000    0.0000 2465.4243   15.4793
    0.0000    7.5000    0.0000 2472.3630   15.4676
    7.5000    7.5000    0.0000 2438.6663   15.7189
   -7.5000   15.0000    0.0000 2318.1819   17.0121
    0.0000   15.0000    0.0000 2324.6113   16.9814
    7.5000   15.0000    0.0000 2298.9253   17.2316
   -7.5000   22.5000    0.0000 2165.6086   19.0282
    0.0000   22.5000    0.0000 2170.4343   18.9759
    7.5000   22.5000    0.0000 2144.3691   19.2313
   -7.5000   30.0000    0.0000 2003.3290   21.7111
    0.0000   30.0000    0.0000 2010.4116   21.5338
    7.5000   30.0000    0.0000 1982.9181   21.8143
   -7.5000   37.5000    0.0000 1841.1678   25.2382
    0.0000   37.5000    0.0000 1844.3318   24.9910
    7.5000   37.5000    0.0000 1824.8445   25.3775
   -7.5000   45.0000    0.0000 1682.6321   30.0779
    0.0000   45.0000    0.0000 1688.7009   29.7793
    7.5000   45.0000    0.0000 1668.4368   30.3553
   -7.5000  -45.0000    7.5000 2698.0718   13.4275
    0.0000  -45.0000    7.5000 2705.2241   13.4231
    7.5000  -45.0000    7.5000 2659.8499   13.8915
   -7.5000  -37.5000    7.5000 2818.1472   12.8801
    0.0000  -37.5000    7.5000 2829.0618   12.8750
    7.5000  -37.5000    7.5000 2770.7808   13.2986
   -7.5000  -30.0000    7.5000 2891.2896   12.5332
    0.0000  -30.0000    7.5000 2909.6174   12.5268
    7.5000  -30.0000    7.5000 2836.2358   12.9927
   -7.5000  -22.5000    7.5000 2903.0779   12.5717
    0.0000  -22.5000    7.5000 2911.3286   12.5371
    7.5000  -22.5000    7.5000 2842.1470   12.9782
   -7.5000  -15.0000    7.5000 2837.1860   12.9272
    0.0000  -15.0000    7.5000 2840.5095   12.8737
    7.5000  -15.0000    7.5000 2791.0278   13.1878
   -7.5000   -7.5000    7.5000 2742.5347   13.4476
    0.0000   -7.5000    7.5000 2748.4041   13.3701
    7.5000   -7.5000    7.5000 2703.0005   13.6647
   -7.5000    0.0000    7.5000 2617.6030   14.2229
    0.0000    0.0000    7.5000 2620.8665   14.1141
    7.5000    0.0000    7.5000 2579.3108   14.4101
   -7.5000    7.5000    7.5000 2474.2803   15.3359
    0.0000    7.5000    7.5000 2477.7734   15.2143
    7.5000    7.5000    7.5000 2443.9856   15.5136
   -7.5000   15.0000    7.5000 2323.2991   16.8249
    0.0000   15.0000    7.5000 2327.7791   16.6765
    7.5000   15.0000    7.5000 2294.9907   16.9991
   -7.5000   22.5000    7.5000 2171.0500   18.7835
    0.0000   22.5000    7.5000 2174.3770   18.6053
    7.5000   22.5000    7.5000 2144.0876   18.9412
   -7.5000   30.0000    7.5000 2004.5259   21.3666
    0.0000   30.0000    7.5000 2014.7577   21.1431
    7.5000   30.0000    7.5000 1985.0684   21.5098
   -7.5000   37.5000    7.5000 1844.0382   24.7489
    0.0000   37.5000    7.5000 1851.4937   24.5350
    7.5000   37.5000    7.5000 1825.4911   24.9961
   -7.5000   45.0000    7.5000 1685.7810   29.2997
    0.0000   45.0000    7.5000 1688.8153   29.0568
    7.5000   45.0000    7.5000 1668.5986   29.6434
   -7.5000  -45.0000   15.0000 2683.2427   13.6563
    0.0000  -45.0000   15.0000 2683.7493   13.5988
    7.5000  -45.0000   15.0000 2631.5308   14.0622
   -7.5000  -37.5000   15.0000 2795.9204   13.0278
    0.0000  -37.5000   15.0000 2805.1726   13.0015
    7.5000  -37.5000   15.0000 2739.0127   13.4675
   -7.5000  -30.0000   15.0000 2862.7170   12.7536
    0.0000  -30.0000   15.0000 2874.8264   12.6999
    7.5000  -30.0000   15.0000 2807.8997   13.1608
   -7.5000  -22.5000   15.0000 2870.3240   12.7924
    0.0000  -22.5000   15.0000 2880.6877   12.6999
    7.5000  -22.5000   15.0000 2817.7639   13.0884
   -7.5000  -15.0000   15.0000 2816.4863   13.0250
    0.0000  -15.0000   15.0000 2820.4333   12.9344
    7.5000  -15.0000   15.0000 2771.1042   13.2706
   -7.5000   -7.5000   15.0000 2720.5747   13.5290
    0.0000   -7.5000   15.0000 2727.9148   13.4336
    7.5000   -7.5000   15.0000 2681.8047   13.7123
   -7.5000    0.0000   15.0000 2591.4124   14.2849
    0.0000    0.0000   15.0000 2599.1873   14.1874
    7.5000    0.0000   15.0000 2561.6042   14.4169
   -7.5000    7.5000   15.0000 2456.0972   15.3874
    0.0000    7.5000   15.0000 2463.6345   15.2889
    7.5000    7.5000   15.0000 2429.3408   15.5150
   -7.5000   15.0000   15.0000 2310.4661   16.8006
    0.0000   15.0000   15.0000 2311.5845   16.7063
    7.5000   15.0000   15.0000 2278.3328   16.9666
   -7.5000   22.5000   15.0000 2152.6033   18.7121
    0.0000   22.5000   15.0000 2160.8813   18.6130
    7.5000   22.5000   15.0000 2126.9871   18.8502
   -7.5000   30.0000   15.0000 1989.4922   21.2706
    0.0000   30.0000   15.0000 1999.0211   21.1412
    7.5000   30.0000   15.0000 1967.5994   21.4205
   -7.5000   37.5000   15.0000 1835.0081   24.6179
    0.0000   37.5000   15.0000 1838.7736   24.4618
    7.5000   37.5000   15.0000 1812.7781   24.8111
   -7.5000   45.0000   15.0000 1673.7120   29.0908
    0.0000   45.0000   15.0000 1678.9009   28.8721
    7.5000   45.0000   15.0000 1657.3268   29.4030
   -7.5000  -45.0000   22.5000 2642.9976   14.1739
    0.0000  -45.0000   22.5000 2642.3130   14.1345
    7.5000  -45.0000   22.5000 2592.9993   14.5324
   -7.5000  -37.5000   22.5000 2741.6765   13.5196
    0.0000  -37.5000   22.5000 2743.5684   13.4992
    7.5000  -37.5000   22.5000 2684.4993   13.8851
   -7.5000  -30.0000   22.5000 2797.8115   13.2282
    0.0000  -30.0000   22.5000 2801.3918   13.2162
    7.5000  -30.0000   22.5000 2748.3428   13.5273
   -7.5000  -22.5000   22.5000 2795.8828   13.2145
    0.0000  -22.5000   22.5000 2804.0012   13.2243
    7.5000  -22.5000   22.5000 2754.0857   13.4629
   -7.5000  -15.0000   22.5000 2750.1204   13.4292
    0.0000  -15.0000   22.5000 2752.5679   13.4250
    7.5000  -15.0000   22.5000 2709.8435   13.6222
   -7.5000   -7.5000   22.5000 2664.3545   13.8929
    0.0000   -7.5000   22.5000 2670.7673   13.8582
    7.5000   -7.5000   22.5000 2632.6052   14.0539
   -7.5000    0.0000   22.5000 2548.0608   14.5967
    0.0000    0.0000   22.5000 2560.7424   14.5227
    7.5000    0.0000   22.5000 2526.0964   14.7323
   -7.5000    7.5000   22.5000 2424.3267   15.6418
    0.0000    7.5000   22.5000 2433.2678   15.5262
    7.5000    7.5000   22.5000 2398.8340   15.7695
   -7.5000   15.0000   22.5000 2275.0024   16.9974
    0.0000   15.0000   22.5000 2285.6057   16.8817
    7.5000   15.0000   22.5000 2251.8555   17.1726
   -7.5000   22.5000   22.5000 2125.2021   18.8870
    0.0000   22.5000   22.5000 2132.7446   18.7596
    7.5000   22.5000   22.5000 2100.4709   19.0942
   -7.5000   30.0000   22.5000 1966.7507   21.4452
    0.0000   30.0000   22.5000 1967.4811   21.3180
    7.5000   30.0000   22.5000 1941.4550   21.6680
   -7.5000   37.5000   22.5000 1807.8445   24.7888
    0.0000   37.5000   22.5000 1812.2715   24.6596
    7.5000   37.5000   22.5000 1788.3967   25.0739
   -7.5000   45.0000   22.5000 1651.0502   29.2635
    0.0000   45.0000   22.5000 1656.6016   29.0886
    7.5000   45.0000   22.5000 1635.4604   29.5539
   -7.5000  -45.0000   30.0000 2588.3911   14.9559
    0.0000  -45.0000   30.0000 2586.1885   14.9263
    7.5000  -45.0000   30.0000 2536.1260   15.2809
   -7.5000  -37.5000   30.0000 2670.4956   14.2783
    0.0000  -37.5000   30.0000 2667.8440   14.2361
    7.5000  -37.5000   30.0000 2615.9441   14.5566
   -7.5000  -30.0000   30.0000 2711.8528   13.9253
    0.0000  -30.0000   30.0000 2715.3840   13.8932
    7.5000  -30.0000   30.0000 2668.6772   14.1732
   -7.5000  -22.5000   30.0000 2705.5569   13.8750
    0.0000  -22.5000   30.0000 2711.5020   13.8424
    7.5000  -22.5000   30.0000 2668.2229   14.0864
   -7.5000  -15.0000   30.0000 2660.0889   14.0511
    0.0000  -15.0000   30.0000 2662.0491   14.0100
    7.5000  -15.0000   30.0000 2629.3550   14.2379
   -7.5000   -7.5000   30.0000 2580.8650   14.4599
    0.0000   -7.5000   30.0000 2587.8247   14.4251
    7.5000   -7.5000   30.0000 2558.9143   14.6388
   -7.5000    0.0000   30.0000 2482.0754   15.1709
    0.0000    0.0000   30.0000 2487.7378   15.1243
    7.5000    0.0000   30.0000 2458.3489   15.3265
   -7.5000    7.5000   30.0000 2364.8997   16.1612
    0.0000    7.5000   30.0000 2372.5481   16.0991
    7.5000    7.5000   30.0000 2343.8914   16.3383
   -7.5000   15.0000   30.0000 2228.3320   17.4992
    0.0000   15.0000   30.0000 2235.5886   17.4411
    7.5000   15.0000   30.0000 2211.0718   17.7208
   -7.5000   22.5000   30.0000 2080.8010   19.3752
    0.0000   22.5000   30.0000 2088.2593   19.3150
    7.5000   22.5000   30.0000 2062.2959   19.6190
   -7.5000   30.0000   30.0000 1923.9301   21.9042
    0.0000   30.0000   30.0000 1929.1423   21.7999
    7.5000   30.0000   30.0000 1911.0273   22.1640
   -7.5000   37.5000   30.0000 1772.1135   25.2867
    0.0000   37.5000   30.0000 1777.8436   25.0957
    7.5000   37.5000   30.0000 1761.6584   25.6120
   -7.5000   45.0000   30.0000 1617.4572   29.8182
    0.0000   45.0000   30.0000 1618.5962   29.6870
    7.5000   45.0000   30.0000 1602.5308   30.1860
   -7.5000  -45.0000   37.5000 2516.3308   15.9563
    0.0000  -45.0000   37.5000 2514.2251   15.9188
    7.5000  -45.0000   37.5000 2461.7910   16.2543
   -7.5000  -37.5000   37.5000 2585.1929   15.2260
    0.0000  -37.5000   37.5000 2584.7307   15.1912
    7.5000  -37.5000   37.5000 2534.7178   15.4921
   -7.5000  -30.0000   37.5000 2613.8496   14.8408
    0.0000  -30.0000   37.5000 2616.0842   14.8133
    7.5000  -30.0000   37.5000 2574.5906   15.0861
   -7.5000  -22.5000   37.5000 2605.2905   14.7185
    0.0000  -22.5000   37.5000 2612.0366   14.6968
    7.5000  -22.5000   37.5000 2570.6641   14.9330
   -7.5000  -15.0000   37.5000 2561.0798   14.8785
    0.0000  -15.0000   37.5000 2566.0139   14.8598
    7.5000  -15.0000   37.5000 2533.5852   15.0758
   -7.5000   -7.5000   37.5000 2493.8748   15.2800
    0.0000   -7.5000   37.5000 2499.5840   15.2439
    7.5000   -7.5000   37.5000 2470.7192   15.4660
   -7.5000    0.0000   37.5000 2399.4116   15.9466
    0.0000    0.0000   37.5000 2409.5420   15.8882
    7.5000    0.0000   37.5000 2381.5029   16.1249
   -7.5000    7.5000   37.5000 2292.6509   16.9348
    0.0000    7.5000   37.5000 2302.3218   16.8823
    7.5000    7.5000   37.5000 2272.5115   17.1546
   -7.5000   15.0000   37.5000 2163.3369   18.3116
    0.0000   15.0000   37.5000 2171.2861   18.2528
    7.5000   15.0000   37.5000 2147.1921   18.5545
   -7.5000   22.5000   37.5000 2028.0354   20.1679
    0.0000   22.5000   37.5000 2031.6862   20.1378
    7.5000   22.5000   37.5000 2009.9069   20.4496
   -7.5000   30.0000   37.5000 1879.2122   22.7523
    0.0000   30.0000   37.5000 1883.3014   22.6607
    7.5000   30.0000   37.5000 1863.5856   23.0147
   -7.5000   37.5000   37.5000 1733.3937   26.1965
    0.0000   37.5000   37.5000 1733.9791   26.0463
    7.5000   37.5000   37.5000 1717.4487   26.4638
   -7.5000   45.0000   37.5000 1579.7263   30.8759
    0.0000   45.0000   37.5000 1580.0618   30.6466
    7.5000   45.0000   37.5000 1565.4902   31.1316
   -7.5000  -45.0000   45.0000 2427.5347   17.2395
    0.0000  -45.0000   45.0000 2425.0637   17.1854
    7.5000  -45.0000   45.0000 2376.1301   17.5411
   -7.5000  -37.5000   45.0000 2485.1716   16.4756
    0.0000  -37.5000   45.0000 2481.7080   16.4260
    7.5000  -37.5000   45.0000 2441.1843   16.7039
   -7.5000  -30.0000   45.0000 2502.8203   16.0189
    0.0000  -30.0000   45.0000 2506.0210   15.9640
    7.5000  -30.0000   45.0000 2469.6443   16.2350
   -7.5000  -22.5000   45.0000 2498.4790   15.8169
    0.0000  -22.5000   45.0000 2500.5081   15.7855
    7.5000  -22.5000   45.0000 2465.2097   16.0434
   -7.5000  -15.0000   45.0000 2457.5854   15.9657
    0.0000  -15.0000   45.0000 2462.4536   15.9546
    7.5000  -15.0000   45.0000 2433.2795   16.1820
   -7.5000   -7.5000   45.0000 2400.2708   16.3852
    0.0000   -7.5000   45.0000 2405.5520   16.3323
    7.5000   -7.5000   45.0000 2374.8459   16.5541
   -7.5000    0.0000   45.0000 2313.7622   17.0561
    0.0000    0.0000   45.0000 2322.7976   16.9682
    7.5000    0.0000   45.0000 2295.8574   17.2050
   -7.5000    7.5000   45.0000 2213.4524   17.9920
    0.0000    7.5000   45.0000 2218.8447   17.9132
    7.5000    7.5000   45.0000 2193.7039   18.1913
   -7.5000   15.0000   45.0000 2091.3562   19.3966
    0.0000   15.0000   45.0000 2096.2537   19.3096
    7.5000   15.0000   45.0000 2071.8408   19.6023
   -7.5000   22.5000   45.0000 1962.7059   21.3246
    0.0000   22.5000   45.0000 1961.8237   21.2281
    7.5000   22.5000   45.0000 1939.6941   21.5498
   -7.5000   30.0000   45.0000 1823.1096   23.8505
    0.0000   30.0000   45.0000 1825.0718   23.7539
    7.5000   30.0000   45.0000 1808.3496   24.1918
   -7.5000   37.5000   45.0000 1681.1981   27.4805
    0.0000   37.5000   45.0000 1682.2638   27.3142
    7.5000   37.5000   45.0000 1667.6479   27.7655
   -7.5000   45.0000   45.0000 1528.4060   32.5580
    0.0000   45.0000   45.0000 1530.8955   32.2362
    7.5000   45.0000   45.0000 1523.5720   32.7183

---------------------------------------------------------------------
imgreg_4dfp /opt/freesurfer/average/711-2C_as_mni_average_305 /opt/freesurfer/average/711-2B_as_mni_average_305_mask talsrcimg_g11 none talsrcimg_to_711-2C_as_mni_average_305_t4 1283
---------------------------------------------------------------------

freesurfer imgreg_4dfp.c
/opt/freesurfer/average/711-2C_as_mni_average_305.4dfp.img
       256       256       256         1
  1.000000  1.000000  1.000000
orientation T byte_order littleendian
Reading image: /opt/freesurfer/average/711-2C_as_mni_average_305.4dfp.img
dimensions:      256       256       256
mmppix:       1.0000   -1.0000   -1.0000
center:     128.0000 -129.0000 -129.0000
/opt/freesurfer/average/711-2B_as_mni_average_305_mask.4dfp.img
       256       256       256         1
  1.000000  1.000000  1.000000
orientation T byte_order littleendian
Reading mask: /opt/freesurfer/average/711-2B_as_mni_average_305_mask.4dfp.img (2306576 pixels)
talsrcimg_g11.4dfp.img
       256       256       256         1
  1.000000  1.000000  1.000000
orientation T byte_order littleendian
Reading image: talsrcimg_g11.4dfp.img
dimensions:      256       256       256
mmppix:       1.0000   -1.0000   -1.0000
center:     128.0000 -129.0000 -129.0000
rotation matrix determinant  1.000000
fimgreg.f
image alignment mode   1283 decimal      503 hex
parameters
    0.0000  -22.5000    7.5000    0.0000    0.0000    0.0000
eta,q 0.91491 12.49268
niter,ni,del,rscale     5    3   12.0000    1.2000
parameter  2  0.522854 ->  0.500000 qaram    1.1500
parameter  4  0.545540 ->  0.500000 qaram    1.1500
parameter  5 -1.669502 -> -0.500000 qaram    1.1500
parameters
   -2.4990  -25.9500    6.5170   -3.4500    3.4500   -1.1047
eta,q 0.92312 12.39015
  0.0865  0.0816  0.0864  0.0808  0.0886  0.0806
  0.0835  0.0810  0.0827  0.0799  0.0852  0.0781
  0.0828  0.0813  0.0808  0.0800  0.0824  0.0768
  0.0850  0.0823  0.0812  0.0809  0.0799  0.0774
  0.0883  0.0859  0.0828  0.0820  0.0783  0.0790
  0.0922  0.0929  0.0862  0.0834  0.0770  0.0811
  0.0981  0.1011  0.0913  0.0854  0.0754  0.0829
niter,ni,del,rscale     7    3   12.0000    1.2000
parameter  5 -0.946132 -> -0.500000 qaram    1.3225
parameters
   -4.2560  -24.3970    5.5838   -4.7020    7.4175   -1.8938
eta,q 0.92793 12.36009
  0.0801  0.0958  0.0809  0.0796  0.0846  0.0760
  0.0758  0.0877  0.0765  0.0768  0.0798  0.0734
  0.0758  0.0795  0.0748  0.0750  0.0762  0.0721
  0.0769  0.0760  0.0758  0.0751  0.0747  0.0723
  0.0783  0.0763  0.0777  0.0775  0.0736  0.0734
  0.0834  0.0789  0.0804  0.0803  0.0718  0.0755
  0.0907  0.0838  0.0839  0.0833  0.0712  0.0781
niter,ni,del,rscale     7    3   12.0000    1.2000
parameters
   -5.2581  -24.1229    5.4689   -4.7538    8.7851   -1.8244
eta,q 0.92842 12.36949
  0.0788  0.0878  0.0797  0.0791  0.0803  0.0768
  0.0726  0.0796  0.0741  0.0759  0.0756  0.0739
  0.0713  0.0732  0.0716  0.0732  0.0731  0.0721
  0.0721  0.0719  0.0720  0.0720  0.0720  0.0716
  0.0732  0.0737  0.0733  0.0733  0.0715  0.0720
  0.0783  0.0783  0.0758  0.0760  0.0729  0.0738
  0.0856  0.0849  0.0789  0.0793  0.0758  0.0765
niter,ni,del,rscale     6    3   12.0000    1.2000
parameters
   -5.5557  -24.1455    5.4294   -4.8038    8.8897   -1.7910
eta,q 0.92846 12.36570
  0.0805  0.0863  0.0797  0.0787  0.0781  0.0768
  0.0743  0.0781  0.0739  0.0757  0.0738  0.0738
  0.0713  0.0724  0.0713  0.0727  0.0721  0.0721
  0.0716  0.0716  0.0716  0.0716  0.0715  0.0715
  0.0717  0.0737  0.0730  0.0731  0.0720  0.0720
  0.0758  0.0790  0.0754  0.0757  0.0742  0.0738
  0.0826  0.0856  0.0784  0.0789  0.0773  0.0766
niter,ni,del,rscale     5    3   12.0000    1.2000
parameters
   -5.5551  -24.1491    5.4212   -4.8162    8.8862   -1.7885
eta,q 0.92847 12.36543
  0.0814  0.0863  0.0798  0.0788  0.0779  0.0767
  0.0750  0.0782  0.0739  0.0757  0.0736  0.0738
  0.0714  0.0724  0.0713  0.0727  0.0721  0.0720
  0.0715  0.0715  0.0715  0.0715  0.0715  0.0715
  0.0714  0.0737  0.0730  0.0731  0.0721  0.0720
  0.0750  0.0789  0.0754  0.0756  0.0743  0.0739
  0.0814  0.0855  0.0784  0.0788  0.0774  0.0767
registration optimization eta report
parameter search radius
    6.0000    6.9000    6.0000    6.9000    7.9350    6.0000
100000*second partial in parameter space
       30.       30.       21.       14.       10.       15.
  0.0814  0.0863  0.0798  0.0788  0.0779  0.0767
  0.0750  0.0782  0.0739  0.0757  0.0736  0.0738
  0.0714  0.0724  0.0713  0.0727  0.0721  0.0720
  0.0715  0.0715  0.0715  0.0715  0.0715  0.0715
  0.0714  0.0737  0.0730  0.0731  0.0721  0.0720
  0.0750  0.0789  0.0754  0.0756  0.0743  0.0739
  0.0814  0.0855  0.0784  0.0788  0.0774  0.0767
   -5.5551  -24.1491    5.4212   -4.8162    8.8862   -1.7885
eta,q 0.92847 12.36543

---------------------------------------------------------------------
imgreg_4dfp /opt/freesurfer/average/711-2C_as_mni_average_305 /opt/freesurfer/average/711-2B_as_mni_average_305_mask talsrcimg_g11 none talsrcimg_to_711-2C_as_mni_average_305_t4 3335
---------------------------------------------------------------------

freesurfer imgreg_4dfp.c
/opt/freesurfer/average/711-2C_as_mni_average_305.4dfp.img
       256       256       256         1
  1.000000  1.000000  1.000000
orientation T byte_order littleendian
Reading image: /opt/freesurfer/average/711-2C_as_mni_average_305.4dfp.img
dimensions:      256       256       256
mmppix:       1.0000   -1.0000   -1.0000
center:     128.0000 -129.0000 -129.0000
/opt/freesurfer/average/711-2B_as_mni_average_305_mask.4dfp.img
       256       256       256         1
  1.000000  1.000000  1.000000
orientation T byte_order littleendian
Reading mask: /opt/freesurfer/average/711-2B_as_mni_average_305_mask.4dfp.img (2306576 pixels)
talsrcimg_g11.4dfp.img
       256       256       256         1
  1.000000  1.000000  1.000000
orientation T byte_order littleendian
Reading image: talsrcimg_g11.4dfp.img
dimensions:      256       256       256
mmppix:       1.0000   -1.0000   -1.0000
center:     128.0000 -129.0000 -129.0000
fimgreg.f
image alignment mode   3335 decimal      D07 hex
parameters
   -5.5551  -24.1491    5.4212   -1.2484   -0.4421   -1.5491
    4.4063  -15.1232   -3.0835    8.8722   15.4472   -8.2951
eta,q 0.92936 12.36796
niter,ni,del,rscale     5    3    5.0000    1.2000
parameter  4  4.028316 ->  0.500000 qaram    1.1500
parameter  5  2.992980 ->  0.500000 qaram    1.1500
parameter  6  2.526382 ->  0.500000 qaram    1.1500
parameter 10  0.759123 ->  0.500000 qaram    1.1500
parameter 11  0.866149 ->  0.500000 qaram    1.1500
parameters
   -5.6970  -24.8062    5.8525   -5.3884   -4.5821   -5.6891
    4.3725  -13.5212   -2.8873    4.7322   11.3072  -10.0088
eta,q 0.95368 11.23945
  0.0725  0.0715  0.0722  0.0590  0.0533  0.0455  0.0527  0.0554  0.0516  0.0476  0.0463  0.0473
  0.0714  0.0707  0.0713  0.0621  0.0559  0.0485  0.0509  0.0525  0.0503  0.0473  0.0464  0.0466
  0.0708  0.0705  0.0707  0.0660  0.0593  0.0522  0.0498  0.0506  0.0495  0.0478  0.0467  0.0463
  0.0706  0.0706  0.0705  0.0704  0.0631  0.0568  0.0495  0.0495  0.0492  0.0492  0.0474  0.0464
  0.0709  0.0712  0.0705  0.0752  0.0673  0.0622  0.0499  0.0493  0.0495  0.0513  0.0484  0.0469
  0.0717  0.0721  0.0708  0.0801  0.0720  0.0678  0.0510  0.0501  0.0502  0.0540  0.0497  0.0477
  0.0731  0.0732  0.0713  0.0852  0.0769  0.0738  0.0527  0.0518  0.0513  0.0572  0.0512  0.0488
niter,ni,del,rscale     7    3    5.0000    1.2000
parameter  4  1.094923 ->  0.500000 qaram    1.3225
parameter  5  1.215414 ->  0.500000 qaram    1.3225
parameter  6  0.855848 ->  0.500000 qaram    1.3225
parameters
   -5.5551  -24.4193    5.0338  -10.1494   -9.3431  -10.4501
    5.4117  -13.4860   -2.4994    3.5677   11.9165  -10.0263
eta,q 0.96805 10.59323
  0.0502  0.0498  0.0468  0.0405  0.0357  0.0326  0.0359  0.0380  0.0346  0.0352  0.0348  0.0333
  0.0482  0.0481  0.0462  0.0408  0.0365  0.0320  0.0342  0.0349  0.0333  0.0332  0.0334  0.0325
  0.0468  0.0469  0.0460  0.0426  0.0383  0.0335  0.0329  0.0329  0.0324  0.0321  0.0325  0.0321
  0.0463  0.0463  0.0463  0.0460  0.0411  0.0369  0.0322  0.0321  0.0321  0.0321  0.0320  0.0320
  0.0466  0.0463  0.0469  0.0507  0.0447  0.0419  0.0322  0.0328  0.0323  0.0330  0.0321  0.0321
  0.0476  0.0470  0.0479  0.0560  0.0492  0.0480  0.0329  0.0349  0.0330  0.0349  0.0328  0.0326
  0.0494  0.0481  0.0492  0.0617  0.0542  0.0546  0.0343  0.0379  0.0342  0.0378  0.0342  0.0333
niter,ni,del,rscale     7    3    5.0000    1.2000
parameter  5  0.542721 ->  0.500000 qaram    1.5209
parameters
   -5.4496  -23.6861    4.5070  -12.5204  -14.8182  -13.7178
    5.3986  -13.7822   -2.6825    4.5740   12.4775  -10.8086
eta,q 0.96915 10.07547
  0.0365  0.0367  0.0331  0.0350  0.0311  0.0329  0.0333  0.0349  0.0324  0.0346  0.0324  0.0316
  0.0341  0.0345  0.0321  0.0332  0.0308  0.0317  0.0320  0.0326  0.0316  0.0327  0.0316  0.0312
  0.0326  0.0329  0.0316  0.0318  0.0308  0.0309  0.0312  0.0312  0.0311  0.0315  0.0311  0.0309
  0.0320  0.0320  0.0317  0.0316  0.0316  0.0307  0.0310  0.0310  0.0309  0.0309  0.0309  0.0309
  0.0323  0.0317  0.0323  0.0333  0.0337  0.0331  0.0312  0.0317  0.0311  0.0310  0.0309  0.0310
  0.0336  0.0321  0.0335  0.0374  0.0368  0.0377  0.0321  0.0332  0.0317  0.0317  0.0313  0.0315
  0.0358  0.0331  0.0351  0.0428  0.0411  0.0439  0.0333  0.0354  0.0325  0.0332  0.0321  0.0321
niter,ni,del,rscale     7    3    5.0000    1.2000
parameters
   -5.2488  -23.0650    3.5387  -12.1728  -16.6028  -15.3365
    5.3398  -13.5788   -2.5567    6.3121   12.5449  -11.5464
eta,q 0.96946  9.91901
  0.0348  0.0339  0.0310  0.0349  0.0324  0.0337  0.0328  0.0349  0.0321  0.0343  0.0318  0.0313
  0.0328  0.0324  0.0305  0.0332  0.0312  0.0319  0.0316  0.0326  0.0314  0.0327  0.0311  0.0309
  0.0315  0.0313  0.0304  0.0317  0.0305  0.0309  0.0309  0.0311  0.0309  0.0315  0.0307  0.0306
  0.0308  0.0308  0.0307  0.0304  0.0303  0.0304  0.0307  0.0307  0.0307  0.0307  0.0306  0.0306
  0.0310  0.0307  0.0313  0.0301  0.0307  0.0310  0.0310  0.0312  0.0309  0.0306  0.0306  0.0307
  0.0320  0.0310  0.0320  0.0317  0.0322  0.0338  0.0317  0.0324  0.0313  0.0311  0.0310  0.0311
  0.0337  0.0317  0.0330  0.0354  0.0353  0.0386  0.0328  0.0344  0.0320  0.0323  0.0318  0.0316
niter,ni,del,rscale     6    3    5.0000    1.2000
parameters
   -5.1177  -22.3212    3.0078  -12.1538  -18.4763  -16.3514
    5.2319  -13.3874   -2.5940    8.1105   12.8322  -11.6464
eta,q 0.96980  9.77245
  0.0341  0.0336  0.0311  0.0342  0.0320  0.0337  0.0323  0.0343  0.0318  0.0341  0.0314  0.0310
  0.0323  0.0321  0.0305  0.0326  0.0309  0.0318  0.0312  0.0322  0.0310  0.0325  0.0308  0.0306
  0.0311  0.0311  0.0303  0.0314  0.0304  0.0307  0.0306  0.0308  0.0306  0.0312  0.0304  0.0303
  0.0305  0.0305  0.0304  0.0303  0.0303  0.0303  0.0304  0.0304  0.0304  0.0304  0.0302  0.0302
  0.0308  0.0304  0.0307  0.0301  0.0307  0.0304  0.0307  0.0309  0.0306  0.0302  0.0303  0.0303
  0.0318  0.0306  0.0313  0.0316  0.0319  0.0327  0.0314  0.0320  0.0310  0.0307  0.0306  0.0306
  0.0334  0.0312  0.0321  0.0352  0.0343  0.0366  0.0323  0.0338  0.0318  0.0320  0.0313  0.0310
niter,ni,del,rscale     5    3    5.0000    1.2000
parameters
   -5.0241  -21.5856    2.6295  -12.3036  -20.5789  -17.1547
    5.0355  -13.2605   -2.9681    9.4676   13.3222  -11.3724
eta,q 0.97015  9.61209
  0.0334  0.0333  0.0308  0.0334  0.0316  0.0333  0.0317  0.0336  0.0314  0.0339  0.0310  0.0307
  0.0317  0.0318  0.0303  0.0320  0.0306  0.0314  0.0307  0.0316  0.0306  0.0321  0.0304  0.0302
  0.0306  0.0308  0.0300  0.0310  0.0300  0.0303  0.0301  0.0303  0.0301  0.0308  0.0301  0.0299
  0.0302  0.0302  0.0300  0.0300  0.0300  0.0299  0.0300  0.0300  0.0300  0.0300  0.0299  0.0299
  0.0304  0.0300  0.0303  0.0298  0.0306  0.0299  0.0303  0.0304  0.0303  0.0299  0.0299  0.0299
  0.0314  0.0303  0.0308  0.0313  0.0317  0.0320  0.0310  0.0315  0.0308  0.0307  0.0302  0.0302
  0.0330  0.0309  0.0316  0.0347  0.0339  0.0355  0.0318  0.0333  0.0317  0.0321  0.0308  0.0305
niter,ni,del,rscale     4    3    5.0000    1.2000
parameters
   -4.9417  -21.0178    2.3755  -12.4976  -21.9918  -17.6753
    4.9549  -13.2153   -3.2468   10.2742   13.6791  -11.2724
eta,q 0.97024  9.50359
  0.0328  0.0328  0.0307  0.0329  0.0318  0.0331  0.0316  0.0332  0.0313  0.0335  0.0308  0.0305
  0.0313  0.0314  0.0301  0.0316  0.0306  0.0313  0.0306  0.0312  0.0305  0.0317  0.0303  0.0300
  0.0303  0.0304  0.0298  0.0306  0.0299  0.0301  0.0300  0.0301  0.0300  0.0304  0.0299  0.0298
  0.0299  0.0299  0.0298  0.0298  0.0298  0.0298  0.0298  0.0298  0.0298  0.0298  0.0298  0.0298
  0.0301  0.0298  0.0300  0.0296  0.0303  0.0296  0.0301  0.0302  0.0301  0.0299  0.0298  0.0299
  0.0310  0.0302  0.0304  0.0309  0.0314  0.0314  0.0307  0.0313  0.0306  0.0308  0.0301  0.0301
  0.0325  0.0309  0.0312  0.0342  0.0333  0.0348  0.0315  0.0330  0.0315  0.0324  0.0307  0.0304
niter,ni,del,rscale     3    3    5.0000    1.2000
parameters
   -4.8881  -20.6398    2.2049  -12.6144  -22.7830  -18.0031
    4.9417  -13.1824   -3.4350   10.7714   13.8952  -11.3103
eta,q 0.97024  9.44353
  0.0325  0.0323  0.0307  0.0328  0.0320  0.0331  0.0315  0.0331  0.0313  0.0332  0.0307  0.0304
  0.0310  0.0310  0.0301  0.0315  0.0308  0.0313  0.0306  0.0312  0.0304  0.0314  0.0302  0.0300
  0.0301  0.0301  0.0298  0.0305  0.0300  0.0301  0.0299  0.0300  0.0299  0.0303  0.0299  0.0298
  0.0298  0.0298  0.0297  0.0297  0.0298  0.0298  0.0298  0.0298  0.0298  0.0298  0.0298  0.0298
  0.0300  0.0298  0.0299  0.0295  0.0302  0.0296  0.0300  0.0302  0.0300  0.0300  0.0298  0.0299
  0.0309  0.0303  0.0303  0.0308  0.0312  0.0311  0.0306  0.0312  0.0306  0.0309  0.0301  0.0301
  0.0323  0.0310  0.0310  0.0339  0.0329  0.0343  0.0315  0.0329  0.0314  0.0325  0.0307  0.0304
niter,ni,del,rscale     2    3    5.0000    1.2000
parameters
   -4.8487  -20.4101    2.0991  -12.6818  -23.2271  -18.1973
    4.9442  -13.1582   -3.5492   11.0807   14.0259  -11.3636
eta,q 0.97024  9.41073
  0.0324  0.0319  0.0307  0.0328  0.0322  0.0332  0.0315  0.0331  0.0313  0.0331  0.0307  0.0304
  0.0310  0.0307  0.0302  0.0314  0.0309  0.0313  0.0306  0.0311  0.0305  0.0313  0.0302  0.0300
  0.0301  0.0300  0.0299  0.0305  0.0301  0.0302  0.0300  0.0300  0.0299  0.0302  0.0299  0.0298
  0.0298  0.0298  0.0298  0.0298  0.0298  0.0298  0.0298  0.0298  0.0298  0.0298  0.0298  0.0298
  0.0300  0.0299  0.0299  0.0295  0.0301  0.0296  0.0300  0.0302  0.0300  0.0301  0.0298  0.0299
  0.0308  0.0304  0.0303  0.0307  0.0311  0.0310  0.0306  0.0312  0.0305  0.0310  0.0301  0.0301
  0.0322  0.0312  0.0309  0.0337  0.0327  0.0341  0.0315  0.0329  0.0314  0.0326  0.0307  0.0304
niter,ni,del,rscale     1    3    5.0000    1.2000
parameters
   -4.8232  -20.2757    2.0356  -12.7222  -23.4806  -18.3079
    4.9581  -13.1436   -3.6219   11.2577   14.0805  -11.4151
eta,q 0.97022  9.39220
  0.0323  0.0318  0.0307  0.0328  0.0323  0.0332  0.0316  0.0331  0.0313  0.0329  0.0307  0.0304
  0.0309  0.0307  0.0302  0.0314  0.0310  0.0314  0.0306  0.0311  0.0305  0.0312  0.0302  0.0300
  0.0301  0.0300  0.0299  0.0305  0.0301  0.0302  0.0300  0.0300  0.0299  0.0302  0.0299  0.0298
  0.0298  0.0298  0.0298  0.0298  0.0298  0.0298  0.0298  0.0298  0.0298  0.0298  0.0298  0.0298
  0.0300  0.0299  0.0299  0.0296  0.0301  0.0296  0.0300  0.0302  0.0300  0.0301  0.0298  0.0299
  0.0308  0.0305  0.0302  0.0307  0.0311  0.0309  0.0307  0.0312  0.0305  0.0311  0.0301  0.0301
  0.0322  0.0313  0.0309  0.0337  0.0326  0.0340  0.0315  0.0329  0.0314  0.0327  0.0308  0.0304
registration optimization eta report
parameter search radius
    2.4000    2.4000    2.4000    9.5220   10.9503    9.5220
    7.2000    7.2000    7.2000    8.2800    8.2800    7.2000
100000*second partial in parameter space
       43.       30.       18.        4.        2.        4.
        3.        6.        3.        4.        1.        1.
  0.0323  0.0318  0.0307  0.0328  0.0323  0.0332  0.0316  0.0331  0.0313  0.0329  0.0307  0.0304
  0.0309  0.0307  0.0302  0.0314  0.0310  0.0314  0.0306  0.0311  0.0305  0.0312  0.0302  0.0300
  0.0301  0.0300  0.0299  0.0305  0.0301  0.0302  0.0300  0.0300  0.0299  0.0302  0.0299  0.0298
  0.0298  0.0298  0.0298  0.0298  0.0298  0.0298  0.0298  0.0298  0.0298  0.0298  0.0298  0.0298
  0.0300  0.0299  0.0299  0.0296  0.0301  0.0296  0.0300  0.0302  0.0300  0.0301  0.0298  0.0299
  0.0308  0.0305  0.0302  0.0307  0.0311  0.0309  0.0307  0.0312  0.0305  0.0311  0.0301  0.0301
  0.0322  0.0313  0.0309  0.0337  0.0326  0.0340  0.0315  0.0329  0.0314  0.0327  0.0308  0.0304
   -4.8232  -20.2757    2.0356  -12.7222  -23.4806  -18.3079
    4.9581  -13.1436   -3.6219   11.2577   14.0805  -11.4151
eta,q 0.97022  9.39220

---------------------------------------------------------------------
imgreg_4dfp /opt/freesurfer/average/711-2C_as_mni_average_305 /opt/freesurfer/average/711-2B_as_mni_average_305_mask talsrcimg_g11 none talsrcimg_to_711-2C_as_mni_average_305_t4 2311
---------------------------------------------------------------------

freesurfer imgreg_4dfp.c
/opt/freesurfer/average/711-2C_as_mni_average_305.4dfp.img
       256       256       256         1
  1.000000  1.000000  1.000000
orientation T byte_order littleendian
Reading image: /opt/freesurfer/average/711-2C_as_mni_average_305.4dfp.img
dimensions:      256       256       256
mmppix:       1.0000   -1.0000   -1.0000
center:     128.0000 -129.0000 -129.0000
/opt/freesurfer/average/711-2B_as_mni_average_305_mask.4dfp.img
       256       256       256         1
  1.000000  1.000000  1.000000
orientation T byte_order littleendian
Reading mask: /opt/freesurfer/average/711-2B_as_mni_average_305_mask.4dfp.img (2306576 pixels)
talsrcimg_g11.4dfp.img
       256       256       256         1
  1.000000  1.000000  1.000000
orientation T byte_order littleendian
Reading image: talsrcimg_g11.4dfp.img
dimensions:      256       256       256
mmppix:       1.0000   -1.0000   -1.0000
center:     128.0000 -129.0000 -129.0000
fimgreg.f
image alignment mode   2311 decimal      907 hex
parameters
   -4.8232  -20.2757    2.0356  -12.7222  -23.4806  -18.3079
    4.9581  -13.1436   -3.6219   11.2577   14.0805  -11.4151
eta,q 0.97022  9.39220
niter,ni,del,rscale     5    3    5.0000    0.8000
parameters
   -4.7909  -20.2508    2.0589  -10.4677  -23.0942  -16.8463
    5.0459  -13.3258   -3.3223   11.6308   13.8824  -11.8998
eta,q 0.97061  9.57643
  0.0309  0.0306  0.0302  0.0309  0.0302  0.0306  0.0303  0.0311  0.0302  0.0305  0.0298  0.0296
  0.0303  0.0301  0.0300  0.0305  0.0299  0.0300  0.0298  0.0301  0.0298  0.0300  0.0296  0.0295
  0.0299  0.0299  0.0298  0.0301  0.0296  0.0297  0.0295  0.0295  0.0295  0.0296  0.0295  0.0294
  0.0298  0.0298  0.0298  0.0298  0.0295  0.0295  0.0294  0.0294  0.0294  0.0294  0.0294  0.0294
  0.0299  0.0299  0.0298  0.0296  0.0296  0.0294  0.0295  0.0297  0.0295  0.0295  0.0294  0.0295
  0.0302  0.0301  0.0300  0.0296  0.0297  0.0293  0.0298  0.0303  0.0297  0.0297  0.0296  0.0296
  0.0309  0.0305  0.0302  0.0299  0.0300  0.0298  0.0302  0.0313  0.0300  0.0303  0.0299  0.0297
niter,ni,del,rscale     4    3    5.0000    0.7000
parameters
   -4.8976  -20.3923    2.0851  -10.8738  -22.7521  -16.8871
    5.2719  -13.4390   -3.3292   11.5507   14.1000  -12.0424
eta,q 0.97061  9.58251
  0.0302  0.0299  0.0298  0.0301  0.0299  0.0300  0.0301  0.0307  0.0299  0.0301  0.0297  0.0296
  0.0297  0.0296  0.0296  0.0298  0.0296  0.0297  0.0297  0.0299  0.0296  0.0297  0.0296  0.0295
  0.0295  0.0294  0.0294  0.0295  0.0295  0.0295  0.0295  0.0295  0.0295  0.0295  0.0295  0.0294
  0.0294  0.0294  0.0294  0.0294  0.0294  0.0294  0.0294  0.0294  0.0294  0.0294  0.0294  0.0294
  0.0295  0.0295  0.0294  0.0295  0.0294  0.0293  0.0294  0.0296  0.0295  0.0295  0.0294  0.0294
  0.0299  0.0297  0.0296  0.0299  0.0295  0.0295  0.0296  0.0301  0.0296  0.0298  0.0295  0.0295
  0.0305  0.0301  0.0298  0.0307  0.0297  0.0302  0.0300  0.0308  0.0299  0.0302  0.0297  0.0296
niter,ni,del,rscale     3    3    5.0000    0.6000
parameters
   -4.9252  -20.4579    2.0624  -10.7147  -22.5737  -16.5561
    5.4102  -13.5471   -3.3289   11.6032   14.2524  -12.1800
eta,q 0.97068  9.61741
  0.0301  0.0298  0.0297  0.0301  0.0297  0.0298  0.0298  0.0303  0.0297  0.0299  0.0296  0.0295
  0.0297  0.0295  0.0295  0.0298  0.0295  0.0296  0.0296  0.0298  0.0295  0.0296  0.0295  0.0294
  0.0295  0.0294  0.0294  0.0295  0.0294  0.0295  0.0294  0.0294  0.0294  0.0294  0.0294  0.0293
  0.0294  0.0294  0.0294  0.0294  0.0294  0.0294  0.0293  0.0293  0.0293  0.0293  0.0293  0.0293
  0.0295  0.0295  0.0294  0.0294  0.0294  0.0293  0.0294  0.0295  0.0294  0.0294  0.0293  0.0294
  0.0297  0.0296  0.0295  0.0296  0.0295  0.0294  0.0295  0.0299  0.0295  0.0296  0.0294  0.0294
  0.0301  0.0299  0.0297  0.0301  0.0296  0.0298  0.0298  0.0304  0.0297  0.0299  0.0296  0.0295
niter,ni,del,rscale     2    3    5.0000    0.5000
parameters
   -4.9681  -20.5035    2.0908  -10.6195  -22.4619  -16.2324
    5.5751  -13.6453   -3.3444   11.6360   14.3728  -12.2848
eta,q 0.97073  9.64534
  0.0298  0.0296  0.0296  0.0298  0.0295  0.0297  0.0296  0.0300  0.0295  0.0297  0.0295  0.0294
  0.0295  0.0294  0.0294  0.0296  0.0294  0.0296  0.0295  0.0296  0.0294  0.0295  0.0294  0.0293
  0.0294  0.0293  0.0293  0.0294  0.0293  0.0295  0.0293  0.0293  0.0293  0.0293  0.0293  0.0293
  0.0293  0.0293  0.0293  0.0293  0.0293  0.0293  0.0293  0.0293  0.0293  0.0293  0.0293  0.0293
  0.0294  0.0294  0.0294  0.0293  0.0293  0.0292  0.0293  0.0294  0.0293  0.0293  0.0293  0.0293
  0.0296  0.0295  0.0294  0.0295  0.0294  0.0293  0.0294  0.0297  0.0294  0.0294  0.0294  0.0293
  0.0299  0.0297  0.0295  0.0298  0.0295  0.0297  0.0296  0.0301  0.0296  0.0297  0.0295  0.0294
niter,ni,del,rscale     1    3    5.0000    0.4000
parameters
   -5.0180  -20.5406    2.1505  -10.5498  -22.3707  -15.8612
    5.7095  -13.7360   -3.3603   11.6305   14.4520  -12.4432
eta,q 0.97077  9.67239
  0.0296  0.0295  0.0295  0.0296  0.0294  0.0296  0.0295  0.0297  0.0294  0.0295  0.0294  0.0293
  0.0294  0.0293  0.0294  0.0294  0.0293  0.0295  0.0293  0.0294  0.0293  0.0294  0.0293  0.0293
  0.0293  0.0293  0.0293  0.0293  0.0293  0.0294  0.0293  0.0293  0.0292  0.0293  0.0293  0.0292
  0.0293  0.0293  0.0293  0.0293  0.0293  0.0293  0.0292  0.0292  0.0292  0.0292  0.0292  0.0292
  0.0293  0.0293  0.0293  0.0293  0.0293  0.0292  0.0292  0.0293  0.0293  0.0293  0.0292  0.0292
  0.0295  0.0294  0.0293  0.0294  0.0293  0.0293  0.0293  0.0295  0.0293  0.0294  0.0293  0.0293
  0.0297  0.0295  0.0294  0.0296  0.0294  0.0295  0.0294  0.0298  0.0294  0.0295  0.0294  0.0293
registration optimization eta report
parameter search radius
    0.8000    0.8000    0.8000    2.4000    2.4000    2.4000
    2.4000    2.4000    2.4000    2.4000    2.4000    2.4000
100000*second partial in parameter space
       53.       31.       25.        6.        2.        5.
        4.        9.        3.        5.        3.        1.
  0.0296  0.0295  0.0295  0.0296  0.0294  0.0296  0.0295  0.0297  0.0294  0.0295  0.0294  0.0293
  0.0294  0.0293  0.0294  0.0294  0.0293  0.0295  0.0293  0.0294  0.0293  0.0294  0.0293  0.0293
  0.0293  0.0293  0.0293  0.0293  0.0293  0.0294  0.0293  0.0293  0.0292  0.0293  0.0293  0.0292
  0.0293  0.0293  0.0293  0.0293  0.0293  0.0293  0.0292  0.0292  0.0292  0.0292  0.0292  0.0292
  0.0293  0.0293  0.0293  0.0293  0.0293  0.0292  0.0292  0.0293  0.0293  0.0293  0.0292  0.0292
  0.0295  0.0294  0.0293  0.0294  0.0293  0.0293  0.0293  0.0295  0.0293  0.0294  0.0293  0.0293
  0.0297  0.0295  0.0294  0.0296  0.0294  0.0295  0.0294  0.0298  0.0294  0.0295  0.0294  0.0293
   -5.0180  -20.5406    2.1505  -10.5498  -22.3707  -15.8612
    5.7095  -13.7360   -3.3603   11.6305   14.4520  -12.4432
eta,q 0.97077  9.67239

---------------------------------------------------------------------
imgreg_4dfp /opt/freesurfer/average/711-2C_as_mni_average_305 /opt/freesurfer/average/711-2B_as_mni_average_305_mask talsrcimg_g11 none talsrcimg_to_711-2C_as_mni_average_305_t4 2311
---------------------------------------------------------------------

freesurfer imgreg_4dfp.c
/opt/freesurfer/average/711-2C_as_mni_average_305.4dfp.img
       256       256       256         1
  1.000000  1.000000  1.000000
orientation T byte_order littleendian
Reading image: /opt/freesurfer/average/711-2C_as_mni_average_305.4dfp.img
dimensions:      256       256       256
mmppix:       1.0000   -1.0000   -1.0000
center:     128.0000 -129.0000 -129.0000
/opt/freesurfer/average/711-2B_as_mni_average_305_mask.4dfp.img
       256       256       256         1
  1.000000  1.000000  1.000000
orientation T byte_order littleendian
Reading mask: /opt/freesurfer/average/711-2B_as_mni_average_305_mask.4dfp.img (2306576 pixels)
talsrcimg_g11.4dfp.img
       256       256       256         1
  1.000000  1.000000  1.000000
orientation T byte_order littleendian
Reading image: talsrcimg_g11.4dfp.img
dimensions:      256       256       256
mmppix:       1.0000   -1.0000   -1.0000
center:     128.0000 -129.0000 -129.0000
fimgreg.f
image alignment mode   2311 decimal      907 hex
parameters
   -5.0180  -20.5406    2.1505  -10.5498  -22.3707  -15.8612
    5.7095  -13.7360   -3.3603   11.6305   14.4520  -12.4432
eta,q 0.97077  9.67238
niter,ni,del,rscale     5    3    5.0000    0.8000
parameters
   -5.0685  -20.5345    2.3017  -11.1590  -22.3736  -16.6223
    5.7123  -13.6910   -3.4864   11.4831   14.2561  -12.2312
eta,q 0.97063  9.61219
  0.0305  0.0300  0.0301  0.0302  0.0298  0.0300  0.0302  0.0312  0.0300  0.0303  0.0298  0.0297
  0.0298  0.0296  0.0296  0.0298  0.0295  0.0297  0.0297  0.0302  0.0297  0.0298  0.0296  0.0295
  0.0294  0.0293  0.0293  0.0294  0.0293  0.0295  0.0295  0.0295  0.0294  0.0295  0.0294  0.0294
  0.0292  0.0292  0.0292  0.0292  0.0293  0.0293  0.0294  0.0294  0.0294  0.0294  0.0294  0.0294
  0.0294  0.0293  0.0293  0.0294  0.0293  0.0293  0.0295  0.0296  0.0295  0.0295  0.0294  0.0294
  0.0299  0.0296  0.0295  0.0300  0.0295  0.0300  0.0298  0.0302  0.0297  0.0299  0.0296  0.0295
  0.0307  0.0300  0.0298  0.0312  0.0298  0.0312  0.0302  0.0311  0.0301  0.0305  0.0299  0.0297
niter,ni,del,rscale     4    3    5.0000    0.7000
parameters
   -5.0401  -20.5430    2.1094  -10.8960  -22.3864  -16.7417
    5.6664  -13.6364   -3.4034   11.4928   14.2910  -12.1149
eta,q 0.97065  9.61442
  0.0304  0.0300  0.0297  0.0303  0.0297  0.0299  0.0300  0.0308  0.0299  0.0302  0.0297  0.0296
  0.0298  0.0296  0.0295  0.0299  0.0295  0.0297  0.0296  0.0300  0.0296  0.0297  0.0295  0.0295
  0.0295  0.0294  0.0294  0.0296  0.0294  0.0295  0.0294  0.0295  0.0294  0.0295  0.0294  0.0294
  0.0294  0.0294  0.0294  0.0294  0.0293  0.0293  0.0294  0.0294  0.0294  0.0294  0.0294  0.0294
  0.0295  0.0294  0.0295  0.0293  0.0294  0.0292  0.0294  0.0295  0.0294  0.0294  0.0294  0.0294
  0.0298  0.0297  0.0296  0.0296  0.0295  0.0295  0.0297  0.0300  0.0296  0.0297  0.0295  0.0295
  0.0303  0.0300  0.0299  0.0302  0.0297  0.0303  0.0300  0.0307  0.0299  0.0302  0.0297  0.0296
niter,ni,del,rscale     3    3    5.0000    0.6000
parameters
   -5.0208  -20.5339    2.0799  -10.7146  -22.4086  -16.5163
    5.6425  -13.6602   -3.3892   11.5568   14.3476  -12.1875
eta,q 0.97069  9.63133
  0.0301  0.0298  0.0297  0.0301  0.0296  0.0298  0.0298  0.0304  0.0297  0.0299  0.0296  0.0295
  0.0297  0.0296  0.0295  0.0298  0.0295  0.0296  0.0295  0.0298  0.0295  0.0296  0.0294  0.0294
  0.0295  0.0294  0.0294  0.0295  0.0294  0.0295  0.0294  0.0294  0.0294  0.0294  0.0294  0.0293
  0.0294  0.0294  0.0294  0.0294  0.0293  0.0294  0.0293  0.0293  0.0293  0.0293  0.0293  0.0293
  0.0294  0.0294  0.0294  0.0294  0.0294  0.0292  0.0294  0.0295  0.0294  0.0294  0.0293  0.0293
  0.0297  0.0296  0.0295  0.0296  0.0295  0.0294  0.0295  0.0298  0.0295  0.0296  0.0294  0.0294
  0.0301  0.0298  0.0297  0.0300  0.0296  0.0299  0.0298  0.0304  0.0297  0.0299  0.0296  0.0295
niter,ni,del,rscale     2    3    5.0000    0.5000
parameters
   -5.0224  -20.5368    2.1048  -10.6171  -22.4074  -16.2024
    5.6888  -13.7057   -3.3888   11.6013   14.4380  -12.2723
eta,q 0.97073  9.65112
  0.0298  0.0296  0.0296  0.0298  0.0295  0.0297  0.0296  0.0301  0.0295  0.0297  0.0295  0.0294
  0.0295  0.0294  0.0294  0.0296  0.0294  0.0296  0.0294  0.0296  0.0294  0.0295  0.0294  0.0293
  0.0294  0.0293  0.0293  0.0294  0.0293  0.0294  0.0293  0.0293  0.0293  0.0293  0.0293  0.0293
  0.0293  0.0293  0.0293  0.0293  0.0293  0.0293  0.0293  0.0293  0.0293  0.0293  0.0293  0.0293
  0.0294  0.0293  0.0293  0.0293  0.0293  0.0292  0.0293  0.0294  0.0293  0.0293  0.0293  0.0293
  0.0295  0.0295  0.0294  0.0295  0.0294  0.0293  0.0294  0.0297  0.0294  0.0294  0.0293  0.0293
  0.0298  0.0296  0.0295  0.0298  0.0295  0.0297  0.0296  0.0301  0.0295  0.0297  0.0295  0.0294
niter,ni,del,rscale     1    3    5.0000    0.4000
parameters
   -5.0456  -20.5587    2.1574  -10.5596  -22.3361  -15.8423
    5.8002  -13.7748   -3.3842   11.6053   14.4949  -12.4559
eta,q 0.97077  9.67555
  0.0296  0.0295  0.0295  0.0296  0.0294  0.0296  0.0295  0.0297  0.0294  0.0295  0.0294  0.0293
  0.0294  0.0294  0.0293  0.0294  0.0293  0.0295  0.0293  0.0294  0.0293  0.0293  0.0293  0.0293
  0.0293  0.0293  0.0293  0.0293  0.0293  0.0294  0.0293  0.0293  0.0292  0.0293  0.0292  0.0292
  0.0293  0.0293  0.0293  0.0293  0.0293  0.0293  0.0292  0.0292  0.0292  0.0292  0.0292  0.0292
  0.0293  0.0293  0.0293  0.0293  0.0293  0.0292  0.0292  0.0293  0.0292  0.0293  0.0292  0.0292
  0.0294  0.0294  0.0293  0.0294  0.0293  0.0293  0.0293  0.0295  0.0293  0.0293  0.0293  0.0293
  0.0296  0.0295  0.0294  0.0296  0.0294  0.0295  0.0294  0.0298  0.0294  0.0295  0.0294  0.0293
registration optimization eta report
parameter search radius
    0.8000    0.8000    0.8000    2.4000    2.4000    2.4000
    2.4000    2.4000    2.4000    2.4000    2.4000    2.4000
100000*second partial in parameter space
       53.       31.       25.        6.        2.        5.
        4.        9.        3.        5.        3.        1.
  0.0296  0.0295  0.0295  0.0296  0.0294  0.0296  0.0295  0.0297  0.0294  0.0295  0.0294  0.0293
  0.0294  0.0294  0.0293  0.0294  0.0293  0.0295  0.0293  0.0294  0.0293  0.0293  0.0293  0.0293
  0.0293  0.0293  0.0293  0.0293  0.0293  0.0294  0.0293  0.0293  0.0292  0.0293  0.0292  0.0292
  0.0293  0.0293  0.0293  0.0293  0.0293  0.0293  0.0292  0.0292  0.0292  0.0292  0.0292  0.0292
  0.0293  0.0293  0.0293  0.0293  0.0293  0.0292  0.0292  0.0293  0.0292  0.0293  0.0292  0.0292
  0.0294  0.0294  0.0293  0.0294  0.0293  0.0293  0.0293  0.0295  0.0293  0.0293  0.0293  0.0293
  0.0296  0.0295  0.0294  0.0296  0.0294  0.0295  0.0294  0.0298  0.0294  0.0295  0.0294  0.0293
   -5.0456  -20.5587    2.1574  -10.5596  -22.3361  -15.8423
    5.8002  -13.7748   -3.3842   11.6053   14.4949  -12.4559
eta,q 0.97077  9.67555

---------------------------------------------------------------------
compute_vox2vox talsrcimg talsrcimg_to_711-2C_as_mni_average_305_t4 /opt/freesurfer/average/711-2C_as_mni_average_305
---------------------------------------------------------------------

freesurfer compute_vox2vox.c
Reading: talsrcimg.4dfp.ifh
Reading: talsrcimg_to_711-2C_as_mni_average_305_t4
Reading: /opt/freesurfer/average/711-2C_as_mni_average_305.4dfp.ifh
Writing: talsrcimg_to_711-2C_as_mni_average_305_t4_vox2vox.txt

start time Sat Mar 14 10:30:50 CET 2026
end		time Sat Mar 14 10:31:03 CET 2026

mpr2mni305 success

avi2talxfm orig_nu.mgz /opt/freesurfer/average/mni305.cor.mgz talsrcimg_to_711-2C_as_mni_average_305_t4_vox2vox.txt transforms/talairach.auto.xfm
avi2talxfm done
mv -f /out/sourcedata/freesurfer/sub-v2s9x29176_ses-1/mri/talsrcimg_to_711-2C_as_mni_average_305_t4_vox2vox.txt /out/sourcedata/freesurfer/sub-v2s9x29176_ses-1/mri/transforms/talsrcimg_to_711-2C_as_mni_average_305_t4_vox2vox.txt
lta_convert --src orig_nu.mgz --trg /opt/freesurfer/average/mni305.cor.mgz --inxfm transforms/talairach.auto.xfm --outlta transforms/talairach.auto.xfm.lta --subject fsaverage
7.3.2

--src: orig_nu.mgz src image (geometry).
--trg: /opt/freesurfer/average/mni305.cor.mgz trg image (geometry).
--inmni: transforms/talairach.auto.xfm input MNI/XFM transform.
--outlta: transforms/talairach.auto.xfm.lta output LTA.
--s: fsaverage subject name
 LTA read, type : 1
 1.08615   0.18488  -0.05147  -7.50588;
-0.17617   1.13255   0.19480   2.19653;
 0.07366  -0.16118   1.25625   24.37903;
 0.00000   0.00000   0.00000   1.00000;
setting subject to fsaverage
Writing  LTA to file transforms/talairach.auto.xfm.lta...
lta_convert successful.
 
 
Started at Sat Mar 14 10:30:49 CET 2026
Ended   at Sat Mar 14 10:31:04 CET 2026
talairach_avi done
