status file for recon-all
Sat Mar 14 11:52:55 CET 2026
#@# Tessellate lh Sat Mar 14 11:52:55 CET 2026
#@# Smooth1 lh Sat Mar 14 11:52:58 CET 2026
#@# Inflation1 lh Sat Mar 14 11:52:59 CET 2026
#@# QSphere lh Sat Mar 14 11:53:08 CET 2026
#@# Fix Topology lh Sat Mar 14 11:53:47 CET 2026
#@# Smooth2 lh Sat Mar 14 12:00:33 CET 2026
#@# Inflation2 lh Sat Mar 14 12:00:35 CET 2026
#@# Curv .H and .K lh Sat Mar 14 12:00:46 CET 2026
#@# Sphere lh Sat Mar 14 12:01:14 CET 2026
#@# Surf Reg lh Sat Mar 14 12:08:10 CET 2026
#@# Jacobian white lh Sat Mar 14 12:12:28 CET 2026
#@# AvgCurv lh Sat Mar 14 12:12:28 CET 2026
#@# Cortical Parc lh Sat Mar 14 12:12:29 CET 2026
#@# white curv lh Sat Mar 14 12:18:49 CET 2026
#@# white area lh Sat Mar 14 12:18:50 CET 2026
#@# pial curv lh Sat Mar 14 12:18:51 CET 2026
#@# pial area lh Sat Mar 14 12:18:52 CET 2026
#@# thickness lh Sat Mar 14 12:18:52 CET 2026
#@# area and vertex vol lh Sat Mar 14 12:19:07 CET 2026
#@# Curvature Stats lh Sat Mar 14 12:19:08 CET 2026
#@# Cortical Parc 2 lh Sat Mar 14 12:19:09 CET 2026
#@# Cortical Parc 3 lh Sat Mar 14 12:19:18 CET 2026
#@# WM/GM Contrast lh Sat Mar 14 12:19:24 CET 2026
recon-all -s sub-v2s9x29166_ses-1 finished without error at Sat Mar 14 12:19:26 CET 2026



#New# invocation of recon-all 



status file for recon-all
Sat Mar 14 12:37:58 CET 2026
#@# white curv lh Sat Mar 14 12:37:58 CET 2026
#@# white area lh Sat Mar 14 12:37:58 CET 2026
#@# pial curv lh Sat Mar 14 12:37:58 CET 2026
#@# pial area lh Sat Mar 14 12:37:58 CET 2026
#@# thickness lh Sat Mar 14 12:37:58 CET 2026
#@# area and vertex vol lh Sat Mar 14 12:37:58 CET 2026
#@# Parcellation Stats lh Sat Mar 14 12:37:58 CET 2026
#@# Parcellation Stats 2 lh Sat Mar 14 12:38:07 CET 2026
#@# Parcellation Stats 3 lh Sat Mar 14 12:38:12 CET 2026
#@# BA_exvivo Labels lh Sat Mar 14 12:38:16 CET 2026
recon-all -s sub-v2s9x29166_ses-1 finished without error at Sat Mar 14 12:39:50 CET 2026
