status file for recon-all
Sat Mar 14 12:19:27 CET 2026
#@# Tessellate rh Sat Mar 14 12:19:27 CET 2026
#@# Smooth1 rh Sat Mar 14 12:19:30 CET 2026
#@# Inflation1 rh Sat Mar 14 12:19:32 CET 2026
#@# QSphere rh Sat Mar 14 12:19:41 CET 2026
#@# Fix Topology rh Sat Mar 14 12:20:16 CET 2026
#@# Smooth2 rh Sat Mar 14 12:25:16 CET 2026
#@# Inflation2 rh Sat Mar 14 12:25:17 CET 2026
#@# Curv .H and .K rh Sat Mar 14 12:25:26 CET 2026
#@# Sphere rh Sat Mar 14 12:25:56 CET 2026
#@# Surf Reg rh Sat Mar 14 12:27:33 CET 2026
#@# Jacobian white rh Sat Mar 14 12:29:52 CET 2026
#@# AvgCurv rh Sat Mar 14 12:29:52 CET 2026
#@# Cortical Parc rh Sat Mar 14 12:29:53 CET 2026
#@# white curv rh Sat Mar 14 12:33:59 CET 2026
#@# white area rh Sat Mar 14 12:34:00 CET 2026
#@# pial curv rh Sat Mar 14 12:34:01 CET 2026
#@# pial area rh Sat Mar 14 12:34:02 CET 2026
#@# thickness rh Sat Mar 14 12:34:03 CET 2026
#@# area and vertex vol rh Sat Mar 14 12:34:18 CET 2026
#@# Curvature Stats rh Sat Mar 14 12:34:19 CET 2026
#@# Cortical Parc 2 rh Sat Mar 14 12:34:20 CET 2026
#@# Cortical Parc 3 rh Sat Mar 14 12:34:28 CET 2026
#@# WM/GM Contrast rh Sat Mar 14 12:34:36 CET 2026
recon-all -s sub-v2s9x29166_ses-1 finished without error at Sat Mar 14 12:34:38 CET 2026



#New# invocation of recon-all 



status file for recon-all
Sat Mar 14 12:39:51 CET 2026
#@# white curv rh Sat Mar 14 12:39:52 CET 2026
#@# white area rh Sat Mar 14 12:39:52 CET 2026
#@# pial curv rh Sat Mar 14 12:39:52 CET 2026
#@# pial area rh Sat Mar 14 12:39:52 CET 2026
#@# thickness rh Sat Mar 14 12:39:52 CET 2026
#@# area and vertex vol rh Sat Mar 14 12:39:52 CET 2026
#@# Parcellation Stats rh Sat Mar 14 12:39:52 CET 2026
#@# Parcellation Stats 2 rh Sat Mar 14 12:40:01 CET 2026
#@# Parcellation Stats 3 rh Sat Mar 14 12:40:06 CET 2026
#@# BA_exvivo Labels rh Sat Mar 14 12:40:11 CET 2026
recon-all -s sub-v2s9x29166_ses-1 finished without error at Sat Mar 14 12:41:53 CET 2026
