status file for recon-all
Sat Mar 14 10:28:14 CET 2026
#@# MotionCor Sat Mar 14 10:28:16 CET 2026
#@# Talairach Sat Mar 14 10:28:22 CET 2026
#@# Talairach Failure Detection Sat Mar 14 10:31:12 CET 2026
#@# Nu Intensity Correction Sat Mar 14 10:31:12 CET 2026
#@# Intensity Normalization Sat Mar 14 10:33:58 CET 2026
recon-all -s sub-v2s9x29175_ses-1 finished without error at Sat Mar 14 10:35:00 CET 2026



#New# invocation of recon-all 



status file for recon-all
Sat Mar 14 10:41:01 CET 2026
#@# EM Registration Sat Mar 14 10:41:01 CET 2026
recon-all -s sub-v2s9x29175_ses-1 finished without error at Sat Mar 14 10:45:26 CET 2026



#New# invocation of recon-all 



status file for recon-all
Sat Mar 14 10:45:30 CET 2026
#@# CA Normalize Sat Mar 14 10:45:30 CET 2026
#@# CA Reg Sat Mar 14 10:46:25 CET 2026
#@# SubCort Seg Sat Mar 14 11:37:55 CET 2026
#@# CC Seg Sat Mar 14 11:57:19 CET 2026
#@# Merge ASeg Sat Mar 14 11:58:26 CET 2026
#@# Intensity Normalization2 Sat Mar 14 11:58:26 CET 2026
#@# Mask BFS Sat Mar 14 11:59:54 CET 2026
#@# WM Segmentation Sat Mar 14 11:59:55 CET 2026
#@# Fill Sat Mar 14 12:01:28 CET 2026
recon-all -s sub-v2s9x29175_ses-1 finished without error at Sat Mar 14 12:02:06 CET 2026



#New# invocation of recon-all 



status file for recon-all
Sat Mar 14 12:45:33 CET 2026
#@# white curv lh Sat Mar 14 12:45:33 CET 2026
#@# white area lh Sat Mar 14 12:45:33 CET 2026
#@# pial curv lh Sat Mar 14 12:45:33 CET 2026
#@# pial area lh Sat Mar 14 12:45:33 CET 2026
#@# thickness lh Sat Mar 14 12:45:33 CET 2026
#@# area and vertex vol lh Sat Mar 14 12:45:33 CET 2026
#@# white curv rh Sat Mar 14 12:45:33 CET 2026
#@# white area rh Sat Mar 14 12:45:33 CET 2026
#@# pial curv rh Sat Mar 14 12:45:33 CET 2026
#@# pial area rh Sat Mar 14 12:45:33 CET 2026
#@# thickness rh Sat Mar 14 12:45:33 CET 2026
#@# area and vertex vol rh Sat Mar 14 12:45:33 CET 2026
#@# Cortical ribbon mask Sat Mar 14 12:45:33 CET 2026
recon-all -s sub-v2s9x29175_ses-1 finished without error at Sat Mar 14 12:48:31 CET 2026



#New# invocation of recon-all 



status file for recon-all
Sat Mar 14 12:53:54 CET 2026
#@# white curv lh Sat Mar 14 12:53:54 CET 2026
#@# white area lh Sat Mar 14 12:53:54 CET 2026
#@# pial curv lh Sat Mar 14 12:53:54 CET 2026
#@# pial area lh Sat Mar 14 12:53:54 CET 2026
#@# thickness lh Sat Mar 14 12:53:54 CET 2026
#@# area and vertex vol lh Sat Mar 14 12:53:54 CET 2026
#@# white curv rh Sat Mar 14 12:53:54 CET 2026
#@# white area rh Sat Mar 14 12:53:54 CET 2026
#@# pial curv rh Sat Mar 14 12:53:54 CET 2026
#@# pial area rh Sat Mar 14 12:53:54 CET 2026
#@# thickness rh Sat Mar 14 12:53:54 CET 2026
#@# area and vertex vol rh Sat Mar 14 12:53:54 CET 2026
#@# Curvature Stats lh Sat Mar 14 12:53:54 CET 2026
#@# Curvature Stats rh Sat Mar 14 12:53:56 CET 2026
#@# Relabel Hypointensities Sat Mar 14 12:53:57 CET 2026
#@# APas-to-ASeg Sat Mar 14 12:54:09 CET 2026
#@# AParc-to-ASeg aparc Sat Mar 14 12:54:16 CET 2026
#@# AParc-to-ASeg aparc.a2009s Sat Mar 14 12:54:45 CET 2026
#@# AParc-to-ASeg aparc.DKTatlas Sat Mar 14 12:55:09 CET 2026
#@# WMParc Sat Mar 14 12:55:38 CET 2026
#@# ASeg Stats Sat Mar 14 12:57:31 CET 2026
recon-all -s sub-v2s9x29175_ses-1 finished without error at Sat Mar 14 12:57:50 CET 2026
