status file for recon-all
Sat Mar 14 12:02:09 CET 2026
#@# Tessellate lh Sat Mar 14 12:02:09 CET 2026
#@# Smooth1 lh Sat Mar 14 12:02:11 CET 2026
#@# Inflation1 lh Sat Mar 14 12:02:14 CET 2026
#@# QSphere lh Sat Mar 14 12:02:27 CET 2026
#@# Fix Topology lh Sat Mar 14 12:03:56 CET 2026
#@# Smooth2 lh Sat Mar 14 12:09:27 CET 2026
#@# Inflation2 lh Sat Mar 14 12:09:30 CET 2026
#@# Curv .H and .K lh Sat Mar 14 12:09:43 CET 2026
#@# Sphere lh Sat Mar 14 12:10:20 CET 2026
#@# Surf Reg lh Sat Mar 14 12:13:38 CET 2026
#@# Jacobian white lh Sat Mar 14 12:17:12 CET 2026
#@# AvgCurv lh Sat Mar 14 12:17:13 CET 2026
#@# Cortical Parc lh Sat Mar 14 12:17:13 CET 2026
#@# white curv lh Sat Mar 14 12:22:24 CET 2026
#@# white area lh Sat Mar 14 12:22:26 CET 2026
#@# pial curv lh Sat Mar 14 12:22:26 CET 2026
#@# pial area lh Sat Mar 14 12:22:28 CET 2026
#@# thickness lh Sat Mar 14 12:22:29 CET 2026
#@# area and vertex vol lh Sat Mar 14 12:22:47 CET 2026
#@# Curvature Stats lh Sat Mar 14 12:22:48 CET 2026
#@# Cortical Parc 2 lh Sat Mar 14 12:22:50 CET 2026
#@# Cortical Parc 3 lh Sat Mar 14 12:23:00 CET 2026
#@# WM/GM Contrast lh Sat Mar 14 12:23:07 CET 2026
recon-all -s sub-v2s9x29175_ses-1 finished without error at Sat Mar 14 12:23:10 CET 2026



#New# invocation of recon-all 



status file for recon-all
Sat Mar 14 12:48:35 CET 2026
#@# white curv lh Sat Mar 14 12:48:35 CET 2026
#@# white area lh Sat Mar 14 12:48:35 CET 2026
#@# pial curv lh Sat Mar 14 12:48:35 CET 2026
#@# pial area lh Sat Mar 14 12:48:35 CET 2026
#@# thickness lh Sat Mar 14 12:48:35 CET 2026
#@# area and vertex vol lh Sat Mar 14 12:48:35 CET 2026
#@# Parcellation Stats lh Sat Mar 14 12:48:35 CET 2026
#@# Parcellation Stats 2 lh Sat Mar 14 12:48:50 CET 2026
#@# Parcellation Stats 3 lh Sat Mar 14 12:48:58 CET 2026
#@# BA_exvivo Labels lh Sat Mar 14 12:49:05 CET 2026
recon-all -s sub-v2s9x29175_ses-1 finished without error at Sat Mar 14 12:51:05 CET 2026
