status file for recon-all
Sat Mar 14 12:09:50 CET 2026
#@# Tessellate rh Sat Mar 14 12:09:50 CET 2026
#@# Smooth1 rh Sat Mar 14 12:09:52 CET 2026
#@# Inflation1 rh Sat Mar 14 12:09:54 CET 2026
#@# QSphere rh Sat Mar 14 12:10:06 CET 2026
#@# Fix Topology rh Sat Mar 14 12:10:56 CET 2026
#@# Smooth2 rh Sat Mar 14 12:15:59 CET 2026
#@# Inflation2 rh Sat Mar 14 12:16:01 CET 2026
#@# Curv .H and .K rh Sat Mar 14 12:16:13 CET 2026
#@# Sphere rh Sat Mar 14 12:16:46 CET 2026
#@# Surf Reg rh Sat Mar 14 12:18:48 CET 2026
#@# Jacobian white rh Sat Mar 14 12:22:19 CET 2026
#@# AvgCurv rh Sat Mar 14 12:22:20 CET 2026
#@# Cortical Parc rh Sat Mar 14 12:22:21 CET 2026
#@# white curv rh Sat Mar 14 12:27:26 CET 2026
#@# white area rh Sat Mar 14 12:27:27 CET 2026
#@# pial curv rh Sat Mar 14 12:27:28 CET 2026
#@# pial area rh Sat Mar 14 12:27:29 CET 2026
#@# thickness rh Sat Mar 14 12:27:30 CET 2026
#@# area and vertex vol rh Sat Mar 14 12:27:46 CET 2026
#@# Curvature Stats rh Sat Mar 14 12:27:47 CET 2026
#@# Cortical Parc 2 rh Sat Mar 14 12:27:49 CET 2026
#@# Cortical Parc 3 rh Sat Mar 14 12:27:58 CET 2026
#@# WM/GM Contrast rh Sat Mar 14 12:28:04 CET 2026
recon-all -s sub-v2s9x29164_ses-1 finished without error at Sat Mar 14 12:28:07 CET 2026



#New# invocation of recon-all 



status file for recon-all
Sat Mar 14 12:33:09 CET 2026
#@# white curv rh Sat Mar 14 12:33:09 CET 2026
#@# white area rh Sat Mar 14 12:33:09 CET 2026
#@# pial curv rh Sat Mar 14 12:33:09 CET 2026
#@# pial area rh Sat Mar 14 12:33:09 CET 2026
#@# thickness rh Sat Mar 14 12:33:09 CET 2026
#@# area and vertex vol rh Sat Mar 14 12:33:09 CET 2026
#@# Parcellation Stats rh Sat Mar 14 12:33:09 CET 2026
#@# Parcellation Stats 2 rh Sat Mar 14 12:33:21 CET 2026
#@# Parcellation Stats 3 rh Sat Mar 14 12:33:28 CET 2026
#@# BA_exvivo Labels rh Sat Mar 14 12:33:34 CET 2026
recon-all -s sub-v2s9x29164_ses-1 finished without error at Sat Mar 14 12:35:25 CET 2026
