status file for recon-all
Sat Mar 14 11:49:30 CET 2026
#@# Tessellate lh Sat Mar 14 11:49:30 CET 2026
#@# Smooth1 lh Sat Mar 14 11:49:32 CET 2026
#@# Inflation1 lh Sat Mar 14 11:49:34 CET 2026
#@# QSphere lh Sat Mar 14 11:49:45 CET 2026
#@# Fix Topology lh Sat Mar 14 11:50:39 CET 2026
#@# Smooth2 lh Sat Mar 14 11:56:51 CET 2026
#@# Inflation2 lh Sat Mar 14 11:56:53 CET 2026
#@# Curv .H and .K lh Sat Mar 14 11:57:04 CET 2026
#@# Sphere lh Sat Mar 14 11:57:38 CET 2026
#@# Surf Reg lh Sat Mar 14 12:00:49 CET 2026
#@# Jacobian white lh Sat Mar 14 12:03:56 CET 2026
#@# AvgCurv lh Sat Mar 14 12:03:57 CET 2026
#@# Cortical Parc lh Sat Mar 14 12:03:58 CET 2026
#@# white curv lh Sat Mar 14 12:09:06 CET 2026
#@# white area lh Sat Mar 14 12:09:07 CET 2026
#@# pial curv lh Sat Mar 14 12:09:08 CET 2026
#@# pial area lh Sat Mar 14 12:09:09 CET 2026
#@# thickness lh Sat Mar 14 12:09:09 CET 2026
#@# area and vertex vol lh Sat Mar 14 12:09:26 CET 2026
#@# Curvature Stats lh Sat Mar 14 12:09:26 CET 2026
#@# Cortical Parc 2 lh Sat Mar 14 12:09:28 CET 2026
#@# Cortical Parc 3 lh Sat Mar 14 12:09:38 CET 2026
#@# WM/GM Contrast lh Sat Mar 14 12:09:45 CET 2026
recon-all -s sub-v2s9x29164_ses-1 finished without error at Sat Mar 14 12:09:47 CET 2026



#New# invocation of recon-all 



status file for recon-all
Sat Mar 14 12:30:54 CET 2026
#@# white curv lh Sat Mar 14 12:30:54 CET 2026
#@# white area lh Sat Mar 14 12:30:54 CET 2026
#@# pial curv lh Sat Mar 14 12:30:54 CET 2026
#@# pial area lh Sat Mar 14 12:30:54 CET 2026
#@# thickness lh Sat Mar 14 12:30:54 CET 2026
#@# area and vertex vol lh Sat Mar 14 12:30:54 CET 2026
#@# Parcellation Stats lh Sat Mar 14 12:30:54 CET 2026
#@# Parcellation Stats 2 lh Sat Mar 14 12:31:06 CET 2026
#@# Parcellation Stats 3 lh Sat Mar 14 12:31:12 CET 2026
#@# BA_exvivo Labels lh Sat Mar 14 12:31:18 CET 2026
recon-all -s sub-v2s9x29164_ses-1 finished without error at Sat Mar 14 12:33:06 CET 2026
