status file for recon-all
Sat Mar 14 11:58:18 CET 2026
#@# Tessellate rh Sat Mar 14 11:58:18 CET 2026
#@# Smooth1 rh Sat Mar 14 11:58:21 CET 2026
#@# Inflation1 rh Sat Mar 14 11:58:23 CET 2026
#@# QSphere rh Sat Mar 14 11:58:30 CET 2026
#@# Fix Topology rh Sat Mar 14 11:59:07 CET 2026
#@# Smooth2 rh Sat Mar 14 12:13:27 CET 2026
#@# Inflation2 rh Sat Mar 14 12:13:29 CET 2026
#@# Curv .H and .K rh Sat Mar 14 12:13:37 CET 2026
#@# Sphere rh Sat Mar 14 12:14:13 CET 2026
#@# Surf Reg rh Sat Mar 14 12:15:44 CET 2026
#@# Jacobian white rh Sat Mar 14 12:18:12 CET 2026
#@# AvgCurv rh Sat Mar 14 12:18:13 CET 2026
#@# Cortical Parc rh Sat Mar 14 12:18:13 CET 2026
#@# white curv rh Sat Mar 14 12:23:13 CET 2026
#@# white area rh Sat Mar 14 12:23:14 CET 2026
#@# pial curv rh Sat Mar 14 12:23:14 CET 2026
#@# pial area rh Sat Mar 14 12:23:15 CET 2026
#@# thickness rh Sat Mar 14 12:23:16 CET 2026
#@# area and vertex vol rh Sat Mar 14 12:23:35 CET 2026
#@# Curvature Stats rh Sat Mar 14 12:23:36 CET 2026
#@# Cortical Parc 2 rh Sat Mar 14 12:23:37 CET 2026
#@# Cortical Parc 3 rh Sat Mar 14 12:23:47 CET 2026
#@# WM/GM Contrast rh Sat Mar 14 12:23:54 CET 2026
recon-all -s sub-v2s9x29170_ses-1 finished without error at Sat Mar 14 12:23:57 CET 2026



#New# invocation of recon-all 



status file for recon-all
Sat Mar 14 12:29:21 CET 2026
#@# white curv rh Sat Mar 14 12:29:21 CET 2026
#@# white area rh Sat Mar 14 12:29:21 CET 2026
#@# pial curv rh Sat Mar 14 12:29:21 CET 2026
#@# pial area rh Sat Mar 14 12:29:21 CET 2026
#@# thickness rh Sat Mar 14 12:29:21 CET 2026
#@# area and vertex vol rh Sat Mar 14 12:29:21 CET 2026
#@# Parcellation Stats rh Sat Mar 14 12:29:21 CET 2026
#@# Parcellation Stats 2 rh Sat Mar 14 12:29:35 CET 2026
#@# Parcellation Stats 3 rh Sat Mar 14 12:29:42 CET 2026
#@# BA_exvivo Labels rh Sat Mar 14 12:29:49 CET 2026
recon-all -s sub-v2s9x29170_ses-1 finished without error at Sat Mar 14 12:31:38 CET 2026
