status file for recon-all
Sat Mar 14 10:28:12 CET 2026
#@# MotionCor Sat Mar 14 10:28:13 CET 2026
#@# Talairach Sat Mar 14 10:28:19 CET 2026
#@# Talairach Failure Detection Sat Mar 14 10:31:08 CET 2026
#@# Nu Intensity Correction Sat Mar 14 10:31:08 CET 2026
#@# Intensity Normalization Sat Mar 14 10:33:52 CET 2026
recon-all -s sub-v2s9x29170_ses-1 finished without error at Sat Mar 14 10:34:48 CET 2026



#New# invocation of recon-all 



status file for recon-all
Sat Mar 14 10:40:38 CET 2026
#@# EM Registration Sat Mar 14 10:40:38 CET 2026
recon-all -s sub-v2s9x29170_ses-1 finished without error at Sat Mar 14 10:42:05 CET 2026



#New# invocation of recon-all 



status file for recon-all
Sat Mar 14 10:42:08 CET 2026
#@# CA Normalize Sat Mar 14 10:42:08 CET 2026
#@# CA Reg Sat Mar 14 10:43:01 CET 2026
#@# SubCort Seg Sat Mar 14 11:14:23 CET 2026
#@# CC Seg Sat Mar 14 11:34:40 CET 2026
#@# Merge ASeg Sat Mar 14 11:35:00 CET 2026
#@# Intensity Normalization2 Sat Mar 14 11:35:00 CET 2026
#@# Mask BFS Sat Mar 14 11:36:24 CET 2026
#@# WM Segmentation Sat Mar 14 11:36:25 CET 2026
#@# Fill Sat Mar 14 11:37:57 CET 2026
recon-all -s sub-v2s9x29170_ses-1 finished without error at Sat Mar 14 11:38:33 CET 2026



#New# invocation of recon-all 



status file for recon-all
Sat Mar 14 12:24:01 CET 2026
#@# white curv lh Sat Mar 14 12:24:01 CET 2026
#@# white area lh Sat Mar 14 12:24:01 CET 2026
#@# pial curv lh Sat Mar 14 12:24:01 CET 2026
#@# pial area lh Sat Mar 14 12:24:01 CET 2026
#@# thickness lh Sat Mar 14 12:24:01 CET 2026
#@# area and vertex vol lh Sat Mar 14 12:24:01 CET 2026
#@# white curv rh Sat Mar 14 12:24:01 CET 2026
#@# white area rh Sat Mar 14 12:24:01 CET 2026
#@# pial curv rh Sat Mar 14 12:24:01 CET 2026
#@# pial area rh Sat Mar 14 12:24:01 CET 2026
#@# thickness rh Sat Mar 14 12:24:01 CET 2026
#@# area and vertex vol rh Sat Mar 14 12:24:01 CET 2026
#@# Cortical ribbon mask Sat Mar 14 12:24:01 CET 2026
recon-all -s sub-v2s9x29170_ses-1 finished without error at Sat Mar 14 12:27:02 CET 2026



#New# invocation of recon-all 



status file for recon-all
Sat Mar 14 12:31:44 CET 2026
#@# white curv lh Sat Mar 14 12:31:44 CET 2026
#@# white area lh Sat Mar 14 12:31:44 CET 2026
#@# pial curv lh Sat Mar 14 12:31:44 CET 2026
#@# pial area lh Sat Mar 14 12:31:44 CET 2026
#@# thickness lh Sat Mar 14 12:31:44 CET 2026
#@# area and vertex vol lh Sat Mar 14 12:31:44 CET 2026
#@# white curv rh Sat Mar 14 12:31:44 CET 2026
#@# white area rh Sat Mar 14 12:31:44 CET 2026
#@# pial curv rh Sat Mar 14 12:31:44 CET 2026
#@# pial area rh Sat Mar 14 12:31:45 CET 2026
#@# thickness rh Sat Mar 14 12:31:45 CET 2026
#@# area and vertex vol rh Sat Mar 14 12:31:45 CET 2026
#@# Curvature Stats lh Sat Mar 14 12:31:45 CET 2026
#@# Curvature Stats rh Sat Mar 14 12:31:46 CET 2026
#@# Relabel Hypointensities Sat Mar 14 12:31:48 CET 2026
#@# APas-to-ASeg Sat Mar 14 12:31:59 CET 2026
#@# AParc-to-ASeg aparc Sat Mar 14 12:32:05 CET 2026
#@# AParc-to-ASeg aparc.a2009s Sat Mar 14 12:32:32 CET 2026
#@# AParc-to-ASeg aparc.DKTatlas Sat Mar 14 12:32:57 CET 2026
#@# WMParc Sat Mar 14 12:33:24 CET 2026
#@# ASeg Stats Sat Mar 14 12:35:02 CET 2026
recon-all -s sub-v2s9x29170_ses-1 finished without error at Sat Mar 14 12:35:18 CET 2026
