status file for recon-all
Sat Mar 14 11:38:37 CET 2026
#@# Tessellate lh Sat Mar 14 11:38:37 CET 2026
#@# Smooth1 lh Sat Mar 14 11:38:39 CET 2026
#@# Inflation1 lh Sat Mar 14 11:38:41 CET 2026
#@# QSphere lh Sat Mar 14 11:38:48 CET 2026
#@# Fix Topology lh Sat Mar 14 11:39:25 CET 2026
#@# Smooth2 lh Sat Mar 14 11:47:21 CET 2026
#@# Inflation2 lh Sat Mar 14 11:47:22 CET 2026
#@# Curv .H and .K lh Sat Mar 14 11:47:30 CET 2026
#@# Sphere lh Sat Mar 14 11:48:06 CET 2026
#@# Surf Reg lh Sat Mar 14 11:50:20 CET 2026
#@# Jacobian white lh Sat Mar 14 11:52:47 CET 2026
#@# AvgCurv lh Sat Mar 14 11:52:48 CET 2026
#@# Cortical Parc lh Sat Mar 14 11:52:48 CET 2026
#@# white curv lh Sat Mar 14 11:57:32 CET 2026
#@# white area lh Sat Mar 14 11:57:34 CET 2026
#@# pial curv lh Sat Mar 14 11:57:34 CET 2026
#@# pial area lh Sat Mar 14 11:57:35 CET 2026
#@# thickness lh Sat Mar 14 11:57:36 CET 2026
#@# area and vertex vol lh Sat Mar 14 11:57:54 CET 2026
#@# Curvature Stats lh Sat Mar 14 11:57:55 CET 2026
#@# Cortical Parc 2 lh Sat Mar 14 11:57:56 CET 2026
#@# Cortical Parc 3 lh Sat Mar 14 11:58:06 CET 2026
#@# WM/GM Contrast lh Sat Mar 14 11:58:12 CET 2026
recon-all -s sub-v2s9x29170_ses-1 finished without error at Sat Mar 14 11:58:15 CET 2026



#New# invocation of recon-all 



status file for recon-all
Sat Mar 14 12:27:05 CET 2026
#@# white curv lh Sat Mar 14 12:27:05 CET 2026
#@# white area lh Sat Mar 14 12:27:05 CET 2026
#@# pial curv lh Sat Mar 14 12:27:05 CET 2026
#@# pial area lh Sat Mar 14 12:27:05 CET 2026
#@# thickness lh Sat Mar 14 12:27:05 CET 2026
#@# area and vertex vol lh Sat Mar 14 12:27:05 CET 2026
#@# Parcellation Stats lh Sat Mar 14 12:27:05 CET 2026
#@# Parcellation Stats 2 lh Sat Mar 14 12:27:19 CET 2026
#@# Parcellation Stats 3 lh Sat Mar 14 12:27:26 CET 2026
#@# BA_exvivo Labels lh Sat Mar 14 12:27:33 CET 2026
recon-all -s sub-v2s9x29170_ses-1 finished without error at Sat Mar 14 12:29:19 CET 2026
