/out/sourcedata/freesurfer/sub-v2s9x29155_ses-1/mri
/opt/freesurfer/bin/talairach_avi
--i orig_nu.mgz --xfm transforms/talairach.auto.xfm
talairach_avi 7.3.2
Linux dna069 5.14.0-427.37.1.el9_4.x86_64 #1 SMP PREEMPT_DYNAMIC Fri Sep 13 12:41:50 EDT 2024 x86_64 x86_64 x86_64 GNU/Linux
Sat Mar 14 10:30:49 CET 2026
mri_convert orig_nu.mgz talsrcimg.img 
reading from orig_nu.mgz...
TR=0.00, TE=0.00, TI=0.00, flip angle=0.00
i_ras = (-1, 0, 0)
j_ras = (0, 0, -1)
k_ras = (0, 1, 0)
writing to talsrcimg.img...
Analyze Output Matrix
-1.00000   0.00000   0.00000   129.66513;
 0.00000   0.00000   1.00000  -128.00000;
 0.00000  -1.00000   0.00000   130.00000;
 0.00000   0.00000   0.00000   1.00000;
--------------------
INFO: set hdr.hist.orient to -1
mpr2mni305 talsrcimg
Sat Mar 14 10:30:49 CET 2026
/opt/freesurfer/bin/mpr2mni305 talsrcimg
mpr2mni305 7.3.2
target=711-2C_as_mni_average_305

---------------------------------------------------------------------
analyzeto4dfp talsrcimg -O0 -y
---------------------------------------------------------------------

freesurfer ifh2hdr.c
Sat Mar 14 10:30:50 2026
Writing: talsrcimg.4dfp.hdr
freesurfer analyzeto4dfp.c
Reading: talsrcimg.hdr
header size 348 bytes
hdr.dime.datatype	offset=70	value=2
hdr.dime.bitpix		offset=72	value=8
hdr.hist.orient		offset=252	value=-1
dimensionality     4
dimensions       256       256       256         1
Reading: talsrcimg.img
Writing: talsrcimg.4dfp.img
Writing: talsrcimg.4dfp.ifh
ifh2hdr talsrcimg -r0to212
ori=2

---------------------------------------------------------------------
gauss_4dfp talsrcimg 1.1
---------------------------------------------------------------------

freesurfer gauss_4dfp.c
Reading: talsrcimg.4dfp.img
Writing: talsrcimg_g11.4dfp.img
image dimensions 256 256 256 padded to 288 288 288
processing volume 1freesurfer ifh2hdr.c
Sat Mar 14 10:30:51 2026
Writing: talsrcimg_g11.4dfp.hdr

Writing: talsrcimg_g11.4dfp.ifh
including: talsrcimg.4dfp.img.rec in talsrcimg_g11.4dfp.img.rec

---------------------------------------------------------------------
imgreg_4dfp /opt/freesurfer/average/711-2C_as_mni_average_305 none talsrcimg_g11 none talsrcimg_to_711-2C_as_mni_average_305_t4 4355
---------------------------------------------------------------------

freesurfer imgreg_4dfp.c
/opt/freesurfer/average/711-2C_as_mni_average_305.4dfp.img
       256       256       256         1
  1.000000  1.000000  1.000000
orientation T byte_order littleendian
Reading image: /opt/freesurfer/average/711-2C_as_mni_average_305.4dfp.img
dimensions:      256       256       256
mmppix:       1.0000   -1.0000   -1.0000
center:     128.0000 -129.0000 -129.0000
talsrcimg_g11.4dfp.img
       256       256       256         1
  1.000000  1.000000  1.000000
orientation T byte_order littleendian
Reading image: talsrcimg_g11.4dfp.img
dimensions:      256       256       256
mmppix:       1.0000   -1.0000   -1.0000
center:     128.0000 -129.0000 -129.0000
t4_read: open error in t4_sub.f l:  41 t4_file(1:l)talsrcimg_to_711-2C_as_mni_average_305_t4 
t4_read: transform initialized to I4
rotation matrix determinant  1.000000
image alignment mode   4355 decimal     1103 hex
   -7.5000  -45.0000  -45.0000 8995.2842   19.5600
    0.0000  -45.0000  -45.0000 9584.8369   19.5352
    7.5000  -45.0000  -45.0000 9349.4629   19.5237
   -7.5000  -37.5000  -45.0000 9279.1172   19.5412
    0.0000  -37.5000  -45.0000 9860.1846   19.5179
    7.5000  -37.5000  -45.0000 9630.8760   19.5086
   -7.5000  -30.0000  -45.0000 9877.0938   19.4972
    0.0000  -30.0000  -45.000010489.3770   19.4759
    7.5000  -30.0000  -45.000010232.4854   19.4694
   -7.5000  -22.5000  -45.000010405.5166   19.4639
    0.0000  -22.5000  -45.000011028.2607   19.4435
    7.5000  -22.5000  -45.000010753.9414   19.4361
   -7.5000  -15.0000  -45.000010850.9639   19.4762
    0.0000  -15.0000  -45.000011483.5850   19.4536
    7.5000  -15.0000  -45.000011220.6113   19.4436
   -7.5000   -7.5000  -45.000011239.7754   19.5216
    0.0000   -7.5000  -45.000011901.8076   19.4968
    7.5000   -7.5000  -45.000011647.1260   19.4857
   -7.5000    0.0000  -45.000011518.9971   19.5533
    0.0000    0.0000  -45.000012221.9443   19.5286
    7.5000    0.0000  -45.000011935.2246   19.5173
   -7.5000    7.5000  -45.000010817.8887   19.5411
    0.0000    7.5000  -45.000011512.0107   19.5178
    7.5000    7.5000  -45.000011212.0801   19.5085
   -7.5000   15.0000  -45.000010052.9355   19.4973
    0.0000   15.0000  -45.000010695.0957   19.4759
    7.5000   15.0000  -45.000010392.1934   19.4694
   -7.5000   22.5000  -45.0000 9253.8066   19.4665
    0.0000   22.5000  -45.0000 9821.1650   19.4461
    7.5000   22.5000  -45.0000 9549.6826   19.4386
   -7.5000   30.0000  -45.0000 8417.8701   19.2511
    0.0000   30.0000  -45.0000 8909.9961   19.2287
    7.5000   30.0000  -45.0000 8648.2070   19.2187
   -7.5000   37.5000  -45.0000 7759.6099   19.3723
    0.0000   37.5000  -45.0000 8249.6963   19.3475
    7.5000   37.5000  -45.0000 8008.7979   19.3361
   -7.5000   45.0000  -45.0000 6799.3975   19.0673
    0.0000   45.0000  -45.0000 7244.1401   19.0422
    7.5000   45.0000  -45.0000 7023.5913   19.0314
   -7.5000  -45.0000  -37.5000 9503.5752   19.6043
    0.0000  -45.0000  -37.500010126.8809   19.5719
    7.5000  -45.0000  -37.5000 9901.7373   19.5523
   -7.5000  -37.5000  -37.5000 9799.1367   19.5769
    0.0000  -37.5000  -37.500010416.3281   19.5465
    7.5000  -37.5000  -37.500010204.9443   19.5282
   -7.5000  -30.0000  -37.500010435.4795   19.5318
    0.0000  -30.0000  -37.500011077.4678   19.5033
    7.5000  -30.0000  -37.500010835.1855   19.4878
   -7.5000  -22.5000  -37.500010981.6162   19.5059
    0.0000  -22.5000  -37.500011651.6436   19.4783
    7.5000  -22.5000  -37.500011381.8916   19.4633
   -7.5000  -15.0000  -37.500011433.1309   19.5257
    0.0000  -15.0000  -37.500012127.9395   19.4965
    7.5000  -15.0000  -37.500011847.1768   19.4808
   -7.5000   -7.5000  -37.500011816.0605   19.5724
    0.0000   -7.5000  -37.500012554.9092   19.5405
    7.5000   -7.5000  -37.500012264.2441   19.5232
   -7.5000    0.0000  -37.500012073.0518   19.5977
    0.0000    0.0000  -37.500012843.4873   19.5654
    7.5000    0.0000  -37.500012573.1318   19.5461
   -7.5000    7.5000  -37.500011331.8701   19.5768
    0.0000    7.5000  -37.500012078.3496   19.5464
    7.5000    7.5000  -37.500011770.0615   19.5282
   -7.5000   15.0000  -37.500010504.7705   19.5318
    0.0000   15.0000  -37.500011188.4014   19.5033
    7.5000   15.0000  -37.500010871.3896   19.4878
   -7.5000   22.5000  -37.5000 9653.4453   19.5081
    0.0000   22.5000  -37.500010246.5684   19.4804
    7.5000   22.5000  -37.5000 9979.8555   19.4654
   -7.5000   30.0000  -37.5000 8762.2725   19.2999
    0.0000   30.0000  -37.5000 9287.8115   19.2709
    7.5000   30.0000  -37.5000 9012.9355   19.2553
   -7.5000   37.5000  -37.5000 8076.5098   19.4227
    0.0000   37.5000  -37.5000 8588.4795   19.3907
    7.5000   37.5000  -37.5000 8327.2031   19.3731
   -7.5000   45.0000  -37.5000 7078.7188   19.1122
    0.0000   45.0000  -37.5000 7522.0464   19.0787
    7.5000   45.0000  -37.5000 7292.9214   19.0595
   -7.5000  -45.0000  -30.000010193.7793   20.4283
    0.0000  -45.0000  -30.000010849.1709   20.3891
    7.5000  -45.0000  -30.000010641.8262   20.3721
   -7.5000  -37.5000  -30.000010499.1641   20.4015
    0.0000  -37.5000  -30.000011170.1787   20.3655
    7.5000  -37.5000  -30.000010955.4688   20.3473
   -7.5000  -30.0000  -30.000011162.6914   20.3664
    0.0000  -30.0000  -30.000011880.6904   20.3334
    7.5000  -30.0000  -30.000011611.8008   20.3177
   -7.5000  -22.5000  -30.000011746.6162   20.3498
    0.0000  -22.5000  -30.000012502.7969   20.3186
    7.5000  -22.5000  -30.000012208.3311   20.3061
   -7.5000  -15.0000  -30.000012218.1299   20.3701
    0.0000  -15.0000  -30.000013015.4023   20.3371
    7.5000  -15.0000  -30.000012690.0439   20.3266
   -7.5000   -7.5000  -30.000012610.4932   20.4069
    0.0000   -7.5000  -30.000013426.5703   20.3690
    7.5000   -7.5000  -30.000013112.6865   20.3567
   -7.5000    0.0000  -30.000012878.8213   20.4217
    0.0000    0.0000  -30.000013693.4521   20.3825
    7.5000    0.0000  -30.000013388.7402   20.3657
   -7.5000    7.5000  -30.000012079.7080   20.4015
    0.0000    7.5000  -30.000012855.4980   20.3654
    7.5000    7.5000  -30.000012534.4082   20.3473
   -7.5000   15.0000  -30.000011178.7168   20.3664
    0.0000   15.0000  -30.000011873.5918   20.3335
    7.5000   15.0000  -30.000011551.1592   20.3177
   -7.5000   22.5000  -30.000010254.9736   20.3499
    0.0000   22.5000  -30.000010873.7832   20.3187
    7.5000   22.5000  -30.000010590.3320   20.3061
   -7.5000   30.0000  -30.0000 9288.7910   20.1349
    0.0000   30.0000  -30.0000 9845.5830   20.1020
    7.5000   30.0000  -30.0000 9564.6768   20.0916
   -7.5000   37.5000  -30.0000 8555.9678   20.2515
    0.0000   37.5000  -30.0000 9091.1455   20.2135
    7.5000   37.5000  -30.0000 8804.8213   20.2007
   -7.5000   45.0000  -30.0000 7502.9922   19.9312
    0.0000   45.0000  -30.0000 7952.9370   19.8902
    7.5000   45.0000  -30.0000 7705.2314   19.8731
   -7.5000  -45.0000  -22.500010882.1836   21.0855
    0.0000  -45.0000  -22.500011607.3828   21.0468
    7.5000  -45.0000  -22.500011355.6211   21.0426
   -7.5000  -37.5000  -22.500011193.1670   21.0674
    0.0000  -37.5000  -22.500011932.9326   21.0334
    7.5000  -37.5000  -22.500011670.8164   21.0257
   -7.5000  -30.0000  -22.500011881.9209   21.0440
    0.0000  -30.0000  -22.500012666.8369   21.0147
    7.5000  -30.0000  -22.500012369.7646   21.0087
   -7.5000  -22.5000  -22.500012528.0977   21.0297
    0.0000  -22.5000  -22.500013332.1396   21.0031
    7.5000  -22.5000  -22.500013022.0479   21.0025
   -7.5000  -15.0000  -22.500013020.8574   21.0429
    0.0000  -15.0000  -22.500013867.3906   21.0126
    7.5000  -15.0000  -22.500013534.4609   21.0158
   -7.5000   -7.5000  -22.500013424.5371   21.0684
    0.0000   -7.5000  -22.500014277.5459   21.0310
    7.5000   -7.5000  -22.500013943.2832   21.0323
   -7.5000    0.0000  -22.500013688.9238   21.0786
    0.0000    0.0000  -22.500014536.6094   21.0399
    7.5000    0.0000  -22.500014199.1768   21.0360
   -7.5000    7.5000  -22.500012831.9404   21.0673
    0.0000    7.5000  -22.500013612.9814   21.0333
    7.5000    7.5000  -22.500013287.9297   21.0256
   -7.5000   15.0000  -22.500011861.9111   21.0440
    0.0000   15.0000  -22.500012566.8330   21.0148
    7.5000   15.0000  -22.500012252.3711   21.0087
   -7.5000   22.5000  -22.500010877.1660   21.0289
    0.0000   22.5000  -22.500011515.9756   21.0023
    7.5000   22.5000  -22.500011226.0264   21.0015
   -7.5000   30.0000  -22.5000 9853.9736   20.8018
    0.0000   30.0000  -22.500010416.2070   20.7716
    7.5000   30.0000  -22.500010110.2637   20.7744
   -7.5000   37.5000  -22.5000 9055.2246   20.9102
    0.0000   37.5000  -22.5000 9584.8457   20.8725
    7.5000   37.5000  -22.5000 9291.6543   20.8733
   -7.5000   45.0000  -22.5000 7924.0645   20.5869
    0.0000   45.0000  -22.5000 8385.8379   20.5467
    7.5000   45.0000  -22.5000 8127.5981   20.5424
   -7.5000  -45.0000  -15.000011572.7900   21.5284
    0.0000  -45.0000  -15.000012342.3848   21.4944
    7.5000  -45.0000  -15.000012070.3438   21.4991
   -7.5000  -37.5000  -15.000011870.5293   21.5182
    0.0000  -37.5000  -15.000012643.6992   21.4893
    7.5000  -37.5000  -15.000012354.2988   21.4911
   -7.5000  -30.0000  -15.000012611.6465   21.4965
    0.0000  -30.0000  -15.000013434.1914   21.4738
    7.5000  -30.0000  -15.000013110.7119   21.4770
   -7.5000  -22.5000  -15.000013293.1846   21.4755
    0.0000  -22.5000  -15.000014143.9951   21.4562
    7.5000  -22.5000  -15.000013817.6260   21.4637
   -7.5000  -15.0000  -15.000013794.5869   21.4814
    0.0000  -15.0000  -15.000014669.1680   21.4570
    7.5000  -15.0000  -15.000014343.2207   21.4668
   -7.5000   -7.5000  -15.000014201.3633   21.5054
    0.0000   -7.5000  -15.000015086.7441   21.4727
    7.5000   -7.5000  -15.000014740.9814   21.4813
   -7.5000    0.0000  -15.000014466.6143   21.5211
    0.0000    0.0000  -15.000015352.2256   21.4872
    7.5000    0.0000  -15.000014996.8398   21.4922
   -7.5000    7.5000  -15.000013572.7637   21.5181
    0.0000    7.5000  -15.000014377.2432   21.4892
    7.5000    7.5000  -15.000014021.4268   21.4910
   -7.5000   15.0000  -15.000012528.6455   21.4966
    0.0000   15.0000  -15.000013266.4082   21.4739
    7.5000   15.0000  -15.000012931.2744   21.4770
   -7.5000   22.5000  -15.000011465.3408   21.4742
    0.0000   22.5000  -15.000012142.6338   21.4549
    7.5000   22.5000  -15.000011818.1113   21.4622
   -7.5000   30.0000  -15.000010389.9121   21.2386
    0.0000   30.0000  -15.000010978.2949   21.2141
    7.5000   30.0000  -15.000010643.0303   21.2234
   -7.5000   37.5000  -15.0000 9552.1914   21.3466
    0.0000   37.5000  -15.000010093.0352   21.3138
    7.5000   37.5000  -15.0000 9786.7842   21.3217
   -7.5000   45.0000  -15.0000 8323.6660   21.0299
    0.0000   45.0000  -15.0000 8793.2168   20.9954
    7.5000   45.0000  -15.0000 8520.6924   21.0003
   -7.5000  -45.0000   -7.500012307.4600   21.7586
    0.0000  -45.0000   -7.500013111.4805   21.7307
    7.5000  -45.0000   -7.500012800.1582   21.7308
   -7.5000  -37.5000   -7.500012599.6963   21.7471
    0.0000  -37.5000   -7.500013379.9316   21.7224
    7.5000  -37.5000   -7.500013032.2949   21.7229
   -7.5000  -30.0000   -7.500013385.9453   21.7127
    0.0000  -30.0000   -7.500014204.7041   21.6927
    7.5000  -30.0000   -7.500013827.5146   21.6956
   -7.5000  -22.5000   -7.500014098.3594   21.6802
    0.0000  -22.5000   -7.500014966.0234   21.6630
    7.5000  -22.5000   -7.500014579.8105   21.6667
   -7.5000  -15.0000   -7.500014627.4609   21.6864
    0.0000  -15.0000   -7.500015532.3506   21.6651
    7.5000  -15.0000   -7.500015149.4717   21.6674
   -7.5000   -7.5000   -7.500015058.3223   21.7229
    0.0000   -7.5000   -7.500015937.5049   21.6958
    7.5000   -7.5000   -7.500015554.3320   21.6971
   -7.5000    0.0000   -7.500015297.5615   21.7511
    0.0000    0.0000   -7.500016195.6797   21.7233
    7.5000    0.0000   -7.500015790.8047   21.7237
   -7.5000    7.5000   -7.500014357.3389   21.7470
    0.0000    7.5000   -7.500015177.0449   21.7223
    7.5000    7.5000   -7.500014763.0215   21.7228
   -7.5000   15.0000   -7.500013248.0459   21.7127
    0.0000   15.0000   -7.500013997.6826   21.6927
    7.5000   15.0000   -7.500013619.0957   21.6956
   -7.5000   22.5000   -7.500012096.9727   21.6766
    0.0000   22.5000   -7.500012792.4248   21.6594
    7.5000   22.5000   -7.500012414.5137   21.6630
   -7.5000   30.0000   -7.500010917.8633   21.4422
    0.0000   30.0000   -7.500011527.0859   21.4209
    7.5000   30.0000   -7.500011196.8359   21.4229
   -7.5000   37.5000   -7.500010038.8760   21.5630
    0.0000   37.5000   -7.500010599.9824   21.5359
    7.5000   37.5000   -7.500010271.3740   21.5366
   -7.5000   45.0000   -7.5000 8751.4180   21.2576
    0.0000   45.0000   -7.5000 9249.6562   21.2296
    7.5000   45.0000   -7.5000 8938.4863   21.2304
   -7.5000  -45.0000    0.000012979.2812   21.8329
    0.0000  -45.0000    0.000013838.5791   21.8052
    7.5000  -45.0000    0.000013522.6914   21.7926
   -7.5000  -37.5000    0.000013307.0557   21.8114
    0.0000  -37.5000    0.000014113.4482   21.7852
    7.5000  -37.5000    0.000013741.4834   21.7752
   -7.5000  -30.0000    0.000014124.1387   21.7620
    0.0000  -30.0000    0.000014931.3213   21.7382
    7.5000  -30.0000    0.000014516.6426   21.7312
   -7.5000  -22.5000    0.000014853.0605   21.7250
    0.0000  -22.5000    0.000015680.7256   21.7024
    7.5000  -22.5000    0.000015211.2490   21.6945
   -7.5000  -15.0000    0.000015424.9629   21.7391
    0.0000  -15.0000    0.000016280.6514   21.7140
    7.5000  -15.0000    0.000015778.8018   21.7034
   -7.5000   -7.5000    0.000015861.3252   21.7903
    0.0000   -7.5000    0.000016735.3828   21.7625
    7.5000   -7.5000    0.000016223.2344   21.7506
   -7.5000    0.0000    0.000016105.5801   21.8255
    0.0000    0.0000    0.000017024.8867   21.7979
    7.5000    0.0000    0.000016472.6035   21.7856
   -7.5000    7.5000    0.000015104.0713   21.8113
    0.0000    7.5000    0.000015959.1582   21.7852
    7.5000    7.5000    0.000015430.4492   21.7751
   -7.5000   15.0000    0.000013907.1553   21.7621
    0.0000   15.0000    0.000014698.4238   21.7383
    7.5000   15.0000    0.000014212.8525   21.7312
   -7.5000   22.5000    0.000012660.5195   21.7209
    0.0000   22.5000    0.000013400.2148   21.6982
    7.5000   22.5000    0.000012953.8105   21.6903
   -7.5000   30.0000    0.000011400.8330   21.4962
    0.0000   30.0000    0.000012061.4951   21.4713
    7.5000   30.0000    0.000011685.2617   21.4607
   -7.5000   37.5000    0.000010472.4053   21.6317
    0.0000   37.5000    0.000011075.7939   21.6040
    7.5000   37.5000    0.000010710.6621   21.5917
   -7.5000   45.0000    0.0000 9137.0332   21.3324
    0.0000   45.0000    0.0000 9661.8779   21.3042
    7.5000   45.0000    0.0000 9302.0645   21.2924
   -7.5000  -45.0000    7.500012633.7969   21.9204
    0.0000  -45.0000    7.500013404.5674   21.8843
    7.5000  -45.0000    7.500013129.9795   21.8626
   -7.5000  -37.5000    7.500012970.6094   21.8898
    0.0000  -37.5000    7.500013724.0244   21.8560
    7.5000  -37.5000    7.500013316.3496   21.8357
   -7.5000  -30.0000    7.500013763.1934   21.8395
    0.0000  -30.0000    7.500014476.6006   21.8078
    7.5000  -30.0000    7.500013961.7432   21.7907
   -7.5000  -22.5000    7.500014453.8291   21.8107
    0.0000  -22.5000    7.500015178.4346   21.7799
    7.5000  -22.5000    7.500014582.3379   21.7633
   -7.5000  -15.0000    7.500014996.3389   21.8327
    0.0000  -15.0000    7.500015769.1602   21.8002
    7.5000  -15.0000    7.500015137.1523   21.7827
   -7.5000   -7.5000    7.500015384.7881   21.8848
    0.0000   -7.5000    7.500016201.9307   21.8492
    7.5000   -7.5000    7.500015597.4883   21.8300
   -7.5000    0.0000    7.500015606.9346   21.9131
    0.0000    0.0000    7.500016484.0801   21.8771
    7.5000    0.0000    7.500015855.0928   21.8557
   -7.5000    7.5000    7.500014613.0664   21.8898
    0.0000    7.5000    7.500015429.6660   21.8559
    7.5000    7.5000    7.500014871.4619   21.8357
   -7.5000   15.0000    7.500013474.9307   21.8396
    0.0000   15.0000    7.500014214.7314   21.8078
    7.5000   15.0000    7.500013705.8799   21.7907
   -7.5000   22.5000    7.500012273.9990   21.8060
    0.0000   22.5000    7.500012955.0820   21.7752
    7.5000   22.5000    7.500012520.2451   21.7585
   -7.5000   30.0000    7.500011053.3223   21.5886
    0.0000   30.0000    7.500011653.9883   21.5563
    7.5000   30.0000    7.500011296.1475   21.5389
   -7.5000   37.5000    7.500010106.4824   21.7257
    0.0000   37.5000    7.500010666.8916   21.6901
    7.5000   37.5000    7.500010315.9092   21.6706
   -7.5000   45.0000    7.5000 8818.5576   21.4204
    0.0000   45.0000    7.5000 9294.6357   21.3829
    7.5000   45.0000    7.5000 8935.7002   21.3615
   -7.5000  -45.0000   15.000012101.0977   22.0015
    0.0000  -45.0000   15.000012804.6973   21.9592
    7.5000  -45.0000   15.000012505.8008   21.9405
   -7.5000  -37.5000   15.000012445.6602   21.9725
    0.0000  -37.5000   15.000013111.6426   21.9336
    7.5000  -37.5000   15.000012711.7373   21.9138
   -7.5000  -30.0000   15.000013207.1064   21.9347
    0.0000  -30.0000   15.000013910.2930   21.8991
    7.5000  -30.0000   15.000013476.6270   21.8819
   -7.5000  -22.5000   15.000013906.6621   21.9168
    0.0000  -22.5000   15.000014650.5322   21.8832
    7.5000  -22.5000   15.000014230.9668   21.8695
   -7.5000  -15.0000   15.000014416.5273   21.9387
    0.0000  -15.0000   15.000015202.7803   21.9032
    7.5000  -15.0000   15.000014747.1914   21.8916
   -7.5000   -7.5000   15.000014777.4834   21.9784
    0.0000   -7.5000   15.000015575.8770   21.9376
    7.5000   -7.5000   15.000015111.2529   21.9239
   -7.5000    0.0000   15.000014964.9492   21.9943
    0.0000    0.0000   15.000015745.2959   21.9521
    7.5000    0.0000   15.000015258.0684   21.9336
   -7.5000    7.5000   15.000013998.8447   21.9724
    0.0000    7.5000   15.000014711.3330   21.9335
    7.5000    7.5000   15.000014243.1631   21.9137
   -7.5000   15.0000   15.000012904.7861   21.9347
    0.0000   15.0000   15.000013526.2236   21.8992
    7.5000   15.0000   15.000013089.1572   21.8819
   -7.5000   22.5000   15.000011778.0566   21.9121
    0.0000   22.5000   15.000012341.0811   21.8785
    7.5000   22.5000   15.000011921.5674   21.8647
   -7.5000   30.0000   15.000010587.6777   21.6919
    0.0000   30.0000   15.000011104.6279   21.6565
    7.5000   30.0000   15.000010715.0742   21.6450
   -7.5000   37.5000   15.0000 9659.5645   21.8179
    0.0000   37.5000   15.000010148.2480   21.7769
    7.5000   37.5000   15.0000 9764.7969   21.7628
   -7.5000   45.0000   15.0000 8405.1133   21.5017
    0.0000   45.0000   15.0000 8832.2656   21.4574
    7.5000   45.0000   15.0000 8461.7383   21.4386
   -7.5000  -45.0000   22.500011402.6230   22.0367
    0.0000  -45.0000   22.500012068.8203   21.9968
    7.5000  -45.0000   22.500011775.4990   21.9920
   -7.5000  -37.5000   22.500011746.4023   22.0173
    0.0000  -37.5000   22.500012410.4248   21.9824
    7.5000  -37.5000   22.500012021.6514   21.9738
   -7.5000  -30.0000   22.500012492.9561   21.9928
    0.0000  -30.0000   22.500013178.6973   21.9628
    7.5000  -30.0000   22.500012794.0918   21.9559
   -7.5000  -22.5000   22.500013160.1055   21.9781
    0.0000  -22.5000   22.500013897.0283   21.9509
    7.5000  -22.5000   22.500013518.5303   21.9496
   -7.5000  -15.0000   22.500013656.1484   21.9924
    0.0000  -15.0000   22.500014440.9668   21.9613
    7.5000  -15.0000   22.500014027.7188   21.9641
   -7.5000   -7.5000   22.500014017.9297   22.0192
    0.0000   -7.5000   22.500014793.0430   21.9806
    7.5000   -7.5000   22.500014368.1963   21.9815
   -7.5000    0.0000   22.500014189.9551   22.0294
    0.0000    0.0000   22.500014945.7637   21.9896
    7.5000    0.0000   22.500014497.4414   21.9851
   -7.5000    7.5000   22.500013254.8408   22.0173
    0.0000    7.5000   22.500013940.5723   21.9823
    7.5000    7.5000   22.500013510.2480   21.9738
   -7.5000   15.0000   22.500012211.9346   21.9928
    0.0000   15.0000   22.500012799.0645   21.9628
    7.5000   15.0000   22.500012386.1729   21.9559
   -7.5000   22.5000   22.500011126.8604   21.9740
    0.0000   22.5000   22.500011638.6328   21.9468
    7.5000   22.5000   22.500011250.5049   21.9453
   -7.5000   30.0000   22.5000 9960.1719   21.7438
    0.0000   30.0000   22.500010426.0205   21.7127
    7.5000   30.0000   22.500010068.3320   21.7151
   -7.5000   37.5000   22.5000 9078.6426   21.8577
    0.0000   37.5000   22.5000 9504.6299   21.8189
    7.5000   37.5000   22.5000 9153.9131   21.8192
   -7.5000   45.0000   22.5000 7914.3408   21.5362
    0.0000   45.0000   22.5000 8264.8389   21.4948
    7.5000   45.0000   22.5000 7936.2852   21.4898
   -7.5000  -45.0000   30.000010579.2500   22.0705
    0.0000  -45.0000   30.000011193.7920   22.0368
    7.5000  -45.0000   30.000010937.5010   22.0405
   -7.5000  -37.5000   30.000010923.6221   22.0595
    0.0000  -37.5000   30.000011505.3857   22.0309
    7.5000  -37.5000   30.000011201.8457   22.0317
   -7.5000  -30.0000   30.000011615.7871   22.0374
    0.0000  -30.0000   30.000012223.9629   22.0151
    7.5000  -30.0000   30.000011925.8047   22.0172
   -7.5000  -22.5000   30.000012243.9297   22.0164
    0.0000  -22.5000   30.000012882.2021   21.9975
    7.5000  -22.5000   30.000012592.0488   22.0040
   -7.5000  -15.0000   30.000012733.9863   22.0231
    0.0000  -15.0000   30.000013395.2324   21.9989
    7.5000  -15.0000   30.000013060.6816   22.0078
   -7.5000   -7.5000   30.000013076.5293   22.0475
    0.0000   -7.5000   30.000013754.5420   22.0150
    7.5000   -7.5000   30.000013392.7471   22.0226
   -7.5000    0.0000   30.000013253.8809   22.0629
    0.0000    0.0000   30.000013926.6592   22.0293
    7.5000    0.0000   30.000013555.4609   22.0334
   -7.5000    7.5000   30.000012368.3486   22.0594
    0.0000    7.5000   30.000012999.8281   22.0308
    7.5000    7.5000   30.000012617.3623   22.0316
   -7.5000   15.0000   30.000011358.5703   22.0374
    0.0000   15.0000   30.000011927.4834   22.0151
    7.5000   15.0000   30.000011549.8018   22.0172
   -7.5000   22.5000   30.000010324.2373   22.0128
    0.0000   22.5000   30.000010827.4561   21.9939
    7.5000   22.5000   30.000010482.4746   22.0003
   -7.5000   30.0000   30.0000 9228.5654   21.7746
    0.0000   30.0000   30.0000 9667.9150   21.7503
    7.5000   30.0000   30.0000 9348.2178   21.7586
   -7.5000   37.5000   30.0000 8431.3467   21.8862
    0.0000   37.5000   30.0000 8814.4590   21.8535
    7.5000   37.5000   30.0000 8497.0967   21.8604
   -7.5000   45.0000   30.0000 7345.6836   21.5685
    0.0000   45.0000   30.0000 7648.0137   21.5342
    7.5000   45.0000   30.0000 7358.5317   21.5382
   -7.5000  -45.0000   37.500010157.9551   22.3486
    0.0000  -45.0000   37.500010761.7861   22.3210
    7.5000  -45.0000   37.500010547.5107   22.3185
   -7.5000  -37.5000   37.500010485.8955   22.3358
    0.0000  -37.5000   37.500011061.5146   22.3115
    7.5000  -37.5000   37.500010817.0713   22.3096
   -7.5000  -30.0000   37.500011139.5957   22.2993
    0.0000  -30.0000   37.500011739.7451   22.2799
    7.5000  -30.0000   37.500011485.8691   22.2806
   -7.5000  -22.5000   37.500011729.2188   22.2655
    0.0000  -22.5000   37.500012340.6973   22.2492
    7.5000  -22.5000   37.500012087.4756   22.2506
   -7.5000  -15.0000   37.500012240.8408   22.2726
    0.0000  -15.0000   37.500012852.1436   22.2521
    7.5000  -15.0000   37.500012547.1699   22.2518
   -7.5000   -7.5000   37.500012597.7578   22.3113
    0.0000   -7.5000   37.500013218.5820   22.2846
    7.5000   -7.5000   37.500012886.2793   22.2833
   -7.5000    0.0000   37.500012752.1094   22.3407
    0.0000    0.0000   37.500013374.2100   22.3132
    7.5000    0.0000   37.500013047.5664   22.3110
   -7.5000    7.5000   37.500011890.6562   22.3358
    0.0000    7.5000   37.500012488.1357   22.3114
    7.5000    7.5000   37.500012163.7324   22.3095
   -7.5000   15.0000   37.500010917.0508   22.2993
    0.0000   15.0000   37.500011459.9160   22.2800
    7.5000   15.0000   37.500011131.5117   22.2806
   -7.5000   22.5000   37.5000 9905.6611   22.2620
    0.0000   22.5000   37.500010393.7803   22.2456
    7.5000   22.5000   37.500010093.6318   22.2469
   -7.5000   30.0000   37.5000 8842.4746   22.0233
    0.0000   30.0000   37.5000 9279.4062   22.0027
    7.5000   30.0000   37.5000 8991.7402   22.0021
   -7.5000   37.5000   37.5000 8107.4512   22.1496
    0.0000   37.5000   37.5000 8482.7324   22.1229
    7.5000   37.5000   37.5000 8179.3252   22.1210
   -7.5000   45.0000   37.5000 7050.4844   21.8374
    0.0000   45.0000   37.5000 7371.2656   21.8096
    7.5000   45.0000   37.5000 7086.4014   21.8079
   -7.5000  -45.0000   45.0000 9313.0645   22.7132
    0.0000  -45.0000   45.0000 9871.2041   22.6868
    7.5000  -45.0000   45.0000 9677.4355   22.6717
   -7.5000  -37.5000   45.0000 9607.7256   22.6884
    0.0000  -37.5000   45.000010149.3955   22.6638
    7.5000  -37.5000   45.0000 9942.7969   22.6515
   -7.5000  -30.0000   45.000010211.3145   22.6327
    0.0000  -30.0000   45.000010766.2275   22.6102
    7.5000  -30.0000   45.000010547.2051   22.6018
   -7.5000  -22.5000   45.000010740.4219   22.5917
    0.0000  -22.5000   45.000011318.2998   22.5701
    7.5000  -22.5000   45.000011092.1953   22.5610
   -7.5000  -15.0000   45.000011222.5713   22.6082
    0.0000  -15.0000   45.000011795.4580   22.5839
    7.5000  -15.0000   45.000011529.7725   22.5715
   -7.5000   -7.5000   45.000011572.2363   22.6658
    0.0000   -7.5000   45.000012150.2344   22.6391
    7.5000   -7.5000   45.000011860.0723   22.6249
   -7.5000    0.0000   45.000011721.2148   22.7051
    0.0000    0.0000   45.000012288.6992   22.6789
    7.5000    0.0000   45.000011996.0459   22.6640
   -7.5000    7.5000   45.000010948.5752   22.6883
    0.0000    7.5000   45.000011483.6816   22.6637
    7.5000    7.5000   45.000011190.2314   22.6515
   -7.5000   15.0000   45.000010038.9629   22.6327
    0.0000   15.0000   45.000010533.3906   22.6102
    7.5000   15.0000   45.000010245.3096   22.6018
   -7.5000   22.5000   45.0000 9134.9111   22.5854
    0.0000   22.5000   45.0000 9572.7793   22.5637
    7.5000   22.5000   45.0000 9297.6768   22.5546
   -7.5000   30.0000   45.0000 8137.0288   22.3454
    0.0000   30.0000   45.0000 8523.0225   22.3212
    7.5000   30.0000   45.0000 8260.0850   22.3088
   -7.5000   37.5000   45.0000 7448.6812   22.4887
    0.0000   37.5000   45.0000 7790.8613   22.4619
    7.5000   37.5000   45.0000 7535.2314   22.4473
   -7.5000   45.0000   45.0000 6501.5620   22.1911
    0.0000   45.0000   45.0000 6790.6924   22.1642
    7.5000   45.0000   45.0000 6545.0615   22.1498

---------------------------------------------------------------------
imgreg_4dfp /opt/freesurfer/average/711-2C_as_mni_average_305 /opt/freesurfer/average/711-2B_as_mni_average_305_mask talsrcimg_g11 none talsrcimg_to_711-2C_as_mni_average_305_t4 4355
---------------------------------------------------------------------

freesurfer imgreg_4dfp.c
/opt/freesurfer/average/711-2C_as_mni_average_305.4dfp.img
       256       256       256         1
  1.000000  1.000000  1.000000
orientation T byte_order littleendian
Reading image: /opt/freesurfer/average/711-2C_as_mni_average_305.4dfp.img
dimensions:      256       256       256
mmppix:       1.0000   -1.0000   -1.0000
center:     128.0000 -129.0000 -129.0000
/opt/freesurfer/average/711-2B_as_mni_average_305_mask.4dfp.img
       256       256       256         1
  1.000000  1.000000  1.000000
orientation T byte_order littleendian
Reading mask: /opt/freesurfer/average/711-2B_as_mni_average_305_mask.4dfp.img (2306576 pixels)
talsrcimg_g11.4dfp.img
       256       256       256         1
  1.000000  1.000000  1.000000
orientation T byte_order littleendian
Reading image: talsrcimg_g11.4dfp.img
dimensions:      256       256       256
mmppix:       1.0000   -1.0000   -1.0000
center:     128.0000 -129.0000 -129.0000
rotation matrix determinant  1.000000
image alignment mode   4355 decimal     1103 hex
   -7.5000  -45.0000  -45.0000 2233.7041   18.4745
    0.0000  -45.0000  -45.0000 2271.6846   17.9994
    7.5000  -45.0000  -45.0000 2286.7837   17.8350
   -7.5000  -37.5000  -45.0000 2268.9490   17.8077
    0.0000  -37.5000  -45.0000 2304.4919   17.3011
    7.5000  -37.5000  -45.0000 2321.2153   17.1081
   -7.5000  -30.0000  -45.0000 2280.2966   17.4370
    0.0000  -30.0000  -45.0000 2314.9177   16.9278
    7.5000  -30.0000  -45.0000 2336.4365   16.7077
   -7.5000  -22.5000  -45.0000 2273.2815   17.4175
    0.0000  -22.5000  -45.0000 2307.8193   16.8882
    7.5000  -22.5000  -45.0000 2328.1868   16.7009
   -7.5000  -15.0000  -45.0000 2237.3281   17.7894
    0.0000  -15.0000  -45.0000 2273.8115   17.2527
    7.5000  -15.0000  -45.0000 2302.7983   17.0453
   -7.5000   -7.5000  -45.0000 2183.6174   18.5418
    0.0000   -7.5000  -45.0000 2220.3284   17.9868
    7.5000   -7.5000  -45.0000 2250.8259   17.7234
   -7.5000    0.0000  -45.0000 2108.4248   19.6897
    0.0000    0.0000  -45.0000 2148.8496   19.0571
    7.5000    0.0000  -45.0000 2174.9475   18.7617
   -7.5000    7.5000  -45.0000 2013.0074   21.3122
    0.0000    7.5000  -45.0000 2054.3499   20.5697
    7.5000    7.5000  -45.0000 2077.2842   20.2528
   -7.5000   15.0000  -45.0000 1910.2935   23.5433
    0.0000   15.0000  -45.0000 1946.2552   22.7257
    7.5000   15.0000  -45.0000 1964.7812   22.3333
   -7.5000   22.5000  -45.0000 1798.9030   26.6027
    0.0000   22.5000  -45.0000 1827.9879   25.7907
    7.5000   22.5000  -45.0000 1845.7061   25.3830
   -7.5000   30.0000  -45.0000 1679.7135   30.9341
    0.0000   30.0000  -45.0000 1705.5485   29.9527
    7.5000   30.0000  -45.0000 1716.1777   29.4837
   -7.5000   37.5000  -45.0000 1548.2122   37.1863
    0.0000   37.5000  -45.0000 1571.6920   35.8318
    7.5000   37.5000  -45.0000 1584.1737   35.2078
   -7.5000   45.0000  -45.0000 1410.9937   45.9298
    0.0000   45.0000  -45.0000 1435.5250   44.2647
    7.5000   45.0000  -45.0000 1443.2626   43.6464
   -7.5000  -45.0000  -37.5000 2319.8884   17.2138
    0.0000  -45.0000  -37.5000 2357.8501   16.7742
    7.5000  -45.0000  -37.5000 2376.9709   16.6237
   -7.5000  -37.5000  -37.5000 2355.5396   16.5769
    0.0000  -37.5000  -37.5000 2395.5085   16.1125
    7.5000  -37.5000  -37.5000 2416.6196   15.9464
   -7.5000  -30.0000  -37.5000 2368.8889   16.2806
    0.0000  -30.0000  -37.5000 2406.4595   15.7927
    7.5000  -30.0000  -37.5000 2434.9355   15.6048
   -7.5000  -22.5000  -37.5000 2363.6824   16.2767
    0.0000  -22.5000  -37.5000 2403.2698   15.7707
    7.5000  -22.5000  -37.5000 2429.4893   15.5728
   -7.5000  -15.0000  -37.5000 2329.2012   16.6113
    0.0000  -15.0000  -37.5000 2367.3452   16.0969
    7.5000  -15.0000  -37.5000 2398.6519   15.8607
   -7.5000   -7.5000  -37.5000 2266.7363   17.2719
    0.0000   -7.5000  -37.5000 2309.8257   16.7412
    7.5000   -7.5000  -37.5000 2341.5015   16.4652
   -7.5000    0.0000  -37.5000 2183.6755   18.3050
    0.0000    0.0000  -37.5000 2229.4648   17.7096
    7.5000    0.0000  -37.5000 2261.4519   17.4114
   -7.5000    7.5000  -37.5000 2085.6650   19.7478
    0.0000    7.5000  -37.5000 2133.5908   19.0951
    7.5000    7.5000  -37.5000 2154.3699   18.7971
   -7.5000   15.0000  -37.5000 1978.0101   21.8065
    0.0000   15.0000  -37.5000 2020.6589   21.0594
    7.5000   15.0000  -37.5000 2035.0527   20.7143
   -7.5000   22.5000  -37.5000 1861.9034   24.6246
    0.0000   22.5000  -37.5000 1895.8436   23.8282
    7.5000   22.5000  -37.5000 1918.1714   23.4719
   -7.5000   30.0000  -37.5000 1735.0474   28.4452
    0.0000   30.0000  -37.5000 1767.5310   27.6026
    7.5000   30.0000  -37.5000 1776.8986   27.1198
   -7.5000   37.5000  -37.5000 1601.9266   34.0255
    0.0000   37.5000  -37.5000 1629.8436   32.9121
    7.5000   37.5000  -37.5000 1643.1865   32.3312
   -7.5000   45.0000  -37.5000 1459.9473   41.9561
    0.0000   45.0000  -37.5000 1481.8042   40.4198
    7.5000   45.0000  -37.5000 1493.9175   39.7645
   -7.5000  -45.0000  -30.0000 2442.6033   16.6233
    0.0000  -45.0000  -30.0000 2487.7539   16.1486
    7.5000  -45.0000  -30.0000 2509.9587   16.0127
   -7.5000  -37.5000  -30.0000 2488.5112   15.9783
    0.0000  -37.5000  -30.0000 2533.9312   15.4897
    7.5000  -37.5000  -30.0000 2560.0090   15.3464
   -7.5000  -30.0000  -30.0000 2503.1504   15.6926
    0.0000  -30.0000  -30.0000 2550.6843   15.2242
    7.5000  -30.0000  -30.0000 2574.3665   15.0302
   -7.5000  -22.5000  -30.0000 2494.6992   15.7332
    0.0000  -22.5000  -30.0000 2547.2932   15.2329
    7.5000  -22.5000  -30.0000 2573.4988   15.0223
   -7.5000  -15.0000  -30.0000 2463.0161   16.0335
    0.0000  -15.0000  -30.0000 2514.6062   15.5266
    7.5000  -15.0000  -30.0000 2542.6287   15.2757
   -7.5000   -7.5000  -30.0000 2399.1582   16.6266
    0.0000   -7.5000  -30.0000 2451.8362   16.0992
    7.5000   -7.5000  -30.0000 2482.5940   15.8247
   -7.5000    0.0000  -30.0000 2311.6987   17.5871
    0.0000    0.0000  -30.0000 2364.0659   17.0016
    7.5000    0.0000  -30.0000 2395.0454   16.6963
   -7.5000    7.5000  -30.0000 2207.2866   18.9442
    0.0000    7.5000  -30.0000 2258.6956   18.2929
    7.5000    7.5000  -30.0000 2279.0396   17.9869
   -7.5000   15.0000  -30.0000 2084.3013   20.8866
    0.0000   15.0000  -30.0000 2129.6138   20.1446
    7.5000   15.0000  -30.0000 2143.8020   19.8379
   -7.5000   22.5000  -30.0000 1965.1588   23.5542
    0.0000   22.5000  -30.0000 2000.2576   22.7590
    7.5000   22.5000  -30.0000 2021.7606   22.4537
   -7.5000   30.0000  -30.0000 1831.2234   27.2275
    0.0000   30.0000  -30.0000 1866.1952   26.3043
    7.5000   30.0000  -30.0000 1882.9281   25.9431
   -7.5000   37.5000  -30.0000 1690.4946   32.3154
    0.0000   37.5000  -30.0000 1724.7056   31.2512
    7.5000   37.5000  -30.0000 1738.0497   30.7481
   -7.5000   45.0000  -30.0000 1543.1805   39.6049
    0.0000   45.0000  -30.0000 1569.0242   38.3024
    7.5000   45.0000  -30.0000 1582.2087   37.5527
   -7.5000  -45.0000  -22.5000 2542.0427   15.8241
    0.0000  -45.0000  -22.5000 2594.8464   15.3450
    7.5000  -45.0000  -22.5000 2617.8997   15.1912
   -7.5000  -37.5000  -22.5000 2598.4419   15.2171
    0.0000  -37.5000  -22.5000 2653.9468   14.7385
    7.5000  -37.5000  -22.5000 2674.5310   14.5781
   -7.5000  -30.0000  -22.5000 2615.8972   14.9614
    0.0000  -30.0000  -22.5000 2675.1277   14.5011
    7.5000  -30.0000  -22.5000 2694.0095   14.3163
   -7.5000  -22.5000  -22.5000 2611.1257   15.0130
    0.0000  -22.5000  -22.5000 2670.7615   14.5233
    7.5000  -22.5000  -22.5000 2698.0610   14.3558
   -7.5000  -15.0000  -22.5000 2575.0129   15.3269
    0.0000  -15.0000  -22.5000 2638.8093   14.8060
    7.5000  -15.0000  -22.5000 2669.0103   14.6117
   -7.5000   -7.5000  -22.5000 2510.9568   15.8831
    0.0000   -7.5000  -22.5000 2573.2314   15.3188
    7.5000   -7.5000  -22.5000 2606.1963   15.0969
   -7.5000    0.0000  -22.5000 2413.7991   16.7771
    0.0000    0.0000  -22.5000 2473.9939   16.1553
    7.5000    0.0000  -22.5000 2507.0005   15.9042
   -7.5000    7.5000  -22.5000 2300.8911   18.0406
    0.0000    7.5000  -22.5000 2355.4238   17.3789
    7.5000    7.5000  -22.5000 2380.2664   17.1194
   -7.5000   15.0000  -22.5000 2172.9138   19.8322
    0.0000   15.0000  -22.5000 2218.2673   19.1328
    7.5000   15.0000  -22.5000 2239.2515   18.8643
   -7.5000   22.5000  -22.5000 2045.5154   22.3304
    0.0000   22.5000  -22.5000 2084.8442   21.5819
    7.5000   22.5000  -22.5000 2105.1868   21.2887
   -7.5000   30.0000  -22.5000 1911.1112   25.8746
    0.0000   30.0000  -22.5000 1942.6254   24.9839
    7.5000   30.0000  -22.5000 1957.9136   24.5721
   -7.5000   37.5000  -22.5000 1758.8345   30.5777
    0.0000   37.5000  -22.5000 1793.1847   29.5229
    7.5000   37.5000  -22.5000 1809.1047   29.0307
   -7.5000   45.0000  -22.5000 1604.6692   37.0883
    0.0000   45.0000  -22.5000 1632.3696   35.8240
    7.5000   45.0000  -22.5000 1648.4811   35.2989
   -7.5000  -45.0000  -15.0000 2613.8052   15.0928
    0.0000  -45.0000  -15.0000 2668.3899   14.5942
    7.5000  -45.0000  -15.0000 2693.8245   14.4253
   -7.5000  -37.5000  -15.0000 2673.7957   14.4975
    0.0000  -37.5000  -15.0000 2733.0842   13.9853
    7.5000  -37.5000  -15.0000 2761.5854   13.8193
   -7.5000  -30.0000  -15.0000 2700.0823   14.2638
    0.0000  -30.0000  -15.0000 2766.1055   13.7770
    7.5000  -30.0000  -15.0000 2794.5513   13.6084
   -7.5000  -22.5000  -15.0000 2697.4500   14.3244
    0.0000  -22.5000  -15.0000 2766.4397   13.8270
    7.5000  -22.5000  -15.0000 2802.8374   13.6461
   -7.5000  -15.0000  -15.0000 2657.9556   14.6199
    0.0000  -15.0000  -15.0000 2731.3220   14.0989
    7.5000  -15.0000  -15.0000 2772.8665   13.9282
   -7.5000   -7.5000  -15.0000 2590.2410   15.1776
    0.0000   -7.5000  -15.0000 2662.1406   14.5972
    7.5000   -7.5000  -15.0000 2702.5386   14.4003
   -7.5000    0.0000  -15.0000 2488.8550   15.9875
    0.0000    0.0000  -15.0000 2558.3325   15.3779
    7.5000    0.0000  -15.0000 2593.0952   15.1613
   -7.5000    7.5000  -15.0000 2370.4009   17.2047
    0.0000    7.5000  -15.0000 2429.4553   16.5744
    7.5000    7.5000  -15.0000 2458.3374   16.3468
   -7.5000   15.0000  -15.0000 2231.9902   18.9081
    0.0000   15.0000  -15.0000 2282.4939   18.2806
    7.5000   15.0000  -15.0000 2308.3762   18.0170
   -7.5000   22.5000  -15.0000 2092.2703   21.2767
    0.0000   22.5000  -15.0000 2139.5403   20.5950
    7.5000   22.5000  -15.0000 2161.3682   20.2828
   -7.5000   30.0000  -15.0000 1955.6660   24.5476
    0.0000   30.0000  -15.0000 1989.1699   23.7332
    7.5000   30.0000  -15.0000 2007.3599   23.3278
   -7.5000   37.5000  -15.0000 1805.5560   28.9446
    0.0000   37.5000  -15.0000 1838.0271   27.9313
    7.5000   37.5000  -15.0000 1857.1840   27.3857
   -7.5000   45.0000  -15.0000 1642.8590   34.9604
    0.0000   45.0000  -15.0000 1668.8710   33.6615
    7.5000   45.0000  -15.0000 1686.1801   33.1877
   -7.5000  -45.0000   -7.5000 2659.2163   14.5616
    0.0000  -45.0000   -7.5000 2715.7605   14.0070
    7.5000  -45.0000   -7.5000 2743.1021   13.7996
   -7.5000  -37.5000   -7.5000 2728.7886   13.9447
    0.0000  -37.5000   -7.5000 2791.6023   13.3631
    7.5000  -37.5000   -7.5000 2831.1194   13.1432
   -7.5000  -30.0000   -7.5000 2763.9080   13.7170
    0.0000  -30.0000   -7.5000 2832.9355   13.1451
    7.5000  -30.0000   -7.5000 2874.5920   12.9506
   -7.5000  -22.5000   -7.5000 2763.3647   13.7594
    0.0000  -22.5000   -7.5000 2839.1265   13.2230
    7.5000  -22.5000   -7.5000 2884.8320   13.0269
   -7.5000  -15.0000   -7.5000 2720.1995   14.0531
    0.0000  -15.0000   -7.5000 2803.2070   13.5128
    7.5000  -15.0000   -7.5000 2849.3081   13.3101
   -7.5000   -7.5000   -7.5000 2652.7410   14.5830
    0.0000   -7.5000   -7.5000 2722.2634   14.0242
    7.5000   -7.5000   -7.5000 2771.1931   13.8097
   -7.5000    0.0000   -7.5000 2543.6414   15.4069
    0.0000    0.0000   -7.5000 2613.2593   14.7994
    7.5000    0.0000   -7.5000 2655.5371   14.5652
   -7.5000    7.5000   -7.5000 2418.5818   16.5781
    0.0000    7.5000   -7.5000 2478.4482   15.9334
    7.5000    7.5000   -7.5000 2512.7266   15.6926
   -7.5000   15.0000   -7.5000 2271.7859   18.2234
    0.0000   15.0000   -7.5000 2323.4478   17.5794
    7.5000   15.0000   -7.5000 2356.5115   17.3117
   -7.5000   22.5000   -7.5000 2121.8164   20.4690
    0.0000   22.5000   -7.5000 2171.2961   19.7399
    7.5000   22.5000   -7.5000 2196.3306   19.4465
   -7.5000   30.0000   -7.5000 1975.2721   23.5223
    0.0000   30.0000   -7.5000 2011.1364   22.7076
    7.5000   30.0000   -7.5000 2037.8062   22.3101
   -7.5000   37.5000   -7.5000 1829.1852   27.6166
    0.0000   37.5000   -7.5000 1860.3672   26.6962
    7.5000   37.5000   -7.5000 1878.4474   26.1514
   -7.5000   45.0000   -7.5000 1663.9381   33.3357
    0.0000   45.0000   -7.5000 1694.4652   32.0599
    7.5000   45.0000   -7.5000 1708.9789   31.5753
   -7.5000  -45.0000    0.0000 2679.5212   14.3292
    0.0000  -45.0000    0.0000 2738.3831   13.7009
    7.5000  -45.0000    0.0000 2773.0801   13.4123
   -7.5000  -37.5000    0.0000 2759.9626   13.6578
    0.0000  -37.5000    0.0000 2832.9250   13.0301
    7.5000  -37.5000    0.0000 2881.1401   12.7302
   -7.5000  -30.0000    0.0000 2806.3230   13.3497
    0.0000  -30.0000    0.0000 2885.8362   12.7172
    7.5000  -30.0000    0.0000 2946.1360   12.4307
   -7.5000  -22.5000    0.0000 2803.2063   13.3914
    0.0000  -22.5000    0.0000 2888.8125   12.7752
    7.5000  -22.5000    0.0000 2946.3037   12.5221
   -7.5000  -15.0000    0.0000 2757.1433   13.7132
    0.0000  -15.0000    0.0000 2844.1133   13.1270
    7.5000  -15.0000    0.0000 2897.9099   12.8319
   -7.5000   -7.5000    0.0000 2684.3252   14.2524
    0.0000   -7.5000    0.0000 2762.9397   13.6785
    7.5000   -7.5000    0.0000 2814.4475   13.3840
   -7.5000    0.0000    0.0000 2574.7488   15.0781
    0.0000    0.0000    0.0000 2647.7148   14.4590
    7.5000    0.0000    0.0000 2684.5137   14.1908
   -7.5000    7.5000    0.0000 2447.5564   16.2250
    0.0000    7.5000    0.0000 2508.0547   15.5883
    7.5000    7.5000    0.0000 2538.2124   15.3071
   -7.5000   15.0000    0.0000 2296.8357   17.8102
    0.0000   15.0000    0.0000 2349.0605   17.1615
    7.5000   15.0000    0.0000 2378.3171   16.8632
   -7.5000   22.5000    0.0000 2141.3733   19.9834
    0.0000   22.5000    0.0000 2190.8059   19.2778
    7.5000   22.5000    0.0000 2215.0017   18.9765
   -7.5000   30.0000    0.0000 1986.8813   22.8989
    0.0000   30.0000    0.0000 2025.3182   22.2029
    7.5000   30.0000    0.0000 2052.4443   21.7995
   -7.5000   37.5000    0.0000 1835.2689   26.9072
    0.0000   37.5000    0.0000 1869.4661   26.0187
    7.5000   37.5000    0.0000 1885.7523   25.4863
   -7.5000   45.0000    0.0000 1672.8319   32.2720
    0.0000   45.0000    0.0000 1703.4800   31.0269
    7.5000   45.0000    0.0000 1717.2460   30.4969
   -7.5000  -45.0000    7.5000 2676.8835   14.3234
    0.0000  -45.0000    7.5000 2737.0032   13.6337
    7.5000  -45.0000    7.5000 2775.2917   13.2846
   -7.5000  -37.5000    7.5000 2765.4297   13.6241
    0.0000  -37.5000    7.5000 2844.1853   12.9367
    7.5000  -37.5000    7.5000 2893.0979   12.5811
   -7.5000  -30.0000    7.5000 2816.1655   13.2493
    0.0000  -30.0000    7.5000 2908.2292   12.5775
    7.5000  -30.0000    7.5000 2971.2371   12.2047
   -7.5000  -22.5000    7.5000 2821.8574   13.2402
    0.0000  -22.5000    7.5000 2916.1794   12.5844
    7.5000  -22.5000    7.5000 2968.4373   12.2216
   -7.5000  -15.0000    7.5000 2776.0149   13.5409
    0.0000  -15.0000    7.5000 2869.0259   12.9080
    7.5000  -15.0000    7.5000 2911.9165   12.5896
   -7.5000   -7.5000    7.5000 2696.3767   14.0677
    0.0000   -7.5000    7.5000 2777.3516   13.4801
    7.5000   -7.5000    7.5000 2821.2271   13.2009
   -7.5000    0.0000    7.5000 2585.7024   14.9030
    0.0000    0.0000    7.5000 2657.6387   14.3196
    7.5000    0.0000    7.5000 2688.2810   14.0723
   -7.5000    7.5000    7.5000 2453.5176   16.0789
    0.0000    7.5000    7.5000 2513.5601   15.4611
    7.5000    7.5000    7.5000 2540.7930   15.2162
   -7.5000   15.0000    7.5000 2304.6272   17.6699
    0.0000   15.0000    7.5000 2354.7178   17.0033
    7.5000   15.0000    7.5000 2379.0547   16.7350
   -7.5000   22.5000    7.5000 2151.0327   19.8274
    0.0000   22.5000    7.5000 2194.5959   19.1359
    7.5000   22.5000    7.5000 2218.7759   18.8508
   -7.5000   30.0000    7.5000 1994.2429   22.6728
    0.0000   30.0000    7.5000 2033.8604   21.9641
    7.5000   30.0000    7.5000 2055.8538   21.6796
   -7.5000   37.5000    7.5000 1831.9177   26.5441
    0.0000   37.5000    7.5000 1868.7103   25.6654
    7.5000   37.5000    7.5000 1888.1062   25.2610
   -7.5000   45.0000    7.5000 1670.9674   31.7113
    0.0000   45.0000    7.5000 1702.1670   30.4645
    7.5000   45.0000    7.5000 1714.3125   29.9339
   -7.5000  -45.0000   15.0000 2656.6467   14.4849
    0.0000  -45.0000   15.0000 2722.2463   13.7682
    7.5000  -45.0000   15.0000 2759.0383   13.4194
   -7.5000  -37.5000   15.0000 2749.8469   13.7491
    0.0000  -37.5000   15.0000 2829.1792   13.0487
    7.5000  -37.5000   15.0000 2878.1179   12.7054
   -7.5000  -30.0000   15.0000 2799.3467   13.3847
    0.0000  -30.0000   15.0000 2895.1663   12.7197
    7.5000  -30.0000   15.0000 2946.1418   12.3678
   -7.5000  -22.5000   15.0000 2812.2009   13.3462
    0.0000  -22.5000   15.0000 2908.2649   12.7421
    7.5000  -22.5000   15.0000 2955.3442   12.4560
   -7.5000  -15.0000   15.0000 2767.8008   13.6074
    0.0000  -15.0000   15.0000 2857.4333   13.0270
    7.5000  -15.0000   15.0000 2900.0818   12.8220
   -7.5000   -7.5000   15.0000 2686.1384   14.1348
    0.0000   -7.5000   15.0000 2766.6306   13.5601
    7.5000   -7.5000   15.0000 2809.7053   13.3543
   -7.5000    0.0000   15.0000 2573.5469   14.9678
    0.0000    0.0000   15.0000 2640.3213   14.3884
    7.5000    0.0000   15.0000 2672.6516   14.1774
   -7.5000    7.5000   15.0000 2442.2312   16.1395
    0.0000    7.5000   15.0000 2499.9727   15.5292
    7.5000    7.5000   15.0000 2525.6104   15.3142
   -7.5000   15.0000   15.0000 2296.2097   17.7203
    0.0000   15.0000   15.0000 2342.0361   17.0529
    7.5000   15.0000   15.0000 2368.2595   16.8247
   -7.5000   22.5000   15.0000 2146.0889   19.8228
    0.0000   22.5000   15.0000 2181.9434   19.1360
    7.5000   22.5000   15.0000 2207.2668   18.8633
   -7.5000   30.0000   15.0000 1987.7905   22.6875
    0.0000   30.0000   15.0000 2020.0200   21.9614
    7.5000   30.0000   15.0000 2039.6281   21.6271
   -7.5000   37.5000   15.0000 1824.5847   26.4498
    0.0000   37.5000   15.0000 1860.3945   25.5927
    7.5000   37.5000   15.0000 1878.4514   25.1872
   -7.5000   45.0000   15.0000 1662.0690   31.4514
    0.0000   45.0000   15.0000 1687.7887   30.3982
    7.5000   45.0000   15.0000 1708.0273   29.8434
   -7.5000  -45.0000   22.5000 2617.3896   14.8780
    0.0000  -45.0000   22.5000 2682.2869   14.1528
    7.5000  -45.0000   22.5000 2717.6101   13.8520
   -7.5000  -37.5000   22.5000 2711.2981   14.1130
    0.0000  -37.5000   22.5000 2789.5676   13.4258
    7.5000  -37.5000   22.5000 2832.0674   13.1125
   -7.5000  -30.0000   22.5000 2762.1682   13.7282
    0.0000  -30.0000   22.5000 2852.4270   13.1114
    7.5000  -30.0000   22.5000 2896.2361   12.8047
   -7.5000  -22.5000   22.5000 2773.3291   13.6839
    0.0000  -22.5000   22.5000 2862.0159   13.1244
    7.5000  -22.5000   22.5000 2905.7312   12.8856
   -7.5000  -15.0000   22.5000 2723.5271   13.9278
    0.0000  -15.0000   22.5000 2811.6809   13.4168
    7.5000  -15.0000   22.5000 2849.4128   13.1887
   -7.5000   -7.5000   22.5000 2647.0806   14.4373
    0.0000   -7.5000   22.5000 2726.3408   13.9150
    7.5000   -7.5000   22.5000 2761.6406   13.7109
   -7.5000    0.0000   22.5000 2540.9749   15.2576
    0.0000    0.0000   22.5000 2606.6519   14.7244
    7.5000    0.0000   22.5000 2636.6379   14.5204
   -7.5000    7.5000   22.5000 2416.9404   16.4124
    0.0000    7.5000   22.5000 2471.1465   15.8594
    7.5000    7.5000   22.5000 2497.4617   15.6315
   -7.5000   15.0000   22.5000 2271.7964   17.9752
    0.0000   15.0000   22.5000 2319.3696   17.3713
    7.5000   15.0000   22.5000 2343.8008   17.1511
   -7.5000   22.5000   22.5000 2125.3015   20.0464
    0.0000   22.5000   22.5000 2160.5967   19.3565
    7.5000   22.5000   22.5000 2184.4214   19.0786
   -7.5000   30.0000   22.5000 1967.7250   22.7793
    0.0000   30.0000   22.5000 2000.5892   22.0692
    7.5000   30.0000   22.5000 2020.5217   21.7378
   -7.5000   37.5000   22.5000 1804.4312   26.4710
    0.0000   37.5000   22.5000 1841.7173   25.6167
    7.5000   37.5000   22.5000 1858.6573   25.2051
   -7.5000   45.0000   22.5000 1647.4325   31.4955
    0.0000   45.0000   22.5000 1674.3378   30.4099
    7.5000   45.0000   22.5000 1690.8684   29.9894
   -7.5000  -45.0000   30.0000 2566.9482   15.5388
    0.0000  -45.0000   30.0000 2627.9673   14.7801
    7.5000  -45.0000   30.0000 2665.4670   14.5099
   -7.5000  -37.5000   30.0000 2658.6472   14.7576
    0.0000  -37.5000   30.0000 2726.2324   14.0454
    7.5000  -37.5000   30.0000 2769.2874   13.7466
   -7.5000  -30.0000   30.0000 2704.7209   14.3424
    0.0000  -30.0000   30.0000 2782.1680   13.6950
    7.5000  -30.0000   30.0000 2822.9370   13.4715
   -7.5000  -22.5000   30.0000 2713.0735   14.2669
    0.0000  -22.5000   30.0000 2789.3142   13.6964
    7.5000  -22.5000   30.0000 2828.9380   13.4967
   -7.5000  -15.0000   30.0000 2667.0620   14.4979
    0.0000  -15.0000   30.0000 2739.2068   13.9745
    7.5000  -15.0000   30.0000 2770.7588   13.7827
   -7.5000   -7.5000   30.0000 2592.1938   14.9903
    0.0000   -7.5000   30.0000 2659.8079   14.4820
    7.5000   -7.5000   30.0000 2691.0134   14.2695
   -7.5000    0.0000   30.0000 2491.3149   15.7985
    0.0000    0.0000   30.0000 2551.5811   15.2673
    7.5000    0.0000   30.0000 2581.7815   15.0798
   -7.5000    7.5000   30.0000 2371.8574   16.9323
    0.0000    7.5000   30.0000 2426.0552   16.3703
    7.5000    7.5000   30.0000 2449.1694   16.1654
   -7.5000   15.0000   30.0000 2234.3113   18.4091
    0.0000   15.0000   30.0000 2276.0125   17.8138
    7.5000   15.0000   30.0000 2298.4727   17.6092
   -7.5000   22.5000   30.0000 2085.7415   20.4163
    0.0000   22.5000   30.0000 2122.5740   19.7584
    7.5000   22.5000   30.0000 2148.9548   19.5456
   -7.5000   30.0000   30.0000 1932.1975   23.1246
    0.0000   30.0000   30.0000 1965.9343   22.3809
    7.5000   30.0000   30.0000 1988.2683   22.0975
   -7.5000   37.5000   30.0000 1779.1945   26.8746
    0.0000   37.5000   30.0000 1811.0656   25.9511
    7.5000   37.5000   30.0000 1826.1171   25.5733
   -7.5000   45.0000   30.0000 1629.7751   31.9947
    0.0000   45.0000   30.0000 1647.6560   30.8767
    7.5000   45.0000   30.0000 1658.7120   30.3773
   -7.5000  -45.0000   37.5000 2514.2280   16.3984
    0.0000  -45.0000   37.5000 2574.9717   15.6666
    7.5000  -45.0000   37.5000 2616.9014   15.3912
   -7.5000  -37.5000   37.5000 2598.3132   15.5854
    0.0000  -37.5000   37.5000 2661.7993   14.8773
    7.5000  -37.5000   37.5000 2707.6025   14.6418
   -7.5000  -30.0000   37.5000 2634.1772   15.1308
    0.0000  -30.0000   37.5000 2705.5156   14.5003
    7.5000  -30.0000   37.5000 2744.4849   14.3037
   -7.5000  -22.5000   37.5000 2634.7966   15.0024
    0.0000  -22.5000   37.5000 2697.9065   14.4416
    7.5000  -22.5000   37.5000 2739.0244   14.2572
   -7.5000  -15.0000   37.5000 2597.5837   15.2147
    0.0000  -15.0000   37.5000 2653.3821   14.7060
    7.5000  -15.0000   37.5000 2686.4734   14.5144
   -7.5000   -7.5000   37.5000 2527.2869   15.7580
    0.0000   -7.5000   37.5000 2579.3931   15.2224
    7.5000   -7.5000   37.5000 2610.1003   15.0323
   -7.5000    0.0000   37.5000 2431.8162   16.5813
    0.0000    0.0000   37.5000 2480.0403   16.0106
    7.5000    0.0000   37.5000 2512.9604   15.8218
   -7.5000    7.5000   37.5000 2316.4353   17.6835
    0.0000    7.5000   37.5000 2364.6655   17.1142
    7.5000    7.5000   37.5000 2391.9849   16.9026
   -7.5000   15.0000   37.5000 2186.5618   19.1307
    0.0000   15.0000   37.5000 2226.2231   18.5588
    7.5000   15.0000   37.5000 2249.5535   18.3460
   -7.5000   22.5000   37.5000 2040.8402   21.1276
    0.0000   22.5000   37.5000 2076.4741   20.5200
    7.5000   22.5000   37.5000 2102.4978   20.2395
   -7.5000   30.0000   37.5000 1891.7159   23.8615
    0.0000   30.0000   37.5000 1924.2039   23.1633
    7.5000   30.0000   37.5000 1945.1174   22.8372
   -7.5000   37.5000   37.5000 1749.5323   27.6532
    0.0000   37.5000   37.5000 1774.5233   26.8019
    7.5000   37.5000   37.5000 1788.2892   26.4107
   -7.5000   45.0000   37.5000 1593.2914   32.9672
    0.0000   45.0000   37.5000 1615.6533   31.8790
    7.5000   45.0000   37.5000 1625.2390   31.3603
   -7.5000  -45.0000   45.0000 2451.4556   17.4817
    0.0000  -45.0000   45.0000 2508.9468   16.7759
    7.5000  -45.0000   45.0000 2549.9280   16.5450
   -7.5000  -37.5000   45.0000 2524.8794   16.6327
    0.0000  -37.5000   45.0000 2584.5371   15.9622
    7.5000  -37.5000   45.0000 2627.7156   15.7458
   -7.5000  -30.0000   45.0000 2555.3132   16.1272
    0.0000  -30.0000   45.0000 2616.7380   15.5260
    7.5000  -30.0000   45.0000 2654.4182   15.3366
   -7.5000  -22.5000   45.0000 2548.1189   15.9819
    0.0000  -22.5000   45.0000 2604.3394   15.4268
    7.5000  -22.5000   45.0000 2644.3271   15.2455
   -7.5000  -15.0000   45.0000 2514.1692   16.1802
    0.0000  -15.0000   45.0000 2561.1880   15.6659
    7.5000  -15.0000   45.0000 2595.2356   15.4853
   -7.5000   -7.5000   45.0000 2449.6150   16.7313
    0.0000   -7.5000   45.0000 2495.2849   16.1810
    7.5000   -7.5000   45.0000 2523.0527   16.0076
   -7.5000    0.0000   45.0000 2362.6287   17.5393
    0.0000    0.0000   45.0000 2401.6692   16.9607
    7.5000    0.0000   45.0000 2430.8135   16.7719
   -7.5000    7.5000   45.0000 2259.2751   18.6539
    0.0000    7.5000   45.0000 2297.5322   18.0672
    7.5000    7.5000   45.0000 2322.7905   17.8423
   -7.5000   15.0000   45.0000 2131.3240   20.1345
    0.0000   15.0000   45.0000 2165.0059   19.5519
    7.5000   15.0000   45.0000 2189.5078   19.2853
   -7.5000   22.5000   45.0000 1994.5951   22.1843
    0.0000   22.5000   45.0000 2024.5231   21.5414
    7.5000   22.5000   45.0000 2046.7523   21.2775
   -7.5000   30.0000   45.0000 1844.0422   24.9770
    0.0000   30.0000   45.0000 1875.8623   24.2466
    7.5000   30.0000   45.0000 1895.1573   23.9119
   -7.5000   37.5000   45.0000 1703.9366   28.9424
    0.0000   37.5000   45.0000 1729.0864   28.0792
    7.5000   37.5000   45.0000 1746.4526   27.6755
   -7.5000   45.0000   45.0000 1554.9326   34.5047
    0.0000   45.0000   45.0000 1577.4882   33.2847
    7.5000   45.0000   45.0000 1590.1599   32.6983

---------------------------------------------------------------------
imgreg_4dfp /opt/freesurfer/average/711-2C_as_mni_average_305 /opt/freesurfer/average/711-2B_as_mni_average_305_mask talsrcimg_g11 none talsrcimg_to_711-2C_as_mni_average_305_t4 1283
---------------------------------------------------------------------

freesurfer imgreg_4dfp.c
/opt/freesurfer/average/711-2C_as_mni_average_305.4dfp.img
       256       256       256         1
  1.000000  1.000000  1.000000
orientation T byte_order littleendian
Reading image: /opt/freesurfer/average/711-2C_as_mni_average_305.4dfp.img
dimensions:      256       256       256
mmppix:       1.0000   -1.0000   -1.0000
center:     128.0000 -129.0000 -129.0000
/opt/freesurfer/average/711-2B_as_mni_average_305_mask.4dfp.img
       256       256       256         1
  1.000000  1.000000  1.000000
orientation T byte_order littleendian
Reading mask: /opt/freesurfer/average/711-2B_as_mni_average_305_mask.4dfp.img (2306576 pixels)
talsrcimg_g11.4dfp.img
       256       256       256         1
  1.000000  1.000000  1.000000
orientation T byte_order littleendian
Reading image: talsrcimg_g11.4dfp.img
dimensions:      256       256       256
mmppix:       1.0000   -1.0000   -1.0000
center:     128.0000 -129.0000 -129.0000
rotation matrix determinant  1.000000
fimgreg.f
image alignment mode   1283 decimal      503 hex
parameters
    7.5000  -30.0000    7.5000    0.0000    0.0000    0.0000
eta,q 0.93247 12.21368
niter,ni,del,rscale     5    3   12.0000    1.2000
parameter  2 -0.562674 -> -0.500000 qaram    1.1500
parameter  4  1.766815 ->  0.500000 qaram    1.1500
parameter  6  8.090070 ->  0.500000 qaram    1.1500
parameters
    8.4011  -26.5500    7.0470   -3.4500    1.0216   -3.4500
eta,q 0.94197 12.05118
  0.0833  0.0882  0.0675  0.0622  0.0687  0.0570
  0.0757  0.0805  0.0658  0.0632  0.0664  0.0576
  0.0697  0.0733  0.0654  0.0643  0.0648  0.0597
  0.0677  0.0676  0.0651  0.0654  0.0635  0.0629
  0.0679  0.0654  0.0650  0.0666  0.0624  0.0657
  0.0704  0.0655  0.0660  0.0681  0.0635  0.0677
  0.0761  0.0671  0.0691  0.0707  0.0667  0.0693
niter,ni,del,rscale     7    3   12.0000    1.2000
parameters
    7.5614  -26.1501    7.1696   -6.7794    1.3189   -6.1020
eta,q 0.94394 11.99899
  0.0692  0.0745  0.0641  0.0581  0.0652  0.0591
  0.0636  0.0651  0.0610  0.0574  0.0618  0.0565
  0.0594  0.0597  0.0594  0.0574  0.0591  0.0561
  0.0580  0.0580  0.0581  0.0580  0.0574  0.0573
  0.0623  0.0595  0.0585  0.0594  0.0579  0.0597
  0.0697  0.0637  0.0607  0.0620  0.0603  0.0629
  0.0765  0.0703  0.0638  0.0650  0.0644  0.0659
niter,ni,del,rscale     6    3   12.0000    1.2000
parameters
    7.1718  -24.6090    6.9035   -9.7243    1.9752   -5.9373
eta,q 0.94513 12.05534
  0.0696  0.0762  0.0617  0.0564  0.0629  0.0630
  0.0631  0.0656  0.0587  0.0556  0.0599  0.0594
  0.0584  0.0591  0.0571  0.0552  0.0570  0.0561
  0.0561  0.0563  0.0556  0.0558  0.0552  0.0549
  0.0585  0.0559  0.0565  0.0573  0.0550  0.0560
  0.0660  0.0583  0.0597  0.0597  0.0569  0.0588
  0.0738  0.0632  0.0630  0.0625  0.0610  0.0623
niter,ni,del,rscale     5    3   12.0000    1.2000
parameter  4  0.700850 ->  0.500000 qaram    1.3225
parameters
    6.9736  -22.6667    6.4945  -13.6918    3.0767   -6.1230
eta,q 0.94653 12.14871
  0.0695  0.0738  0.0604  0.0537  0.0626  0.0596
  0.0626  0.0646  0.0573  0.0537  0.0592  0.0565
  0.0574  0.0580  0.0558  0.0541  0.0559  0.0542
  0.0549  0.0550  0.0553  0.0553  0.0538  0.0535
  0.0570  0.0555  0.0571  0.0565  0.0537  0.0545
  0.0643  0.0563  0.0588  0.0588  0.0553  0.0570
  0.0717  0.0599  0.0610  0.0622  0.0584  0.0603
niter,ni,del,rscale     5    3   12.0000    1.2000
parameters
    6.6493  -20.9602    6.0608  -14.7544    3.5738   -6.1474
eta,q 0.94827 12.14860
  0.0671  0.0723  0.0594  0.0582  0.0596  0.0579
  0.0601  0.0630  0.0549  0.0530  0.0565  0.0551
  0.0551  0.0566  0.0522  0.0515  0.0536  0.0525
  0.0535  0.0535  0.0526  0.0522  0.0518  0.0517
  0.0561  0.0526  0.0551  0.0540  0.0520  0.0529
  0.0627  0.0542  0.0569  0.0570  0.0542  0.0551
  0.0699  0.0599  0.0603  0.0610  0.0581  0.0580
niter,ni,del,rscale     4    3   12.0000    1.2000
parameters
    6.6492  -20.7280    5.9576  -14.7221    3.6485   -6.1794
eta,q 0.94840 12.14836
  0.0678  0.0672  0.0602  0.0608  0.0587  0.0577
  0.0599  0.0588  0.0553  0.0549  0.0557  0.0550
  0.0538  0.0538  0.0519  0.0517  0.0529  0.0524
  0.0517  0.0517  0.0517  0.0516  0.0516  0.0516
  0.0541  0.0529  0.0541  0.0529  0.0523  0.0528
  0.0601  0.0574  0.0562  0.0557  0.0549  0.0550
  0.0676  0.0654  0.0597  0.0596  0.0589  0.0578
niter,ni,del,rscale     3    3   12.0000    1.2000
parameters
    6.6546  -20.7173    5.9582  -14.7049    3.6581   -6.1897
eta,q 0.94839 12.14821
  0.0678  0.0663  0.0605  0.0608  0.0586  0.0578
  0.0598  0.0582  0.0555  0.0549  0.0555  0.0551
  0.0537  0.0535  0.0520  0.0517  0.0528  0.0524
  0.0516  0.0516  0.0516  0.0516  0.0516  0.0516
  0.0540  0.0530  0.0539  0.0529  0.0523  0.0528
  0.0600  0.0580  0.0561  0.0557  0.0550  0.0550
  0.0675  0.0664  0.0595  0.0597  0.0590  0.0578
registration optimization eta report
parameter search radius
    6.0000    6.9000    6.0000    7.9350    6.0000    6.9000
100000*second partial in parameter space
       44.       31.       22.       14.       20.       13.
  0.0678  0.0663  0.0605  0.0608  0.0586  0.0578
  0.0598  0.0582  0.0555  0.0549  0.0555  0.0551
  0.0537  0.0535  0.0520  0.0517  0.0528  0.0524
  0.0516  0.0516  0.0516  0.0516  0.0516  0.0516
  0.0540  0.0530  0.0539  0.0529  0.0523  0.0528
  0.0600  0.0580  0.0561  0.0557  0.0550  0.0550
  0.0675  0.0664  0.0595  0.0597  0.0590  0.0578
    6.6546  -20.7173    5.9582  -14.7049    3.6581   -6.1897
eta,q 0.94839 12.14821

---------------------------------------------------------------------
imgreg_4dfp /opt/freesurfer/average/711-2C_as_mni_average_305 /opt/freesurfer/average/711-2B_as_mni_average_305_mask talsrcimg_g11 none talsrcimg_to_711-2C_as_mni_average_305_t4 3335
---------------------------------------------------------------------

freesurfer imgreg_4dfp.c
/opt/freesurfer/average/711-2C_as_mni_average_305.4dfp.img
       256       256       256         1
  1.000000  1.000000  1.000000
orientation T byte_order littleendian
Reading image: /opt/freesurfer/average/711-2C_as_mni_average_305.4dfp.img
dimensions:      256       256       256
mmppix:       1.0000   -1.0000   -1.0000
center:     128.0000 -129.0000 -129.0000
/opt/freesurfer/average/711-2B_as_mni_average_305_mask.4dfp.img
       256       256       256         1
  1.000000  1.000000  1.000000
orientation T byte_order littleendian
Reading mask: /opt/freesurfer/average/711-2B_as_mni_average_305_mask.4dfp.img (2306576 pixels)
talsrcimg_g11.4dfp.img
       256       256       256         1
  1.000000  1.000000  1.000000
orientation T byte_order littleendian
Reading image: talsrcimg_g11.4dfp.img
dimensions:      256       256       256
mmppix:       1.0000   -1.0000   -1.0000
center:     128.0000 -129.0000 -129.0000
fimgreg.f
image alignment mode   3335 decimal      D07 hex
parameters
    6.6546  -20.7173    5.9582   -0.7855   -4.0139   -3.4725
   12.0390   -3.3984  -10.7600   25.9015    6.3802  -25.3324
eta,q 0.94928 12.26276
niter,ni,del,rscale     5    3    5.0000    1.2000
parameter  4  1.135264 ->  0.500000 qaram    1.1500
parameter  5  2.942618 ->  0.500000 qaram    1.1500
parameter  6  0.908874 ->  0.500000 qaram    1.1500
parameter 10  0.697241 ->  0.500000 qaram    1.1500
parameters
    6.7496  -20.7693    5.6919   -4.9255   -8.1539   -7.6125
   10.6907   -0.1390   -8.4233   21.7615    5.0397  -27.8442
eta,q 0.96519 11.52967
  0.0538  0.0525  0.0517  0.0466  0.0384  0.0382  0.0398  0.0461  0.0410  0.0352  0.0360  0.0354
  0.0522  0.0515  0.0511  0.0468  0.0408  0.0381  0.0387  0.0429  0.0392  0.0350  0.0353  0.0349
  0.0511  0.0509  0.0508  0.0481  0.0437  0.0391  0.0382  0.0402  0.0378  0.0355  0.0350  0.0348
  0.0507  0.0507  0.0507  0.0507  0.0471  0.0415  0.0382  0.0381  0.0369  0.0367  0.0351  0.0350
  0.0509  0.0510  0.0509  0.0540  0.0508  0.0443  0.0388  0.0370  0.0367  0.0387  0.0354  0.0354
  0.0518  0.0516  0.0514  0.0576  0.0548  0.0480  0.0399  0.0372  0.0370  0.0417  0.0361  0.0360
  0.0534  0.0527  0.0523  0.0618  0.0592  0.0525  0.0415  0.0388  0.0378  0.0454  0.0370  0.0367
niter,ni,del,rscale     7    3    5.0000    1.2000
parameter  5  1.320921 ->  0.500000 qaram    1.3225
parameters
    7.1643  -20.6914    5.0689   -6.6405  -12.9149   -9.7268
   10.4811    0.0046   -8.4534   20.5088    5.0518  -30.8680
eta,q 0.96939 11.10350
  0.0400  0.0373  0.0357  0.0378  0.0294  0.0327  0.0332  0.0350  0.0332  0.0334  0.0317  0.0311
  0.0375  0.0358  0.0349  0.0361  0.0302  0.0318  0.0320  0.0329  0.0319  0.0319  0.0312  0.0307
  0.0357  0.0350  0.0346  0.0348  0.0319  0.0311  0.0312  0.0315  0.0312  0.0310  0.0310  0.0306
  0.0348  0.0347  0.0347  0.0345  0.0346  0.0306  0.0309  0.0309  0.0309  0.0309  0.0309  0.0309
  0.0348  0.0349  0.0353  0.0359  0.0378  0.0315  0.0312  0.0313  0.0312  0.0317  0.0309  0.0313
  0.0357  0.0357  0.0364  0.0389  0.0416  0.0347  0.0321  0.0326  0.0320  0.0332  0.0312  0.0320
  0.0373  0.0369  0.0378  0.0430  0.0460  0.0386  0.0335  0.0347  0.0332  0.0357  0.0317  0.0327
niter,ni,del,rscale     7    3    5.0000    1.2000
parameter  5  0.658986 ->  0.500000 qaram    1.5209
parameters
    7.3654  -20.3135    4.7942   -6.2309  -18.3901  -10.0099
   10.3531   -0.0217   -8.1694   20.7157    5.2826  -33.4912
eta,q 0.97139 10.81851
  0.0345  0.0340  0.0317  0.0349  0.0292  0.0317  0.0309  0.0326  0.0306  0.0323  0.0298  0.0291
  0.0325  0.0323  0.0309  0.0332  0.0287  0.0304  0.0298  0.0306  0.0297  0.0305  0.0292  0.0287
  0.0312  0.0311  0.0306  0.0317  0.0291  0.0295  0.0291  0.0292  0.0291  0.0293  0.0289  0.0286
  0.0306  0.0306  0.0306  0.0305  0.0304  0.0287  0.0288  0.0288  0.0288  0.0288  0.0288  0.0288
  0.0308  0.0307  0.0308  0.0304  0.0331  0.0285  0.0290  0.0293  0.0290  0.0292  0.0289  0.0292
  0.0317  0.0313  0.0314  0.0319  0.0367  0.0299  0.0298  0.0306  0.0295  0.0303  0.0292  0.0298
  0.0334  0.0323  0.0322  0.0349  0.0408  0.0333  0.0311  0.0327  0.0304  0.0320  0.0296  0.0305
niter,ni,del,rscale     7    3    5.0000    1.2000
parameters
    7.4892  -19.7573    4.6836   -5.6154  -21.0370  -10.2332
   10.0071   -0.1095   -7.9850   21.3885    5.3798  -34.3532
eta,q 0.97163 10.70074
  0.0322  0.0320  0.0297  0.0330  0.0308  0.0316  0.0303  0.0322  0.0299  0.0322  0.0294  0.0292
  0.0303  0.0303  0.0290  0.0312  0.0294  0.0302  0.0293  0.0302  0.0291  0.0303  0.0288  0.0287
  0.0291  0.0292  0.0286  0.0297  0.0285  0.0291  0.0287  0.0288  0.0286  0.0290  0.0285  0.0284
  0.0286  0.0286  0.0285  0.0285  0.0284  0.0284  0.0284  0.0284  0.0284  0.0284  0.0284  0.0284
  0.0289  0.0286  0.0287  0.0283  0.0295  0.0282  0.0287  0.0289  0.0286  0.0287  0.0285  0.0286
  0.0299  0.0290  0.0292  0.0297  0.0322  0.0296  0.0295  0.0303  0.0290  0.0296  0.0288  0.0291
  0.0315  0.0298  0.0300  0.0325  0.0363  0.0330  0.0308  0.0324  0.0298  0.0312  0.0293  0.0296
niter,ni,del,rscale     6    3    5.0000    1.2000
parameters
    7.5280  -19.3006    4.6349   -5.3611  -21.9284  -10.4302
    9.8271   -0.1365   -8.0109   21.9032    5.5010  -34.6856
eta,q 0.97160 10.66285
  0.0317  0.0311  0.0296  0.0325  0.0316  0.0316  0.0303  0.0323  0.0298  0.0319  0.0294  0.0293
  0.0299  0.0297  0.0289  0.0308  0.0300  0.0302  0.0293  0.0302  0.0290  0.0301  0.0288  0.0288
  0.0288  0.0288  0.0285  0.0293  0.0289  0.0291  0.0287  0.0288  0.0286  0.0289  0.0285  0.0285
  0.0284  0.0284  0.0283  0.0283  0.0283  0.0284  0.0284  0.0284  0.0284  0.0284  0.0284  0.0284
  0.0287  0.0284  0.0285  0.0283  0.0286  0.0282  0.0286  0.0289  0.0286  0.0287  0.0285  0.0286
  0.0297  0.0288  0.0289  0.0299  0.0304  0.0295  0.0294  0.0303  0.0290  0.0296  0.0288  0.0289
  0.0315  0.0295  0.0297  0.0326  0.0336  0.0329  0.0306  0.0323  0.0298  0.0311  0.0293  0.0295
niter,ni,del,rscale     5    3    5.0000    1.2000
parameters
    7.5485  -19.0559    4.5579   -5.2705  -22.2894  -10.6077
    9.8094   -0.1294   -8.0598   22.2077    5.6319  -34.8184
eta,q 0.97154 10.64641
  0.0316  0.0306  0.0295  0.0324  0.0318  0.0316  0.0304  0.0323  0.0298  0.0317  0.0294  0.0294
  0.0298  0.0294  0.0289  0.0308  0.0302  0.0302  0.0294  0.0302  0.0290  0.0299  0.0289  0.0288
  0.0288  0.0287  0.0285  0.0293  0.0290  0.0292  0.0287  0.0289  0.0286  0.0289  0.0286  0.0285
  0.0284  0.0284  0.0284  0.0284  0.0284  0.0284  0.0285  0.0285  0.0285  0.0285  0.0285  0.0285
  0.0287  0.0285  0.0286  0.0285  0.0286  0.0282  0.0286  0.0289  0.0286  0.0288  0.0286  0.0286
  0.0298  0.0290  0.0290  0.0301  0.0300  0.0295  0.0293  0.0303  0.0291  0.0297  0.0289  0.0290
  0.0315  0.0298  0.0297  0.0328  0.0330  0.0329  0.0306  0.0323  0.0298  0.0312  0.0293  0.0294
niter,ni,del,rscale     4    3    5.0000    1.2000
parameters
    7.5574  -18.9351    4.4926   -5.2328  -22.4707  -10.7313
    9.8304   -0.1177   -8.1132   22.3757    5.7517  -34.8583
eta,q 0.97150 10.63745
  0.0316  0.0303  0.0296  0.0324  0.0319  0.0316  0.0305  0.0323  0.0298  0.0316  0.0294  0.0295
  0.0299  0.0293  0.0290  0.0308  0.0303  0.0302  0.0295  0.0303  0.0291  0.0299  0.0289  0.0289
  0.0288  0.0286  0.0286  0.0294  0.0291  0.0292  0.0288  0.0289  0.0286  0.0289  0.0286  0.0286
  0.0285  0.0285  0.0285  0.0285  0.0285  0.0285  0.0285  0.0285  0.0285  0.0285  0.0285  0.0285
  0.0288  0.0286  0.0286  0.0286  0.0286  0.0282  0.0287  0.0290  0.0287  0.0289  0.0286  0.0286
  0.0298  0.0291  0.0290  0.0302  0.0299  0.0295  0.0294  0.0303  0.0291  0.0298  0.0289  0.0290
  0.0315  0.0299  0.0297  0.0329  0.0327  0.0328  0.0306  0.0323  0.0298  0.0313  0.0293  0.0294
niter,ni,del,rscale     3    3    5.0000    1.2000
parameters
    7.5626  -18.8689    4.4455   -5.2146  -22.5721  -10.8152
    9.8565   -0.1184   -8.1584   22.4693    5.8264  -34.8800
eta,q 0.97147 10.63183
  0.0316  0.0303  0.0296  0.0324  0.0319  0.0316  0.0305  0.0323  0.0298  0.0315  0.0294  0.0295
  0.0299  0.0292  0.0290  0.0308  0.0303  0.0303  0.0295  0.0303  0.0291  0.0299  0.0289  0.0289
  0.0288  0.0287  0.0286  0.0294  0.0292  0.0292  0.0288  0.0289  0.0287  0.0289  0.0286  0.0286
  0.0285  0.0285  0.0285  0.0285  0.0285  0.0285  0.0285  0.0285  0.0285  0.0285  0.0285  0.0285
  0.0288  0.0287  0.0286  0.0286  0.0286  0.0283  0.0287  0.0290  0.0287  0.0289  0.0286  0.0287
  0.0299  0.0292  0.0291  0.0303  0.0299  0.0295  0.0294  0.0303  0.0291  0.0298  0.0289  0.0290
  0.0315  0.0300  0.0297  0.0330  0.0326  0.0327  0.0306  0.0323  0.0298  0.0313  0.0294  0.0295
niter,ni,del,rscale     2    3    5.0000    1.2000
parameters
    7.5629  -18.8297    4.4135   -5.2053  -22.6344  -10.8696
    9.8731   -0.1139   -8.1832   22.5228    5.8696  -34.8954
eta,q 0.97145 10.62820
  0.0316  0.0302  0.0297  0.0324  0.0320  0.0316  0.0305  0.0323  0.0298  0.0315  0.0294  0.0295
  0.0299  0.0292  0.0290  0.0308  0.0303  0.0303  0.0295  0.0303  0.0291  0.0298  0.0289  0.0289
  0.0289  0.0287  0.0287  0.0294  0.0292  0.0293  0.0288  0.0290  0.0287  0.0289  0.0286  0.0286
  0.0285  0.0285  0.0285  0.0285  0.0285  0.0285  0.0285  0.0285  0.0285  0.0285  0.0286  0.0285
  0.0289  0.0287  0.0287  0.0286  0.0286  0.0283  0.0287  0.0290  0.0287  0.0289  0.0287  0.0287
  0.0299  0.0292  0.0291  0.0303  0.0299  0.0294  0.0294  0.0303  0.0291  0.0298  0.0290  0.0290
  0.0316  0.0300  0.0297  0.0330  0.0326  0.0326  0.0306  0.0323  0.0298  0.0314  0.0294  0.0295
niter,ni,del,rscale     1    3    5.0000    1.2000
parameters
    7.5660  -18.8077    4.3928   -5.1999  -22.6730  -10.9029
    9.8875   -0.1134   -8.2070   22.5607    5.9108  -34.8956
eta,q 0.97144 10.62609
  0.0316  0.0302  0.0297  0.0324  0.0320  0.0316  0.0305  0.0323  0.0298  0.0315  0.0294  0.0295
  0.0299  0.0292  0.0291  0.0308  0.0304  0.0303  0.0295  0.0303  0.0291  0.0298  0.0289  0.0290
  0.0289  0.0287  0.0287  0.0295  0.0292  0.0293  0.0289  0.0290  0.0287  0.0289  0.0286  0.0286
  0.0286  0.0285  0.0286  0.0285  0.0285  0.0286  0.0286  0.0286  0.0286  0.0286  0.0286  0.0286
  0.0289  0.0288  0.0287  0.0287  0.0286  0.0283  0.0287  0.0290  0.0287  0.0289  0.0287  0.0287
  0.0299  0.0293  0.0291  0.0303  0.0299  0.0294  0.0294  0.0303  0.0291  0.0299  0.0290  0.0290
  0.0316  0.0301  0.0297  0.0330  0.0326  0.0326  0.0306  0.0323  0.0298  0.0314  0.0294  0.0295
registration optimization eta report
parameter search radius
    2.4000    2.4000    2.4000    8.2800   10.9503    8.2800
    7.2000    7.2000    7.2000    8.2800    7.2000    7.2000
100000*second partial in parameter space
       53.       28.       20.        6.        3.        5.
        4.        7.        2.        4.        2.        2.
  0.0316  0.0302  0.0297  0.0324  0.0320  0.0316  0.0305  0.0323  0.0298  0.0315  0.0294  0.0295
  0.0299  0.0292  0.0291  0.0308  0.0304  0.0303  0.0295  0.0303  0.0291  0.0298  0.0289  0.0290
  0.0289  0.0287  0.0287  0.0295  0.0292  0.0293  0.0289  0.0290  0.0287  0.0289  0.0286  0.0286
  0.0286  0.0285  0.0286  0.0285  0.0285  0.0286  0.0286  0.0286  0.0286  0.0286  0.0286  0.0286
  0.0289  0.0288  0.0287  0.0287  0.0286  0.0283  0.0287  0.0290  0.0287  0.0289  0.0287  0.0287
  0.0299  0.0293  0.0291  0.0303  0.0299  0.0294  0.0294  0.0303  0.0291  0.0299  0.0290  0.0290
  0.0316  0.0301  0.0297  0.0330  0.0326  0.0326  0.0306  0.0323  0.0298  0.0314  0.0294  0.0295
    7.5660  -18.8077    4.3928   -5.1999  -22.6730  -10.9029
    9.8875   -0.1134   -8.2070   22.5607    5.9108  -34.8956
eta,q 0.97144 10.62609

---------------------------------------------------------------------
imgreg_4dfp /opt/freesurfer/average/711-2C_as_mni_average_305 /opt/freesurfer/average/711-2B_as_mni_average_305_mask talsrcimg_g11 none talsrcimg_to_711-2C_as_mni_average_305_t4 2311
---------------------------------------------------------------------

freesurfer imgreg_4dfp.c
/opt/freesurfer/average/711-2C_as_mni_average_305.4dfp.img
       256       256       256         1
  1.000000  1.000000  1.000000
orientation T byte_order littleendian
Reading image: /opt/freesurfer/average/711-2C_as_mni_average_305.4dfp.img
dimensions:      256       256       256
mmppix:       1.0000   -1.0000   -1.0000
center:     128.0000 -129.0000 -129.0000
/opt/freesurfer/average/711-2B_as_mni_average_305_mask.4dfp.img
       256       256       256         1
  1.000000  1.000000  1.000000
orientation T byte_order littleendian
Reading mask: /opt/freesurfer/average/711-2B_as_mni_average_305_mask.4dfp.img (2306576 pixels)
talsrcimg_g11.4dfp.img
       256       256       256         1
  1.000000  1.000000  1.000000
orientation T byte_order littleendian
Reading image: talsrcimg_g11.4dfp.img
dimensions:      256       256       256
mmppix:       1.0000   -1.0000   -1.0000
center:     128.0000 -129.0000 -129.0000
fimgreg.f
image alignment mode   2311 decimal      907 hex
parameters
    7.5660  -18.8077    4.3928   -5.1999  -22.6730  -10.9029
    9.8875   -0.1134   -8.2070   22.5607    5.9108  -34.8956
eta,q 0.97144 10.62610
niter,ni,del,rscale     5    3    5.0000    0.8000
parameters
    7.5595  -18.8604    4.3984   -4.4686  -21.2672   -9.4633
    9.7989   -0.0803   -8.0904   22.3433    5.7237  -34.4494
eta,q 0.97186 10.75839
  0.0299  0.0292  0.0291  0.0305  0.0295  0.0299  0.0291  0.0303  0.0289  0.0292  0.0287  0.0288
  0.0292  0.0288  0.0288  0.0297  0.0290  0.0293  0.0286  0.0291  0.0285  0.0286  0.0284  0.0284
  0.0287  0.0286  0.0286  0.0290  0.0287  0.0288  0.0283  0.0284  0.0282  0.0282  0.0282  0.0282
  0.0286  0.0286  0.0286  0.0286  0.0285  0.0284  0.0281  0.0282  0.0282  0.0282  0.0281  0.0281
  0.0287  0.0287  0.0286  0.0285  0.0284  0.0281  0.0283  0.0284  0.0282  0.0283  0.0282  0.0282
  0.0292  0.0289  0.0288  0.0288  0.0285  0.0282  0.0286  0.0291  0.0284  0.0287  0.0284  0.0283
  0.0299  0.0293  0.0291  0.0298  0.0288  0.0289  0.0293  0.0302  0.0288  0.0293  0.0288  0.0286
niter,ni,del,rscale     4    3    5.0000    0.7000
parameters
    7.4548  -19.1816    4.6929   -4.6105  -20.7449   -9.1694
    9.9362   -0.1276   -8.0486   21.9674    5.5071  -34.2277
eta,q 0.97199 10.78448
  0.0291  0.0285  0.0288  0.0294  0.0288  0.0292  0.0289  0.0296  0.0286  0.0288  0.0284  0.0285
  0.0285  0.0282  0.0285  0.0287  0.0285  0.0287  0.0284  0.0288  0.0283  0.0283  0.0282  0.0282
  0.0282  0.0281  0.0282  0.0283  0.0282  0.0283  0.0282  0.0282  0.0281  0.0281  0.0280  0.0281
  0.0281  0.0281  0.0281  0.0281  0.0281  0.0281  0.0280  0.0280  0.0280  0.0280  0.0280  0.0280
  0.0283  0.0283  0.0281  0.0282  0.0281  0.0280  0.0281  0.0282  0.0281  0.0282  0.0281  0.0281
  0.0288  0.0286  0.0282  0.0287  0.0282  0.0283  0.0283  0.0288  0.0283  0.0285  0.0283  0.0282
  0.0295  0.0290  0.0284  0.0297  0.0286  0.0291  0.0288  0.0297  0.0286  0.0291  0.0285  0.0284
niter,ni,del,rscale     3    3    5.0000    0.6000
parameters
    7.4275  -19.3365    4.7787   -4.6193  -20.5265   -8.8666
    9.9099   -0.1178   -7.9701   21.7976    5.3596  -34.0380
eta,q 0.97204 10.80055
  0.0289  0.0284  0.0284  0.0291  0.0285  0.0289  0.0286  0.0292  0.0284  0.0286  0.0283  0.0283
  0.0284  0.0281  0.0282  0.0285  0.0283  0.0285  0.0282  0.0285  0.0282  0.0282  0.0281  0.0281
  0.0281  0.0280  0.0281  0.0282  0.0281  0.0282  0.0280  0.0281  0.0280  0.0280  0.0280  0.0280
  0.0280  0.0280  0.0280  0.0280  0.0280  0.0280  0.0280  0.0280  0.0280  0.0280  0.0280  0.0280
  0.0281  0.0281  0.0280  0.0281  0.0280  0.0279  0.0280  0.0281  0.0280  0.0281  0.0280  0.0280
  0.0284  0.0283  0.0281  0.0285  0.0282  0.0282  0.0282  0.0285  0.0281  0.0283  0.0281  0.0281
  0.0289  0.0286  0.0283  0.0291  0.0284  0.0288  0.0286  0.0292  0.0284  0.0287  0.0283  0.0282
niter,ni,del,rscale     2    3    5.0000    0.5000
parameters
    7.4105  -19.4094    4.8482   -4.6030  -20.3770   -8.6263
    9.9144   -0.0962   -7.9118   21.7260    5.2560  -33.8872
eta,q 0.97207 10.81352
  0.0286  0.0283  0.0283  0.0287  0.0283  0.0286  0.0284  0.0288  0.0283  0.0284  0.0282  0.0282
  0.0282  0.0281  0.0281  0.0283  0.0281  0.0283  0.0281  0.0283  0.0281  0.0281  0.0280  0.0280
  0.0280  0.0280  0.0280  0.0281  0.0280  0.0281  0.0280  0.0280  0.0280  0.0280  0.0280  0.0280
  0.0280  0.0280  0.0280  0.0280  0.0280  0.0280  0.0279  0.0279  0.0279  0.0279  0.0279  0.0279
  0.0280  0.0280  0.0280  0.0280  0.0280  0.0279  0.0280  0.0280  0.0280  0.0280  0.0280  0.0280
  0.0283  0.0281  0.0281  0.0283  0.0281  0.0281  0.0281  0.0283  0.0281  0.0282  0.0281  0.0280
  0.0286  0.0283  0.0282  0.0287  0.0283  0.0285  0.0284  0.0288  0.0282  0.0284  0.0282  0.0281
niter,ni,del,rscale     1    3    5.0000    0.4000
parameters
    7.3954  -19.4528    4.9010   -4.5847  -20.2722   -8.4262
    9.9216   -0.0704   -7.8799   21.6824    5.2139  -33.7673
eta,q 0.97208 10.82376
  0.0283  0.0281  0.0281  0.0284  0.0282  0.0284  0.0282  0.0285  0.0281  0.0282  0.0281  0.0281
  0.0281  0.0280  0.0280  0.0282  0.0280  0.0282  0.0280  0.0282  0.0280  0.0281  0.0280  0.0280
  0.0280  0.0279  0.0280  0.0280  0.0280  0.0280  0.0280  0.0280  0.0279  0.0280  0.0279  0.0279
  0.0279  0.0279  0.0279  0.0279  0.0279  0.0279  0.0279  0.0279  0.0279  0.0279  0.0279  0.0279
  0.0280  0.0280  0.0279  0.0280  0.0279  0.0279  0.0280  0.0280  0.0279  0.0280  0.0279  0.0279
  0.0281  0.0280  0.0280  0.0281  0.0280  0.0280  0.0280  0.0282  0.0280  0.0281  0.0280  0.0280
  0.0283  0.0282  0.0281  0.0284  0.0281  0.0283  0.0282  0.0285  0.0281  0.0282  0.0281  0.0281
registration optimization eta report
parameter search radius
    0.8000    0.8000    0.8000    2.4000    2.4000    2.4000
    2.4000    2.4000    2.4000    2.4000    2.4000    2.4000
100000*second partial in parameter space
       62.       35.       27.        9.        4.        7.
        5.       10.        4.        5.        3.        3.
  0.0283  0.0281  0.0281  0.0284  0.0282  0.0284  0.0282  0.0285  0.0281  0.0282  0.0281  0.0281
  0.0281  0.0280  0.0280  0.0282  0.0280  0.0282  0.0280  0.0282  0.0280  0.0281  0.0280  0.0280
  0.0280  0.0279  0.0280  0.0280  0.0280  0.0280  0.0280  0.0280  0.0279  0.0280  0.0279  0.0279
  0.0279  0.0279  0.0279  0.0279  0.0279  0.0279  0.0279  0.0279  0.0279  0.0279  0.0279  0.0279
  0.0280  0.0280  0.0279  0.0280  0.0279  0.0279  0.0280  0.0280  0.0279  0.0280  0.0279  0.0279
  0.0281  0.0280  0.0280  0.0281  0.0280  0.0280  0.0280  0.0282  0.0280  0.0281  0.0280  0.0280
  0.0283  0.0282  0.0281  0.0284  0.0281  0.0283  0.0282  0.0285  0.0281  0.0282  0.0281  0.0281
    7.3954  -19.4528    4.9010   -4.5847  -20.2722   -8.4262
    9.9216   -0.0704   -7.8799   21.6824    5.2139  -33.7673
eta,q 0.97208 10.82376

---------------------------------------------------------------------
imgreg_4dfp /opt/freesurfer/average/711-2C_as_mni_average_305 /opt/freesurfer/average/711-2B_as_mni_average_305_mask talsrcimg_g11 none talsrcimg_to_711-2C_as_mni_average_305_t4 2311
---------------------------------------------------------------------

freesurfer imgreg_4dfp.c
/opt/freesurfer/average/711-2C_as_mni_average_305.4dfp.img
       256       256       256         1
  1.000000  1.000000  1.000000
orientation T byte_order littleendian
Reading image: /opt/freesurfer/average/711-2C_as_mni_average_305.4dfp.img
dimensions:      256       256       256
mmppix:       1.0000   -1.0000   -1.0000
center:     128.0000 -129.0000 -129.0000
/opt/freesurfer/average/711-2B_as_mni_average_305_mask.4dfp.img
       256       256       256         1
  1.000000  1.000000  1.000000
orientation T byte_order littleendian
Reading mask: /opt/freesurfer/average/711-2B_as_mni_average_305_mask.4dfp.img (2306576 pixels)
talsrcimg_g11.4dfp.img
       256       256       256         1
  1.000000  1.000000  1.000000
orientation T byte_order littleendian
Reading image: talsrcimg_g11.4dfp.img
dimensions:      256       256       256
mmppix:       1.0000   -1.0000   -1.0000
center:     128.0000 -129.0000 -129.0000
fimgreg.f
image alignment mode   2311 decimal      907 hex
parameters
    7.3954  -19.4528    4.9010   -4.5847  -20.2722   -8.4262
    9.9216   -0.0704   -7.8799   21.6824    5.2139  -33.7673
eta,q 0.97208 10.82376
niter,ni,del,rscale     5    3    5.0000    0.8000
parameters
    7.4055  -19.4266    4.9506   -4.9191  -20.5473   -8.9779
    9.9320   -0.1629   -7.8948   21.6546    5.2391  -34.0067
eta,q 0.97201 10.78460
  0.0295  0.0289  0.0287  0.0295  0.0287  0.0292  0.0290  0.0300  0.0287  0.0292  0.0286  0.0285
  0.0286  0.0283  0.0283  0.0287  0.0283  0.0286  0.0285  0.0289  0.0283  0.0285  0.0283  0.0282
  0.0281  0.0280  0.0280  0.0281  0.0280  0.0282  0.0281  0.0282  0.0281  0.0281  0.0281  0.0280
  0.0279  0.0279  0.0279  0.0279  0.0279  0.0279  0.0280  0.0280  0.0280  0.0280  0.0280  0.0280
  0.0281  0.0280  0.0280  0.0281  0.0280  0.0281  0.0281  0.0283  0.0281  0.0281  0.0281  0.0281
  0.0286  0.0283  0.0282  0.0289  0.0284  0.0288  0.0284  0.0290  0.0283  0.0286  0.0283  0.0283
  0.0295  0.0288  0.0286  0.0302  0.0290  0.0304  0.0291  0.0302  0.0287  0.0292  0.0286  0.0286
niter,ni,del,rscale     4    3    5.0000    0.7000
parameters
    7.4369  -19.3993    4.8575   -4.7526  -20.5478   -8.9511
    9.8386   -0.1358   -7.8718   21.6911    5.2545  -34.0418
eta,q 0.97203 10.79037
  0.0292  0.0287  0.0284  0.0295  0.0286  0.0291  0.0287  0.0296  0.0285  0.0289  0.0284  0.0284
  0.0285  0.0283  0.0282  0.0288  0.0283  0.0286  0.0283  0.0287  0.0282  0.0284  0.0282  0.0282
  0.0281  0.0281  0.0280  0.0283  0.0281  0.0282  0.0281  0.0282  0.0280  0.0281  0.0280  0.0280
  0.0280  0.0280  0.0280  0.0280  0.0280  0.0280  0.0280  0.0280  0.0280  0.0280  0.0280  0.0280
  0.0281  0.0281  0.0281  0.0280  0.0280  0.0280  0.0281  0.0281  0.0280  0.0281  0.0280  0.0280
  0.0285  0.0283  0.0283  0.0285  0.0282  0.0283  0.0283  0.0287  0.0282  0.0284  0.0282  0.0282
  0.0291  0.0286  0.0286  0.0294  0.0287  0.0293  0.0288  0.0296  0.0285  0.0289  0.0284  0.0284
niter,ni,del,rscale     3    3    5.0000    0.6000
parameters
    7.4296  -19.4056    4.8491   -4.6595  -20.4515   -8.7747
    9.8328   -0.1133   -7.8695   21.6961    5.2454  -33.9560
eta,q 0.97205 10.80284
  0.0288  0.0285  0.0283  0.0291  0.0285  0.0289  0.0285  0.0292  0.0284  0.0286  0.0283  0.0283
  0.0284  0.0282  0.0281  0.0285  0.0282  0.0285  0.0282  0.0285  0.0281  0.0283  0.0281  0.0281
  0.0281  0.0280  0.0280  0.0282  0.0280  0.0282  0.0280  0.0281  0.0280  0.0280  0.0280  0.0280
  0.0280  0.0280  0.0280  0.0280  0.0280  0.0280  0.0279  0.0279  0.0279  0.0279  0.0279  0.0279
  0.0281  0.0280  0.0280  0.0280  0.0280  0.0279  0.0280  0.0281  0.0280  0.0280  0.0280  0.0280
  0.0284  0.0282  0.0281  0.0284  0.0282  0.0282  0.0282  0.0285  0.0281  0.0283  0.0281  0.0281
  0.0289  0.0285  0.0284  0.0290  0.0285  0.0289  0.0286  0.0292  0.0284  0.0286  0.0283  0.0283
niter,ni,del,rscale     2    3    5.0000    0.5000
parameters
    7.4126  -19.4339    4.8778   -4.6176  -20.3521   -8.5893
    9.8701   -0.0975   -7.8826   21.6810    5.2406  -33.8655
eta,q 0.97207 10.81419
  0.0285  0.0283  0.0282  0.0287  0.0283  0.0286  0.0284  0.0288  0.0282  0.0284  0.0282  0.0282
  0.0282  0.0281  0.0281  0.0283  0.0281  0.0283  0.0281  0.0283  0.0281  0.0281  0.0280  0.0280
  0.0280  0.0280  0.0280  0.0281  0.0280  0.0281  0.0280  0.0280  0.0280  0.0280  0.0280  0.0280
  0.0279  0.0279  0.0279  0.0280  0.0279  0.0279  0.0279  0.0279  0.0279  0.0279  0.0279  0.0279
  0.0280  0.0280  0.0280  0.0280  0.0280  0.0279  0.0280  0.0280  0.0280  0.0280  0.0280  0.0280
  0.0282  0.0281  0.0281  0.0282  0.0281  0.0281  0.0281  0.0283  0.0281  0.0281  0.0280  0.0280
  0.0286  0.0283  0.0282  0.0287  0.0283  0.0286  0.0283  0.0288  0.0282  0.0284  0.0282  0.0281
niter,ni,del,rscale     1    3    5.0000    0.4000
parameters
    7.3974  -19.4628    4.9125   -4.5853  -20.2608   -8.4067
    9.8868   -0.0765   -7.8834   21.6617    5.1890  -33.7381
eta,q 0.97208 10.82408
  0.0283  0.0281  0.0281  0.0284  0.0282  0.0284  0.0282  0.0285  0.0281  0.0282  0.0281  0.0281
  0.0281  0.0280  0.0280  0.0282  0.0280  0.0282  0.0280  0.0282  0.0280  0.0281  0.0280  0.0280
  0.0280  0.0279  0.0280  0.0280  0.0280  0.0280  0.0280  0.0280  0.0279  0.0279  0.0279  0.0279
  0.0279  0.0279  0.0279  0.0279  0.0279  0.0279  0.0279  0.0279  0.0279  0.0279  0.0279  0.0279
  0.0280  0.0280  0.0279  0.0280  0.0279  0.0279  0.0279  0.0280  0.0279  0.0279  0.0279  0.0279
  0.0281  0.0280  0.0280  0.0281  0.0280  0.0280  0.0280  0.0282  0.0280  0.0281  0.0280  0.0280
  0.0283  0.0282  0.0281  0.0284  0.0281  0.0283  0.0282  0.0285  0.0281  0.0282  0.0281  0.0281
registration optimization eta report
parameter search radius
    0.8000    0.8000    0.8000    2.4000    2.4000    2.4000
    2.4000    2.4000    2.4000    2.4000    2.4000    2.4000
100000*second partial in parameter space
       62.       34.       27.        9.        4.        7.
        5.       10.        4.        5.        3.        3.
  0.0283  0.0281  0.0281  0.0284  0.0282  0.0284  0.0282  0.0285  0.0281  0.0282  0.0281  0.0281
  0.0281  0.0280  0.0280  0.0282  0.0280  0.0282  0.0280  0.0282  0.0280  0.0281  0.0280  0.0280
  0.0280  0.0279  0.0280  0.0280  0.0280  0.0280  0.0280  0.0280  0.0279  0.0279  0.0279  0.0279
  0.0279  0.0279  0.0279  0.0279  0.0279  0.0279  0.0279  0.0279  0.0279  0.0279  0.0279  0.0279
  0.0280  0.0280  0.0279  0.0280  0.0279  0.0279  0.0279  0.0280  0.0279  0.0279  0.0279  0.0279
  0.0281  0.0280  0.0280  0.0281  0.0280  0.0280  0.0280  0.0282  0.0280  0.0281  0.0280  0.0280
  0.0283  0.0282  0.0281  0.0284  0.0281  0.0283  0.0282  0.0285  0.0281  0.0282  0.0281  0.0281
    7.3974  -19.4628    4.9125   -4.5853  -20.2608   -8.4067
    9.8868   -0.0765   -7.8834   21.6617    5.1890  -33.7381
eta,q 0.97208 10.82408

---------------------------------------------------------------------
compute_vox2vox talsrcimg talsrcimg_to_711-2C_as_mni_average_305_t4 /opt/freesurfer/average/711-2C_as_mni_average_305
---------------------------------------------------------------------

freesurfer compute_vox2vox.c
Reading: talsrcimg.4dfp.ifh
Reading: talsrcimg_to_711-2C_as_mni_average_305_t4
Reading: /opt/freesurfer/average/711-2C_as_mni_average_305.4dfp.ifh
Writing: talsrcimg_to_711-2C_as_mni_average_305_t4_vox2vox.txt

start time Sat Mar 14 10:30:49 CET 2026
end		time Sat Mar 14 10:31:03 CET 2026

mpr2mni305 success

avi2talxfm orig_nu.mgz /opt/freesurfer/average/mni305.cor.mgz talsrcimg_to_711-2C_as_mni_average_305_t4_vox2vox.txt transforms/talairach.auto.xfm
avi2talxfm done
mv -f /out/sourcedata/freesurfer/sub-v2s9x29155_ses-1/mri/talsrcimg_to_711-2C_as_mni_average_305_t4_vox2vox.txt /out/sourcedata/freesurfer/sub-v2s9x29155_ses-1/mri/transforms/talsrcimg_to_711-2C_as_mni_average_305_t4_vox2vox.txt
lta_convert --src orig_nu.mgz --trg /opt/freesurfer/average/mni305.cor.mgz --inxfm transforms/talairach.auto.xfm --outlta transforms/talairach.auto.xfm.lta --subject fsaverage
7.3.2

--src: orig_nu.mgz src image (geometry).
--trg: /opt/freesurfer/average/mni305.cor.mgz trg image (geometry).
--inmni: transforms/talairach.auto.xfm input MNI/XFM transform.
--outlta: transforms/talairach.auto.xfm.lta output LTA.
--s: fsaverage subject name
 LTA read, type : 1
 1.03688   0.02843  -0.11654  -10.65112;
-0.01907   0.99195   0.42206   2.07326;
 0.10769  -0.26666   1.12791   21.26605;
 0.00000   0.00000   0.00000   1.00000;
setting subject to fsaverage
Writing  LTA to file transforms/talairach.auto.xfm.lta...
lta_convert successful.
 
 
Started at Sat Mar 14 10:30:49 CET 2026
Ended   at Sat Mar 14 10:31:04 CET 2026
talairach_avi done
