Log file for defect2seg
Sat Mar 14 12:07:17 CET 2026

setenv SUBJECTS_DIR /out/sourcedata/freesurfer
cd /out/sourcedata/freesurfer/sub-v2s9x29168_ses-1/scripts
/opt/freesurfer/bin/defect2seg --s sub-v2s9x29168_ses-1 --rh-only --cortex

freesurfer-linux-ubuntu22_x86_64-7.3.2-20220804-6354275
defect2seg 7.3.2
Linux dna078 5.14.0-427.37.1.el9_4.x86_64 #1 SMP PREEMPT_DYNAMIC Fri Sep 13 12:41:50 EDT 2024 x86_64 x86_64 x86_64 GNU/Linux
pid 3499305
mri_label2label --label-cortex /out/sourcedata/freesurfer/sub-v2s9x29168_ses-1/surf/rh.orig.nofix /out/sourcedata/freesurfer/sub-v2s9x29168_ses-1/mri/aseg.presurf.mgz 0 /out/sourcedata/freesurfer/sub-v2s9x29168_ses-1/label/rh.nofix.cortex.label

 Generating cortex label... RemoveHipAmgy=0
 NucAccIsMedialWall=0
 mris->useRealRAS=0
28 non-cortical segments detected
only using segment with 7465 vertices
erasing segment 1 (vno[0] = 59410)
erasing segment 2 (vno[0] = 63267)
erasing segment 3 (vno[0] = 63314)
erasing segment 4 (vno[0] = 64479)
erasing segment 5 (vno[0] = 64500)
erasing segment 6 (vno[0] = 64554)
erasing segment 7 (vno[0] = 65400)
erasing segment 8 (vno[0] = 65807)
erasing segment 9 (vno[0] = 67122)
erasing segment 10 (vno[0] = 67159)
erasing segment 11 (vno[0] = 72122)
erasing segment 12 (vno[0] = 73291)
erasing segment 13 (vno[0] = 76562)
erasing segment 14 (vno[0] = 83586)
erasing segment 15 (vno[0] = 92021)
erasing segment 16 (vno[0] = 92832)
erasing segment 17 (vno[0] = 100253)
erasing segment 18 (vno[0] = 100374)
erasing segment 19 (vno[0] = 100489)
erasing segment 20 (vno[0] = 101533)
erasing segment 21 (vno[0] = 104950)
erasing segment 22 (vno[0] = 105860)
erasing segment 23 (vno[0] = 105927)
erasing segment 24 (vno[0] = 105943)
erasing segment 25 (vno[0] = 106823)
erasing segment 26 (vno[0] = 115564)
erasing segment 27 (vno[0] = 125581)
mri_label2vol --defects /out/sourcedata/freesurfer/sub-v2s9x29168_ses-1/surf/rh.orig.nofix /out/sourcedata/freesurfer/sub-v2s9x29168_ses-1/surf/rh.defect_labels /out/sourcedata/freesurfer/sub-v2s9x29168_ses-1/mri/orig.mgz 2000 0 /out/sourcedata/freesurfer/sub-v2s9x29168_ses-1/mri/rh.surface.defects.mgz /out/sourcedata/freesurfer/sub-v2s9x29168_ses-1/label/rh.nofix.cortex.label
mri_label2vol supposed to be reproducible but seed not set
Contraining to label /out/sourcedata/freesurfer/sub-v2s9x29168_ses-1/label/rh.nofix.cortex.label
Changing input type 0 to MRI_INT
Converting defects to volume: offset=2000, merge=0
Writing to /out/sourcedata/freesurfer/sub-v2s9x29168_ses-1/mri/rh.surface.defects.mgz
mris_defects_pointset -s /out/sourcedata/freesurfer/sub-v2s9x29168_ses-1/surf/rh.orig.nofix -d /out/sourcedata/freesurfer/sub-v2s9x29168_ses-1/surf/rh.defect_labels -o /out/sourcedata/freesurfer/sub-v2s9x29168_ses-1/surf/rh.defects.pointset --label /out/sourcedata/freesurfer/sub-v2s9x29168_ses-1/label/rh.nofix.cortex.label
Reading in surface /out/sourcedata/freesurfer/sub-v2s9x29168_ses-1/surf/rh.orig.nofix
Reading in defect segmentation /out/sourcedata/freesurfer/sub-v2s9x29168_ses-1/surf/rh.defect_labels
Reading in label /out/sourcedata/freesurfer/sub-v2s9x29168_ses-1/label/rh.nofix.cortex.label
#VMPC# mris_defects_pointset 1280192
mris_defects_pointset done
 
Started at Sat Mar 14 12:07:17 CET 2026 
Ended   at Sat Mar 14 12:07:28 CET 2026
Defect2seg-Run-Time-Sec 11
Defect2seg-Run-Time-Min 0.22
Defect2seg-Run-Time-Hours 0.00
 
defect2seg Done
