status file for recon-all
Sat Mar 14 10:28:12 CET 2026
#@# MotionCor Sat Mar 14 10:28:13 CET 2026
#@# Talairach Sat Mar 14 10:28:19 CET 2026
#@# Talairach Failure Detection Sat Mar 14 10:31:08 CET 2026
#@# Nu Intensity Correction Sat Mar 14 10:31:08 CET 2026
#@# Intensity Normalization Sat Mar 14 10:33:53 CET 2026
recon-all -s sub-v2s9x29168_ses-1 finished without error at Sat Mar 14 10:34:49 CET 2026



#New# invocation of recon-all 



status file for recon-all
Sat Mar 14 10:40:46 CET 2026
#@# EM Registration Sat Mar 14 10:40:46 CET 2026
recon-all -s sub-v2s9x29168_ses-1 finished without error at Sat Mar 14 10:42:21 CET 2026



#New# invocation of recon-all 



status file for recon-all
Sat Mar 14 10:42:24 CET 2026
#@# CA Normalize Sat Mar 14 10:42:24 CET 2026
#@# CA Reg Sat Mar 14 10:43:16 CET 2026
#@# SubCort Seg Sat Mar 14 11:20:46 CET 2026
#@# CC Seg Sat Mar 14 11:42:38 CET 2026
#@# Merge ASeg Sat Mar 14 11:43:30 CET 2026
#@# Intensity Normalization2 Sat Mar 14 11:43:30 CET 2026
#@# Mask BFS Sat Mar 14 11:44:54 CET 2026
#@# WM Segmentation Sat Mar 14 11:44:55 CET 2026
#@# Fill Sat Mar 14 11:46:29 CET 2026
recon-all -s sub-v2s9x29168_ses-1 finished without error at Sat Mar 14 11:47:07 CET 2026



#New# invocation of recon-all 



status file for recon-all
Sat Mar 14 12:22:19 CET 2026
#@# white curv lh Sat Mar 14 12:22:19 CET 2026
#@# white area lh Sat Mar 14 12:22:19 CET 2026
#@# pial curv lh Sat Mar 14 12:22:19 CET 2026
#@# pial area lh Sat Mar 14 12:22:19 CET 2026
#@# thickness lh Sat Mar 14 12:22:19 CET 2026
#@# area and vertex vol lh Sat Mar 14 12:22:19 CET 2026
#@# white curv rh Sat Mar 14 12:22:19 CET 2026
#@# white area rh Sat Mar 14 12:22:19 CET 2026
#@# pial curv rh Sat Mar 14 12:22:19 CET 2026
#@# pial area rh Sat Mar 14 12:22:19 CET 2026
#@# thickness rh Sat Mar 14 12:22:19 CET 2026
#@# area and vertex vol rh Sat Mar 14 12:22:19 CET 2026
#@# Cortical ribbon mask Sat Mar 14 12:22:19 CET 2026
recon-all -s sub-v2s9x29168_ses-1 finished without error at Sat Mar 14 12:26:02 CET 2026



#New# invocation of recon-all 



status file for recon-all
Sat Mar 14 12:31:00 CET 2026
#@# white curv lh Sat Mar 14 12:31:01 CET 2026
#@# white area lh Sat Mar 14 12:31:01 CET 2026
#@# pial curv lh Sat Mar 14 12:31:01 CET 2026
#@# pial area lh Sat Mar 14 12:31:01 CET 2026
#@# thickness lh Sat Mar 14 12:31:01 CET 2026
#@# area and vertex vol lh Sat Mar 14 12:31:01 CET 2026
#@# white curv rh Sat Mar 14 12:31:01 CET 2026
#@# white area rh Sat Mar 14 12:31:01 CET 2026
#@# pial curv rh Sat Mar 14 12:31:01 CET 2026
#@# pial area rh Sat Mar 14 12:31:01 CET 2026
#@# thickness rh Sat Mar 14 12:31:01 CET 2026
#@# area and vertex vol rh Sat Mar 14 12:31:01 CET 2026
#@# Curvature Stats lh Sat Mar 14 12:31:01 CET 2026
#@# Curvature Stats rh Sat Mar 14 12:31:02 CET 2026
#@# Relabel Hypointensities Sat Mar 14 12:31:04 CET 2026
#@# APas-to-ASeg Sat Mar 14 12:31:15 CET 2026
#@# AParc-to-ASeg aparc Sat Mar 14 12:31:21 CET 2026
#@# AParc-to-ASeg aparc.a2009s Sat Mar 14 12:31:43 CET 2026
#@# AParc-to-ASeg aparc.DKTatlas Sat Mar 14 12:32:04 CET 2026
#@# WMParc Sat Mar 14 12:32:27 CET 2026
#@# ASeg Stats Sat Mar 14 12:34:08 CET 2026
recon-all -s sub-v2s9x29168_ses-1 finished without error at Sat Mar 14 12:34:23 CET 2026
