status file for recon-all
Sat Mar 14 11:47:11 CET 2026
#@# Tessellate lh Sat Mar 14 11:47:11 CET 2026
#@# Smooth1 lh Sat Mar 14 11:47:13 CET 2026
#@# Inflation1 lh Sat Mar 14 11:47:15 CET 2026
#@# QSphere lh Sat Mar 14 11:47:23 CET 2026
#@# Fix Topology lh Sat Mar 14 11:48:05 CET 2026
#@# Smooth2 lh Sat Mar 14 11:54:41 CET 2026
#@# Inflation2 lh Sat Mar 14 11:54:43 CET 2026
#@# Curv .H and .K lh Sat Mar 14 11:54:51 CET 2026
#@# Sphere lh Sat Mar 14 11:55:28 CET 2026
#@# Surf Reg lh Sat Mar 14 11:57:17 CET 2026
#@# Jacobian white lh Sat Mar 14 11:59:48 CET 2026
#@# AvgCurv lh Sat Mar 14 11:59:48 CET 2026
#@# Cortical Parc lh Sat Mar 14 11:59:49 CET 2026
#@# white curv lh Sat Mar 14 12:04:42 CET 2026
#@# white area lh Sat Mar 14 12:04:43 CET 2026
#@# pial curv lh Sat Mar 14 12:04:44 CET 2026
#@# pial area lh Sat Mar 14 12:04:45 CET 2026
#@# thickness lh Sat Mar 14 12:04:45 CET 2026
#@# area and vertex vol lh Sat Mar 14 12:05:04 CET 2026
#@# Curvature Stats lh Sat Mar 14 12:05:05 CET 2026
#@# Cortical Parc 2 lh Sat Mar 14 12:05:07 CET 2026
#@# Cortical Parc 3 lh Sat Mar 14 12:05:17 CET 2026
#@# WM/GM Contrast lh Sat Mar 14 12:05:24 CET 2026
recon-all -s sub-v2s9x29168_ses-1 finished without error at Sat Mar 14 12:05:26 CET 2026



#New# invocation of recon-all 



status file for recon-all
Sat Mar 14 12:26:07 CET 2026
#@# white curv lh Sat Mar 14 12:26:07 CET 2026
#@# white area lh Sat Mar 14 12:26:07 CET 2026
#@# pial curv lh Sat Mar 14 12:26:07 CET 2026
#@# pial area lh Sat Mar 14 12:26:07 CET 2026
#@# thickness lh Sat Mar 14 12:26:07 CET 2026
#@# area and vertex vol lh Sat Mar 14 12:26:07 CET 2026
#@# Parcellation Stats lh Sat Mar 14 12:26:07 CET 2026
#@# Parcellation Stats 2 lh Sat Mar 14 12:26:21 CET 2026
#@# Parcellation Stats 3 lh Sat Mar 14 12:26:28 CET 2026
#@# BA_exvivo Labels lh Sat Mar 14 12:26:36 CET 2026
recon-all -s sub-v2s9x29168_ses-1 finished without error at Sat Mar 14 12:28:24 CET 2026
