status file for recon-all
Sat Mar 14 12:05:30 CET 2026
#@# Tessellate rh Sat Mar 14 12:05:30 CET 2026
#@# Smooth1 rh Sat Mar 14 12:05:33 CET 2026
#@# Inflation1 rh Sat Mar 14 12:05:35 CET 2026
#@# QSphere rh Sat Mar 14 12:05:43 CET 2026
#@# Fix Topology rh Sat Mar 14 12:06:22 CET 2026
#@# Smooth2 rh Sat Mar 14 12:11:13 CET 2026
#@# Inflation2 rh Sat Mar 14 12:11:15 CET 2026
#@# Curv .H and .K rh Sat Mar 14 12:11:23 CET 2026
#@# Sphere rh Sat Mar 14 12:12:03 CET 2026
#@# Surf Reg rh Sat Mar 14 12:13:22 CET 2026
#@# Jacobian white rh Sat Mar 14 12:16:03 CET 2026
#@# AvgCurv rh Sat Mar 14 12:16:03 CET 2026
#@# Cortical Parc rh Sat Mar 14 12:16:04 CET 2026
#@# white curv rh Sat Mar 14 12:21:28 CET 2026
#@# white area rh Sat Mar 14 12:21:30 CET 2026
#@# pial curv rh Sat Mar 14 12:21:30 CET 2026
#@# pial area rh Sat Mar 14 12:21:31 CET 2026
#@# thickness rh Sat Mar 14 12:21:32 CET 2026
#@# area and vertex vol rh Sat Mar 14 12:21:52 CET 2026
#@# Curvature Stats rh Sat Mar 14 12:21:53 CET 2026
#@# Cortical Parc 2 rh Sat Mar 14 12:21:55 CET 2026
#@# Cortical Parc 3 rh Sat Mar 14 12:22:05 CET 2026
#@# WM/GM Contrast rh Sat Mar 14 12:22:13 CET 2026
recon-all -s sub-v2s9x29168_ses-1 finished without error at Sat Mar 14 12:22:15 CET 2026



#New# invocation of recon-all 



status file for recon-all
Sat Mar 14 12:28:27 CET 2026
#@# white curv rh Sat Mar 14 12:28:27 CET 2026
#@# white area rh Sat Mar 14 12:28:27 CET 2026
#@# pial curv rh Sat Mar 14 12:28:27 CET 2026
#@# pial area rh Sat Mar 14 12:28:27 CET 2026
#@# thickness rh Sat Mar 14 12:28:27 CET 2026
#@# area and vertex vol rh Sat Mar 14 12:28:27 CET 2026
#@# Parcellation Stats rh Sat Mar 14 12:28:27 CET 2026
#@# Parcellation Stats 2 rh Sat Mar 14 12:28:43 CET 2026
#@# Parcellation Stats 3 rh Sat Mar 14 12:28:52 CET 2026
#@# BA_exvivo Labels rh Sat Mar 14 12:29:00 CET 2026
recon-all -s sub-v2s9x29168_ses-1 finished without error at Sat Mar 14 12:30:55 CET 2026
