/out/sourcedata/freesurfer/sub-v2s9x29151_ses-1/mri
/opt/freesurfer/bin/talairach_avi
--i orig_nu.mgz --xfm transforms/talairach.auto.xfm
talairach_avi 7.3.2
Linux dna032 5.14.0-427.37.1.el9_4.x86_64 #1 SMP PREEMPT_DYNAMIC Fri Sep 13 12:41:50 EDT 2024 x86_64 x86_64 x86_64 GNU/Linux
Sat Mar 14 10:31:40 CET 2026
mri_convert orig_nu.mgz talsrcimg.img 
reading from orig_nu.mgz...
TR=0.00, TE=0.00, TI=0.00, flip angle=0.00
i_ras = (-1, 0, 0)
j_ras = (0, 0, -1)
k_ras = (0, 1, 0)
writing to talsrcimg.img...
Analyze Output Matrix
-1.00000   0.00000   0.00000   129.66513;
 0.00000   0.00000   1.00000  -128.00000;
 0.00000  -1.00000   0.00000   130.00000;
 0.00000   0.00000   0.00000   1.00000;
--------------------
INFO: set hdr.hist.orient to -1
mpr2mni305 talsrcimg
Sat Mar 14 10:31:41 CET 2026
/opt/freesurfer/bin/mpr2mni305 talsrcimg
mpr2mni305 7.3.2
target=711-2C_as_mni_average_305

---------------------------------------------------------------------
analyzeto4dfp talsrcimg -O0 -y
---------------------------------------------------------------------

freesurfer ifh2hdr.c
Sat Mar 14 10:31:41 2026
Writing: talsrcimg.4dfp.hdr
freesurfer analyzeto4dfp.c
Reading: talsrcimg.hdr
header size 348 bytes
hdr.dime.datatype	offset=70	value=2
hdr.dime.bitpix		offset=72	value=8
hdr.hist.orient		offset=252	value=-1
dimensionality     4
dimensions       256       256       256         1
Reading: talsrcimg.img
Writing: talsrcimg.4dfp.img
Writing: talsrcimg.4dfp.ifh
ifh2hdr talsrcimg -r0to221
ori=2

---------------------------------------------------------------------
gauss_4dfp talsrcimg 1.1
---------------------------------------------------------------------

freesurfer gauss_4dfp.c
Reading: talsrcimg.4dfp.img
Writing: talsrcimg_g11.4dfp.img
image dimensions 256 256 256 padded to 288 288 288
processing volume 1freesurfer ifh2hdr.c
Sat Mar 14 10:31:43 2026
Writing: talsrcimg_g11.4dfp.hdr

Writing: talsrcimg_g11.4dfp.ifh
including: talsrcimg.4dfp.img.rec in talsrcimg_g11.4dfp.img.rec

---------------------------------------------------------------------
imgreg_4dfp /opt/freesurfer/average/711-2C_as_mni_average_305 none talsrcimg_g11 none talsrcimg_to_711-2C_as_mni_average_305_t4 4355
---------------------------------------------------------------------

freesurfer imgreg_4dfp.c
/opt/freesurfer/average/711-2C_as_mni_average_305.4dfp.img
       256       256       256         1
  1.000000  1.000000  1.000000
orientation T byte_order littleendian
Reading image: /opt/freesurfer/average/711-2C_as_mni_average_305.4dfp.img
dimensions:      256       256       256
mmppix:       1.0000   -1.0000   -1.0000
center:     128.0000 -129.0000 -129.0000
talsrcimg_g11.4dfp.img
       256       256       256         1
  1.000000  1.000000  1.000000
orientation T byte_order littleendian
Reading image: talsrcimg_g11.4dfp.img
dimensions:      256       256       256
mmppix:       1.0000   -1.0000   -1.0000
center:     128.0000 -129.0000 -129.0000
t4_read: open error in t4_sub.f l:  41 t4_file(1:l)talsrcimg_to_711-2C_as_mni_average_305_t4 
t4_read: transform initialized to I4
rotation matrix determinant  1.000000
image alignment mode   4355 decimal     1103 hex
   -7.5000  -45.0000  -45.0000 9353.9121   20.1767
    0.0000  -45.0000  -45.0000 9722.0508   20.1040
    7.5000  -45.0000  -45.0000 9234.3975   20.0314
   -7.5000  -37.5000  -45.0000 9731.2480   20.1558
    0.0000  -37.5000  -45.000010118.1064   20.0838
    7.5000  -37.5000  -45.0000 9597.4561   20.0054
   -7.5000  -30.0000  -45.000010412.8057   20.1356
    0.0000  -30.0000  -45.000010862.5225   20.0597
    7.5000  -30.0000  -45.000010257.2100   19.9770
   -7.5000  -22.5000  -45.000011051.5303   20.1356
    0.0000  -22.5000  -45.000011520.5098   20.0554
    7.5000  -22.5000  -45.000010845.1650   19.9742
   -7.5000  -15.0000  -45.000011630.4766   20.1528
    0.0000  -15.0000  -45.000012098.3340   20.0706
    7.5000  -15.0000  -45.000011399.8848   19.9954
   -7.5000   -7.5000  -45.000012117.9746   20.1730
    0.0000   -7.5000  -45.000012596.0830   20.0944
    7.5000   -7.5000  -45.000011887.3701   20.0236
   -7.5000    0.0000  -45.000012532.2559   20.1761
    0.0000    0.0000  -45.000013009.7383   20.1033
    7.5000    0.0000  -45.000012273.9834   20.0307
   -7.5000    7.5000  -45.000011972.0439   20.1558
    0.0000    7.5000  -45.000012436.3828   20.0838
    7.5000    7.5000  -45.000011724.3838   20.0054
   -7.5000   15.0000  -45.000011182.8770   20.1356
    0.0000   15.0000  -45.000011624.0029   20.0597
    7.5000   15.0000  -45.000010951.0596   19.9770
   -7.5000   22.5000  -45.000010273.3955   20.1329
    0.0000   22.5000  -45.000010685.7637   20.0527
    7.5000   22.5000  -45.000010061.9434   19.9714
   -7.5000   30.0000  -45.0000 9370.0156   19.8842
    0.0000   30.0000  -45.0000 9748.0127   19.8031
    7.5000   30.0000  -45.0000 9165.5811   19.7289
   -7.5000   37.5000  -45.0000 8832.5703   19.9082
    0.0000   37.5000  -45.0000 9153.0957   19.8306
    7.5000   37.5000  -45.0000 8622.6123   19.7606
   -7.5000   45.0000  -45.0000 7913.1816   19.4691
    0.0000   45.0000  -45.0000 8171.4688   19.3988
    7.5000   45.0000  -45.0000 7716.3516   19.3282
   -7.5000  -45.0000  -37.5000 9891.7822   20.1811
    0.0000  -45.0000  -37.500010265.8633   20.1138
    7.5000  -45.0000  -37.5000 9738.6016   20.0551
   -7.5000  -37.5000  -37.500010279.0527   20.1607
    0.0000  -37.5000  -37.500010690.4082   20.0982
    7.5000  -37.5000  -37.500010124.1689   20.0359
   -7.5000  -30.0000  -37.500010996.3008   20.1505
    0.0000  -30.0000  -37.500011452.6729   20.0837
    7.5000  -30.0000  -37.500010799.6465   20.0198
   -7.5000  -22.5000  -37.500011684.7822   20.1614
    0.0000  -22.5000  -37.500012139.3330   20.0851
    7.5000  -22.5000  -37.500011424.0225   20.0224
   -7.5000  -15.0000  -37.500012298.7783   20.1795
    0.0000  -15.0000  -37.500012733.8184   20.0972
    7.5000  -15.0000  -37.500011977.5420   20.0383
   -7.5000   -7.5000  -37.500012786.9961   20.1885
    0.0000   -7.5000  -37.500013253.2725   20.1108
    7.5000   -7.5000  -37.500012466.8037   20.0542
   -7.5000    0.0000  -37.500013161.0176   20.1805
    0.0000    0.0000  -37.500013644.6826   20.1131
    7.5000    0.0000  -37.500012826.7422   20.0544
   -7.5000    7.5000  -37.500012527.6777   20.1607
    0.0000    7.5000  -37.500013021.5117   20.0982
    7.5000    7.5000  -37.500012231.3701   20.0359
   -7.5000   15.0000  -37.500011702.2236   20.1505
    0.0000   15.0000  -37.500012156.3428   20.0837
    7.5000   15.0000  -37.500011425.9658   20.0198
   -7.5000   22.5000  -37.500010727.3154   20.1586
    0.0000   22.5000  -37.500011136.2451   20.0824
    7.5000   22.5000  -37.500010459.5850   20.0196
   -7.5000   30.0000  -37.5000 9780.0459   19.9106
    0.0000   30.0000  -37.500010150.1240   19.8294
    7.5000   30.0000  -37.5000 9542.4727   19.7713
   -7.5000   37.5000  -37.5000 9168.9180   19.9236
    0.0000   37.5000  -37.5000 9499.6631   19.8469
    7.5000   37.5000  -37.5000 8954.2959   19.7910
   -7.5000   45.0000  -37.5000 8202.1260   19.4725
    0.0000   45.0000  -37.5000 8484.9277   19.4074
    7.5000   45.0000  -37.5000 7996.8105   19.3504
   -7.5000  -45.0000  -30.000010563.2754   21.0341
    0.0000  -45.0000  -30.000010950.7266   20.9690
    7.5000  -45.0000  -30.000010379.7041   20.9164
   -7.5000  -37.5000  -30.000010975.7676   21.0092
    0.0000  -37.5000  -30.000011397.5566   20.9505
    7.5000  -37.5000  -30.000010781.5381   20.8974
   -7.5000  -30.0000  -30.000011736.5527   21.0045
    0.0000  -30.0000  -30.000012202.0098   20.9419
    7.5000  -30.0000  -30.000011497.2246   20.8899
   -7.5000  -22.5000  -30.000012497.4668   21.0263
    0.0000  -22.5000  -30.000012937.3584   20.9527
    7.5000  -22.5000  -30.000012153.6543   20.9014
   -7.5000  -15.0000  -30.000013183.4463   21.0504
    0.0000  -15.0000  -30.000013569.1074   20.9695
    7.5000  -15.0000  -30.000012737.3857   20.9189
   -7.5000   -7.5000  -30.000013688.0713   21.0529
    0.0000   -7.5000  -30.000014082.8232   20.9766
    7.5000   -7.5000  -30.000013218.0811   20.9256
   -7.5000    0.0000  -30.000014046.8262   21.0335
    0.0000    0.0000  -30.000014477.4854   20.9684
    7.5000    0.0000  -30.000013581.2852   20.9157
   -7.5000    7.5000  -30.000013333.4883   21.0092
    0.0000    7.5000  -30.000013771.1289   20.9505
    7.5000    7.5000  -30.000012918.0371   20.8974
   -7.5000   15.0000  -30.000012436.2910   21.0045
    0.0000   15.0000  -30.000012863.1895   20.9419
    7.5000   15.0000  -30.000012051.2852   20.8899
   -7.5000   22.5000  -30.000011372.9424   21.0213
    0.0000   22.5000  -30.000011764.8701   20.9477
    7.5000   22.5000  -30.000011012.3779   20.8964
   -7.5000   30.0000  -30.000010368.6260   20.7719
    0.0000   30.0000  -30.000010723.8643   20.6921
    7.5000   30.0000  -30.000010028.0322   20.6421
   -7.5000   37.5000  -30.0000 9668.8330   20.7789
    0.0000   37.5000  -30.000010007.1963   20.7035
    7.5000   37.5000  -30.0000 9403.5605   20.6531
   -7.5000   45.0000  -30.0000 8630.3369   20.3105
    0.0000   45.0000  -30.0000 8921.3389   20.2475
    7.5000   45.0000  -30.0000 8400.7305   20.1962
   -7.5000  -45.0000  -22.500011243.5625   21.7608
    0.0000  -45.0000  -22.500011651.9609   21.6924
    7.5000  -45.0000  -22.500011038.0205   21.6315
   -7.5000  -37.5000  -22.500011665.4404   21.7292
    0.0000  -37.5000  -22.500012087.0996   21.6642
    7.5000  -37.5000  -22.500011413.1084   21.6041
   -7.5000  -30.0000  -22.500012485.4072   21.7183
    0.0000  -30.0000  -22.500012894.3193   21.6503
    7.5000  -30.0000  -22.500012142.8477   21.5905
   -7.5000  -22.5000  -22.500013317.0107   21.7396
    0.0000  -22.5000  -22.500013654.7080   21.6653
    7.5000  -22.5000  -22.500012841.9717   21.6050
   -7.5000  -15.0000  -22.500014034.5830   21.7695
    0.0000  -15.0000  -22.500014367.6426   21.6915
    7.5000  -15.0000  -22.500013488.9463   21.6307
   -7.5000   -7.5000  -22.500014562.6123   21.7792
    0.0000   -7.5000  -22.500014897.8574   21.7041
    7.5000   -7.5000  -22.500013980.7461   21.6429
   -7.5000    0.0000  -22.500014913.5186   21.7601
    0.0000    0.0000  -22.500015293.6309   21.6917
    7.5000    0.0000  -22.500014337.6055   21.6308
   -7.5000    7.5000  -22.500014116.8252   21.7292
    0.0000    7.5000  -22.500014500.4922   21.6642
    7.5000    7.5000  -22.500013579.1543   21.6041
   -7.5000   15.0000  -22.500013151.8262   21.7183
    0.0000   15.0000  -22.500013534.2236   21.6503
    7.5000   15.0000  -22.500012641.1445   21.5905
   -7.5000   22.5000  -22.500012027.3262   21.7329
    0.0000   22.5000  -22.500012391.9814   21.6586
    7.5000   22.5000  -22.500011554.0127   21.5984
   -7.5000   30.0000  -22.500010948.0488   21.4848
    0.0000   30.0000  -22.500011268.0430   21.4077
    7.5000   30.0000  -22.500010502.6416   21.3477
   -7.5000   37.5000  -22.500010188.7803   21.4993
    0.0000   37.5000  -22.500010493.2158   21.4250
    7.5000   37.5000  -22.5000 9831.6543   21.3645
   -7.5000   45.0000  -22.5000 9051.9502   21.0288
    0.0000   45.0000  -22.5000 9338.2910   20.9624
    7.5000   45.0000  -22.5000 8765.6641   20.9031
   -7.5000  -45.0000  -15.000011911.0312   22.2812
    0.0000  -45.0000  -15.000012363.9521   22.2056
    7.5000  -45.0000  -15.000011671.4121   22.1283
   -7.5000  -37.5000  -15.000012402.9902   22.2485
    0.0000  -37.5000  -15.000012817.5439   22.1726
    7.5000  -37.5000  -15.000012032.3027   22.0943
   -7.5000  -30.0000  -15.000013294.8506   22.2272
    0.0000  -30.0000  -15.000013582.0547   22.1499
    7.5000  -30.0000  -15.000012750.6074   22.0692
   -7.5000  -22.5000  -15.000014089.7158   22.2370
    0.0000  -22.5000  -15.000014347.2520   22.1595
    7.5000  -22.5000  -15.000013500.8418   22.0781
   -7.5000  -15.0000  -15.000014797.8184   22.2660
    0.0000  -15.0000  -15.000015110.3447   22.1886
    7.5000  -15.0000  -15.000014200.4902   22.1083
   -7.5000   -7.5000  -15.000015351.1357   22.2882
    0.0000   -7.5000  -15.000015680.0488   22.2113
    7.5000   -7.5000  -15.000014734.6885   22.1327
   -7.5000    0.0000  -15.000015727.2061   22.2805
    0.0000    0.0000  -15.000016063.2842   22.2049
    7.5000    0.0000  -15.000015068.8428   22.1275
   -7.5000    7.5000  -15.000014865.2217   22.2485
    0.0000    7.5000  -15.000015210.6025   22.1726
    7.5000    7.5000  -15.000014254.8018   22.0943
   -7.5000   15.0000  -15.000013828.4268   22.2272
    0.0000   15.0000  -15.000014157.5098   22.1499
    7.5000   15.0000  -15.000013245.7773   22.0692
   -7.5000   22.5000  -15.000012643.3154   22.2291
    0.0000   22.5000  -15.000012970.7441   22.1517
    7.5000   22.5000  -15.000012122.4316   22.0703
   -7.5000   30.0000  -15.000011485.3086   21.9778
    0.0000   30.0000  -15.000011780.5566   21.9015
    7.5000   30.0000  -15.000011006.8779   21.8222
   -7.5000   37.5000  -15.000010675.2666   22.0047
    0.0000   37.5000  -15.000010954.8477   21.9286
    7.5000   37.5000  -15.000010269.5967   21.8509
   -7.5000   45.0000  -15.0000 9471.6357   21.5455
    0.0000   45.0000  -15.0000 9717.4336   21.4721
    7.5000   45.0000  -15.0000 9119.2148   21.3968
   -7.5000  -45.0000   -7.500012601.8896   22.5339
    0.0000  -45.0000   -7.500013059.0439   22.4525
    7.5000  -45.0000   -7.500012292.8604   22.3654
   -7.5000  -37.5000   -7.500013271.1016   22.5062
    0.0000  -37.5000   -7.500013604.4697   22.4234
    7.5000  -37.5000   -7.500012714.5879   22.3314
   -7.5000  -30.0000   -7.500014127.2646   22.4799
    0.0000  -30.0000   -7.500014322.5479   22.3949
    7.5000  -30.0000   -7.500013456.5215   22.2983
   -7.5000  -22.5000   -7.500014762.8525   22.4792
    0.0000  -22.5000   -7.500015039.3887   22.3946
    7.5000  -22.5000   -7.500014244.6982   22.2987
   -7.5000  -15.0000   -7.500015440.4531   22.5021
    0.0000  -15.0000   -7.500015796.1768   22.4182
    7.5000  -15.0000   -7.500014952.2207   22.3274
   -7.5000   -7.5000   -7.500016064.3672   22.5298
    0.0000   -7.5000   -7.500016425.4141   22.4469
    7.5000   -7.5000   -7.500015498.0645   22.3601
   -7.5000    0.0000   -7.500016469.8066   22.5332
    0.0000    0.0000   -7.500016810.8809   22.4518
    7.5000    0.0000   -7.500015811.1846   22.3646
   -7.5000    7.5000   -7.500015550.3125   22.5062
    0.0000    7.5000   -7.500015883.4873   22.4234
    7.5000    7.5000   -7.500014931.7881   22.3314
   -7.5000   15.0000   -7.500014461.6777   22.4799
    0.0000   15.0000   -7.500014773.0859   22.3949
    7.5000   15.0000   -7.500013854.6113   22.2983
   -7.5000   22.5000   -7.500013247.7139   22.4689
    0.0000   22.5000   -7.500013554.5049   22.3842
    7.5000   22.5000   -7.500012682.9697   22.2884
   -7.5000   30.0000   -7.500012040.5547   22.2103
    0.0000   30.0000   -7.500012331.4434   22.1274
    7.5000   30.0000   -7.500011532.2012   22.0378
   -7.5000   37.5000   -7.500011173.7314   22.2423
    0.0000   37.5000   -7.500011482.3164   22.1603
    7.5000   37.5000   -7.500010726.0537   22.0746
   -7.5000   45.0000   -7.5000 9884.2412   21.7941
    0.0000   45.0000   -7.500010147.3799   21.7151
    7.5000   45.0000   -7.5000 9507.1416   21.6301
   -7.5000  -45.0000    0.000013083.4229   22.5776
    0.0000  -45.0000    0.000013605.2656   22.4962
    7.5000  -45.0000    0.000012833.4062   22.4150
   -7.5000  -37.5000    0.000013806.1787   22.5542
    0.0000  -37.5000    0.000014275.4150   22.4737
    7.5000  -37.5000    0.000013311.6904   22.3859
   -7.5000  -30.0000    0.000014528.7520   22.5317
    0.0000  -30.0000    0.000014984.4863   22.4468
    7.5000  -30.0000    0.000014096.1553   22.3542
   -7.5000  -22.5000    0.000015113.6504   22.5318
    0.0000  -22.5000    0.000015598.1680   22.4420
    7.5000  -22.5000    0.000014887.3477   22.3511
   -7.5000  -15.0000    0.000015837.3818   22.5510
    0.0000  -15.0000    0.000016282.7969   22.4590
    7.5000  -15.0000    0.000015580.6143   22.3748
   -7.5000   -7.5000    0.000016547.8359   22.5736
    0.0000   -7.5000    0.000016905.1035   22.4856
    7.5000   -7.5000    0.000016111.2324   22.4063
   -7.5000    0.0000    0.000017013.4902   22.5769
    0.0000    0.0000    0.000017338.8789   22.4955
    7.5000    0.0000    0.000016437.5273   22.4142
   -7.5000    7.5000    0.000016070.1543   22.5542
    0.0000    7.5000    0.000016431.5137   22.4737
    7.5000    7.5000    0.000015471.2148   22.3859
   -7.5000   15.0000    0.000014978.3525   22.5317
    0.0000   15.0000    0.000015339.2969   22.4468
    7.5000   15.0000    0.000014354.6367   22.3542
   -7.5000   22.5000    0.000013762.9570   22.5214
    0.0000   22.5000    0.000014115.3438   22.4317
    7.5000   22.5000    0.000013151.8643   22.3408
   -7.5000   30.0000    0.000012528.2891   22.2591
    0.0000   30.0000    0.000012865.6455   22.1684
    7.5000   30.0000    0.000011992.4004   22.0853
   -7.5000   37.5000    0.000011619.3799   22.2859
    0.0000   37.5000    0.000011943.1934   22.1990
    7.5000   37.5000    0.000011161.6777   22.1206
   -7.5000   45.0000    0.000010222.1562   21.8371
    0.0000   45.0000    0.000010492.0586   21.7582
    7.5000   45.0000    0.0000 9862.3457   21.6791
   -7.5000  -45.0000    7.500012455.9307   22.5832
    0.0000  -45.0000    7.500013022.3789   22.5079
    7.5000  -45.0000    7.500012319.6055   22.4421
   -7.5000  -37.5000    7.500013049.0977   22.5603
    0.0000  -37.5000    7.500013658.7900   22.4905
    7.5000  -37.5000    7.500012819.9463   22.4208
   -7.5000  -30.0000    7.500013866.0859   22.5489
    0.0000  -30.0000    7.500014527.6855   22.4742
    7.5000  -30.0000    7.500013672.7207   22.4027
   -7.5000  -22.5000    7.500014677.2510   22.5611
    0.0000  -22.5000    7.500015270.7871   22.4758
    7.5000  -22.5000    7.500014492.2109   22.4056
   -7.5000  -15.0000    7.500015438.7422   22.5814
    0.0000  -15.0000    7.500015915.3623   22.4893
    7.5000  -15.0000    7.500015130.3945   22.4234
   -7.5000   -7.5000    7.500016082.8877   22.5914
    0.0000   -7.5000    7.500016480.6523   22.5045
    7.5000   -7.5000    7.500015632.9082   22.4412
   -7.5000    0.0000    7.500016435.3906   22.5825
    0.0000    0.0000    7.500016863.3906   22.5071
    7.5000    0.0000    7.500015935.0068   22.4414
   -7.5000    7.5000    7.500015483.5166   22.5603
    0.0000    7.5000    7.500015905.3369   22.4905
    7.5000    7.5000    7.500014952.8770   22.4208
   -7.5000   15.0000    7.500014390.5156   22.5489
    0.0000   15.0000    7.500014800.7842   22.4742
    7.5000   15.0000    7.500013854.3955   22.4027
   -7.5000   22.5000    7.500013175.2764   22.5507
    0.0000   22.5000    7.500013550.3506   22.4654
    7.5000   22.5000    7.500012667.1592   22.3953
   -7.5000   30.0000    7.500011938.5195   22.2892
    0.0000   30.0000    7.500012298.3955   22.1982
    7.5000   30.0000    7.500011509.3711   22.1332
   -7.5000   37.5000    7.500011041.2080   22.3037
    0.0000   37.5000    7.500011407.7578   22.2179
    7.5000   37.5000    7.500010681.0742   22.1553
   -7.5000   45.0000    7.5000 9729.2686   21.8416
    0.0000   45.0000    7.500010063.5947   21.7686
    7.5000   45.0000    7.5000 9447.1572   21.7046
   -7.5000  -45.0000   15.000011769.9316   22.6129
    0.0000  -45.0000   15.000012340.4590   22.5424
    7.5000  -45.0000   15.000011620.9062   22.4855
   -7.5000  -37.5000   15.000012217.7559   22.5859
    0.0000  -37.5000   15.000012893.0244   22.5224
    7.5000  -37.5000   15.000012092.2471   22.4651
   -7.5000  -30.0000   15.000013041.8672   22.5809
    0.0000  -30.0000   15.000013821.1064   22.5132
    7.5000  -30.0000   15.000012978.8389   22.4570
   -7.5000  -22.5000   15.000013949.5586   22.6046
    0.0000  -22.5000   15.000014749.1299   22.5250
    7.5000  -22.5000   15.000013802.4609   22.4697
   -7.5000  -15.0000   15.000014735.3359   22.6307
    0.0000  -15.0000   15.000015524.0938   22.5432
    7.5000  -15.0000   15.000014466.3457   22.4886
   -7.5000   -7.5000   15.000015300.3496   22.6332
    0.0000   -7.5000   15.000016042.3203   22.5507
    7.5000   -7.5000   15.000014948.9453   22.4957
   -7.5000    0.0000   15.000015590.7705   22.6122
    0.0000    0.0000   15.000016273.1865   22.5417
    7.5000    0.0000   15.000015241.3965   22.4848
   -7.5000    7.5000   15.000014643.7676   22.5859
    0.0000    7.5000   15.000015210.2109   22.5224
    7.5000    7.5000   15.000014300.0303   22.4651
   -7.5000   15.0000   15.000013608.2305   22.5809
    0.0000   15.0000   15.000014075.6982   22.5132
    7.5000   15.0000   15.000013231.4766   22.4570
   -7.5000   22.5000   15.000012435.7295   22.5942
    0.0000   22.5000   15.000012840.3135   22.5146
    7.5000   22.5000   15.000012084.4131   22.4593
   -7.5000   30.0000   15.000011276.8145   22.3378
    0.0000   30.0000   15.000011628.5039   22.2515
    7.5000   30.0000   15.000010950.3701   22.1975
   -7.5000   37.5000   15.000010446.9023   22.3453
    0.0000   37.5000   15.000010767.8594   22.2638
    7.5000   37.5000   15.000010156.1182   22.2093
   -7.5000   45.0000   15.0000 9197.1270   21.8704
    0.0000   45.0000   15.0000 9495.2256   21.8021
    7.5000   45.0000   15.0000 8979.6182   21.7467
   -7.5000  -45.0000   22.500011082.6533   22.6986
    0.0000  -45.0000   22.500011594.9863   22.6258
    7.5000  -45.0000   22.500010895.9004   22.5606
   -7.5000  -37.5000   22.500011475.2178   22.6657
    0.0000  -37.5000   22.500012017.7598   22.5964
    7.5000  -37.5000   22.500011334.3887   22.5319
   -7.5000  -30.0000   22.500012226.3125   22.6543
    0.0000  -30.0000   22.500012779.4756   22.5820
    7.5000  -30.0000   22.500012133.4033   22.5179
   -7.5000  -22.5000   22.500013005.1084   22.6763
    0.0000  -22.5000   22.500013567.7783   22.5977
    7.5000  -22.5000   22.500012878.3408   22.5334
   -7.5000  -15.0000   22.500013705.1172   22.7076
    0.0000  -15.0000   22.500014277.8750   22.6250
    7.5000  -15.0000   22.500013536.6143   22.5603
   -7.5000   -7.5000   22.500014264.0273   22.7178
    0.0000   -7.5000   22.500014861.1621   22.6381
    7.5000   -7.5000   22.500014068.2510   22.5728
   -7.5000    0.0000   22.500014623.0986   22.6979
    0.0000    0.0000   22.500015211.1504   22.6251
    7.5000    0.0000   22.500014390.1250   22.5599
   -7.5000    7.5000   22.500013787.5459   22.6657
    0.0000    7.5000   22.500014310.7090   22.5964
    7.5000    7.5000   22.500013510.7109   22.5319
   -7.5000   15.0000   22.500012771.4141   22.6543
    0.0000   15.0000   22.500013236.1055   22.5820
    7.5000   15.0000   22.500012479.6299   22.5179
   -7.5000   22.5000   22.500011633.6914   22.6659
    0.0000   22.5000   22.500012051.9092   22.5873
    7.5000   22.5000   22.500011379.4951   22.5230
   -7.5000   30.0000   22.500010537.1074   22.4137
    0.0000   30.0000   22.500010886.5762   22.3322
    7.5000   30.0000   22.500010291.3164   22.2683
   -7.5000   37.5000   22.5000 9744.9805   22.4289
    0.0000   37.5000   22.500010065.9141   22.3502
    7.5000   37.5000   22.5000 9531.9316   22.2856
   -7.5000   45.0000   22.5000 8563.5459   21.9545
    0.0000   45.0000   22.5000 8845.7695   21.8837
    7.5000   45.0000   22.5000 8400.9385   21.8202
   -7.5000  -45.0000   30.000010180.9863   22.8101
    0.0000  -45.0000   30.000010598.6279   22.7312
    7.5000  -45.0000   30.000010044.4951   22.6492
   -7.5000  -37.5000   30.000010542.2539   22.7767
    0.0000  -37.5000   30.000010987.5576   22.6975
    7.5000  -37.5000   30.000010440.2852   22.6145
   -7.5000  -30.0000   30.000011244.4727   22.7550
    0.0000  -30.0000   30.000011719.3887   22.6746
    7.5000  -30.0000   30.000011169.9287   22.5891
   -7.5000  -22.5000   30.000011935.5664   22.7647
    0.0000  -22.5000   30.000012445.2598   22.6844
    7.5000  -22.5000   30.000011852.0518   22.5985
   -7.5000  -15.0000   30.000012539.6807   22.7943
    0.0000  -15.0000   30.000013087.8389   22.7139
    7.5000  -15.0000   30.000012432.7773   22.6294
   -7.5000   -7.5000   30.000013060.5117   22.8173
    0.0000   -7.5000   30.000013628.2539   22.7371
    7.5000   -7.5000   30.000012938.2939   22.6540
   -7.5000    0.0000   30.000013414.6260   22.8094
    0.0000    0.0000   30.000013970.4170   22.7304
    7.5000    0.0000   30.000013247.3379   22.6484
   -7.5000    7.5000   30.000012658.6670   22.7767
    0.0000    7.5000   30.000013164.5820   22.6975
    7.5000    7.5000   30.000012465.1855   22.6145
   -7.5000   15.0000   30.000011740.0645   22.7550
    0.0000   15.0000   30.000012191.5312   22.6746
    7.5000   15.0000   30.000011515.0225   22.5891
   -7.5000   22.5000   30.000010718.6514   22.7543
    0.0000   22.5000   30.000011104.4121   22.6739
    7.5000   22.5000   30.000010503.7217   22.5881
   -7.5000   30.0000   30.0000 9704.4629   22.4993
    0.0000   30.0000   30.000010049.4990   22.4200
    7.5000   30.0000   30.0000 9525.9883   22.3366
   -7.5000   37.5000   30.0000 8979.3613   22.5270
    0.0000   37.5000   30.0000 9299.9033   22.4478
    7.5000   37.5000   30.0000 8832.2432   22.3656
   -7.5000   45.0000   30.0000 7880.2397   22.0634
    0.0000   45.0000   30.0000 8148.6660   21.9867
    7.5000   45.0000   30.0000 7759.5596   21.9068
   -7.5000  -45.0000   37.5000 9753.4092   23.2730
    0.0000  -45.0000   37.500010131.1777   23.1859
    7.5000  -45.0000   37.5000 9587.0908   23.0897
   -7.5000  -37.5000   37.500010130.0156   23.2438
    0.0000  -37.5000   37.500010526.7295   23.1554
    7.5000  -37.5000   37.5000 9983.8223   23.0542
   -7.5000  -30.0000   37.500010811.8330   23.2160
    0.0000  -30.0000   37.500011223.6543   23.1253
    7.5000  -30.0000   37.500010668.9756   23.0195
   -7.5000  -22.5000   37.500011462.8281   23.2149
    0.0000  -22.5000   37.500011923.9941   23.1245
    7.5000  -22.5000   37.500011330.4404   23.0199
   -7.5000  -15.0000   37.500012013.7979   23.2390
    0.0000  -15.0000   37.500012505.5186   23.1492
    7.5000  -15.0000   37.500011887.5801   23.0498
   -7.5000   -7.5000   37.500012524.7520   23.2685
    0.0000   -7.5000   37.500013050.1025   23.1797
    7.5000   -7.5000   37.500012410.2412   23.0842
   -7.5000    0.0000   37.500012879.6084   23.2723
    0.0000    0.0000   37.500013408.7471   23.1851
    7.5000    0.0000   37.500012731.5088   23.0889
   -7.5000    7.5000   37.500012126.4668   23.2438
    0.0000    7.5000   37.500012628.6328   23.1554
    7.5000    7.5000   37.500011961.0195   23.0542
   -7.5000   15.0000   37.500011228.3350   23.2160
    0.0000   15.0000   37.500011685.3867   23.1253
    7.5000   15.0000   37.500011055.8047   23.0195
   -7.5000   22.5000   37.500010264.3984   23.2042
    0.0000   22.5000   37.500010663.2939   23.1139
    7.5000   22.5000   37.500010089.4609   23.0093
   -7.5000   30.0000   37.5000 9288.6973   22.9382
    0.0000   30.0000   37.5000 9636.1338   22.8496
    7.5000   30.0000   37.5000 9131.8779   22.7515
   -7.5000   37.5000   37.5000 8604.7881   22.9709
    0.0000   37.5000   37.5000 8905.4121   22.8832
    7.5000   37.5000   37.5000 8447.7969   22.7888
   -7.5000   45.0000   37.5000 7586.2393   22.5060
    0.0000   45.0000   37.5000 7821.7212   22.4213
    7.5000   45.0000   37.5000 7423.9209   22.3277
   -7.5000  -45.0000   45.0000 8928.1475   23.7933
    0.0000  -45.0000   45.0000 9234.4629   23.7028
    7.5000  -45.0000   45.0000 8753.4043   23.6071
   -7.5000  -37.5000   45.0000 9277.2109   23.7649
    0.0000  -37.5000   45.0000 9611.4326   23.6752
    7.5000  -37.5000   45.0000 9108.4580   23.5729
   -7.5000  -30.0000   45.0000 9902.1006   23.7387
    0.0000  -30.0000   45.000010260.5254   23.6439
    7.5000  -30.0000   45.0000 9730.8594   23.5368
   -7.5000  -22.5000   45.000010491.2607   23.7399
    0.0000  -22.5000   45.000010891.0771   23.6398
    7.5000  -22.5000   45.000010316.7500   23.5344
   -7.5000  -15.0000   45.000010991.8984   23.7635
    0.0000  -15.0000   45.000011433.4092   23.6610
    7.5000  -15.0000   45.000010834.5664   23.5624
   -7.5000   -7.5000   45.000011468.3369   23.7899
    0.0000   -7.5000   45.000011927.0684   23.6919
    7.5000   -7.5000   45.000011313.4160   23.5982
   -7.5000    0.0000   45.000011793.0674   23.7925
    0.0000    0.0000   45.000012268.6826   23.7020
    7.5000    0.0000   45.000011642.4756   23.6062
   -7.5000    7.5000   45.000011093.5293   23.7649
    0.0000    7.5000   45.000011548.2334   23.6752
    7.5000    7.5000   45.000010951.3438   23.5729
   -7.5000   15.0000   45.000010290.0273   23.7387
    0.0000   15.0000   45.000010691.6572   23.6439
    7.5000   15.0000   45.000010146.7588   23.5368
   -7.5000   22.5000   45.0000 9426.0879   23.7289
    0.0000   22.5000   45.0000 9758.9258   23.6289
    7.5000   22.5000   45.0000 9254.2100   23.5235
   -7.5000   30.0000   45.0000 8526.7275   23.4539
    0.0000   30.0000   45.0000 8816.6885   23.3528
    7.5000   30.0000   45.0000 8368.4072   23.2554
   -7.5000   37.5000   45.0000 7900.0615   23.4818
    0.0000   37.5000   45.0000 8160.7495   23.3851
    7.5000   37.5000   45.0000 7751.3652   23.2925
   -7.5000   45.0000   45.0000 6979.5586   23.0124
    0.0000   45.0000   45.0000 7185.0728   22.9247
    7.5000   45.0000   45.0000 6835.0991   22.8318

---------------------------------------------------------------------
imgreg_4dfp /opt/freesurfer/average/711-2C_as_mni_average_305 /opt/freesurfer/average/711-2B_as_mni_average_305_mask talsrcimg_g11 none talsrcimg_to_711-2C_as_mni_average_305_t4 4355
---------------------------------------------------------------------

freesurfer imgreg_4dfp.c
/opt/freesurfer/average/711-2C_as_mni_average_305.4dfp.img
       256       256       256         1
  1.000000  1.000000  1.000000
orientation T byte_order littleendian
Reading image: /opt/freesurfer/average/711-2C_as_mni_average_305.4dfp.img
dimensions:      256       256       256
mmppix:       1.0000   -1.0000   -1.0000
center:     128.0000 -129.0000 -129.0000
/opt/freesurfer/average/711-2B_as_mni_average_305_mask.4dfp.img
       256       256       256         1
  1.000000  1.000000  1.000000
orientation T byte_order littleendian
Reading mask: /opt/freesurfer/average/711-2B_as_mni_average_305_mask.4dfp.img (2306576 pixels)
talsrcimg_g11.4dfp.img
       256       256       256         1
  1.000000  1.000000  1.000000
orientation T byte_order littleendian
Reading image: talsrcimg_g11.4dfp.img
dimensions:      256       256       256
mmppix:       1.0000   -1.0000   -1.0000
center:     128.0000 -129.0000 -129.0000
rotation matrix determinant  1.000000
image alignment mode   4355 decimal     1103 hex
   -7.5000  -45.0000  -45.0000 2281.1116   18.6889
    0.0000  -45.0000  -45.0000 2287.4663   18.6568
    7.5000  -45.0000  -45.0000 2273.4871   18.7229
   -7.5000  -37.5000  -45.0000 2330.6431   17.6597
    0.0000  -37.5000  -45.0000 2340.1489   17.6394
    7.5000  -37.5000  -45.0000 2321.5063   17.7211
   -7.5000  -30.0000  -45.0000 2364.5176   16.9661
    0.0000  -30.0000  -45.0000 2379.2727   16.9485
    7.5000  -30.0000  -45.0000 2356.9211   17.0644
   -7.5000  -22.5000  -45.0000 2377.7642   16.6560
    0.0000  -22.5000  -45.0000 2391.6006   16.6013
    7.5000  -22.5000  -45.0000 2367.1670   16.7273
   -7.5000  -15.0000  -45.0000 2374.9790   16.6348
    0.0000  -15.0000  -45.0000 2391.9885   16.6230
    7.5000  -15.0000  -45.0000 2366.8794   16.7315
   -7.5000   -7.5000  -45.0000 2349.2168   17.0591
    0.0000   -7.5000  -45.0000 2367.5359   17.0213
    7.5000   -7.5000  -45.0000 2340.5383   17.1652
   -7.5000    0.0000  -45.0000 2302.5537   17.8149
    0.0000    0.0000  -45.0000 2314.5818   17.7593
    7.5000    0.0000  -45.0000 2286.6196   17.9235
   -7.5000    7.5000  -45.0000 2230.9473   18.9179
    0.0000    7.5000  -45.0000 2238.0479   18.8462
    7.5000    7.5000  -45.0000 2211.8083   19.0244
   -7.5000   15.0000  -45.0000 2144.1694   20.4555
    0.0000   15.0000  -45.0000 2144.4646   20.3465
    7.5000   15.0000  -45.0000 2118.5801   20.5609
   -7.5000   22.5000  -45.0000 2034.8590   22.5498
    0.0000   22.5000  -45.0000 2034.6409   22.4264
    7.5000   22.5000  -45.0000 2009.0093   22.6888
   -7.5000   30.0000  -45.0000 1909.8047   25.4815
    0.0000   30.0000  -45.0000 1910.8330   25.3459
    7.5000   30.0000  -45.0000 1881.5492   25.6616
   -7.5000   37.5000  -45.0000 1776.8137   29.4444
    0.0000   37.5000  -45.0000 1773.6851   29.3286
    7.5000   37.5000  -45.0000 1751.0190   29.8282
   -7.5000   45.0000  -45.0000 1639.5190   35.0232
    0.0000   45.0000  -45.0000 1635.8165   34.8363
    7.5000   45.0000  -45.0000 1612.4073   35.3914
   -7.5000  -45.0000  -37.5000 2368.3513   17.4097
    0.0000  -45.0000  -37.5000 2375.2048   17.3257
    7.5000  -45.0000  -37.5000 2356.5608   17.4258
   -7.5000  -37.5000  -37.5000 2423.6284   16.4450
    0.0000  -37.5000  -37.5000 2436.2395   16.3916
    7.5000  -37.5000  -37.5000 2416.7300   16.5037
   -7.5000  -30.0000  -37.5000 2463.0042   15.7934
    0.0000  -30.0000  -37.5000 2476.8704   15.7721
    7.5000  -30.0000  -37.5000 2452.1858   15.8692
   -7.5000  -22.5000  -37.5000 2485.1152   15.5435
    0.0000  -22.5000  -37.5000 2495.2239   15.5043
    7.5000  -22.5000  -37.5000 2471.4668   15.6058
   -7.5000  -15.0000  -37.5000 2478.0273   15.6025
    0.0000  -15.0000  -37.5000 2490.2749   15.5408
    7.5000  -15.0000  -37.5000 2465.8604   15.6541
   -7.5000   -7.5000  -37.5000 2450.8369   15.9622
    0.0000   -7.5000  -37.5000 2467.3186   15.8966
    7.5000   -7.5000  -37.5000 2439.5276   16.0269
   -7.5000    0.0000  -37.5000 2397.3660   16.6050
    0.0000    0.0000  -37.5000 2410.7053   16.5570
    7.5000    0.0000  -37.5000 2380.4277   16.7208
   -7.5000    7.5000  -37.5000 2321.7156   17.6038
    0.0000    7.5000  -37.5000 2328.8999   17.5509
    7.5000    7.5000  -37.5000 2299.2271   17.7426
   -7.5000   15.0000  -37.5000 2227.7366   18.9831
    0.0000   15.0000  -37.5000 2230.7693   18.9330
    7.5000   15.0000  -37.5000 2202.0881   19.1667
   -7.5000   22.5000  -37.5000 2109.7449   20.9163
    0.0000   22.5000  -37.5000 2109.7222   20.8470
    7.5000   22.5000  -37.5000 2083.2993   21.1195
   -7.5000   30.0000  -37.5000 1982.6974   23.6171
    0.0000   30.0000  -37.5000 1982.7617   23.5408
    7.5000   30.0000  -37.5000 1956.2739   23.8190
   -7.5000   37.5000  -37.5000 1841.5334   27.2095
    0.0000   37.5000  -37.5000 1836.5240   27.1341
    7.5000   37.5000  -37.5000 1820.3191   27.6177
   -7.5000   45.0000  -37.5000 1707.5076   32.1398
    0.0000   45.0000  -37.5000 1703.3319   31.9624
    7.5000   45.0000  -37.5000 1679.5267   32.6226
   -7.5000  -45.0000  -30.0000 2483.7637   16.8839
    0.0000  -45.0000  -30.0000 2493.7971   16.7531
    7.5000  -45.0000  -30.0000 2471.5901   16.8653
   -7.5000  -37.5000  -30.0000 2552.2202   15.8712
    0.0000  -37.5000  -30.0000 2567.7661   15.7846
    7.5000  -37.5000  -30.0000 2549.3911   15.9041
   -7.5000  -30.0000  -30.0000 2603.1216   15.2249
    0.0000  -30.0000  -30.0000 2619.1350   15.1642
    7.5000  -30.0000  -30.0000 2593.5803   15.2819
   -7.5000  -22.5000  -30.0000 2633.6604   15.0009
    0.0000  -22.5000  -30.0000 2643.3552   14.9633
    7.5000  -22.5000  -30.0000 2617.2527   15.0549
   -7.5000  -15.0000  -30.0000 2632.7891   15.1148
    0.0000  -15.0000  -30.0000 2637.3257   15.0493
    7.5000  -15.0000  -30.0000 2609.9873   15.1582
   -7.5000   -7.5000  -30.0000 2601.3481   15.4614
    0.0000   -7.5000  -30.0000 2608.6211   15.3802
    7.5000   -7.5000  -30.0000 2579.3391   15.5340
   -7.5000    0.0000  -30.0000 2541.8423   16.0298
    0.0000    0.0000  -30.0000 2549.7979   15.9766
    7.5000    0.0000  -30.0000 2517.0906   16.1919
   -7.5000    7.5000  -30.0000 2456.6125   16.9418
    0.0000    7.5000  -30.0000 2463.3984   16.9093
    7.5000    7.5000  -30.0000 2430.1665   17.1275
   -7.5000   15.0000  -30.0000 2350.4133   18.2574
    0.0000   15.0000  -30.0000 2355.5405   18.2300
    7.5000   15.0000  -30.0000 2324.6729   18.4696
   -7.5000   22.5000  -30.0000 2216.7383   20.1259
    0.0000   22.5000  -30.0000 2220.4954   20.1235
    7.5000   22.5000  -30.0000 2193.6541   20.3427
   -7.5000   30.0000  -30.0000 2082.5095   22.6674
    0.0000   30.0000  -30.0000 2085.8264   22.6900
    7.5000   30.0000  -30.0000 2059.0088   22.9651
   -7.5000   37.5000  -30.0000 1938.8105   26.0949
    0.0000   37.5000  -30.0000 1932.7428   26.0772
    7.5000   37.5000  -30.0000 1912.5520   26.4735
   -7.5000   45.0000  -30.0000 1794.7512   30.7038
    0.0000   45.0000  -30.0000 1790.3793   30.5702
    7.5000   45.0000  -30.0000 1770.2435   31.1018
   -7.5000  -45.0000  -22.5000 2567.4702   16.2996
    0.0000  -45.0000  -22.5000 2585.4382   16.1353
    7.5000  -45.0000  -22.5000 2559.7661   16.3056
   -7.5000  -37.5000  -22.5000 2650.5947   15.2643
    0.0000  -37.5000  -22.5000 2666.5647   15.1193
    7.5000  -37.5000  -22.5000 2645.6101   15.2859
   -7.5000  -30.0000  -22.5000 2709.4138   14.5807
    0.0000  -30.0000  -22.5000 2722.8547   14.4856
    7.5000  -30.0000  -22.5000 2698.9165   14.6309
   -7.5000  -22.5000  -22.5000 2754.1523   14.3516
    0.0000  -22.5000  -22.5000 2759.0623   14.2773
    7.5000  -22.5000  -22.5000 2731.2063   14.4087
   -7.5000  -15.0000  -22.5000 2758.4158   14.4875
    0.0000  -15.0000  -22.5000 2763.1846   14.3751
    7.5000  -15.0000  -22.5000 2732.0435   14.5332
   -7.5000   -7.5000  -22.5000 2727.6880   14.8133
    0.0000   -7.5000  -22.5000 2726.8865   14.7192
    7.5000   -7.5000  -22.5000 2696.4829   14.9227
   -7.5000    0.0000  -22.5000 2659.5842   15.3432
    0.0000    0.0000  -22.5000 2663.1084   15.2814
    7.5000    0.0000  -22.5000 2629.2629   15.5202
   -7.5000    7.5000  -22.5000 2566.4099   16.1935
    0.0000    7.5000  -22.5000 2569.4336   16.1671
    7.5000    7.5000  -22.5000 2536.2744   16.4135
   -7.5000   15.0000  -22.5000 2448.9390   17.5075
    0.0000   15.0000  -22.5000 2451.7476   17.4521
    7.5000   15.0000  -22.5000 2420.2434   17.7199
   -7.5000   22.5000  -22.5000 2308.1936   19.3128
    0.0000   22.5000  -22.5000 2310.1665   19.2561
    7.5000   22.5000  -22.5000 2283.8110   19.5146
   -7.5000   30.0000  -22.5000 2162.0889   21.7032
    0.0000   30.0000  -22.5000 2160.2385   21.6655
    7.5000   30.0000  -22.5000 2129.1340   21.9707
   -7.5000   37.5000  -22.5000 2005.5609   24.9241
    0.0000   37.5000  -22.5000 2000.9877   24.8489
    7.5000   37.5000  -22.5000 1977.6595   25.1880
   -7.5000   45.0000  -22.5000 1857.9368   29.2079
    0.0000   45.0000  -22.5000 1858.2683   29.1206
    7.5000   45.0000  -22.5000 1831.4919   29.5122
   -7.5000  -45.0000  -15.0000 2620.1531   15.7549
    0.0000  -45.0000  -15.0000 2640.5605   15.5876
    7.5000  -45.0000  -15.0000 2616.4727   15.8334
   -7.5000  -37.5000  -15.0000 2719.3279   14.7454
    0.0000  -37.5000  -15.0000 2738.6492   14.5639
    7.5000  -37.5000  -15.0000 2706.7451   14.7919
   -7.5000  -30.0000  -15.0000 2791.8130   14.0366
    0.0000  -30.0000  -15.0000 2805.6038   13.8594
    7.5000  -30.0000  -15.0000 2769.4502   14.0947
   -7.5000  -22.5000  -15.0000 2840.3435   13.7577
    0.0000  -22.5000  -15.0000 2844.2485   13.6090
    7.5000  -22.5000  -15.0000 2809.6528   13.8456
   -7.5000  -15.0000  -15.0000 2846.0186   13.8673
    0.0000  -15.0000  -15.0000 2848.1868   13.7452
    7.5000  -15.0000  -15.0000 2811.8423   13.9555
   -7.5000   -7.5000  -15.0000 2811.4932   14.1679
    0.0000   -7.5000  -15.0000 2808.1619   14.1025
    7.5000   -7.5000  -15.0000 2776.5610   14.3209
   -7.5000    0.0000  -15.0000 2740.6562   14.6971
    0.0000    0.0000  -15.0000 2736.4844   14.6806
    7.5000    0.0000  -15.0000 2704.5908   14.9219
   -7.5000    7.5000  -15.0000 2639.8918   15.5759
    0.0000    7.5000  -15.0000 2637.2717   15.5415
    7.5000    7.5000  -15.0000 2604.9570   15.7853
   -7.5000   15.0000  -15.0000 2513.7849   16.8458
    0.0000   15.0000  -15.0000 2514.3542   16.7864
    7.5000   15.0000  -15.0000 2482.3994   17.0436
   -7.5000   22.5000  -15.0000 2370.0417   18.5926
    0.0000   22.5000  -15.0000 2372.8401   18.5106
    7.5000   22.5000  -15.0000 2339.8967   18.7764
   -7.5000   30.0000  -15.0000 2212.1079   20.8757
    0.0000   30.0000  -15.0000 2208.6868   20.7966
    7.5000   30.0000  -15.0000 2178.1350   21.0923
   -7.5000   37.5000  -15.0000 2051.5874   23.9503
    0.0000   37.5000  -15.0000 2043.2568   23.8607
    7.5000   37.5000  -15.0000 2017.8826   24.1837
   -7.5000   45.0000  -15.0000 1893.4890   28.0510
    0.0000   45.0000  -15.0000 1889.0404   27.8719
    7.5000   45.0000  -15.0000 1862.5212   28.3283
   -7.5000  -45.0000   -7.5000 2652.5627   15.3408
    0.0000  -45.0000   -7.5000 2672.0647   15.1659
    7.5000  -45.0000   -7.5000 2644.4644   15.4726
   -7.5000  -37.5000   -7.5000 2767.2156   14.4035
    0.0000  -37.5000   -7.5000 2785.1069   14.1866
    7.5000  -37.5000   -7.5000 2748.3982   14.4599
   -7.5000  -30.0000   -7.5000 2855.5896   13.6472
    0.0000  -30.0000   -7.5000 2862.0789   13.3948
    7.5000  -30.0000   -7.5000 2819.3989   13.7232
   -7.5000  -22.5000   -7.5000 2912.1907   13.2242
    0.0000  -22.5000   -7.5000 2908.9880   13.0386
    7.5000  -22.5000   -7.5000 2865.8699   13.4186
   -7.5000  -15.0000   -7.5000 2910.3013   13.2832
    0.0000  -15.0000   -7.5000 2901.9536   13.1759
    7.5000  -15.0000   -7.5000 2865.3184   13.5186
   -7.5000   -7.5000   -7.5000 2868.9983   13.6454
    0.0000   -7.5000   -7.5000 2859.8896   13.5876
    7.5000   -7.5000   -7.5000 2826.4282   13.8855
   -7.5000    0.0000   -7.5000 2783.8745   14.2587
    0.0000    0.0000   -7.5000 2779.3184   14.1844
    7.5000    0.0000   -7.5000 2744.6868   14.4718
   -7.5000    7.5000   -7.5000 2675.7141   15.1362
    0.0000    7.5000   -7.5000 2676.1943   15.0272
    7.5000    7.5000   -7.5000 2641.3108   15.3233
   -7.5000   15.0000   -7.5000 2548.4158   16.3547
    0.0000   15.0000   -7.5000 2548.6633   16.2345
    7.5000   15.0000   -7.5000 2510.1914   16.5245
   -7.5000   22.5000   -7.5000 2406.4805   17.9954
    0.0000   22.5000   -7.5000 2406.0176   17.9054
    7.5000   22.5000   -7.5000 2367.2356   18.1903
   -7.5000   30.0000   -7.5000 2242.2686   20.2000
    0.0000   30.0000   -7.5000 2241.1523   20.1601
    7.5000   30.0000   -7.5000 2204.1616   20.4694
   -7.5000   37.5000   -7.5000 2069.0286   23.1974
    0.0000   37.5000   -7.5000 2073.1616   23.1522
    7.5000   37.5000   -7.5000 2039.6730   23.5056
   -7.5000   45.0000   -7.5000 1909.1598   27.1603
    0.0000   45.0000   -7.5000 1907.4203   26.9690
    7.5000   45.0000   -7.5000 1885.7788   27.4853
   -7.5000  -45.0000    0.0000 2657.1135   15.1718
    0.0000  -45.0000    0.0000 2672.7957   15.0279
    7.5000  -45.0000    0.0000 2646.8213   15.4272
   -7.5000  -37.5000    0.0000 2777.9089   14.2083
    0.0000  -37.5000    0.0000 2795.7070   14.0560
    7.5000  -37.5000    0.0000 2761.0010   14.3974
   -7.5000  -30.0000    0.0000 2875.1067   13.4062
    0.0000  -30.0000    0.0000 2886.2954   13.2233
    7.5000  -30.0000    0.0000 2835.3918   13.5795
   -7.5000  -22.5000    0.0000 2928.0618   12.8406
    0.0000  -22.5000    0.0000 2932.9221   12.7379
    7.5000  -22.5000    0.0000 2884.7830   13.2286
   -7.5000  -15.0000    0.0000 2926.7761   12.8862
    0.0000  -15.0000    0.0000 2927.3672   12.8065
    7.5000  -15.0000    0.0000 2882.5337   13.2833
   -7.5000   -7.5000    0.0000 2885.2781   13.3522
    0.0000   -7.5000    0.0000 2875.6431   13.2257
    7.5000   -7.5000    0.0000 2838.4885   13.6460
   -7.5000    0.0000    0.0000 2796.4573   14.0337
    0.0000    0.0000    0.0000 2787.4158   13.8958
    7.5000    0.0000    0.0000 2757.1372   14.2373
   -7.5000    7.5000    0.0000 2683.9102   14.9296
    0.0000    7.5000    0.0000 2682.5652   14.7729
    7.5000    7.5000    0.0000 2647.8352   15.1046
   -7.5000   15.0000    0.0000 2560.7156   16.2012
    0.0000   15.0000    0.0000 2555.5247   16.0418
    7.5000   15.0000    0.0000 2517.7415   16.3129
   -7.5000   22.5000    0.0000 2422.9102   17.8649
    0.0000   22.5000    0.0000 2414.5386   17.7366
    7.5000   22.5000    0.0000 2375.4417   17.9966
   -7.5000   30.0000    0.0000 2254.0312   20.0383
    0.0000   30.0000    0.0000 2252.2288   19.9735
    7.5000   30.0000    0.0000 2216.8770   20.2423
   -7.5000   37.5000    0.0000 2078.7209   22.9324
    0.0000   37.5000    0.0000 2075.9924   22.8295
    7.5000   37.5000    0.0000 2051.6021   23.1580
   -7.5000   45.0000    0.0000 1910.3567   26.5868
    0.0000   45.0000    0.0000 1909.8843   26.4249
    7.5000   45.0000    0.0000 1892.1423   26.9701
   -7.5000  -45.0000    7.5000 2640.2600   15.1786
    0.0000  -45.0000    7.5000 2658.9404   15.1906
    7.5000  -45.0000    7.5000 2631.7070   15.6277
   -7.5000  -37.5000    7.5000 2763.9199   14.2154
    0.0000  -37.5000    7.5000 2776.6304   14.1976
    7.5000  -37.5000    7.5000 2746.4658   14.5998
   -7.5000  -30.0000    7.5000 2865.3198   13.4238
    0.0000  -30.0000    7.5000 2873.9832   13.4210
    7.5000  -30.0000    7.5000 2828.3799   13.8204
   -7.5000  -22.5000    7.5000 2934.7615   13.0160
    0.0000  -22.5000    7.5000 2939.0793   13.0356
    7.5000  -22.5000    7.5000 2883.0754   13.4321
   -7.5000  -15.0000    7.5000 2938.6978   13.0733
    0.0000  -15.0000    7.5000 2935.5232   13.0101
    7.5000  -15.0000    7.5000 2880.1462   13.4077
   -7.5000   -7.5000    7.5000 2891.3386   13.4254
    0.0000   -7.5000    7.5000 2881.2498   13.3379
    7.5000   -7.5000    7.5000 2835.7410   13.6619
   -7.5000    0.0000    7.5000 2792.5283   14.0615
    0.0000    0.0000    7.5000 2787.2976   13.9826
    7.5000    0.0000    7.5000 2750.4790   14.2508
   -7.5000    7.5000    7.5000 2676.7710   14.9573
    0.0000    7.5000    7.5000 2671.8230   14.8602
    7.5000    7.5000    7.5000 2637.9460   15.1001
   -7.5000   15.0000    7.5000 2549.4172   16.2351
    0.0000   15.0000    7.5000 2543.7661   16.1161
    7.5000   15.0000    7.5000 2508.2927   16.3309
   -7.5000   22.5000    7.5000 2405.5061   17.8794
    0.0000   22.5000    7.5000 2396.7451   17.7805
    7.5000   22.5000    7.5000 2364.0703   17.9963
   -7.5000   30.0000    7.5000 2235.6238   19.9856
    0.0000   30.0000    7.5000 2236.8513   19.9889
    7.5000   30.0000    7.5000 2202.6836   20.2224
   -7.5000   37.5000    7.5000 2068.0833   22.7782
    0.0000   37.5000    7.5000 2072.5068   22.7979
    7.5000   37.5000    7.5000 2038.5978   23.0899
   -7.5000   45.0000    7.5000 1913.3196   26.4933
    0.0000   45.0000    7.5000 1912.2610   26.4822
    7.5000   45.0000    7.5000 1883.5238   26.8130
   -7.5000  -45.0000   15.0000 2607.6399   15.5268
    0.0000  -45.0000   15.0000 2619.0964   15.6516
    7.5000  -45.0000   15.0000 2593.3198   16.0463
   -7.5000  -37.5000   15.0000 2722.9731   14.5290
    0.0000  -37.5000   15.0000 2734.5359   14.6381
    7.5000  -37.5000   15.0000 2699.9167   15.0007
   -7.5000  -30.0000   15.0000 2822.5171   13.7027
    0.0000  -30.0000   15.0000 2836.2041   13.9042
    7.5000  -30.0000   15.0000 2788.1772   14.2738
   -7.5000  -22.5000   15.0000 2895.4541   13.4649
    0.0000  -22.5000   15.0000 2903.5537   13.5788
    7.5000  -22.5000   15.0000 2847.2202   13.9136
   -7.5000  -15.0000   15.0000 2901.4060   13.5749
    0.0000  -15.0000   15.0000 2905.6448   13.5972
    7.5000  -15.0000   15.0000 2846.4509   13.8663
   -7.5000   -7.5000   15.0000 2851.4600   13.8617
    0.0000   -7.5000   15.0000 2852.1208   13.8763
    7.5000   -7.5000   15.0000 2800.5906   14.0796
   -7.5000    0.0000   15.0000 2757.5618   14.3881
    0.0000    0.0000   15.0000 2756.5701   14.3958
    7.5000    0.0000   15.0000 2717.4629   14.5734
   -7.5000    7.5000   15.0000 2643.3037   15.2133
    0.0000    7.5000   15.0000 2641.7141   15.1590
    7.5000    7.5000   15.0000 2609.0400   15.3922
   -7.5000   15.0000   15.0000 2526.2124   16.4454
    0.0000   15.0000   15.0000 2518.8848   16.3572
    7.5000   15.0000   15.0000 2481.2566   16.5597
   -7.5000   22.5000   15.0000 2374.0491   18.1038
    0.0000   22.5000   15.0000 2371.3628   17.9905
    7.5000   22.5000   15.0000 2336.9490   18.2274
   -7.5000   30.0000   15.0000 2210.0029   20.2510
    0.0000   30.0000   15.0000 2210.6155   20.1594
    7.5000   30.0000   15.0000 2177.8960   20.4592
   -7.5000   37.5000   15.0000 2051.6687   23.0650
    0.0000   37.5000   15.0000 2046.6829   23.0225
    7.5000   37.5000   15.0000 2018.5924   23.4019
   -7.5000   45.0000   15.0000 1899.7136   26.6757
    0.0000   45.0000   15.0000 1892.5879   26.7092
    7.5000   45.0000   15.0000 1863.3132   27.1182
   -7.5000  -45.0000   22.5000 2568.4185   16.2423
    0.0000  -45.0000   22.5000 2569.5664   16.3997
    7.5000  -45.0000   22.5000 2538.5396   16.8210
   -7.5000  -37.5000   22.5000 2676.6201   15.1301
    0.0000  -37.5000   22.5000 2678.2502   15.2921
    7.5000  -37.5000   22.5000 2638.8015   15.7204
   -7.5000  -30.0000   22.5000 2772.1584   14.3456
    0.0000  -30.0000   22.5000 2765.4404   14.4610
    7.5000  -30.0000   22.5000 2719.0483   14.9205
   -7.5000  -22.5000   22.5000 2830.6223   14.0941
    0.0000  -22.5000   22.5000 2828.9399   14.1152
    7.5000  -22.5000   22.5000 2777.9946   14.5106
   -7.5000  -15.0000   22.5000 2834.6460   14.1429
    0.0000  -15.0000   22.5000 2838.0750   14.1113
    7.5000  -15.0000   22.5000 2784.0718   14.4446
   -7.5000   -7.5000   22.5000 2784.7031   14.4724
    0.0000   -7.5000   22.5000 2788.8584   14.4398
    7.5000   -7.5000   22.5000 2741.5127   14.7251
   -7.5000    0.0000   22.5000 2698.4382   15.0699
    0.0000    0.0000   22.5000 2697.4951   15.0334
    7.5000    0.0000   22.5000 2657.5581   15.2708
   -7.5000    7.5000   22.5000 2595.2556   15.9101
    0.0000    7.5000   22.5000 2590.5581   15.8638
    7.5000    7.5000   22.5000 2552.3459   16.0906
   -7.5000   15.0000   22.5000 2475.9351   17.0577
    0.0000   15.0000   22.5000 2469.6548   17.0064
    7.5000   15.0000   22.5000 2431.5630   17.2033
   -7.5000   22.5000   22.5000 2329.2314   18.6436
    0.0000   22.5000   22.5000 2325.1731   18.6098
    7.5000   22.5000   22.5000 2294.2808   18.8392
   -7.5000   30.0000   22.5000 2176.2014   20.7415
    0.0000   30.0000   22.5000 2168.5291   20.7340
    7.5000   30.0000   22.5000 2138.9395   21.0129
   -7.5000   37.5000   22.5000 2027.1880   23.4445
    0.0000   37.5000   22.5000 2017.1282   23.4935
    7.5000   37.5000   22.5000 1988.0010   23.8330
   -7.5000   45.0000   22.5000 1870.1123   27.0984
    0.0000   45.0000   22.5000 1865.5873   27.0840
    7.5000   45.0000   22.5000 1836.8094   27.5818
   -7.5000  -45.0000   30.0000 2517.0107   17.1129
    0.0000  -45.0000   30.0000 2512.6431   17.2539
    7.5000  -45.0000   30.0000 2481.0122   17.8167
   -7.5000  -37.5000   30.0000 2619.4075   15.9464
    0.0000  -37.5000   30.0000 2610.6743   16.0786
    7.5000  -37.5000   30.0000 2573.6836   16.6356
   -7.5000  -30.0000   30.0000 2700.4268   15.1756
    0.0000  -30.0000   30.0000 2690.3911   15.2535
    7.5000  -30.0000   30.0000 2648.2007   15.7548
   -7.5000  -22.5000   30.0000 2748.8616   14.8781
    0.0000  -22.5000   30.0000 2742.1799   14.8822
    7.5000  -22.5000   30.0000 2698.2185   15.3032
   -7.5000  -15.0000   30.0000 2745.5435   14.8817
    0.0000  -15.0000   30.0000 2745.4438   14.8753
    7.5000  -15.0000   30.0000 2699.3069   15.2262
   -7.5000   -7.5000   30.0000 2697.8752   15.2200
    0.0000   -7.5000   30.0000 2700.3064   15.2072
    7.5000   -7.5000   30.0000 2664.3904   15.5071
   -7.5000    0.0000   30.0000 2622.6680   15.7935
    0.0000    0.0000   30.0000 2618.3323   15.7737
    7.5000    0.0000   30.0000 2585.2581   16.0519
   -7.5000    7.5000   30.0000 2527.8835   16.6703
    0.0000    7.5000   30.0000 2520.1226   16.6245
    7.5000    7.5000   30.0000 2488.5972   16.8830
   -7.5000   15.0000   30.0000 2410.0054   17.8818
    0.0000   15.0000   30.0000 2404.5137   17.8410
    7.5000   15.0000   30.0000 2369.9106   18.0684
   -7.5000   22.5000   30.0000 2271.1802   19.4612
    0.0000   22.5000   30.0000 2268.6812   19.4346
    7.5000   22.5000   30.0000 2240.2542   19.6881
   -7.5000   30.0000   30.0000 2122.9600   21.5494
    0.0000   30.0000   30.0000 2124.6860   21.5616
    7.5000   30.0000   30.0000 2096.9539   21.8503
   -7.5000   37.5000   30.0000 1976.9767   24.2977
    0.0000   37.5000   30.0000 1977.9631   24.3438
    7.5000   37.5000   30.0000 1951.8046   24.7069
   -7.5000   45.0000   30.0000 1823.2277   28.0031
    0.0000   45.0000   30.0000 1819.9579   27.9630
    7.5000   45.0000   30.0000 1794.1760   28.5027
   -7.5000  -45.0000   37.5000 2455.2625   18.2114
    0.0000  -45.0000   37.5000 2447.7856   18.3283
    7.5000  -45.0000   37.5000 2411.1973   18.9438
   -7.5000  -37.5000   37.5000 2550.7241   17.0491
    0.0000  -37.5000   37.5000 2540.3005   17.1462
    7.5000  -37.5000   37.5000 2499.3730   17.7331
   -7.5000  -30.0000   37.5000 2619.2937   16.2621
    0.0000  -30.0000   37.5000 2606.3354   16.2918
    7.5000  -30.0000   37.5000 2566.7551   16.8329
   -7.5000  -22.5000   37.5000 2656.8535   15.8977
    0.0000  -22.5000   37.5000 2650.6448   15.8969
    7.5000  -22.5000   37.5000 2608.3386   16.3429
   -7.5000  -15.0000   37.5000 2646.2781   15.8687
    0.0000  -15.0000   37.5000 2643.2273   15.8559
    7.5000  -15.0000   37.5000 2606.1614   16.2418
   -7.5000   -7.5000   37.5000 2601.7410   16.2234
    0.0000   -7.5000   37.5000 2603.4995   16.2104
    7.5000   -7.5000   37.5000 2573.4670   16.5239
   -7.5000    0.0000   37.5000 2534.4822   16.7647
    0.0000    0.0000   37.5000 2531.0254   16.7530
    7.5000    0.0000   37.5000 2502.3486   17.0646
   -7.5000    7.5000   37.5000 2445.6174   17.6016
    0.0000    7.5000   37.5000 2443.0105   17.5587
    7.5000    7.5000   37.5000 2412.9495   17.8560
   -7.5000   15.0000   37.5000 2332.3284   18.8263
    0.0000   15.0000   37.5000 2329.9407   18.8172
    7.5000   15.0000   37.5000 2298.9707   19.0616
   -7.5000   22.5000   37.5000 2206.8181   20.4704
    0.0000   22.5000   37.5000 2204.3333   20.4496
    7.5000   22.5000   37.5000 2174.7139   20.7088
   -7.5000   30.0000   37.5000 2061.7668   22.6012
    0.0000   30.0000   37.5000 2062.2649   22.5764
    7.5000   30.0000   37.5000 2033.7928   22.8860
   -7.5000   37.5000   37.5000 1924.1460   25.4216
    0.0000   37.5000   37.5000 1924.1791   25.4265
    7.5000   37.5000   37.5000 1895.2003   25.8916
   -7.5000   45.0000   37.5000 1781.7805   29.2586
    0.0000   45.0000   37.5000 1773.9415   29.2797
    7.5000   45.0000   37.5000 1746.0814   29.8848
   -7.5000  -45.0000   45.0000 2383.1428   19.6129
    0.0000  -45.0000   45.0000 2368.4988   19.6847
    7.5000  -45.0000   45.0000 2332.4258   20.4006
   -7.5000  -37.5000   45.0000 2465.9729   18.4296
    0.0000  -37.5000   45.0000 2453.4727   18.4784
    7.5000  -37.5000   45.0000 2412.6462   19.1041
   -7.5000  -30.0000   45.0000 2523.0176   17.5983
    0.0000  -30.0000   45.0000 2512.2332   17.6311
    7.5000  -30.0000   45.0000 2471.7654   18.1481
   -7.5000  -22.5000   45.0000 2554.2791   17.1696
    0.0000  -22.5000   45.0000 2545.8584   17.1683
    7.5000  -22.5000   45.0000 2503.2290   17.6296
   -7.5000  -15.0000   45.0000 2543.7947   17.0986
    0.0000  -15.0000   45.0000 2541.3716   17.1154
    7.5000  -15.0000   45.0000 2501.4978   17.4881
   -7.5000   -7.5000   45.0000 2503.7534   17.4353
    0.0000   -7.5000   45.0000 2499.6821   17.4219
    7.5000   -7.5000   45.0000 2467.8940   17.7660
   -7.5000    0.0000   45.0000 2437.5151   17.9926
    0.0000    0.0000   45.0000 2434.6057   17.9978
    7.5000    0.0000   45.0000 2408.5615   18.3134
   -7.5000    7.5000   45.0000 2348.4175   18.7816
    0.0000    7.5000   45.0000 2350.9451   18.7832
    7.5000    7.5000   45.0000 2327.0154   19.0935
   -7.5000   15.0000   45.0000 2244.1995   20.0182
    0.0000   15.0000   45.0000 2245.1099   20.0036
    7.5000   15.0000   45.0000 2224.6157   20.2965
   -7.5000   22.5000   45.0000 2128.7969   21.6656
    0.0000   22.5000   45.0000 2126.9211   21.6308
    7.5000   22.5000   45.0000 2102.6411   21.9062
   -7.5000   30.0000   45.0000 1989.2806   24.0261
    0.0000   30.0000   45.0000 1991.6210   23.9451
    7.5000   30.0000   45.0000 1967.9757   24.2638
   -7.5000   37.5000   45.0000 1856.8833   27.0147
    0.0000   37.5000   45.0000 1856.3445   27.0056
    7.5000   37.5000   45.0000 1833.5101   27.4815
   -7.5000   45.0000   45.0000 1723.6987   31.1506
    0.0000   45.0000   45.0000 1716.2667   31.1134
    7.5000   45.0000   45.0000 1694.6503   31.7910

---------------------------------------------------------------------
imgreg_4dfp /opt/freesurfer/average/711-2C_as_mni_average_305 /opt/freesurfer/average/711-2B_as_mni_average_305_mask talsrcimg_g11 none talsrcimg_to_711-2C_as_mni_average_305_t4 1283
---------------------------------------------------------------------

freesurfer imgreg_4dfp.c
/opt/freesurfer/average/711-2C_as_mni_average_305.4dfp.img
       256       256       256         1
  1.000000  1.000000  1.000000
orientation T byte_order littleendian
Reading image: /opt/freesurfer/average/711-2C_as_mni_average_305.4dfp.img
dimensions:      256       256       256
mmppix:       1.0000   -1.0000   -1.0000
center:     128.0000 -129.0000 -129.0000
/opt/freesurfer/average/711-2B_as_mni_average_305_mask.4dfp.img
       256       256       256         1
  1.000000  1.000000  1.000000
orientation T byte_order littleendian
Reading mask: /opt/freesurfer/average/711-2B_as_mni_average_305_mask.4dfp.img (2306576 pixels)
talsrcimg_g11.4dfp.img
       256       256       256         1
  1.000000  1.000000  1.000000
orientation T byte_order littleendian
Reading image: talsrcimg_g11.4dfp.img
dimensions:      256       256       256
mmppix:       1.0000   -1.0000   -1.0000
center:     128.0000 -129.0000 -129.0000
rotation matrix determinant  1.000000
fimgreg.f
image alignment mode   1283 decimal      503 hex
parameters
    0.0000  -22.5000    7.5000    0.0000    0.0000    0.0000
eta,q 0.92213 13.07249
niter,ni,del,rscale     5    3   12.0000    1.2000
parameter  2 -1.099927 -> -0.500000 qaram    1.1500
parameter  4  0.641812 ->  0.500000 qaram    1.1500
parameter  5  2.319774 -> -0.500000 qaram    1.1500
parameters
   -2.5120  -19.0500    6.6678   -3.4500    3.4500   -2.0372
eta,q 0.92854 12.66923
  0.0796  0.0905  0.0785  0.0747  0.0758  0.0732
  0.0798  0.0859  0.0784  0.0748  0.0758  0.0720
  0.0792  0.0821  0.0763  0.0750  0.0761  0.0715
  0.0784  0.0790  0.0751  0.0753  0.0749  0.0718
  0.0813  0.0766  0.0765  0.0765  0.0730  0.0732
  0.0867  0.0744  0.0786  0.0789  0.0717  0.0754
  0.0920  0.0748  0.0827  0.0807  0.0727  0.0775
niter,ni,del,rscale     7    3   12.0000    1.2000
parameter  6  0.558634 ->  0.500000 qaram    1.1500
parameters
   -5.3311  -16.7027    6.0352   -5.4427    4.8739   -5.4872
eta,q 0.92917 12.74175
  0.0724  0.0851  0.0756  0.0717  0.0754  0.0708
  0.0709  0.0792  0.0745  0.0706  0.0721  0.0708
  0.0719  0.0739  0.0712  0.0708  0.0704  0.0709
  0.0715  0.0717  0.0710  0.0706  0.0708  0.0709
  0.0746  0.0710  0.0724  0.0712  0.0711  0.0716
  0.0794  0.0715  0.0742  0.0727  0.0714  0.0729
  0.0848  0.0742  0.0797  0.0762  0.0718  0.0739
niter,ni,del,rscale     7    3   12.0000    1.2000
parameters
   -5.8702  -14.6781    4.8109   -8.6000    7.0104   -5.5446
eta,q 0.93276 12.68031
  0.0757  0.0809  0.0719  0.0686  0.0727  0.0726
  0.0708  0.0757  0.0711  0.0671  0.0699  0.0697
  0.0697  0.0720  0.0688  0.0678  0.0680  0.0673
  0.0708  0.0706  0.0692  0.0684  0.0675  0.0673
  0.0709  0.0690  0.0712  0.0693  0.0672  0.0687
  0.0726  0.0699  0.0722  0.0713  0.0672  0.0703
  0.0779  0.0731  0.0765  0.0739  0.0685  0.0720
niter,ni,del,rscale     6    3   12.0000    1.2000
parameters
   -6.7175  -13.6887    3.4671   -9.2152    6.9576   -5.2922
eta,q 0.93422 12.63743
  0.0733  0.0799  0.0693  0.0710  0.0721  0.0725
  0.0674  0.0735  0.0682  0.0674  0.0691  0.0696
  0.0656  0.0680  0.0664  0.0657  0.0663  0.0666
  0.0672  0.0664  0.0665  0.0659  0.0657  0.0657
  0.0687  0.0671  0.0695  0.0672  0.0671  0.0669
  0.0712  0.0696  0.0697  0.0693  0.0693  0.0688
  0.0774  0.0736  0.0722  0.0725  0.0720  0.0716
niter,ni,del,rscale     5    3   12.0000    1.2000
parameters
   -6.9006  -13.3121    3.2480   -9.4480    6.9434   -5.1150
eta,q 0.93431 12.64703
  0.0749  0.0773  0.0704  0.0718  0.0725  0.0724
  0.0690  0.0707  0.0689  0.0678  0.0694  0.0694
  0.0647  0.0661  0.0673  0.0657  0.0664  0.0665
  0.0658  0.0655  0.0656  0.0657  0.0657  0.0657
  0.0682  0.0672  0.0676  0.0668  0.0672  0.0667
  0.0701  0.0701  0.0701  0.0688  0.0696  0.0688
  0.0748  0.0738  0.0703  0.0721  0.0721  0.0717
niter,ni,del,rscale     4    3   12.0000    1.2000
parameters
   -6.9240  -13.1786    3.1943   -9.5308    6.9042   -5.0450
eta,q 0.93428 12.65271
  0.0754  0.0765  0.0707  0.0722  0.0725  0.0723
  0.0696  0.0698  0.0690  0.0680  0.0693  0.0692
  0.0650  0.0659  0.0674  0.0658  0.0664  0.0664
  0.0657  0.0657  0.0657  0.0657  0.0657  0.0657
  0.0682  0.0676  0.0673  0.0667  0.0673  0.0668
  0.0701  0.0706  0.0701  0.0687  0.0697  0.0689
  0.0742  0.0742  0.0702  0.0719  0.0722  0.0719
niter,ni,del,rscale     3    3   12.0000    1.2000
parameters
   -6.9212  -13.1301    3.1759   -9.5656    6.8836   -5.0204
eta,q 0.93425 12.65468
  0.0754  0.0762  0.0708  0.0723  0.0726  0.0722
  0.0697  0.0695  0.0691  0.0681  0.0694  0.0692
  0.0652  0.0659  0.0675  0.0659  0.0664  0.0663
  0.0657  0.0657  0.0657  0.0658  0.0657  0.0657
  0.0682  0.0678  0.0672  0.0667  0.0673  0.0669
  0.0701  0.0707  0.0701  0.0687  0.0697  0.0690
  0.0741  0.0743  0.0703  0.0719  0.0721  0.0720
registration optimization eta report
parameter search radius
    6.0000    6.9000    6.0000    6.9000    6.9000    6.9000
100000*second partial in parameter space
       25.       20.       11.       14.       13.       13.
  0.0754  0.0762  0.0708  0.0723  0.0726  0.0722
  0.0697  0.0695  0.0691  0.0681  0.0694  0.0692
  0.0652  0.0659  0.0675  0.0659  0.0664  0.0663
  0.0657  0.0657  0.0657  0.0658  0.0657  0.0657
  0.0682  0.0678  0.0672  0.0667  0.0673  0.0669
  0.0701  0.0707  0.0701  0.0687  0.0697  0.0690
  0.0741  0.0743  0.0703  0.0719  0.0721  0.0720
   -6.9212  -13.1301    3.1759   -9.5656    6.8836   -5.0204
eta,q 0.93425 12.65468

---------------------------------------------------------------------
imgreg_4dfp /opt/freesurfer/average/711-2C_as_mni_average_305 /opt/freesurfer/average/711-2B_as_mni_average_305_mask talsrcimg_g11 none talsrcimg_to_711-2C_as_mni_average_305_t4 3335
---------------------------------------------------------------------

freesurfer imgreg_4dfp.c
/opt/freesurfer/average/711-2C_as_mni_average_305.4dfp.img
       256       256       256         1
  1.000000  1.000000  1.000000
orientation T byte_order littleendian
Reading image: /opt/freesurfer/average/711-2C_as_mni_average_305.4dfp.img
dimensions:      256       256       256
mmppix:       1.0000   -1.0000   -1.0000
center:     128.0000 -129.0000 -129.0000
/opt/freesurfer/average/711-2B_as_mni_average_305_mask.4dfp.img
       256       256       256         1
  1.000000  1.000000  1.000000
orientation T byte_order littleendian
Reading mask: /opt/freesurfer/average/711-2B_as_mni_average_305_mask.4dfp.img (2306576 pixels)
talsrcimg_g11.4dfp.img
       256       256       256         1
  1.000000  1.000000  1.000000
orientation T byte_order littleendian
Reading image: talsrcimg_g11.4dfp.img
dimensions:      256       256       256
mmppix:       1.0000   -1.0000   -1.0000
center:     128.0000 -129.0000 -129.0000
fimgreg.f
image alignment mode   3335 decimal      D07 hex
parameters
   -6.9212  -13.1301    3.1759   -1.1017   -1.9430   -2.1012
   10.6133  -10.3191   -8.6879   17.5881   11.9853  -16.4978
eta,q 0.93373 12.73626
niter,ni,del,rscale     5    3    5.0000    1.2000
parameter  4  4.432899 ->  0.500000 qaram    1.1500
parameter  5  3.022091 ->  0.500000 qaram    1.1500
parameter  6 14.969669 ->  0.500000 qaram    1.1500
parameter  9 -0.645635 -> -0.500000 qaram    1.1500
parameter 10  0.523037 ->  0.500000 qaram    1.1500
parameter 11  1.084377 ->  0.500000 qaram    1.1500
parameter 12 -1.314601 -> -0.500000 qaram    1.1500
parameters
   -6.4277  -13.6224    2.9852   -5.2417   -6.0830   -6.2412
    7.2961  -10.4261   -4.5479   13.4481    7.8453  -12.3578
eta,q 0.95391 12.11784
  0.0680  0.0671  0.0664  0.0585  0.0527  0.0463  0.0497  0.0534  0.0522  0.0485  0.0471  0.0500
  0.0671  0.0665  0.0662  0.0601  0.0551  0.0486  0.0493  0.0508  0.0510  0.0481  0.0471  0.0491
  0.0666  0.0662  0.0662  0.0628  0.0578  0.0526  0.0492  0.0493  0.0499  0.0481  0.0475  0.0481
  0.0663  0.0662  0.0662  0.0661  0.0607  0.0559  0.0496  0.0492  0.0492  0.0486  0.0481  0.0472
  0.0662  0.0666  0.0662  0.0695  0.0642  0.0590  0.0504  0.0500  0.0487  0.0498  0.0489  0.0464
  0.0664  0.0674  0.0663  0.0727  0.0680  0.0624  0.0517  0.0514  0.0486  0.0515  0.0497  0.0460
  0.0670  0.0684  0.0664  0.0757  0.0721  0.0660  0.0533  0.0532  0.0488  0.0537  0.0507  0.0460
niter,ni,del,rscale     7    3    5.0000    1.2000
parameter  4  0.674753 ->  0.500000 qaram    1.3225
parameter  5  3.721801 ->  0.500000 qaram    1.3225
parameter  6  1.386268 ->  0.500000 qaram    1.3225
parameter 12  0.513484 ->  0.500000 qaram    1.3225
parameters
   -6.0766  -14.6882    2.0797  -10.0027  -10.8440  -11.0022
    5.7125  -10.7069   -4.9548    9.7665    6.1275  -17.1188
eta,q 0.96672 11.63762
  0.0499  0.0461  0.0463  0.0440  0.0357  0.0335  0.0355  0.0377  0.0365  0.0347  0.0345  0.0336
  0.0481  0.0458  0.0457  0.0438  0.0384  0.0341  0.0348  0.0357  0.0353  0.0339  0.0339  0.0333
  0.0468  0.0458  0.0455  0.0441  0.0409  0.0358  0.0344  0.0346  0.0345  0.0337  0.0337  0.0333
  0.0461  0.0460  0.0458  0.0455  0.0438  0.0391  0.0344  0.0344  0.0343  0.0343  0.0337  0.0336
  0.0461  0.0465  0.0466  0.0487  0.0467  0.0445  0.0350  0.0349  0.0347  0.0357  0.0340  0.0342
  0.0469  0.0474  0.0476  0.0529  0.0502  0.0491  0.0359  0.0362  0.0356  0.0376  0.0347  0.0350
  0.0482  0.0487  0.0487  0.0575  0.0542  0.0530  0.0371  0.0381  0.0370  0.0401  0.0356  0.0360
niter,ni,del,rscale     7    3    5.0000    1.2000
parameter  2  0.628833 ->  0.500000 qaram    1.1500
parameter  3  1.159235 ->  0.500000 qaram    1.1500
parameter  5  1.265620 ->  0.500000 qaram    1.5209
parameters
   -6.0137  -16.0682    0.6997   -9.2544  -16.3191  -14.3429
    6.3705  -10.4148   -4.9150   11.7677    8.5780  -16.8257
eta,q 0.97401 11.49105
  0.0360  0.0328  0.0306  0.0355  0.0255  0.0284  0.0290  0.0297  0.0293  0.0324  0.0275  0.0283
  0.0345  0.0326  0.0306  0.0337  0.0255  0.0272  0.0278  0.0278  0.0278  0.0297  0.0269  0.0271
  0.0336  0.0328  0.0314  0.0321  0.0273  0.0265  0.0270  0.0268  0.0268  0.0277  0.0264  0.0263
  0.0333  0.0333  0.0326  0.0308  0.0305  0.0258  0.0265  0.0264  0.0265  0.0265  0.0261  0.0260
  0.0335  0.0342  0.0342  0.0301  0.0342  0.0286  0.0266  0.0267  0.0268  0.0261  0.0260  0.0262
  0.0344  0.0355  0.0360  0.0315  0.0382  0.0348  0.0272  0.0276  0.0277  0.0268  0.0261  0.0269
  0.0357  0.0372  0.0379  0.0353  0.0424  0.0408  0.0283  0.0291  0.0292  0.0287  0.0265  0.0281
niter,ni,del,rscale     7    3    5.0000    1.2000
parameters
   -6.1507  -15.5385   -0.5114   -7.4172  -19.9850  -15.6366
    6.7534  -10.4023   -5.2539   12.7807    8.7472  -18.9577
eta,q 0.97533 11.35198
  0.0284  0.0312  0.0260  0.0304  0.0272  0.0281  0.0272  0.0279  0.0271  0.0289  0.0257  0.0258
  0.0270  0.0287  0.0256  0.0286  0.0255  0.0264  0.0260  0.0262  0.0258  0.0269  0.0252  0.0250
  0.0262  0.0269  0.0255  0.0270  0.0244  0.0253  0.0252  0.0252  0.0251  0.0255  0.0249  0.0247
  0.0260  0.0260  0.0258  0.0255  0.0248  0.0244  0.0249  0.0248  0.0248  0.0248  0.0248  0.0248
  0.0264  0.0259  0.0265  0.0245  0.0275  0.0240  0.0250  0.0251  0.0252  0.0249  0.0248  0.0253
  0.0274  0.0267  0.0276  0.0254  0.0312  0.0274  0.0257  0.0261  0.0261  0.0257  0.0251  0.0262
  0.0290  0.0283  0.0291  0.0285  0.0354  0.0334  0.0268  0.0279  0.0275  0.0273  0.0257  0.0273
niter,ni,del,rscale     6    3    5.0000    1.2000
parameters
   -6.0287  -14.9189   -1.2497   -7.1565  -20.7956  -16.3999
    7.2642  -10.3076   -5.3120   14.2012    8.1257  -20.3646
eta,q 0.97552 11.30860
  0.0279  0.0291  0.0252  0.0288  0.0289  0.0283  0.0270  0.0278  0.0269  0.0285  0.0253  0.0259
  0.0262  0.0270  0.0246  0.0273  0.0269  0.0264  0.0258  0.0260  0.0257  0.0266  0.0249  0.0250
  0.0251  0.0254  0.0244  0.0258  0.0253  0.0252  0.0250  0.0250  0.0249  0.0253  0.0246  0.0245
  0.0247  0.0247  0.0245  0.0244  0.0243  0.0245  0.0246  0.0246  0.0246  0.0246  0.0245  0.0246
  0.0249  0.0246  0.0249  0.0240  0.0249  0.0238  0.0248  0.0249  0.0249  0.0246  0.0246  0.0250
  0.0258  0.0252  0.0256  0.0258  0.0277  0.0262  0.0254  0.0259  0.0257  0.0253  0.0250  0.0258
  0.0273  0.0263  0.0266  0.0295  0.0311  0.0318  0.0265  0.0276  0.0270  0.0266  0.0257  0.0269
niter,ni,del,rscale     5    3    5.0000    1.2000
parameters
   -5.9175  -14.5088   -1.6998   -7.1301  -21.4079  -16.9210
    7.6203  -10.2174   -5.1875   15.3356    7.8345  -21.1102
eta,q 0.97549 11.27029
  0.0276  0.0282  0.0254  0.0285  0.0289  0.0284  0.0268  0.0278  0.0268  0.0281  0.0254  0.0261
  0.0260  0.0263  0.0247  0.0270  0.0269  0.0264  0.0257  0.0259  0.0256  0.0263  0.0249  0.0252
  0.0249  0.0251  0.0244  0.0257  0.0253  0.0251  0.0249  0.0249  0.0249  0.0251  0.0246  0.0246
  0.0245  0.0245  0.0244  0.0244  0.0244  0.0245  0.0246  0.0246  0.0246  0.0246  0.0245  0.0245
  0.0247  0.0245  0.0248  0.0241  0.0248  0.0238  0.0247  0.0249  0.0248  0.0246  0.0246  0.0249
  0.0256  0.0252  0.0254  0.0260  0.0273  0.0259  0.0254  0.0258  0.0255  0.0253  0.0249  0.0257
  0.0271  0.0264  0.0262  0.0297  0.0307  0.0311  0.0265  0.0275  0.0267  0.0266  0.0256  0.0266
niter,ni,del,rscale     4    3    5.0000    1.2000
parameters
   -5.8652  -14.1536   -1.9683   -7.2119  -22.0260  -17.3170
    7.8140  -10.1844   -5.1089   16.2752    7.8656  -21.5273
eta,q 0.97539 11.22923
  0.0274  0.0279  0.0256  0.0283  0.0288  0.0284  0.0267  0.0277  0.0268  0.0279  0.0255  0.0263
  0.0259  0.0261  0.0249  0.0270  0.0269  0.0266  0.0257  0.0259  0.0257  0.0262  0.0251  0.0254
  0.0249  0.0250  0.0245  0.0257  0.0254  0.0253  0.0250  0.0249  0.0249  0.0252  0.0248  0.0248
  0.0245  0.0245  0.0245  0.0245  0.0245  0.0246  0.0247  0.0247  0.0247  0.0247  0.0246  0.0246
  0.0248  0.0246  0.0248  0.0241  0.0248  0.0239  0.0248  0.0250  0.0249  0.0247  0.0247  0.0250
  0.0257  0.0253  0.0253  0.0260  0.0273  0.0258  0.0255  0.0259  0.0256  0.0254  0.0250  0.0256
  0.0272  0.0265  0.0262  0.0297  0.0306  0.0308  0.0266  0.0276  0.0268  0.0267  0.0255  0.0265
niter,ni,del,rscale     3    3    5.0000    1.2000
parameters
   -5.8388  -13.8301   -2.1625   -7.3192  -22.6278  -17.6692
    7.9384  -10.1633   -5.1369   17.0782    8.0376  -21.7831
eta,q 0.97527 11.18798
  0.0273  0.0278  0.0258  0.0283  0.0288  0.0284  0.0267  0.0277  0.0269  0.0278  0.0256  0.0264
  0.0259  0.0261  0.0251  0.0269  0.0270  0.0266  0.0257  0.0259  0.0258  0.0263  0.0252  0.0255
  0.0250  0.0251  0.0247  0.0258  0.0255  0.0254  0.0251  0.0250  0.0250  0.0253  0.0249  0.0249
  0.0246  0.0246  0.0246  0.0246  0.0246  0.0247  0.0248  0.0248  0.0248  0.0248  0.0247  0.0247
  0.0249  0.0247  0.0248  0.0242  0.0248  0.0241  0.0250  0.0251  0.0250  0.0248  0.0248  0.0250
  0.0257  0.0254  0.0254  0.0260  0.0273  0.0258  0.0256  0.0260  0.0258  0.0255  0.0250  0.0257
  0.0272  0.0265  0.0262  0.0297  0.0305  0.0306  0.0266  0.0276  0.0269  0.0269  0.0256  0.0265
niter,ni,del,rscale     2    3    5.0000    1.2000
parameters
   -5.8217  -13.5417   -2.3175   -7.4275  -23.1899  -17.9720
    8.0476  -10.1173   -5.2378   17.7460    8.2887  -21.9886
eta,q 0.97516 11.14938
  0.0273  0.0277  0.0260  0.0282  0.0288  0.0285  0.0267  0.0277  0.0270  0.0278  0.0257  0.0265
  0.0259  0.0262  0.0253  0.0269  0.0270  0.0267  0.0258  0.0260  0.0259  0.0264  0.0253  0.0256
  0.0251  0.0252  0.0248  0.0258  0.0256  0.0255  0.0252  0.0251  0.0251  0.0254  0.0250  0.0250
  0.0247  0.0247  0.0247  0.0247  0.0248  0.0248  0.0249  0.0249  0.0249  0.0249  0.0248  0.0248
  0.0250  0.0249  0.0249  0.0243  0.0249  0.0242  0.0251  0.0252  0.0252  0.0249  0.0249  0.0251
  0.0258  0.0255  0.0255  0.0260  0.0272  0.0257  0.0257  0.0260  0.0259  0.0256  0.0251  0.0257
  0.0273  0.0267  0.0263  0.0296  0.0304  0.0305  0.0267  0.0275  0.0271  0.0271  0.0257  0.0266
niter,ni,del,rscale     1    3    5.0000    1.2000
parameters
   -5.7986  -13.3012   -2.4461   -7.5270  -23.6676  -18.2294
    8.1271  -10.0657   -5.3763   18.2837    8.5131  -22.1640
eta,q 0.97506 11.11605
  0.0273  0.0277  0.0261  0.0282  0.0288  0.0285  0.0267  0.0277  0.0270  0.0279  0.0257  0.0265
  0.0260  0.0262  0.0254  0.0269  0.0271  0.0268  0.0259  0.0261  0.0260  0.0264  0.0254  0.0257
  0.0252  0.0252  0.0250  0.0259  0.0257  0.0256  0.0252  0.0252  0.0252  0.0255  0.0251  0.0251
  0.0248  0.0248  0.0248  0.0248  0.0249  0.0249  0.0250  0.0250  0.0250  0.0250  0.0249  0.0249
  0.0251  0.0250  0.0250  0.0244  0.0249  0.0243  0.0252  0.0252  0.0253  0.0251  0.0250  0.0252
  0.0259  0.0257  0.0256  0.0261  0.0271  0.0257  0.0258  0.0260  0.0260  0.0258  0.0252  0.0258
  0.0273  0.0268  0.0264  0.0295  0.0304  0.0304  0.0267  0.0276  0.0272  0.0274  0.0257  0.0266
registration optimization eta report
parameter search radius
    2.4000    2.7600    2.7600    9.5220   10.9503    9.5220
    7.2000    7.2000    8.2800    8.2800    8.2800    9.5220
100000*second partial in parameter space
       42.       32.       18.        5.        4.        5.
        3.        5.        3.        4.        1.        2.
  0.0273  0.0277  0.0261  0.0282  0.0288  0.0285  0.0267  0.0277  0.0270  0.0279  0.0257  0.0265
  0.0260  0.0262  0.0254  0.0269  0.0271  0.0268  0.0259  0.0261  0.0260  0.0264  0.0254  0.0257
  0.0252  0.0252  0.0250  0.0259  0.0257  0.0256  0.0252  0.0252  0.0252  0.0255  0.0251  0.0251
  0.0248  0.0248  0.0248  0.0248  0.0249  0.0249  0.0250  0.0250  0.0250  0.0250  0.0249  0.0249
  0.0251  0.0250  0.0250  0.0244  0.0249  0.0243  0.0252  0.0252  0.0253  0.0251  0.0250  0.0252
  0.0259  0.0257  0.0256  0.0261  0.0271  0.0257  0.0258  0.0260  0.0260  0.0258  0.0252  0.0258
  0.0273  0.0268  0.0264  0.0295  0.0304  0.0304  0.0267  0.0276  0.0272  0.0274  0.0257  0.0266
   -5.7986  -13.3012   -2.4461   -7.5270  -23.6676  -18.2294
    8.1271  -10.0657   -5.3763   18.2837    8.5131  -22.1640
eta,q 0.97506 11.11605

---------------------------------------------------------------------
imgreg_4dfp /opt/freesurfer/average/711-2C_as_mni_average_305 /opt/freesurfer/average/711-2B_as_mni_average_305_mask talsrcimg_g11 none talsrcimg_to_711-2C_as_mni_average_305_t4 2311
---------------------------------------------------------------------

freesurfer imgreg_4dfp.c
/opt/freesurfer/average/711-2C_as_mni_average_305.4dfp.img
       256       256       256         1
  1.000000  1.000000  1.000000
orientation T byte_order littleendian
Reading image: /opt/freesurfer/average/711-2C_as_mni_average_305.4dfp.img
dimensions:      256       256       256
mmppix:       1.0000   -1.0000   -1.0000
center:     128.0000 -129.0000 -129.0000
/opt/freesurfer/average/711-2B_as_mni_average_305_mask.4dfp.img
       256       256       256         1
  1.000000  1.000000  1.000000
orientation T byte_order littleendian
Reading mask: /opt/freesurfer/average/711-2B_as_mni_average_305_mask.4dfp.img (2306576 pixels)
talsrcimg_g11.4dfp.img
       256       256       256         1
  1.000000  1.000000  1.000000
orientation T byte_order littleendian
Reading image: talsrcimg_g11.4dfp.img
dimensions:      256       256       256
mmppix:       1.0000   -1.0000   -1.0000
center:     128.0000 -129.0000 -129.0000
fimgreg.f
image alignment mode   2311 decimal      907 hex
parameters
   -5.7986  -13.3012   -2.4461   -7.5270  -23.6676  -18.2294
    8.1271  -10.0657   -5.3763   18.2837    8.5131  -22.1640
eta,q 0.97506 11.11605
niter,ni,del,rscale     5    3    5.0000    0.8000
parameter  4 -0.515159 -> -0.500000 qaram    1.1500
parameter  6 -0.604528 -> -0.500000 qaram    1.1500
parameters
   -5.7468  -13.1595   -2.5170   -4.7670  -22.4658  -15.4694
    7.4799  -10.2847   -5.6004   18.3515    7.3885  -22.6761
eta,q 0.97630 11.38960
  0.0260  0.0259  0.0254  0.0265  0.0257  0.0258  0.0246  0.0261  0.0246  0.0248  0.0242  0.0241
  0.0255  0.0254  0.0251  0.0260  0.0252  0.0252  0.0241  0.0247  0.0241  0.0243  0.0239  0.0239
  0.0251  0.0251  0.0250  0.0255  0.0248  0.0247  0.0238  0.0239  0.0238  0.0239  0.0237  0.0237
  0.0249  0.0249  0.0249  0.0249  0.0245  0.0243  0.0238  0.0238  0.0238  0.0238  0.0237  0.0237
  0.0250  0.0250  0.0250  0.0245  0.0243  0.0240  0.0240  0.0242  0.0239  0.0238  0.0240  0.0238
  0.0253  0.0252  0.0252  0.0245  0.0245  0.0238  0.0245  0.0251  0.0242  0.0241  0.0244  0.0240
  0.0259  0.0256  0.0255  0.0250  0.0250  0.0243  0.0252  0.0264  0.0247  0.0249  0.0250  0.0244
niter,ni,del,rscale     6    3    5.0000    0.9000
parameters
   -5.8093  -13.4076   -2.2148   -6.0250  -22.1773  -16.5284
    7.7611  -10.0694   -5.1763   18.0716    7.5704  -22.4928
eta,q 0.97603 11.33371
  0.0257  0.0245  0.0251  0.0256  0.0251  0.0254  0.0254  0.0265  0.0252  0.0250  0.0246  0.0247
  0.0246  0.0240  0.0244  0.0248  0.0245  0.0248  0.0246  0.0250  0.0246  0.0244  0.0243  0.0243
  0.0239  0.0237  0.0239  0.0239  0.0240  0.0243  0.0242  0.0242  0.0242  0.0241  0.0241  0.0241
  0.0237  0.0237  0.0237  0.0237  0.0237  0.0237  0.0240  0.0240  0.0240  0.0240  0.0240  0.0240
  0.0240  0.0239  0.0237  0.0245  0.0236  0.0237  0.0241  0.0242  0.0240  0.0241  0.0240  0.0240
  0.0248  0.0244  0.0239  0.0263  0.0240  0.0255  0.0245  0.0249  0.0243  0.0245  0.0242  0.0242
  0.0259  0.0252  0.0244  0.0288  0.0251  0.0289  0.0251  0.0260  0.0249  0.0254  0.0246  0.0246
niter,ni,del,rscale     5    3    5.0000    0.8000
parameters
   -5.8077  -13.4797   -2.4496   -5.9303  -21.9507  -16.5806
    7.7135  -10.1552   -5.1771   18.0184    7.6657  -22.6670
eta,q 0.97607 11.34978
  0.0254  0.0248  0.0244  0.0260  0.0251  0.0255  0.0249  0.0257  0.0248  0.0248  0.0245  0.0244
  0.0246  0.0243  0.0241  0.0253  0.0246  0.0249  0.0244  0.0246  0.0243  0.0243  0.0242  0.0241
  0.0241  0.0240  0.0240  0.0246  0.0242  0.0244  0.0241  0.0241  0.0240  0.0241  0.0240  0.0240
  0.0240  0.0240  0.0240  0.0240  0.0239  0.0239  0.0239  0.0239  0.0239  0.0239  0.0239  0.0239
  0.0241  0.0241  0.0241  0.0240  0.0239  0.0236  0.0241  0.0242  0.0240  0.0240  0.0240  0.0240
  0.0246  0.0244  0.0244  0.0248  0.0242  0.0242  0.0244  0.0248  0.0243  0.0243  0.0241  0.0242
  0.0254  0.0249  0.0247  0.0263  0.0251  0.0263  0.0250  0.0258  0.0248  0.0249  0.0244  0.0245
niter,ni,del,rscale     4    3    5.0000    0.7000
parameters
   -5.8038  -13.4995   -2.4972   -5.7169  -21.7829  -16.2910
    7.6730  -10.2129   -5.1995   18.0037    7.6017  -22.7328
eta,q 0.97619 11.37764
  0.0251  0.0246  0.0244  0.0257  0.0248  0.0252  0.0246  0.0253  0.0245  0.0245  0.0242  0.0242
  0.0244  0.0242  0.0241  0.0251  0.0244  0.0247  0.0242  0.0244  0.0241  0.0241  0.0240  0.0240
  0.0241  0.0240  0.0240  0.0244  0.0241  0.0243  0.0239  0.0239  0.0239  0.0239  0.0239  0.0238
  0.0239  0.0239  0.0239  0.0239  0.0239  0.0239  0.0238  0.0238  0.0238  0.0238  0.0238  0.0238
  0.0241  0.0240  0.0240  0.0239  0.0239  0.0235  0.0239  0.0240  0.0239  0.0238  0.0238  0.0239
  0.0244  0.0243  0.0242  0.0246  0.0242  0.0239  0.0242  0.0245  0.0241  0.0241  0.0240  0.0240
  0.0250  0.0246  0.0244  0.0258  0.0248  0.0254  0.0246  0.0253  0.0245  0.0245  0.0243  0.0242
niter,ni,del,rscale     3    3    5.0000    0.6000
parameters
   -5.8106  -13.5316   -2.4662   -5.5538  -21.5968  -15.9202
    7.6310  -10.2646   -5.1550   17.8889    7.4826  -22.7396
eta,q 0.97632 11.40381
  0.0247  0.0243  0.0242  0.0253  0.0245  0.0249  0.0243  0.0249  0.0242  0.0242  0.0240  0.0240
  0.0242  0.0240  0.0240  0.0247  0.0242  0.0245  0.0239  0.0242  0.0239  0.0239  0.0238  0.0238
  0.0239  0.0239  0.0239  0.0242  0.0239  0.0242  0.0237  0.0238  0.0237  0.0237  0.0237  0.0237
  0.0238  0.0238  0.0238  0.0238  0.0238  0.0238  0.0237  0.0237  0.0237  0.0237  0.0237  0.0237
  0.0239  0.0239  0.0238  0.0238  0.0238  0.0235  0.0237  0.0238  0.0237  0.0237  0.0237  0.0237
  0.0242  0.0241  0.0240  0.0244  0.0240  0.0238  0.0240  0.0243  0.0239  0.0239  0.0239  0.0238
  0.0247  0.0243  0.0242  0.0253  0.0244  0.0249  0.0243  0.0249  0.0242  0.0243  0.0241  0.0240
niter,ni,del,rscale     2    3    5.0000    0.5000
parameters
   -5.8279  -13.5994   -2.3782   -5.4452  -21.3587  -15.4694
    7.5501  -10.3264   -5.0961   17.6563    7.3461  -22.6009
eta,q 0.97646 11.43012
  0.0243  0.0240  0.0240  0.0249  0.0242  0.0246  0.0240  0.0245  0.0239  0.0239  0.0238  0.0238
  0.0239  0.0238  0.0238  0.0244  0.0239  0.0243  0.0237  0.0239  0.0237  0.0237  0.0237  0.0236
  0.0237  0.0237  0.0237  0.0239  0.0238  0.0240  0.0236  0.0236  0.0236  0.0236  0.0236  0.0236
  0.0237  0.0237  0.0237  0.0237  0.0237  0.0237  0.0235  0.0235  0.0235  0.0235  0.0235  0.0235
  0.0238  0.0237  0.0237  0.0237  0.0237  0.0234  0.0236  0.0237  0.0236  0.0236  0.0236  0.0236
  0.0240  0.0239  0.0238  0.0241  0.0238  0.0237  0.0237  0.0240  0.0237  0.0237  0.0237  0.0236
  0.0243  0.0241  0.0239  0.0249  0.0241  0.0245  0.0240  0.0245  0.0239  0.0240  0.0239  0.0237
niter,ni,del,rscale     1    3    5.0000    0.4000
parameters
   -5.8477  -13.7064   -2.2289   -5.3737  -21.0745  -14.9526
    7.4487  -10.3776   -5.0200   17.2636    7.2090  -22.3780
eta,q 0.97661 11.45543
  0.0239  0.0237  0.0238  0.0244  0.0239  0.0243  0.0237  0.0240  0.0236  0.0236  0.0236  0.0236
  0.0237  0.0236  0.0237  0.0240  0.0237  0.0241  0.0235  0.0237  0.0235  0.0235  0.0235  0.0235
  0.0236  0.0235  0.0236  0.0237  0.0236  0.0238  0.0234  0.0235  0.0234  0.0234  0.0234  0.0234
  0.0235  0.0235  0.0235  0.0235  0.0235  0.0235  0.0234  0.0234  0.0234  0.0234  0.0234  0.0234
  0.0236  0.0236  0.0235  0.0236  0.0235  0.0234  0.0234  0.0235  0.0234  0.0235  0.0234  0.0234
  0.0237  0.0237  0.0236  0.0239  0.0236  0.0235  0.0235  0.0237  0.0235  0.0236  0.0235  0.0235
  0.0240  0.0238  0.0237  0.0244  0.0238  0.0240  0.0237  0.0241  0.0236  0.0238  0.0236  0.0235
registration optimization eta report
parameter search radius
    0.8000    0.8000    0.8000    2.7600    2.4000    2.7600
    2.4000    2.4000    2.4000    2.4000    2.4000    2.4000
100000*second partial in parameter space
       65.       37.       33.       11.        6.        9.
        5.       12.        4.        5.        4.        3.
  0.0239  0.0237  0.0238  0.0244  0.0239  0.0243  0.0237  0.0240  0.0236  0.0236  0.0236  0.0236
  0.0237  0.0236  0.0237  0.0240  0.0237  0.0241  0.0235  0.0237  0.0235  0.0235  0.0235  0.0235
  0.0236  0.0235  0.0236  0.0237  0.0236  0.0238  0.0234  0.0235  0.0234  0.0234  0.0234  0.0234
  0.0235  0.0235  0.0235  0.0235  0.0235  0.0235  0.0234  0.0234  0.0234  0.0234  0.0234  0.0234
  0.0236  0.0236  0.0235  0.0236  0.0235  0.0234  0.0234  0.0235  0.0234  0.0235  0.0234  0.0234
  0.0237  0.0237  0.0236  0.0239  0.0236  0.0235  0.0235  0.0237  0.0235  0.0236  0.0235  0.0235
  0.0240  0.0238  0.0237  0.0244  0.0238  0.0240  0.0237  0.0241  0.0236  0.0238  0.0236  0.0235
   -5.8477  -13.7064   -2.2289   -5.3737  -21.0745  -14.9526
    7.4487  -10.3776   -5.0200   17.2636    7.2090  -22.3780
eta,q 0.97661 11.45543

---------------------------------------------------------------------
imgreg_4dfp /opt/freesurfer/average/711-2C_as_mni_average_305 /opt/freesurfer/average/711-2B_as_mni_average_305_mask talsrcimg_g11 none talsrcimg_to_711-2C_as_mni_average_305_t4 2311
---------------------------------------------------------------------

freesurfer imgreg_4dfp.c
/opt/freesurfer/average/711-2C_as_mni_average_305.4dfp.img
       256       256       256         1
  1.000000  1.000000  1.000000
orientation T byte_order littleendian
Reading image: /opt/freesurfer/average/711-2C_as_mni_average_305.4dfp.img
dimensions:      256       256       256
mmppix:       1.0000   -1.0000   -1.0000
center:     128.0000 -129.0000 -129.0000
/opt/freesurfer/average/711-2B_as_mni_average_305_mask.4dfp.img
       256       256       256         1
  1.000000  1.000000  1.000000
orientation T byte_order littleendian
Reading mask: /opt/freesurfer/average/711-2B_as_mni_average_305_mask.4dfp.img (2306576 pixels)
talsrcimg_g11.4dfp.img
       256       256       256         1
  1.000000  1.000000  1.000000
orientation T byte_order littleendian
Reading image: talsrcimg_g11.4dfp.img
dimensions:      256       256       256
mmppix:       1.0000   -1.0000   -1.0000
center:     128.0000 -129.0000 -129.0000
fimgreg.f
image alignment mode   2311 decimal      907 hex
parameters
   -5.8477  -13.7064   -2.2289   -5.3737  -21.0745  -14.9526
    7.4487  -10.3776   -5.0200   17.2636    7.2090  -22.3780
eta,q 0.97661 11.45543
niter,ni,del,rscale     5    3    5.0000    0.8000
parameters
   -5.8685  -13.8700   -1.9588   -5.8006  -21.3560  -15.4976
    7.5265  -10.2724   -4.9335   16.9318    7.1424  -22.1221
eta,q 0.97642 11.40849
  0.0251  0.0242  0.0246  0.0251  0.0245  0.0248  0.0247  0.0258  0.0244  0.0244  0.0242  0.0242
  0.0241  0.0237  0.0240  0.0244  0.0240  0.0244  0.0241  0.0245  0.0240  0.0239  0.0239  0.0239
  0.0236  0.0234  0.0236  0.0237  0.0236  0.0239  0.0237  0.0238  0.0237  0.0237  0.0237  0.0237
  0.0234  0.0234  0.0234  0.0234  0.0234  0.0234  0.0236  0.0236  0.0236  0.0236  0.0236  0.0236
  0.0236  0.0236  0.0234  0.0237  0.0235  0.0234  0.0237  0.0238  0.0237  0.0237  0.0237  0.0236
  0.0242  0.0240  0.0236  0.0247  0.0240  0.0245  0.0240  0.0245  0.0239  0.0241  0.0239  0.0238
  0.0251  0.0246  0.0240  0.0262  0.0251  0.0266  0.0246  0.0255  0.0244  0.0247  0.0242  0.0241
niter,ni,del,rscale     4    3    5.0000    0.7000
parameters
   -5.8532  -13.9128   -2.1069   -5.5641  -21.1111  -15.4271
    7.4368  -10.2558   -4.9378   16.8088    7.1004  -22.2019
eta,q 0.97649 11.42823
  0.0248  0.0243  0.0240  0.0252  0.0246  0.0247  0.0243  0.0253  0.0242  0.0242  0.0240  0.0240
  0.0241  0.0239  0.0237  0.0246  0.0241  0.0243  0.0239  0.0242  0.0238  0.0238  0.0237  0.0237
  0.0237  0.0237  0.0236  0.0240  0.0238  0.0240  0.0236  0.0236  0.0236  0.0236  0.0236  0.0235
  0.0236  0.0236  0.0236  0.0236  0.0235  0.0235  0.0235  0.0235  0.0235  0.0235  0.0235  0.0235
  0.0237  0.0237  0.0237  0.0236  0.0235  0.0233  0.0236  0.0237  0.0236  0.0236  0.0236  0.0236
  0.0241  0.0239  0.0239  0.0241  0.0238  0.0238  0.0239  0.0243  0.0238  0.0238  0.0237  0.0237
  0.0248  0.0243  0.0242  0.0251  0.0245  0.0252  0.0244  0.0252  0.0242  0.0243  0.0240  0.0240
niter,ni,del,rscale     3    3    5.0000    0.6000
parameters
   -5.8499  -13.9631   -2.1099   -5.4324  -20.9019  -15.1449
    7.3690  -10.2743   -4.9218   16.6572    7.0362  -22.1404
eta,q 0.97660 11.44895
  0.0244  0.0240  0.0239  0.0248  0.0243  0.0245  0.0240  0.0248  0.0239  0.0239  0.0238  0.0238
  0.0239  0.0237  0.0237  0.0243  0.0239  0.0242  0.0237  0.0240  0.0236  0.0236  0.0236  0.0236
  0.0236  0.0236  0.0235  0.0238  0.0237  0.0238  0.0235  0.0235  0.0235  0.0235  0.0234  0.0234
  0.0235  0.0235  0.0235  0.0235  0.0235  0.0235  0.0234  0.0234  0.0234  0.0234  0.0234  0.0234
  0.0236  0.0236  0.0236  0.0236  0.0235  0.0233  0.0235  0.0236  0.0235  0.0235  0.0235  0.0234
  0.0239  0.0238  0.0237  0.0240  0.0237  0.0236  0.0237  0.0240  0.0236  0.0237  0.0236  0.0236
  0.0244  0.0241  0.0239  0.0248  0.0242  0.0246  0.0241  0.0248  0.0239  0.0240  0.0238  0.0237
niter,ni,del,rscale     2    3    5.0000    0.5000
parameters
   -5.8594  -14.0353   -2.0199   -5.3634  -20.6673  -14.7375
    7.2944  -10.3170   -4.9074   16.4213    6.9736  -21.9570
eta,q 0.97673 11.47106
  0.0241  0.0237  0.0238  0.0244  0.0240  0.0243  0.0237  0.0243  0.0236  0.0236  0.0236  0.0236
  0.0237  0.0235  0.0236  0.0240  0.0237  0.0240  0.0235  0.0237  0.0234  0.0234  0.0234  0.0234
  0.0235  0.0234  0.0234  0.0236  0.0235  0.0237  0.0233  0.0234  0.0233  0.0233  0.0233  0.0233
  0.0234  0.0234  0.0234  0.0234  0.0234  0.0234  0.0233  0.0233  0.0233  0.0233  0.0233  0.0233
  0.0235  0.0235  0.0234  0.0235  0.0234  0.0232  0.0233  0.0234  0.0233  0.0233  0.0233  0.0233
  0.0237  0.0236  0.0235  0.0238  0.0235  0.0234  0.0235  0.0238  0.0234  0.0235  0.0234  0.0234
  0.0241  0.0238  0.0237  0.0244  0.0239  0.0241  0.0238  0.0243  0.0236  0.0238  0.0236  0.0235
niter,ni,del,rscale     1    3    5.0000    0.4000
parameters
   -5.8764  -14.1390   -1.8570   -5.3464  -20.4195  -14.2818
    7.2045  -10.3655   -4.8800   16.1115    6.8977  -21.6838
eta,q 0.97684 11.49186
  0.0237  0.0235  0.0236  0.0240  0.0237  0.0240  0.0234  0.0239  0.0234  0.0234  0.0234  0.0234
  0.0235  0.0234  0.0234  0.0236  0.0235  0.0238  0.0233  0.0235  0.0233  0.0232  0.0233  0.0233
  0.0233  0.0233  0.0233  0.0234  0.0234  0.0235  0.0232  0.0232  0.0232  0.0232  0.0232  0.0232
  0.0233  0.0233  0.0233  0.0233  0.0233  0.0233  0.0232  0.0232  0.0232  0.0232  0.0232  0.0232
  0.0233  0.0233  0.0233  0.0233  0.0233  0.0231  0.0232  0.0233  0.0232  0.0232  0.0232  0.0232
  0.0235  0.0234  0.0233  0.0236  0.0234  0.0233  0.0233  0.0235  0.0233  0.0233  0.0233  0.0232
  0.0237  0.0236  0.0234  0.0240  0.0236  0.0237  0.0235  0.0239  0.0234  0.0236  0.0234  0.0233
registration optimization eta report
parameter search radius
    0.8000    0.8000    0.8000    2.4000    2.4000    2.4000
    2.4000    2.4000    2.4000    2.4000    2.4000    2.4000
100000*second partial in parameter space
       70.       40.       37.       12.        6.       11.
        5.       12.        4.        5.        4.        3.
  0.0237  0.0235  0.0236  0.0240  0.0237  0.0240  0.0234  0.0239  0.0234  0.0234  0.0234  0.0234
  0.0235  0.0234  0.0234  0.0236  0.0235  0.0238  0.0233  0.0235  0.0233  0.0232  0.0233  0.0233
  0.0233  0.0233  0.0233  0.0234  0.0234  0.0235  0.0232  0.0232  0.0232  0.0232  0.0232  0.0232
  0.0233  0.0233  0.0233  0.0233  0.0233  0.0233  0.0232  0.0232  0.0232  0.0232  0.0232  0.0232
  0.0233  0.0233  0.0233  0.0233  0.0233  0.0231  0.0232  0.0233  0.0232  0.0232  0.0232  0.0232
  0.0235  0.0234  0.0233  0.0236  0.0234  0.0233  0.0233  0.0235  0.0233  0.0233  0.0233  0.0232
  0.0237  0.0236  0.0234  0.0240  0.0236  0.0237  0.0235  0.0239  0.0234  0.0236  0.0234  0.0233
   -5.8764  -14.1390   -1.8570   -5.3464  -20.4195  -14.2818
    7.2045  -10.3655   -4.8800   16.1115    6.8977  -21.6838
eta,q 0.97684 11.49186

---------------------------------------------------------------------
compute_vox2vox talsrcimg talsrcimg_to_711-2C_as_mni_average_305_t4 /opt/freesurfer/average/711-2C_as_mni_average_305
---------------------------------------------------------------------

freesurfer compute_vox2vox.c
Reading: talsrcimg.4dfp.ifh
Reading: talsrcimg_to_711-2C_as_mni_average_305_t4
Reading: /opt/freesurfer/average/711-2C_as_mni_average_305.4dfp.ifh
Writing: talsrcimg_to_711-2C_as_mni_average_305_t4_vox2vox.txt

start time Sat Mar 14 10:31:41 CET 2026
end		time Sat Mar 14 10:33:08 CET 2026

mpr2mni305 success

avi2talxfm orig_nu.mgz /opt/freesurfer/average/mni305.cor.mgz talsrcimg_to_711-2C_as_mni_average_305_t4_vox2vox.txt transforms/talairach.auto.xfm
avi2talxfm done
mv -f /out/sourcedata/freesurfer/sub-v2s9x29151_ses-1/mri/talsrcimg_to_711-2C_as_mni_average_305_t4_vox2vox.txt /out/sourcedata/freesurfer/sub-v2s9x29151_ses-1/mri/transforms/talsrcimg_to_711-2C_as_mni_average_305_t4_vox2vox.txt
lta_convert --src orig_nu.mgz --trg /opt/freesurfer/average/mni305.cor.mgz --inxfm transforms/talairach.auto.xfm --outlta transforms/talairach.auto.xfm.lta --subject fsaverage
7.3.2

--src: orig_nu.mgz src image (geometry).
--trg: /opt/freesurfer/average/mni305.cor.mgz trg image (geometry).
--inmni: transforms/talairach.auto.xfm input MNI/XFM transform.
--outlta: transforms/talairach.auto.xfm.lta output LTA.
--s: fsaverage subject name
 LTA read, type : 1
 1.04356   0.13694  -0.05716   4.94154;
-0.06448   1.10132   0.30592   4.72855;
 0.07705  -0.21457   1.19115   15.65361;
 0.00000   0.00000   0.00000   1.00000;
setting subject to fsaverage
Writing  LTA to file transforms/talairach.auto.xfm.lta...
lta_convert successful.
 
 
Started at Sat Mar 14 10:31:40 CET 2026
Ended   at Sat Mar 14 10:33:08 CET 2026
talairach_avi done
