/out/sourcedata/freesurfer/sub-v2s9x29154_ses-1/mri
/opt/freesurfer/bin/talairach_avi
--i orig_nu.mgz --xfm transforms/talairach.auto.xfm
talairach_avi 7.3.2
Linux dna068 5.14.0-427.37.1.el9_4.x86_64 #1 SMP PREEMPT_DYNAMIC Fri Sep 13 12:41:50 EDT 2024 x86_64 x86_64 x86_64 GNU/Linux
Sat Mar 14 10:31:02 CET 2026
mri_convert orig_nu.mgz talsrcimg.img 
reading from orig_nu.mgz...
TR=0.00, TE=0.00, TI=0.00, flip angle=0.00
i_ras = (-1, 0, 0)
j_ras = (0, 0, -1)
k_ras = (0, 1, 0)
writing to talsrcimg.img...
Analyze Output Matrix
-1.00000   0.00000   0.00000   129.66513;
 0.00000   0.00000   1.00000  -128.00000;
 0.00000  -1.00000   0.00000   130.00000;
 0.00000   0.00000   0.00000   1.00000;
--------------------
INFO: set hdr.hist.orient to -1
mpr2mni305 talsrcimg
Sat Mar 14 10:31:02 CET 2026
/opt/freesurfer/bin/mpr2mni305 talsrcimg
mpr2mni305 7.3.2
target=711-2C_as_mni_average_305

---------------------------------------------------------------------
analyzeto4dfp talsrcimg -O0 -y
---------------------------------------------------------------------

freesurfer ifh2hdr.c
Sat Mar 14 10:31:02 2026
Writing: talsrcimg.4dfp.hdr
freesurfer analyzeto4dfp.c
Reading: talsrcimg.hdr
header size 348 bytes
hdr.dime.datatype	offset=70	value=2
hdr.dime.bitpix		offset=72	value=8
hdr.hist.orient		offset=252	value=-1
dimensionality     4
dimensions       256       256       256         1
Reading: talsrcimg.img
Writing: talsrcimg.4dfp.img
Writing: talsrcimg.4dfp.ifh
ifh2hdr talsrcimg -r0to235
ori=2

---------------------------------------------------------------------
gauss_4dfp talsrcimg 1.1
---------------------------------------------------------------------

freesurfer gauss_4dfp.c
Reading: talsrcimg.4dfp.img
Writing: talsrcimg_g11.4dfp.img
image dimensions 256 256 256 padded to 288 288 288
processing volume 1freesurfer ifh2hdr.c
Sat Mar 14 10:31:04 2026
Writing: talsrcimg_g11.4dfp.hdr

Writing: talsrcimg_g11.4dfp.ifh
including: talsrcimg.4dfp.img.rec in talsrcimg_g11.4dfp.img.rec

---------------------------------------------------------------------
imgreg_4dfp /opt/freesurfer/average/711-2C_as_mni_average_305 none talsrcimg_g11 none talsrcimg_to_711-2C_as_mni_average_305_t4 4355
---------------------------------------------------------------------

freesurfer imgreg_4dfp.c
/opt/freesurfer/average/711-2C_as_mni_average_305.4dfp.img
       256       256       256         1
  1.000000  1.000000  1.000000
orientation T byte_order littleendian
Reading image: /opt/freesurfer/average/711-2C_as_mni_average_305.4dfp.img
dimensions:      256       256       256
mmppix:       1.0000   -1.0000   -1.0000
center:     128.0000 -129.0000 -129.0000
talsrcimg_g11.4dfp.img
       256       256       256         1
  1.000000  1.000000  1.000000
orientation T byte_order littleendian
Reading image: talsrcimg_g11.4dfp.img
dimensions:      256       256       256
mmppix:       1.0000   -1.0000   -1.0000
center:     128.0000 -129.0000 -129.0000
t4_read: open error in t4_sub.f l:  41 t4_file(1:l)talsrcimg_to_711-2C_as_mni_average_305_t4 
t4_read: transform initialized to I4
rotation matrix determinant  1.000000
image alignment mode   4355 decimal     1103 hex
   -7.5000  -45.0000  -45.0000 7861.5620   19.0485
    0.0000  -45.0000  -45.0000 8229.7500   19.0108
    7.5000  -45.0000  -45.0000 7910.8940   18.9823
   -7.5000  -37.5000  -45.0000 8234.1328   18.9989
    0.0000  -37.5000  -45.0000 8633.0059   18.9529
    7.5000  -37.5000  -45.0000 8305.5234   18.9238
   -7.5000  -30.0000  -45.0000 8901.4502   18.9971
    0.0000  -30.0000  -45.0000 9336.1650   18.9416
    7.5000  -30.0000  -45.0000 8978.4375   18.9094
   -7.5000  -22.5000  -45.0000 9535.8525   18.9936
    0.0000  -22.5000  -45.0000 9960.7480   18.9362
    7.5000  -22.5000  -45.0000 9574.5137   18.9003
   -7.5000  -15.0000  -45.000010095.7656   18.9826
    0.0000  -15.0000  -45.000010563.4023   18.9320
    7.5000  -15.0000  -45.000010129.3174   18.8966
   -7.5000   -7.5000  -45.000010626.4609   18.9728
    0.0000   -7.5000  -45.000011104.3154   18.9324
    7.5000   -7.5000  -45.000010652.5049   18.9017
   -7.5000    0.0000  -45.000011001.2373   18.9747
    0.0000    0.0000  -45.000011479.8281   18.9373
    7.5000    0.0000  -45.000011023.2031   18.9093
   -7.5000    7.5000  -45.000010468.6562   18.9882
    0.0000    7.5000  -45.000010945.5645   18.9423
    7.5000    7.5000  -45.000010529.5840   18.9132
   -7.5000   15.0000  -45.0000 9878.6465   18.9971
    0.0000   15.0000  -45.000010321.1641   18.9416
    7.5000   15.0000  -45.0000 9951.3350   18.9094
   -7.5000   22.5000  -45.0000 9238.5645   18.9910
    0.0000   22.5000  -45.0000 9627.5010   18.9336
    7.5000   22.5000  -45.0000 9295.9658   18.8977
   -7.5000   30.0000  -45.0000 8545.6338   18.7297
    0.0000   30.0000  -45.0000 8886.8428   18.6797
    7.5000   30.0000  -45.0000 8577.8320   18.6448
   -7.5000   37.5000  -45.0000 8081.9551   18.7204
    0.0000   37.5000  -45.0000 8390.7354   18.6806
    7.5000   37.5000  -45.0000 8093.0732   18.6503
   -7.5000   45.0000  -45.0000 7348.5923   18.3655
    0.0000   45.0000  -45.0000 7631.5186   18.3301
    7.5000   45.0000  -45.0000 7323.7324   18.3035
   -7.5000  -45.0000  -37.5000 8400.5566   18.8049
    0.0000  -45.0000  -37.5000 8783.0771   18.7778
    7.5000  -45.0000  -37.5000 8448.7012   18.7505
   -7.5000  -37.5000  -37.5000 8791.5635   18.7570
    0.0000  -37.5000  -37.5000 9216.2031   18.7231
    7.5000  -37.5000  -37.5000 8856.5674   18.6907
   -7.5000  -30.0000  -37.5000 9502.2188   18.7615
    0.0000  -30.0000  -37.5000 9941.2275   18.7169
    7.5000  -30.0000  -37.5000 9563.5244   18.6766
   -7.5000  -22.5000  -37.500010129.5020   18.7628
    0.0000  -22.5000  -37.500010593.1152   18.7140
    7.5000  -22.5000  -37.500010190.6660   18.6699
   -7.5000  -15.0000  -37.500010721.2266   18.7520
    0.0000  -15.0000  -37.500011224.5322   18.7080
    7.5000  -15.0000  -37.500010755.7969   18.6683
   -7.5000   -7.5000  -37.500011276.2412   18.7374
    0.0000   -7.5000  -37.500011795.5449   18.7045
    7.5000   -7.5000  -37.500011319.5654   18.6740
   -7.5000    0.0000  -37.500011652.7178   18.7334
    0.0000    0.0000  -37.500012197.9912   18.7064
    7.5000    0.0000  -37.500011705.4277   18.6795
   -7.5000    7.5000  -37.500011086.3760   18.7467
    0.0000    7.5000  -37.500011615.0957   18.7128
    7.5000    7.5000  -37.500011163.4072   18.6805
   -7.5000   15.0000  -37.500010455.3896   18.7615
    0.0000   15.0000  -37.500010924.6670   18.7169
    7.5000   15.0000  -37.500010519.5420   18.6766
   -7.5000   22.5000  -37.5000 9760.0684   18.7603
    0.0000   22.5000  -37.500010174.8496   18.7114
    7.5000   22.5000  -37.5000 9792.1230   18.6673
   -7.5000   30.0000  -37.5000 8982.2305   18.5021
    0.0000   30.0000  -37.5000 9357.9316   18.4587
    7.5000   30.0000  -37.5000 9020.4258   18.4196
   -7.5000   37.5000  -37.5000 8499.0420   18.4882
    0.0000   37.5000  -37.5000 8842.6895   18.4557
    7.5000   37.5000  -37.5000 8522.5371   18.4256
   -7.5000   45.0000  -37.5000 7718.2905   18.1291
    0.0000   45.0000  -37.5000 8014.4932   18.1036
    7.5000   45.0000  -37.5000 7695.6079   18.0779
   -7.5000  -45.0000  -30.0000 9136.2363   19.4422
    0.0000  -45.0000  -30.0000 9570.1582   19.4126
    7.5000  -45.0000  -30.0000 9214.4990   19.3825
   -7.5000  -37.5000  -30.0000 9564.7412   19.3960
    0.0000  -37.5000  -30.000010023.0762   19.3591
    7.5000  -37.5000  -30.0000 9642.0146   19.3202
   -7.5000  -30.0000  -30.000010307.0654   19.4023
    0.0000  -30.0000  -30.000010801.3779   19.3558
    7.5000  -30.0000  -30.000010390.6416   19.3056
   -7.5000  -22.5000  -30.000010985.5371   19.4006
    0.0000  -22.5000  -30.000011511.6455   19.3522
    7.5000  -22.5000  -30.000011036.9346   19.3004
   -7.5000  -15.0000  -30.000011606.4111   19.3857
    0.0000  -15.0000  -30.000012185.5596   19.3433
    7.5000  -15.0000  -30.000011663.4971   19.3000
   -7.5000   -7.5000  -30.000012180.2676   19.3710
    0.0000   -7.5000  -30.000012802.7988   19.3379
    7.5000   -7.5000  -30.000012262.6934   19.3052
   -7.5000    0.0000  -30.000012592.2227   19.3691
    0.0000    0.0000  -30.000013222.0908   19.3396
    7.5000    0.0000  -30.000012676.5820   19.3099
   -7.5000    7.5000  -30.000012002.9775   19.3854
    0.0000    7.5000  -30.000012582.5811   19.3486
    7.5000    7.5000  -30.000012052.5000   19.3097
   -7.5000   15.0000  -30.000011266.5625   19.4023
    0.0000   15.0000  -30.000011778.4658   19.3558
    7.5000   15.0000  -30.000011303.2314   19.3056
   -7.5000   22.5000  -30.000010456.3145   19.3959
    0.0000   22.5000  -30.000010918.9336   19.3476
    7.5000   22.5000  -30.000010481.3779   19.2957
   -7.5000   30.0000  -30.0000 9603.4502   19.1292
    0.0000   30.0000  -30.000010019.4043   19.0874
    7.5000   30.0000  -30.0000 9610.9785   19.0446
   -7.5000   37.5000  -30.0000 9093.6943   19.1152
    0.0000   37.5000  -30.0000 9468.4746   19.0826
    7.5000   37.5000  -30.0000 9099.4971   19.0502
   -7.5000   45.0000  -30.0000 8225.4551   18.7575
    0.0000   45.0000  -30.0000 8551.2119   18.7295
    7.5000   45.0000  -30.0000 8214.5449   18.7008
   -7.5000  -45.0000  -22.5000 9934.0273   20.0956
    0.0000  -45.0000  -22.500010397.1367   20.0505
    7.5000  -45.0000  -22.500010025.6201   20.0182
   -7.5000  -37.5000  -22.500010367.4219   20.0528
    0.0000  -37.5000  -22.500010871.0137   19.9994
    7.5000  -37.5000  -22.500010461.0283   19.9602
   -7.5000  -30.0000  -22.500011143.3555   20.0598
    0.0000  -30.0000  -22.500011677.9678   20.0002
    7.5000  -30.0000  -22.500011235.7070   19.9512
   -7.5000  -22.5000  -22.500011848.2549   20.0529
    0.0000  -22.5000  -22.500012454.5703   19.9967
    7.5000  -22.5000  -22.500011947.1104   19.9467
   -7.5000  -15.0000  -22.500012505.7988   20.0316
    0.0000  -15.0000  -22.500013160.8633   19.9837
    7.5000  -15.0000  -22.500012610.9385   19.9407
   -7.5000   -7.5000  -22.500013081.4111   20.0165
    0.0000   -7.5000  -22.500013791.1377   19.9738
    7.5000   -7.5000  -22.500013196.9443   19.9392
   -7.5000    0.0000  -22.500013543.5684   20.0198
    0.0000    0.0000  -22.500014249.1299   19.9751
    7.5000    0.0000  -22.500013652.3096   19.9432
   -7.5000    7.5000  -22.500012904.6084   20.0418
    0.0000    7.5000  -22.500013563.5811   19.9884
    7.5000    7.5000  -22.500012982.8496   19.9493
   -7.5000   15.0000  -22.500012097.8789   20.0598
    0.0000   15.0000  -22.500012696.4092   20.0002
    7.5000   15.0000  -22.500012135.5957   19.9512
   -7.5000   22.5000  -22.500011184.1484   20.0467
    0.0000   22.5000  -22.500011703.0000   19.9906
    7.5000   22.5000  -22.500011209.0225   19.9405
   -7.5000   30.0000  -22.500010240.6797   19.7696
    0.0000   30.0000  -22.500010704.1289   19.7223
    7.5000   30.0000  -22.500010252.2041   19.6799
   -7.5000   37.5000  -22.5000 9680.5928   19.7553
    0.0000   37.5000  -22.500010082.8125   19.7131
    7.5000   37.5000  -22.5000 9656.5645   19.6790
   -7.5000   45.0000  -22.5000 8722.1494   19.4042
    0.0000   45.0000  -22.5000 9107.5596   19.3616
    7.5000   45.0000  -22.5000 8706.9902   19.3308
   -7.5000  -45.0000  -15.000010789.1953   20.5535
    0.0000  -45.0000  -15.000011269.8535   20.4967
    7.5000  -45.0000  -15.000010852.8672   20.4634
   -7.5000  -37.5000  -15.000011227.6963   20.5100
    0.0000  -37.5000  -15.000011739.9775   20.4439
    7.5000  -37.5000  -15.000011305.2549   20.4088
   -7.5000  -30.0000  -15.000012036.2266   20.5162
    0.0000  -30.0000  -15.000012587.2266   20.4457
    7.5000  -30.0000  -15.000012105.1143   20.4056
   -7.5000  -22.5000  -15.000012777.1357   20.5086
    0.0000  -22.5000  -15.000013382.2627   20.4443
    7.5000  -22.5000  -15.000012840.2217   20.4023
   -7.5000  -15.0000  -15.000013445.8145   20.4865
    0.0000  -15.0000  -15.000014084.9502   20.4318
    7.5000  -15.0000  -15.000013502.3857   20.3919
   -7.5000   -7.5000  -15.000014017.7363   20.4711
    0.0000   -7.5000  -15.000014708.1445   20.4198
    7.5000   -7.5000  -15.000014069.8203   20.3843
   -7.5000    0.0000  -15.000014474.8496   20.4757
    0.0000    0.0000  -15.000015211.4785   20.4193
    7.5000    0.0000  -15.000014543.6836   20.3866
   -7.5000    7.5000  -15.000013786.8027   20.4987
    0.0000    7.5000  -15.000014470.1973   20.4327
    7.5000    7.5000  -15.000013827.9639   20.3977
   -7.5000   15.0000  -15.000012912.5088   20.5162
    0.0000   15.0000  -15.000013535.7832   20.4457
    7.5000   15.0000  -15.000012915.4629   20.4056
   -7.5000   22.5000  -15.000011936.4785   20.5013
    0.0000   22.5000  -15.000012478.1719   20.4370
    7.5000   22.5000  -15.000011919.9854   20.3951
   -7.5000   30.0000  -15.000010909.5117   20.2213
    0.0000   30.0000  -15.000011396.1504   20.1674
    7.5000   30.0000  -15.000010888.3408   20.1280
   -7.5000   37.5000  -15.000010292.9834   20.2067
    0.0000   37.5000  -15.000010724.6426   20.1561
    7.5000   37.5000  -15.000010226.7559   20.1210
   -7.5000   45.0000  -15.0000 9262.9062   19.8594
    0.0000   45.0000  -15.0000 9661.9629   19.8059
    7.5000   45.0000  -15.0000 9183.8496   19.7745
   -7.5000  -45.0000   -7.500011629.1660   20.7879
    0.0000  -45.0000   -7.500012176.3828   20.7352
    7.5000  -45.0000   -7.500011709.8105   20.7019
   -7.5000  -37.5000   -7.500012093.6104   20.7388
    0.0000  -37.5000   -7.500012678.7510   20.6767
    7.5000  -37.5000   -7.500012172.2051   20.6444
   -7.5000  -30.0000   -7.500012940.0127   20.7419
    0.0000  -30.0000   -7.500013542.4277   20.6729
    7.5000  -30.0000   -7.500013003.4434   20.6388
   -7.5000  -22.5000   -7.500013732.0273   20.7378
    0.0000  -22.5000   -7.500014331.1553   20.6720
    7.5000  -22.5000   -7.500013758.4316   20.6346
   -7.5000  -15.0000   -7.500014424.2637   20.7216
    0.0000  -15.0000   -7.500015043.8086   20.6648
    7.5000  -15.0000   -7.500014453.2607   20.6265
   -7.5000   -7.5000   -7.500015017.9688   20.7074
    0.0000   -7.5000   -7.500015673.3779   20.6572
    7.5000   -7.5000   -7.500015035.7021   20.6216
   -7.5000    0.0000   -7.500015511.3184   20.7091
    0.0000    0.0000   -7.500016211.4795   20.6568
    7.5000    0.0000   -7.500015524.2451   20.6240
   -7.5000    7.5000   -7.500014741.9121   20.7274
    0.0000    7.5000   -7.500015404.8506   20.6653
    7.5000    7.5000   -7.500014721.8574   20.6331
   -7.5000   15.0000   -7.500013761.1436   20.7419
    0.0000   15.0000   -7.500014360.4795   20.6729
    7.5000   15.0000   -7.500013713.5850   20.6388
   -7.5000   22.5000   -7.500012688.2227   20.7282
    0.0000   22.5000   -7.500013232.5625   20.6625
    7.5000   22.5000   -7.500012646.0068   20.6251
   -7.5000   30.0000   -7.500011592.6797   20.4528
    0.0000   30.0000   -7.500012073.5820   20.3968
    7.5000   30.0000   -7.500011548.9648   20.3590
   -7.5000   37.5000   -7.500010913.3604   20.4394
    0.0000   37.5000   -7.500011370.5508   20.3899
    7.5000   37.5000   -7.500010856.3721   20.3547
   -7.5000   45.0000   -7.5000 9803.1514   20.0889
    0.0000   45.0000   -7.500010203.9492   20.0393
    7.5000   45.0000   -7.5000 9723.4111   20.0080
   -7.5000  -45.0000    0.000012465.5801   20.8421
    0.0000  -45.0000    0.000013090.1494   20.8033
    7.5000  -45.0000    0.000012562.0879   20.7705
   -7.5000  -37.5000    0.000012963.4980   20.7894
    0.0000  -37.5000    0.000013598.4102   20.7415
    7.5000  -37.5000    0.000013049.3359   20.7078
   -7.5000  -30.0000    0.000013851.3848   20.7920
    0.0000  -30.0000    0.000014460.3018   20.7336
    7.5000  -30.0000    0.000013915.8486   20.6964
   -7.5000  -22.5000    0.000014606.6396   20.7923
    0.0000  -22.5000    0.000015222.3848   20.7317
    7.5000  -22.5000    0.000014662.2607   20.6906
   -7.5000  -15.0000    0.000015340.6738   20.7805
    0.0000  -15.0000    0.000015971.1123   20.7272
    7.5000  -15.0000    0.000015412.5342   20.6867
   -7.5000   -7.5000    0.000015952.4932   20.7657
    0.0000   -7.5000    0.000016602.3477   20.7236
    7.5000   -7.5000    0.000016010.7422   20.6884
   -7.5000    0.0000    0.000016488.7109   20.7632
    0.0000    0.0000    0.000017175.8555   20.7247
    7.5000    0.0000    0.000016499.5508   20.6923
   -7.5000    7.5000    0.000015650.7539   20.7780
    0.0000    7.5000    0.000016268.1377   20.7301
    7.5000    7.5000    0.000015651.0957   20.6965
   -7.5000   15.0000    0.000014558.3643   20.7920
    0.0000   15.0000    0.000015157.5723   20.7336
    7.5000   15.0000    0.000014534.3916   20.6964
   -7.5000   22.5000    0.000013407.5020   20.7827
    0.0000   22.5000    0.000013945.4033   20.7221
    7.5000   22.5000    0.000013374.2783   20.6810
   -7.5000   30.0000    0.000012258.2822   20.5116
    0.0000   30.0000    0.000012719.7549   20.4590
    7.5000   30.0000    0.000012209.3633   20.4190
   -7.5000   37.5000    0.000011521.1191   20.4974
    0.0000   37.5000    0.000011968.9609   20.4560
    7.5000   37.5000    0.000011479.1406   20.4211
   -7.5000   45.0000    0.000010341.4102   20.1410
    0.0000   45.0000    0.000010710.5000   20.1045
    7.5000   45.0000    0.000010251.5674   20.0737
   -7.5000  -45.0000    7.500012372.9453   20.8639
    0.0000  -45.0000    7.500013008.3252   20.8352
    7.5000  -45.0000    7.500012463.7051   20.8033
   -7.5000  -37.5000    7.500012875.6211   20.8109
    0.0000  -37.5000    7.500013481.5508   20.7743
    7.5000  -37.5000    7.500012943.7227   20.7363
   -7.5000  -30.0000    7.500013737.0029   20.8163
    0.0000  -30.0000    7.500014295.4648   20.7674
    7.5000  -30.0000    7.500013803.3740   20.7209
   -7.5000  -22.5000    7.500014410.4375   20.8183
    0.0000  -22.5000    7.500014947.3467   20.7648
    7.5000  -22.5000    7.500014473.7480   20.7150
   -7.5000  -15.0000    7.500015075.0742   20.8065
    0.0000  -15.0000    7.500015632.9814   20.7587
    7.5000  -15.0000    7.500015163.6904   20.7145
   -7.5000   -7.5000    7.500015635.5439   20.7902
    0.0000   -7.5000    7.500016229.8135   20.7551
    7.5000   -7.5000    7.500015736.6689   20.7205
   -7.5000    0.0000    7.500016119.3252   20.7852
    0.0000    0.0000    7.500016713.4551   20.7567
    7.5000    0.0000    7.500016188.9971   20.7252
   -7.5000    7.5000    7.500015261.7412   20.7996
    0.0000    7.5000    7.500015781.3496   20.7629
    7.5000    7.5000    7.500015305.8711   20.7251
   -7.5000   15.0000    7.500014237.2881   20.8163
    0.0000   15.0000    7.500014738.4961   20.7674
    7.5000   15.0000    7.500014256.1436   20.7209
   -7.5000   22.5000    7.500013120.9951   20.8087
    0.0000   22.5000    7.500013568.0244   20.7552
    7.5000   22.5000    7.500013123.2861   20.7054
   -7.5000   30.0000    7.500012008.5615   20.5373
    0.0000   30.0000    7.500012383.6104   20.4901
    7.5000   30.0000    7.500011970.8604   20.4464
   -7.5000   37.5000    7.500011262.0693   20.5216
    0.0000   37.5000    7.500011632.6758   20.4870
    7.5000   37.5000    7.500011212.5303   20.4528
   -7.5000   45.0000    7.500010084.5840   20.1610
    0.0000   45.0000    7.500010395.6016   20.1340
    7.5000   45.0000    7.5000 9988.8613   20.1038
   -7.5000  -45.0000   15.000012007.5166   20.8767
    0.0000  -45.0000   15.000012562.1729   20.8449
    7.5000  -45.0000   15.000012115.2031   20.8127
   -7.5000  -37.5000   15.000012459.6514   20.8271
    0.0000  -37.5000   15.000013013.2334   20.7875
    7.5000  -37.5000   15.000012552.9932   20.7458
   -7.5000  -30.0000   15.000013295.9531   20.8339
    0.0000  -30.0000   15.000013849.7715   20.7840
    7.5000  -30.0000   15.000013387.0635   20.7302
   -7.5000  -22.5000   15.000013994.0732   20.8321
    0.0000  -22.5000   15.000014498.2158   20.7802
    7.5000  -22.5000   15.000014077.3984   20.7246
   -7.5000  -15.0000   15.000014652.3652   20.8161
    0.0000  -15.0000   15.000015149.9365   20.7706
    7.5000  -15.0000   15.000014751.0977   20.7241
   -7.5000   -7.5000   15.000015208.8477   20.8003
    0.0000   -7.5000   15.000015745.5479   20.7648
    7.5000   -7.5000   15.000015310.5430   20.7297
   -7.5000    0.0000   15.000015701.5557   20.7982
    0.0000    0.0000   15.000016225.4346   20.7666
    7.5000    0.0000   15.000015788.2930   20.7347
   -7.5000    7.5000   15.000014872.0996   20.8158
    0.0000    7.5000   15.000015333.2705   20.7762
    7.5000    7.5000   15.000014920.1348   20.7346
   -7.5000   15.0000   15.000013887.3223   20.8339
    0.0000   15.0000   15.000014331.6025   20.7840
    7.5000   15.0000   15.000013883.9863   20.7302
   -7.5000   22.5000   15.000012777.9697   20.8225
    0.0000   22.5000   15.000013183.5674   20.7706
    7.5000   22.5000   15.000012759.1738   20.7150
   -7.5000   30.0000   15.000011648.5439   20.5467
    0.0000   30.0000   15.000012016.8936   20.5018
    7.5000   30.0000   15.000011603.1504   20.4559
   -7.5000   37.5000   15.000010897.5547   20.5317
    0.0000   37.5000   15.000011262.6299   20.4966
    7.5000   37.5000   15.000010844.6123   20.4619
   -7.5000   45.0000   15.0000 9712.6855   20.1741
    0.0000   45.0000   15.000010021.8633   20.1441
    7.5000   45.0000   15.0000 9633.4141   20.1132
   -7.5000  -45.0000   22.500011432.4258   20.8661
    0.0000  -45.0000   22.500011931.8633   20.8192
    7.5000  -45.0000   22.500011532.1436   20.7854
   -7.5000  -37.5000   22.500011871.5010   20.8216
    0.0000  -37.5000   22.500012375.2656   20.7660
    7.5000  -37.5000   22.500011971.1162   20.7250
   -7.5000  -30.0000   22.500012675.6152   20.8288
    0.0000  -30.0000   22.500013197.7129   20.7668
    7.5000  -30.0000   22.500012791.7031   20.7157
   -7.5000  -22.5000   22.500013394.0605   20.8217
    0.0000  -22.5000   22.500013946.3926   20.7633
    7.5000  -22.5000   22.500013521.5410   20.7110
   -7.5000  -15.0000   22.500014130.5957   20.7996
    0.0000  -15.0000   22.500014711.4707   20.7498
    7.5000  -15.0000   22.500014257.7314   20.7050
   -7.5000   -7.5000   22.500014738.9277   20.7840
    0.0000   -7.5000   22.500015332.9385   20.7396
    7.5000   -7.5000   22.500014845.6035   20.7035
   -7.5000    0.0000   22.500015201.9561   20.7874
    0.0000    0.0000   22.500015758.5137   20.7408
    7.5000    0.0000   22.500015274.5332   20.7075
   -7.5000    7.5000   22.500014385.4414   20.8101
    0.0000    7.5000   22.500014872.4307   20.7547
    7.5000    7.5000   22.500014405.1523   20.7138
   -7.5000   15.0000   22.500013412.4688   20.8288
    0.0000   15.0000   22.500013875.5791   20.7668
    7.5000   15.0000   22.500013406.9121   20.7157
   -7.5000   22.5000   22.500012329.4648   20.8121
    0.0000   22.5000   22.500012731.1113   20.7537
    7.5000   22.5000   22.500012297.9580   20.7015
   -7.5000   30.0000   22.500011202.8760   20.5304
    0.0000   30.0000   22.500011544.8926   20.4813
    7.5000   30.0000   22.500011170.0977   20.4370
   -7.5000   37.5000   22.500010465.3838   20.5156
    0.0000   37.5000   22.500010784.8955   20.4717
    7.5000   37.5000   22.500010397.9961   20.4361
   -7.5000   45.0000   22.5000 9283.3809   20.1657
    0.0000   45.0000   22.5000 9562.2061   20.1214
    7.5000   45.0000   22.5000 9190.9912   20.0891
   -7.5000  -45.0000   30.000010830.6953   20.9277
    0.0000  -45.0000   30.000011336.6006   20.8700
    7.5000  -45.0000   30.000010903.4160   20.8356
   -7.5000  -37.5000   30.000011251.9180   20.8835
    0.0000  -37.5000   30.000011784.4346   20.8164
    7.5000  -37.5000   30.000011323.9443   20.7801
   -7.5000  -30.0000   30.000012030.0352   20.8897
    0.0000  -30.0000   30.000012593.5850   20.8180
    7.5000  -30.0000   30.000012103.1523   20.7767
   -7.5000  -22.5000   30.000012744.6230   20.8815
    0.0000  -22.5000   30.000013318.2744   20.8161
    7.5000  -22.5000   30.000012817.6084   20.7727
   -7.5000  -15.0000   30.000013480.7842   20.8586
    0.0000  -15.0000   30.000014087.2021   20.8030
    7.5000  -15.0000   30.000013574.7881   20.7619
   -7.5000   -7.5000   30.000014084.1553   20.8430
    0.0000   -7.5000   30.000014709.1504   20.7908
    7.5000   -7.5000   30.000014162.6768   20.7542
   -7.5000    0.0000   30.000014497.6387   20.8481
    0.0000    0.0000   30.000015140.2021   20.7908
    7.5000    0.0000   30.000014559.7158   20.7570
   -7.5000    7.5000   30.000013718.7744   20.8719
    0.0000    7.5000   30.000014286.5908   20.8049
    7.5000    7.5000   30.000013731.7568   20.7687
   -7.5000   15.0000   30.000012761.6504   20.8897
    0.0000   15.0000   30.000013279.1475   20.8180
    7.5000   15.0000   30.000012766.1348   20.7767
   -7.5000   22.5000   30.000011678.7578   20.8719
    0.0000   22.5000   30.000012138.8975   20.8065
    7.5000   22.5000   30.000011656.5879   20.7632
   -7.5000   30.0000   30.000010594.8545   20.5886
    0.0000   30.0000   30.000010974.6094   20.5338
    7.5000   30.0000   30.000010560.2324   20.4932
   -7.5000   37.5000   30.0000 9875.7197   20.5738
    0.0000   37.5000   30.000010194.5254   20.5224
    7.5000   37.5000   30.0000 9826.7725   20.4862
   -7.5000   45.0000   30.0000 8731.8682   20.2265
    0.0000   45.0000   30.0000 8999.2754   20.1721
    7.5000   45.0000   30.0000 8662.4951   20.1396
   -7.5000  -45.0000   37.500010571.2607   21.0154
    0.0000  -45.0000   37.500011082.2383   20.9620
    7.5000  -45.0000   37.500010640.6836   20.9264
   -7.5000  -37.5000   37.500010980.9473   20.9663
    0.0000  -37.5000   37.500011542.3105   20.9033
    7.5000  -37.5000   37.500011051.0957   20.8687
   -7.5000  -30.0000   37.500011743.2510   20.9698
    0.0000  -30.0000   37.500012314.4160   20.8997
    7.5000  -30.0000   37.500011821.4102   20.8633
   -7.5000  -22.5000   37.500012471.4121   20.9649
    0.0000  -22.5000   37.500013050.5781   20.8981
    7.5000  -22.5000   37.500012557.2051   20.8583
   -7.5000  -15.0000   37.500013215.5439   20.9473
    0.0000  -15.0000   37.500013823.7363   20.8898
    7.5000  -15.0000   37.500013319.4678   20.8491
   -7.5000   -7.5000   37.500013821.7949   20.9326
    0.0000   -7.5000   37.500014406.9492   20.8818
    7.5000   -7.5000   37.500013888.8252   20.8439
   -7.5000    0.0000   37.500014202.4531   20.9350
    0.0000    0.0000   37.500014780.6055   20.8820
    7.5000    0.0000   37.500014255.9277   20.8470
   -7.5000    7.5000   37.500013378.2197   20.9547
    0.0000    7.5000   37.500013933.8682   20.8917
    7.5000    7.5000   37.500013419.9355   20.8572
   -7.5000   15.0000   37.500012427.9150   20.9698
    0.0000   15.0000   37.500012958.0332   20.8997
    7.5000   15.0000   37.500012433.0771   20.8633
   -7.5000   22.5000   37.500011347.9326   20.9552
    0.0000   22.5000   37.500011802.8652   20.8884
    7.5000   22.5000   37.500011321.9346   20.8486
   -7.5000   30.0000   37.500010246.7402   20.6762
    0.0000   30.0000   37.500010628.7422   20.6194
    7.5000   30.0000   37.500010226.3545   20.5793
   -7.5000   37.5000   37.5000 9533.7178   20.6623
    0.0000   37.5000   37.5000 9878.7969   20.6121
    7.5000   37.5000   37.5000 9511.7607   20.5747
   -7.5000   45.0000   37.5000 8445.0430   20.3107
    0.0000   45.0000   37.5000 8744.9580   20.2605
    7.5000   45.0000   37.5000 8411.3477   20.2270
   -7.5000  -45.0000   45.0000 9833.7344   21.0900
    0.0000  -45.0000   45.000010310.3047   21.0511
    7.5000  -45.0000   45.0000 9893.8486   21.0146
   -7.5000  -37.5000   45.000010225.8652   21.0363
    0.0000  -37.5000   45.000010726.3174   20.9879
    7.5000  -37.5000   45.000010263.1670   20.9507
   -7.5000  -30.0000   45.000010910.3857   21.0390
    0.0000  -30.0000   45.000011452.0049   20.9796
    7.5000  -30.0000   45.000010963.4766   20.9387
   -7.5000  -22.5000   45.000011599.9932   21.0385
    0.0000  -22.5000   45.000012174.8613   20.9768
    7.5000  -22.5000   45.000011650.6924   20.9319
   -7.5000  -15.0000   45.000012300.0928   21.0258
    0.0000  -15.0000   45.000012892.8271   20.9715
    7.5000  -15.0000   45.000012353.5615   20.9272
   -7.5000   -7.5000   45.000012843.6729   21.0105
    0.0000   -7.5000   45.000013416.7324   20.9682
    7.5000   -7.5000   45.000012865.3770   20.9291
   -7.5000    0.0000   45.000013171.4395   21.0087
    0.0000    0.0000   45.000013751.2734   20.9700
    7.5000    0.0000   45.000013209.8164   20.9341
   -7.5000    7.5000   45.000012395.9863   21.0245
    0.0000    7.5000   45.000012927.0811   20.9762
    7.5000    7.5000   45.000012451.8076   20.9390
   -7.5000   15.0000   45.000011493.7393   21.0390
    0.0000   15.0000   45.000011998.6699   20.9796
    7.5000   15.0000   45.000011520.7822   20.9387
   -7.5000   22.5000   45.000010471.2754   21.0288
    0.0000   22.5000   45.000010898.5498   20.9671
    7.5000   22.5000   45.000010489.9834   20.9222
   -7.5000   30.0000   45.0000 9435.2061   20.7518
    0.0000   30.0000   45.0000 9803.4160   20.6983
    7.5000   30.0000   45.0000 9459.7734   20.6546
   -7.5000   37.5000   45.0000 8784.3037   20.7373
    0.0000   37.5000   45.0000 9117.6611   20.6955
    7.5000   37.5000   45.0000 8777.7373   20.6570
   -7.5000   45.0000   45.0000 7802.9175   20.3907
    0.0000   45.0000   45.0000 8108.6753   20.3542
    7.5000   45.0000   45.0000 7797.0151   20.3199

---------------------------------------------------------------------
imgreg_4dfp /opt/freesurfer/average/711-2C_as_mni_average_305 /opt/freesurfer/average/711-2B_as_mni_average_305_mask talsrcimg_g11 none talsrcimg_to_711-2C_as_mni_average_305_t4 4355
---------------------------------------------------------------------

freesurfer imgreg_4dfp.c
/opt/freesurfer/average/711-2C_as_mni_average_305.4dfp.img
       256       256       256         1
  1.000000  1.000000  1.000000
orientation T byte_order littleendian
Reading image: /opt/freesurfer/average/711-2C_as_mni_average_305.4dfp.img
dimensions:      256       256       256
mmppix:       1.0000   -1.0000   -1.0000
center:     128.0000 -129.0000 -129.0000
/opt/freesurfer/average/711-2B_as_mni_average_305_mask.4dfp.img
       256       256       256         1
  1.000000  1.000000  1.000000
orientation T byte_order littleendian
Reading mask: /opt/freesurfer/average/711-2B_as_mni_average_305_mask.4dfp.img (2306576 pixels)
talsrcimg_g11.4dfp.img
       256       256       256         1
  1.000000  1.000000  1.000000
orientation T byte_order littleendian
Reading image: talsrcimg_g11.4dfp.img
dimensions:      256       256       256
mmppix:       1.0000   -1.0000   -1.0000
center:     128.0000 -129.0000 -129.0000
rotation matrix determinant  1.000000
image alignment mode   4355 decimal     1103 hex
   -7.5000  -45.0000  -45.0000 2026.7655   22.0781
    0.0000  -45.0000  -45.0000 2037.3511   21.8150
    7.5000  -45.0000  -45.0000 2028.2340   22.0035
   -7.5000  -37.5000  -45.0000 2085.3716   20.7557
    0.0000  -37.5000  -45.0000 2098.8682   20.5015
    7.5000  -37.5000  -45.0000 2092.0356   20.6654
   -7.5000  -30.0000  -45.0000 2130.5996   19.7580
    0.0000  -30.0000  -45.0000 2149.4167   19.4702
    7.5000  -30.0000  -45.0000 2138.0081   19.6276
   -7.5000  -22.5000  -45.0000 2160.6843   19.1323
    0.0000  -22.5000  -45.0000 2178.8733   18.7955
    7.5000  -22.5000  -45.0000 2166.7393   18.9588
   -7.5000  -15.0000  -45.0000 2171.8713   18.8334
    0.0000  -15.0000  -45.0000 2193.4292   18.4944
    7.5000  -15.0000  -45.0000 2174.0554   18.6351
   -7.5000   -7.5000  -45.0000 2160.5813   19.0044
    0.0000   -7.5000  -45.0000 2179.6218   18.6627
    7.5000   -7.5000  -45.0000 2166.4583   18.8409
   -7.5000    0.0000  -45.0000 2125.7051   19.5397
    0.0000    0.0000  -45.0000 2145.4333   19.1948
    7.5000    0.0000  -45.0000 2131.5725   19.3614
   -7.5000    7.5000  -45.0000 2069.9250   20.4022
    0.0000    7.5000  -45.0000 2093.8098   20.0662
    7.5000    7.5000  -45.0000 2079.3875   20.2372
   -7.5000   15.0000  -45.0000 2001.7008   21.7092
    0.0000   15.0000  -45.0000 2027.8309   21.2700
    7.5000   15.0000  -45.0000 2014.7095   21.5462
   -7.5000   22.5000  -45.0000 1916.4915   23.6458
    0.0000   22.5000  -45.0000 1936.9669   23.1714
    7.5000   22.5000  -45.0000 1925.4935   23.4743
   -7.5000   30.0000  -45.0000 1821.5873   26.3663
    0.0000   30.0000  -45.0000 1835.9661   25.8570
    7.5000   30.0000  -45.0000 1826.3114   26.1457
   -7.5000   37.5000  -45.0000 1712.7693   30.1198
    0.0000   37.5000  -45.0000 1723.9937   29.6119
    7.5000   37.5000  -45.0000 1712.9545   29.9097
   -7.5000   45.0000  -45.0000 1599.1652   35.2637
    0.0000   45.0000  -45.0000 1612.6708   34.6987
    7.5000   45.0000  -45.0000 1594.2085   34.9258
   -7.5000  -45.0000  -37.5000 2122.7729   20.2396
    0.0000  -45.0000  -37.5000 2134.7117   19.9801
    7.5000  -45.0000  -37.5000 2126.4829   20.1653
   -7.5000  -37.5000  -37.5000 2182.6589   19.0693
    0.0000  -37.5000  -37.5000 2200.3105   18.8338
    7.5000  -37.5000  -37.5000 2189.9819   18.9729
   -7.5000  -30.0000  -37.5000 2229.4985   18.1746
    0.0000  -30.0000  -37.5000 2248.5747   17.9420
    7.5000  -30.0000  -37.5000 2241.3984   18.0454
   -7.5000  -22.5000  -37.5000 2260.0671   17.6618
    0.0000  -22.5000  -37.5000 2274.5757   17.3987
    7.5000  -22.5000  -37.5000 2266.2634   17.4920
   -7.5000  -15.0000  -37.5000 2270.9375   17.3767
    0.0000  -15.0000  -37.5000 2289.9753   17.1035
    7.5000  -15.0000  -37.5000 2272.2764   17.1885
   -7.5000   -7.5000  -37.5000 2261.3584   17.5037
    0.0000   -7.5000  -37.5000 2279.8235   17.1885
    7.5000   -7.5000  -37.5000 2266.7502   17.3035
   -7.5000    0.0000  -37.5000 2224.5300   17.9344
    0.0000    0.0000  -37.5000 2246.1262   17.6309
    7.5000    0.0000  -37.5000 2233.0146   17.7582
   -7.5000    7.5000  -37.5000 2163.5396   18.7351
    0.0000    7.5000  -37.5000 2193.6377   18.4435
    7.5000    7.5000  -37.5000 2174.3792   18.5626
   -7.5000   15.0000  -37.5000 2088.9639   19.9291
    0.0000   15.0000  -37.5000 2116.1870   19.5447
    7.5000   15.0000  -37.5000 2100.1299   19.7102
   -7.5000   22.5000  -37.5000 1999.2592   21.6412
    0.0000   22.5000  -37.5000 2022.3358   21.1816
    7.5000   22.5000  -37.5000 2007.5259   21.4009
   -7.5000   30.0000  -37.5000 1895.4349   24.0886
    0.0000   30.0000  -37.5000 1915.0818   23.6073
    7.5000   30.0000  -37.5000 1903.6238   23.7926
   -7.5000   37.5000  -37.5000 1786.7113   27.5075
    0.0000   37.5000  -37.5000 1806.7970   26.9612
    7.5000   37.5000  -37.5000 1793.2032   27.1314
   -7.5000   45.0000  -37.5000 1669.6603   31.9771
    0.0000   45.0000  -37.5000 1688.3898   31.4530
    7.5000   45.0000  -37.5000 1666.5692   31.6363
   -7.5000  -45.0000  -30.0000 2264.3723   19.1845
    0.0000  -45.0000  -30.0000 2283.8518   18.9446
    7.5000  -45.0000  -30.0000 2270.4707   19.1129
   -7.5000  -37.5000  -30.0000 2330.7039   18.0880
    0.0000  -37.5000  -30.0000 2348.2583   17.8741
    7.5000  -37.5000  -30.0000 2340.1406   18.0147
   -7.5000  -30.0000  -30.0000 2373.0562   17.3087
    0.0000  -30.0000  -30.0000 2392.3220   17.1154
    7.5000  -30.0000  -30.0000 2386.1423   17.1800
   -7.5000  -22.5000  -30.0000 2399.5505   16.8512
    0.0000  -22.5000  -30.0000 2419.9766   16.6499
    7.5000  -22.5000  -30.0000 2409.8015   16.6617
   -7.5000  -15.0000  -30.0000 2405.8752   16.6316
    0.0000  -15.0000  -30.0000 2434.7017   16.4114
    7.5000  -15.0000  -30.0000 2416.3997   16.4579
   -7.5000   -7.5000  -30.0000 2398.3745   16.7215
    0.0000   -7.5000  -30.0000 2427.5549   16.4631
    7.5000   -7.5000  -30.0000 2413.7424   16.5291
   -7.5000    0.0000  -30.0000 2364.0676   17.1325
    0.0000    0.0000  -30.0000 2390.7573   16.8682
    7.5000    0.0000  -30.0000 2379.9229   16.9317
   -7.5000    7.5000  -30.0000 2303.7437   17.8717
    0.0000    7.5000  -30.0000 2333.3179   17.5832
    7.5000    7.5000  -30.0000 2316.4419   17.6550
   -7.5000   15.0000  -30.0000 2218.6206   18.9487
    0.0000   15.0000  -30.0000 2246.6655   18.6082
    7.5000   15.0000  -30.0000 2229.6694   18.7145
   -7.5000   22.5000  -30.0000 2119.7136   20.4998
    0.0000   22.5000  -30.0000 2143.3577   20.0981
    7.5000   22.5000  -30.0000 2124.4001   20.2407
   -7.5000   30.0000  -30.0000 2008.8835   22.7789
    0.0000   30.0000  -30.0000 2027.7671   22.3300
    7.5000   30.0000  -30.0000 2010.9076   22.4336
   -7.5000   37.5000  -30.0000 1895.2096   25.8578
    0.0000   37.5000  -30.0000 1916.9025   25.4029
    7.5000   37.5000  -30.0000 1899.9402   25.4699
   -7.5000   45.0000  -30.0000 1768.7499   30.0241
    0.0000   45.0000  -30.0000 1790.0481   29.5929
    7.5000   45.0000  -30.0000 1770.1716   29.6767
   -7.5000  -45.0000  -22.5000 2382.3154   18.0549
    0.0000  -45.0000  -22.5000 2400.0557   17.8076
    7.5000  -45.0000  -22.5000 2388.3015   17.9995
   -7.5000  -37.5000  -22.5000 2448.4365   16.9815
    0.0000  -37.5000  -22.5000 2471.6262   16.7731
    7.5000  -37.5000  -22.5000 2458.1028   16.9054
   -7.5000  -30.0000  -22.5000 2496.5723   16.2961
    0.0000  -30.0000  -22.5000 2514.6001   16.0679
    7.5000  -30.0000  -22.5000 2503.7498   16.1386
   -7.5000  -22.5000  -22.5000 2521.4092   15.8602
    0.0000  -22.5000  -22.5000 2546.2068   15.6768
    7.5000  -22.5000  -22.5000 2534.0393   15.7036
   -7.5000  -15.0000  -22.5000 2525.1453   15.6913
    0.0000  -15.0000  -22.5000 2557.5146   15.5198
    7.5000  -15.0000  -22.5000 2540.1213   15.5636
   -7.5000   -7.5000  -22.5000 2513.3108   15.8062
    0.0000   -7.5000  -22.5000 2552.6567   15.6051
    7.5000   -7.5000  -22.5000 2536.3687   15.6630
   -7.5000    0.0000  -22.5000 2481.7434   16.2151
    0.0000    0.0000  -22.5000 2517.4197   15.9937
    7.5000    0.0000  -22.5000 2504.3479   16.0300
   -7.5000    7.5000  -22.5000 2421.8433   16.9014
    0.0000    7.5000  -22.5000 2457.4971   16.6522
    7.5000    7.5000  -22.5000 2441.2622   16.7085
   -7.5000   15.0000  -22.5000 2333.9233   17.8480
    0.0000   15.0000  -22.5000 2367.1401   17.5607
    7.5000   15.0000  -22.5000 2345.7351   17.6591
   -7.5000   22.5000  -22.5000 2225.3704   19.2509
    0.0000   22.5000  -22.5000 2251.6453   18.9047
    7.5000   22.5000  -22.5000 2234.9041   19.0101
   -7.5000   30.0000  -22.5000 2105.3853   21.3269
    0.0000   30.0000  -22.5000 2122.9314   20.9170
    7.5000   30.0000  -22.5000 2109.1780   21.0033
   -7.5000   37.5000  -22.5000 1988.4692   24.1450
    0.0000   37.5000  -22.5000 1998.5083   23.6738
    7.5000   37.5000  -22.5000 1987.4038   23.7868
   -7.5000   45.0000  -22.5000 1851.9302   28.0205
    0.0000   45.0000  -22.5000 1872.3699   27.4582
    7.5000   45.0000  -22.5000 1854.9097   27.6147
   -7.5000  -45.0000  -15.0000 2470.4939   16.9946
    0.0000  -45.0000  -15.0000 2485.0547   16.7511
    7.5000  -45.0000  -15.0000 2471.1392   16.9136
   -7.5000  -37.5000  -15.0000 2543.0825   15.9633
    0.0000  -37.5000  -15.0000 2558.5562   15.7282
    7.5000  -37.5000  -15.0000 2546.3726   15.8578
   -7.5000  -30.0000  -15.0000 2592.6143   15.2816
    0.0000  -30.0000  -15.0000 2611.3491   15.0523
    7.5000  -30.0000  -15.0000 2600.4617   15.1432
   -7.5000  -22.5000  -15.0000 2624.4741   14.9006
    0.0000  -22.5000  -15.0000 2651.3933   14.7089
    7.5000  -22.5000  -15.0000 2635.0625   14.7756
   -7.5000  -15.0000  -15.0000 2629.2756   14.7904
    0.0000  -15.0000  -15.0000 2663.0991   14.5937
    7.5000  -15.0000  -15.0000 2641.8616   14.6454
   -7.5000   -7.5000  -15.0000 2621.4788   14.9250
    0.0000   -7.5000  -15.0000 2658.2502   14.7444
    7.5000   -7.5000  -15.0000 2634.0703   14.7805
   -7.5000    0.0000  -15.0000 2583.3049   15.3546
    0.0000    0.0000  -15.0000 2624.8401   15.1609
    7.5000    0.0000  -15.0000 2599.7300   15.1738
   -7.5000    7.5000  -15.0000 2520.3406   15.9728
    0.0000    7.5000  -15.0000 2560.9268   15.7781
    7.5000    7.5000  -15.0000 2536.4358   15.8087
   -7.5000   15.0000  -15.0000 2425.7886   16.8582
    0.0000   15.0000  -15.0000 2463.6147   16.6198
    7.5000   15.0000  -15.0000 2438.8508   16.6957
   -7.5000   22.5000  -15.0000 2317.8208   18.1264
    0.0000   22.5000  -15.0000 2344.8169   17.8410
    7.5000   22.5000  -15.0000 2327.1938   17.9532
   -7.5000   30.0000  -15.0000 2186.6042   20.0195
    0.0000   30.0000  -15.0000 2208.7043   19.6901
    7.5000   30.0000  -15.0000 2193.7512   19.7880
   -7.5000   37.5000  -15.0000 2055.4976   22.6152
    0.0000   37.5000  -15.0000 2067.2173   22.2110
    7.5000   37.5000  -15.0000 2055.3462   22.3243
   -7.5000   45.0000  -15.0000 1917.5028   26.1901
    0.0000   45.0000  -15.0000 1935.5803   25.6230
    7.5000   45.0000  -15.0000 1918.4788   25.7732
   -7.5000  -45.0000   -7.5000 2527.6533   16.0550
    0.0000  -45.0000   -7.5000 2545.7273   15.8121
    7.5000  -45.0000   -7.5000 2533.3496   15.9806
   -7.5000  -37.5000   -7.5000 2608.9182   15.0618
    0.0000  -37.5000   -7.5000 2629.4734   14.8045
    7.5000  -37.5000   -7.5000 2616.0881   14.9538
   -7.5000  -30.0000   -7.5000 2671.0137   14.3820
    0.0000  -30.0000   -7.5000 2696.5195   14.1534
    7.5000  -30.0000   -7.5000 2681.4324   14.2678
   -7.5000  -22.5000   -7.5000 2712.7896   14.0501
    0.0000  -22.5000   -7.5000 2741.4863   13.8066
    7.5000  -22.5000   -7.5000 2721.5056   13.9164
   -7.5000  -15.0000   -7.5000 2719.0698   14.0094
    0.0000  -15.0000   -7.5000 2753.8408   13.7681
    7.5000  -15.0000   -7.5000 2732.3743   13.8562
   -7.5000   -7.5000   -7.5000 2710.1033   14.1770
    0.0000   -7.5000   -7.5000 2750.8218   13.9815
    7.5000   -7.5000   -7.5000 2724.3733   14.0252
   -7.5000    0.0000   -7.5000 2675.8120   14.5804
    0.0000    0.0000   -7.5000 2718.1675   14.3975
    7.5000    0.0000   -7.5000 2687.4377   14.4370
   -7.5000    7.5000   -7.5000 2606.2825   15.1982
    0.0000    7.5000   -7.5000 2650.1094   14.9873
    7.5000    7.5000   -7.5000 2614.5420   15.0451
   -7.5000   15.0000   -7.5000 2499.4482   16.0320
    0.0000   15.0000   -7.5000 2540.2329   15.8014
    7.5000   15.0000   -7.5000 2509.2124   15.8879
   -7.5000   22.5000   -7.5000 2386.5222   17.1943
    0.0000   22.5000   -7.5000 2418.8513   16.9323
    7.5000   22.5000   -7.5000 2398.2727   17.0469
   -7.5000   30.0000   -7.5000 2250.1675   18.9491
    0.0000   30.0000   -7.5000 2276.9988   18.6749
    7.5000   30.0000   -7.5000 2261.4412   18.7832
   -7.5000   37.5000   -7.5000 2108.3264   21.3894
    0.0000   37.5000   -7.5000 2129.2136   21.0383
    7.5000   37.5000   -7.5000 2115.0195   21.1575
   -7.5000   45.0000   -7.5000 1959.9316   24.6839
    0.0000   45.0000   -7.5000 1980.0892   24.1721
    7.5000   45.0000   -7.5000 1964.0479   24.3170
   -7.5000  -45.0000    0.0000 2569.3987   15.3632
    0.0000  -45.0000    0.0000 2591.1606   15.1407
    7.5000  -45.0000    0.0000 2579.8936   15.3270
   -7.5000  -37.5000    0.0000 2659.1443   14.3902
    0.0000  -37.5000    0.0000 2682.3811   14.1328
    7.5000  -37.5000    0.0000 2667.9058   14.3327
   -7.5000  -30.0000    0.0000 2732.8586   13.7508
    0.0000  -30.0000    0.0000 2760.5867   13.4762
    7.5000  -30.0000    0.0000 2744.5203   13.6727
   -7.5000  -22.5000    0.0000 2778.8152   13.4086
    0.0000  -22.5000    0.0000 2816.9976   13.0830
    7.5000  -22.5000    0.0000 2791.2224   13.2750
   -7.5000  -15.0000    0.0000 2794.5742   13.3667
    0.0000  -15.0000    0.0000 2837.2263   13.0781
    7.5000  -15.0000    0.0000 2814.6262   13.2289
   -7.5000   -7.5000    0.0000 2783.8003   13.5753
    0.0000   -7.5000    0.0000 2829.4456   13.3424
    7.5000   -7.5000    0.0000 2802.3118   13.4608
   -7.5000    0.0000    0.0000 2754.3613   13.9973
    0.0000    0.0000    0.0000 2798.5400   13.7943
    7.5000    0.0000    0.0000 2759.7180   13.8860
   -7.5000    7.5000    0.0000 2678.7515   14.6117
    0.0000    7.5000    0.0000 2718.5022   14.4166
    7.5000    7.5000    0.0000 2684.3789   14.4989
   -7.5000   15.0000    0.0000 2559.7427   15.4423
    0.0000   15.0000    0.0000 2603.9980   15.2451
    7.5000   15.0000    0.0000 2567.5449   15.3095
   -7.5000   22.5000    0.0000 2437.3074   16.5394
    0.0000   22.5000    0.0000 2470.1658   16.3205
    7.5000   22.5000    0.0000 2445.9443   16.4095
   -7.5000   30.0000    0.0000 2300.2434   18.2022
    0.0000   30.0000    0.0000 2321.9678   17.9478
    7.5000   30.0000    0.0000 2307.0439   18.0601
   -7.5000   37.5000    0.0000 2149.0854   20.5293
    0.0000   37.5000    0.0000 2172.9634   20.2161
    7.5000   37.5000    0.0000 2161.5554   20.3482
   -7.5000   45.0000    0.0000 1994.1588   23.6187
    0.0000   45.0000    0.0000 2010.4564   23.2356
    7.5000   45.0000    0.0000 1999.0808   23.4266
   -7.5000  -45.0000    7.5000 2598.4158   14.8811
    0.0000  -45.0000    7.5000 2624.6213   14.6596
    7.5000  -45.0000    7.5000 2605.2175   14.8466
   -7.5000  -37.5000    7.5000 2696.4097   13.9037
    0.0000  -37.5000    7.5000 2718.4192   13.6292
    7.5000  -37.5000    7.5000 2702.0679   13.8381
   -7.5000  -30.0000    7.5000 2774.9766   13.3006
    0.0000  -30.0000    7.5000 2805.1819   12.9949
    7.5000  -30.0000    7.5000 2787.6235   13.2126
   -7.5000  -22.5000    7.5000 2824.6855   12.9514
    0.0000  -22.5000    7.5000 2872.7336   12.5913
    7.5000  -22.5000    7.5000 2841.1890   12.8515
   -7.5000  -15.0000    7.5000 2854.2976   12.8826
    0.0000  -15.0000    7.5000 2905.4238   12.5390
    7.5000  -15.0000    7.5000 2873.7874   12.7598
   -7.5000   -7.5000    7.5000 2845.0686   13.1133
    0.0000   -7.5000    7.5000 2897.3828   12.8230
    7.5000   -7.5000    7.5000 2869.4041   12.9829
   -7.5000    0.0000    7.5000 2804.6804   13.5603
    0.0000    0.0000    7.5000 2845.0813   13.3168
    7.5000    0.0000    7.5000 2815.3198   13.4464
   -7.5000    7.5000    7.5000 2719.1565   14.2011
    0.0000    7.5000    7.5000 2754.8206   13.9647
    7.5000    7.5000    7.5000 2726.3540   14.0978
   -7.5000   15.0000    7.5000 2598.1172   15.0642
    0.0000   15.0000    7.5000 2635.1670   14.8115
    7.5000   15.0000    7.5000 2605.3826   14.9385
   -7.5000   22.5000    7.5000 2465.4299   16.2063
    0.0000   22.5000    7.5000 2497.2847   15.9120
    7.5000   22.5000    7.5000 2473.4268   16.0303
   -7.5000   30.0000    7.5000 2322.8340   17.8096
    0.0000   30.0000    7.5000 2344.3374   17.4651
    7.5000   30.0000    7.5000 2327.9001   17.6290
   -7.5000   37.5000    7.5000 2166.7803   20.0354
    0.0000   37.5000    7.5000 2194.5579   19.6835
    7.5000   37.5000    7.5000 2176.5544   19.8284
   -7.5000   45.0000    7.5000 2012.4347   22.9420
    0.0000   45.0000    7.5000 2028.3286   22.6325
    7.5000   45.0000    7.5000 2014.7185   22.7801
   -7.5000  -45.0000   15.0000 2606.1768   14.5110
    0.0000  -45.0000   15.0000 2627.5508   14.2435
    7.5000  -45.0000   15.0000 2617.0742   14.4998
   -7.5000  -37.5000   15.0000 2706.7954   13.5561
    0.0000  -37.5000   15.0000 2727.6472   13.2800
    7.5000  -37.5000   15.0000 2714.7295   13.4902
   -7.5000  -30.0000   15.0000 2788.4365   12.9454
    0.0000  -30.0000   15.0000 2818.6624   12.6437
    7.5000  -30.0000   15.0000 2802.8887   12.8697
   -7.5000  -22.5000   15.0000 2844.7764   12.6548
    0.0000  -22.5000   15.0000 2889.3474   12.3373
    7.5000  -22.5000   15.0000 2866.4470   12.5272
   -7.5000  -15.0000   15.0000 2883.1304   12.6256
    0.0000  -15.0000   15.0000 2936.4299   12.2597
    7.5000  -15.0000   15.0000 2905.9805   12.4906
   -7.5000   -7.5000   15.0000 2877.1980   12.8503
    0.0000   -7.5000   15.0000 2932.0581   12.5173
    7.5000   -7.5000   15.0000 2896.3184   12.7173
   -7.5000    0.0000   15.0000 2822.5737   13.3557
    0.0000    0.0000   15.0000 2863.1277   13.0457
    7.5000    0.0000   15.0000 2838.4902   13.2179
   -7.5000    7.5000   15.0000 2728.0059   14.0230
    0.0000    7.5000   15.0000 2764.1086   13.7376
    7.5000    7.5000   15.0000 2739.9570   13.8851
   -7.5000   15.0000   15.0000 2607.2710   14.9108
    0.0000   15.0000   15.0000 2641.9297   14.6281
    7.5000   15.0000   15.0000 2612.8289   14.7453
   -7.5000   22.5000   15.0000 2467.8931   16.0693
    0.0000   22.5000   15.0000 2496.4023   15.7641
    7.5000   22.5000   15.0000 2473.3406   15.8678
   -7.5000   30.0000   15.0000 2320.0864   17.6236
    0.0000   30.0000   15.0000 2342.0796   17.3259
    7.5000   30.0000   15.0000 2327.9207   17.4273
   -7.5000   37.5000   15.0000 2168.1724   19.8280
    0.0000   37.5000   15.0000 2189.6653   19.4890
    7.5000   37.5000   15.0000 2178.0017   19.5729
   -7.5000   45.0000   15.0000 2010.5079   22.6220
    0.0000   45.0000   15.0000 2027.9675   22.3027
    7.5000   45.0000   15.0000 2016.3905   22.4117
   -7.5000  -45.0000   22.5000 2606.1838   14.3647
    0.0000  -45.0000   22.5000 2626.2632   14.1102
    7.5000  -45.0000   22.5000 2616.9807   14.3393
   -7.5000  -37.5000   22.5000 2703.3040   13.4278
    0.0000  -37.5000   22.5000 2731.0525   13.1747
    7.5000  -37.5000   22.5000 2717.8340   13.3515
   -7.5000  -30.0000   22.5000 2784.9304   12.8438
    0.0000  -30.0000   22.5000 2821.7629   12.5500
    7.5000  -30.0000   22.5000 2805.4160   12.7394
   -7.5000  -22.5000   22.5000 2841.3796   12.5601
    0.0000  -22.5000   22.5000 2893.1172   12.2729
    7.5000  -22.5000   22.5000 2870.2209   12.4576
   -7.5000  -15.0000   22.5000 2879.2603   12.5827
    0.0000  -15.0000   22.5000 2933.2351   12.2961
    7.5000  -15.0000   22.5000 2903.9011   12.4525
   -7.5000   -7.5000   22.5000 2868.7212   12.8531
    0.0000   -7.5000   22.5000 2923.5378   12.5783
    7.5000   -7.5000   22.5000 2893.0247   12.7142
   -7.5000    0.0000   22.5000 2811.9009   13.3383
    0.0000    0.0000   22.5000 2859.7078   13.0416
    7.5000    0.0000   22.5000 2835.3369   13.1774
   -7.5000    7.5000   22.5000 2714.9468   14.0256
    0.0000    7.5000   22.5000 2754.1675   13.7055
    7.5000    7.5000   22.5000 2729.1404   13.8301
   -7.5000   15.0000   22.5000 2589.4971   14.9326
    0.0000   15.0000   22.5000 2626.6262   14.6200
    7.5000   15.0000   22.5000 2601.4683   14.7278
   -7.5000   22.5000   22.5000 2455.7124   16.1199
    0.0000   22.5000   22.5000 2483.2834   15.8107
    7.5000   22.5000   22.5000 2462.5310   15.9065
   -7.5000   30.0000   22.5000 2306.3083   17.7316
    0.0000   30.0000   22.5000 2325.6809   17.4046
    7.5000   30.0000   22.5000 2318.4783   17.5066
   -7.5000   37.5000   22.5000 2154.7649   19.8811
    0.0000   37.5000   22.5000 2172.9014   19.5186
    7.5000   37.5000   22.5000 2160.5920   19.6330
   -7.5000   45.0000   22.5000 1995.9926   22.6530
    0.0000   45.0000   22.5000 2009.9340   22.2820
    7.5000   45.0000   22.5000 1995.9437   22.3990
   -7.5000  -45.0000   30.0000 2600.5762   14.6337
    0.0000  -45.0000   30.0000 2625.4172   14.3992
    7.5000  -45.0000   30.0000 2609.0693   14.5588
   -7.5000  -37.5000   30.0000 2690.3906   13.6667
    0.0000  -37.5000   30.0000 2724.5920   13.4312
    7.5000  -37.5000   30.0000 2703.9785   13.5656
   -7.5000  -30.0000   30.0000 2763.8108   13.0811
    0.0000  -30.0000   30.0000 2804.6975   12.8272
    7.5000  -30.0000   30.0000 2781.0828   12.9499
   -7.5000  -22.5000   30.0000 2818.6689   12.7939
    0.0000  -22.5000   30.0000 2867.0276   12.5484
    7.5000  -22.5000   30.0000 2840.2937   12.6633
   -7.5000  -15.0000   30.0000 2846.7832   12.8184
    0.0000  -15.0000   30.0000 2896.1199   12.5780
    7.5000  -15.0000   30.0000 2871.2144   12.6997
   -7.5000   -7.5000   30.0000 2831.5146   13.1308
    0.0000   -7.5000   30.0000 2876.8352   12.8883
    7.5000   -7.5000   30.0000 2856.1873   12.9832
   -7.5000    0.0000   30.0000 2769.8728   13.6199
    0.0000    0.0000   30.0000 2814.9946   13.3484
    7.5000    0.0000   30.0000 2790.6367   13.4466
   -7.5000    7.5000   30.0000 2674.0098   14.3092
    0.0000    7.5000   30.0000 2709.3652   14.0171
    7.5000    7.5000   30.0000 2687.0144   14.1188
   -7.5000   15.0000   30.0000 2546.3391   15.2131
    0.0000   15.0000   30.0000 2582.8909   14.8950
    7.5000   15.0000   30.0000 2560.0156   15.0140
   -7.5000   22.5000   30.0000 2416.6228   16.4030
    0.0000   22.5000   30.0000 2447.5000   16.0661
    7.5000   22.5000   30.0000 2425.4912   16.1957
   -7.5000   30.0000   30.0000 2279.7109   17.9772
    0.0000   30.0000   30.0000 2302.6074   17.6481
    7.5000   30.0000   30.0000 2292.1523   17.7573
   -7.5000   37.5000   30.0000 2128.7542   20.1482
    0.0000   37.5000   30.0000 2145.9385   19.7672
    7.5000   37.5000   30.0000 2136.9207   19.8623
   -7.5000   45.0000   30.0000 1967.7201   22.8668
    0.0000   45.0000   30.0000 1984.4263   22.4324
    7.5000   45.0000   30.0000 1973.5273   22.5479
   -7.5000  -45.0000   37.5000 2582.4707   15.1566
    0.0000  -45.0000   37.5000 2609.5789   14.9310
    7.5000  -45.0000   37.5000 2592.4668   15.0642
   -7.5000  -37.5000   37.5000 2662.4238   14.1867
    0.0000  -37.5000   37.5000 2701.5168   13.9352
    7.5000  -37.5000   37.5000 2677.0867   14.0569
   -7.5000  -30.0000   37.5000 2726.4917   13.5651
    0.0000  -30.0000   37.5000 2769.9404   13.3252
    7.5000  -30.0000   37.5000 2744.9888   13.4206
   -7.5000  -22.5000   37.5000 2772.7969   13.2883
    0.0000  -22.5000   37.5000 2820.5403   13.0364
    7.5000  -22.5000   37.5000 2795.6284   13.1257
   -7.5000  -15.0000   37.5000 2792.2073   13.3220
    0.0000  -15.0000   37.5000 2836.1130   13.0884
    7.5000  -15.0000   37.5000 2817.1948   13.1705
   -7.5000   -7.5000   37.5000 2775.8352   13.6271
    0.0000   -7.5000   37.5000 2810.5210   13.4079
    7.5000   -7.5000   37.5000 2795.6133   13.4909
   -7.5000    0.0000   37.5000 2709.2192   14.1282
    0.0000    0.0000   37.5000 2737.9634   13.8800
    7.5000    0.0000   37.5000 2724.8257   13.9873
   -7.5000    7.5000   37.5000 2608.9768   14.8328
    0.0000    7.5000   37.5000 2639.0076   14.5679
    7.5000    7.5000   37.5000 2624.7581   14.6708
   -7.5000   15.0000   37.5000 2491.4683   15.7740
    0.0000   15.0000   37.5000 2526.3250   15.4734
    7.5000   15.0000   37.5000 2505.4229   15.5859
   -7.5000   22.5000   37.5000 2363.3298   16.9434
    0.0000   22.5000   37.5000 2393.9265   16.6266
    7.5000   22.5000   37.5000 2374.8206   16.7322
   -7.5000   30.0000   37.5000 2233.5442   18.5109
    0.0000   30.0000   37.5000 2254.7285   18.1607
    7.5000   30.0000   37.5000 2241.1992   18.2657
   -7.5000   37.5000   37.5000 2090.0039   20.6367
    0.0000   37.5000   37.5000 2107.8503   20.2376
    7.5000   37.5000   37.5000 2101.3884   20.3432
   -7.5000   45.0000   37.5000 1931.4539   23.3691
    0.0000   45.0000   37.5000 1950.3428   22.9335
    7.5000   45.0000   37.5000 1941.3665   22.9889
   -7.5000  -45.0000   45.0000 2551.8865   15.9045
    0.0000  -45.0000   45.0000 2576.6284   15.6757
    7.5000  -45.0000   45.0000 2557.7390   15.8052
   -7.5000  -37.5000   45.0000 2624.6179   14.8737
    0.0000  -37.5000   45.0000 2658.0913   14.6523
    7.5000  -37.5000   45.0000 2631.1038   14.7676
   -7.5000  -30.0000   45.0000 2674.5110   14.2301
    0.0000  -30.0000   45.0000 2714.9946   14.0110
    7.5000  -30.0000   45.0000 2684.2991   14.0942
   -7.5000  -22.5000   45.0000 2711.9507   13.9388
    0.0000  -22.5000   45.0000 2756.2454   13.7080
    7.5000  -22.5000   45.0000 2729.4583   13.7795
   -7.5000  -15.0000   45.0000 2723.8186   13.9884
    0.0000  -15.0000   45.0000 2764.4036   13.7668
    7.5000  -15.0000   45.0000 2740.3389   13.8206
   -7.5000   -7.5000   45.0000 2701.7986   14.2748
    0.0000   -7.5000   45.0000 2733.7668   14.0661
    7.5000   -7.5000   45.0000 2712.5149   14.1453
   -7.5000    0.0000   45.0000 2631.8867   14.8239
    0.0000    0.0000   45.0000 2657.9836   14.5992
    7.5000    0.0000   45.0000 2641.1074   14.6948
   -7.5000    7.5000   45.0000 2532.4280   15.5937
    0.0000    7.5000   45.0000 2556.1108   15.3511
    7.5000    7.5000   45.0000 2550.5745   15.4444
   -7.5000   15.0000   45.0000 2427.2019   16.5351
    0.0000   15.0000   45.0000 2452.6416   16.2521
    7.5000   15.0000   45.0000 2437.5925   16.3548
   -7.5000   22.5000   45.0000 2305.2495   17.7338
    0.0000   22.5000   45.0000 2329.1372   17.4126
    7.5000   22.5000   45.0000 2315.7314   17.5300
   -7.5000   30.0000   45.0000 2178.1284   19.3098
    0.0000   30.0000   45.0000 2194.8525   18.9645
    7.5000   30.0000   45.0000 2184.9114   19.0709
   -7.5000   37.5000   45.0000 2039.6917   21.4049
    0.0000   37.5000   45.0000 2056.5649   21.0151
    7.5000   37.5000   45.0000 2048.4915   21.1365
   -7.5000   45.0000   45.0000 1889.1246   24.2194
    0.0000   45.0000   45.0000 1908.7766   23.7701
    7.5000   45.0000   45.0000 1903.2544   23.8594

---------------------------------------------------------------------
imgreg_4dfp /opt/freesurfer/average/711-2C_as_mni_average_305 /opt/freesurfer/average/711-2B_as_mni_average_305_mask talsrcimg_g11 none talsrcimg_to_711-2C_as_mni_average_305_t4 1283
---------------------------------------------------------------------

freesurfer imgreg_4dfp.c
/opt/freesurfer/average/711-2C_as_mni_average_305.4dfp.img
       256       256       256         1
  1.000000  1.000000  1.000000
orientation T byte_order littleendian
Reading image: /opt/freesurfer/average/711-2C_as_mni_average_305.4dfp.img
dimensions:      256       256       256
mmppix:       1.0000   -1.0000   -1.0000
center:     128.0000 -129.0000 -129.0000
/opt/freesurfer/average/711-2B_as_mni_average_305_mask.4dfp.img
       256       256       256         1
  1.000000  1.000000  1.000000
orientation T byte_order littleendian
Reading mask: /opt/freesurfer/average/711-2B_as_mni_average_305_mask.4dfp.img (2306576 pixels)
talsrcimg_g11.4dfp.img
       256       256       256         1
  1.000000  1.000000  1.000000
orientation T byte_order littleendian
Reading image: talsrcimg_g11.4dfp.img
dimensions:      256       256       256
mmppix:       1.0000   -1.0000   -1.0000
center:     128.0000 -129.0000 -129.0000
rotation matrix determinant  1.000000
fimgreg.f
image alignment mode   1283 decimal      503 hex
parameters
    0.0000  -15.0000   15.0000    0.0000    0.0000    0.0000
eta,q 0.92101 12.21417
niter,ni,del,rscale     5    3   12.0000    1.2000
parameter  2 -1.053963 -> -0.500000 qaram    1.1500
parameter  4 -4.297280 ->  0.500000 qaram    1.1500
parameter  5 -0.540970 -> -0.500000 qaram    1.1500
parameters
    0.8061  -11.5500   17.7491   -3.4500    3.4500   -2.6941
eta,q 0.92692 12.26348
  0.0933  0.0909  0.0872  0.0721  0.0793  0.0742
  0.0876  0.0887  0.0846  0.0738  0.0770  0.0733
  0.0840  0.0864  0.0813  0.0762  0.0753  0.0731
  0.0834  0.0834  0.0789  0.0785  0.0745  0.0738
  0.0845  0.0803  0.0786  0.0805  0.0740  0.0749
  0.0863  0.0792  0.0789  0.0823  0.0738  0.0760
  0.0879  0.0810  0.0798  0.0834  0.0742  0.0773
niter,ni,del,rscale     7    3   12.0000    1.2000
parameter  4  0.650681 ->  0.500000 qaram    1.3225
parameters
   -0.9972  -10.4980   17.5358   -7.4175    2.7767    0.1506
eta,q 0.93003 12.33622
  0.0771  0.0846  0.0765  0.0704  0.0734  0.0756
  0.0738  0.0807  0.0736  0.0708  0.0715  0.0733
  0.0727  0.0758  0.0722  0.0708  0.0711  0.0717
  0.0731  0.0726  0.0718  0.0718  0.0707  0.0708
  0.0763  0.0716  0.0729  0.0734  0.0709  0.0701
  0.0816  0.0747  0.0745  0.0769  0.0726  0.0701
  0.0881  0.0805  0.0766  0.0804  0.0749  0.0708
niter,ni,del,rscale     7    3   12.0000    1.2000
parameter  4  0.566536 ->  0.500000 qaram    1.5209
parameters
    0.2737   -8.9104   17.1964  -11.9801    3.0142    0.5775
eta,q 0.93389 12.30938
  0.0820  0.0831  0.0725  0.0667  0.0717  0.0685
  0.0758  0.0777  0.0695  0.0660  0.0696  0.0671
  0.0726  0.0726  0.0673  0.0661  0.0677  0.0661
  0.0700  0.0687  0.0673  0.0672  0.0661  0.0660
  0.0685  0.0675  0.0693  0.0705  0.0661  0.0666
  0.0710  0.0702  0.0709  0.0743  0.0687  0.0671
  0.0750  0.0751  0.0726  0.0794  0.0717  0.0675
niter,ni,del,rscale     7    3   12.0000    1.2000
parameters
    0.1293   -7.7833   14.9244  -13.9563    2.8444    0.1664
eta,q 0.93540 12.25500
  0.0756  0.0822  0.0668  0.0692  0.0694  0.0658
  0.0711  0.0749  0.0649  0.0665  0.0666  0.0652
  0.0683  0.0690  0.0646  0.0650  0.0649  0.0648
  0.0661  0.0662  0.0661  0.0645  0.0646  0.0646
  0.0668  0.0664  0.0671  0.0663  0.0655  0.0648
  0.0707  0.0682  0.0687  0.0712  0.0674  0.0653
  0.0779  0.0750  0.0718  0.0772  0.0694  0.0664
niter,ni,del,rscale     6    3   12.0000    1.2000
parameter  6  0.779424 ->  0.500000 qaram    1.1500
parameters
    0.0160   -6.8619   14.4143  -15.4456    3.3980   -3.2836
eta,q 0.93614 12.25038
  0.0733  0.0805  0.0687  0.0687  0.0701  0.0644
  0.0685  0.0721  0.0662  0.0665  0.0672  0.0639
  0.0658  0.0661  0.0649  0.0649  0.0655  0.0641
  0.0646  0.0646  0.0646  0.0645  0.0646  0.0646
  0.0653  0.0644  0.0658  0.0647  0.0649  0.0650
  0.0684  0.0666  0.0674  0.0691  0.0663  0.0650
  0.0747  0.0739  0.0700  0.0746  0.0685  0.0654
niter,ni,del,rscale     6    3   12.0000    1.2000
parameters
   -0.6996   -6.1715   13.6380  -17.2184    4.5124   -2.2329
eta,q 0.93724 12.29497
  0.0724  0.0780  0.0689  0.0669  0.0697  0.0693
  0.0659  0.0711  0.0659  0.0649  0.0669  0.0651
  0.0638  0.0667  0.0637  0.0639  0.0653  0.0629
  0.0639  0.0637  0.0633  0.0631  0.0634  0.0627
  0.0659  0.0636  0.0653  0.0642  0.0626  0.0630
  0.0703  0.0669  0.0685  0.0675  0.0644  0.0642
  0.0769  0.0742  0.0723  0.0737  0.0672  0.0653
niter,ni,del,rscale     5    3   12.0000    1.2000
parameters
   -1.0606   -5.4360   12.7738  -18.8982    4.8778   -1.4851
eta,q 0.93753 12.37645
  0.0728  0.0765  0.0677  0.0664  0.0676  0.0680
  0.0660  0.0702  0.0654  0.0642  0.0658  0.0644
  0.0632  0.0661  0.0633  0.0632  0.0644  0.0629
  0.0628  0.0627  0.0619  0.0622  0.0625  0.0624
  0.0645  0.0617  0.0639  0.0640  0.0628  0.0629
  0.0683  0.0654  0.0682  0.0669  0.0648  0.0641
  0.0751  0.0731  0.0726  0.0717  0.0673  0.0654
niter,ni,del,rscale     4    3   12.0000    1.2000
parameters
   -1.0524   -4.8928   12.1619  -20.5089    4.7394   -1.2433
eta,q 0.93727 12.42474
  0.0731  0.0754  0.0676  0.0662  0.0669  0.0669
  0.0665  0.0693  0.0651  0.0642  0.0651  0.0641
  0.0637  0.0660  0.0632  0.0632  0.0634  0.0630
  0.0625  0.0625  0.0619  0.0620  0.0627  0.0627
  0.0633  0.0616  0.0631  0.0636  0.0635  0.0635
  0.0666  0.0657  0.0665  0.0670  0.0649  0.0646
  0.0731  0.0734  0.0713  0.0709  0.0676  0.0657
niter,ni,del,rscale     3    3   12.0000    1.2000
parameters
   -0.8769   -4.3212   11.7914  -21.9574    4.5938   -1.3115
eta,q 0.93751 12.43790
  0.0731  0.0749  0.0677  0.0660  0.0675  0.0664
  0.0666  0.0690  0.0646  0.0639  0.0646  0.0639
  0.0641  0.0658  0.0628  0.0627  0.0627  0.0627
  0.0627  0.0627  0.0621  0.0621  0.0625  0.0625
  0.0629  0.0617  0.0627  0.0626  0.0636  0.0633
  0.0657  0.0658  0.0650  0.0663  0.0650  0.0646
  0.0723  0.0726  0.0700  0.0707  0.0677  0.0659
niter,ni,del,rscale     2    3   12.0000    1.2000
parameters
   -0.8385   -3.7856   11.4169  -22.9763    4.6560   -1.1901
eta,q 0.93802 12.45519
  0.0727  0.0744  0.0676  0.0665  0.0681  0.0665
  0.0665  0.0689  0.0638  0.0638  0.0646  0.0639
  0.0639  0.0654  0.0622  0.0623  0.0622  0.0626
  0.0625  0.0625  0.0619  0.0619  0.0619  0.0620
  0.0627  0.0618  0.0624  0.0622  0.0631  0.0626
  0.0657  0.0660  0.0647  0.0653  0.0646  0.0641
  0.0732  0.0723  0.0697  0.0702  0.0675  0.0659
niter,ni,del,rscale     1    3   12.0000    1.2000
parameters
   -0.8634   -3.4713   11.0685  -23.6003    4.6715   -1.1075
eta,q 0.93832 12.47041
  0.0727  0.0737  0.0680  0.0672  0.0682  0.0664
  0.0664  0.0686  0.0636  0.0639  0.0645  0.0638
  0.0635  0.0651  0.0620  0.0624  0.0620  0.0624
  0.0620  0.0620  0.0617  0.0617  0.0617  0.0617
  0.0622  0.0621  0.0623  0.0622  0.0629  0.0623
  0.0657  0.0666  0.0648  0.0647  0.0646  0.0640
  0.0739  0.0729  0.0697  0.0697  0.0677  0.0660
registration optimization eta report
parameter search radius
    6.0000    6.9000    6.0000    9.1253    6.9000    6.9000
100000*second partial in parameter space
       32.       23.       20.        8.       13.        9.
  0.0727  0.0737  0.0680  0.0672  0.0682  0.0664
  0.0664  0.0686  0.0636  0.0639  0.0645  0.0638
  0.0635  0.0651  0.0620  0.0624  0.0620  0.0624
  0.0620  0.0620  0.0617  0.0617  0.0617  0.0617
  0.0622  0.0621  0.0623  0.0622  0.0629  0.0623
  0.0657  0.0666  0.0648  0.0647  0.0646  0.0640
  0.0739  0.0729  0.0697  0.0697  0.0677  0.0660
   -0.8634   -3.4713   11.0685  -23.6003    4.6715   -1.1075
eta,q 0.93832 12.47041

---------------------------------------------------------------------
imgreg_4dfp /opt/freesurfer/average/711-2C_as_mni_average_305 /opt/freesurfer/average/711-2B_as_mni_average_305_mask talsrcimg_g11 none talsrcimg_to_711-2C_as_mni_average_305_t4 3335
---------------------------------------------------------------------

freesurfer imgreg_4dfp.c
/opt/freesurfer/average/711-2C_as_mni_average_305.4dfp.img
       256       256       256         1
  1.000000  1.000000  1.000000
orientation T byte_order littleendian
Reading image: /opt/freesurfer/average/711-2C_as_mni_average_305.4dfp.img
dimensions:      256       256       256
mmppix:       1.0000   -1.0000   -1.0000
center:     128.0000 -129.0000 -129.0000
/opt/freesurfer/average/711-2B_as_mni_average_305_mask.4dfp.img
       256       256       256         1
  1.000000  1.000000  1.000000
orientation T byte_order littleendian
Reading mask: /opt/freesurfer/average/711-2B_as_mni_average_305_mask.4dfp.img (2306576 pixels)
talsrcimg_g11.4dfp.img
       256       256       256         1
  1.000000  1.000000  1.000000
orientation T byte_order littleendian
Reading image: talsrcimg_g11.4dfp.img
dimensions:      256       256       256
mmppix:       1.0000   -1.0000   -1.0000
center:     128.0000 -129.0000 -129.0000
fimgreg.f
image alignment mode   3335 decimal      D07 hex
parameters
   -0.8634   -3.4713   11.0685   -0.3508   -8.4441   -8.6684
    5.0312   -6.6879   -1.9265   40.1722    8.1443  -39.9024
eta,q 0.94067 12.51138
niter,ni,del,rscale     5    3    5.0000    1.2000
parameter  4  3.939820 ->  0.500000 qaram    1.1500
parameter  5  3.676443 ->  0.500000 qaram    1.1500
parameter  6  1.174596 ->  0.500000 qaram    1.1500
parameter 10  1.210353 ->  0.500000 qaram    1.1500
parameters
   -0.8929   -2.9054   11.6847   -4.4908  -12.5841  -12.8084
    2.1326   -5.3027    0.8878   36.0322    5.4084  -37.6653
eta,q 0.96278 11.41585
  0.0620  0.0619  0.0617  0.0474  0.0422  0.0407  0.0422  0.0479  0.0439  0.0365  0.0379  0.0399
  0.0605  0.0607  0.0605  0.0508  0.0451  0.0413  0.0413  0.0445  0.0426  0.0372  0.0374  0.0387
  0.0596  0.0598  0.0597  0.0549  0.0483  0.0431  0.0412  0.0423  0.0416  0.0386  0.0374  0.0378
  0.0593  0.0593  0.0593  0.0592  0.0519  0.0459  0.0416  0.0411  0.0410  0.0407  0.0376  0.0374
  0.0597  0.0593  0.0592  0.0642  0.0558  0.0496  0.0427  0.0411  0.0407  0.0435  0.0380  0.0372
  0.0606  0.0596  0.0594  0.0694  0.0601  0.0541  0.0442  0.0421  0.0408  0.0469  0.0388  0.0374
  0.0621  0.0602  0.0600  0.0746  0.0647  0.0591  0.0462  0.0441  0.0413  0.0509  0.0398  0.0379
niter,ni,del,rscale     7    3    5.0000    1.2000
parameter  2 -0.519787 -> -0.500000 qaram    1.1500
parameter  4  1.218263 ->  0.500000 qaram    1.3225
parameter  5  1.717394 ->  0.500000 qaram    1.3225
parameters
   -0.4086   -1.5254   10.7729   -9.2518  -17.3451  -15.4041
    1.8021   -5.0053    0.7400   32.9576    5.5350  -39.4950
eta,q 0.97515 10.81057
  0.0420  0.0416  0.0369  0.0293  0.0235  0.0276  0.0282  0.0315  0.0280  0.0266  0.0262  0.0258
  0.0397  0.0397  0.0362  0.0300  0.0250  0.0265  0.0268  0.0285  0.0267  0.0255  0.0256  0.0251
  0.0381  0.0382  0.0360  0.0322  0.0274  0.0256  0.0258  0.0264  0.0258  0.0250  0.0252  0.0248
  0.0372  0.0371  0.0364  0.0360  0.0305  0.0256  0.0256  0.0256  0.0256  0.0256  0.0250  0.0250
  0.0371  0.0365  0.0372  0.0408  0.0343  0.0273  0.0260  0.0261  0.0259  0.0271  0.0251  0.0255
  0.0378  0.0364  0.0384  0.0462  0.0386  0.0310  0.0271  0.0279  0.0268  0.0297  0.0255  0.0262
  0.0393  0.0370  0.0400  0.0524  0.0434  0.0361  0.0288  0.0306  0.0282  0.0335  0.0262  0.0270
niter,ni,del,rscale     7    3    5.0000    1.2000
parameter  5  0.754448 ->  0.500000 qaram    1.5209
parameters
   -0.2592   -1.3300   10.2869  -12.9124  -22.8203  -15.7422
    2.2720   -4.9744    0.8668   33.2988    5.9558  -43.0604
eta,q 0.97861 10.45081
  0.0296  0.0294  0.0260  0.0262  0.0219  0.0251  0.0249  0.0266  0.0244  0.0260  0.0228  0.0219
  0.0272  0.0271  0.0251  0.0248  0.0217  0.0234  0.0234  0.0241  0.0231  0.0239  0.0222  0.0214
  0.0256  0.0255  0.0248  0.0241  0.0224  0.0223  0.0223  0.0223  0.0221  0.0224  0.0219  0.0214
  0.0249  0.0248  0.0248  0.0247  0.0241  0.0218  0.0218  0.0218  0.0218  0.0218  0.0218  0.0218
  0.0251  0.0251  0.0253  0.0272  0.0270  0.0217  0.0220  0.0224  0.0221  0.0221  0.0219  0.0225
  0.0264  0.0263  0.0262  0.0316  0.0307  0.0231  0.0228  0.0240  0.0229  0.0233  0.0221  0.0235
  0.0286  0.0283  0.0275  0.0371  0.0353  0.0266  0.0242  0.0265  0.0242  0.0255  0.0226  0.0245
niter,ni,del,rscale     7    3    5.0000    1.2000
parameters
   -0.1275   -0.9638   10.0581  -13.1994  -25.7571  -15.8532
    2.3414   -4.9006    1.0605   34.3407    6.1498  -44.3265
eta,q 0.97912 10.34879
  0.0259  0.0266  0.0229  0.0260  0.0240  0.0250  0.0239  0.0260  0.0236  0.0263  0.0220  0.0221
  0.0236  0.0240  0.0220  0.0239  0.0220  0.0231  0.0224  0.0234  0.0222  0.0237  0.0214  0.0213
  0.0221  0.0222  0.0214  0.0223  0.0210  0.0218  0.0214  0.0216  0.0214  0.0219  0.0211  0.0209
  0.0214  0.0214  0.0213  0.0213  0.0213  0.0210  0.0210  0.0210  0.0210  0.0210  0.0210  0.0210
  0.0217  0.0215  0.0217  0.0216  0.0229  0.0209  0.0213  0.0216  0.0212  0.0212  0.0211  0.0214
  0.0229  0.0226  0.0225  0.0235  0.0260  0.0224  0.0223  0.0233  0.0220  0.0223  0.0214  0.0222
  0.0251  0.0244  0.0237  0.0275  0.0303  0.0261  0.0238  0.0258  0.0233  0.0242  0.0219  0.0232
niter,ni,del,rscale     6    3    5.0000    1.2000
parameters
   -0.1049   -0.7265    9.8926  -12.8690  -26.4394  -15.9856
    2.3434   -4.8792    1.1476   34.8222    6.2506  -44.7886
eta,q 0.97920 10.34599
  0.0250  0.0256  0.0226  0.0259  0.0254  0.0251  0.0236  0.0259  0.0233  0.0256  0.0220  0.0224
  0.0228  0.0232  0.0216  0.0238  0.0230  0.0230  0.0222  0.0232  0.0220  0.0231  0.0213  0.0215
  0.0214  0.0215  0.0210  0.0220  0.0214  0.0217  0.0212  0.0214  0.0211  0.0214  0.0210  0.0209
  0.0209  0.0209  0.0209  0.0208  0.0208  0.0208  0.0208  0.0208  0.0208  0.0208  0.0208  0.0208
  0.0213  0.0212  0.0212  0.0209  0.0215  0.0208  0.0212  0.0214  0.0211  0.0213  0.0209  0.0212
  0.0226  0.0223  0.0220  0.0225  0.0236  0.0224  0.0221  0.0232  0.0219  0.0225  0.0213  0.0218
  0.0249  0.0242  0.0232  0.0261  0.0271  0.0263  0.0237  0.0258  0.0232  0.0245  0.0219  0.0227
niter,ni,del,rscale     5    3    5.0000    1.2000
parameters
   -0.1129   -0.6543    9.8040  -12.7827  -26.6363  -16.0681
    2.3510   -4.8878    1.1636   34.9997    6.3127  -44.9920
eta,q 0.97918 10.34570
  0.0248  0.0250  0.0227  0.0258  0.0257  0.0252  0.0236  0.0259  0.0232  0.0253  0.0220  0.0225
  0.0227  0.0227  0.0216  0.0237  0.0233  0.0231  0.0222  0.0232  0.0219  0.0228  0.0214  0.0216
  0.0213  0.0213  0.0210  0.0219  0.0215  0.0217  0.0212  0.0214  0.0211  0.0213  0.0210  0.0210
  0.0208  0.0208  0.0208  0.0208  0.0208  0.0208  0.0208  0.0208  0.0208  0.0208  0.0208  0.0208
  0.0212  0.0212  0.0211  0.0209  0.0213  0.0207  0.0212  0.0215  0.0211  0.0214  0.0209  0.0211
  0.0227  0.0225  0.0219  0.0227  0.0232  0.0224  0.0221  0.0232  0.0219  0.0227  0.0213  0.0218
  0.0249  0.0245  0.0230  0.0265  0.0265  0.0263  0.0237  0.0259  0.0232  0.0248  0.0220  0.0227
niter,ni,del,rscale     4    3    5.0000    1.2000
parameters
   -0.1178   -0.6349    9.7691  -12.7581  -26.7019  -16.1063
    2.3597   -4.8946    1.1669   35.0604    6.3258  -45.0698
eta,q 0.97917 10.34532
  0.0248  0.0248  0.0228  0.0258  0.0258  0.0252  0.0236  0.0259  0.0232  0.0252  0.0220  0.0226
  0.0227  0.0226  0.0217  0.0237  0.0234  0.0232  0.0222  0.0232  0.0219  0.0228  0.0213  0.0216
  0.0213  0.0212  0.0210  0.0219  0.0216  0.0218  0.0212  0.0214  0.0211  0.0213  0.0210  0.0210
  0.0208  0.0208  0.0208  0.0208  0.0208  0.0208  0.0208  0.0208  0.0208  0.0208  0.0208  0.0208
  0.0213  0.0213  0.0211  0.0210  0.0213  0.0207  0.0212  0.0215  0.0211  0.0214  0.0209  0.0211
  0.0227  0.0226  0.0218  0.0228  0.0231  0.0224  0.0221  0.0232  0.0219  0.0228  0.0213  0.0217
  0.0249  0.0246  0.0229  0.0266  0.0264  0.0263  0.0237  0.0259  0.0232  0.0249  0.0220  0.0226
niter,ni,del,rscale     3    3    5.0000    1.2000
parameters
   -0.1205   -0.6296    9.7554  -12.7502  -26.7230  -16.1202
    2.3612   -4.8964    1.1668   35.0831    6.3372  -45.0936
eta,q 0.97917 10.34530
  0.0248  0.0248  0.0229  0.0258  0.0259  0.0253  0.0236  0.0259  0.0232  0.0251  0.0220  0.0226
  0.0227  0.0226  0.0217  0.0237  0.0234  0.0232  0.0222  0.0232  0.0219  0.0227  0.0214  0.0216
  0.0213  0.0212  0.0211  0.0219  0.0217  0.0218  0.0212  0.0214  0.0211  0.0213  0.0210  0.0210
  0.0208  0.0208  0.0208  0.0208  0.0208  0.0208  0.0208  0.0208  0.0208  0.0208  0.0208  0.0208
  0.0213  0.0213  0.0211  0.0210  0.0213  0.0207  0.0212  0.0215  0.0211  0.0214  0.0210  0.0211
  0.0227  0.0226  0.0218  0.0228  0.0231  0.0224  0.0221  0.0232  0.0219  0.0228  0.0213  0.0217
  0.0249  0.0247  0.0229  0.0266  0.0263  0.0263  0.0237  0.0259  0.0232  0.0249  0.0220  0.0226
registration optimization eta report
parameter search radius
    2.4000    2.7600    2.4000    9.5220   10.9503    8.2800
    7.2000    7.2000    7.2000    8.2800    7.2000    7.2000
100000*second partial in parameter space
       70.       51.       35.        6.        4.        7.
        5.       10.        5.        6.        2.        3.
  0.0248  0.0248  0.0229  0.0258  0.0259  0.0253  0.0236  0.0259  0.0232  0.0251  0.0220  0.0226
  0.0227  0.0226  0.0217  0.0237  0.0234  0.0232  0.0222  0.0232  0.0219  0.0227  0.0214  0.0216
  0.0213  0.0212  0.0211  0.0219  0.0217  0.0218  0.0212  0.0214  0.0211  0.0213  0.0210  0.0210
  0.0208  0.0208  0.0208  0.0208  0.0208  0.0208  0.0208  0.0208  0.0208  0.0208  0.0208  0.0208
  0.0213  0.0213  0.0211  0.0210  0.0213  0.0207  0.0212  0.0215  0.0211  0.0214  0.0210  0.0211
  0.0227  0.0226  0.0218  0.0228  0.0231  0.0224  0.0221  0.0232  0.0219  0.0228  0.0213  0.0217
  0.0249  0.0247  0.0229  0.0266  0.0263  0.0263  0.0237  0.0259  0.0232  0.0249  0.0220  0.0226
   -0.1205   -0.6296    9.7554  -12.7502  -26.7230  -16.1202
    2.3612   -4.8964    1.1668   35.0831    6.3372  -45.0936
eta,q 0.97917 10.34530

---------------------------------------------------------------------
imgreg_4dfp /opt/freesurfer/average/711-2C_as_mni_average_305 /opt/freesurfer/average/711-2B_as_mni_average_305_mask talsrcimg_g11 none talsrcimg_to_711-2C_as_mni_average_305_t4 2311
---------------------------------------------------------------------

freesurfer imgreg_4dfp.c
/opt/freesurfer/average/711-2C_as_mni_average_305.4dfp.img
       256       256       256         1
  1.000000  1.000000  1.000000
orientation T byte_order littleendian
Reading image: /opt/freesurfer/average/711-2C_as_mni_average_305.4dfp.img
dimensions:      256       256       256
mmppix:       1.0000   -1.0000   -1.0000
center:     128.0000 -129.0000 -129.0000
/opt/freesurfer/average/711-2B_as_mni_average_305_mask.4dfp.img
       256       256       256         1
  1.000000  1.000000  1.000000
orientation T byte_order littleendian
Reading mask: /opt/freesurfer/average/711-2B_as_mni_average_305_mask.4dfp.img (2306576 pixels)
talsrcimg_g11.4dfp.img
       256       256       256         1
  1.000000  1.000000  1.000000
orientation T byte_order littleendian
Reading image: talsrcimg_g11.4dfp.img
dimensions:      256       256       256
mmppix:       1.0000   -1.0000   -1.0000
center:     128.0000 -129.0000 -129.0000
fimgreg.f
image alignment mode   2311 decimal      907 hex
parameters
   -0.1205   -0.6296    9.7554  -12.7502  -26.7230  -16.1202
    2.3612   -4.8964    1.1668   35.0831    6.3372  -45.0936
eta,q 0.97917 10.34530
niter,ni,del,rscale     5    3    5.0000    0.8000
parameters
   -0.1043   -0.6601    9.7384  -11.6925  -26.2846  -15.2053
    2.2605   -4.8122    1.1666   35.1877    6.4445  -44.7326
eta,q 0.97944 10.42866
  0.0227  0.0221  0.0217  0.0228  0.0220  0.0227  0.0219  0.0233  0.0217  0.0221  0.0212  0.0216
  0.0217  0.0214  0.0212  0.0220  0.0214  0.0219  0.0212  0.0218  0.0211  0.0213  0.0209  0.0211
  0.0211  0.0210  0.0209  0.0213  0.0209  0.0212  0.0207  0.0209  0.0207  0.0207  0.0206  0.0207
  0.0208  0.0208  0.0208  0.0208  0.0207  0.0207  0.0206  0.0206  0.0206  0.0206  0.0206  0.0206
  0.0210  0.0210  0.0209  0.0207  0.0208  0.0205  0.0207  0.0208  0.0207  0.0207  0.0206  0.0206
  0.0216  0.0215  0.0213  0.0210  0.0211  0.0208  0.0212  0.0217  0.0211  0.0212  0.0208  0.0209
  0.0227  0.0222  0.0218  0.0217  0.0216  0.0218  0.0220  0.0231  0.0217  0.0220  0.0212  0.0213
niter,ni,del,rscale     4    3    5.0000    0.7000
parameters
   -0.1415   -0.7142    9.8651  -11.7461  -26.2395  -14.9377
    2.3368   -4.8631    1.1758   35.0752    6.4457  -44.5468
eta,q 0.97948 10.43160
  0.0220  0.0215  0.0215  0.0218  0.0214  0.0220  0.0216  0.0225  0.0214  0.0216  0.0210  0.0213
  0.0212  0.0210  0.0210  0.0211  0.0209  0.0214  0.0210  0.0214  0.0209  0.0210  0.0207  0.0209
  0.0207  0.0206  0.0207  0.0207  0.0207  0.0209  0.0206  0.0207  0.0206  0.0206  0.0206  0.0206
  0.0206  0.0206  0.0206  0.0205  0.0205  0.0205  0.0205  0.0205  0.0205  0.0205  0.0205  0.0205
  0.0207  0.0207  0.0206  0.0207  0.0206  0.0205  0.0206  0.0208  0.0206  0.0207  0.0206  0.0206
  0.0213  0.0211  0.0208  0.0211  0.0209  0.0209  0.0210  0.0215  0.0209  0.0211  0.0207  0.0208
  0.0221  0.0217  0.0212  0.0219  0.0214  0.0218  0.0216  0.0226  0.0214  0.0217  0.0210  0.0212
niter,ni,del,rscale     3    3    5.0000    0.6000
parameters
   -0.1488   -0.7161    9.9241  -11.7195  -26.2488  -14.7359
    2.3153   -4.8736    1.1863   35.0211    6.4252  -44.4403
eta,q 0.97951 10.43495
  0.0216  0.0213  0.0212  0.0215  0.0211  0.0216  0.0213  0.0220  0.0211  0.0213  0.0209  0.0211
  0.0210  0.0209  0.0208  0.0210  0.0208  0.0211  0.0208  0.0212  0.0208  0.0208  0.0207  0.0208
  0.0206  0.0206  0.0206  0.0206  0.0206  0.0207  0.0206  0.0207  0.0206  0.0206  0.0205  0.0206
  0.0205  0.0205  0.0205  0.0205  0.0205  0.0205  0.0205  0.0205  0.0205  0.0205  0.0205  0.0205
  0.0206  0.0206  0.0206  0.0206  0.0206  0.0205  0.0206  0.0207  0.0206  0.0206  0.0205  0.0205
  0.0210  0.0209  0.0207  0.0209  0.0208  0.0208  0.0209  0.0212  0.0208  0.0209  0.0207  0.0207
  0.0216  0.0213  0.0210  0.0215  0.0211  0.0215  0.0213  0.0220  0.0211  0.0214  0.0209  0.0210
niter,ni,del,rscale     2    3    5.0000    0.5000
parameters
   -0.1530   -0.7172    9.9604  -11.7050  -26.2704  -14.5699
    2.2967   -4.8780    1.1924   34.9845    6.4052  -44.3636
eta,q 0.97952 10.43718
  0.0213  0.0210  0.0209  0.0212  0.0209  0.0213  0.0210  0.0216  0.0209  0.0211  0.0207  0.0209
  0.0208  0.0207  0.0207  0.0208  0.0207  0.0209  0.0207  0.0210  0.0207  0.0207  0.0206  0.0207
  0.0206  0.0205  0.0206  0.0206  0.0205  0.0206  0.0205  0.0206  0.0205  0.0205  0.0205  0.0205
  0.0205  0.0205  0.0205  0.0205  0.0205  0.0205  0.0205  0.0205  0.0205  0.0205  0.0205  0.0205
  0.0206  0.0206  0.0205  0.0206  0.0205  0.0205  0.0205  0.0206  0.0205  0.0206  0.0205  0.0205
  0.0208  0.0207  0.0207  0.0208  0.0207  0.0207  0.0207  0.0210  0.0207  0.0208  0.0206  0.0206
  0.0213  0.0210  0.0209  0.0212  0.0209  0.0212  0.0210  0.0216  0.0209  0.0211  0.0207  0.0208
niter,ni,del,rscale     1    3    5.0000    0.4000
parameters
   -0.1537   -0.7186    9.9924  -11.7005  -26.2953  -14.4300
    2.2813   -4.8756    1.2012   34.9434    6.3566  -44.3119
eta,q 0.97952 10.43814
  0.0210  0.0208  0.0208  0.0209  0.0208  0.0210  0.0208  0.0212  0.0208  0.0209  0.0206  0.0207
  0.0207  0.0206  0.0206  0.0207  0.0206  0.0208  0.0206  0.0208  0.0206  0.0206  0.0205  0.0206
  0.0205  0.0205  0.0205  0.0205  0.0205  0.0206  0.0205  0.0206  0.0205  0.0205  0.0205  0.0205
  0.0205  0.0205  0.0205  0.0205  0.0205  0.0205  0.0205  0.0205  0.0205  0.0205  0.0205  0.0205
  0.0205  0.0205  0.0205  0.0205  0.0205  0.0205  0.0205  0.0206  0.0205  0.0205  0.0205  0.0205
  0.0207  0.0206  0.0206  0.0207  0.0206  0.0206  0.0206  0.0208  0.0206  0.0207  0.0205  0.0206
  0.0210  0.0208  0.0207  0.0209  0.0208  0.0209  0.0208  0.0212  0.0208  0.0209  0.0206  0.0207
registration optimization eta report
parameter search radius
    0.8000    0.8000    0.8000    2.4000    2.4000    2.4000
    2.4000    2.4000    2.4000    2.4000    2.4000    2.4000
100000*second partial in parameter space
       76.       53.       42.        8.        5.        9.
        6.       12.        5.        7.        3.        4.
  0.0210  0.0208  0.0208  0.0209  0.0208  0.0210  0.0208  0.0212  0.0208  0.0209  0.0206  0.0207
  0.0207  0.0206  0.0206  0.0207  0.0206  0.0208  0.0206  0.0208  0.0206  0.0206  0.0205  0.0206
  0.0205  0.0205  0.0205  0.0205  0.0205  0.0206  0.0205  0.0206  0.0205  0.0205  0.0205  0.0205
  0.0205  0.0205  0.0205  0.0205  0.0205  0.0205  0.0205  0.0205  0.0205  0.0205  0.0205  0.0205
  0.0205  0.0205  0.0205  0.0205  0.0205  0.0205  0.0205  0.0206  0.0205  0.0205  0.0205  0.0205
  0.0207  0.0206  0.0206  0.0207  0.0206  0.0206  0.0206  0.0208  0.0206  0.0207  0.0205  0.0206
  0.0210  0.0208  0.0207  0.0209  0.0208  0.0209  0.0208  0.0212  0.0208  0.0209  0.0206  0.0207
   -0.1537   -0.7186    9.9924  -11.7005  -26.2953  -14.4300
    2.2813   -4.8756    1.2012   34.9434    6.3566  -44.3119
eta,q 0.97952 10.43814

---------------------------------------------------------------------
imgreg_4dfp /opt/freesurfer/average/711-2C_as_mni_average_305 /opt/freesurfer/average/711-2B_as_mni_average_305_mask talsrcimg_g11 none talsrcimg_to_711-2C_as_mni_average_305_t4 2311
---------------------------------------------------------------------

freesurfer imgreg_4dfp.c
/opt/freesurfer/average/711-2C_as_mni_average_305.4dfp.img
       256       256       256         1
  1.000000  1.000000  1.000000
orientation T byte_order littleendian
Reading image: /opt/freesurfer/average/711-2C_as_mni_average_305.4dfp.img
dimensions:      256       256       256
mmppix:       1.0000   -1.0000   -1.0000
center:     128.0000 -129.0000 -129.0000
/opt/freesurfer/average/711-2B_as_mni_average_305_mask.4dfp.img
       256       256       256         1
  1.000000  1.000000  1.000000
orientation T byte_order littleendian
Reading mask: /opt/freesurfer/average/711-2B_as_mni_average_305_mask.4dfp.img (2306576 pixels)
talsrcimg_g11.4dfp.img
       256       256       256         1
  1.000000  1.000000  1.000000
orientation T byte_order littleendian
Reading image: talsrcimg_g11.4dfp.img
dimensions:      256       256       256
mmppix:       1.0000   -1.0000   -1.0000
center:     128.0000 -129.0000 -129.0000
fimgreg.f
image alignment mode   2311 decimal      907 hex
parameters
   -0.1537   -0.7186    9.9924  -11.7005  -26.2953  -14.4300
    2.2813   -4.8756    1.2012   34.9434    6.3566  -44.3119
eta,q 0.97952 10.43815
niter,ni,del,rscale     5    3    5.0000    0.8000
parameters
   -0.1636   -0.7047   10.0304  -11.9012  -26.2824  -14.8942
    2.3382   -4.9010    1.1863   34.9738    6.3363  -44.4058
eta,q 0.97949 10.42097
  0.0224  0.0219  0.0216  0.0220  0.0216  0.0219  0.0219  0.0231  0.0216  0.0221  0.0211  0.0214
  0.0213  0.0211  0.0210  0.0212  0.0210  0.0213  0.0212  0.0217  0.0210  0.0212  0.0208  0.0209
  0.0207  0.0206  0.0206  0.0207  0.0206  0.0207  0.0207  0.0208  0.0206  0.0207  0.0206  0.0206
  0.0205  0.0205  0.0205  0.0205  0.0205  0.0205  0.0205  0.0205  0.0205  0.0205  0.0205  0.0205
  0.0207  0.0206  0.0206  0.0207  0.0206  0.0207  0.0207  0.0208  0.0206  0.0207  0.0206  0.0206
  0.0214  0.0211  0.0209  0.0213  0.0210  0.0215  0.0211  0.0217  0.0210  0.0212  0.0208  0.0210
  0.0224  0.0218  0.0215  0.0224  0.0216  0.0231  0.0219  0.0231  0.0216  0.0220  0.0211  0.0214
niter,ni,del,rscale     4    3    5.0000    0.7000
parameters
   -0.1521   -0.6931    9.9551  -11.7784  -26.2543  -14.8493
    2.3073   -4.8782    1.1814   35.0044    6.3753  -44.4374
eta,q 0.97950 10.42884
  0.0220  0.0216  0.0212  0.0218  0.0214  0.0218  0.0216  0.0225  0.0214  0.0217  0.0210  0.0212
  0.0212  0.0210  0.0208  0.0212  0.0209  0.0213  0.0210  0.0214  0.0209  0.0210  0.0207  0.0208
  0.0207  0.0206  0.0206  0.0207  0.0206  0.0208  0.0206  0.0207  0.0206  0.0206  0.0206  0.0206
  0.0205  0.0205  0.0205  0.0205  0.0205  0.0205  0.0205  0.0205  0.0205  0.0205  0.0205  0.0205
  0.0207  0.0206  0.0206  0.0206  0.0206  0.0205  0.0206  0.0207  0.0206  0.0207  0.0206  0.0206
  0.0211  0.0210  0.0209  0.0210  0.0209  0.0210  0.0210  0.0214  0.0209  0.0210  0.0207  0.0208
  0.0220  0.0216  0.0214  0.0217  0.0213  0.0220  0.0216  0.0225  0.0214  0.0216  0.0210  0.0212
niter,ni,del,rscale     3    3    5.0000    0.6000
parameters
   -0.1520   -0.7082    9.9513  -11.7239  -26.2587  -14.7072
    2.3032   -4.8750    1.1790   35.0002    6.3990  -44.4120
eta,q 0.97951 10.43421
  0.0216  0.0213  0.0211  0.0215  0.0211  0.0216  0.0213  0.0220  0.0211  0.0214  0.0209  0.0210
  0.0210  0.0208  0.0208  0.0210  0.0208  0.0211  0.0208  0.0212  0.0208  0.0209  0.0207  0.0207
  0.0206  0.0206  0.0206  0.0206  0.0206  0.0207  0.0206  0.0207  0.0206  0.0206  0.0205  0.0205
  0.0205  0.0205  0.0205  0.0205  0.0205  0.0205  0.0205  0.0205  0.0205  0.0205  0.0205  0.0205
  0.0206  0.0206  0.0206  0.0206  0.0206  0.0205  0.0206  0.0207  0.0206  0.0206  0.0205  0.0206
  0.0210  0.0209  0.0208  0.0209  0.0208  0.0208  0.0209  0.0212  0.0208  0.0209  0.0206  0.0207
  0.0216  0.0213  0.0211  0.0214  0.0211  0.0215  0.0213  0.0220  0.0211  0.0213  0.0209  0.0210
niter,ni,del,rscale     2    3    5.0000    0.5000
parameters
   -0.1508   -0.7130    9.9710  -11.7054  -26.2725  -14.5657
    2.2952   -4.8742    1.1991   34.9775    6.3809  -44.3653
eta,q 0.97952 10.43689
  0.0212  0.0210  0.0209  0.0212  0.0209  0.0213  0.0210  0.0216  0.0209  0.0211  0.0207  0.0209
  0.0208  0.0207  0.0207  0.0208  0.0207  0.0209  0.0207  0.0210  0.0207  0.0207  0.0206  0.0207
  0.0206  0.0205  0.0205  0.0206  0.0205  0.0206  0.0205  0.0206  0.0205  0.0205  0.0205  0.0205
  0.0205  0.0205  0.0205  0.0205  0.0205  0.0205  0.0205  0.0205  0.0205  0.0205  0.0205  0.0205
  0.0206  0.0206  0.0205  0.0206  0.0205  0.0205  0.0205  0.0206  0.0205  0.0206  0.0205  0.0205
  0.0208  0.0207  0.0207  0.0208  0.0207  0.0207  0.0207  0.0210  0.0207  0.0208  0.0206  0.0206
  0.0212  0.0210  0.0209  0.0212  0.0209  0.0212  0.0210  0.0216  0.0209  0.0211  0.0207  0.0209
niter,ni,del,rscale     1    3    5.0000    0.4000
parameters
   -0.1519   -0.7161    9.9967  -11.6935  -26.2938  -14.4285
    2.2805   -4.8733    1.2019   34.9517    6.3464  -44.3095
eta,q 0.97953 10.43868
  0.0210  0.0208  0.0208  0.0209  0.0208  0.0210  0.0208  0.0212  0.0208  0.0209  0.0206  0.0207
  0.0207  0.0206  0.0206  0.0207  0.0206  0.0208  0.0206  0.0208  0.0206  0.0206  0.0205  0.0206
  0.0205  0.0205  0.0205  0.0205  0.0205  0.0206  0.0205  0.0206  0.0205  0.0205  0.0205  0.0205
  0.0205  0.0205  0.0205  0.0205  0.0205  0.0205  0.0205  0.0205  0.0205  0.0205  0.0205  0.0205
  0.0205  0.0205  0.0205  0.0205  0.0205  0.0205  0.0205  0.0206  0.0205  0.0205  0.0205  0.0205
  0.0207  0.0206  0.0206  0.0207  0.0206  0.0206  0.0206  0.0208  0.0206  0.0207  0.0205  0.0206
  0.0210  0.0208  0.0207  0.0209  0.0208  0.0209  0.0208  0.0212  0.0208  0.0209  0.0206  0.0207
registration optimization eta report
parameter search radius
    0.8000    0.8000    0.8000    2.4000    2.4000    2.4000
    2.4000    2.4000    2.4000    2.4000    2.4000    2.4000
100000*second partial in parameter space
       76.       54.       43.        8.        5.        9.
        6.       12.        5.        7.        3.        4.
  0.0210  0.0208  0.0208  0.0209  0.0208  0.0210  0.0208  0.0212  0.0208  0.0209  0.0206  0.0207
  0.0207  0.0206  0.0206  0.0207  0.0206  0.0208  0.0206  0.0208  0.0206  0.0206  0.0205  0.0206
  0.0205  0.0205  0.0205  0.0205  0.0205  0.0206  0.0205  0.0206  0.0205  0.0205  0.0205  0.0205
  0.0205  0.0205  0.0205  0.0205  0.0205  0.0205  0.0205  0.0205  0.0205  0.0205  0.0205  0.0205
  0.0205  0.0205  0.0205  0.0205  0.0205  0.0205  0.0205  0.0206  0.0205  0.0205  0.0205  0.0205
  0.0207  0.0206  0.0206  0.0207  0.0206  0.0206  0.0206  0.0208  0.0206  0.0207  0.0205  0.0206
  0.0210  0.0208  0.0207  0.0209  0.0208  0.0209  0.0208  0.0212  0.0208  0.0209  0.0206  0.0207
   -0.1519   -0.7161    9.9967  -11.6935  -26.2938  -14.4285
    2.2805   -4.8733    1.2019   34.9517    6.3464  -44.3095
eta,q 0.97953 10.43868

---------------------------------------------------------------------
compute_vox2vox talsrcimg talsrcimg_to_711-2C_as_mni_average_305_t4 /opt/freesurfer/average/711-2C_as_mni_average_305
---------------------------------------------------------------------

freesurfer compute_vox2vox.c
Reading: talsrcimg.4dfp.ifh
Reading: talsrcimg_to_711-2C_as_mni_average_305_t4
Reading: /opt/freesurfer/average/711-2C_as_mni_average_305.4dfp.ifh
Writing: talsrcimg_to_711-2C_as_mni_average_305_t4_vox2vox.txt

start time Sat Mar 14 10:31:02 CET 2026
end		time Sat Mar 14 10:31:16 CET 2026

mpr2mni305 success

avi2talxfm orig_nu.mgz /opt/freesurfer/average/mni305.cor.mgz talsrcimg_to_711-2C_as_mni_average_305_t4_vox2vox.txt transforms/talairach.auto.xfm
avi2talxfm done
mv -f /out/sourcedata/freesurfer/sub-v2s9x29154_ses-1/mri/talsrcimg_to_711-2C_as_mni_average_305_t4_vox2vox.txt /out/sourcedata/freesurfer/sub-v2s9x29154_ses-1/mri/transforms/talsrcimg_to_711-2C_as_mni_average_305_t4_vox2vox.txt
lta_convert --src orig_nu.mgz --trg /opt/freesurfer/average/mni305.cor.mgz --inxfm transforms/talairach.auto.xfm --outlta transforms/talairach.auto.xfm.lta --subject fsaverage
7.3.2

--src: orig_nu.mgz src image (geometry).
--trg: /opt/freesurfer/average/mni305.cor.mgz trg image (geometry).
--inmni: transforms/talairach.auto.xfm input MNI/XFM transform.
--outlta: transforms/talairach.auto.xfm.lta output LTA.
--s: fsaverage subject name
 LTA read, type : 1
 1.12785   0.06301   0.00298  -1.20956;
-0.07480   0.93405   0.56384  -10.45913;
 0.01708  -0.44396   1.08932   4.12007;
 0.00000   0.00000   0.00000   1.00000;
setting subject to fsaverage
Writing  LTA to file transforms/talairach.auto.xfm.lta...
lta_convert successful.
 
 
Started at Sat Mar 14 10:31:02 CET 2026
Ended   at Sat Mar 14 10:31:16 CET 2026
talairach_avi done
