status file for recon-all
Sat Mar 14 12:07:04 CET 2026
#@# Tessellate rh Sat Mar 14 12:07:04 CET 2026
#@# Smooth1 rh Sat Mar 14 12:07:07 CET 2026
#@# Inflation1 rh Sat Mar 14 12:07:09 CET 2026
#@# QSphere rh Sat Mar 14 12:07:17 CET 2026
#@# Fix Topology rh Sat Mar 14 12:08:00 CET 2026
#@# Smooth2 rh Sat Mar 14 12:13:20 CET 2026
#@# Inflation2 rh Sat Mar 14 12:13:22 CET 2026
#@# Curv .H and .K rh Sat Mar 14 12:13:31 CET 2026
#@# Sphere rh Sat Mar 14 12:14:09 CET 2026
#@# Surf Reg rh Sat Mar 14 12:15:49 CET 2026
#@# Jacobian white rh Sat Mar 14 12:18:26 CET 2026
#@# AvgCurv rh Sat Mar 14 12:18:27 CET 2026
#@# Cortical Parc rh Sat Mar 14 12:18:27 CET 2026
#@# white curv rh Sat Mar 14 12:23:39 CET 2026
#@# white area rh Sat Mar 14 12:23:40 CET 2026
#@# pial curv rh Sat Mar 14 12:23:41 CET 2026
#@# pial area rh Sat Mar 14 12:23:42 CET 2026
#@# thickness rh Sat Mar 14 12:23:43 CET 2026
#@# area and vertex vol rh Sat Mar 14 12:24:02 CET 2026
#@# Curvature Stats rh Sat Mar 14 12:24:03 CET 2026
#@# Cortical Parc 2 rh Sat Mar 14 12:24:05 CET 2026
#@# Cortical Parc 3 rh Sat Mar 14 12:24:15 CET 2026
#@# WM/GM Contrast rh Sat Mar 14 12:24:22 CET 2026
recon-all -s sub-v2s9x29155_ses-1 finished without error at Sat Mar 14 12:24:24 CET 2026



#New# invocation of recon-all 



status file for recon-all
Sat Mar 14 12:31:30 CET 2026
#@# white curv rh Sat Mar 14 12:31:30 CET 2026
#@# white area rh Sat Mar 14 12:31:30 CET 2026
#@# pial curv rh Sat Mar 14 12:31:30 CET 2026
#@# pial area rh Sat Mar 14 12:31:30 CET 2026
#@# thickness rh Sat Mar 14 12:31:30 CET 2026
#@# area and vertex vol rh Sat Mar 14 12:31:30 CET 2026
#@# Parcellation Stats rh Sat Mar 14 12:31:30 CET 2026
#@# Parcellation Stats 2 rh Sat Mar 14 12:31:45 CET 2026
#@# Parcellation Stats 3 rh Sat Mar 14 12:31:52 CET 2026
#@# BA_exvivo Labels rh Sat Mar 14 12:32:00 CET 2026
recon-all -s sub-v2s9x29155_ses-1 finished without error at Sat Mar 14 12:33:51 CET 2026
