status file for recon-all
Sat Mar 14 11:44:00 CET 2026
#@# Tessellate lh Sat Mar 14 11:44:00 CET 2026
#@# Smooth1 lh Sat Mar 14 11:44:03 CET 2026
#@# Inflation1 lh Sat Mar 14 11:44:04 CET 2026
#@# QSphere lh Sat Mar 14 11:44:13 CET 2026
#@# Fix Topology lh Sat Mar 14 11:44:55 CET 2026
#@# Smooth2 lh Sat Mar 14 11:52:56 CET 2026
#@# Inflation2 lh Sat Mar 14 11:52:58 CET 2026
#@# Curv .H and .K lh Sat Mar 14 11:53:07 CET 2026
#@# Sphere lh Sat Mar 14 11:53:45 CET 2026
#@# Surf Reg lh Sat Mar 14 11:57:31 CET 2026
#@# Jacobian white lh Sat Mar 14 12:01:35 CET 2026
#@# AvgCurv lh Sat Mar 14 12:01:35 CET 2026
#@# Cortical Parc lh Sat Mar 14 12:01:36 CET 2026
#@# white curv lh Sat Mar 14 12:06:18 CET 2026
#@# white area lh Sat Mar 14 12:06:19 CET 2026
#@# pial curv lh Sat Mar 14 12:06:20 CET 2026
#@# pial area lh Sat Mar 14 12:06:21 CET 2026
#@# thickness lh Sat Mar 14 12:06:21 CET 2026
#@# area and vertex vol lh Sat Mar 14 12:06:40 CET 2026
#@# Curvature Stats lh Sat Mar 14 12:06:41 CET 2026
#@# Cortical Parc 2 lh Sat Mar 14 12:06:43 CET 2026
#@# Cortical Parc 3 lh Sat Mar 14 12:06:53 CET 2026
#@# WM/GM Contrast lh Sat Mar 14 12:07:00 CET 2026
recon-all -s sub-v2s9x29155_ses-1 finished without error at Sat Mar 14 12:07:02 CET 2026



#New# invocation of recon-all 



status file for recon-all
Sat Mar 14 12:29:08 CET 2026
#@# white curv lh Sat Mar 14 12:29:08 CET 2026
#@# white area lh Sat Mar 14 12:29:08 CET 2026
#@# pial curv lh Sat Mar 14 12:29:08 CET 2026
#@# pial area lh Sat Mar 14 12:29:08 CET 2026
#@# thickness lh Sat Mar 14 12:29:08 CET 2026
#@# area and vertex vol lh Sat Mar 14 12:29:08 CET 2026
#@# Parcellation Stats lh Sat Mar 14 12:29:08 CET 2026
#@# Parcellation Stats 2 lh Sat Mar 14 12:29:23 CET 2026
#@# Parcellation Stats 3 lh Sat Mar 14 12:29:30 CET 2026
#@# BA_exvivo Labels lh Sat Mar 14 12:29:37 CET 2026
recon-all -s sub-v2s9x29155_ses-1 finished without error at Sat Mar 14 12:31:27 CET 2026
