/out/sourcedata/freesurfer/sub-v2s9x29158_ses-1/mri
/opt/freesurfer/bin/talairach_avi
--i orig_nu.mgz --xfm transforms/talairach.auto.xfm
talairach_avi 7.3.2
Linux dna072 5.14.0-427.37.1.el9_4.x86_64 #1 SMP PREEMPT_DYNAMIC Fri Sep 13 12:41:50 EDT 2024 x86_64 x86_64 x86_64 GNU/Linux
Sat Mar 14 10:30:51 CET 2026
mri_convert orig_nu.mgz talsrcimg.img 
reading from orig_nu.mgz...
TR=0.00, TE=0.00, TI=0.00, flip angle=0.00
i_ras = (-1, 0, 0)
j_ras = (0, 0, -1)
k_ras = (0, 1, 0)
writing to talsrcimg.img...
Analyze Output Matrix
-1.00000   0.00000   0.00000   129.66513;
 0.00000   0.00000   1.00000  -128.00000;
 0.00000  -1.00000   0.00000   130.00000;
 0.00000   0.00000   0.00000   1.00000;
--------------------
INFO: set hdr.hist.orient to -1
mpr2mni305 talsrcimg
Sat Mar 14 10:30:52 CET 2026
/opt/freesurfer/bin/mpr2mni305 talsrcimg
mpr2mni305 7.3.2
target=711-2C_as_mni_average_305

---------------------------------------------------------------------
analyzeto4dfp talsrcimg -O0 -y
---------------------------------------------------------------------

freesurfer ifh2hdr.c
Sat Mar 14 10:30:52 2026
Writing: talsrcimg.4dfp.hdr
freesurfer analyzeto4dfp.c
Reading: talsrcimg.hdr
header size 348 bytes
hdr.dime.datatype	offset=70	value=2
hdr.dime.bitpix		offset=72	value=8
hdr.hist.orient		offset=252	value=-1
dimensionality     4
dimensions       256       256       256         1
Reading: talsrcimg.img
Writing: talsrcimg.4dfp.img
Writing: talsrcimg.4dfp.ifh
ifh2hdr talsrcimg -r0to211
ori=2

---------------------------------------------------------------------
gauss_4dfp talsrcimg 1.1
---------------------------------------------------------------------

freesurfer gauss_4dfp.c
Reading: talsrcimg.4dfp.img
Writing: talsrcimg_g11.4dfp.img
image dimensions 256 256 256 padded to 288 288 288
processing volume 1freesurfer ifh2hdr.c
Sat Mar 14 10:30:53 2026
Writing: talsrcimg_g11.4dfp.hdr

Writing: talsrcimg_g11.4dfp.ifh
including: talsrcimg.4dfp.img.rec in talsrcimg_g11.4dfp.img.rec

---------------------------------------------------------------------
imgreg_4dfp /opt/freesurfer/average/711-2C_as_mni_average_305 none talsrcimg_g11 none talsrcimg_to_711-2C_as_mni_average_305_t4 4355
---------------------------------------------------------------------

freesurfer imgreg_4dfp.c
/opt/freesurfer/average/711-2C_as_mni_average_305.4dfp.img
       256       256       256         1
  1.000000  1.000000  1.000000
orientation T byte_order littleendian
Reading image: /opt/freesurfer/average/711-2C_as_mni_average_305.4dfp.img
dimensions:      256       256       256
mmppix:       1.0000   -1.0000   -1.0000
center:     128.0000 -129.0000 -129.0000
talsrcimg_g11.4dfp.img
       256       256       256         1
  1.000000  1.000000  1.000000
orientation T byte_order littleendian
Reading image: talsrcimg_g11.4dfp.img
dimensions:      256       256       256
mmppix:       1.0000   -1.0000   -1.0000
center:     128.0000 -129.0000 -129.0000
t4_read: open error in t4_sub.f l:  41 t4_file(1:l)talsrcimg_to_711-2C_as_mni_average_305_t4 
t4_read: transform initialized to I4
rotation matrix determinant  1.000000
image alignment mode   4355 decimal     1103 hex
   -7.5000  -45.0000  -45.0000 8985.9365   19.8551
    0.0000  -45.0000  -45.0000 9230.0391   19.8191
    7.5000  -45.0000  -45.0000 8717.5879   19.8265
   -7.5000  -37.5000  -45.0000 9337.4922   19.8231
    0.0000  -37.5000  -45.0000 9592.5117   19.7957
    7.5000  -37.5000  -45.0000 9057.5684   19.8056
   -7.5000  -30.0000  -45.0000 9983.4766   19.8005
    0.0000  -30.0000  -45.000010244.1621   19.7717
    7.5000  -30.0000  -45.0000 9701.7725   19.7776
   -7.5000  -22.5000  -45.000010587.3174   19.8066
    0.0000  -22.5000  -45.000010863.8779   19.7656
    7.5000  -22.5000  -45.000010281.6006   19.7638
   -7.5000  -15.0000  -45.000011126.7295   19.8324
    0.0000  -15.0000  -45.000011406.3857   19.7809
    7.5000  -15.0000  -45.000010810.3408   19.7746
   -7.5000   -7.5000  -45.000011553.5479   19.8583
    0.0000   -7.5000  -45.000011857.9336   19.8105
    7.5000   -7.5000  -45.000011225.0723   19.8093
   -7.5000    0.0000  -45.000011892.1357   19.8551
    0.0000    0.0000  -45.000012217.0342   19.8191
    7.5000    0.0000  -45.000011575.1445   19.8265
   -7.5000    7.5000  -45.000011231.6797   19.8231
    0.0000    7.5000  -45.000011503.9863   19.7957
    7.5000    7.5000  -45.000010888.4424   19.8056
   -7.5000   15.0000  -45.000010439.2256   19.8005
    0.0000   15.0000  -45.000010691.7520   19.7717
    7.5000   15.0000  -45.000010109.9150   19.7776
   -7.5000   22.5000  -45.0000 9643.0830   19.8039
    0.0000   22.5000  -45.0000 9875.9639   19.7629
    7.5000   22.5000  -45.0000 9319.7598   19.7611
   -7.5000   30.0000  -45.0000 8817.9941   19.5681
    0.0000   30.0000  -45.0000 9024.8379   19.5173
    7.5000   30.0000  -45.0000 8501.5010   19.5111
   -7.5000   37.5000  -45.0000 8256.8096   19.5937
    0.0000   37.5000  -45.0000 8433.7637   19.5465
    7.5000   37.5000  -45.0000 7919.7148   19.5453
   -7.5000   45.0000  -45.0000 7354.2568   19.1588
    0.0000   45.0000  -45.0000 7492.4199   19.1240
    7.5000   45.0000  -45.0000 7008.6821   19.1313
   -7.5000  -45.0000  -37.5000 9617.7236   19.8565
    0.0000  -45.0000  -37.5000 9884.0713   19.8218
    7.5000  -45.0000  -37.5000 9315.6494   19.8309
   -7.5000  -37.5000  -37.5000 9954.2451   19.8076
    0.0000  -37.5000  -37.500010224.0840   19.7836
    7.5000  -37.5000  -37.5000 9652.0850   19.7964
   -7.5000  -30.0000  -37.500010624.2227   19.7774
    0.0000  -30.0000  -37.500010914.0312   19.7532
    7.5000  -30.0000  -37.500010312.7715   19.7635
   -7.5000  -22.5000  -37.500011268.8545   19.7964
    0.0000  -22.5000  -37.500011557.1631   19.7584
    7.5000  -22.5000  -37.500010919.4658   19.7602
   -7.5000  -15.0000  -37.500011807.2959   19.8389
    0.0000  -15.0000  -37.500012096.3408   19.7888
    7.5000  -15.0000  -37.500011461.4258   19.7848
   -7.5000   -7.5000  -37.500012241.0693   19.8688
    0.0000   -7.5000  -37.500012537.2725   19.8219
    7.5000   -7.5000  -37.500011869.2207   19.8226
   -7.5000    0.0000  -37.500012585.5732   19.8565
    0.0000    0.0000  -37.500012862.5488   19.8218
    7.5000    0.0000  -37.500012187.9668   19.8309
   -7.5000    7.5000  -37.500011826.2568   19.8076
    0.0000    7.5000  -37.500012106.3232   19.7836
    7.5000    7.5000  -37.500011472.3896   19.7964
   -7.5000   15.0000  -37.500010962.2070   19.7774
    0.0000   15.0000  -37.500011229.9434   19.7532
    7.5000   15.0000  -37.500010630.3281   19.7635
   -7.5000   22.5000  -37.500010093.8799   19.7937
    0.0000   22.5000  -37.500010332.6602   19.7557
    7.5000   22.5000  -37.5000 9782.2188   19.7575
   -7.5000   30.0000  -37.5000 9214.8574   19.5745
    0.0000   30.0000  -37.5000 9427.5723   19.5251
    7.5000   30.0000  -37.5000 8906.0830   19.5211
   -7.5000   37.5000  -37.5000 8596.1074   19.6041
    0.0000   37.5000  -37.5000 8781.2930   19.5578
    7.5000   37.5000  -37.5000 8285.5977   19.5584
   -7.5000   45.0000  -37.5000 7622.0312   19.1604
    0.0000   45.0000  -37.5000 7769.7988   19.1272
    7.5000   45.0000  -37.5000 7310.5806   19.1361
   -7.5000  -45.0000  -30.000010346.7158   20.6703
    0.0000  -45.0000  -30.000010640.7754   20.6515
    7.5000  -45.0000  -30.000010038.3945   20.6791
   -7.5000  -37.5000  -30.000010676.8242   20.6066
    0.0000  -37.5000  -30.000010983.1504   20.5993
    7.5000  -37.5000  -30.000010375.4961   20.6323
   -7.5000  -30.0000  -30.000011424.2256   20.5729
    0.0000  -30.0000  -30.000011746.9961   20.5673
    7.5000  -30.0000  -30.000011069.8682   20.5980
   -7.5000  -22.5000  -30.000012104.8750   20.6042
    0.0000  -22.5000  -30.000012424.8799   20.5856
    7.5000  -22.5000  -30.000011699.6221   20.6070
   -7.5000  -15.0000  -30.000012652.8291   20.6604
    0.0000  -15.0000  -30.000012978.6504   20.6295
    7.5000  -15.0000  -30.000012258.6250   20.6441
   -7.5000   -7.5000  -30.000013076.1533   20.6929
    0.0000   -7.5000  -30.000013412.2266   20.6633
    7.5000   -7.5000  -30.000012662.5996   20.6820
   -7.5000    0.0000  -30.000013402.7676   20.6703
    0.0000    0.0000  -30.000013722.3125   20.6515
    7.5000    0.0000  -30.000012978.0801   20.6791
   -7.5000    7.5000  -30.000012578.3076   20.6066
    0.0000    7.5000  -30.000012892.1377   20.5993
    7.5000    7.5000  -30.000012197.4092   20.6323
   -7.5000   15.0000  -30.000011626.6191   20.5729
    0.0000   15.0000  -30.000011932.5273   20.5673
    7.5000   15.0000  -30.000011303.1572   20.5980
   -7.5000   22.5000  -30.000010696.9932   20.5993
    0.0000   22.5000  -30.000010961.7695   20.5806
    7.5000   22.5000  -30.000010389.5117   20.6021
   -7.5000   30.0000  -30.0000 9751.4082   20.3870
    0.0000   30.0000  -30.000010000.1973   20.3565
    7.5000   30.0000  -30.0000 9448.9014   20.3710
   -7.5000   37.5000  -30.0000 9062.2695   20.4191
    0.0000   37.5000  -30.0000 9263.9463   20.3899
    7.5000   37.5000  -30.0000 8765.7715   20.4083
   -7.5000   45.0000  -30.0000 8022.3271   19.9600
    0.0000   45.0000  -30.0000 8188.7197   19.9425
    7.5000   45.0000  -30.0000 7731.6406   19.9695
   -7.5000  -45.0000  -22.500011041.3623   21.3539
    0.0000  -45.0000  -22.500011393.9844   21.3506
    7.5000  -45.0000  -22.500010747.5693   21.3958
   -7.5000  -37.5000  -22.500011407.1592   21.2962
    0.0000  -37.5000  -22.500011745.3174   21.3030
    7.5000  -37.5000  -22.500011089.2090   21.3525
   -7.5000  -30.0000  -22.500012177.9951   21.2692
    0.0000  -30.0000  -22.500012542.6045   21.2786
    7.5000  -30.0000  -22.500011799.5195   21.3251
   -7.5000  -22.5000  -22.500012836.5186   21.2981
    0.0000  -22.5000  -22.500013247.2324   21.2979
    7.5000  -22.5000  -22.500012426.1270   21.3366
   -7.5000  -15.0000  -22.500013398.1543   21.3480
    0.0000  -15.0000  -22.500013842.6699   21.3369
    7.5000  -15.0000  -22.500013014.7207   21.3707
   -7.5000   -7.5000  -22.500013826.2646   21.3768
    0.0000   -7.5000  -22.500014265.6289   21.3653
    7.5000   -7.5000  -22.500013431.7881   21.4023
   -7.5000    0.0000  -22.500014141.6074   21.3539
    0.0000    0.0000  -22.500014566.0156   21.3506
    7.5000    0.0000  -22.500013724.5010   21.3958
   -7.5000    7.5000  -22.500013263.2744   21.2962
    0.0000    7.5000  -22.500013656.4893   21.3030
    7.5000    7.5000  -22.500012896.0684   21.3525
   -7.5000   15.0000  -22.500012248.0605   21.2692
    0.0000   15.0000  -22.500012627.6982   21.2786
    7.5000   15.0000  -22.500011927.5010   21.3251
   -7.5000   22.5000  -22.500011219.3115   21.2915
    0.0000   22.5000  -22.500011571.6426   21.2913
    7.5000   22.5000  -22.500010947.4727   21.3300
   -7.5000   30.0000  -22.500010225.2178   21.0688
    0.0000   30.0000  -22.500010504.8418   21.0578
    7.5000   30.0000  -22.5000 9919.5039   21.0911
   -7.5000   37.5000  -22.5000 9491.7178   21.0972
    0.0000   37.5000  -22.5000 9726.4639   21.0858
    7.5000   37.5000  -22.5000 9198.4160   21.1224
   -7.5000   45.0000  -22.5000 8365.2080   20.6351
    0.0000   45.0000  -22.5000 8555.2227   20.6326
    7.5000   45.0000  -22.5000 8097.0063   20.6768
   -7.5000  -45.0000  -15.000011704.2041   21.8613
    0.0000  -45.0000  -15.000012146.8164   21.8585
    7.5000  -45.0000  -15.000011447.1143   21.9037
   -7.5000  -37.5000  -15.000012095.4551   21.8212
    0.0000  -37.5000  -15.000012518.7451   21.8261
    7.5000  -37.5000  -15.000011787.5996   21.8733
   -7.5000  -30.0000  -15.000012845.0986   21.8022
    0.0000  -30.0000  -15.000013313.6094   21.8089
    7.5000  -30.0000  -15.000012484.5977   21.8512
   -7.5000  -22.5000  -15.000013499.0254   21.8177
    0.0000  -22.5000  -15.000014021.3184   21.8166
    7.5000  -22.5000  -15.000013157.1963   21.8527
   -7.5000  -15.0000  -15.000014091.6582   21.8501
    0.0000  -15.0000  -15.000014623.3789   21.8401
    7.5000  -15.0000  -15.000013744.2705   21.8735
   -7.5000   -7.5000  -15.000014529.1035   21.8749
    0.0000   -7.5000  -15.000015071.7002   21.8648
    7.5000   -7.5000  -15.000014173.8633   21.9024
   -7.5000    0.0000  -15.000014825.5283   21.8613
    0.0000    0.0000  -15.000015362.0869   21.8585
    7.5000    0.0000  -15.000014438.8037   21.9037
   -7.5000    7.5000  -15.000013892.5586   21.8212
    0.0000    7.5000  -15.000014375.0723   21.8261
    7.5000    7.5000  -15.000013532.6719   21.8733
   -7.5000   15.0000  -15.000012835.7236   21.8022
    0.0000   15.0000  -15.000013286.8418   21.8089
    7.5000   15.0000  -15.000012513.9404   21.8512
   -7.5000   22.5000  -15.000011732.9541   21.8099
    0.0000   22.5000  -15.000012148.8545   21.8089
    7.5000   22.5000  -15.000011456.6260   21.8449
   -7.5000   30.0000  -15.000010649.2295   21.5673
    0.0000   30.0000  -15.000010986.4414   21.5574
    7.5000   30.0000  -15.000010365.2324   21.5904
   -7.5000   37.5000  -15.0000 9853.5811   21.5918
    0.0000   37.5000  -15.000010138.2432   21.5818
    7.5000   37.5000  -15.0000 9586.8965   21.6189
   -7.5000   45.0000  -15.0000 8677.6465   21.1377
    0.0000   45.0000  -15.0000 8889.1543   21.1355
    7.5000   45.0000  -15.0000 8410.8516   21.1798
   -7.5000  -45.0000   -7.500012422.3145   22.1440
    0.0000  -45.0000   -7.500012907.1475   22.1230
    7.5000  -45.0000   -7.500012191.2939   22.1495
   -7.5000  -37.5000   -7.500012823.6602   22.1138
    0.0000  -37.5000   -7.500013333.0283   22.1002
    7.5000  -37.5000   -7.500012571.8926   22.1287
   -7.5000  -30.0000   -7.500013574.1846   22.0950
    0.0000  -30.0000   -7.500014149.6279   22.0808
    7.5000  -30.0000   -7.500013326.4980   22.1035
   -7.5000  -22.5000   -7.500014283.8486   22.0997
    0.0000  -22.5000   -7.500014886.1055   22.0756
    7.5000  -22.5000   -7.500014035.0000   22.0910
   -7.5000  -15.0000   -7.500014947.4336   22.1226
    0.0000  -15.0000   -7.500015519.3018   22.0891
    7.5000  -15.0000   -7.500014618.6494   22.1012
   -7.5000   -7.5000   -7.500015349.0156   22.1481
    0.0000   -7.5000   -7.500015926.0693   22.1172
    7.5000   -7.5000   -7.500015026.2256   22.1347
   -7.5000    0.0000   -7.500015624.2129   22.1440
    0.0000    0.0000   -7.500016175.4541   22.1230
    7.5000    0.0000   -7.500015252.7627   22.1495
   -7.5000    7.5000   -7.500014607.7803   22.1138
    0.0000    7.5000   -7.500015129.0693   22.1002
    7.5000    7.5000   -7.500014276.0195   22.1287
   -7.5000   15.0000   -7.500013510.2598   22.0950
    0.0000   15.0000   -7.500013994.9414   22.0808
    7.5000   15.0000   -7.500013225.9160   22.1035
   -7.5000   22.5000   -7.500012367.4648   22.0895
    0.0000   22.5000   -7.500012799.7666   22.0654
    7.5000   22.5000   -7.500012062.8857   22.0808
   -7.5000   30.0000   -7.500011155.4531   21.8357
    0.0000   30.0000   -7.500011542.2812   21.8027
    7.5000   30.0000   -7.500010884.5264   21.8146
   -7.5000   37.5000   -7.500010296.5293   21.8609
    0.0000   37.5000   -7.500010618.8760   21.8304
    7.5000   37.5000   -7.500010014.0664   21.8476
   -7.5000   45.0000   -7.5000 9023.5801   21.4154
    0.0000   45.0000   -7.5000 9278.3594   21.3952
    7.5000   45.0000   -7.5000 8743.7480   21.4213
   -7.5000  -45.0000    0.000013027.6689   22.2179
    0.0000  -45.0000    0.000013455.3115   22.1776
    7.5000  -45.0000    0.000012771.7109   22.1860
   -7.5000  -37.5000    0.000013447.4199   22.1822
    0.0000  -37.5000    0.000013869.1807   22.1515
    7.5000  -37.5000    0.000013138.0449   22.1626
   -7.5000  -30.0000    0.000014183.4531   22.1568
    0.0000  -30.0000    0.000014627.0400   22.1247
    7.5000  -30.0000    0.000013884.0342   22.1312
   -7.5000  -22.5000    0.000014922.8574   22.1637
    0.0000  -22.5000    0.000015420.6084   22.1178
    7.5000  -22.5000    0.000014625.8154   22.1158
   -7.5000  -15.0000    0.000015605.1396   22.1926
    0.0000  -15.0000    0.000016128.3740   22.1349
    7.5000  -15.0000    0.000015276.2266   22.1279
   -7.5000   -7.5000    0.000016014.8359   22.2216
    0.0000   -7.5000    0.000016534.9727   22.1681
    7.5000   -7.5000    0.000015663.4863   22.1667
   -7.5000    0.0000    0.000016264.9434   22.2179
    0.0000    0.0000    0.000016774.2402   22.1776
    7.5000    0.0000    0.000015860.9678   22.1860
   -7.5000    7.5000    0.000015162.3154   22.1822
    0.0000    7.5000    0.000015683.0000   22.1515
    7.5000    7.5000    0.000014830.9365   22.1626
   -7.5000   15.0000    0.000014065.9424   22.1568
    0.0000   15.0000    0.000014554.2930   22.1247
    7.5000   15.0000    0.000013766.6572   22.1312
   -7.5000   22.5000    0.000012901.5273   22.1535
    0.0000   22.5000    0.000013336.8105   22.1076
    7.5000   22.5000    0.000012579.7607   22.1056
   -7.5000   30.0000    0.000011624.6143   21.9054
    0.0000   30.0000    0.000012020.0537   21.8484
    7.5000   30.0000    0.000011319.2852   21.8415
   -7.5000   37.5000    0.000010684.9199   21.9340
    0.0000   37.5000    0.000011037.3955   21.8812
    7.5000   37.5000    0.000010379.2461   21.8798
   -7.5000   45.0000    0.0000 9290.7236   21.4893
    0.0000   45.0000    0.0000 9564.4229   21.4503
    7.5000   45.0000    0.0000 9022.4355   21.4585
   -7.5000  -45.0000    7.500012626.2461   22.2199
    0.0000  -45.0000    7.500013007.4170   22.1812
    7.5000  -45.0000    7.500012311.9209   22.1913
   -7.5000  -37.5000    7.500013081.2021   22.1652
    0.0000  -37.5000    7.500013375.4609   22.1384
    7.5000  -37.5000    7.500012650.0645   22.1528
   -7.5000  -30.0000    7.500013813.9404   22.1314
    0.0000  -30.0000    7.500014154.8955   22.1044
    7.5000  -30.0000    7.500013406.2686   22.1158
   -7.5000  -22.5000    7.500014503.6787   22.1527
    0.0000  -22.5000    7.500014921.9375   22.1102
    7.5000  -22.5000    7.500014155.1602   22.1122
   -7.5000  -15.0000    7.500015105.9697   22.2002
    0.0000  -15.0000    7.500015591.9023   22.1442
    7.5000  -15.0000    7.500014803.6562   22.1397
   -7.5000   -7.5000    7.500015506.1299   22.2337
    0.0000   -7.5000    7.500015996.1914   22.1813
    7.5000   -7.5000    7.500015171.3750   22.1820
   -7.5000    0.0000    7.500015687.7910   22.2199
    0.0000    0.0000    7.500016151.2451   22.1812
    7.5000    0.0000    7.500015319.3604   22.1913
   -7.5000    7.5000    7.500014630.7432   22.1652
    0.0000    7.5000    7.500015078.7734   22.1384
    7.5000    7.5000    7.500014310.0547   22.1528
   -7.5000   15.0000    7.500013575.4727   22.1314
    0.0000   15.0000    7.500014022.3145   22.1044
    7.5000   15.0000    7.500013274.7100   22.1158
   -7.5000   22.5000    7.500012449.9775   22.1425
    0.0000   22.5000    7.500012824.8027   22.1000
    7.5000   22.5000    7.500012147.4189   22.1020
   -7.5000   30.0000    7.500011212.4795   21.9129
    0.0000   30.0000    7.500011532.7529   21.8576
    7.5000   30.0000    7.500010883.3906   21.8532
   -7.5000   37.5000    7.500010297.7764   21.9460
    0.0000   37.5000    7.500010605.3691   21.8942
    7.5000   37.5000    7.5000 9993.2754   21.8949
   -7.5000   45.0000    7.5000 8912.8555   21.4915
    0.0000   45.0000    7.5000 9168.7295   21.4542
    7.5000   45.0000    7.5000 8661.6934   21.4642
   -7.5000  -45.0000   15.000012081.5820   22.1965
    0.0000  -45.0000   15.000012441.9600   22.1764
    7.5000  -45.0000   15.000011756.0117   22.2059
   -7.5000  -37.5000   15.000012518.5625   22.1281
    0.0000  -37.5000   15.000012766.6416   22.1203
    7.5000  -37.5000   15.000012077.2568   22.1557
   -7.5000  -30.0000   15.000013352.7471   22.0919
    0.0000  -30.0000   15.000013561.7305   22.0858
    7.5000  -30.0000   15.000012848.9414   22.1189
   -7.5000  -22.5000   15.000014040.0488   22.1255
    0.0000  -22.5000   15.000014315.0742   22.1055
    7.5000  -22.5000   15.000013573.7959   22.1285
   -7.5000  -15.0000   15.000014563.6328   22.1859
    0.0000  -15.0000   15.000014913.8691   22.1527
    7.5000  -15.0000   15.000014173.8311   22.1684
   -7.5000   -7.5000   15.000014906.1172   22.2208
    0.0000   -7.5000   15.000015280.5596   22.1890
    7.5000   -7.5000   15.000014518.3984   22.2090
   -7.5000    0.0000   15.000015024.0195   22.1965
    0.0000    0.0000   15.000015388.0801   22.1764
    7.5000    0.0000   15.000014633.0195   22.2059
   -7.5000    7.5000   15.000014025.2607   22.1281
    0.0000    7.5000   15.000014372.5967   22.1203
    7.5000    7.5000   15.000013659.2041   22.1557
   -7.5000   15.0000   15.000013005.0723   22.0919
    0.0000   15.0000   15.000013321.9082   22.0858
    7.5000   15.0000   15.000012614.1445   22.1189
   -7.5000   22.5000   15.000011875.2148   22.1153
    0.0000   22.5000   15.000012153.0967   22.0953
    7.5000   22.5000   15.000011495.9268   22.1183
   -7.5000   30.0000   15.000010650.4561   21.8987
    0.0000   30.0000   15.000010902.1406   21.8660
    7.5000   30.0000   15.000010270.3027   21.8815
   -7.5000   37.5000   15.0000 9772.2598   21.9332
    0.0000   37.5000   15.0000 9994.9463   21.9018
    7.5000   37.5000   15.0000 9428.6445   21.9216
   -7.5000   45.0000   15.0000 8467.3672   21.4685
    0.0000   45.0000   15.0000 8644.1943   21.4497
    7.5000   45.0000   15.0000 8180.5342   21.4787
   -7.5000  -45.0000   22.500011485.0986   22.1671
    0.0000  -45.0000   22.500011774.2754   22.1636
    7.5000  -45.0000   22.500011150.4424   22.2105
   -7.5000  -37.5000   22.500011870.0654   22.1072
    0.0000  -37.5000   22.500012108.4219   22.1142
    7.5000  -37.5000   22.500011472.4141   22.1656
   -7.5000  -30.0000   22.500012635.4482   22.0791
    0.0000  -30.0000   22.500012866.4307   22.0889
    7.5000  -30.0000   22.500012190.0889   22.1371
   -7.5000  -22.5000   22.500013348.6836   22.1091
    0.0000  -22.5000   22.500013566.9824   22.1089
    7.5000  -22.5000   22.500012855.5283   22.1491
   -7.5000  -15.0000   22.500013902.6318   22.1610
    0.0000  -15.0000   22.500014135.2471   22.1494
    7.5000  -15.0000   22.500013412.5508   22.1845
   -7.5000   -7.5000   22.500014188.8223   22.1908
    0.0000   -7.5000   22.500014472.0547   22.1789
    7.5000   -7.5000   22.500013739.3418   22.2173
   -7.5000    0.0000   22.500014296.4268   22.1671
    0.0000    0.0000   22.500014585.7764   22.1636
    7.5000    0.0000   22.500013865.7871   22.2105
   -7.5000    7.5000   22.500013341.5039   22.1072
    0.0000    7.5000   22.500013627.6211   22.1142
    7.5000    7.5000   22.500012946.1338   22.1656
   -7.5000   15.0000   22.500012348.3936   22.0791
    0.0000   15.0000   22.500012572.7822   22.0889
    7.5000   15.0000   22.500011913.6133   22.1371
   -7.5000   22.5000   22.500011253.1387   22.0989
    0.0000   22.5000   22.500011446.0635   22.0987
    7.5000   22.5000   22.500010832.3350   22.1389
   -7.5000   30.0000   22.500010074.7363   21.8742
    0.0000   30.0000   22.500010256.2061   21.8628
    7.5000   30.0000   22.5000 9686.4707   21.8973
   -7.5000   37.5000   22.5000 9244.9795   21.9036
    0.0000   37.5000   22.5000 9413.3857   21.8918
    7.5000   37.5000   22.5000 8885.4160   21.9298
   -7.5000   45.0000   22.5000 8013.8062   21.4394
    0.0000   45.0000   22.5000 8159.2109   21.4368
    7.5000   45.0000   22.5000 7697.7725   21.4828
   -7.5000  -45.0000   30.000010783.4404   22.2088
    0.0000  -45.0000   30.000011051.6123   22.2067
    7.5000  -45.0000   30.000010447.1865   22.2533
   -7.5000  -37.5000   30.000011142.4336   22.1680
    0.0000  -37.5000   30.000011377.1152   22.1738
    7.5000  -37.5000   30.000010761.3457   22.2225
   -7.5000  -30.0000   30.000011848.2148   22.1490
    0.0000  -30.0000   30.000012100.7246   22.1567
    7.5000  -30.0000   30.000011435.9795   22.2003
   -7.5000  -22.5000   30.000012503.7979   22.1651
    0.0000  -22.5000   30.000012731.3457   22.1648
    7.5000  -22.5000   30.000012051.0176   22.2021
   -7.5000  -15.0000   30.000013055.0273   22.1982
    0.0000  -15.0000   30.000013261.8018   22.1888
    7.5000  -15.0000   30.000012568.1895   22.2233
   -7.5000   -7.5000   30.000013382.6836   22.2231
    0.0000   -7.5000   30.000013576.2324   22.2136
    7.5000   -7.5000   30.000012876.3418   22.2524
   -7.5000    0.0000   30.000013511.6318   22.2088
    0.0000    0.0000   30.000013721.6426   22.2067
    7.5000    0.0000   30.000013007.9111   22.2533
   -7.5000    7.5000   30.000012600.2842   22.1680
    0.0000    7.5000   30.000012817.6904   22.1738
    7.5000    7.5000   30.000012139.1875   22.2225
   -7.5000   15.0000   30.000011620.4395   22.1490
    0.0000   15.0000   30.000011830.2744   22.1567
    7.5000   15.0000   30.000011180.5391   22.2003
   -7.5000   22.5000   30.000010562.0430   22.1549
    0.0000   22.5000   30.000010777.0986   22.1546
    7.5000   22.5000   30.000010155.5928   22.1919
   -7.5000   30.0000   30.0000 9423.5244   21.9109
    0.0000   30.0000   30.0000 9638.4746   21.9016
    7.5000   30.0000   30.0000 9078.9424   21.9357
   -7.5000   37.5000   30.0000 8639.4541   21.9355
    0.0000   37.5000   30.0000 8841.1094   21.9261
    7.5000   37.5000   30.0000 8317.8955   21.9644
   -7.5000   45.0000   30.0000 7495.6270   21.4784
    0.0000   45.0000   30.0000 7653.0854   21.4768
    7.5000   45.0000   30.0000 7198.1406   21.5225
   -7.5000  -45.0000   37.500010316.8174   22.3288
    0.0000  -45.0000   37.500010647.3047   22.3091
    7.5000  -45.0000   37.500010053.5166   22.3370
   -7.5000  -37.5000   37.500010651.6416   22.2985
    0.0000  -37.5000   37.500010981.2617   22.2861
    7.5000  -37.5000   37.500010360.3281   22.3158
   -7.5000  -30.0000   37.500011342.8389   22.2802
    0.0000  -30.0000   37.500011677.1982   22.2671
    7.5000  -30.0000   37.500011014.7578   22.2910
   -7.5000  -22.5000   37.500011979.4062   22.2856
    0.0000  -22.5000   37.500012305.0596   22.2626
    7.5000  -22.5000   37.500011607.3936   22.2792
   -7.5000  -15.0000   37.500012514.0664   22.3088
    0.0000  -15.0000   37.500012821.8418   22.2766
    7.5000  -15.0000   37.500012114.7500   22.2899
   -7.5000   -7.5000   37.500012846.1025   22.3339
    0.0000   -7.5000   37.500013150.6758   22.3043
    7.5000   -7.5000   37.500012438.3867   22.3230
   -7.5000    0.0000   37.500012998.1670   22.3288
    0.0000    0.0000   37.500013297.8623   22.3091
    7.5000    0.0000   37.500012584.7725   22.3370
   -7.5000    7.5000   37.500012159.0342   22.2985
    0.0000    7.5000   37.500012424.0645   22.2861
    7.5000    7.5000   37.500011742.5840   22.3158
   -7.5000   15.0000   37.500011216.1064   22.2802
    0.0000   15.0000   37.500011467.6406   22.2671
    7.5000   15.0000   37.500010815.8877   22.2910
   -7.5000   22.5000   37.500010223.9473   22.2753
    0.0000   22.5000   37.500010452.7861   22.2524
    7.5000   22.5000   37.5000 9833.6670   22.2689
   -7.5000   30.0000   37.5000 9125.2725   22.0201
    0.0000   30.0000   37.5000 9329.2246   21.9883
    7.5000   30.0000   37.5000 8791.0010   22.0015
   -7.5000   37.5000   37.5000 8368.5879   22.0448
    0.0000   37.5000   37.5000 8546.8750   22.0156
    7.5000   37.5000   37.5000 8060.6245   22.0341
   -7.5000   45.0000   37.5000 7250.7739   21.5936
    0.0000   45.0000   37.5000 7414.2485   21.5746
    7.5000   45.0000   37.5000 7003.8428   21.6019
   -7.5000  -45.0000   45.0000 9393.4131   22.5239
    0.0000  -45.0000   45.0000 9668.1133   22.4858
    7.5000  -45.0000   45.0000 9156.1211   22.4961
   -7.5000  -37.5000   45.0000 9699.4492   22.4877
    0.0000  -37.5000   45.0000 9980.9375   22.4591
    7.5000  -37.5000   45.0000 9440.2988   22.4719
   -7.5000  -30.0000   45.000010331.0488   22.4636
    0.0000  -30.0000   45.000010611.7207   22.4333
    7.5000  -30.0000   45.000010041.5889   22.4412
   -7.5000  -22.5000   45.000010919.0869   22.4720
    0.0000  -22.5000   45.000011198.4971   22.4279
    7.5000  -22.5000   45.000010590.7910   22.4272
   -7.5000  -15.0000   45.000011418.5156   22.5017
    0.0000  -15.0000   45.000011697.8965   22.4459
    7.5000  -15.0000   45.000011082.7227   22.4403
   -7.5000   -7.5000   45.000011772.1865   22.5296
    0.0000   -7.5000   45.000012027.6523   22.4781
    7.5000   -7.5000   45.000011417.0918   22.4786
   -7.5000    0.0000   45.000011943.5684   22.5239
    0.0000    0.0000   45.000012208.2451   22.4858
    7.5000    0.0000   45.000011597.2500   22.4961
   -7.5000    7.5000   45.000011177.6543   22.4877
    0.0000    7.5000   45.000011429.7559   22.4591
    7.5000    7.5000   45.000010820.7695   22.4719
   -7.5000   15.0000   45.000010324.1816   22.4636
    0.0000   15.0000   45.000010567.2539   22.4333
    7.5000   15.0000   45.0000 9976.2734   22.4412
   -7.5000   22.5000   45.0000 9408.1279   22.4615
    0.0000   22.5000   45.0000 9631.1182   22.4175
    7.5000   22.5000   45.0000 9072.8018   22.4168
   -7.5000   30.0000   45.0000 8417.6719   22.2085
    0.0000   30.0000   45.0000 8601.7197   22.1534
    7.5000   30.0000   45.0000 8105.4761   22.1480
   -7.5000   37.5000   45.0000 7724.6294   22.2361
    0.0000   37.5000   45.0000 7876.1973   22.1853
    7.5000   37.5000   45.0000 7436.4302   22.1858
   -7.5000   45.0000   45.0000 6716.1982   21.7922
    0.0000   45.0000   45.0000 6848.9160   21.7552
    7.5000   45.0000   45.0000 6473.9990   21.7653

---------------------------------------------------------------------
imgreg_4dfp /opt/freesurfer/average/711-2C_as_mni_average_305 /opt/freesurfer/average/711-2B_as_mni_average_305_mask talsrcimg_g11 none talsrcimg_to_711-2C_as_mni_average_305_t4 4355
---------------------------------------------------------------------

freesurfer imgreg_4dfp.c
/opt/freesurfer/average/711-2C_as_mni_average_305.4dfp.img
       256       256       256         1
  1.000000  1.000000  1.000000
orientation T byte_order littleendian
Reading image: /opt/freesurfer/average/711-2C_as_mni_average_305.4dfp.img
dimensions:      256       256       256
mmppix:       1.0000   -1.0000   -1.0000
center:     128.0000 -129.0000 -129.0000
/opt/freesurfer/average/711-2B_as_mni_average_305_mask.4dfp.img
       256       256       256         1
  1.000000  1.000000  1.000000
orientation T byte_order littleendian
Reading mask: /opt/freesurfer/average/711-2B_as_mni_average_305_mask.4dfp.img (2306576 pixels)
talsrcimg_g11.4dfp.img
       256       256       256         1
  1.000000  1.000000  1.000000
orientation T byte_order littleendian
Reading image: talsrcimg_g11.4dfp.img
dimensions:      256       256       256
mmppix:       1.0000   -1.0000   -1.0000
center:     128.0000 -129.0000 -129.0000
rotation matrix determinant  1.000000
image alignment mode   4355 decimal     1103 hex
   -7.5000  -45.0000  -45.0000 2150.4719   18.8199
    0.0000  -45.0000  -45.0000 2135.9451   18.8821
    7.5000  -45.0000  -45.0000 2099.0457   19.3389
   -7.5000  -37.5000  -45.0000 2199.1997   17.6980
    0.0000  -37.5000  -45.0000 2180.0737   17.8143
    7.5000  -37.5000  -45.0000 2145.2292   18.2928
   -7.5000  -30.0000  -45.0000 2225.5681   17.0466
    0.0000  -30.0000  -45.0000 2204.0974   17.1831
    7.5000  -30.0000  -45.0000 2170.4133   17.6680
   -7.5000  -22.5000  -45.0000 2236.2131   16.8312
    0.0000  -22.5000  -45.0000 2209.6677   16.9481
    7.5000  -22.5000  -45.0000 2172.4395   17.4437
   -7.5000  -15.0000  -45.0000 2223.4270   17.0000
    0.0000  -15.0000  -45.0000 2195.9934   17.0655
    7.5000  -15.0000  -45.0000 2156.1101   17.6109
   -7.5000   -7.5000  -45.0000 2186.2092   17.4295
    0.0000   -7.5000  -45.0000 2162.9321   17.5504
    7.5000   -7.5000  -45.0000 2117.4656   18.1568
   -7.5000    0.0000  -45.0000 2128.1448   18.2879
    0.0000    0.0000  -45.0000 2107.3943   18.4183
    7.5000    0.0000  -45.0000 2063.5793   19.0605
   -7.5000    7.5000  -45.0000 2054.4219   19.6911
    0.0000    7.5000  -45.0000 2032.4517   19.8119
    7.5000    7.5000  -45.0000 1988.9001   20.5068
   -7.5000   15.0000  -45.0000 1956.7642   21.7019
    0.0000   15.0000  -45.0000 1939.9575   21.8339
    7.5000   15.0000  -45.0000 1897.3966   22.6121
   -7.5000   22.5000  -45.0000 1844.9744   24.5058
    0.0000   22.5000  -45.0000 1832.5552   24.7372
    7.5000   22.5000  -45.0000 1788.8563   25.5648
   -7.5000   30.0000  -45.0000 1726.7180   28.4163
    0.0000   30.0000  -45.0000 1717.9240   28.6527
    7.5000   30.0000  -45.0000 1682.4131   29.6087
   -7.5000   37.5000  -45.0000 1597.6573   33.6621
    0.0000   37.5000  -45.0000 1587.5223   33.9948
    7.5000   37.5000  -45.0000 1559.3064   35.3949
   -7.5000   45.0000  -45.0000 1468.2726   41.0957
    0.0000   45.0000  -45.0000 1458.4878   41.6767
    7.5000   45.0000  -45.0000 1425.4694   43.2309
   -7.5000  -45.0000  -37.5000 2250.9131   17.2259
    0.0000  -45.0000  -37.5000 2234.2920   17.2658
    7.5000  -45.0000  -37.5000 2202.0781   17.6348
   -7.5000  -37.5000  -37.5000 2300.6343   16.2172
    0.0000  -37.5000  -37.5000 2283.3970   16.2843
    7.5000  -37.5000  -37.5000 2253.3040   16.6674
   -7.5000  -30.0000  -37.5000 2330.1333   15.6419
    0.0000  -30.0000  -37.5000 2314.1270   15.7054
    7.5000  -30.0000  -37.5000 2278.2664   16.1197
   -7.5000  -22.5000  -37.5000 2347.0137   15.4767
    0.0000  -22.5000  -37.5000 2323.6250   15.5458
    7.5000  -22.5000  -37.5000 2285.6597   15.9578
   -7.5000  -15.0000  -37.5000 2335.2622   15.6115
    0.0000  -15.0000  -37.5000 2310.4407   15.6844
    7.5000  -15.0000  -37.5000 2268.6055   16.1504
   -7.5000   -7.5000  -37.5000 2298.1060   16.0172
    0.0000   -7.5000  -37.5000 2277.5874   16.1229
    7.5000   -7.5000  -37.5000 2228.7949   16.6255
   -7.5000    0.0000  -37.5000 2233.9019   16.8121
    0.0000    0.0000  -37.5000 2213.5439   16.9030
    7.5000    0.0000  -37.5000 2167.8574   17.4562
   -7.5000    7.5000  -37.5000 2146.8052   18.0522
    0.0000    7.5000  -37.5000 2130.8257   18.1618
    7.5000    7.5000  -37.5000 2088.4358   18.7557
   -7.5000   15.0000  -37.5000 2043.3451   19.8659
    0.0000   15.0000  -37.5000 2031.7306   19.9908
    7.5000   15.0000  -37.5000 1989.4955   20.6453
   -7.5000   22.5000  -37.5000 1925.9349   22.4447
    0.0000   22.5000  -37.5000 1915.8787   22.6103
    7.5000   22.5000  -37.5000 1875.1814   23.3189
   -7.5000   30.0000  -37.5000 1799.4280   25.9300
    0.0000   30.0000  -37.5000 1792.3812   26.1335
    7.5000   30.0000  -37.5000 1754.2166   26.9705
   -7.5000   37.5000  -37.5000 1657.8480   30.5568
    0.0000   37.5000  -37.5000 1652.1251   30.7745
    7.5000   37.5000  -37.5000 1620.8613   31.7865
   -7.5000   45.0000  -37.5000 1517.0311   37.0557
    0.0000   45.0000  -37.5000 1510.4353   37.4872
    7.5000   45.0000  -37.5000 1484.0325   38.8212
   -7.5000  -45.0000  -30.0000 2388.8921   16.3373
    0.0000  -45.0000  -30.0000 2369.4148   16.4200
    7.5000  -45.0000  -30.0000 2335.3486   16.7982
   -7.5000  -37.5000  -30.0000 2440.2263   15.4213
    0.0000  -37.5000  -30.0000 2426.5542   15.4997
    7.5000  -37.5000  -30.0000 2391.2783   15.8704
   -7.5000  -30.0000  -30.0000 2485.2498   14.9165
    0.0000  -30.0000  -30.0000 2467.5378   14.9887
    7.5000  -30.0000  -30.0000 2428.6206   15.3663
   -7.5000  -22.5000  -30.0000 2505.4910   14.8069
    0.0000  -22.5000  -30.0000 2484.6562   14.8897
    7.5000  -22.5000  -30.0000 2440.5381   15.2508
   -7.5000  -15.0000  -30.0000 2490.3418   14.9900
    0.0000  -15.0000  -30.0000 2468.3455   15.0364
    7.5000  -15.0000  -30.0000 2422.7476   15.4510
   -7.5000   -7.5000  -30.0000 2452.4919   15.3939
    0.0000   -7.5000  -30.0000 2431.9185   15.4516
    7.5000   -7.5000  -30.0000 2379.7087   15.9055
   -7.5000    0.0000  -30.0000 2377.4524   16.1396
    0.0000    0.0000  -30.0000 2359.4434   16.1996
    7.5000    0.0000  -30.0000 2311.5559   16.7140
   -7.5000    7.5000  -30.0000 2277.7949   17.2954
    0.0000    7.5000  -30.0000 2266.1743   17.3862
    7.5000    7.5000  -30.0000 2221.3342   17.9360
   -7.5000   15.0000  -30.0000 2159.9604   18.9894
    0.0000   15.0000  -30.0000 2150.1592   19.0982
    7.5000   15.0000  -30.0000 2110.9307   19.6987
   -7.5000   22.5000  -30.0000 2033.4476   21.4223
    0.0000   22.5000  -30.0000 2021.3219   21.5421
    7.5000   22.5000  -30.0000 1989.0916   22.2547
   -7.5000   30.0000  -30.0000 1897.3762   24.7714
    0.0000   30.0000  -30.0000 1889.7300   24.8363
    7.5000   30.0000  -30.0000 1853.8110   25.6457
   -7.5000   37.5000  -30.0000 1741.7664   29.0146
    0.0000   37.5000  -30.0000 1736.4514   29.1711
    7.5000   37.5000  -30.0000 1713.6796   30.1411
   -7.5000   45.0000  -30.0000 1598.1343   34.9775
    0.0000   45.0000  -30.0000 1593.3884   35.2716
    7.5000   45.0000  -30.0000 1567.6975   36.4785
   -7.5000  -45.0000  -22.5000 2498.9629   15.4636
    0.0000  -45.0000  -22.5000 2480.6609   15.5986
    7.5000  -45.0000  -22.5000 2439.8860   15.9631
   -7.5000  -37.5000  -22.5000 2567.5208   14.6357
    0.0000  -37.5000  -22.5000 2544.4651   14.7394
    7.5000  -37.5000  -22.5000 2506.7908   15.0974
   -7.5000  -30.0000  -22.5000 2618.1780   14.2017
    0.0000  -30.0000  -22.5000 2596.6292   14.2913
    7.5000  -30.0000  -22.5000 2550.2932   14.6303
   -7.5000  -22.5000  -22.5000 2636.0815   14.1581
    0.0000  -22.5000  -22.5000 2618.8105   14.2059
    7.5000  -22.5000  -22.5000 2563.7004   14.5661
   -7.5000  -15.0000  -22.5000 2623.5945   14.3364
    0.0000  -15.0000  -22.5000 2605.5178   14.3814
    7.5000  -15.0000  -22.5000 2550.8101   14.7785
   -7.5000   -7.5000  -22.5000 2580.7366   14.7277
    0.0000   -7.5000  -22.5000 2560.9126   14.7956
    7.5000   -7.5000  -22.5000 2503.6367   15.2373
   -7.5000    0.0000  -22.5000 2495.0637   15.4250
    0.0000    0.0000  -22.5000 2479.1487   15.4915
    7.5000    0.0000  -22.5000 2427.0630   15.9867
   -7.5000    7.5000  -22.5000 2380.4341   16.5518
    0.0000    7.5000  -22.5000 2368.9756   16.6667
    7.5000    7.5000  -22.5000 2328.2300   17.1565
   -7.5000   15.0000  -22.5000 2249.3948   18.2025
    0.0000   15.0000  -22.5000 2240.5920   18.3204
    7.5000   15.0000  -22.5000 2200.2617   18.8667
   -7.5000   22.5000  -22.5000 2108.3665   20.4739
    0.0000   22.5000  -22.5000 2103.2310   20.6094
    7.5000   22.5000  -22.5000 2069.9270   21.2244
   -7.5000   30.0000  -22.5000 1970.1296   23.5773
    0.0000   30.0000  -22.5000 1958.4183   23.6550
    7.5000   30.0000  -22.5000 1923.7712   24.3797
   -7.5000   37.5000  -22.5000 1809.8541   27.6232
    0.0000   37.5000  -22.5000 1802.2017   27.7496
    7.5000   37.5000  -22.5000 1778.5823   28.6208
   -7.5000   45.0000  -22.5000 1656.3304   33.1944
    0.0000   45.0000  -22.5000 1651.2413   33.2930
    7.5000   45.0000  -22.5000 1632.4446   34.3542
   -7.5000  -45.0000  -15.0000 2575.2444   14.7324
    0.0000  -45.0000  -15.0000 2557.5347   14.8527
    7.5000  -45.0000  -15.0000 2512.6475   15.2262
   -7.5000  -37.5000  -15.0000 2655.2380   13.9565
    0.0000  -37.5000  -15.0000 2638.6021   14.0593
    7.5000  -37.5000  -15.0000 2587.6089   14.4228
   -7.5000  -30.0000  -15.0000 2715.6426   13.5567
    0.0000  -30.0000  -15.0000 2696.9246   13.6417
    7.5000  -30.0000  -15.0000 2639.2510   13.9856
   -7.5000  -22.5000  -15.0000 2737.0552   13.5380
    0.0000  -22.5000  -15.0000 2723.7236   13.6041
    7.5000  -22.5000  -15.0000 2661.2437   13.9413
   -7.5000  -15.0000  -15.0000 2724.1702   13.7163
    0.0000  -15.0000  -15.0000 2709.8228   13.7897
    7.5000  -15.0000  -15.0000 2651.5334   14.1425
   -7.5000   -7.5000  -15.0000 2670.2537   14.1193
    0.0000   -7.5000  -15.0000 2656.5415   14.1967
    7.5000   -7.5000  -15.0000 2602.9541   14.5794
   -7.5000    0.0000  -15.0000 2574.4233   14.8161
    0.0000    0.0000  -15.0000 2564.6206   14.8814
    7.5000    0.0000  -15.0000 2517.3901   15.2915
   -7.5000    7.5000  -15.0000 2451.5320   15.8923
    0.0000    7.5000  -15.0000 2442.2334   15.9842
    7.5000    7.5000  -15.0000 2402.1228   16.4657
   -7.5000   15.0000  -15.0000 2312.2783   17.4823
    0.0000   15.0000  -15.0000 2306.3562   17.6239
    7.5000   15.0000  -15.0000 2262.4473   18.1359
   -7.5000   22.5000  -15.0000 2163.8950   19.6199
    0.0000   22.5000  -15.0000 2162.4553   19.7630
    7.5000   22.5000  -15.0000 2123.8733   20.3354
   -7.5000   30.0000  -15.0000 2014.9740   22.4514
    0.0000   30.0000  -15.0000 2005.5017   22.6278
    7.5000   30.0000  -15.0000 1972.8630   23.3086
   -7.5000   37.5000  -15.0000 1851.2300   26.2275
    0.0000   37.5000  -15.0000 1845.3096   26.3792
    7.5000   37.5000  -15.0000 1824.7316   27.2108
   -7.5000   45.0000  -15.0000 1698.5471   31.4033
    0.0000   45.0000  -15.0000 1688.6964   31.5291
    7.5000   45.0000  -15.0000 1666.7668   32.4851
   -7.5000  -45.0000   -7.5000 2633.1482   14.0522
    0.0000  -45.0000   -7.5000 2616.5688   14.1383
    7.5000  -45.0000   -7.5000 2572.3677   14.5536
   -7.5000  -37.5000   -7.5000 2730.3999   13.3520
    0.0000  -37.5000   -7.5000 2713.0005   13.4313
    7.5000  -37.5000   -7.5000 2661.9680   13.8104
   -7.5000  -30.0000   -7.5000 2803.3999   12.9725
    0.0000  -30.0000   -7.5000 2784.3005   13.0805
    7.5000  -30.0000   -7.5000 2722.6614   13.4191
   -7.5000  -22.5000   -7.5000 2832.3616   12.9153
    0.0000  -22.5000   -7.5000 2821.2795   13.0661
    7.5000  -22.5000   -7.5000 2752.9780   13.3999
   -7.5000  -15.0000   -7.5000 2808.0256   13.1604
    0.0000  -15.0000   -7.5000 2800.6951   13.2432
    7.5000  -15.0000   -7.5000 2734.1411   13.6160
   -7.5000   -7.5000   -7.5000 2737.8877   13.5730
    0.0000   -7.5000   -7.5000 2731.6394   13.6489
    7.5000   -7.5000   -7.5000 2674.8542   14.0316
   -7.5000    0.0000   -7.5000 2633.7446   14.2348
    0.0000    0.0000   -7.5000 2623.1687   14.3169
    7.5000    0.0000   -7.5000 2576.1711   14.7201
   -7.5000    7.5000   -7.5000 2504.1506   15.2843
    0.0000    7.5000   -7.5000 2494.3027   15.3673
    7.5000    7.5000   -7.5000 2455.7244   15.8422
   -7.5000   15.0000   -7.5000 2359.8450   16.7922
    0.0000   15.0000   -7.5000 2347.0715   16.9178
    7.5000   15.0000   -7.5000 2313.4526   17.4084
   -7.5000   22.5000   -7.5000 2208.5876   18.8061
    0.0000   22.5000   -7.5000 2197.6082   18.9381
    7.5000   22.5000   -7.5000 2163.5071   19.5230
   -7.5000   30.0000   -7.5000 2046.7799   21.4337
    0.0000   30.0000   -7.5000 2037.6866   21.5535
    7.5000   30.0000   -7.5000 2008.7507   22.2693
   -7.5000   37.5000   -7.5000 1885.4879   24.9535
    0.0000   37.5000   -7.5000 1872.4885   25.0651
    7.5000   37.5000   -7.5000 1851.7694   25.8975
   -7.5000   45.0000   -7.5000 1725.6886   29.6730
    0.0000   45.0000   -7.5000 1718.9927   29.8191
    7.5000   45.0000   -7.5000 1694.3916   30.8040
   -7.5000  -45.0000    0.0000 2671.9736   13.5904
    0.0000  -45.0000    0.0000 2653.2095   13.6355
    7.5000  -45.0000    0.0000 2613.5823   14.1068
   -7.5000  -37.5000    0.0000 2785.3782   12.9348
    0.0000  -37.5000    0.0000 2767.6899   12.9668
    7.5000  -37.5000    0.0000 2717.6816   13.3970
   -7.5000  -30.0000    0.0000 2879.4902   12.5093
    0.0000  -30.0000    0.0000 2857.4783   12.5950
    7.5000  -30.0000    0.0000 2787.2188   13.0081
   -7.5000  -22.5000    0.0000 2905.2798   12.4891
    0.0000  -22.5000    0.0000 2892.3081   12.5654
    7.5000  -22.5000    0.0000 2812.6157   12.9768
   -7.5000  -15.0000    0.0000 2867.8149   12.7690
    0.0000  -15.0000    0.0000 2856.3628   12.8648
    7.5000  -15.0000    0.0000 2786.2454   13.2518
   -7.5000   -7.5000    0.0000 2783.7080   13.1795
    0.0000   -7.5000    0.0000 2770.7996   13.3163
    7.5000   -7.5000    0.0000 2714.1985   13.7014
   -7.5000    0.0000    0.0000 2674.5659   13.8312
    0.0000    0.0000    0.0000 2661.8806   13.9593
    7.5000    0.0000    0.0000 2612.1350   14.3475
   -7.5000    7.5000    0.0000 2530.3989   14.8458
    0.0000    7.5000    0.0000 2523.1382   14.9624
    7.5000    7.5000    0.0000 2482.9714   15.3827
   -7.5000   15.0000    0.0000 2384.4270   16.2872
    0.0000   15.0000    0.0000 2373.3569   16.4160
    7.5000   15.0000    0.0000 2337.7642   16.8703
   -7.5000   22.5000    0.0000 2231.4377   18.2089
    0.0000   22.5000    0.0000 2221.5190   18.3332
    7.5000   22.5000    0.0000 2189.0496   18.8551
   -7.5000   30.0000    0.0000 2068.1096   20.6801
    0.0000   30.0000    0.0000 2059.2598   20.8934
    7.5000   30.0000    0.0000 2028.9495   21.4769
   -7.5000   37.5000    0.0000 1899.7498   24.0047
    0.0000   37.5000    0.0000 1892.3921   24.1436
    7.5000   37.5000    0.0000 1863.5406   24.9043
   -7.5000   45.0000    0.0000 1729.8593   28.4650
    0.0000   45.0000    0.0000 1727.8380   28.6506
    7.5000   45.0000    0.0000 1705.2609   29.5329
   -7.5000  -45.0000    7.5000 2690.5342   13.4533
    0.0000  -45.0000    7.5000 2675.5623   13.4813
    7.5000  -45.0000    7.5000 2635.7437   13.9597
   -7.5000  -37.5000    7.5000 2820.6526   12.7467
    0.0000  -37.5000    7.5000 2802.4634   12.7989
    7.5000  -37.5000    7.5000 2752.1770   13.2471
   -7.5000  -30.0000    7.5000 2915.7380   12.3789
    0.0000  -30.0000    7.5000 2890.0383   12.4106
    7.5000  -30.0000    7.5000 2819.4104   12.8582
   -7.5000  -22.5000    7.5000 2943.9504   12.3245
    0.0000  -22.5000    7.5000 2912.6130   12.4490
    7.5000  -22.5000    7.5000 2837.7539   12.8913
   -7.5000  -15.0000    7.5000 2890.5857   12.5984
    0.0000  -15.0000    7.5000 2872.4990   12.7552
    7.5000  -15.0000    7.5000 2808.4019   13.1512
   -7.5000   -7.5000    7.5000 2803.0984   13.0273
    0.0000   -7.5000    7.5000 2790.8101   13.2080
    7.5000   -7.5000    7.5000 2733.6514   13.5981
   -7.5000    0.0000    7.5000 2683.1470   13.6468
    0.0000    0.0000    7.5000 2671.7273   13.8427
    7.5000    0.0000    7.5000 2622.8406   14.2629
   -7.5000    7.5000    7.5000 2539.8945   14.6321
    0.0000    7.5000    7.5000 2528.4670   14.8254
    7.5000    7.5000    7.5000 2494.1357   15.2614
   -7.5000   15.0000    7.5000 2391.3230   16.0036
    0.0000   15.0000    7.5000 2384.5212   16.2100
    7.5000   15.0000    7.5000 2351.3389   16.6764
   -7.5000   22.5000    7.5000 2237.0549   17.8326
    0.0000   22.5000    7.5000 2228.2170   18.0415
    7.5000   22.5000    7.5000 2202.0837   18.5834
   -7.5000   30.0000    7.5000 2072.5322   20.3045
    0.0000   30.0000    7.5000 2066.5771   20.4863
    7.5000   30.0000    7.5000 2038.0190   21.0769
   -7.5000   37.5000    7.5000 1904.2643   23.5340
    0.0000   37.5000    7.5000 1900.6183   23.6687
    7.5000   37.5000    7.5000 1870.6295   24.3750
   -7.5000   45.0000    7.5000 1733.6099   27.7367
    0.0000   45.0000    7.5000 1731.8180   27.8576
    7.5000   45.0000    7.5000 1713.1807   28.6526
   -7.5000  -45.0000   15.0000 2675.4485   13.5925
    0.0000  -45.0000   15.0000 2670.4893   13.6603
    7.5000  -45.0000   15.0000 2629.9165   14.1423
   -7.5000  -37.5000   15.0000 2800.1106   12.8624
    0.0000  -37.5000   15.0000 2793.3306   12.9131
    7.5000  -37.5000   15.0000 2740.8057   13.3864
   -7.5000  -30.0000   15.0000 2890.7915   12.5294
    0.0000  -30.0000   15.0000 2875.2642   12.5327
    7.5000  -30.0000   15.0000 2811.4995   13.0120
   -7.5000  -22.5000   15.0000 2915.6624   12.5099
    0.0000  -22.5000   15.0000 2894.7720   12.5777
    7.5000  -22.5000   15.0000 2826.8367   13.0484
   -7.5000  -15.0000   15.0000 2869.4875   12.6991
    0.0000  -15.0000   15.0000 2854.1624   12.8255
    7.5000  -15.0000   15.0000 2793.9202   13.2773
   -7.5000   -7.5000   15.0000 2783.6929   13.0907
    0.0000   -7.5000   15.0000 2774.9075   13.2629
    7.5000   -7.5000   15.0000 2718.2717   13.7000
   -7.5000    0.0000   15.0000 2659.5757   13.7180
    0.0000    0.0000   15.0000 2652.0210   13.9069
    7.5000    0.0000   15.0000 2605.8352   14.3528
   -7.5000    7.5000   15.0000 2523.1738   14.6748
    0.0000    7.5000   15.0000 2518.2419   14.8724
    7.5000    7.5000   15.0000 2480.3672   15.3204
   -7.5000   15.0000   15.0000 2375.5283   16.0208
    0.0000   15.0000   15.0000 2372.6702   16.2392
    7.5000   15.0000   15.0000 2337.7356   16.7251
   -7.5000   22.5000   15.0000 2219.2573   17.8153
    0.0000   22.5000   15.0000 2213.8975   18.0117
    7.5000   22.5000   15.0000 2190.1138   18.5566
   -7.5000   30.0000   15.0000 2055.3733   20.2102
    0.0000   30.0000   15.0000 2054.6853   20.3480
    7.5000   30.0000   15.0000 2026.4635   20.9590
   -7.5000   37.5000   15.0000 1891.7317   23.2808
    0.0000   37.5000   15.0000 1890.2972   23.4142
    7.5000   37.5000   15.0000 1865.2632   24.1724
   -7.5000   45.0000   15.0000 1726.1553   27.4183
    0.0000   45.0000   15.0000 1724.3936   27.4965
    7.5000   45.0000   15.0000 1705.0300   28.3372
   -7.5000  -45.0000   22.5000 2636.7903   14.0412
    0.0000  -45.0000   22.5000 2645.8328   14.0286
    7.5000  -45.0000   22.5000 2616.2881   14.4886
   -7.5000  -37.5000   22.5000 2750.5693   13.3097
    0.0000  -37.5000   22.5000 2757.9148   13.2760
    7.5000  -37.5000   22.5000 2716.8408   13.7585
   -7.5000  -30.0000   22.5000 2826.0042   12.9185
    0.0000  -30.0000   22.5000 2823.9302   12.9050
    7.5000  -30.0000   22.5000 2775.7515   13.3879
   -7.5000  -22.5000   22.5000 2843.9119   12.8988
    0.0000  -22.5000   22.5000 2837.1187   12.9103
    7.5000  -22.5000   22.5000 2788.1357   13.3692
   -7.5000  -15.0000   22.5000 2802.3472   13.1249
    0.0000  -15.0000   22.5000 2798.0593   13.1112
    7.5000  -15.0000   22.5000 2749.9807   13.5970
   -7.5000   -7.5000   22.5000 2723.4976   13.4872
    0.0000   -7.5000   22.5000 2723.5457   13.5047
    7.5000   -7.5000   22.5000 2680.6902   13.9762
   -7.5000    0.0000   22.5000 2610.4312   14.0501
    0.0000    0.0000   22.5000 2608.8110   14.1311
    7.5000    0.0000   22.5000 2573.3816   14.5950
   -7.5000    7.5000   22.5000 2486.3694   14.9468
    0.0000    7.5000   22.5000 2488.7544   15.0724
    7.5000    7.5000   22.5000 2456.5542   15.5407
   -7.5000   15.0000   22.5000 2344.6338   16.2339
    0.0000   15.0000   22.5000 2339.1016   16.3688
    7.5000   15.0000   22.5000 2314.4819   16.8579
   -7.5000   22.5000   22.5000 2185.6108   18.0023
    0.0000   22.5000   22.5000 2181.4653   18.1162
    7.5000   22.5000   22.5000 2163.5271   18.6511
   -7.5000   30.0000   22.5000 2022.2493   20.3704
    0.0000   30.0000   22.5000 2024.8574   20.4558
    7.5000   30.0000   22.5000 2004.0970   21.0685
   -7.5000   37.5000   22.5000 1865.1141   23.5033
    0.0000   37.5000   22.5000 1862.3737   23.5295
    7.5000   37.5000   22.5000 1843.5980   24.2332
   -7.5000   45.0000   22.5000 1703.4946   27.6611
    0.0000   45.0000   22.5000 1698.8627   27.6290
    7.5000   45.0000   22.5000 1682.4167   28.3876
   -7.5000  -45.0000   30.0000 2582.1558   14.7312
    0.0000  -45.0000   30.0000 2600.2600   14.6946
    7.5000  -45.0000   30.0000 2578.4062   15.0918
   -7.5000  -37.5000   30.0000 2681.0413   13.9671
    0.0000  -37.5000   30.0000 2695.5173   13.9253
    7.5000  -37.5000   30.0000 2664.4683   14.3426
   -7.5000  -30.0000   30.0000 2741.2925   13.5389
    0.0000  -30.0000   30.0000 2751.2139   13.5333
    7.5000  -30.0000   30.0000 2716.4077   13.9335
   -7.5000  -22.5000   30.0000 2753.1191   13.4746
    0.0000  -22.5000   30.0000 2756.6716   13.4686
    7.5000  -22.5000   30.0000 2724.0593   13.8519
   -7.5000  -15.0000   30.0000 2719.1785   13.6528
    0.0000  -15.0000   30.0000 2717.7234   13.6329
    7.5000  -15.0000   30.0000 2688.2988   14.0340
   -7.5000   -7.5000   30.0000 2643.5410   14.0429
    0.0000   -7.5000   30.0000 2642.2034   14.0250
    7.5000   -7.5000   30.0000 2615.3928   14.4091
   -7.5000    0.0000   30.0000 2539.8237   14.6358
    0.0000    0.0000   30.0000 2542.8899   14.6419
    7.5000    0.0000   30.0000 2516.5999   15.0407
   -7.5000    7.5000   30.0000 2424.1033   15.5145
    0.0000    7.5000   30.0000 2429.4639   15.5548
    7.5000    7.5000   30.0000 2406.9253   15.9342
   -7.5000   15.0000   30.0000 2293.2903   16.7899
    0.0000   15.0000   30.0000 2294.4670   16.8671
    7.5000   15.0000   30.0000 2275.9243   17.2569
   -7.5000   22.5000   30.0000 2143.5681   18.5129
    0.0000   22.5000   30.0000 2147.3098   18.5896
    7.5000   22.5000   30.0000 2130.5051   19.0116
   -7.5000   30.0000   30.0000 1984.8909   20.8778
    0.0000   30.0000   30.0000 1989.5044   20.9148
    7.5000   30.0000   30.0000 1974.4269   21.4202
   -7.5000   37.5000   30.0000 1827.2751   23.9928
    0.0000   37.5000   30.0000 1827.4470   23.9842
    7.5000   37.5000   30.0000 1814.7512   24.5910
   -7.5000   45.0000   30.0000 1664.3732   28.1109
    0.0000   45.0000   30.0000 1661.4379   28.1328
    7.5000   45.0000   30.0000 1647.7825   28.8522
   -7.5000  -45.0000   37.5000 2519.6138   15.6757
    0.0000  -45.0000   37.5000 2542.7068   15.6787
    7.5000  -45.0000   37.5000 2522.1211   16.0201
   -7.5000  -37.5000   37.5000 2601.2209   14.8699
    0.0000  -37.5000   37.5000 2623.5757   14.8831
    7.5000  -37.5000   37.5000 2596.9126   15.2278
   -7.5000  -30.0000   37.5000 2648.9412   14.3980
    0.0000  -30.0000   37.5000 2665.4990   14.4605
    7.5000  -30.0000   37.5000 2639.4795   14.7682
   -7.5000  -22.5000   37.5000 2653.9375   14.2935
    0.0000  -22.5000   37.5000 2668.0422   14.3154
    7.5000  -22.5000   37.5000 2642.6362   14.6142
   -7.5000  -15.0000   37.5000 2618.5234   14.4445
    0.0000  -15.0000   37.5000 2626.8765   14.4387
    7.5000  -15.0000   37.5000 2605.9197   14.7549
   -7.5000   -7.5000   37.5000 2555.2146   14.8083
    0.0000   -7.5000   37.5000 2557.8552   14.8092
    7.5000   -7.5000   37.5000 2541.1350   15.1351
   -7.5000    0.0000   37.5000 2461.3618   15.3719
    0.0000    0.0000   37.5000 2466.4312   15.3957
    7.5000    0.0000   37.5000 2449.7319   15.7414
   -7.5000    7.5000   37.5000 2357.9658   16.2579
    0.0000    7.5000   37.5000 2360.4304   16.3135
    7.5000    7.5000   37.5000 2341.7061   16.6452
   -7.5000   15.0000   37.5000 2228.2876   17.5701
    0.0000   15.0000   37.5000 2234.3748   17.6143
    7.5000   15.0000   37.5000 2218.1033   17.9599
   -7.5000   22.5000   37.5000 2092.2932   19.3305
    0.0000   22.5000   37.5000 2097.4102   19.3926
    7.5000   22.5000   37.5000 2077.2793   19.7371
   -7.5000   30.0000   37.5000 1934.3474   21.7054
    0.0000   30.0000   37.5000 1936.9576   21.7197
    7.5000   30.0000   37.5000 1927.0670   22.1649
   -7.5000   37.5000   37.5000 1781.1979   24.8801
    0.0000   37.5000   37.5000 1780.8143   24.8565
    7.5000   37.5000   37.5000 1772.8768   25.3867
   -7.5000   45.0000   37.5000 1624.8730   29.2304
    0.0000   45.0000   37.5000 1625.1136   29.1526
    7.5000   45.0000   37.5000 1617.8315   29.7953
   -7.5000  -45.0000   45.0000 2439.7847   16.9184
    0.0000  -45.0000   45.0000 2458.3494   16.9102
    7.5000  -45.0000   45.0000 2443.1653   17.2212
   -7.5000  -37.5000   45.0000 2507.1519   16.0570
    0.0000  -37.5000   45.0000 2527.3999   16.0743
    7.5000  -37.5000   45.0000 2506.6567   16.3700
   -7.5000  -30.0000   45.0000 2543.0095   15.5530
    0.0000  -30.0000   45.0000 2559.4836   15.5762
    7.5000  -30.0000   45.0000 2538.4653   15.8735
   -7.5000  -22.5000   45.0000 2543.0835   15.4188
    0.0000  -22.5000   45.0000 2557.1765   15.3991
    7.5000  -22.5000   45.0000 2534.8386   15.6818
   -7.5000  -15.0000   45.0000 2510.5693   15.5199
    0.0000  -15.0000   45.0000 2521.0042   15.5029
    7.5000  -15.0000   45.0000 2501.9084   15.7772
   -7.5000   -7.5000   45.0000 2458.3135   15.8455
    0.0000   -7.5000   45.0000 2458.7708   15.8312
    7.5000   -7.5000   45.0000 2445.6243   16.1324
   -7.5000    0.0000   45.0000 2372.3909   16.4380
    0.0000    0.0000   45.0000 2378.8914   16.4135
    7.5000    0.0000   45.0000 2368.3750   16.7380
   -7.5000    7.5000   45.0000 2275.6226   17.2854
    0.0000    7.5000   45.0000 2282.8511   17.2716
    7.5000    7.5000   45.0000 2265.8987   17.6058
   -7.5000   15.0000   45.0000 2155.5662   18.5804
    0.0000   15.0000   45.0000 2165.7439   18.5831
    7.5000   15.0000   45.0000 2148.2100   18.9072
   -7.5000   22.5000   45.0000 2022.9941   20.4305
    0.0000   22.5000   45.0000 2033.7236   20.4406
    7.5000   22.5000   45.0000 2015.5663   20.7656
   -7.5000   30.0000   45.0000 1880.1984   22.8730
    0.0000   30.0000   45.0000 1880.4818   22.8712
    7.5000   30.0000   45.0000 1866.3799   23.2563
   -7.5000   37.5000   45.0000 1730.1586   26.1177
    0.0000   37.5000   45.0000 1727.6146   26.1652
    7.5000   37.5000   45.0000 1717.5842   26.6106
   -7.5000   45.0000   45.0000 1577.3792   30.7559
    0.0000   45.0000   45.0000 1577.4736   30.8609
    7.5000   45.0000   45.0000 1566.8251   31.3605

---------------------------------------------------------------------
imgreg_4dfp /opt/freesurfer/average/711-2C_as_mni_average_305 /opt/freesurfer/average/711-2B_as_mni_average_305_mask talsrcimg_g11 none talsrcimg_to_711-2C_as_mni_average_305_t4 1283
---------------------------------------------------------------------

freesurfer imgreg_4dfp.c
/opt/freesurfer/average/711-2C_as_mni_average_305.4dfp.img
       256       256       256         1
  1.000000  1.000000  1.000000
orientation T byte_order littleendian
Reading image: /opt/freesurfer/average/711-2C_as_mni_average_305.4dfp.img
dimensions:      256       256       256
mmppix:       1.0000   -1.0000   -1.0000
center:     128.0000 -129.0000 -129.0000
/opt/freesurfer/average/711-2B_as_mni_average_305_mask.4dfp.img
       256       256       256         1
  1.000000  1.000000  1.000000
orientation T byte_order littleendian
Reading mask: /opt/freesurfer/average/711-2B_as_mni_average_305_mask.4dfp.img (2306576 pixels)
talsrcimg_g11.4dfp.img
       256       256       256         1
  1.000000  1.000000  1.000000
orientation T byte_order littleendian
Reading image: talsrcimg_g11.4dfp.img
dimensions:      256       256       256
mmppix:       1.0000   -1.0000   -1.0000
center:     128.0000 -129.0000 -129.0000
rotation matrix determinant  1.000000
fimgreg.f
image alignment mode   1283 decimal      503 hex
parameters
   -7.5000  -22.5000    7.5000    0.0000    0.0000    0.0000
eta,q 0.92362 12.30765
niter,ni,del,rscale     5    3   12.0000    1.2000
parameter  5  1.222496 ->  0.500000 qaram    1.1500
parameters
   -6.0909  -23.9479    7.2399   -1.9592   -3.4500    0.5537
eta,q 0.92924 12.19551
  0.0904  0.0820  0.0816  0.0763  0.0713  0.0745
  0.0849  0.0761  0.0768  0.0751  0.0707  0.0729
  0.0796  0.0744  0.0743  0.0744  0.0719  0.0716
  0.0769  0.0765  0.0749  0.0749  0.0744  0.0708
  0.0763  0.0801  0.0759  0.0762  0.0772  0.0711
  0.0778  0.0838  0.0786  0.0784  0.0800  0.0721
  0.0823  0.0879  0.0818  0.0808  0.0823  0.0735
niter,ni,del,rscale     5    3   12.0000    1.2000
parameters
   -4.7857  -22.9124    7.3896   -4.1147   -5.4874    2.1216
eta,q 0.93070 12.25221
  0.0915  0.0840  0.0772  0.0719  0.0734  0.0732
  0.0823  0.0780  0.0736  0.0704  0.0710  0.0719
  0.0742  0.0726  0.0714  0.0702  0.0697  0.0706
  0.0708  0.0705  0.0707  0.0707  0.0701  0.0696
  0.0709  0.0714  0.0718  0.0721  0.0730  0.0693
  0.0735  0.0737  0.0735  0.0742  0.0769  0.0696
  0.0790  0.0769  0.0763  0.0766  0.0813  0.0711
niter,ni,del,rscale     4    3   12.0000    1.2000
parameters
   -3.8049  -21.9472    7.2460   -5.2400   -6.9096    2.3177
eta,q 0.93208 12.19719
  0.0875  0.0817  0.0763  0.0715  0.0729  0.0717
  0.0783  0.0757  0.0729  0.0692  0.0697  0.0700
  0.0718  0.0708  0.0705  0.0682  0.0682  0.0688
  0.0693  0.0688  0.0688  0.0688  0.0683  0.0680
  0.0691  0.0693  0.0705  0.0699  0.0705  0.0679
  0.0721  0.0716  0.0735  0.0715  0.0741  0.0692
  0.0784  0.0753  0.0769  0.0741  0.0785  0.0717
niter,ni,del,rscale     3    3   12.0000    1.2000
parameters
   -3.1540  -21.3900    7.3443   -5.6468   -7.6844    2.4906
eta,q 0.93275 12.17812
  0.0843  0.0787  0.0753  0.0717  0.0739  0.0712
  0.0761  0.0735  0.0720  0.0689  0.0698  0.0692
  0.0706  0.0692  0.0691  0.0673  0.0675  0.0679
  0.0679  0.0676  0.0677  0.0677  0.0675  0.0673
  0.0681  0.0686  0.0692  0.0689  0.0695  0.0673
  0.0718  0.0713  0.0714  0.0700  0.0728  0.0686
  0.0788  0.0750  0.0749  0.0723  0.0766  0.0711
niter,ni,del,rscale     2    3   12.0000    1.2000
parameters
   -2.8188  -21.1602    7.4407   -5.8144   -8.1225    2.5081
eta,q 0.93302 12.17264
  0.0825  0.0772  0.0744  0.0717  0.0746  0.0709
  0.0749  0.0722  0.0713  0.0687  0.0703  0.0688
  0.0699  0.0680  0.0684  0.0669  0.0675  0.0675
  0.0672  0.0671  0.0671  0.0672  0.0671  0.0670
  0.0679  0.0685  0.0688  0.0683  0.0690  0.0672
  0.0723  0.0714  0.0707  0.0695  0.0723  0.0685
  0.0801  0.0754  0.0740  0.0715  0.0760  0.0711
niter,ni,del,rscale     1    3   12.0000    1.2000
parameters
   -2.6346  -21.0475    7.5327   -5.9131   -8.3739    2.4857
eta,q 0.93316 12.17098
  0.0817  0.0767  0.0740  0.0717  0.0750  0.0708
  0.0744  0.0716  0.0711  0.0686  0.0707  0.0686
  0.0696  0.0676  0.0681  0.0668  0.0676  0.0673
  0.0670  0.0669  0.0669  0.0670  0.0669  0.0668
  0.0679  0.0684  0.0686  0.0680  0.0687  0.0671
  0.0727  0.0715  0.0705  0.0693  0.0720  0.0684
  0.0807  0.0755  0.0736  0.0713  0.0757  0.0711
registration optimization eta report
parameter search radius
    6.0000    6.0000    6.0000    6.0000    6.9000    6.0000
100000*second partial in parameter space
       39.       25.       18.       13.       17.       12.
  0.0817  0.0767  0.0740  0.0717  0.0750  0.0708
  0.0744  0.0716  0.0711  0.0686  0.0707  0.0686
  0.0696  0.0676  0.0681  0.0668  0.0676  0.0673
  0.0670  0.0669  0.0669  0.0670  0.0669  0.0668
  0.0679  0.0684  0.0686  0.0680  0.0687  0.0671
  0.0727  0.0715  0.0705  0.0693  0.0720  0.0684
  0.0807  0.0755  0.0736  0.0713  0.0757  0.0711
   -2.6346  -21.0475    7.5327   -5.9131   -8.3739    2.4857
eta,q 0.93316 12.17098

---------------------------------------------------------------------
imgreg_4dfp /opt/freesurfer/average/711-2C_as_mni_average_305 /opt/freesurfer/average/711-2B_as_mni_average_305_mask talsrcimg_g11 none talsrcimg_to_711-2C_as_mni_average_305_t4 3335
---------------------------------------------------------------------

freesurfer imgreg_4dfp.c
/opt/freesurfer/average/711-2C_as_mni_average_305.4dfp.img
       256       256       256         1
  1.000000  1.000000  1.000000
orientation T byte_order littleendian
Reading image: /opt/freesurfer/average/711-2C_as_mni_average_305.4dfp.img
dimensions:      256       256       256
mmppix:       1.0000   -1.0000   -1.0000
center:     128.0000 -129.0000 -129.0000
/opt/freesurfer/average/711-2B_as_mni_average_305_mask.4dfp.img
       256       256       256         1
  1.000000  1.000000  1.000000
orientation T byte_order littleendian
Reading mask: /opt/freesurfer/average/711-2B_as_mni_average_305_mask.4dfp.img (2306576 pixels)
talsrcimg_g11.4dfp.img
       256       256       256         1
  1.000000  1.000000  1.000000
orientation T byte_order littleendian
Reading image: talsrcimg_g11.4dfp.img
dimensions:      256       256       256
mmppix:       1.0000   -1.0000   -1.0000
center:     128.0000 -129.0000 -129.0000
fimgreg.f
image alignment mode   3335 decimal      D07 hex
parameters
   -2.6346  -21.0475    7.5327   -1.1592   -0.6907   -1.5925
   -5.8128   14.0253    4.2907   10.9205  -14.5632  -10.1921
eta,q 0.93257 12.26585
niter,ni,del,rscale     5    3    5.0000    1.2000
parameter  4  1.247710 ->  0.500000 qaram    1.1500
parameter  5  3.390816 ->  0.500000 qaram    1.1500
parameter  6  2.207899 ->  0.500000 qaram    1.1500
parameter  7 -0.524239 -> -0.500000 qaram    1.1500
parameter 10  0.630523 ->  0.500000 qaram    1.1500
parameter 11 -1.369603 -> -0.500000 qaram    1.1500
parameters
   -2.7146  -20.9607    7.2653   -5.2992   -4.8307   -5.7325
   -1.6728   16.8738    3.3248    6.7805  -10.4232  -11.1297
eta,q 0.95159 11.27111
  0.0697  0.0691  0.0681  0.0631  0.0548  0.0490  0.0559  0.0577  0.0525  0.0502  0.0546  0.0494
  0.0684  0.0682  0.0678  0.0640  0.0574  0.0513  0.0543  0.0550  0.0516  0.0500  0.0528  0.0488
  0.0676  0.0676  0.0676  0.0654  0.0606  0.0546  0.0530  0.0529  0.0510  0.0502  0.0512  0.0485
  0.0674  0.0674  0.0674  0.0674  0.0643  0.0583  0.0521  0.0515  0.0509  0.0509  0.0500  0.0484
  0.0678  0.0676  0.0675  0.0703  0.0683  0.0625  0.0516  0.0510  0.0514  0.0523  0.0490  0.0487
  0.0686  0.0681  0.0680  0.0739  0.0726  0.0674  0.0516  0.0512  0.0523  0.0543  0.0483  0.0493
  0.0699  0.0689  0.0688  0.0778  0.0771  0.0730  0.0521  0.0523  0.0536  0.0569  0.0478  0.0501
niter,ni,del,rscale     7    3    5.0000    1.2000
parameter  3  0.836510 ->  0.500000 qaram    1.1500
parameter  5  1.720849 ->  0.500000 qaram    1.3225
parameter  6  1.213535 ->  0.500000 qaram    1.3225
parameters
   -2.0867  -21.0525    5.8853   -9.4372   -9.5917  -10.4935
   -2.3597   16.6881    2.8198    5.9710   -8.0183  -11.1169
eta,q 0.96347 10.61998
  0.0523  0.0500  0.0475  0.0472  0.0400  0.0359  0.0389  0.0400  0.0383  0.0396  0.0394  0.0377
  0.0505  0.0490  0.0474  0.0469  0.0415  0.0363  0.0376  0.0381  0.0373  0.0379  0.0380  0.0370
  0.0492  0.0484  0.0476  0.0469  0.0439  0.0385  0.0368  0.0370  0.0368  0.0369  0.0371  0.0367
  0.0484  0.0482  0.0482  0.0474  0.0469  0.0421  0.0367  0.0367  0.0367  0.0366  0.0366  0.0365
  0.0483  0.0485  0.0491  0.0489  0.0505  0.0466  0.0372  0.0371  0.0370  0.0372  0.0365  0.0367
  0.0487  0.0492  0.0502  0.0517  0.0548  0.0520  0.0382  0.0384  0.0377  0.0388  0.0368  0.0371
  0.0496  0.0503  0.0515  0.0556  0.0594  0.0574  0.0396  0.0404  0.0389  0.0411  0.0373  0.0377
niter,ni,del,rscale     7    3    5.0000    1.2000
parameter  5  0.807919 ->  0.500000 qaram    1.5209
parameter  6  0.504647 ->  0.500000 qaram    1.5209
parameters
   -2.0882  -20.5146    4.7948   -7.0374  -15.0668  -15.9686
   -2.6659   15.7887    2.4681    7.6529   -6.5529   -8.9918
eta,q 0.96741 10.19754
  0.0390  0.0399  0.0370  0.0385  0.0332  0.0334  0.0351  0.0353  0.0343  0.0369  0.0343  0.0340
  0.0376  0.0382  0.0362  0.0374  0.0334  0.0330  0.0339  0.0337  0.0334  0.0351  0.0334  0.0334
  0.0368  0.0371  0.0360  0.0366  0.0341  0.0329  0.0332  0.0329  0.0329  0.0336  0.0329  0.0330
  0.0365  0.0365  0.0364  0.0360  0.0358  0.0336  0.0330  0.0330  0.0328  0.0328  0.0327  0.0327
  0.0368  0.0365  0.0374  0.0357  0.0385  0.0367  0.0334  0.0338  0.0331  0.0327  0.0328  0.0326
  0.0377  0.0369  0.0389  0.0358  0.0421  0.0414  0.0342  0.0349  0.0337  0.0333  0.0330  0.0327
  0.0390  0.0378  0.0407  0.0368  0.0466  0.0479  0.0353  0.0365  0.0345  0.0347  0.0334  0.0331
niter,ni,del,rscale     7    3    5.0000    1.2000
parameters
   -1.9593  -19.9406    4.3445   -5.3599  -19.3231  -18.1821
   -2.6134   15.2935    2.2113    8.5172   -5.9046   -8.2438
eta,q 0.96840  9.90283
  0.0353  0.0358  0.0334  0.0347  0.0330  0.0342  0.0340  0.0343  0.0330  0.0348  0.0327  0.0326
  0.0339  0.0342  0.0328  0.0337  0.0320  0.0326  0.0327  0.0326  0.0322  0.0331  0.0320  0.0321
  0.0330  0.0331  0.0325  0.0330  0.0317  0.0317  0.0319  0.0317  0.0317  0.0320  0.0317  0.0318
  0.0326  0.0326  0.0325  0.0324  0.0322  0.0317  0.0317  0.0317  0.0316  0.0316  0.0316  0.0316
  0.0328  0.0325  0.0328  0.0321  0.0335  0.0321  0.0320  0.0323  0.0318  0.0317  0.0317  0.0317
  0.0335  0.0329  0.0334  0.0324  0.0361  0.0346  0.0328  0.0333  0.0324  0.0324  0.0319  0.0319
  0.0348  0.0337  0.0344  0.0336  0.0398  0.0397  0.0339  0.0348  0.0331  0.0336  0.0323  0.0323
niter,ni,del,rscale     6    3    5.0000    1.2000
parameters
   -2.0283  -19.2121    3.5747   -4.9253  -21.2192  -19.8714
   -2.6332   14.8609    2.1368   10.0090   -5.4276   -7.9433
eta,q 0.96906  9.73648
  0.0338  0.0346  0.0321  0.0333  0.0333  0.0338  0.0332  0.0336  0.0325  0.0341  0.0321  0.0319
  0.0326  0.0331  0.0315  0.0324  0.0321  0.0321  0.0320  0.0321  0.0317  0.0326  0.0314  0.0314
  0.0319  0.0321  0.0313  0.0318  0.0313  0.0312  0.0313  0.0312  0.0312  0.0316  0.0311  0.0311
  0.0316  0.0316  0.0315  0.0313  0.0313  0.0312  0.0311  0.0311  0.0310  0.0310  0.0309  0.0309
  0.0319  0.0315  0.0319  0.0312  0.0319  0.0317  0.0314  0.0316  0.0312  0.0310  0.0310  0.0311
  0.0327  0.0317  0.0326  0.0317  0.0334  0.0332  0.0321  0.0326  0.0317  0.0315  0.0313  0.0313
  0.0342  0.0323  0.0336  0.0333  0.0359  0.0372  0.0332  0.0341  0.0325  0.0325  0.0318  0.0317
niter,ni,del,rscale     5    3    5.0000    1.2000
parameters
   -2.1362  -18.5430    2.9096   -4.6385  -22.8934  -21.1691
   -2.7951   14.6599    2.3229   11.2951   -5.1602   -7.8972
eta,q 0.96954  9.60152
  0.0330  0.0338  0.0316  0.0325  0.0328  0.0335  0.0325  0.0331  0.0322  0.0334  0.0316  0.0314
  0.0319  0.0324  0.0310  0.0317  0.0315  0.0318  0.0314  0.0316  0.0313  0.0321  0.0310  0.0309
  0.0312  0.0315  0.0307  0.0311  0.0308  0.0308  0.0307  0.0307  0.0308  0.0311  0.0306  0.0306
  0.0309  0.0309  0.0308  0.0307  0.0307  0.0306  0.0306  0.0306  0.0305  0.0305  0.0305  0.0305
  0.0312  0.0308  0.0313  0.0306  0.0313  0.0314  0.0309  0.0310  0.0307  0.0305  0.0306  0.0306
  0.0321  0.0311  0.0320  0.0312  0.0326  0.0325  0.0316  0.0319  0.0312  0.0310  0.0309  0.0309
  0.0335  0.0317  0.0330  0.0327  0.0349  0.0358  0.0326  0.0332  0.0320  0.0321  0.0314  0.0313
niter,ni,del,rscale     4    3    5.0000    1.2000
parameters
   -2.1785  -17.9843    2.5106   -4.5884  -24.1757  -21.9258
   -3.1172   14.6142    2.4039   12.0948   -4.8744   -7.9696
eta,q 0.96974  9.50247
  0.0325  0.0331  0.0315  0.0320  0.0326  0.0334  0.0321  0.0328  0.0319  0.0330  0.0314  0.0311
  0.0314  0.0318  0.0308  0.0313  0.0313  0.0318  0.0311  0.0314  0.0310  0.0317  0.0308  0.0306
  0.0307  0.0309  0.0304  0.0307  0.0305  0.0306  0.0304  0.0305  0.0305  0.0308  0.0304  0.0303
  0.0305  0.0305  0.0304  0.0303  0.0303  0.0303  0.0303  0.0303  0.0303  0.0303  0.0303  0.0303
  0.0307  0.0304  0.0307  0.0303  0.0309  0.0310  0.0307  0.0307  0.0305  0.0303  0.0304  0.0304
  0.0314  0.0307  0.0314  0.0309  0.0321  0.0320  0.0314  0.0315  0.0310  0.0310  0.0307  0.0307
  0.0327  0.0314  0.0324  0.0324  0.0342  0.0348  0.0323  0.0328  0.0318  0.0322  0.0312  0.0311
niter,ni,del,rscale     3    3    5.0000    1.2000
parameters
   -2.1439  -17.6082    2.2597   -4.5501  -24.9565  -22.3275
   -3.4438   14.6507    2.3830   12.5904   -4.6265   -8.0069
eta,q 0.96981  9.44565
  0.0323  0.0326  0.0315  0.0319  0.0327  0.0334  0.0320  0.0327  0.0318  0.0328  0.0313  0.0310
  0.0313  0.0314  0.0307  0.0311  0.0314  0.0318  0.0310  0.0313  0.0309  0.0315  0.0307  0.0306
  0.0306  0.0306  0.0303  0.0306  0.0305  0.0306  0.0303  0.0304  0.0304  0.0306  0.0303  0.0303
  0.0303  0.0303  0.0302  0.0302  0.0302  0.0302  0.0302  0.0302  0.0302  0.0302  0.0302  0.0302
  0.0304  0.0303  0.0305  0.0302  0.0306  0.0308  0.0306  0.0306  0.0304  0.0303  0.0303  0.0303
  0.0311  0.0307  0.0311  0.0307  0.0318  0.0317  0.0312  0.0313  0.0309  0.0310  0.0306  0.0306
  0.0323  0.0314  0.0320  0.0322  0.0337  0.0342  0.0322  0.0326  0.0317  0.0323  0.0311  0.0310
niter,ni,del,rscale     2    3    5.0000    1.2000
parameters
   -2.0918  -17.3794    2.1077   -4.5339  -25.3988  -22.5428
   -3.6696   14.6943    2.3183   12.8909   -4.4464   -8.0377
eta,q 0.96984  9.41409
  0.0322  0.0323  0.0315  0.0318  0.0328  0.0334  0.0320  0.0326  0.0317  0.0326  0.0312  0.0310
  0.0312  0.0311  0.0307  0.0311  0.0314  0.0318  0.0310  0.0313  0.0308  0.0314  0.0306  0.0305
  0.0305  0.0305  0.0303  0.0305  0.0305  0.0306  0.0303  0.0304  0.0303  0.0306  0.0303  0.0302
  0.0302  0.0302  0.0302  0.0302  0.0302  0.0302  0.0302  0.0302  0.0302  0.0302  0.0302  0.0302
  0.0303  0.0303  0.0304  0.0302  0.0305  0.0307  0.0305  0.0305  0.0304  0.0303  0.0303  0.0303
  0.0310  0.0308  0.0309  0.0307  0.0316  0.0316  0.0312  0.0313  0.0309  0.0311  0.0306  0.0306
  0.0322  0.0315  0.0318  0.0321  0.0334  0.0339  0.0321  0.0325  0.0317  0.0324  0.0311  0.0310
niter,ni,del,rscale     1    3    5.0000    1.2000
parameters
   -2.0586  -17.2500    2.0159   -4.5125  -25.6410  -22.6560
   -3.7928   14.7270    2.2733   13.0612   -4.3433   -8.0577
eta,q 0.96985  9.39759
  0.0322  0.0321  0.0315  0.0318  0.0329  0.0334  0.0320  0.0326  0.0317  0.0325  0.0312  0.0310
  0.0312  0.0310  0.0307  0.0310  0.0315  0.0318  0.0310  0.0312  0.0308  0.0313  0.0306  0.0305
  0.0305  0.0304  0.0303  0.0305  0.0305  0.0306  0.0303  0.0304  0.0303  0.0305  0.0303  0.0302
  0.0302  0.0302  0.0302  0.0302  0.0301  0.0302  0.0302  0.0302  0.0302  0.0302  0.0301  0.0301
  0.0303  0.0303  0.0304  0.0302  0.0305  0.0306  0.0305  0.0305  0.0303  0.0304  0.0303  0.0303
  0.0310  0.0308  0.0309  0.0307  0.0315  0.0315  0.0311  0.0313  0.0309  0.0311  0.0306  0.0305
  0.0322  0.0316  0.0317  0.0321  0.0333  0.0338  0.0320  0.0325  0.0317  0.0324  0.0311  0.0310
registration optimization eta report
parameter search radius
    2.4000    2.4000    2.7600    8.2800   10.9503   10.9503
    8.2800    7.2000    7.2000    8.2800    8.2800    7.2000
100000*second partial in parameter space
       35.       30.       19.        3.        2.        3.
        3.        5.        3.        3.        1.        2.
  0.0322  0.0321  0.0315  0.0318  0.0329  0.0334  0.0320  0.0326  0.0317  0.0325  0.0312  0.0310
  0.0312  0.0310  0.0307  0.0310  0.0315  0.0318  0.0310  0.0312  0.0308  0.0313  0.0306  0.0305
  0.0305  0.0304  0.0303  0.0305  0.0305  0.0306  0.0303  0.0304  0.0303  0.0305  0.0303  0.0302
  0.0302  0.0302  0.0302  0.0302  0.0301  0.0302  0.0302  0.0302  0.0302  0.0302  0.0301  0.0301
  0.0303  0.0303  0.0304  0.0302  0.0305  0.0306  0.0305  0.0305  0.0303  0.0304  0.0303  0.0303
  0.0310  0.0308  0.0309  0.0307  0.0315  0.0315  0.0311  0.0313  0.0309  0.0311  0.0306  0.0305
  0.0322  0.0316  0.0317  0.0321  0.0333  0.0338  0.0320  0.0325  0.0317  0.0324  0.0311  0.0310
   -2.0586  -17.2500    2.0159   -4.5125  -25.6410  -22.6560
   -3.7928   14.7270    2.2733   13.0612   -4.3433   -8.0577
eta,q 0.96985  9.39759

---------------------------------------------------------------------
imgreg_4dfp /opt/freesurfer/average/711-2C_as_mni_average_305 /opt/freesurfer/average/711-2B_as_mni_average_305_mask talsrcimg_g11 none talsrcimg_to_711-2C_as_mni_average_305_t4 2311
---------------------------------------------------------------------

freesurfer imgreg_4dfp.c
/opt/freesurfer/average/711-2C_as_mni_average_305.4dfp.img
       256       256       256         1
  1.000000  1.000000  1.000000
orientation T byte_order littleendian
Reading image: /opt/freesurfer/average/711-2C_as_mni_average_305.4dfp.img
dimensions:      256       256       256
mmppix:       1.0000   -1.0000   -1.0000
center:     128.0000 -129.0000 -129.0000
/opt/freesurfer/average/711-2B_as_mni_average_305_mask.4dfp.img
       256       256       256         1
  1.000000  1.000000  1.000000
orientation T byte_order littleendian
Reading mask: /opt/freesurfer/average/711-2B_as_mni_average_305_mask.4dfp.img (2306576 pixels)
talsrcimg_g11.4dfp.img
       256       256       256         1
  1.000000  1.000000  1.000000
orientation T byte_order littleendian
Reading image: talsrcimg_g11.4dfp.img
dimensions:      256       256       256
mmppix:       1.0000   -1.0000   -1.0000
center:     128.0000 -129.0000 -129.0000
fimgreg.f
image alignment mode   2311 decimal      907 hex
parameters
   -2.0586  -17.2500    2.0159   -4.5125  -25.6410  -22.6560
   -3.7928   14.7270    2.2733   13.0612   -4.3433   -8.0577
eta,q 0.96985  9.39758
niter,ni,del,rscale     5    3    5.0000    0.8000
parameters
   -1.9683  -17.2143    1.9956   -3.6559  -25.3140  -22.7245
   -4.0338   14.7187    2.3092   13.2189   -4.2386   -8.2403
eta,q 0.96991  9.44873
  0.0311  0.0309  0.0306  0.0309  0.0308  0.0308  0.0308  0.0312  0.0308  0.0310  0.0305  0.0304
  0.0307  0.0305  0.0304  0.0306  0.0304  0.0304  0.0304  0.0306  0.0304  0.0305  0.0303  0.0302
  0.0303  0.0302  0.0302  0.0303  0.0302  0.0302  0.0301  0.0302  0.0302  0.0302  0.0301  0.0301
  0.0301  0.0301  0.0301  0.0301  0.0301  0.0301  0.0301  0.0301  0.0301  0.0301  0.0301  0.0301
  0.0302  0.0302  0.0302  0.0301  0.0301  0.0302  0.0302  0.0303  0.0302  0.0302  0.0301  0.0301
  0.0305  0.0305  0.0304  0.0302  0.0303  0.0305  0.0305  0.0306  0.0304  0.0304  0.0302  0.0303
  0.0310  0.0309  0.0306  0.0306  0.0306  0.0309  0.0309  0.0312  0.0308  0.0309  0.0304  0.0305
niter,ni,del,rscale     4    3    5.0000    0.7000
parameters
   -1.9980  -17.2488    1.9696   -3.5533  -25.2535  -22.7149
   -4.0789   14.6653    2.2868   13.2595   -4.1924   -8.2880
eta,q 0.96992  9.45695
  0.0308  0.0306  0.0305  0.0306  0.0306  0.0307  0.0307  0.0310  0.0306  0.0307  0.0304  0.0304
  0.0304  0.0303  0.0303  0.0304  0.0303  0.0304  0.0303  0.0304  0.0303  0.0304  0.0302  0.0302
  0.0302  0.0301  0.0301  0.0302  0.0301  0.0302  0.0301  0.0302  0.0301  0.0302  0.0301  0.0301
  0.0301  0.0301  0.0301  0.0301  0.0301  0.0301  0.0301  0.0301  0.0301  0.0301  0.0301  0.0301
  0.0302  0.0302  0.0301  0.0301  0.0301  0.0301  0.0302  0.0302  0.0301  0.0301  0.0301  0.0301
  0.0304  0.0304  0.0303  0.0303  0.0303  0.0303  0.0304  0.0305  0.0303  0.0304  0.0302  0.0302
  0.0309  0.0307  0.0305  0.0306  0.0305  0.0307  0.0307  0.0310  0.0306  0.0307  0.0304  0.0304
niter,ni,del,rscale     3    3    5.0000    0.6000
parameters
   -2.0037  -17.2574    1.9699   -3.4732  -25.2393  -22.7021
   -4.1178   14.6373    2.2776   13.2622   -4.1734   -8.3095
eta,q 0.96992  9.46138
  0.0306  0.0305  0.0304  0.0305  0.0304  0.0305  0.0305  0.0307  0.0305  0.0306  0.0303  0.0303
  0.0303  0.0303  0.0302  0.0303  0.0302  0.0303  0.0303  0.0304  0.0302  0.0303  0.0302  0.0302
  0.0301  0.0301  0.0301  0.0301  0.0301  0.0301  0.0301  0.0301  0.0301  0.0301  0.0301  0.0301
  0.0301  0.0301  0.0301  0.0301  0.0301  0.0301  0.0301  0.0301  0.0301  0.0301  0.0301  0.0301
  0.0301  0.0301  0.0301  0.0301  0.0301  0.0301  0.0302  0.0302  0.0301  0.0301  0.0301  0.0301
  0.0303  0.0303  0.0302  0.0302  0.0302  0.0303  0.0303  0.0304  0.0303  0.0303  0.0302  0.0302
  0.0306  0.0305  0.0304  0.0305  0.0304  0.0305  0.0305  0.0307  0.0305  0.0306  0.0303  0.0303
niter,ni,del,rscale     2    3    5.0000    0.5000
parameters
   -2.0073  -17.2678    1.9670   -3.3948  -25.2246  -22.6798
   -4.1677   14.5950    2.3129   13.2764   -4.1721   -8.3151
eta,q 0.96992  9.46652
  0.0305  0.0304  0.0303  0.0304  0.0303  0.0304  0.0304  0.0305  0.0304  0.0304  0.0302  0.0302
  0.0302  0.0302  0.0302  0.0302  0.0302  0.0302  0.0302  0.0303  0.0302  0.0302  0.0301  0.0302
  0.0301  0.0301  0.0301  0.0301  0.0301  0.0301  0.0301  0.0301  0.0301  0.0301  0.0301  0.0301
  0.0301  0.0301  0.0301  0.0301  0.0301  0.0301  0.0301  0.0301  0.0301  0.0301  0.0301  0.0301
  0.0301  0.0301  0.0301  0.0301  0.0301  0.0301  0.0301  0.0301  0.0301  0.0301  0.0301  0.0301
  0.0302  0.0302  0.0302  0.0302  0.0302  0.0302  0.0302  0.0303  0.0302  0.0302  0.0301  0.0301
  0.0305  0.0304  0.0303  0.0304  0.0303  0.0304  0.0304  0.0305  0.0303  0.0304  0.0302  0.0302
niter,ni,del,rscale     1    3    5.0000    0.4000
parameters
   -2.0100  -17.2792    1.9797   -3.3563  -25.1861  -22.6328
   -4.2161   14.5658    2.3277   13.2645   -4.1859   -8.3407
eta,q 0.96992  9.47198
  0.0303  0.0303  0.0302  0.0303  0.0302  0.0303  0.0303  0.0304  0.0302  0.0303  0.0302  0.0302
  0.0302  0.0302  0.0301  0.0302  0.0301  0.0302  0.0302  0.0302  0.0302  0.0302  0.0301  0.0301
  0.0301  0.0301  0.0301  0.0301  0.0301  0.0301  0.0301  0.0301  0.0301  0.0301  0.0301  0.0301
  0.0301  0.0301  0.0301  0.0301  0.0301  0.0301  0.0301  0.0301  0.0301  0.0301  0.0301  0.0301
  0.0301  0.0301  0.0301  0.0301  0.0301  0.0301  0.0301  0.0301  0.0301  0.0301  0.0301  0.0301
  0.0302  0.0302  0.0301  0.0302  0.0301  0.0302  0.0302  0.0302  0.0301  0.0302  0.0301  0.0301
  0.0303  0.0303  0.0302  0.0303  0.0302  0.0303  0.0303  0.0304  0.0302  0.0303  0.0302  0.0302
registration optimization eta report
parameter search radius
    0.8000    0.8000    0.8000    2.4000    2.4000    2.4000
    2.4000    2.4000    2.4000    2.4000    2.4000    2.4000
100000*second partial in parameter space
       38.       29.       20.        3.        3.        3.
        3.        5.        3.        4.        2.        2.
  0.0303  0.0303  0.0302  0.0303  0.0302  0.0303  0.0303  0.0304  0.0302  0.0303  0.0302  0.0302
  0.0302  0.0302  0.0301  0.0302  0.0301  0.0302  0.0302  0.0302  0.0302  0.0302  0.0301  0.0301
  0.0301  0.0301  0.0301  0.0301  0.0301  0.0301  0.0301  0.0301  0.0301  0.0301  0.0301  0.0301
  0.0301  0.0301  0.0301  0.0301  0.0301  0.0301  0.0301  0.0301  0.0301  0.0301  0.0301  0.0301
  0.0301  0.0301  0.0301  0.0301  0.0301  0.0301  0.0301  0.0301  0.0301  0.0301  0.0301  0.0301
  0.0302  0.0302  0.0301  0.0302  0.0301  0.0302  0.0302  0.0302  0.0301  0.0302  0.0301  0.0301
  0.0303  0.0303  0.0302  0.0303  0.0302  0.0303  0.0303  0.0304  0.0302  0.0303  0.0302  0.0302
   -2.0100  -17.2792    1.9797   -3.3563  -25.1861  -22.6328
   -4.2161   14.5658    2.3277   13.2645   -4.1859   -8.3407
eta,q 0.96992  9.47198

---------------------------------------------------------------------
imgreg_4dfp /opt/freesurfer/average/711-2C_as_mni_average_305 /opt/freesurfer/average/711-2B_as_mni_average_305_mask talsrcimg_g11 none talsrcimg_to_711-2C_as_mni_average_305_t4 2311
---------------------------------------------------------------------

freesurfer imgreg_4dfp.c
/opt/freesurfer/average/711-2C_as_mni_average_305.4dfp.img
       256       256       256         1
  1.000000  1.000000  1.000000
orientation T byte_order littleendian
Reading image: /opt/freesurfer/average/711-2C_as_mni_average_305.4dfp.img
dimensions:      256       256       256
mmppix:       1.0000   -1.0000   -1.0000
center:     128.0000 -129.0000 -129.0000
/opt/freesurfer/average/711-2B_as_mni_average_305_mask.4dfp.img
       256       256       256         1
  1.000000  1.000000  1.000000
orientation T byte_order littleendian
Reading mask: /opt/freesurfer/average/711-2B_as_mni_average_305_mask.4dfp.img (2306576 pixels)
talsrcimg_g11.4dfp.img
       256       256       256         1
  1.000000  1.000000  1.000000
orientation T byte_order littleendian
Reading image: talsrcimg_g11.4dfp.img
dimensions:      256       256       256
mmppix:       1.0000   -1.0000   -1.0000
center:     128.0000 -129.0000 -129.0000
fimgreg.f
image alignment mode   2311 decimal      907 hex
parameters
   -2.0100  -17.2792    1.9797   -3.3563  -25.1861  -22.6328
   -4.2161   14.5658    2.3277   13.2645   -4.1859   -8.3407
eta,q 0.96992  9.47198
niter,ni,del,rscale     5    3    5.0000    0.8000
parameters
   -2.0471  -17.2584    1.9755   -3.6400  -25.2461  -22.6786
   -4.0019   14.6583    2.2569   13.2482   -4.2064   -8.3107
eta,q 0.96991  9.45522
  0.0310  0.0309  0.0306  0.0307  0.0307  0.0308  0.0309  0.0313  0.0308  0.0309  0.0305  0.0305
  0.0305  0.0304  0.0303  0.0304  0.0303  0.0304  0.0305  0.0306  0.0304  0.0305  0.0302  0.0303
  0.0302  0.0302  0.0301  0.0302  0.0301  0.0302  0.0302  0.0302  0.0302  0.0302  0.0301  0.0301
  0.0301  0.0301  0.0301  0.0301  0.0301  0.0301  0.0301  0.0301  0.0301  0.0301  0.0301  0.0301
  0.0302  0.0302  0.0301  0.0302  0.0301  0.0302  0.0302  0.0302  0.0302  0.0302  0.0301  0.0301
  0.0305  0.0304  0.0303  0.0304  0.0304  0.0304  0.0304  0.0306  0.0304  0.0305  0.0303  0.0303
  0.0311  0.0308  0.0306  0.0309  0.0307  0.0308  0.0307  0.0311  0.0308  0.0309  0.0304  0.0305
niter,ni,del,rscale     4    3    5.0000    0.7000
parameters
   -2.0225  -17.2541    1.9775   -3.5413  -25.2295  -22.7040
   -4.0255   14.6501    2.2703   13.2624   -4.1943   -8.3188
eta,q 0.96991  9.45942
  0.0308  0.0307  0.0305  0.0306  0.0305  0.0307  0.0307  0.0310  0.0306  0.0307  0.0304  0.0304
  0.0304  0.0303  0.0303  0.0304  0.0303  0.0303  0.0303  0.0305  0.0303  0.0304  0.0302  0.0302
  0.0302  0.0301  0.0301  0.0302  0.0301  0.0302  0.0301  0.0302  0.0301  0.0302  0.0301  0.0301
  0.0301  0.0301  0.0301  0.0301  0.0301  0.0301  0.0301  0.0301  0.0301  0.0301  0.0301  0.0301
  0.0301  0.0302  0.0301  0.0301  0.0301  0.0301  0.0302  0.0302  0.0301  0.0302  0.0301  0.0301
  0.0304  0.0303  0.0303  0.0303  0.0303  0.0303  0.0304  0.0305  0.0303  0.0304  0.0302  0.0302
  0.0308  0.0307  0.0305  0.0306  0.0305  0.0307  0.0306  0.0309  0.0306  0.0307  0.0304  0.0304
niter,ni,del,rscale     3    3    5.0000    0.6000
parameters
   -2.0177  -17.2658    1.9766   -3.4589  -25.2079  -22.6850
   -4.0879   14.6314    2.2718   13.2700   -4.1703   -8.3346
eta,q 0.96992  9.46458
  0.0306  0.0305  0.0304  0.0305  0.0304  0.0305  0.0305  0.0307  0.0305  0.0306  0.0303  0.0303
  0.0303  0.0303  0.0302  0.0303  0.0302  0.0303  0.0303  0.0304  0.0303  0.0303  0.0302  0.0302
  0.0302  0.0301  0.0301  0.0302  0.0301  0.0301  0.0301  0.0301  0.0301  0.0301  0.0301  0.0301
  0.0301  0.0301  0.0301  0.0301  0.0301  0.0301  0.0301  0.0301  0.0301  0.0301  0.0301  0.0301
  0.0301  0.0301  0.0301  0.0301  0.0301  0.0301  0.0302  0.0302  0.0301  0.0301  0.0301  0.0301
  0.0303  0.0303  0.0302  0.0302  0.0302  0.0303  0.0303  0.0304  0.0302  0.0303  0.0302  0.0302
  0.0306  0.0305  0.0304  0.0305  0.0304  0.0305  0.0305  0.0307  0.0305  0.0306  0.0303  0.0303
niter,ni,del,rscale     2    3    5.0000    0.5000
parameters
   -2.0140  -17.2757    1.9713   -3.4044  -25.1839  -22.6718
   -4.1654   14.5967    2.3092   13.2725   -4.1914   -8.3452
eta,q 0.96992  9.46888
  0.0305  0.0304  0.0303  0.0304  0.0303  0.0304  0.0304  0.0305  0.0304  0.0304  0.0302  0.0302
  0.0303  0.0302  0.0302  0.0302  0.0302  0.0302  0.0302  0.0303  0.0302  0.0302  0.0301  0.0301
  0.0301  0.0301  0.0301  0.0301  0.0301  0.0301  0.0301  0.0301  0.0301  0.0301  0.0301  0.0301
  0.0301  0.0301  0.0301  0.0301  0.0301  0.0301  0.0301  0.0301  0.0301  0.0301  0.0301  0.0301
  0.0301  0.0301  0.0301  0.0301  0.0301  0.0301  0.0301  0.0301  0.0301  0.0301  0.0301  0.0301
  0.0302  0.0302  0.0302  0.0302  0.0302  0.0302  0.0302  0.0303  0.0302  0.0302  0.0301  0.0301
  0.0305  0.0304  0.0303  0.0304  0.0303  0.0304  0.0304  0.0305  0.0303  0.0304  0.0302  0.0302
niter,ni,del,rscale     1    3    5.0000    0.4000
parameters
   -2.0084  -17.2857    1.9796   -3.3669  -25.1872  -22.6324
   -4.2249   14.5636    2.3500   13.2628   -4.1982   -8.3269
eta,q 0.96992  9.47171
  0.0303  0.0303  0.0302  0.0303  0.0302  0.0303  0.0303  0.0304  0.0303  0.0303  0.0302  0.0302
  0.0302  0.0302  0.0301  0.0302  0.0301  0.0302  0.0302  0.0302  0.0302  0.0302  0.0301  0.0301
  0.0301  0.0301  0.0301  0.0301  0.0301  0.0301  0.0301  0.0301  0.0301  0.0301  0.0301  0.0301
  0.0301  0.0301  0.0301  0.0301  0.0301  0.0301  0.0301  0.0301  0.0301  0.0301  0.0301  0.0301
  0.0301  0.0301  0.0301  0.0301  0.0301  0.0301  0.0301  0.0301  0.0301  0.0301  0.0301  0.0301
  0.0302  0.0302  0.0301  0.0302  0.0301  0.0302  0.0302  0.0302  0.0301  0.0302  0.0301  0.0301
  0.0303  0.0303  0.0302  0.0303  0.0302  0.0303  0.0303  0.0304  0.0302  0.0303  0.0302  0.0302
registration optimization eta report
parameter search radius
    0.8000    0.8000    0.8000    2.4000    2.4000    2.4000
    2.4000    2.4000    2.4000    2.4000    2.4000    2.4000
100000*second partial in parameter space
       37.       29.       20.        3.        3.        3.
        4.        5.        3.        4.        2.        2.
  0.0303  0.0303  0.0302  0.0303  0.0302  0.0303  0.0303  0.0304  0.0303  0.0303  0.0302  0.0302
  0.0302  0.0302  0.0301  0.0302  0.0301  0.0302  0.0302  0.0302  0.0302  0.0302  0.0301  0.0301
  0.0301  0.0301  0.0301  0.0301  0.0301  0.0301  0.0301  0.0301  0.0301  0.0301  0.0301  0.0301
  0.0301  0.0301  0.0301  0.0301  0.0301  0.0301  0.0301  0.0301  0.0301  0.0301  0.0301  0.0301
  0.0301  0.0301  0.0301  0.0301  0.0301  0.0301  0.0301  0.0301  0.0301  0.0301  0.0301  0.0301
  0.0302  0.0302  0.0301  0.0302  0.0301  0.0302  0.0302  0.0302  0.0301  0.0302  0.0301  0.0301
  0.0303  0.0303  0.0302  0.0303  0.0302  0.0303  0.0303  0.0304  0.0302  0.0303  0.0302  0.0302
   -2.0084  -17.2857    1.9796   -3.3669  -25.1872  -22.6324
   -4.2249   14.5636    2.3500   13.2628   -4.1982   -8.3269
eta,q 0.96992  9.47171

---------------------------------------------------------------------
compute_vox2vox talsrcimg talsrcimg_to_711-2C_as_mni_average_305_t4 /opt/freesurfer/average/711-2C_as_mni_average_305
---------------------------------------------------------------------

freesurfer compute_vox2vox.c
Reading: talsrcimg.4dfp.ifh
Reading: talsrcimg_to_711-2C_as_mni_average_305_t4
Reading: /opt/freesurfer/average/711-2C_as_mni_average_305.4dfp.ifh
Writing: talsrcimg_to_711-2C_as_mni_average_305_t4_vox2vox.txt

start time Sat Mar 14 10:30:52 CET 2026
end		time Sat Mar 14 10:31:05 CET 2026

mpr2mni305 success

avi2talxfm orig_nu.mgz /opt/freesurfer/average/mni305.cor.mgz talsrcimg_to_711-2C_as_mni_average_305_t4_vox2vox.txt transforms/talairach.auto.xfm
avi2talxfm done
mv -f /out/sourcedata/freesurfer/sub-v2s9x29158_ses-1/mri/talsrcimg_to_711-2C_as_mni_average_305_t4_vox2vox.txt /out/sourcedata/freesurfer/sub-v2s9x29158_ses-1/mri/transforms/talsrcimg_to_711-2C_as_mni_average_305_t4_vox2vox.txt
lta_convert --src orig_nu.mgz --trg /opt/freesurfer/average/mni305.cor.mgz --inxfm transforms/talairach.auto.xfm --outlta transforms/talairach.auto.xfm.lta --subject fsaverage
7.3.2

--src: orig_nu.mgz src image (geometry).
--trg: /opt/freesurfer/average/mni305.cor.mgz trg image (geometry).
--inmni: transforms/talairach.auto.xfm input MNI/XFM transform.
--outlta: transforms/talairach.auto.xfm.lta output LTA.
--s: fsaverage subject name
 LTA read, type : 1
 1.02532  -0.19913   0.03574   2.35353;
 0.05119   1.25839   0.14295  -1.09422;
-0.04128  -0.21683   1.31020   21.71141;
 0.00000   0.00000   0.00000   1.00000;
setting subject to fsaverage
Writing  LTA to file transforms/talairach.auto.xfm.lta...
lta_convert successful.
 
 
Started at Sat Mar 14 10:30:51 CET 2026
Ended   at Sat Mar 14 10:31:06 CET 2026
talairach_avi done
