/out/sourcedata/freesurfer/sub-v2s9x29170_ses-1/mri
/opt/freesurfer/bin/talairach_avi
--i orig_nu.mgz --xfm transforms/talairach.auto.xfm
talairach_avi 7.3.2
Linux dna079 5.14.0-427.37.1.el9_4.x86_64 #1 SMP PREEMPT_DYNAMIC Fri Sep 13 12:41:50 EDT 2024 x86_64 x86_64 x86_64 GNU/Linux
Sat Mar 14 10:30:52 CET 2026
mri_convert orig_nu.mgz talsrcimg.img 
reading from orig_nu.mgz...
TR=0.00, TE=0.00, TI=0.00, flip angle=0.00
i_ras = (-1, 0, 0)
j_ras = (0, 0, -1)
k_ras = (0, 1, 0)
writing to talsrcimg.img...
Analyze Output Matrix
-1.00000   0.00000   0.00000   129.66513;
 0.00000   0.00000   1.00000  -128.00000;
 0.00000  -1.00000   0.00000   130.00000;
 0.00000   0.00000   0.00000   1.00000;
--------------------
INFO: set hdr.hist.orient to -1
mpr2mni305 talsrcimg
Sat Mar 14 10:30:52 CET 2026
/opt/freesurfer/bin/mpr2mni305 talsrcimg
mpr2mni305 7.3.2
target=711-2C_as_mni_average_305

---------------------------------------------------------------------
analyzeto4dfp talsrcimg -O0 -y
---------------------------------------------------------------------

freesurfer ifh2hdr.c
Sat Mar 14 10:30:52 2026
Writing: talsrcimg.4dfp.hdr
freesurfer analyzeto4dfp.c
Reading: talsrcimg.hdr
header size 348 bytes
hdr.dime.datatype	offset=70	value=2
hdr.dime.bitpix		offset=72	value=8
hdr.hist.orient		offset=252	value=-1
dimensionality     4
dimensions       256       256       256         1
Reading: talsrcimg.img
Writing: talsrcimg.4dfp.img
Writing: talsrcimg.4dfp.ifh
ifh2hdr talsrcimg -r0to211
ori=2

---------------------------------------------------------------------
gauss_4dfp talsrcimg 1.1
---------------------------------------------------------------------

freesurfer gauss_4dfp.c
Reading: talsrcimg.4dfp.img
Writing: talsrcimg_g11.4dfp.img
image dimensions 256 256 256 padded to 288 288 288
processing volume 1freesurfer ifh2hdr.c
Sat Mar 14 10:30:54 2026
Writing: talsrcimg_g11.4dfp.hdr

Writing: talsrcimg_g11.4dfp.ifh
including: talsrcimg.4dfp.img.rec in talsrcimg_g11.4dfp.img.rec

---------------------------------------------------------------------
imgreg_4dfp /opt/freesurfer/average/711-2C_as_mni_average_305 none talsrcimg_g11 none talsrcimg_to_711-2C_as_mni_average_305_t4 4355
---------------------------------------------------------------------

freesurfer imgreg_4dfp.c
/opt/freesurfer/average/711-2C_as_mni_average_305.4dfp.img
       256       256       256         1
  1.000000  1.000000  1.000000
orientation T byte_order littleendian
Reading image: /opt/freesurfer/average/711-2C_as_mni_average_305.4dfp.img
dimensions:      256       256       256
mmppix:       1.0000   -1.0000   -1.0000
center:     128.0000 -129.0000 -129.0000
talsrcimg_g11.4dfp.img
       256       256       256         1
  1.000000  1.000000  1.000000
orientation T byte_order littleendian
Reading image: talsrcimg_g11.4dfp.img
dimensions:      256       256       256
mmppix:       1.0000   -1.0000   -1.0000
center:     128.0000 -129.0000 -129.0000
t4_read: open error in t4_sub.f l:  41 t4_file(1:l)talsrcimg_to_711-2C_as_mni_average_305_t4 
t4_read: transform initialized to I4
rotation matrix determinant  1.000000
image alignment mode   4355 decimal     1103 hex
   -7.5000  -45.0000  -45.0000 9133.0908   18.9039
    0.0000  -45.0000  -45.0000 9401.0156   18.8285
    7.5000  -45.0000  -45.0000 8899.3955   18.8187
   -7.5000  -37.5000  -45.0000 9507.6953   18.8741
    0.0000  -37.5000  -45.0000 9799.2344   18.7996
    7.5000  -37.5000  -45.0000 9261.5322   18.7786
   -7.5000  -30.0000  -45.000010204.7168   18.8821
    0.0000  -30.0000  -45.000010507.1611   18.8145
    7.5000  -30.0000  -45.0000 9939.0576   18.7896
   -7.5000  -22.5000  -45.000010859.5596   18.9210
    0.0000  -22.5000  -45.000011165.4629   18.8626
    7.5000  -22.5000  -45.000010558.4307   18.8460
   -7.5000  -15.0000  -45.000011419.5088   18.9557
    0.0000  -15.0000  -45.000011746.9863   18.8993
    7.5000  -15.0000  -45.000011116.7676   18.8941
   -7.5000   -7.5000  -45.000011916.8477   18.9463
    0.0000   -7.5000  -45.000012293.6650   18.8800
    7.5000   -7.5000  -45.000011623.4727   18.8776
   -7.5000    0.0000  -45.000012332.9014   18.9039
    0.0000    0.0000  -45.000012760.0762   18.8285
    7.5000    0.0000  -45.000012056.7002   18.8187
   -7.5000    7.5000  -45.000011660.6807   18.8741
    0.0000    7.5000  -45.000012069.2080   18.7996
    7.5000    7.5000  -45.000011407.2461   18.7786
   -7.5000   15.0000  -45.000010897.2061   18.8821
    0.0000   15.0000  -45.000011265.7568   18.8145
    7.5000   15.0000  -45.000010622.5791   18.7896
   -7.5000   22.5000  -45.000010027.3623   18.9184
    0.0000   22.5000  -45.000010377.3359   18.8600
    7.5000   22.5000  -45.0000 9763.9102   18.8434
   -7.5000   30.0000  -45.0000 9181.7539   18.7031
    0.0000   30.0000  -45.0000 9502.5352   18.6474
    7.5000   30.0000  -45.0000 8923.4941   18.6423
   -7.5000   37.5000  -45.0000 8625.4961   18.6938
    0.0000   37.5000  -45.0000 8955.1885   18.6284
    7.5000   37.5000  -45.0000 8405.6895   18.6260
   -7.5000   45.0000  -45.0000 7686.3940   18.1860
    0.0000   45.0000  -45.0000 7968.9883   18.1135
    7.5000   45.0000  -45.0000 7483.7017   18.1041
   -7.5000  -45.0000  -37.5000 9718.1201   18.7823
    0.0000  -45.0000  -37.500010008.4023   18.7140
    7.5000  -45.0000  -37.5000 9453.4092   18.7111
   -7.5000  -37.5000  -37.500010104.3604   18.7547
    0.0000  -37.5000  -37.500010413.8213   18.6859
    7.5000  -37.5000  -37.5000 9836.7979   18.6705
   -7.5000  -30.0000  -37.500010850.4971   18.7636
    0.0000  -30.0000  -37.500011158.3887   18.7009
    7.5000  -30.0000  -37.500010554.7227   18.6796
   -7.5000  -22.5000  -37.500011536.1289   18.8006
    0.0000  -22.5000  -37.500011835.6484   18.7473
    7.5000  -22.5000  -37.500011187.9551   18.7338
   -7.5000  -15.0000  -37.500012087.4229   18.8318
    0.0000  -15.0000  -37.500012429.7598   18.7824
    7.5000  -15.0000  -37.500011744.7627   18.7822
   -7.5000   -7.5000  -37.500012609.3008   18.8224
    0.0000   -7.5000  -37.500012985.7637   18.7640
    7.5000   -7.5000  -37.500012290.0020   18.7682
   -7.5000    0.0000  -37.500013028.0312   18.7823
    0.0000    0.0000  -37.500013430.6846   18.7140
    7.5000    0.0000  -37.500012718.3887   18.7111
   -7.5000    7.5000  -37.500012306.6992   18.7547
    0.0000    7.5000  -37.500012704.5713   18.6859
    7.5000    7.5000  -37.500012002.2236   18.6705
   -7.5000   15.0000  -37.500011478.3252   18.7636
    0.0000   15.0000  -37.500011838.7158   18.7009
    7.5000   15.0000  -37.500011161.8477   18.6796
   -7.5000   22.5000  -37.500010521.3262   18.7980
    0.0000   22.5000  -37.500010873.2754   18.7447
    7.5000   22.5000  -37.500010242.2002   18.7312
   -7.5000   30.0000  -37.5000 9607.3535   18.5809
    0.0000   30.0000  -37.5000 9932.5547   18.5321
    7.5000   30.0000  -37.5000 9341.2324   18.5319
   -7.5000   37.5000  -37.5000 9001.5078   18.5716
    0.0000   37.5000  -37.5000 9339.4004   18.5139
    7.5000   37.5000  -37.5000 8770.0215   18.5181
   -7.5000   45.0000  -37.5000 8012.1167   18.0690
    0.0000   45.0000  -37.5000 8300.0889   18.0033
    7.5000   45.0000  -37.5000 7796.1514   18.0004
   -7.5000  -45.0000  -30.000010447.8096   19.5320
    0.0000  -45.0000  -30.000010786.3613   19.4659
    7.5000  -45.0000  -30.000010160.2168   19.4631
   -7.5000  -37.5000  -30.000010861.0469   19.4962
    0.0000  -37.5000  -30.000011205.6299   19.4298
    7.5000  -37.5000  -30.000010566.4043   19.4172
   -7.5000  -30.0000  -30.000011650.9033   19.5039
    0.0000  -30.0000  -30.000011992.4912   19.4431
    7.5000  -30.0000  -30.000011335.5527   19.4229
   -7.5000  -22.5000  -30.000012349.5654   19.5473
    0.0000  -22.5000  -30.000012706.0625   19.4948
    7.5000  -22.5000  -30.000011995.5996   19.4788
   -7.5000  -15.0000  -30.000012946.3691   19.5870
    0.0000  -15.0000  -30.000013296.4473   19.5382
    7.5000  -15.0000  -30.000012550.9297   19.5332
   -7.5000   -7.5000  -30.000013498.3145   19.5791
    0.0000   -7.5000  -30.000013875.0654   19.5222
    7.5000   -7.5000  -30.000013110.1426   19.5231
   -7.5000    0.0000  -30.000013933.8750   19.5320
    0.0000    0.0000  -30.000014341.4102   19.4659
    7.5000    0.0000  -30.000013551.7666   19.4631
   -7.5000    7.5000  -30.000013141.9180   19.4962
    0.0000    7.5000  -30.000013527.4307   19.4298
    7.5000    7.5000  -30.000012761.0254   19.4172
   -7.5000   15.0000  -30.000012239.8242   19.5039
    0.0000   15.0000  -30.000012608.9541   19.4431
    7.5000   15.0000  -30.000011891.8447   19.4229
   -7.5000   22.5000  -30.000011248.7793   19.5427
    0.0000   22.5000  -30.000011585.8154   19.4901
    7.5000   22.5000  -30.000010909.5615   19.4741
   -7.5000   30.0000  -30.000010246.0908   19.3278
    0.0000   30.0000  -30.000010553.2871   19.2796
    7.5000   30.0000  -30.0000 9941.8203   19.2748
   -7.5000   37.5000  -30.0000 9566.8672   19.3201
    0.0000   37.5000  -30.0000 9890.4092   19.2639
    7.5000   37.5000  -30.0000 9294.5938   19.2648
   -7.5000   45.0000  -30.0000 8495.9131   18.8041
    0.0000   45.0000  -30.0000 8794.5352   18.7405
    7.5000   45.0000  -30.0000 8260.2695   18.7378
   -7.5000  -45.0000  -22.500011187.2188   20.2244
    0.0000  -45.0000  -22.500011546.4941   20.1560
    7.5000  -45.0000  -22.500010854.5234   20.1472
   -7.5000  -37.5000  -22.500011612.4805   20.1800
    0.0000  -37.5000  -22.500011989.3525   20.1114
    7.5000  -37.5000  -22.500011289.6348   20.0950
   -7.5000  -30.0000  -22.500012402.1621   20.1838
    0.0000  -30.0000  -22.500012815.1670   20.1192
    7.5000  -30.0000  -22.500012118.4346   20.0951
   -7.5000  -22.5000  -22.500013128.1572   20.2330
    0.0000  -22.5000  -22.500013543.2227   20.1747
    7.5000  -22.5000  -22.500012815.5791   20.1516
   -7.5000  -15.0000  -22.500013791.4229   20.2824
    0.0000  -15.0000  -22.500014185.6680   20.2272
    7.5000  -15.0000  -22.500013399.2549   20.2123
   -7.5000   -7.5000  -22.500014375.6807   20.2774
    0.0000   -7.5000  -22.500014778.3164   20.2162
    7.5000   -7.5000  -22.500013958.9336   20.2078
   -7.5000    0.0000  -22.500014819.9131   20.2244
    0.0000    0.0000  -22.500015255.6104   20.1560
    7.5000    0.0000  -22.500014383.7510   20.1472
   -7.5000    7.5000  -22.500013979.6885   20.1800
    0.0000    7.5000  -22.500014374.7363   20.1114
    7.5000    7.5000  -22.500013560.5361   20.0950
   -7.5000   15.0000  -22.500013009.8408   20.1838
    0.0000   15.0000  -22.500013370.4297   20.1192
    7.5000   15.0000  -22.500012628.4961   20.0951
   -7.5000   22.5000  -22.500011941.4199   20.2268
    0.0000   22.5000  -22.500012274.8848   20.1684
    7.5000   22.5000  -22.500011581.4248   20.1454
   -7.5000   30.0000  -22.500010863.4570   20.0171
    0.0000   30.0000  -22.500011175.1055   19.9626
    7.5000   30.0000  -22.500010548.2773   19.9479
   -7.5000   37.5000  -22.500010158.1348   20.0122
    0.0000   37.5000  -22.500010467.4424   19.9518
    7.5000   37.5000  -22.5000 9846.0127   19.9434
   -7.5000   45.0000  -22.5000 9011.3223   19.4855
    0.0000   45.0000  -22.5000 9296.9541   19.4197
    7.5000   45.0000  -22.5000 8743.1104   19.4112
   -7.5000  -45.0000  -15.000011937.8750   20.7299
    0.0000  -45.0000  -15.000012320.4844   20.6540
    7.5000  -45.0000  -15.000011577.2637   20.6376
   -7.5000  -37.5000  -15.000012393.4609   20.6834
    0.0000  -37.5000  -15.000012787.2139   20.6073
    7.5000  -37.5000  -15.000012057.8027   20.5844
   -7.5000  -30.0000  -15.000013157.7861   20.6869
    0.0000  -30.0000  -15.000013614.3438   20.6142
    7.5000  -30.0000  -15.000012927.2227   20.5850
   -7.5000  -22.5000  -15.000013902.3994   20.7392
    0.0000  -22.5000  -15.000014360.4873   20.6719
    7.5000  -22.5000  -15.000013653.8643   20.6439
   -7.5000  -15.0000  -15.000014604.9395   20.7919
    0.0000  -15.0000  -15.000015046.6836   20.7271
    7.5000  -15.0000  -15.000014248.1924   20.7058
   -7.5000   -7.5000  -15.000015241.1943   20.7859
    0.0000   -7.5000  -15.000015696.5322   20.7159
    7.5000   -7.5000  -15.000014819.6123   20.6998
   -7.5000    0.0000  -15.000015667.6582   20.7299
    0.0000    0.0000  -15.000016161.7861   20.6540
    7.5000    0.0000  -15.000015218.9150   20.6376
   -7.5000    7.5000  -15.000014769.3242   20.6834
    0.0000    7.5000  -15.000015210.1152   20.6073
    7.5000    7.5000  -15.000014348.4033   20.5844
   -7.5000   15.0000  -15.000013755.3828   20.6869
    0.0000   15.0000  -15.000014128.1572   20.6142
    7.5000   15.0000  -15.000013351.3291   20.5850
   -7.5000   22.5000  -15.000012634.8154   20.7319
    0.0000   22.5000  -15.000012972.5645   20.6646
    7.5000   22.5000  -15.000012270.1396   20.6366
   -7.5000   30.0000  -15.000011485.1641   20.5228
    0.0000   30.0000  -15.000011824.6553   20.4588
    7.5000   30.0000  -15.000011143.9072   20.4378
   -7.5000   37.5000  -15.000010734.4121   20.5169
    0.0000   37.5000  -15.000011060.3350   20.4478
    7.5000   37.5000  -15.000010386.2979   20.4319
   -7.5000   45.0000  -15.0000 9518.1572   19.9846
    0.0000   45.0000  -15.0000 9809.5029   19.9116
    7.5000   45.0000  -15.0000 9214.4424   19.8958
   -7.5000  -45.0000   -7.500012697.9863   20.9720
    0.0000  -45.0000   -7.500013105.8193   20.8883
    7.5000  -45.0000   -7.500012329.3525   20.8716
   -7.5000  -37.5000   -7.500013174.2090   20.9302
    0.0000  -37.5000   -7.500013614.7012   20.8469
    7.5000  -37.5000   -7.500012854.3447   20.8216
   -7.5000  -30.0000   -7.500013978.5059   20.9367
    0.0000  -30.0000   -7.500014481.2617   20.8587
    7.5000  -30.0000   -7.500013773.4434   20.8293
   -7.5000  -22.5000   -7.500014691.9082   20.9877
    0.0000  -22.5000   -7.500015218.6445   20.9169
    7.5000  -22.5000   -7.500014527.2510   20.8926
   -7.5000  -15.0000   -7.500015405.9492   21.0358
    0.0000  -15.0000   -7.500015905.6709   20.9673
    7.5000  -15.0000   -7.500015163.9668   20.9513
   -7.5000   -7.5000   -7.500016039.2451   21.0266
    0.0000   -7.5000   -7.500016574.1543   20.9503
    7.5000   -7.5000   -7.500015742.0625   20.9375
   -7.5000    0.0000   -7.500016480.2012   20.9720
    0.0000    0.0000   -7.500017039.1562   20.8883
    7.5000    0.0000   -7.500016142.7822   20.8716
   -7.5000    7.5000   -7.500015555.0420   20.9302
    0.0000    7.5000   -7.500016067.5820   20.8469
    7.5000    7.5000   -7.500015209.5303   20.8216
   -7.5000   15.0000   -7.500014499.3721   20.9367
    0.0000   15.0000   -7.500014957.6611   20.8587
    7.5000   15.0000   -7.500014153.2051   20.8293
   -7.5000   22.5000   -7.500013337.9580   20.9780
    0.0000   22.5000   -7.500013745.6494   20.9072
    7.5000   22.5000   -7.500013001.8975   20.8829
   -7.5000   30.0000   -7.500012124.0762   20.7630
    0.0000   30.0000   -7.500012502.2588   20.6954
    7.5000   30.0000   -7.500011812.1094   20.6796
   -7.5000   37.5000   -7.500011289.7305   20.7539
    0.0000   37.5000   -7.500011624.2402   20.6786
    7.5000   37.5000   -7.500010963.1377   20.6660
   -7.5000   45.0000   -7.5000 9971.2334   20.2217
    0.0000   45.0000   -7.500010269.3750   20.1411
    7.5000   45.0000   -7.5000 9682.5225   20.1250
   -7.5000  -45.0000    0.000013248.3389   20.9939
    0.0000  -45.0000    0.000013698.1025   20.9088
    7.5000  -45.0000    0.000012949.2568   20.8990
   -7.5000  -37.5000    0.000013791.0137   20.9600
    0.0000  -37.5000    0.000014270.1221   20.8753
    7.5000  -37.5000    0.000013502.5635   20.8526
   -7.5000  -30.0000    0.000014726.8350   20.9694
    0.0000  -30.0000    0.000015283.8438   20.8919
    7.5000  -30.0000    0.000014509.3350   20.8647
   -7.5000  -22.5000    0.000015443.9707   21.0141
    0.0000  -22.5000    0.000016038.5908   20.9469
    7.5000  -22.5000    0.000015364.3799   20.9292
   -7.5000  -15.0000    0.000016061.2217   21.0531
    0.0000  -15.0000    0.000016681.4395   20.9889
    7.5000  -15.0000    0.000016050.0420   20.9842
   -7.5000   -7.5000    0.000016629.6426   21.0420
    0.0000   -7.5000    0.000017320.4277   20.9673
    7.5000   -7.5000    0.000016648.9551   20.9659
   -7.5000    0.0000    0.000017086.8340   20.9939
    0.0000    0.0000    0.000017809.1543   20.9088
    7.5000    0.0000    0.000017025.3574   20.8990
   -7.5000    7.5000    0.000016196.3926   20.9600
    0.0000    7.5000    0.000016838.2168   20.8753
    7.5000    7.5000    0.000016006.1016   20.8526
   -7.5000   15.0000    0.000015126.2363   20.9694
    0.0000   15.0000    0.000015686.7881   20.8919
    7.5000   15.0000    0.000014886.7822   20.8647
   -7.5000   22.5000    0.000013922.3633   21.0044
    0.0000   22.5000    0.000014416.3486   20.9373
    7.5000   22.5000    0.000013646.7803   20.9196
   -7.5000   30.0000    0.000012662.9570   20.7806
    0.0000   30.0000    0.000013092.8721   20.7173
    7.5000   30.0000    0.000012376.3477   20.7127
   -7.5000   37.5000    0.000011746.9883   20.7697
    0.0000   37.5000    0.000012121.5576   20.6959
    7.5000   37.5000    0.000011433.4209   20.6945
   -7.5000   45.0000    0.000010358.5791   20.2442
    0.0000   45.0000    0.000010679.9668   20.1621
    7.5000   45.0000    0.000010089.2041   20.1526
   -7.5000  -45.0000    7.500012755.4297   20.9740
    0.0000  -45.0000    7.500013196.0674   20.8956
    7.5000  -45.0000    7.500012532.3828   20.8923
   -7.5000  -37.5000    7.500013283.7881   20.9425
    0.0000  -37.5000    7.500013734.0127   20.8640
    7.5000  -37.5000    7.500013079.1514   20.8468
   -7.5000  -30.0000    7.500014254.6035   20.9530
    0.0000  -30.0000    7.500014753.7793   20.8819
    7.5000  -30.0000    7.500014041.7725   20.8580
   -7.5000  -22.5000    7.500014951.3887   20.9954
    0.0000  -22.5000    7.500015564.0225   20.9351
    7.5000  -22.5000    7.500014878.1260   20.9201
   -7.5000  -15.0000    7.500015550.9443   21.0309
    0.0000  -15.0000    7.500016257.8789   20.9746
    7.5000  -15.0000    7.500015577.5244   20.9746
   -7.5000   -7.5000    7.500016073.6807   21.0198
    0.0000   -7.5000    7.500016850.2812   20.9528
    7.5000   -7.5000    7.500016141.4248   20.9577
   -7.5000    0.0000    7.500016502.4004   20.9740
    0.0000    0.0000    7.500017247.2090   20.8956
    7.5000    0.0000    7.500016488.3125   20.8923
   -7.5000    7.5000    7.500015589.8008   20.9425
    0.0000    7.5000    7.500016255.2988   20.8640
    7.5000    7.5000    7.500015505.2451   20.8468
   -7.5000   15.0000    7.500014550.3984   20.9530
    0.0000   15.0000    7.500015113.1201   20.8819
    7.5000   15.0000    7.500014419.7129   20.8580
   -7.5000   22.5000    7.500013429.2637   20.9857
    0.0000   22.5000    7.500013903.4336   20.9255
    7.5000   22.5000    7.500013224.5098   20.9105
   -7.5000   30.0000    7.500012215.6943   20.7587
    0.0000   30.0000    7.500012607.9453   20.7031
    7.5000   30.0000    7.500012005.2285   20.7031
   -7.5000   37.5000    7.500011333.6709   20.7478
    0.0000   37.5000    7.500011680.3438   20.6816
    7.5000   37.5000    7.500011080.5127   20.6864
   -7.5000   45.0000    7.5000 9961.4258   20.2249
    0.0000   45.0000    7.500010264.4189   20.1494
    7.5000   45.0000    7.5000 9742.8008   20.1462
   -7.5000  -45.0000   15.000012145.6855   21.0315
    0.0000  -45.0000   15.000012556.9531   20.9604
    7.5000  -45.0000   15.000011922.1074   20.9577
   -7.5000  -37.5000   15.000012654.3516   20.9926
    0.0000  -37.5000   15.000013073.6914   20.9213
    7.5000  -37.5000   15.000012450.4346   20.9079
   -7.5000  -30.0000   15.000013555.3164   21.0008
    0.0000  -30.0000   15.000014019.1357   20.9355
    7.5000  -30.0000   15.000013378.7070   20.9141
   -7.5000  -22.5000   15.000014308.9561   21.0480
    0.0000  -22.5000   15.000014825.5713   20.9916
    7.5000  -22.5000   15.000014205.9609   20.9748
   -7.5000  -15.0000   15.000015066.2197   21.0910
    0.0000  -15.0000   15.000015615.5713   21.0386
    7.5000  -15.0000   15.000014890.8711   21.0337
   -7.5000   -7.5000   15.000015704.2520   21.0825
    0.0000   -7.5000   15.000016272.3574   21.0215
    7.5000   -7.5000   15.000015479.3457   21.0228
   -7.5000    0.0000   15.000016049.5752   21.0315
    0.0000    0.0000   15.000016611.3633   20.9604
    7.5000    0.0000   15.000015796.3701   20.9577
   -7.5000    7.5000   15.000015048.1582   20.9926
    0.0000    7.5000   15.000015608.4561   20.9213
    7.5000    7.5000   15.000014847.5820   20.9079
   -7.5000   15.0000   15.000013948.8740   21.0008
    0.0000   15.0000   15.000014466.1201   20.9355
    7.5000   15.0000   15.000013784.9014   20.9141
   -7.5000   22.5000   15.000012833.0879   21.0383
    0.0000   22.5000   15.000013290.7842   20.9819
    7.5000   22.5000   15.000012646.1982   20.9651
   -7.5000   30.0000   15.000011622.3369   20.8181
    0.0000   30.0000   15.000012002.8340   20.7664
    7.5000   30.0000   15.000011440.3984   20.7615
   -7.5000   37.5000   15.000010750.8174   20.8097
    0.0000   37.5000   15.000011076.0703   20.7494
    7.5000   37.5000   15.000010541.6836   20.7507
   -7.5000   45.0000   15.0000 9422.1396   20.2805
    0.0000   45.0000   15.0000 9705.9863   20.2120
    7.5000   45.0000   15.0000 9256.4131   20.2094
   -7.5000  -45.0000   22.500011472.1045   21.1532
    0.0000  -45.0000   22.500011835.9482   21.0824
    7.5000  -45.0000   22.500011194.0029   21.0739
   -7.5000  -37.5000   22.500011940.5225   21.1075
    0.0000  -37.5000   22.500012309.9434   21.0366
    7.5000  -37.5000   22.500011670.7461   21.0202
   -7.5000  -30.0000   22.500012755.1816   21.1127
    0.0000  -30.0000   22.500013166.2422   21.0461
    7.5000  -30.0000   22.500012552.3574   21.0215
   -7.5000  -22.5000   22.500013510.3604   21.1649
    0.0000  -22.5000   22.500013952.0195   21.1047
    7.5000  -22.5000   22.500013358.3623   21.0812
   -7.5000  -15.0000   22.500014264.1992   21.2161
    0.0000  -15.0000   22.500014728.3115   21.1590
    7.5000  -15.0000   22.500014053.7842   21.1441
   -7.5000   -7.5000   22.500014886.6455   21.2095
    0.0000   -7.5000   22.500015382.1846   21.1461
    7.5000   -7.5000   22.500014620.6094   21.1379
   -7.5000    0.0000   22.500015199.4150   21.1532
    0.0000    0.0000   22.500015698.5039   21.0824
    7.5000    0.0000   22.500014895.5781   21.0739
   -7.5000    7.5000   22.500014239.6973   21.1075
    0.0000    7.5000   22.500014741.1572   21.0366
    7.5000    7.5000   22.500013993.9131   21.0202
   -7.5000   15.0000   22.500013194.8467   21.1127
    0.0000   15.0000   22.500013650.9219   21.0461
    7.5000   15.0000   22.500012996.5020   21.0215
   -7.5000   22.5000   22.500012134.4229   21.1552
    0.0000   22.5000   22.500012532.3408   21.0950
    7.5000   22.5000   22.500011921.0977   21.0715
   -7.5000   30.0000   22.500010965.5498   20.9416
    0.0000   30.0000   22.500011288.9766   20.8852
    7.5000   30.0000   22.500010757.3701   20.8705
   -7.5000   37.5000   22.500010093.4521   20.9350
    0.0000   37.5000   22.500010383.3994   20.8724
    7.5000   37.5000   22.5000 9890.5264   20.8644
   -7.5000   45.0000   22.5000 8835.1494   20.3977
    0.0000   45.0000   22.5000 9097.8203   20.3295
    7.5000   45.0000   22.5000 8656.5664   20.3214
   -7.5000  -45.0000   30.000010716.2715   21.3594
    0.0000  -45.0000   30.000011051.3086   21.2826
    7.5000  -45.0000   30.000010412.1270   21.2666
   -7.5000  -37.5000   30.000011112.9424   21.3137
    0.0000  -37.5000   30.000011467.4082   21.2370
    7.5000  -37.5000   30.000010831.4482   21.2142
   -7.5000  -30.0000   30.000011867.7041   21.3205
    0.0000  -30.0000   30.000012253.8926   21.2473
    7.5000  -30.0000   30.000011648.6426   21.2179
   -7.5000  -22.5000   30.000012609.5742   21.3759
    0.0000  -22.5000   30.000013010.1260   21.3080
    7.5000  -22.5000   30.000012406.8262   21.2795
   -7.5000  -15.0000   30.000013306.1611   21.4286
    0.0000  -15.0000   30.000013709.6621   21.3630
    7.5000  -15.0000   30.000013076.5234   21.3414
   -7.5000   -7.5000   30.000013894.4170   21.4187
    0.0000   -7.5000   30.000014311.0703   21.3478
    7.5000   -7.5000   30.000013622.1855   21.3317
   -7.5000    0.0000   30.000014154.6357   21.3594
    0.0000    0.0000   30.000014587.8096   21.2826
    7.5000    0.0000   30.000013856.7529   21.2666
   -7.5000    7.5000   30.000013265.4248   21.3137
    0.0000    7.5000   30.000013690.0420   21.2370
    7.5000    7.5000   30.000013019.5186   21.2142
   -7.5000   15.0000   30.000012286.7188   21.3205
    0.0000   15.0000   30.000012682.5322   21.2473
    7.5000   15.0000   30.000012057.5957   21.2179
   -7.5000   22.5000   30.000011270.1035   21.3661
    0.0000   22.5000   30.000011637.5254   21.2982
    7.5000   22.5000   30.000011043.7646   21.2697
   -7.5000   30.0000   30.000010193.1846   21.1513
    0.0000   30.0000   30.000010502.1709   21.0866
    7.5000   30.0000   30.0000 9972.8223   21.0652
   -7.5000   37.5000   30.0000 9383.5947   21.1415
    0.0000   37.5000   30.0000 9656.5889   21.0715
    7.5000   37.5000   30.0000 9171.8945   21.0557
   -7.5000   45.0000   30.0000 8216.0762   20.5962
    0.0000   45.0000   30.0000 8460.4570   20.5223
    7.5000   45.0000   30.0000 8038.9609   20.5069
   -7.5000  -45.0000   37.500010332.4844   21.7086
    0.0000  -45.0000   37.500010648.6582   21.6226
    7.5000  -45.0000   37.500010032.3516   21.6067
   -7.5000  -37.5000   37.500010699.7012   21.6680
    0.0000  -37.5000   37.500011030.8271   21.5829
    7.5000  -37.5000   37.500010432.5859   21.5579
   -7.5000  -30.0000   37.500011458.5811   21.6785
    0.0000  -30.0000   37.500011815.2090   21.5992
    7.5000  -30.0000   37.500011204.2305   21.5694
   -7.5000  -22.5000   37.500012199.4883   21.7327
    0.0000  -22.5000   37.500012556.4414   21.6610
    7.5000  -22.5000   37.500011932.5996   21.6365
   -7.5000  -15.0000   37.500012858.0166   21.7806
    0.0000  -15.0000   37.500013206.6660   21.7110
    7.5000  -15.0000   37.500012562.7979   21.6953
   -7.5000   -7.5000   37.500013380.1250   21.7668
    0.0000   -7.5000   37.500013753.3994   21.6887
    7.5000   -7.5000   37.500013085.6875   21.6767
   -7.5000    0.0000   37.500013582.7275   21.7086
    0.0000    0.0000   37.500013996.5068   21.6226
    7.5000    0.0000   37.500013339.6533   21.6067
   -7.5000    7.5000   37.500012728.2734   21.6680
    0.0000    7.5000   37.500013140.1729   21.5829
    7.5000    7.5000   37.500012540.6328   21.5579
   -7.5000   15.0000   37.500011810.9932   21.6785
    0.0000   15.0000   37.500012198.5137   21.5992
    7.5000   15.0000   37.500011622.5137   21.5694
   -7.5000   22.5000   37.500010824.0078   21.7227
    0.0000   22.5000   37.500011183.3740   21.6510
    7.5000   22.5000   37.500010637.6357   21.6265
   -7.5000   30.0000   37.5000 9782.9121   21.4987
    0.0000   30.0000   37.500010095.0137   21.4300
    7.5000   30.0000   37.5000 9580.4609   21.4145
   -7.5000   37.5000   37.5000 9015.8242   21.4851
    0.0000   37.5000   37.5000 9292.3760   21.4080
    7.5000   37.5000   37.5000 8807.9932   21.3962
   -7.5000   45.0000   37.5000 7892.2417   20.9326
    0.0000   45.0000   37.5000 8147.5117   20.8497
    7.5000   45.0000   37.5000 7733.4546   20.8344
   -7.5000  -45.0000   45.0000 9512.5537   22.1091
    0.0000  -45.0000   45.0000 9840.2246   22.0222
    7.5000  -45.0000   45.0000 9254.1260   22.0150
   -7.5000  -37.5000   45.0000 9880.9834   22.0752
    0.0000  -37.5000   45.000010217.3545   21.9877
    7.5000  -37.5000   45.0000 9625.4014   21.9667
   -7.5000  -30.0000   45.000010589.2549   22.0869
    0.0000  -30.0000   45.000010938.3086   22.0059
    7.5000  -30.0000   45.000010340.7930   21.9804
   -7.5000  -22.5000   45.000011260.6963   22.1345
    0.0000  -22.5000   45.000011616.0498   22.0644
    7.5000  -22.5000   45.000010983.3672   22.0493
   -7.5000  -15.0000   45.000011830.9258   22.1745
    0.0000  -15.0000   45.000012194.9434   22.1088
    7.5000  -15.0000   45.000011564.3037   22.1079
   -7.5000   -7.5000   45.000012334.7783   22.1606
    0.0000   -7.5000   45.000012713.2900   22.0846
    7.5000   -7.5000   45.000012053.4023   22.0869
   -7.5000    0.0000   45.000012530.7637   22.1091
    0.0000    0.0000   45.000012940.3818   22.0222
    7.5000    0.0000   45.000012294.1309   22.0150
   -7.5000    7.5000   45.000011754.9072   22.0752
    0.0000    7.5000   45.000012158.9355   21.9877
    7.5000    7.5000   45.000011579.7979   21.9667
   -7.5000   15.0000   45.000010912.0195   22.0869
    0.0000   15.0000   45.000011286.0039   22.0059
    7.5000   15.0000   45.000010735.6309   21.9804
   -7.5000   22.5000   45.0000 9984.7754   22.1242
    0.0000   22.5000   45.000010331.1016   22.0541
    7.5000   22.5000   45.0000 9815.2812   22.0391
   -7.5000   30.0000   45.0000 9021.2227   21.8856
    0.0000   30.0000   45.0000 9327.7578   21.8207
    7.5000   30.0000   45.0000 8841.4658   21.8199
   -7.5000   37.5000   45.0000 8298.9072   21.8719
    0.0000   37.5000   45.0000 8580.7432   21.7969
    7.5000   37.5000   45.0000 8127.7656   21.7992
   -7.5000   45.0000   45.0000 7266.0381   21.3281
    0.0000   45.0000   45.0000 7517.5767   21.2444
    7.5000   45.0000   45.0000 7131.1387   21.2374

---------------------------------------------------------------------
imgreg_4dfp /opt/freesurfer/average/711-2C_as_mni_average_305 /opt/freesurfer/average/711-2B_as_mni_average_305_mask talsrcimg_g11 none talsrcimg_to_711-2C_as_mni_average_305_t4 4355
---------------------------------------------------------------------

freesurfer imgreg_4dfp.c
/opt/freesurfer/average/711-2C_as_mni_average_305.4dfp.img
       256       256       256         1
  1.000000  1.000000  1.000000
orientation T byte_order littleendian
Reading image: /opt/freesurfer/average/711-2C_as_mni_average_305.4dfp.img
dimensions:      256       256       256
mmppix:       1.0000   -1.0000   -1.0000
center:     128.0000 -129.0000 -129.0000
/opt/freesurfer/average/711-2B_as_mni_average_305_mask.4dfp.img
       256       256       256         1
  1.000000  1.000000  1.000000
orientation T byte_order littleendian
Reading mask: /opt/freesurfer/average/711-2B_as_mni_average_305_mask.4dfp.img (2306576 pixels)
talsrcimg_g11.4dfp.img
       256       256       256         1
  1.000000  1.000000  1.000000
orientation T byte_order littleendian
Reading image: talsrcimg_g11.4dfp.img
dimensions:      256       256       256
mmppix:       1.0000   -1.0000   -1.0000
center:     128.0000 -129.0000 -129.0000
rotation matrix determinant  1.000000
image alignment mode   4355 decimal     1103 hex
   -7.5000  -45.0000  -45.0000 2279.5208   18.7087
    0.0000  -45.0000  -45.0000 2260.6394   18.8414
    7.5000  -45.0000  -45.0000 2226.4255   19.2426
   -7.5000  -37.5000  -45.0000 2337.1523   17.7586
    0.0000  -37.5000  -45.0000 2317.8726   17.8558
    7.5000  -37.5000  -45.0000 2282.0449   18.1968
   -7.5000  -30.0000  -45.0000 2369.7769   17.0933
    0.0000  -30.0000  -45.0000 2351.3789   17.2233
    7.5000  -30.0000  -45.0000 2314.3003   17.5654
   -7.5000  -22.5000  -45.0000 2388.5298   16.7379
    0.0000  -22.5000  -45.0000 2367.3765   16.8729
    7.5000  -22.5000  -45.0000 2328.1072   17.2373
   -7.5000  -15.0000  -45.0000 2386.5256   16.6487
    0.0000  -15.0000  -45.0000 2366.9360   16.7744
    7.5000  -15.0000  -45.0000 2329.2007   17.1823
   -7.5000   -7.5000  -45.0000 2367.2490   16.9498
    0.0000   -7.5000  -45.0000 2345.5823   17.0651
    7.5000   -7.5000  -45.0000 2304.0654   17.4763
   -7.5000    0.0000  -45.0000 2320.0398   17.5949
    0.0000    0.0000  -45.0000 2301.9380   17.7203
    7.5000    0.0000  -45.0000 2257.9014   18.1103
   -7.5000    7.5000  -45.0000 2251.9121   18.5378
    0.0000    7.5000  -45.0000 2236.0305   18.6926
    7.5000    7.5000  -45.0000 2194.1902   19.0830
   -7.5000   15.0000  -45.0000 2163.1343   19.8721
    0.0000   15.0000  -45.0000 2144.5789   20.0591
    7.5000   15.0000  -45.0000 2102.1394   20.5461
   -7.5000   22.5000  -45.0000 2055.0308   21.7747
    0.0000   22.5000  -45.0000 2037.1198   21.9929
    7.5000   22.5000  -45.0000 1998.9980   22.5488
   -7.5000   30.0000  -45.0000 1943.2118   24.4432
    0.0000   30.0000  -45.0000 1926.8672   24.6312
    7.5000   30.0000  -45.0000 1883.6189   25.2184
   -7.5000   37.5000  -45.0000 1816.7231   28.1589
    0.0000   37.5000  -45.0000 1807.5790   28.2824
    7.5000   37.5000  -45.0000 1777.5227   28.9779
   -7.5000   45.0000  -45.0000 1689.1378   33.0976
    0.0000   45.0000  -45.0000 1676.1986   33.2813
    7.5000   45.0000  -45.0000 1645.8881   34.2195
   -7.5000  -45.0000  -37.5000 2375.8721   17.3659
    0.0000  -45.0000  -37.5000 2354.0576   17.4716
    7.5000  -45.0000  -37.5000 2308.7205   17.8541
   -7.5000  -37.5000  -37.5000 2435.9653   16.4366
    0.0000  -37.5000  -37.5000 2414.7192   16.5060
    7.5000  -37.5000  -37.5000 2370.3723   16.8683
   -7.5000  -30.0000  -37.5000 2470.6326   15.8971
    0.0000  -30.0000  -37.5000 2450.7212   15.9333
    7.5000  -30.0000  -37.5000 2408.4292   16.2966
   -7.5000  -22.5000  -37.5000 2492.2520   15.6117
    0.0000  -22.5000  -37.5000 2465.2556   15.6846
    7.5000  -22.5000  -37.5000 2425.0103   16.0457
   -7.5000  -15.0000  -37.5000 2489.0503   15.5373
    0.0000  -15.0000  -37.5000 2465.5903   15.6174
    7.5000  -15.0000  -37.5000 2420.5015   15.9823
   -7.5000   -7.5000  -37.5000 2469.3796   15.7570
    0.0000   -7.5000  -37.5000 2444.2559   15.8537
    7.5000   -7.5000  -37.5000 2402.2307   16.2359
   -7.5000    0.0000  -37.5000 2420.3669   16.3161
    0.0000    0.0000  -37.5000 2397.1355   16.3923
    7.5000    0.0000  -37.5000 2353.3545   16.7947
   -7.5000    7.5000  -37.5000 2347.3872   17.1902
    0.0000    7.5000  -37.5000 2328.6714   17.2937
    7.5000    7.5000  -37.5000 2282.9202   17.6843
   -7.5000   15.0000  -37.5000 2253.5090   18.3984
    0.0000   15.0000  -37.5000 2234.4883   18.5447
    7.5000   15.0000  -37.5000 2188.8828   18.9652
   -7.5000   22.5000  -37.5000 2132.5000   20.0876
    0.0000   22.5000  -37.5000 2120.4663   20.2624
    7.5000   22.5000  -37.5000 2079.2991   20.7809
   -7.5000   30.0000  -37.5000 2013.4150   22.4748
    0.0000   30.0000  -37.5000 1995.3625   22.6474
    7.5000   30.0000  -37.5000 1956.5726   23.2162
   -7.5000   37.5000  -37.5000 1885.4473   25.7848
    0.0000   37.5000  -37.5000 1872.7559   25.9569
    7.5000   37.5000  -37.5000 1841.2581   26.5938
   -7.5000   45.0000  -37.5000 1749.7458   30.3852
    0.0000   45.0000  -37.5000 1733.1785   30.5173
    7.5000   45.0000  -37.5000 1704.4425   31.3375
   -7.5000  -45.0000  -30.0000 2500.2515   16.7649
    0.0000  -45.0000  -30.0000 2480.4124   16.8170
    7.5000  -45.0000  -30.0000 2429.0930   17.2475
   -7.5000  -37.5000  -30.0000 2566.9895   15.8097
    0.0000  -37.5000  -30.0000 2546.2534   15.8703
    7.5000  -37.5000  -30.0000 2497.4109   16.2633
   -7.5000  -30.0000  -30.0000 2617.1230   15.2663
    0.0000  -30.0000  -30.0000 2590.3022   15.2936
    7.5000  -30.0000  -30.0000 2544.7510   15.6912
   -7.5000  -22.5000  -30.0000 2644.1353   15.0349
    0.0000  -22.5000  -30.0000 2615.6431   15.0529
    7.5000  -22.5000  -30.0000 2564.9167   15.4351
   -7.5000  -15.0000  -30.0000 2639.5916   15.0229
    0.0000  -15.0000  -30.0000 2611.4102   15.0467
    7.5000  -15.0000  -30.0000 2557.2686   15.4227
   -7.5000   -7.5000  -30.0000 2615.4504   15.2671
    0.0000   -7.5000  -30.0000 2589.4783   15.2927
    7.5000   -7.5000  -30.0000 2538.0142   15.6614
   -7.5000    0.0000  -30.0000 2560.0154   15.7649
    0.0000    0.0000  -30.0000 2539.2141   15.7901
    7.5000    0.0000  -30.0000 2486.6411   16.1697
   -7.5000    7.5000  -30.0000 2483.4814   16.5561
    0.0000    7.5000  -30.0000 2464.0996   16.6112
    7.5000    7.5000  -30.0000 2410.5151   17.0037
   -7.5000   15.0000  -30.0000 2380.4526   17.6998
    0.0000   15.0000  -30.0000 2365.1189   17.8000
    7.5000   15.0000  -30.0000 2313.2112   18.2134
   -7.5000   22.5000  -30.0000 2259.3699   19.3162
    0.0000   22.5000  -30.0000 2244.9473   19.4416
    7.5000   22.5000  -30.0000 2197.8579   19.9208
   -7.5000   30.0000  -30.0000 2124.2297   21.5356
    0.0000   30.0000  -30.0000 2108.8706   21.7291
    7.5000   30.0000  -30.0000 2068.7122   22.2597
   -7.5000   37.5000  -30.0000 1981.9061   24.6143
    0.0000   37.5000  -30.0000 1972.0597   24.8552
    7.5000   37.5000  -30.0000 1934.4320   25.4588
   -7.5000   45.0000  -30.0000 1840.6854   28.9048
    0.0000   45.0000  -30.0000 1829.6550   29.1526
    7.5000   45.0000  -30.0000 1796.1086   29.8250
   -7.5000  -45.0000  -22.5000 2590.7095   16.0025
    0.0000  -45.0000  -22.5000 2568.0383   16.0604
    7.5000  -45.0000  -22.5000 2515.3062   16.5214
   -7.5000  -37.5000  -22.5000 2668.1406   15.0794
    0.0000  -37.5000  -22.5000 2649.7112   15.1309
    7.5000  -37.5000  -22.5000 2594.0430   15.5698
   -7.5000  -30.0000  -22.5000 2729.1611   14.5105
    0.0000  -30.0000  -22.5000 2703.8691   14.5736
    7.5000  -30.0000  -22.5000 2651.9868   15.0024
   -7.5000  -22.5000  -22.5000 2755.9714   14.3310
    0.0000  -22.5000  -22.5000 2729.6011   14.3577
    7.5000  -22.5000  -22.5000 2676.2405   14.7534
   -7.5000  -15.0000  -22.5000 2756.5681   14.3639
    0.0000  -15.0000  -22.5000 2728.6455   14.3676
    7.5000  -15.0000  -22.5000 2668.7468   14.7314
   -7.5000   -7.5000  -22.5000 2734.8831   14.6444
    0.0000   -7.5000  -22.5000 2707.4265   14.6310
    7.5000   -7.5000  -22.5000 2645.3474   14.9733
   -7.5000    0.0000  -22.5000 2676.9639   15.1375
    0.0000    0.0000  -22.5000 2653.8843   15.1210
    7.5000    0.0000  -22.5000 2588.9346   15.4807
   -7.5000    7.5000  -22.5000 2597.4050   15.8502
    0.0000    7.5000  -22.5000 2574.4209   15.8676
    7.5000    7.5000  -22.5000 2511.5884   16.2621
   -7.5000   15.0000  -22.5000 2483.5613   16.9262
    0.0000   15.0000  -22.5000 2464.4946   17.0072
    7.5000   15.0000  -22.5000 2408.9163   17.4058
   -7.5000   22.5000  -22.5000 2354.1660   18.4889
    0.0000   22.5000  -22.5000 2338.2915   18.5808
    7.5000   22.5000  -22.5000 2290.2686   19.0404
   -7.5000   30.0000  -22.5000 2207.7812   20.6178
    0.0000   30.0000  -22.5000 2192.7380   20.7611
    7.5000   30.0000  -22.5000 2155.3674   21.2714
   -7.5000   37.5000  -22.5000 2057.6904   23.5714
    0.0000   37.5000  -22.5000 2045.0194   23.7322
    7.5000   37.5000  -22.5000 2008.8124   24.3212
   -7.5000   45.0000  -22.5000 1913.0804   27.5975
    0.0000   45.0000  -22.5000 1899.7136   27.7592
    7.5000   45.0000  -22.5000 1859.8740   28.3544
   -7.5000  -45.0000  -15.0000 2650.2642   15.3068
    0.0000  -45.0000  -15.0000 2627.2041   15.4060
    7.5000  -45.0000  -15.0000 2571.6577   15.8645
   -7.5000  -37.5000  -15.0000 2741.5498   14.3933
    0.0000  -37.5000  -15.0000 2716.6221   14.4583
    7.5000  -37.5000  -15.0000 2658.6428   14.9413
   -7.5000  -30.0000  -15.0000 2805.6963   13.8158
    0.0000  -30.0000  -15.0000 2780.3201   13.9102
    7.5000  -30.0000  -15.0000 2721.5618   14.4076
   -7.5000  -22.5000  -15.0000 2840.2939   13.6066
    0.0000  -22.5000  -15.0000 2811.7112   13.6752
    7.5000  -22.5000  -15.0000 2750.7861   14.1389
   -7.5000  -15.0000  -15.0000 2847.6067   13.6988
    0.0000  -15.0000  -15.0000 2817.1221   13.7058
    7.5000  -15.0000  -15.0000 2749.6506   14.0923
   -7.5000   -7.5000  -15.0000 2832.0337   13.9815
    0.0000   -7.5000  -15.0000 2804.6243   13.9656
    7.5000   -7.5000  -15.0000 2726.6230   14.3331
   -7.5000    0.0000  -15.0000 2766.9011   14.4907
    0.0000    0.0000  -15.0000 2744.3101   14.4702
    7.5000    0.0000  -15.0000 2666.2205   14.8379
   -7.5000    7.5000  -15.0000 2674.8374   15.2126
    0.0000    7.5000  -15.0000 2653.0112   15.2183
    7.5000    7.5000  -15.0000 2582.6819   15.6121
   -7.5000   15.0000  -15.0000 2559.1450   16.2471
    0.0000   15.0000  -15.0000 2536.0439   16.2889
    7.5000   15.0000  -15.0000 2474.1765   16.7187
   -7.5000   22.5000  -15.0000 2425.1531   17.7627
    0.0000   22.5000  -15.0000 2402.1985   17.8309
    7.5000   22.5000  -15.0000 2347.3167   18.3115
   -7.5000   30.0000  -15.0000 2263.7563   19.8158
    0.0000   30.0000  -15.0000 2250.3799   19.9531
    7.5000   30.0000  -15.0000 2203.1814   20.4272
   -7.5000   37.5000  -15.0000 2109.3364   22.6224
    0.0000   37.5000  -15.0000 2095.8445   22.7591
    7.5000   37.5000  -15.0000 2051.2996   23.2821
   -7.5000   45.0000  -15.0000 1956.0311   26.3526
    0.0000   45.0000  -15.0000 1943.6887   26.5385
    7.5000   45.0000  -15.0000 1901.0620   27.1036
   -7.5000  -45.0000   -7.5000 2685.6611   14.7256
    0.0000  -45.0000   -7.5000 2663.3762   14.8465
    7.5000  -45.0000   -7.5000 2610.1997   15.3733
   -7.5000  -37.5000   -7.5000 2784.8572   13.7842
    0.0000  -37.5000   -7.5000 2763.6943   13.9200
    7.5000  -37.5000   -7.5000 2703.4131   14.4434
   -7.5000  -30.0000   -7.5000 2865.8013   13.2264
    0.0000  -30.0000   -7.5000 2834.2642   13.3619
    7.5000  -30.0000   -7.5000 2767.5496   13.8988
   -7.5000  -22.5000   -7.5000 2909.8362   12.9416
    0.0000  -22.5000   -7.5000 2878.4412   13.0942
    7.5000  -22.5000   -7.5000 2801.0740   13.6267
   -7.5000  -15.0000   -7.5000 2919.5327   13.0487
    0.0000  -15.0000   -7.5000 2889.1257   13.1061
    7.5000  -15.0000   -7.5000 2808.1843   13.6090
   -7.5000   -7.5000   -7.5000 2897.0315   13.3508
    0.0000   -7.5000   -7.5000 2872.0776   13.3678
    7.5000   -7.5000   -7.5000 2786.0269   13.8148
   -7.5000    0.0000   -7.5000 2829.0378   13.8818
    0.0000    0.0000   -7.5000 2805.7961   13.8992
    7.5000    0.0000   -7.5000 2721.9446   14.3125
   -7.5000    7.5000   -7.5000 2731.3574   14.6472
    0.0000    7.5000   -7.5000 2707.4683   14.6726
    7.5000    7.5000   -7.5000 2635.1504   15.0918
   -7.5000   15.0000   -7.5000 2603.2935   15.6777
    0.0000   15.0000   -7.5000 2580.4084   15.7351
    7.5000   15.0000   -7.5000 2520.3159   16.2058
   -7.5000   22.5000   -7.5000 2460.1631   17.1581
    0.0000   22.5000   -7.5000 2439.9507   17.2603
    7.5000   22.5000   -7.5000 2385.4868   17.7591
   -7.5000   30.0000   -7.5000 2295.0195   19.1449
    0.0000   30.0000   -7.5000 2283.5127   19.2868
    7.5000   30.0000   -7.5000 2235.6741   19.8011
   -7.5000   37.5000   -7.5000 2141.2380   21.7559
    0.0000   37.5000   -7.5000 2127.2576   21.9525
    7.5000   37.5000   -7.5000 2082.3396   22.5040
   -7.5000   45.0000   -7.5000 1976.4785   25.2339
    0.0000   45.0000   -7.5000 1969.0682   25.4701
    7.5000   45.0000   -7.5000 1926.0168   26.0589
   -7.5000  -45.0000    0.0000 2694.9797   14.3210
    0.0000  -45.0000    0.0000 2678.1101   14.4757
    7.5000  -45.0000    0.0000 2624.7996   15.0663
   -7.5000  -37.5000    0.0000 2808.6968   13.3912
    0.0000  -37.5000    0.0000 2788.8677   13.5373
    7.5000  -37.5000    0.0000 2725.9287   14.1332
   -7.5000  -30.0000    0.0000 2904.5420   12.8578
    0.0000  -30.0000    0.0000 2871.3362   13.0080
    7.5000  -30.0000    0.0000 2794.6555   13.5863
   -7.5000  -22.5000    0.0000 2965.6465   12.5240
    0.0000  -22.5000    0.0000 2928.1130   12.7307
    7.5000  -22.5000    0.0000 2838.1401   13.3329
   -7.5000  -15.0000    0.0000 2972.9561   12.5441
    0.0000  -15.0000    0.0000 2942.1584   12.7124
    7.5000  -15.0000    0.0000 2848.8213   13.3166
   -7.5000   -7.5000    0.0000 2932.0010   12.8593
    0.0000   -7.5000    0.0000 2914.2810   12.9861
    7.5000   -7.5000    0.0000 2820.7505   13.5352
   -7.5000    0.0000    0.0000 2861.5801   13.4200
    0.0000    0.0000    0.0000 2845.9053   13.5256
    7.5000    0.0000    0.0000 2757.4553   14.0191
   -7.5000    7.5000    0.0000 2757.1421   14.2584
    0.0000    7.5000    0.0000 2737.2195   14.3573
    7.5000    7.5000    0.0000 2662.7961   14.8090
   -7.5000   15.0000    0.0000 2624.7305   15.3440
    0.0000   15.0000    0.0000 2603.6543   15.4251
    7.5000   15.0000    0.0000 2546.9170   15.8957
   -7.5000   22.5000    0.0000 2476.3240   16.7759
    0.0000   22.5000    0.0000 2461.9822   16.8889
    7.5000   22.5000    0.0000 2409.0833   17.4140
   -7.5000   30.0000    0.0000 2314.9963   18.7075
    0.0000   30.0000    0.0000 2303.1150   18.8681
    7.5000   30.0000    0.0000 2256.9817   19.3947
   -7.5000   37.5000    0.0000 2155.7368   21.2627
    0.0000   37.5000    0.0000 2141.0410   21.4893
    7.5000   37.5000    0.0000 2098.2332   22.0274
   -7.5000   45.0000    0.0000 1987.1549   24.6294
    0.0000   45.0000    0.0000 1980.8081   24.9021
    7.5000   45.0000    0.0000 1941.8701   25.5424
   -7.5000  -45.0000    7.5000 2694.3823   14.1592
    0.0000  -45.0000    7.5000 2679.4336   14.3026
    7.5000  -45.0000    7.5000 2624.9541   14.9864
   -7.5000  -37.5000    7.5000 2812.9702   13.2007
    0.0000  -37.5000    7.5000 2793.1609   13.3447
    7.5000  -37.5000    7.5000 2731.6870   14.0136
   -7.5000  -30.0000    7.5000 2916.3059   12.6642
    0.0000  -30.0000    7.5000 2885.1182   12.8234
    7.5000  -30.0000    7.5000 2811.4905   13.4427
   -7.5000  -22.5000    7.5000 2980.5596   12.4164
    0.0000  -22.5000    7.5000 2947.7590   12.5912
    7.5000  -22.5000    7.5000 2853.7485   13.1999
   -7.5000  -15.0000    7.5000 2990.7712   12.3892
    0.0000  -15.0000    7.5000 2966.5137   12.5789
    7.5000  -15.0000    7.5000 2863.8652   13.1878
   -7.5000   -7.5000    7.5000 2943.4766   12.6259
    0.0000   -7.5000    7.5000 2931.1609   12.8015
    7.5000   -7.5000    7.5000 2836.1775   13.3992
   -7.5000    0.0000    7.5000 2867.9104   13.1807
    0.0000    0.0000    7.5000 2854.1641   13.3205
    7.5000    0.0000    7.5000 2772.5320   13.8777
   -7.5000    7.5000    7.5000 2753.8438   14.0521
    0.0000    7.5000    7.5000 2743.5300   14.1697
    7.5000    7.5000    7.5000 2678.2839   14.6558
   -7.5000   15.0000    7.5000 2619.0103   15.2075
    0.0000   15.0000    7.5000 2606.0315   15.3069
    7.5000   15.0000    7.5000 2555.8953   15.7874
   -7.5000   22.5000    7.5000 2476.7180   16.6939
    0.0000   22.5000    7.5000 2463.2407   16.7845
    7.5000   22.5000    7.5000 2416.0056   17.2964
   -7.5000   30.0000    7.5000 2318.7373   18.6360
    0.0000   30.0000    7.5000 2306.7473   18.7501
    7.5000   30.0000    7.5000 2265.3242   19.2826
   -7.5000   37.5000    7.5000 2159.2200   21.1686
    0.0000   37.5000    7.5000 2145.3032   21.2880
    7.5000   37.5000    7.5000 2104.8486   21.8707
   -7.5000   45.0000    7.5000 1990.4744   24.4560
    0.0000   45.0000    7.5000 1982.2087   24.6035
    7.5000   45.0000    7.5000 1946.9823   25.1962
   -7.5000  -45.0000   15.0000 2680.3323   14.3212
    0.0000  -45.0000   15.0000 2666.0913   14.4339
    7.5000  -45.0000   15.0000 2611.4590   15.0990
   -7.5000  -37.5000   15.0000 2799.3096   13.3315
    0.0000  -37.5000   15.0000 2779.7478   13.4390
    7.5000  -37.5000   15.0000 2721.0090   14.0874
   -7.5000  -30.0000   15.0000 2898.8826   12.8070
    0.0000  -30.0000   15.0000 2874.8672   12.9216
    7.5000  -30.0000   15.0000 2803.4199   13.5354
   -7.5000  -22.5000   15.0000 2962.0481   12.5504
    0.0000  -22.5000   15.0000 2934.8657   12.7015
    7.5000  -22.5000   15.0000 2850.6758   13.3063
   -7.5000  -15.0000   15.0000 2975.2947   12.6147
    0.0000  -15.0000   15.0000 2954.5061   12.7144
    7.5000  -15.0000   15.0000 2858.2998   13.3324
   -7.5000   -7.5000   15.0000 2931.5854   12.9352
    0.0000   -7.5000   15.0000 2916.5427   13.0071
    7.5000   -7.5000   15.0000 2829.7415   13.5525
   -7.5000    0.0000   15.0000 2850.6675   13.4621
    0.0000    0.0000   15.0000 2835.7446   13.5336
    7.5000    0.0000   15.0000 2759.2471   14.0255
   -7.5000    7.5000   15.0000 2737.6851   14.2428
    0.0000    7.5000   15.0000 2730.2632   14.3242
    7.5000    7.5000   15.0000 2664.5557   14.8043
   -7.5000   15.0000   15.0000 2602.2290   15.3450
    0.0000   15.0000   15.0000 2594.6895   15.4272
    7.5000   15.0000   15.0000 2543.7017   15.8882
   -7.5000   22.5000   15.0000 2464.5850   16.8070
    0.0000   22.5000   15.0000 2454.6592   16.8946
    7.5000   22.5000   15.0000 2407.9316   17.3697
   -7.5000   30.0000   15.0000 2305.6650   18.7095
    0.0000   30.0000   15.0000 2294.6440   18.8073
    7.5000   30.0000   15.0000 2256.0833   19.3012
   -7.5000   37.5000   15.0000 2145.8567   21.1325
    0.0000   37.5000   15.0000 2133.2935   21.2927
    7.5000   37.5000   15.0000 2095.3184   21.8366
   -7.5000   45.0000   15.0000 1975.4229   24.3827
    0.0000   45.0000   15.0000 1965.8217   24.5507
    7.5000   45.0000   15.0000 1938.3875   25.1268
   -7.5000  -45.0000   22.5000 2658.1506   14.7580
    0.0000  -45.0000   22.5000 2646.7913   14.8296
    7.5000  -45.0000   22.5000 2587.4885   15.4618
   -7.5000  -37.5000   22.5000 2771.7646   13.7503
    0.0000  -37.5000   22.5000 2757.3535   13.8191
    7.5000  -37.5000   22.5000 2696.7000   14.4072
   -7.5000  -30.0000   22.5000 2867.2542   13.1907
    0.0000  -30.0000   22.5000 2846.9719   13.2755
    7.5000  -30.0000   22.5000 2780.7004   13.8323
   -7.5000  -22.5000   22.5000 2922.4646   12.9185
    0.0000  -22.5000   22.5000 2900.4050   13.0296
    7.5000  -22.5000   22.5000 2829.5757   13.6150
   -7.5000  -15.0000   22.5000 2931.9292   13.0380
    0.0000  -15.0000   22.5000 2912.9312   13.1096
    7.5000  -15.0000   22.5000 2837.2058   13.6620
   -7.5000   -7.5000   22.5000 2881.5701   13.3694
    0.0000   -7.5000   22.5000 2869.9094   13.4178
    7.5000   -7.5000   22.5000 2796.1453   13.9148
   -7.5000    0.0000   22.5000 2800.9224   13.8924
    0.0000    0.0000   22.5000 2791.0713   13.9492
    7.5000    0.0000   22.5000 2720.2500   14.4455
   -7.5000    7.5000   22.5000 2695.5107   14.6898
    0.0000    7.5000   22.5000 2689.4600   14.7499
    7.5000    7.5000   22.5000 2626.6858   15.2367
   -7.5000   15.0000   22.5000 2569.1309   15.8140
    0.0000   15.0000   22.5000 2560.0742   15.8760
    7.5000   15.0000   22.5000 2512.4958   16.3234
   -7.5000   22.5000   22.5000 2436.3472   17.2242
    0.0000   22.5000   22.5000 2425.9976   17.2963
    7.5000   22.5000   22.5000 2380.1479   17.7473
   -7.5000   30.0000   22.5000 2276.9751   19.0415
    0.0000   30.0000   22.5000 2265.2502   19.1263
    7.5000   30.0000   22.5000 2231.9592   19.6103
   -7.5000   37.5000   22.5000 2116.6914   21.4225
    0.0000   37.5000   22.5000 2108.0405   21.5545
    7.5000   37.5000   22.5000 2073.5598   22.0742
   -7.5000   45.0000   22.5000 1953.0514   24.5247
    0.0000   45.0000   22.5000 1948.5970   24.6789
    7.5000   45.0000   22.5000 1915.4072   25.2930
   -7.5000  -45.0000   30.0000 2624.2231   15.4068
    0.0000  -45.0000   30.0000 2612.3091   15.4701
    7.5000  -45.0000   30.0000 2561.2322   16.0381
   -7.5000  -37.5000   30.0000 2728.2617   14.3645
    0.0000  -37.5000   30.0000 2717.7773   14.4152
    7.5000  -37.5000   30.0000 2659.0918   14.9599
   -7.5000  -30.0000   30.0000 2815.7024   13.7279
    0.0000  -30.0000   30.0000 2802.0681   13.7800
    7.5000  -30.0000   30.0000 2739.9556   14.3430
   -7.5000  -22.5000   30.0000 2864.7100   13.5077
    0.0000  -22.5000   30.0000 2846.4072   13.5697
    7.5000  -22.5000   30.0000 2783.8435   14.1203
   -7.5000  -15.0000   30.0000 2860.5420   13.6327
    0.0000  -15.0000   30.0000 2843.3972   13.6736
    7.5000  -15.0000   30.0000 2786.5225   14.1658
   -7.5000   -7.5000   30.0000 2814.6345   13.9672
    0.0000   -7.5000   30.0000 2798.1323   13.9978
    7.5000   -7.5000   30.0000 2744.8462   14.4687
   -7.5000    0.0000   30.0000 2732.6777   14.5020
    0.0000    0.0000   30.0000 2720.1018   14.5487
    7.5000    0.0000   30.0000 2665.0007   15.0278
   -7.5000    7.5000   30.0000 2633.3767   15.3113
    0.0000    7.5000   30.0000 2623.1785   15.3555
    7.5000    7.5000   30.0000 2574.7373   15.8416
   -7.5000   15.0000   30.0000 2513.1313   16.4293
    0.0000   15.0000   30.0000 2502.0977   16.4725
    7.5000   15.0000   30.0000 2459.1985   16.9273
   -7.5000   22.5000   30.0000 2381.3325   17.8090
    0.0000   22.5000   30.0000 2373.1680   17.8805
    7.5000   22.5000   30.0000 2334.1934   18.3297
   -7.5000   30.0000   30.0000 2231.6711   19.6083
    0.0000   30.0000   30.0000 2217.9961   19.7309
    7.5000   30.0000   30.0000 2187.9827   20.1915
   -7.5000   37.5000   30.0000 2074.9160   22.0148
    0.0000   37.5000   30.0000 2064.4673   22.1296
    7.5000   37.5000   30.0000 2035.2762   22.6645
   -7.5000   45.0000   30.0000 1916.9603   25.0625
    0.0000   45.0000   30.0000 1913.2686   25.2408
    7.5000   45.0000   30.0000 1885.2156   25.8535
   -7.5000  -45.0000   37.5000 2576.6665   16.2128
    0.0000  -45.0000   37.5000 2566.2493   16.2536
    7.5000  -45.0000   37.5000 2519.7288   16.7841
   -7.5000  -37.5000   37.5000 2675.6194   15.1211
    0.0000  -37.5000   37.5000 2664.3000   15.1553
    7.5000  -37.5000   37.5000 2611.7837   15.6695
   -7.5000  -30.0000   37.5000 2761.1880   14.4733
    0.0000  -30.0000   37.5000 2746.1912   14.5032
    7.5000  -30.0000   37.5000 2685.7798   15.0360
   -7.5000  -22.5000   37.5000 2800.2661   14.2685
    0.0000  -22.5000   37.5000 2781.4932   14.2942
    7.5000  -22.5000   37.5000 2725.7288   14.7863
   -7.5000  -15.0000   37.5000 2785.1689   14.3626
    0.0000  -15.0000   37.5000 2768.2573   14.3743
    7.5000  -15.0000   37.5000 2722.1116   14.8314
   -7.5000   -7.5000   37.5000 2731.6860   14.6962
    0.0000   -7.5000   37.5000 2717.4397   14.7108
    7.5000   -7.5000   37.5000 2674.4514   15.1322
   -7.5000    0.0000   37.5000 2646.8918   15.2633
    0.0000    0.0000   37.5000 2639.7937   15.2907
    7.5000    0.0000   37.5000 2600.3433   15.7265
   -7.5000    7.5000   37.5000 2555.4570   16.0799
    0.0000    7.5000   37.5000 2546.2639   16.1190
    7.5000    7.5000   37.5000 2511.4329   16.5919
   -7.5000   15.0000   37.5000 2449.1904   17.1944
    0.0000   15.0000   37.5000 2438.8171   17.2392
    7.5000   15.0000   37.5000 2402.7502   17.6907
   -7.5000   22.5000   37.5000 2320.6602   18.6292
    0.0000   22.5000   37.5000 2311.6021   18.6703
    7.5000   22.5000   37.5000 2281.6936   19.1269
   -7.5000   30.0000   37.5000 2175.9995   20.4706
    0.0000   30.0000   37.5000 2167.8979   20.5689
    7.5000   30.0000   37.5000 2140.5420   21.0369
   -7.5000   37.5000   37.5000 2031.0942   22.8942
    0.0000   37.5000   37.5000 2022.4771   23.0221
    7.5000   37.5000   37.5000 1994.8212   23.5146
   -7.5000   45.0000   37.5000 1877.5328   25.9772
    0.0000   45.0000   37.5000 1873.6198   26.1410
    7.5000   45.0000   37.5000 1850.4548   26.7218
   -7.5000  -45.0000   45.0000 2512.2554   17.1930
    0.0000  -45.0000   45.0000 2508.9734   17.2551
    7.5000  -45.0000   45.0000 2463.8679   17.7376
   -7.5000  -37.5000   45.0000 2608.5374   16.0592
    0.0000  -37.5000   45.0000 2603.2842   16.1133
    7.5000  -37.5000   45.0000 2553.0662   16.5845
   -7.5000  -30.0000   45.0000 2681.2239   15.4051
    0.0000  -30.0000   45.0000 2673.6575   15.4528
    7.5000  -30.0000   45.0000 2621.9377   15.8984
   -7.5000  -22.5000   45.0000 2713.8501   15.1726
    0.0000  -22.5000   45.0000 2702.8440   15.2029
    7.5000  -22.5000   45.0000 2650.2131   15.6180
   -7.5000  -15.0000   45.0000 2697.9004   15.2076
    0.0000  -15.0000   45.0000 2685.0017   15.2468
    7.5000  -15.0000   45.0000 2641.6274   15.6581
   -7.5000   -7.5000   45.0000 2645.9709   15.5430
    0.0000   -7.5000   45.0000 2635.7480   15.5873
    7.5000   -7.5000   45.0000 2593.3198   15.9797
   -7.5000    0.0000   45.0000 2565.6279   16.1546
    0.0000    0.0000   45.0000 2560.2454   16.2035
    7.5000    0.0000   45.0000 2523.8679   16.6093
   -7.5000    7.5000   45.0000 2473.7710   17.0368
    0.0000    7.5000   45.0000 2469.2000   17.0818
    7.5000    7.5000   45.0000 2440.8271   17.4945
   -7.5000   15.0000   45.0000 2372.8857   18.1439
    0.0000   15.0000   45.0000 2364.1606   18.1952
    7.5000   15.0000   45.0000 2335.2673   18.6074
   -7.5000   22.5000   45.0000 2251.0659   19.6197
    0.0000   22.5000   45.0000 2241.4790   19.6538
    7.5000   22.5000   45.0000 2217.3240   20.1114
   -7.5000   30.0000   45.0000 2120.5125   21.5344
    0.0000   30.0000   45.0000 2111.8594   21.6091
    7.5000   30.0000   45.0000 2082.8047   22.0851
   -7.5000   37.5000   45.0000 1978.9325   24.0186
    0.0000   37.5000   45.0000 1972.9045   24.1469
    7.5000   37.5000   45.0000 1943.8425   24.6446
   -7.5000   45.0000   45.0000 1831.2441   27.2301
    0.0000   45.0000   45.0000 1827.7091   27.3577
    7.5000   45.0000   45.0000 1801.5913   27.9561

---------------------------------------------------------------------
imgreg_4dfp /opt/freesurfer/average/711-2C_as_mni_average_305 /opt/freesurfer/average/711-2B_as_mni_average_305_mask talsrcimg_g11 none talsrcimg_to_711-2C_as_mni_average_305_t4 1283
---------------------------------------------------------------------

freesurfer imgreg_4dfp.c
/opt/freesurfer/average/711-2C_as_mni_average_305.4dfp.img
       256       256       256         1
  1.000000  1.000000  1.000000
orientation T byte_order littleendian
Reading image: /opt/freesurfer/average/711-2C_as_mni_average_305.4dfp.img
dimensions:      256       256       256
mmppix:       1.0000   -1.0000   -1.0000
center:     128.0000 -129.0000 -129.0000
/opt/freesurfer/average/711-2B_as_mni_average_305_mask.4dfp.img
       256       256       256         1
  1.000000  1.000000  1.000000
orientation T byte_order littleendian
Reading mask: /opt/freesurfer/average/711-2B_as_mni_average_305_mask.4dfp.img (2306576 pixels)
talsrcimg_g11.4dfp.img
       256       256       256         1
  1.000000  1.000000  1.000000
orientation T byte_order littleendian
Reading image: talsrcimg_g11.4dfp.img
dimensions:      256       256       256
mmppix:       1.0000   -1.0000   -1.0000
center:     128.0000 -129.0000 -129.0000
rotation matrix determinant  1.000000
fimgreg.f
image alignment mode   1283 decimal      503 hex
parameters
   -7.5000  -15.0000    7.5000    0.0000    0.0000    0.0000
eta,q 0.94006 12.35399
niter,ni,del,rscale     5    3   12.0000    1.2000
parameter  2  0.500933 ->  0.500000 qaram    1.1500
parameters
   -5.2314  -18.4500    9.2701   -2.4376   -1.8321   -0.3175
eta,q 0.94279 12.32602
  0.0730  0.0630  0.0651  0.0594  0.0595  0.0612
  0.0679  0.0600  0.0626  0.0581  0.0580  0.0590
  0.0648  0.0596  0.0606  0.0574  0.0573  0.0576
  0.0624  0.0620  0.0593  0.0582  0.0575  0.0573
  0.0619  0.0661  0.0580  0.0604  0.0590  0.0580
  0.0620  0.0709  0.0586  0.0627  0.0622  0.0597
  0.0640  0.0745  0.0612  0.0649  0.0660  0.0621
niter,ni,del,rscale     5    3   12.0000    1.2000
parameters
   -5.1892  -16.9278    7.8621   -5.0498   -1.4089   -0.6603
eta,q 0.94320 12.27003
  0.0682  0.0772  0.0588  0.0575  0.0607  0.0594
  0.0629  0.0687  0.0568  0.0569  0.0587  0.0576
  0.0592  0.0616  0.0570  0.0568  0.0572  0.0568
  0.0572  0.0572  0.0570  0.0571  0.0568  0.0569
  0.0579  0.0576  0.0570  0.0582  0.0571  0.0572
  0.0622  0.0607  0.0596  0.0604  0.0576  0.0582
  0.0687  0.0653  0.0635  0.0630  0.0599  0.0599
niter,ni,del,rscale     4    3   12.0000    1.2000
parameter  4  0.645770 ->  0.500000 qaram    1.1500
parameters
   -5.7267  -15.5496    5.6496   -8.4998   -1.3763   -0.5015
eta,q 0.94567 12.31166
  0.0640  0.0745  0.0574  0.0552  0.0593  0.0580
  0.0595  0.0658  0.0562  0.0543  0.0564  0.0559
  0.0568  0.0591  0.0559  0.0549  0.0545  0.0546
  0.0568  0.0567  0.0569  0.0559  0.0543  0.0543
  0.0580  0.0574  0.0576  0.0573  0.0553  0.0547
  0.0610  0.0599  0.0589  0.0592  0.0565  0.0557
  0.0678  0.0637  0.0615  0.0618  0.0588  0.0575
niter,ni,del,rscale     4    3   12.0000    1.2000
parameters
   -5.8577  -13.9423    5.0540  -10.2580   -1.6213   -0.1886
eta,q 0.94736 12.32135
  0.0646  0.0712  0.0590  0.0565  0.0581  0.0570
  0.0586  0.0644  0.0554  0.0544  0.0552  0.0549
  0.0544  0.0582  0.0537  0.0529  0.0532  0.0534
  0.0543  0.0543  0.0536  0.0535  0.0527  0.0527
  0.0556  0.0539  0.0555  0.0558  0.0541  0.0530
  0.0588  0.0570  0.0581  0.0584  0.0560  0.0543
  0.0655  0.0609  0.0601  0.0608  0.0586  0.0563
niter,ni,del,rscale     3    3   12.0000    1.2000
parameters
   -5.7860  -12.7129    4.4950  -12.2816   -1.2509   -0.2092
eta,q 0.94697 12.33066
  0.0640  0.0680  0.0588  0.0552  0.0599  0.0562
  0.0584  0.0608  0.0552  0.0537  0.0565  0.0547
  0.0537  0.0555  0.0530  0.0531  0.0540  0.0536
  0.0526  0.0527  0.0527  0.0525  0.0530  0.0530
  0.0541  0.0538  0.0547  0.0547  0.0540  0.0534
  0.0576  0.0571  0.0577  0.0583  0.0558  0.0545
  0.0636  0.0594  0.0604  0.0611  0.0581  0.0565
niter,ni,del,rscale     2    3   12.0000    1.2000
parameters
   -6.0295  -11.3585    3.8564  -14.9108   -1.2824   -0.3474
eta,q 0.94730 12.36983
  0.0627  0.0660  0.0584  0.0540  0.0586  0.0558
  0.0580  0.0586  0.0548  0.0526  0.0552  0.0542
  0.0541  0.0546  0.0534  0.0528  0.0530  0.0529
  0.0530  0.0530  0.0531  0.0531  0.0527  0.0527
  0.0544  0.0536  0.0543  0.0543  0.0540  0.0531
  0.0586  0.0554  0.0571  0.0576  0.0560  0.0541
  0.0650  0.0577  0.0609  0.0620  0.0579  0.0562
niter,ni,del,rscale     1    3   12.0000    1.2000
parameters
   -5.9306  -10.1258    3.5526  -15.9909   -1.5152   -0.5201
eta,q 0.94804 12.40059
  0.0631  0.0648  0.0581  0.0563  0.0573  0.0552
  0.0582  0.0591  0.0543  0.0530  0.0544  0.0532
  0.0542  0.0548  0.0528  0.0517  0.0524  0.0521
  0.0527  0.0527  0.0526  0.0526  0.0520  0.0520
  0.0533  0.0527  0.0530  0.0536  0.0532  0.0525
  0.0569  0.0540  0.0554  0.0559  0.0554  0.0535
  0.0631  0.0588  0.0593  0.0591  0.0576  0.0555
registration optimization eta report
parameter search radius
    6.0000    6.9000    6.0000    6.9000    6.0000    6.0000
100000*second partial in parameter space
       29.       19.       18.       12.       15.       10.
  0.0631  0.0648  0.0581  0.0563  0.0573  0.0552
  0.0582  0.0591  0.0543  0.0530  0.0544  0.0532
  0.0542  0.0548  0.0528  0.0517  0.0524  0.0521
  0.0527  0.0527  0.0526  0.0526  0.0520  0.0520
  0.0533  0.0527  0.0530  0.0536  0.0532  0.0525
  0.0569  0.0540  0.0554  0.0559  0.0554  0.0535
  0.0631  0.0588  0.0593  0.0591  0.0576  0.0555
   -5.9306  -10.1258    3.5526  -15.9909   -1.5152   -0.5201
eta,q 0.94804 12.40059

---------------------------------------------------------------------
imgreg_4dfp /opt/freesurfer/average/711-2C_as_mni_average_305 /opt/freesurfer/average/711-2B_as_mni_average_305_mask talsrcimg_g11 none talsrcimg_to_711-2C_as_mni_average_305_t4 3335
---------------------------------------------------------------------

freesurfer imgreg_4dfp.c
/opt/freesurfer/average/711-2C_as_mni_average_305.4dfp.img
       256       256       256         1
  1.000000  1.000000  1.000000
orientation T byte_order littleendian
Reading image: /opt/freesurfer/average/711-2C_as_mni_average_305.4dfp.img
dimensions:      256       256       256
mmppix:       1.0000   -1.0000   -1.0000
center:     128.0000 -129.0000 -129.0000
/opt/freesurfer/average/711-2B_as_mni_average_305_mask.4dfp.img
       256       256       256         1
  1.000000  1.000000  1.000000
orientation T byte_order littleendian
Reading mask: /opt/freesurfer/average/711-2B_as_mni_average_305_mask.4dfp.img (2306576 pixels)
talsrcimg_g11.4dfp.img
       256       256       256         1
  1.000000  1.000000  1.000000
orientation T byte_order littleendian
Reading image: talsrcimg_g11.4dfp.img
dimensions:      256       256       256
mmppix:       1.0000   -1.0000   -1.0000
center:     128.0000 -129.0000 -129.0000
fimgreg.f
image alignment mode   3335 decimal      D07 hex
parameters
   -5.9306  -10.1258    3.5526   -0.0391   -3.8668   -3.9031
    0.1443    2.7919   -0.9075   27.5243   -2.6442  -27.5389
eta,q 0.95165 12.42343
niter,ni,del,rscale     5    3    5.0000    1.2000
parameter  4  4.185254 ->  0.500000 qaram    1.1500
parameter  5  4.340958 ->  0.500000 qaram    1.1500
parameter  6  0.760141 ->  0.500000 qaram    1.1500
parameter 10  0.678711 ->  0.500000 qaram    1.1500
parameters
   -5.9959   -9.9393    3.5668   -4.1791   -8.0068   -8.0431
   -0.8712    3.5687    0.0175   23.3843   -3.3000  -26.2865
eta,q 0.96799 11.64488
  0.0504  0.0499  0.0500  0.0379  0.0324  0.0340  0.0355  0.0396  0.0363  0.0324  0.0333  0.0339
  0.0493  0.0491  0.0490  0.0408  0.0350  0.0337  0.0344  0.0368  0.0349  0.0320  0.0325  0.0330
  0.0486  0.0486  0.0485  0.0445  0.0382  0.0341  0.0337  0.0347  0.0340  0.0324  0.0321  0.0323
  0.0483  0.0483  0.0483  0.0483  0.0418  0.0359  0.0337  0.0336  0.0336  0.0335  0.0321  0.0320
  0.0486  0.0484  0.0485  0.0528  0.0456  0.0389  0.0342  0.0339  0.0336  0.0355  0.0323  0.0320
  0.0494  0.0488  0.0491  0.0573  0.0496  0.0424  0.0353  0.0353  0.0342  0.0380  0.0329  0.0324
  0.0507  0.0495  0.0499  0.0618  0.0537  0.0463  0.0369  0.0376  0.0352  0.0412  0.0338  0.0329
niter,ni,del,rscale     7    3    5.0000    1.2000
parameter  4  0.930989 ->  0.500000 qaram    1.3225
parameter  5  1.379397 ->  0.500000 qaram    1.3225
parameters
   -5.8244   -9.8978    3.3756   -8.9401  -12.7678   -8.7672
   -0.9542    3.8757    0.2756   22.3712   -4.1213  -28.8977
eta,q 0.97593 11.22698
  0.0356  0.0343  0.0335  0.0280  0.0228  0.0271  0.0269  0.0296  0.0269  0.0274  0.0253  0.0247
  0.0337  0.0331  0.0326  0.0278  0.0238  0.0259  0.0256  0.0271  0.0256  0.0256  0.0247  0.0242
  0.0325  0.0323  0.0321  0.0291  0.0256  0.0250  0.0247  0.0253  0.0247  0.0246  0.0244  0.0241
  0.0320  0.0320  0.0320  0.0320  0.0280  0.0243  0.0244  0.0244  0.0244  0.0244  0.0243  0.0243
  0.0322  0.0322  0.0323  0.0359  0.0312  0.0242  0.0247  0.0248  0.0246  0.0251  0.0246  0.0248
  0.0331  0.0330  0.0330  0.0405  0.0350  0.0259  0.0256  0.0264  0.0253  0.0268  0.0251  0.0255
  0.0347  0.0341  0.0340  0.0458  0.0393  0.0296  0.0271  0.0290  0.0266  0.0294  0.0259  0.0263
niter,ni,del,rscale     7    3    5.0000    1.2000
parameter  5  0.599212 ->  0.500000 qaram    1.5209
parameters
   -5.6806   -9.6022    3.4035  -11.4001  -18.2429   -7.5857
   -0.8351    4.1787    0.6615   23.3695   -4.7161  -31.3016
eta,q 0.97820 10.98038
  0.0282  0.0272  0.0257  0.0271  0.0231  0.0257  0.0246  0.0268  0.0243  0.0267  0.0229  0.0224
  0.0261  0.0256  0.0248  0.0254  0.0224  0.0243  0.0233  0.0245  0.0231  0.0243  0.0223  0.0219
  0.0247  0.0245  0.0243  0.0242  0.0227  0.0232  0.0224  0.0228  0.0224  0.0228  0.0220  0.0218
  0.0241  0.0241  0.0240  0.0240  0.0240  0.0224  0.0221  0.0221  0.0220  0.0220  0.0220  0.0220
  0.0244  0.0242  0.0242  0.0259  0.0262  0.0218  0.0223  0.0224  0.0222  0.0222  0.0222  0.0224
  0.0255  0.0248  0.0248  0.0296  0.0293  0.0223  0.0231  0.0238  0.0228  0.0231  0.0226  0.0232
  0.0274  0.0260  0.0257  0.0342  0.0335  0.0248  0.0245  0.0262  0.0239  0.0249  0.0232  0.0240
niter,ni,del,rscale     7    3    5.0000    1.2000
parameters
   -5.5785   -9.3041    3.5282  -11.2992  -19.4519   -7.5947
   -0.9567    4.3033    0.6609   24.0281   -4.9973  -31.5589
eta,q 0.97823 10.94235
  0.0256  0.0251  0.0236  0.0270  0.0258  0.0252  0.0242  0.0265  0.0237  0.0261  0.0227  0.0230
  0.0236  0.0234  0.0226  0.0248  0.0237  0.0238  0.0230  0.0241  0.0227  0.0238  0.0221  0.0223
  0.0223  0.0223  0.0220  0.0231  0.0223  0.0227  0.0221  0.0225  0.0220  0.0224  0.0218  0.0219
  0.0218  0.0218  0.0218  0.0218  0.0217  0.0218  0.0218  0.0218  0.0218  0.0218  0.0218  0.0218
  0.0221  0.0219  0.0219  0.0218  0.0227  0.0215  0.0221  0.0222  0.0220  0.0220  0.0220  0.0220
  0.0232  0.0226  0.0224  0.0239  0.0249  0.0228  0.0230  0.0238  0.0226  0.0231  0.0223  0.0224
  0.0250  0.0237  0.0232  0.0277  0.0285  0.0263  0.0245  0.0263  0.0237  0.0249  0.0228  0.0231
niter,ni,del,rscale     6    3    5.0000    1.2000
parameters
   -5.5469   -9.1603    3.5566  -11.1589  -19.7106   -7.5692
   -0.9656    4.3420    0.6737   24.2256   -5.0506  -31.6441
eta,q 0.97825 10.93941
  0.0254  0.0245  0.0234  0.0270  0.0263  0.0253  0.0242  0.0264  0.0236  0.0256  0.0228  0.0230
  0.0234  0.0230  0.0225  0.0248  0.0241  0.0239  0.0230  0.0240  0.0226  0.0235  0.0221  0.0223
  0.0222  0.0221  0.0219  0.0231  0.0226  0.0227  0.0221  0.0224  0.0220  0.0222  0.0218  0.0219
  0.0218  0.0218  0.0218  0.0218  0.0217  0.0218  0.0218  0.0218  0.0217  0.0218  0.0218  0.0217
  0.0222  0.0220  0.0219  0.0218  0.0222  0.0214  0.0220  0.0222  0.0220  0.0221  0.0219  0.0219
  0.0233  0.0227  0.0224  0.0239  0.0241  0.0228  0.0229  0.0239  0.0226  0.0233  0.0222  0.0223
  0.0252  0.0239  0.0233  0.0275  0.0272  0.0263  0.0243  0.0264  0.0236  0.0252  0.0227  0.0230
niter,ni,del,rscale     5    3    5.0000    1.2000
parameters
   -5.5454   -9.1180    3.5580  -11.1317  -19.7805   -7.5736
   -0.9628    4.3437    0.6800   24.2870   -5.0595  -31.6857
eta,q 0.97825 10.93828
  0.0253  0.0242  0.0233  0.0269  0.0264  0.0253  0.0242  0.0264  0.0236  0.0255  0.0228  0.0230
  0.0233  0.0228  0.0224  0.0248  0.0242  0.0239  0.0230  0.0240  0.0226  0.0234  0.0222  0.0223
  0.0221  0.0220  0.0219  0.0230  0.0226  0.0227  0.0221  0.0224  0.0220  0.0222  0.0218  0.0219
  0.0218  0.0217  0.0218  0.0218  0.0217  0.0218  0.0218  0.0218  0.0218  0.0218  0.0218  0.0218
  0.0222  0.0220  0.0219  0.0219  0.0221  0.0214  0.0220  0.0222  0.0220  0.0222  0.0219  0.0219
  0.0234  0.0228  0.0224  0.0240  0.0239  0.0229  0.0229  0.0239  0.0226  0.0233  0.0222  0.0223
  0.0252  0.0240  0.0233  0.0277  0.0269  0.0264  0.0243  0.0265  0.0236  0.0253  0.0227  0.0230
niter,ni,del,rscale     4    3    5.0000    1.2000
parameters
   -5.5444   -9.1058    3.5529  -11.1244  -19.8043   -7.5808
   -0.9645    4.3444    0.6828   24.3078   -5.0623  -31.7048
eta,q 0.97824 10.93778
  0.0253  0.0242  0.0233  0.0269  0.0264  0.0253  0.0242  0.0264  0.0236  0.0254  0.0228  0.0230
  0.0233  0.0228  0.0224  0.0248  0.0242  0.0239  0.0230  0.0240  0.0226  0.0234  0.0222  0.0223
  0.0221  0.0220  0.0219  0.0230  0.0226  0.0227  0.0221  0.0224  0.0220  0.0222  0.0218  0.0219
  0.0218  0.0218  0.0218  0.0218  0.0218  0.0218  0.0218  0.0218  0.0218  0.0218  0.0218  0.0218
  0.0222  0.0221  0.0219  0.0219  0.0221  0.0214  0.0220  0.0223  0.0220  0.0222  0.0219  0.0219
  0.0234  0.0228  0.0224  0.0240  0.0239  0.0229  0.0229  0.0239  0.0226  0.0234  0.0222  0.0223
  0.0252  0.0240  0.0233  0.0277  0.0269  0.0264  0.0243  0.0265  0.0236  0.0254  0.0227  0.0230
registration optimization eta report
parameter search radius
    2.4000    2.4000    2.4000    9.5220   10.9503    8.2800
    7.2000    7.2000    7.2000    8.2800    7.2000    7.2000
100000*second partial in parameter space
       61.       41.       26.        6.        4.        6.
        5.        9.        3.        5.        2.        2.
  0.0253  0.0242  0.0233  0.0269  0.0264  0.0253  0.0242  0.0264  0.0236  0.0254  0.0228  0.0230
  0.0233  0.0228  0.0224  0.0248  0.0242  0.0239  0.0230  0.0240  0.0226  0.0234  0.0222  0.0223
  0.0221  0.0220  0.0219  0.0230  0.0226  0.0227  0.0221  0.0224  0.0220  0.0222  0.0218  0.0219
  0.0218  0.0218  0.0218  0.0218  0.0218  0.0218  0.0218  0.0218  0.0218  0.0218  0.0218  0.0218
  0.0222  0.0221  0.0219  0.0219  0.0221  0.0214  0.0220  0.0223  0.0220  0.0222  0.0219  0.0219
  0.0234  0.0228  0.0224  0.0240  0.0239  0.0229  0.0229  0.0239  0.0226  0.0234  0.0222  0.0223
  0.0252  0.0240  0.0233  0.0277  0.0269  0.0264  0.0243  0.0265  0.0236  0.0254  0.0227  0.0230
   -5.5444   -9.1058    3.5529  -11.1244  -19.8043   -7.5808
   -0.9645    4.3444    0.6828   24.3078   -5.0623  -31.7048
eta,q 0.97824 10.93778

---------------------------------------------------------------------
imgreg_4dfp /opt/freesurfer/average/711-2C_as_mni_average_305 /opt/freesurfer/average/711-2B_as_mni_average_305_mask talsrcimg_g11 none talsrcimg_to_711-2C_as_mni_average_305_t4 2311
---------------------------------------------------------------------

freesurfer imgreg_4dfp.c
/opt/freesurfer/average/711-2C_as_mni_average_305.4dfp.img
       256       256       256         1
  1.000000  1.000000  1.000000
orientation T byte_order littleendian
Reading image: /opt/freesurfer/average/711-2C_as_mni_average_305.4dfp.img
dimensions:      256       256       256
mmppix:       1.0000   -1.0000   -1.0000
center:     128.0000 -129.0000 -129.0000
/opt/freesurfer/average/711-2B_as_mni_average_305_mask.4dfp.img
       256       256       256         1
  1.000000  1.000000  1.000000
orientation T byte_order littleendian
Reading mask: /opt/freesurfer/average/711-2B_as_mni_average_305_mask.4dfp.img (2306576 pixels)
talsrcimg_g11.4dfp.img
       256       256       256         1
  1.000000  1.000000  1.000000
orientation T byte_order littleendian
Reading image: talsrcimg_g11.4dfp.img
dimensions:      256       256       256
mmppix:       1.0000   -1.0000   -1.0000
center:     128.0000 -129.0000 -129.0000
fimgreg.f
image alignment mode   2311 decimal      907 hex
parameters
   -5.5444   -9.1058    3.5529  -11.1244  -19.8043   -7.5808
   -0.9645    4.3444    0.6828   24.3079   -5.0623  -31.7048
eta,q 0.97824 10.93778
niter,ni,del,rscale     5    3    5.0000    0.8000
parameters
   -5.5545   -9.1483    3.5234  -10.0514  -19.1445   -6.4241
   -1.0779    4.3660    0.4720   24.2271   -5.1005  -31.3760
eta,q 0.97868 11.02434
  0.0233  0.0228  0.0224  0.0239  0.0229  0.0234  0.0225  0.0240  0.0222  0.0227  0.0219  0.0221
  0.0225  0.0222  0.0220  0.0230  0.0223  0.0227  0.0219  0.0226  0.0217  0.0220  0.0216  0.0217
  0.0219  0.0218  0.0218  0.0223  0.0219  0.0221  0.0215  0.0217  0.0214  0.0215  0.0214  0.0214
  0.0218  0.0218  0.0218  0.0218  0.0216  0.0216  0.0213  0.0213  0.0213  0.0213  0.0213  0.0213
  0.0219  0.0219  0.0218  0.0216  0.0216  0.0213  0.0215  0.0216  0.0215  0.0215  0.0214  0.0214
  0.0225  0.0223  0.0221  0.0219  0.0218  0.0215  0.0219  0.0225  0.0218  0.0220  0.0216  0.0216
  0.0234  0.0228  0.0225  0.0227  0.0224  0.0224  0.0227  0.0240  0.0223  0.0228  0.0219  0.0219
niter,ni,del,rscale     4    3    5.0000    0.7000
parameters
   -5.5905   -9.1982    3.6476  -10.2297  -19.1063   -6.2848
   -0.9557    4.3667    0.4615   24.1323   -5.1837  -31.2004
eta,q 0.97870 11.02165
  0.0226  0.0222  0.0221  0.0226  0.0222  0.0227  0.0223  0.0233  0.0220  0.0224  0.0217  0.0218
  0.0219  0.0217  0.0217  0.0220  0.0218  0.0221  0.0218  0.0223  0.0216  0.0218  0.0215  0.0215
  0.0214  0.0214  0.0214  0.0215  0.0215  0.0216  0.0214  0.0216  0.0214  0.0214  0.0213  0.0214
  0.0213  0.0213  0.0213  0.0213  0.0213  0.0213  0.0213  0.0213  0.0213  0.0213  0.0213  0.0213
  0.0215  0.0214  0.0214  0.0215  0.0214  0.0213  0.0214  0.0215  0.0214  0.0215  0.0214  0.0213
  0.0220  0.0218  0.0215  0.0220  0.0217  0.0218  0.0217  0.0222  0.0216  0.0218  0.0215  0.0215
  0.0227  0.0223  0.0218  0.0230  0.0222  0.0227  0.0222  0.0234  0.0220  0.0225  0.0218  0.0218
niter,ni,del,rscale     3    3    5.0000    0.6000
parameters
   -5.5915   -9.2198    3.6889  -10.1906  -19.0462   -6.1099
   -0.9518    4.3902    0.4284   24.0728   -5.2533  -31.0936
eta,q 0.97873 11.02745
  0.0223  0.0219  0.0218  0.0224  0.0220  0.0224  0.0220  0.0228  0.0218  0.0221  0.0216  0.0217
  0.0217  0.0216  0.0215  0.0218  0.0216  0.0219  0.0216  0.0220  0.0215  0.0216  0.0214  0.0214
  0.0214  0.0214  0.0213  0.0215  0.0214  0.0215  0.0214  0.0215  0.0213  0.0214  0.0213  0.0213
  0.0213  0.0213  0.0213  0.0213  0.0213  0.0213  0.0213  0.0213  0.0213  0.0213  0.0213  0.0213
  0.0214  0.0214  0.0213  0.0214  0.0213  0.0213  0.0213  0.0214  0.0213  0.0214  0.0213  0.0213
  0.0217  0.0216  0.0215  0.0217  0.0216  0.0216  0.0216  0.0220  0.0215  0.0217  0.0214  0.0214
  0.0223  0.0220  0.0217  0.0224  0.0220  0.0223  0.0220  0.0228  0.0218  0.0221  0.0216  0.0216
niter,ni,del,rscale     2    3    5.0000    0.5000
parameters
   -5.5928   -9.2378    3.7268  -10.1750  -19.0033   -5.9539
   -0.9365    4.4142    0.4008   24.0296   -5.3250  -30.9944
eta,q 0.97875 11.03181
  0.0220  0.0217  0.0216  0.0220  0.0217  0.0221  0.0218  0.0224  0.0216  0.0218  0.0215  0.0215
  0.0216  0.0215  0.0214  0.0216  0.0215  0.0217  0.0215  0.0218  0.0214  0.0215  0.0214  0.0214
  0.0213  0.0213  0.0213  0.0214  0.0213  0.0214  0.0213  0.0214  0.0213  0.0213  0.0213  0.0213
  0.0213  0.0213  0.0213  0.0213  0.0213  0.0213  0.0213  0.0213  0.0213  0.0213  0.0213  0.0213
  0.0213  0.0213  0.0213  0.0213  0.0213  0.0213  0.0213  0.0214  0.0213  0.0213  0.0213  0.0213
  0.0216  0.0215  0.0214  0.0216  0.0215  0.0215  0.0215  0.0217  0.0214  0.0215  0.0214  0.0214
  0.0220  0.0217  0.0216  0.0221  0.0217  0.0220  0.0218  0.0224  0.0216  0.0219  0.0215  0.0215
niter,ni,del,rscale     1    3    5.0000    0.4000
parameters
   -5.5907   -9.2452    3.7518  -10.1641  -18.9691   -5.8256
   -0.9369    4.4412    0.3869   23.9939   -5.3810  -30.9090
eta,q 0.97876 11.03519
  0.0217  0.0215  0.0215  0.0218  0.0216  0.0218  0.0216  0.0220  0.0215  0.0216  0.0214  0.0214
  0.0215  0.0214  0.0214  0.0215  0.0214  0.0216  0.0214  0.0216  0.0214  0.0214  0.0213  0.0213
  0.0213  0.0213  0.0213  0.0213  0.0213  0.0214  0.0213  0.0213  0.0213  0.0213  0.0213  0.0213
  0.0213  0.0213  0.0213  0.0213  0.0212  0.0213  0.0212  0.0212  0.0212  0.0212  0.0212  0.0212
  0.0213  0.0213  0.0213  0.0213  0.0213  0.0213  0.0213  0.0213  0.0213  0.0213  0.0213  0.0213
  0.0215  0.0214  0.0213  0.0215  0.0214  0.0214  0.0214  0.0216  0.0214  0.0214  0.0213  0.0213
  0.0217  0.0216  0.0215  0.0218  0.0216  0.0217  0.0216  0.0220  0.0215  0.0217  0.0214  0.0214
registration optimization eta report
parameter search radius
    0.8000    0.8000    0.8000    2.4000    2.4000    2.4000
    2.4000    2.4000    2.4000    2.4000    2.4000    2.4000
100000*second partial in parameter space
       70.       47.       34.        9.        5.        9.
        6.       13.        4.        7.        3.        3.
  0.0217  0.0215  0.0215  0.0218  0.0216  0.0218  0.0216  0.0220  0.0215  0.0216  0.0214  0.0214
  0.0215  0.0214  0.0214  0.0215  0.0214  0.0216  0.0214  0.0216  0.0214  0.0214  0.0213  0.0213
  0.0213  0.0213  0.0213  0.0213  0.0213  0.0214  0.0213  0.0213  0.0213  0.0213  0.0213  0.0213
  0.0213  0.0213  0.0213  0.0213  0.0212  0.0213  0.0212  0.0212  0.0212  0.0212  0.0212  0.0212
  0.0213  0.0213  0.0213  0.0213  0.0213  0.0213  0.0213  0.0213  0.0213  0.0213  0.0213  0.0213
  0.0215  0.0214  0.0213  0.0215  0.0214  0.0214  0.0214  0.0216  0.0214  0.0214  0.0213  0.0213
  0.0217  0.0216  0.0215  0.0218  0.0216  0.0217  0.0216  0.0220  0.0215  0.0217  0.0214  0.0214
   -5.5907   -9.2452    3.7518  -10.1641  -18.9691   -5.8256
   -0.9369    4.4412    0.3869   23.9939   -5.3810  -30.9090
eta,q 0.97876 11.03519

---------------------------------------------------------------------
imgreg_4dfp /opt/freesurfer/average/711-2C_as_mni_average_305 /opt/freesurfer/average/711-2B_as_mni_average_305_mask talsrcimg_g11 none talsrcimg_to_711-2C_as_mni_average_305_t4 2311
---------------------------------------------------------------------

freesurfer imgreg_4dfp.c
/opt/freesurfer/average/711-2C_as_mni_average_305.4dfp.img
       256       256       256         1
  1.000000  1.000000  1.000000
orientation T byte_order littleendian
Reading image: /opt/freesurfer/average/711-2C_as_mni_average_305.4dfp.img
dimensions:      256       256       256
mmppix:       1.0000   -1.0000   -1.0000
center:     128.0000 -129.0000 -129.0000
/opt/freesurfer/average/711-2B_as_mni_average_305_mask.4dfp.img
       256       256       256         1
  1.000000  1.000000  1.000000
orientation T byte_order littleendian
Reading mask: /opt/freesurfer/average/711-2B_as_mni_average_305_mask.4dfp.img (2306576 pixels)
talsrcimg_g11.4dfp.img
       256       256       256         1
  1.000000  1.000000  1.000000
orientation T byte_order littleendian
Reading image: talsrcimg_g11.4dfp.img
dimensions:      256       256       256
mmppix:       1.0000   -1.0000   -1.0000
center:     128.0000 -129.0000 -129.0000
fimgreg.f
image alignment mode   2311 decimal      907 hex
parameters
   -5.5907   -9.2452    3.7518  -10.1641  -18.9691   -5.8256
   -0.9369    4.4412    0.3869   23.9939   -5.3810  -30.9090
eta,q 0.97876 11.03519
niter,ni,del,rscale     5    3    5.0000    0.8000
parameters
   -5.5737   -9.2346    3.8071  -10.4500  -19.1624   -6.2932
   -0.8983    4.4040    0.5131   24.0476   -5.2899  -30.9904
eta,q 0.97869 11.00978
  0.0231  0.0225  0.0222  0.0229  0.0223  0.0227  0.0226  0.0238  0.0223  0.0228  0.0219  0.0219
  0.0220  0.0218  0.0217  0.0221  0.0218  0.0221  0.0219  0.0225  0.0218  0.0220  0.0216  0.0216
  0.0214  0.0214  0.0214  0.0215  0.0214  0.0216  0.0215  0.0216  0.0214  0.0215  0.0214  0.0214
  0.0212  0.0212  0.0212  0.0212  0.0213  0.0213  0.0213  0.0213  0.0213  0.0213  0.0213  0.0213
  0.0214  0.0214  0.0213  0.0215  0.0214  0.0214  0.0214  0.0216  0.0214  0.0215  0.0214  0.0214
  0.0220  0.0218  0.0216  0.0222  0.0218  0.0223  0.0218  0.0225  0.0217  0.0219  0.0216  0.0216
  0.0230  0.0224  0.0220  0.0235  0.0226  0.0238  0.0225  0.0240  0.0222  0.0227  0.0219  0.0220
niter,ni,del,rscale     4    3    5.0000    0.7000
parameters
   -5.5720   -9.2283    3.7260  -10.2590  -19.0846   -6.2416
   -0.9554    4.4033    0.4793   24.0562   -5.2706  -31.0580
eta,q 0.97871 11.02037
  0.0226  0.0222  0.0219  0.0228  0.0222  0.0226  0.0222  0.0233  0.0220  0.0224  0.0218  0.0218
  0.0219  0.0217  0.0215  0.0221  0.0218  0.0221  0.0217  0.0223  0.0216  0.0218  0.0215  0.0215
  0.0215  0.0214  0.0213  0.0216  0.0214  0.0216  0.0214  0.0216  0.0214  0.0214  0.0213  0.0213
  0.0213  0.0213  0.0213  0.0213  0.0213  0.0213  0.0213  0.0213  0.0213  0.0213  0.0213  0.0213
  0.0215  0.0214  0.0214  0.0214  0.0214  0.0213  0.0214  0.0215  0.0214  0.0214  0.0214  0.0213
  0.0219  0.0217  0.0216  0.0218  0.0217  0.0218  0.0217  0.0222  0.0216  0.0218  0.0215  0.0215
  0.0226  0.0222  0.0220  0.0227  0.0222  0.0228  0.0223  0.0234  0.0220  0.0224  0.0217  0.0218
niter,ni,del,rscale     3    3    5.0000    0.6000
parameters
   -5.5827   -9.2336    3.7156  -10.1938  -19.0382   -6.0970
   -0.9534    4.4087    0.4460   24.0479   -5.3115  -31.0319
eta,q 0.97874 11.02716
  0.0223  0.0220  0.0217  0.0224  0.0220  0.0223  0.0220  0.0228  0.0218  0.0221  0.0216  0.0216
  0.0217  0.0216  0.0215  0.0218  0.0216  0.0219  0.0216  0.0220  0.0215  0.0216  0.0214  0.0214
  0.0214  0.0214  0.0213  0.0215  0.0214  0.0215  0.0213  0.0215  0.0213  0.0214  0.0213  0.0213
  0.0213  0.0213  0.0213  0.0213  0.0213  0.0213  0.0213  0.0213  0.0213  0.0213  0.0213  0.0213
  0.0214  0.0214  0.0213  0.0214  0.0213  0.0213  0.0213  0.0214  0.0213  0.0214  0.0213  0.0213
  0.0217  0.0216  0.0215  0.0217  0.0216  0.0216  0.0216  0.0220  0.0215  0.0217  0.0214  0.0214
  0.0223  0.0220  0.0218  0.0224  0.0220  0.0223  0.0220  0.0229  0.0218  0.0221  0.0216  0.0216
niter,ni,del,rscale     2    3    5.0000    0.5000
parameters
   -5.5897   -9.2415    3.7337  -10.1775  -19.0067   -5.9511
   -0.9486    4.4261    0.3989   24.0219   -5.3423  -30.9705
eta,q 0.97875 11.03146
  0.0220  0.0217  0.0216  0.0220  0.0217  0.0221  0.0218  0.0224  0.0216  0.0219  0.0215  0.0215
  0.0216  0.0215  0.0214  0.0216  0.0215  0.0217  0.0215  0.0218  0.0214  0.0215  0.0214  0.0214
  0.0213  0.0213  0.0213  0.0214  0.0213  0.0214  0.0213  0.0214  0.0213  0.0213  0.0213  0.0213
  0.0213  0.0213  0.0213  0.0213  0.0213  0.0213  0.0213  0.0213  0.0213  0.0213  0.0213  0.0213
  0.0213  0.0213  0.0213  0.0213  0.0213  0.0213  0.0213  0.0214  0.0213  0.0213  0.0213  0.0213
  0.0216  0.0215  0.0214  0.0216  0.0215  0.0215  0.0215  0.0217  0.0214  0.0215  0.0214  0.0214
  0.0220  0.0217  0.0216  0.0221  0.0217  0.0220  0.0218  0.0224  0.0216  0.0219  0.0215  0.0215
niter,ni,del,rscale     1    3    5.0000    0.4000
parameters
   -5.5876   -9.2470    3.7609  -10.1691  -18.9571   -5.8188
   -0.9318    4.4452    0.3821   23.9897   -5.3860  -30.8881
eta,q 0.97876 11.03554
  0.0217  0.0216  0.0215  0.0218  0.0216  0.0218  0.0216  0.0220  0.0215  0.0216  0.0214  0.0214
  0.0214  0.0214  0.0214  0.0215  0.0214  0.0216  0.0214  0.0216  0.0213  0.0214  0.0213  0.0213
  0.0213  0.0213  0.0213  0.0213  0.0213  0.0214  0.0213  0.0213  0.0213  0.0213  0.0213  0.0213
  0.0213  0.0213  0.0213  0.0213  0.0212  0.0213  0.0212  0.0212  0.0212  0.0212  0.0212  0.0212
  0.0213  0.0213  0.0213  0.0213  0.0213  0.0213  0.0213  0.0213  0.0213  0.0213  0.0213  0.0213
  0.0214  0.0214  0.0213  0.0215  0.0214  0.0214  0.0214  0.0216  0.0214  0.0214  0.0213  0.0213
  0.0217  0.0216  0.0215  0.0218  0.0216  0.0217  0.0216  0.0220  0.0215  0.0216  0.0214  0.0214
registration optimization eta report
parameter search radius
    0.8000    0.8000    0.8000    2.4000    2.4000    2.4000
    2.4000    2.4000    2.4000    2.4000    2.4000    2.4000
100000*second partial in parameter space
       70.       47.       34.        9.        5.        9.
        6.       13.        4.        7.        3.        3.
  0.0217  0.0216  0.0215  0.0218  0.0216  0.0218  0.0216  0.0220  0.0215  0.0216  0.0214  0.0214
  0.0214  0.0214  0.0214  0.0215  0.0214  0.0216  0.0214  0.0216  0.0213  0.0214  0.0213  0.0213
  0.0213  0.0213  0.0213  0.0213  0.0213  0.0214  0.0213  0.0213  0.0213  0.0213  0.0213  0.0213
  0.0213  0.0213  0.0213  0.0213  0.0212  0.0213  0.0212  0.0212  0.0212  0.0212  0.0212  0.0212
  0.0213  0.0213  0.0213  0.0213  0.0213  0.0213  0.0213  0.0213  0.0213  0.0213  0.0213  0.0213
  0.0214  0.0214  0.0213  0.0215  0.0214  0.0214  0.0214  0.0216  0.0214  0.0214  0.0213  0.0213
  0.0217  0.0216  0.0215  0.0218  0.0216  0.0217  0.0216  0.0220  0.0215  0.0216  0.0214  0.0214
   -5.5876   -9.2470    3.7609  -10.1691  -18.9571   -5.8188
   -0.9318    4.4452    0.3821   23.9897   -5.3860  -30.8881
eta,q 0.97876 11.03554

---------------------------------------------------------------------
compute_vox2vox talsrcimg talsrcimg_to_711-2C_as_mni_average_305_t4 /opt/freesurfer/average/711-2C_as_mni_average_305
---------------------------------------------------------------------

freesurfer compute_vox2vox.c
Reading: talsrcimg.4dfp.ifh
Reading: talsrcimg_to_711-2C_as_mni_average_305_t4
Reading: /opt/freesurfer/average/711-2C_as_mni_average_305.4dfp.ifh
Writing: talsrcimg_to_711-2C_as_mni_average_305_t4_vox2vox.txt

start time Sat Mar 14 10:30:52 CET 2026
end		time Sat Mar 14 10:31:06 CET 2026

mpr2mni305 success

avi2talxfm orig_nu.mgz /opt/freesurfer/average/mni305.cor.mgz talsrcimg_to_711-2C_as_mni_average_305_t4_vox2vox.txt transforms/talairach.auto.xfm
avi2talxfm done
mv -f /out/sourcedata/freesurfer/sub-v2s9x29170_ses-1/mri/talsrcimg_to_711-2C_as_mni_average_305_t4_vox2vox.txt /out/sourcedata/freesurfer/sub-v2s9x29170_ses-1/mri/transforms/talsrcimg_to_711-2C_as_mni_average_305_t4_vox2vox.txt
lta_convert --src orig_nu.mgz --trg /opt/freesurfer/average/mni305.cor.mgz --inxfm transforms/talairach.auto.xfm --outlta transforms/talairach.auto.xfm.lta --subject fsaverage
7.3.2

--src: orig_nu.mgz src image (geometry).
--trg: /opt/freesurfer/average/mni305.cor.mgz trg image (geometry).
--inmni: transforms/talairach.auto.xfm input MNI/XFM transform.
--outlta: transforms/talairach.auto.xfm.lta output LTA.
--s: fsaverage subject name
 LTA read, type : 1
 1.11019  -0.05073  -0.00657   5.60152;
 0.05631   0.96525   0.36854  -1.31371;
-0.02190  -0.28549   1.12485   10.24254;
 0.00000   0.00000   0.00000   1.00000;
setting subject to fsaverage
Writing  LTA to file transforms/talairach.auto.xfm.lta...
lta_convert successful.
 
 
Started at Sat Mar 14 10:30:52 CET 2026
Ended   at Sat Mar 14 10:31:06 CET 2026
talairach_avi done
