status file for recon-all
Sat Mar 14 11:39:21 CET 2026
#@# Tessellate lh Sat Mar 14 11:39:21 CET 2026
#@# Smooth1 lh Sat Mar 14 11:39:24 CET 2026
#@# Inflation1 lh Sat Mar 14 11:39:25 CET 2026
#@# QSphere lh Sat Mar 14 11:39:33 CET 2026
#@# Fix Topology lh Sat Mar 14 11:40:08 CET 2026
#@# Smooth2 lh Sat Mar 14 11:51:37 CET 2026
#@# Inflation2 lh Sat Mar 14 11:51:39 CET 2026
#@# Curv .H and .K lh Sat Mar 14 11:51:47 CET 2026
#@# Sphere lh Sat Mar 14 11:52:24 CET 2026
#@# Surf Reg lh Sat Mar 14 11:55:39 CET 2026
#@# Jacobian white lh Sat Mar 14 11:59:16 CET 2026
#@# AvgCurv lh Sat Mar 14 11:59:16 CET 2026
#@# Cortical Parc lh Sat Mar 14 11:59:17 CET 2026
#@# white curv lh Sat Mar 14 12:12:03 CET 2026
#@# white area lh Sat Mar 14 12:12:05 CET 2026
#@# pial curv lh Sat Mar 14 12:12:05 CET 2026
#@# pial area lh Sat Mar 14 12:12:06 CET 2026
#@# thickness lh Sat Mar 14 12:12:07 CET 2026
#@# area and vertex vol lh Sat Mar 14 12:12:26 CET 2026
#@# Curvature Stats lh Sat Mar 14 12:12:27 CET 2026
#@# Cortical Parc 2 lh Sat Mar 14 12:12:29 CET 2026
#@# Cortical Parc 3 lh Sat Mar 14 12:12:38 CET 2026
#@# WM/GM Contrast lh Sat Mar 14 12:12:46 CET 2026
recon-all -s sub-v2s9x29172_ses-1 finished without error at Sat Mar 14 12:12:48 CET 2026



#New# invocation of recon-all 



status file for recon-all
Sat Mar 14 12:35:17 CET 2026
#@# white curv lh Sat Mar 14 12:35:17 CET 2026
#@# white area lh Sat Mar 14 12:35:17 CET 2026
#@# pial curv lh Sat Mar 14 12:35:17 CET 2026
#@# pial area lh Sat Mar 14 12:35:17 CET 2026
#@# thickness lh Sat Mar 14 12:35:17 CET 2026
#@# area and vertex vol lh Sat Mar 14 12:35:17 CET 2026
#@# Parcellation Stats lh Sat Mar 14 12:35:17 CET 2026
#@# Parcellation Stats 2 lh Sat Mar 14 12:35:31 CET 2026
#@# Parcellation Stats 3 lh Sat Mar 14 12:35:38 CET 2026
#@# BA_exvivo Labels lh Sat Mar 14 12:35:45 CET 2026
recon-all -s sub-v2s9x29172_ses-1 finished without error at Sat Mar 14 12:37:31 CET 2026
