status file for recon-all
Sat Mar 14 10:28:12 CET 2026
#@# MotionCor Sat Mar 14 10:28:13 CET 2026
#@# Talairach Sat Mar 14 10:28:19 CET 2026
#@# Talairach Failure Detection Sat Mar 14 10:31:10 CET 2026
#@# Nu Intensity Correction Sat Mar 14 10:31:10 CET 2026
#@# Intensity Normalization Sat Mar 14 10:33:55 CET 2026
recon-all -s sub-v2s9x29172_ses-1 finished without error at Sat Mar 14 10:34:48 CET 2026



#New# invocation of recon-all 



status file for recon-all
Sat Mar 14 10:40:45 CET 2026
#@# EM Registration Sat Mar 14 10:40:45 CET 2026
recon-all -s sub-v2s9x29172_ses-1 finished without error at Sat Mar 14 10:42:10 CET 2026



#New# invocation of recon-all 



status file for recon-all
Sat Mar 14 10:42:11 CET 2026
#@# CA Normalize Sat Mar 14 10:42:11 CET 2026
#@# CA Reg Sat Mar 14 10:43:04 CET 2026
#@# SubCort Seg Sat Mar 14 11:15:02 CET 2026
#@# CC Seg Sat Mar 14 11:35:27 CET 2026
#@# Merge ASeg Sat Mar 14 11:35:48 CET 2026
#@# Intensity Normalization2 Sat Mar 14 11:35:48 CET 2026
#@# Mask BFS Sat Mar 14 11:37:10 CET 2026
#@# WM Segmentation Sat Mar 14 11:37:11 CET 2026
#@# Fill Sat Mar 14 11:38:40 CET 2026
recon-all -s sub-v2s9x29172_ses-1 finished without error at Sat Mar 14 11:39:17 CET 2026



#New# invocation of recon-all 



status file for recon-all
Sat Mar 14 12:31:37 CET 2026
#@# white curv lh Sat Mar 14 12:31:37 CET 2026
#@# white area lh Sat Mar 14 12:31:37 CET 2026
#@# pial curv lh Sat Mar 14 12:31:37 CET 2026
#@# pial area lh Sat Mar 14 12:31:37 CET 2026
#@# thickness lh Sat Mar 14 12:31:37 CET 2026
#@# area and vertex vol lh Sat Mar 14 12:31:37 CET 2026
#@# white curv rh Sat Mar 14 12:31:37 CET 2026
#@# white area rh Sat Mar 14 12:31:37 CET 2026
#@# pial curv rh Sat Mar 14 12:31:37 CET 2026
#@# pial area rh Sat Mar 14 12:31:37 CET 2026
#@# thickness rh Sat Mar 14 12:31:37 CET 2026
#@# area and vertex vol rh Sat Mar 14 12:31:37 CET 2026
#@# Cortical ribbon mask Sat Mar 14 12:31:37 CET 2026
recon-all -s sub-v2s9x29172_ses-1 finished without error at Sat Mar 14 12:35:14 CET 2026



#New# invocation of recon-all 



status file for recon-all
Sat Mar 14 12:39:54 CET 2026
#@# white curv lh Sat Mar 14 12:39:54 CET 2026
#@# white area lh Sat Mar 14 12:39:54 CET 2026
#@# pial curv lh Sat Mar 14 12:39:54 CET 2026
#@# pial area lh Sat Mar 14 12:39:54 CET 2026
#@# thickness lh Sat Mar 14 12:39:54 CET 2026
#@# area and vertex vol lh Sat Mar 14 12:39:54 CET 2026
#@# white curv rh Sat Mar 14 12:39:54 CET 2026
#@# white area rh Sat Mar 14 12:39:54 CET 2026
#@# pial curv rh Sat Mar 14 12:39:54 CET 2026
#@# pial area rh Sat Mar 14 12:39:54 CET 2026
#@# thickness rh Sat Mar 14 12:39:54 CET 2026
#@# area and vertex vol rh Sat Mar 14 12:39:54 CET 2026
#@# Curvature Stats lh Sat Mar 14 12:39:54 CET 2026
#@# Curvature Stats rh Sat Mar 14 12:39:56 CET 2026
#@# Relabel Hypointensities Sat Mar 14 12:39:58 CET 2026
#@# APas-to-ASeg Sat Mar 14 12:40:08 CET 2026
#@# AParc-to-ASeg aparc Sat Mar 14 12:40:14 CET 2026
#@# AParc-to-ASeg aparc.a2009s Sat Mar 14 12:40:35 CET 2026
#@# AParc-to-ASeg aparc.DKTatlas Sat Mar 14 12:41:01 CET 2026
#@# WMParc Sat Mar 14 12:41:26 CET 2026
#@# ASeg Stats Sat Mar 14 12:43:05 CET 2026
recon-all -s sub-v2s9x29172_ses-1 finished without error at Sat Mar 14 12:43:20 CET 2026
