status file for recon-all
Sat Mar 14 12:12:49 CET 2026
#@# Tessellate rh Sat Mar 14 12:12:49 CET 2026
#@# Smooth1 rh Sat Mar 14 12:12:52 CET 2026
#@# Inflation1 rh Sat Mar 14 12:12:53 CET 2026
#@# QSphere rh Sat Mar 14 12:13:01 CET 2026
#@# Fix Topology rh Sat Mar 14 12:13:41 CET 2026
#@# Smooth2 rh Sat Mar 14 12:20:08 CET 2026
#@# Inflation2 rh Sat Mar 14 12:20:10 CET 2026
#@# Curv .H and .K rh Sat Mar 14 12:20:18 CET 2026
#@# Sphere rh Sat Mar 14 12:20:55 CET 2026
#@# Surf Reg rh Sat Mar 14 12:23:09 CET 2026
#@# Jacobian white rh Sat Mar 14 12:25:32 CET 2026
#@# AvgCurv rh Sat Mar 14 12:25:33 CET 2026
#@# Cortical Parc rh Sat Mar 14 12:25:33 CET 2026
#@# white curv rh Sat Mar 14 12:30:48 CET 2026
#@# white area rh Sat Mar 14 12:30:49 CET 2026
#@# pial curv rh Sat Mar 14 12:30:49 CET 2026
#@# pial area rh Sat Mar 14 12:30:51 CET 2026
#@# thickness rh Sat Mar 14 12:30:51 CET 2026
#@# area and vertex vol rh Sat Mar 14 12:31:10 CET 2026
#@# Curvature Stats rh Sat Mar 14 12:31:11 CET 2026
#@# Cortical Parc 2 rh Sat Mar 14 12:31:13 CET 2026
#@# Cortical Parc 3 rh Sat Mar 14 12:31:23 CET 2026
#@# WM/GM Contrast rh Sat Mar 14 12:31:30 CET 2026
recon-all -s sub-v2s9x29172_ses-1 finished without error at Sat Mar 14 12:31:33 CET 2026



#New# invocation of recon-all 



status file for recon-all
Sat Mar 14 12:37:33 CET 2026
#@# white curv rh Sat Mar 14 12:37:33 CET 2026
#@# white area rh Sat Mar 14 12:37:33 CET 2026
#@# pial curv rh Sat Mar 14 12:37:33 CET 2026
#@# pial area rh Sat Mar 14 12:37:33 CET 2026
#@# thickness rh Sat Mar 14 12:37:33 CET 2026
#@# area and vertex vol rh Sat Mar 14 12:37:33 CET 2026
#@# Parcellation Stats rh Sat Mar 14 12:37:33 CET 2026
#@# Parcellation Stats 2 rh Sat Mar 14 12:37:47 CET 2026
#@# Parcellation Stats 3 rh Sat Mar 14 12:37:55 CET 2026
#@# BA_exvivo Labels rh Sat Mar 14 12:38:02 CET 2026
recon-all -s sub-v2s9x29172_ses-1 finished without error at Sat Mar 14 12:39:49 CET 2026
