/out/sourcedata/freesurfer/sub-v2s9x29169_ses-1/mri
/opt/freesurfer/bin/talairach_avi
--i orig_nu.mgz --xfm transforms/talairach.auto.xfm
talairach_avi 7.3.2
Linux dna078 5.14.0-427.37.1.el9_4.x86_64 #1 SMP PREEMPT_DYNAMIC Fri Sep 13 12:41:50 EDT 2024 x86_64 x86_64 x86_64 GNU/Linux
Sat Mar 14 10:30:57 CET 2026
mri_convert orig_nu.mgz talsrcimg.img 
reading from orig_nu.mgz...
TR=0.00, TE=0.00, TI=0.00, flip angle=0.00
i_ras = (-1, 0, 0)
j_ras = (0, 0, -1)
k_ras = (0, 1, 0)
writing to talsrcimg.img...
Analyze Output Matrix
-1.00000   0.00000   0.00000   129.66513;
 0.00000   0.00000   1.00000  -128.00000;
 0.00000  -1.00000   0.00000   130.00000;
 0.00000   0.00000   0.00000   1.00000;
--------------------
INFO: set hdr.hist.orient to -1
mpr2mni305 talsrcimg
Sat Mar 14 10:30:57 CET 2026
/opt/freesurfer/bin/mpr2mni305 talsrcimg
mpr2mni305 7.3.2
target=711-2C_as_mni_average_305

---------------------------------------------------------------------
analyzeto4dfp talsrcimg -O0 -y
---------------------------------------------------------------------

freesurfer ifh2hdr.c
Sat Mar 14 10:30:58 2026
Writing: talsrcimg.4dfp.hdr
freesurfer analyzeto4dfp.c
Reading: talsrcimg.hdr
header size 348 bytes
hdr.dime.datatype	offset=70	value=2
hdr.dime.bitpix		offset=72	value=8
hdr.hist.orient		offset=252	value=-1
dimensionality     4
dimensions       256       256       256         1
Reading: talsrcimg.img
Writing: talsrcimg.4dfp.img
Writing: talsrcimg.4dfp.ifh
ifh2hdr talsrcimg -r0to219
ori=2

---------------------------------------------------------------------
gauss_4dfp talsrcimg 1.1
---------------------------------------------------------------------

freesurfer gauss_4dfp.c
Reading: talsrcimg.4dfp.img
Writing: talsrcimg_g11.4dfp.img
image dimensions 256 256 256 padded to 288 288 288
processing volume 1freesurfer ifh2hdr.c
Sat Mar 14 10:30:59 2026
Writing: talsrcimg_g11.4dfp.hdr

Writing: talsrcimg_g11.4dfp.ifh
including: talsrcimg.4dfp.img.rec in talsrcimg_g11.4dfp.img.rec

---------------------------------------------------------------------
imgreg_4dfp /opt/freesurfer/average/711-2C_as_mni_average_305 none talsrcimg_g11 none talsrcimg_to_711-2C_as_mni_average_305_t4 4355
---------------------------------------------------------------------

freesurfer imgreg_4dfp.c
/opt/freesurfer/average/711-2C_as_mni_average_305.4dfp.img
       256       256       256         1
  1.000000  1.000000  1.000000
orientation T byte_order littleendian
Reading image: /opt/freesurfer/average/711-2C_as_mni_average_305.4dfp.img
dimensions:      256       256       256
mmppix:       1.0000   -1.0000   -1.0000
center:     128.0000 -129.0000 -129.0000
talsrcimg_g11.4dfp.img
       256       256       256         1
  1.000000  1.000000  1.000000
orientation T byte_order littleendian
Reading image: talsrcimg_g11.4dfp.img
dimensions:      256       256       256
mmppix:       1.0000   -1.0000   -1.0000
center:     128.0000 -129.0000 -129.0000
t4_read: open error in t4_sub.f l:  41 t4_file(1:l)talsrcimg_to_711-2C_as_mni_average_305_t4 
t4_read: transform initialized to I4
rotation matrix determinant  1.000000
image alignment mode   4355 decimal     1103 hex
   -7.5000  -45.0000  -45.0000 9508.5840   19.9914
    0.0000  -45.0000  -45.0000 9859.7432   19.9969
    7.5000  -45.0000  -45.0000 9366.9238   20.0458
   -7.5000  -37.5000  -45.0000 9722.7939   19.9974
    0.0000  -37.5000  -45.000010075.2861   20.0004
    7.5000  -37.5000  -45.0000 9583.2227   20.0562
   -7.5000  -30.0000  -45.000010232.0645   19.9745
    0.0000  -30.0000  -45.000010605.9775   19.9808
    7.5000  -30.0000  -45.000010127.7373   20.0460
   -7.5000  -22.5000  -45.000010663.2871   19.9428
    0.0000  -22.5000  -45.000011067.7490   19.9530
    7.5000  -22.5000  -45.000010571.8535   20.0204
   -7.5000  -15.0000  -45.000011055.4385   19.9331
    0.0000  -15.0000  -45.000011474.4492   19.9460
    7.5000  -15.0000  -45.000010940.7480   20.0094
   -7.5000   -7.5000  -45.000011342.7852   19.9590
    0.0000   -7.5000  -45.000011756.5498   19.9703
    7.5000   -7.5000  -45.000011209.4395   20.0248
   -7.5000    0.0000  -45.000011480.6562   19.9914
    0.0000    0.0000  -45.000011877.1992   19.9968
    7.5000    0.0000  -45.000011313.1260   20.0458
   -7.5000    7.5000  -45.000010708.0020   19.9974
    0.0000    7.5000  -45.000011084.2998   20.0004
    7.5000    7.5000  -45.000010550.6572   20.0562
   -7.5000   15.0000  -45.0000 9887.0303   19.9846
    0.0000   15.0000  -45.000010229.7383   19.9908
    7.5000   15.0000  -45.0000 9715.8252   20.0560
   -7.5000   22.5000  -45.0000 9025.6982   19.9794
    0.0000   22.5000  -45.0000 9320.0498   19.9898
    7.5000   22.5000  -45.0000 8851.4521   20.0576
   -7.5000   30.0000  -45.0000 8043.5991   19.7813
    0.0000   30.0000  -45.0000 8293.3486   19.7942
    7.5000   30.0000  -45.0000 7871.1353   19.8584
   -7.5000   37.5000  -45.0000 7323.6445   19.9602
    0.0000   37.5000  -45.0000 7546.1978   19.9714
    7.5000   37.5000  -45.0000 7148.2349   20.0274
   -7.5000   45.0000  -45.0000 6345.8008   19.7669
    0.0000   45.0000  -45.0000 6532.0723   19.7763
    7.5000   45.0000  -45.0000 6179.3145   19.8304
   -7.5000  -45.0000  -37.500010034.1543   20.0061
    0.0000  -45.0000  -37.500010433.4424   20.0108
    7.5000  -45.0000  -37.5000 9889.0107   20.0733
   -7.5000  -37.5000  -37.500010265.5498   20.0230
    0.0000  -37.5000  -37.500010659.4229   20.0222
    7.5000  -37.5000  -37.500010109.5518   20.0898
   -7.5000  -30.0000  -37.500010789.4668   20.0099
    0.0000  -30.0000  -37.500011205.4990   20.0086
    7.5000  -30.0000  -37.500010654.1270   20.0840
   -7.5000  -22.5000  -37.500011233.9922   19.9759
    0.0000  -22.5000  -37.500011671.3369   19.9782
    7.5000  -22.5000  -37.500011105.6309   20.0558
   -7.5000  -15.0000  -37.500011616.6553   19.9564
    0.0000  -15.0000  -37.500012049.8691   19.9631
    7.5000  -15.0000  -37.500011457.2861   20.0379
   -7.5000   -7.5000  -37.500011875.1914   19.9736
    0.0000   -7.5000  -37.500012334.5996   19.9821
    7.5000   -7.5000  -37.500011725.9033   20.0496
   -7.5000    0.0000  -37.500011983.0215   20.0061
    0.0000    0.0000  -37.500012418.5586   20.0108
    7.5000    0.0000  -37.500011822.8311   20.0733
   -7.5000    7.5000  -37.500011142.0566   20.0230
    0.0000    7.5000  -37.500011542.4023   20.0222
    7.5000    7.5000  -37.500011006.9697   20.0898
   -7.5000   15.0000  -37.500010274.6211   20.0200
    0.0000   15.0000  -37.500010653.8291   20.0187
    7.5000   15.0000  -37.500010147.3896   20.0941
   -7.5000   22.5000  -37.5000 9362.8760   20.0126
    0.0000   22.5000  -37.5000 9692.5205   20.0150
    7.5000   22.5000  -37.5000 9218.1182   20.0931
   -7.5000   30.0000  -37.5000 8343.2305   19.8050
    0.0000   30.0000  -37.5000 8633.1309   19.8121
    7.5000   30.0000  -37.5000 8182.5039   19.8878
   -7.5000   37.5000  -37.5000 7562.0825   19.9737
    0.0000   37.5000  -37.5000 7824.4365   19.9832
    7.5000   37.5000  -37.5000 7430.0381   20.0526
   -7.5000   45.0000  -37.5000 6564.0449   19.7813
    0.0000   45.0000  -37.5000 6776.8955   19.7900
    7.5000   45.0000  -37.5000 6422.6860   19.8564
   -7.5000  -45.0000  -30.000010741.4346   20.8164
    0.0000  -45.0000  -30.000011201.8770   20.8132
    7.5000  -45.0000  -30.000010579.1514   20.8860
   -7.5000  -37.5000  -30.000010958.0645   20.8401
    0.0000  -37.5000  -30.000011424.2646   20.8269
    7.5000  -37.5000  -30.000010790.9307   20.9021
   -7.5000  -30.0000  -30.000011522.2314   20.8278
    0.0000  -30.0000  -30.000012015.2041   20.8088
    7.5000  -30.0000  -30.000011351.7471   20.8887
   -7.5000  -22.5000  -30.000011995.9639   20.7863
    0.0000  -22.5000  -30.000012495.8486   20.7700
    7.5000  -22.5000  -30.000011823.3604   20.8515
   -7.5000  -15.0000  -30.000012371.2852   20.7609
    0.0000  -15.0000  -30.000012870.6963   20.7516
    7.5000  -15.0000  -30.000012198.1895   20.8310
   -7.5000   -7.5000  -30.000012641.1104   20.7789
    0.0000   -7.5000  -30.000013145.5410   20.7767
    7.5000   -7.5000  -30.000012471.3857   20.8522
   -7.5000    0.0000  -30.000012720.9717   20.8164
    0.0000    0.0000  -30.000013212.1504   20.8131
    7.5000    0.0000  -30.000012551.3037   20.8860
   -7.5000    7.5000  -30.000011805.0293   20.8401
    0.0000    7.5000  -30.000012241.8096   20.8269
    7.5000    7.5000  -30.000011637.9990   20.9021
   -7.5000   15.0000  -30.000010855.7305   20.8385
    0.0000   15.0000  -30.000011281.4873   20.8195
    7.5000   15.0000  -30.000010727.4648   20.8995
   -7.5000   22.5000  -30.0000 9878.9072   20.8223
    0.0000   22.5000  -30.000010243.4209   20.8060
    7.5000   22.5000  -30.0000 9739.1797   20.8880
   -7.5000   30.0000  -30.0000 8795.6260   20.6057
    0.0000   30.0000  -30.0000 9104.5684   20.5969
    7.5000   30.0000  -30.0000 8634.8535   20.6773
   -7.5000   37.5000  -30.0000 7963.9331   20.7792
    0.0000   37.5000  -30.0000 8255.6719   20.7785
    7.5000   37.5000  -30.0000 7829.6821   20.8563
   -7.5000   45.0000  -30.0000 6897.8477   20.5958
    0.0000   45.0000  -30.0000 7140.2705   20.5965
    7.5000   45.0000  -30.0000 6764.9497   20.6732
   -7.5000  -45.0000  -22.500011384.4238   21.4923
    0.0000  -45.0000  -22.500011887.5049   21.4808
    7.5000  -45.0000  -22.500011258.7939   21.5487
   -7.5000  -37.5000  -22.500011599.8086   21.5109
    0.0000  -37.5000  -22.500012101.9375   21.4891
    7.5000  -37.5000  -22.500011466.6064   21.5590
   -7.5000  -30.0000  -22.500012210.0195   21.4901
    0.0000  -30.0000  -22.500012739.5186   21.4607
    7.5000  -30.0000  -22.500012043.5986   21.5341
   -7.5000  -22.5000  -22.500012702.1250   21.4447
    0.0000  -22.5000  -22.500013254.5332   21.4163
    7.5000  -22.5000  -22.500012538.7041   21.4896
   -7.5000  -15.0000  -22.500013090.4561   21.4246
    0.0000  -15.0000  -22.500013646.0127   21.4030
    7.5000  -15.0000  -22.500012931.1484   21.4724
   -7.5000   -7.5000  -22.500013378.5166   21.4515
    0.0000   -7.5000  -22.500013914.5430   21.4392
    7.5000   -7.5000  -22.500013192.3496   21.5068
   -7.5000    0.0000  -22.500013464.2822   21.4923
    0.0000    0.0000  -22.500013984.2383   21.4807
    7.5000    0.0000  -22.500013280.0029   21.5486
   -7.5000    7.5000  -22.500012493.5762   21.5109
    0.0000    7.5000  -22.500012967.4131   21.4891
    7.5000    7.5000  -22.500012297.2812   21.5590
   -7.5000   15.0000  -22.500011467.1914   21.5012
    0.0000   15.0000  -22.500011909.4844   21.4718
    7.5000   15.0000  -22.500011312.6836   21.5453
   -7.5000   22.5000  -22.500010387.6592   21.4804
    0.0000   22.5000  -22.500010784.4785   21.4519
    7.5000   22.5000  -22.500010227.9395   21.5256
   -7.5000   30.0000  -22.5000 9211.3291   21.2673
    0.0000   30.0000  -22.5000 9579.8291   21.2460
    7.5000   30.0000  -22.5000 9078.1172   21.3165
   -7.5000   37.5000  -22.5000 8347.2021   21.4546
    0.0000   37.5000  -22.5000 8659.0283   21.4430
    7.5000   37.5000  -22.5000 8215.2021   21.5128
   -7.5000   45.0000  -22.5000 7242.7207   21.2790
    0.0000   45.0000  -22.5000 7481.2817   21.2711
    7.5000   45.0000  -22.5000 7095.1807   21.3439
   -7.5000  -45.0000  -15.000011986.1865   21.9865
    0.0000  -45.0000  -15.000012509.4580   21.9752
    7.5000  -45.0000  -15.000011934.0547   22.0309
   -7.5000  -37.5000  -15.000012242.5947   21.9948
    0.0000  -37.5000  -15.000012761.6133   21.9762
    7.5000  -37.5000  -15.000012148.5625   22.0357
   -7.5000  -30.0000  -15.000012882.4111   21.9652
    0.0000  -30.0000  -15.000013432.6494   21.9424
    7.5000  -30.0000  -15.000012779.0068   22.0075
   -7.5000  -22.5000  -15.000013392.1914   21.9223
    0.0000  -22.5000  -15.000013964.8945   21.9008
    7.5000  -22.5000  -15.000013290.2998   21.9654
   -7.5000  -15.0000  -15.000013786.4297   21.9120
    0.0000  -15.0000  -15.000014361.9072   21.8951
    7.5000  -15.0000  -15.000013675.0039   21.9541
   -7.5000   -7.5000  -15.000014082.8281   21.9468
    0.0000   -7.5000  -15.000014654.7988   21.9360
    7.5000   -7.5000  -15.000013969.4287   21.9917
   -7.5000    0.0000  -15.000014195.4834   21.9865
    0.0000    0.0000  -15.000014734.0332   21.9751
    7.5000    0.0000  -15.000014043.0244   22.0308
   -7.5000    7.5000  -15.000013165.1426   21.9948
    0.0000    7.5000  -15.000013668.8975   21.9762
    7.5000    7.5000  -15.000013004.3262   22.0357
   -7.5000   15.0000  -15.000012051.8320   21.9765
    0.0000   15.0000  -15.000012477.9551   21.9536
    7.5000   15.0000  -15.000011893.6318   22.0188
   -7.5000   22.5000  -15.000010873.4189   21.9578
    0.0000   22.5000  -15.000011275.8135   21.9361
    7.5000   22.5000  -15.000010718.7061   22.0010
   -7.5000   30.0000  -15.0000 9621.8877   21.7535
    0.0000   30.0000  -15.0000 9993.5684   21.7366
    7.5000   30.0000  -15.0000 9487.2666   21.7965
   -7.5000   37.5000  -15.0000 8699.6846   21.9536
    0.0000   37.5000  -15.0000 9005.6270   21.9426
    7.5000   37.5000  -15.0000 8549.7168   22.0001
   -7.5000   45.0000  -15.0000 7530.7637   21.7810
    0.0000   45.0000  -15.0000 7758.7529   21.7732
    7.5000   45.0000  -15.0000 7354.9888   21.8353
   -7.5000  -45.0000   -7.500012644.5293   22.2637
    0.0000  -45.0000   -7.500013169.4414   22.2616
    7.5000  -45.0000   -7.500012640.2246   22.3108
   -7.5000  -37.5000   -7.500012912.3896   22.2654
    0.0000  -37.5000   -7.500013414.0312   22.2592
    7.5000  -37.5000   -7.500012875.4883   22.3145
   -7.5000  -30.0000   -7.500013612.4189   22.2332
    0.0000  -30.0000   -7.500014144.3633   22.2286
    7.5000  -30.0000   -7.500013559.8809   22.2929
   -7.5000  -22.5000   -7.500014168.0254   22.1958
    0.0000  -22.5000   -7.500014704.5010   22.1948
    7.5000  -22.5000   -7.500014100.5459   22.2605
   -7.5000  -15.0000   -7.500014536.6924   22.1908
    0.0000  -15.0000   -7.500015089.5908   22.1929
    7.5000  -15.0000   -7.500014475.6934   22.2533
   -7.5000   -7.5000   -7.500014799.0596   22.2267
    0.0000   -7.5000   -7.500015387.8809   22.2294
    7.5000   -7.5000   -7.500014732.8379   22.2823
   -7.5000    0.0000   -7.500014943.0635   22.2637
    0.0000    0.0000   -7.500015467.8877   22.2616
    7.5000    0.0000   -7.500014818.0371   22.3107
   -7.5000    7.5000   -7.500013862.0195   22.2654
    0.0000    7.5000   -7.500014341.1074   22.2592
    7.5000    7.5000   -7.500013700.6748   22.3145
   -7.5000   15.0000   -7.500012665.6846   22.2445
    0.0000   15.0000   -7.500013115.4277   22.2398
    7.5000   15.0000   -7.500012517.7695   22.3041
   -7.5000   22.5000   -7.500011373.2354   22.2294
    0.0000   22.5000   -7.500011795.2334   22.2283
    7.5000   22.5000   -7.500011233.9014   22.2943
   -7.5000   30.0000   -7.500010038.8369   22.0294
    0.0000   30.0000   -7.500010417.7373   22.0314
    7.5000   30.0000   -7.5000 9922.1963   22.0925
   -7.5000   37.5000   -7.5000 9057.3438   22.2348
    0.0000   37.5000   -7.5000 9356.4414   22.2369
    7.5000   37.5000   -7.5000 8941.1221   22.2914
   -7.5000   45.0000   -7.5000 7783.2744   22.0613
    0.0000   45.0000   -7.5000 8003.9341   22.0632
    7.5000   45.0000   -7.5000 7636.7837   22.1192
   -7.5000  -45.0000    0.000013224.6279   22.3397
    0.0000  -45.0000    0.000013726.0576   22.3459
    7.5000  -45.0000    0.000013272.6514   22.4010
   -7.5000  -37.5000    0.000013440.1377   22.3458
    0.0000  -37.5000    0.000013879.6934   22.3493
    7.5000  -37.5000    0.000013439.9443   22.4120
   -7.5000  -30.0000    0.000014116.8047   22.3201
    0.0000  -30.0000    0.000014600.7500   22.3273
    7.5000  -30.0000    0.000014090.2666   22.4006
   -7.5000  -22.5000    0.000014674.5879   22.2850
    0.0000  -22.5000    0.000015186.9570   22.2967
    7.5000  -22.5000    0.000014646.2607   22.3724
   -7.5000  -15.0000    0.000015089.5537   22.2747
    0.0000  -15.0000    0.000015635.4961   22.2893
    7.5000  -15.0000    0.000015056.3643   22.3607
   -7.5000   -7.5000    0.000015372.1328   22.3038
    0.0000   -7.5000    0.000015911.1426   22.3166
    7.5000   -7.5000    0.000015292.1045   22.3779
   -7.5000    0.0000    0.000015484.0137   22.3396
    0.0000    0.0000    0.000015977.4941   22.3459
    7.5000    0.0000    0.000015359.3721   22.4010
   -7.5000    7.5000    0.000014350.4326   22.3458
    0.0000    7.5000    0.000014831.2510   22.3493
    7.5000    7.5000    0.000014219.3516   22.4120
   -7.5000   15.0000    0.000013105.3379   22.3314
    0.0000   15.0000    0.000013552.5264   22.3384
    7.5000   15.0000    0.000012986.1328   22.4117
   -7.5000   22.5000    0.000011748.5322   22.3187
    0.0000   22.5000    0.000012170.2627   22.3305
    7.5000   22.5000    0.000011638.1133   22.4066
   -7.5000   30.0000    0.000010361.8740   22.1135
    0.0000   30.0000    0.000010722.5996   22.1282
    7.5000   30.0000    0.000010266.2656   22.2003
   -7.5000   37.5000    0.0000 9343.0234   22.3134
    0.0000   37.5000    0.0000 9618.7383   22.3262
    7.5000   37.5000    0.0000 9229.5225   22.3891
   -7.5000   45.0000    0.0000 7982.9971   22.1399
    0.0000   45.0000    0.0000 8199.2607   22.1507
    7.5000   45.0000    0.0000 7870.2466   22.2115
   -7.5000  -45.0000    7.500012854.1279   22.3797
    0.0000  -45.0000    7.500013308.0059   22.3849
    7.5000  -45.0000    7.500012867.1602   22.4549
   -7.5000  -37.5000    7.500012938.1230   22.3988
    0.0000  -37.5000    7.500013415.6045   22.3979
    7.5000  -37.5000    7.500013001.0439   22.4736
   -7.5000  -30.0000    7.500013567.2715   22.3840
    0.0000  -30.0000    7.500014089.4219   22.3827
    7.5000  -30.0000    7.500013609.4951   22.4670
   -7.5000  -22.5000    7.500014112.7881   22.3457
    0.0000  -22.5000    7.500014645.8730   22.3483
    7.5000  -22.5000    7.500014142.3438   22.4353
   -7.5000  -15.0000    7.500014556.3799   22.3236
    0.0000  -15.0000    7.500015066.5947   22.3313
    7.5000  -15.0000    7.500014529.4131   22.4150
   -7.5000   -7.5000    7.500014813.2881   22.3430
    0.0000   -7.5000    7.500015282.3447   22.3526
    7.5000   -7.5000    7.500014718.1670   22.4281
   -7.5000    0.0000    7.500014881.8379   22.3797
    0.0000    0.0000    7.500015317.4150   22.3849
    7.5000    0.0000    7.500014730.3965   22.4548
   -7.5000    7.5000    7.500013798.5127   22.3988
    0.0000    7.5000    7.500014220.7002   22.3979
    7.5000    7.5000    7.500013634.4619   22.4736
   -7.5000   15.0000    7.500012599.0156   22.3954
    0.0000   15.0000    7.500012991.8154   22.3940
    7.5000   15.0000    7.500012442.6445   22.4783
   -7.5000   22.5000    7.500011299.1875   22.3795
    0.0000   22.5000    7.500011667.4912   22.3823
    7.5000   22.5000    7.500011173.5078   22.4697
   -7.5000   30.0000    7.5000 9963.6406   22.1629
    0.0000   30.0000    7.500010276.3076   22.1709
    7.5000   30.0000    7.5000 9843.8447   22.2557
   -7.5000   37.5000    7.5000 8946.5742   22.3517
    0.0000   37.5000    7.5000 9227.4395   22.3623
    7.5000   37.5000    7.5000 8834.8545   22.4401
   -7.5000   45.0000    7.5000 7664.1064   22.1801
    0.0000   45.0000    7.5000 7873.1987   22.1899
    7.5000   45.0000    7.5000 7549.1421   22.2643
   -7.5000  -45.0000   15.000012290.7324   22.4134
    0.0000  -45.0000   15.000012734.5146   22.4097
    7.5000  -45.0000   15.000012172.4697   22.4885
   -7.5000  -37.5000   15.000012515.9990   22.4397
    0.0000  -37.5000   15.000013007.6895   22.4253
    7.5000  -37.5000   15.000012398.2246   22.5067
   -7.5000  -30.0000   15.000013158.1348   22.4270
    0.0000  -30.0000   15.000013700.2227   22.4064
    7.5000  -30.0000   15.000013059.1113   22.4929
   -7.5000  -22.5000   15.000013657.8496   22.3819
    0.0000  -22.5000   15.000014156.1865   22.3642
    7.5000  -22.5000   15.000013555.3994   22.4524
   -7.5000  -15.0000   15.000014000.6182   22.3538
    0.0000  -15.0000   15.000014466.7861   22.3437
    7.5000  -15.0000   15.000013882.8096   22.4295
   -7.5000   -7.5000   15.000014190.3652   22.3727
    0.0000   -7.5000   15.000014628.9170   22.3702
    7.5000   -7.5000   15.000014052.9463   22.4518
   -7.5000    0.0000   15.000014241.6035   22.4133
    0.0000    0.0000   15.000014620.5713   22.4096
    7.5000    0.0000   15.000014045.7129   22.4884
   -7.5000    7.5000   15.000013199.3730   22.4397
    0.0000    7.5000   15.000013542.7637   22.4253
    7.5000    7.5000   15.000012997.1680   22.5067
   -7.5000   15.0000   15.000012037.1396   22.4385
    0.0000   15.0000   15.000012367.9189   22.4179
    7.5000   15.0000   15.000011851.0869   22.5045
   -7.5000   22.5000   15.000010795.3496   22.4159
    0.0000   22.5000   15.000011092.4609   22.3982
    7.5000   22.5000   15.000010611.5586   22.4869
   -7.5000   30.0000   15.0000 9493.1641   22.1936
    0.0000   30.0000   15.0000 9749.4180   22.1840
    7.5000   30.0000   15.0000 9310.6377   22.2710
   -7.5000   37.5000   15.0000 8507.1240   22.3805
    0.0000   37.5000   15.0000 8755.6836   22.3795
    7.5000   37.5000   15.0000 8361.9199   22.4637
   -7.5000   45.0000   15.0000 7258.2080   22.2134
    0.0000   45.0000   15.0000 7468.4536   22.2140
    7.5000   45.0000   15.0000 7144.7769   22.2971
   -7.5000  -45.0000   22.500011610.8633   22.4463
    0.0000  -45.0000   22.500012016.0938   22.4336
    7.5000  -45.0000   22.500011472.8838   22.5053
   -7.5000  -37.5000   22.500011854.9346   22.4662
    0.0000  -37.5000   22.500012288.9219   22.4428
    7.5000  -37.5000   22.500011700.9102   22.5166
   -7.5000  -30.0000   22.500012528.8848   22.4443
    0.0000  -30.0000   22.500012994.0059   22.4128
    7.5000  -30.0000   22.500012366.1123   22.4904
   -7.5000  -22.5000   22.500013045.2080   22.3959
    0.0000  -22.5000   22.500013499.9990   22.3655
    7.5000  -22.5000   22.500012873.1172   22.4429
   -7.5000  -15.0000   22.500013360.9004   22.3741
    0.0000  -15.0000   22.500013807.4951   22.3510
    7.5000  -15.0000   22.500013187.4844   22.4243
   -7.5000   -7.5000   22.500013533.7568   22.4027
    0.0000   -7.5000   22.500013962.2168   22.3893
    7.5000   -7.5000   22.500013346.7832   22.4607
   -7.5000    0.0000   22.500013565.0635   22.4462
    0.0000    0.0000   22.500013957.2295   22.4336
    7.5000    0.0000   22.500013329.7002   22.5052
   -7.5000    7.5000   22.500012519.8662   22.4662
    0.0000    7.5000   22.500012873.1396   22.4428
    7.5000    7.5000   22.500012316.5781   22.5166
   -7.5000   15.0000   22.500011363.1729   22.4560
    0.0000   15.0000   22.500011718.0166   22.4245
    7.5000   15.0000   22.500011206.7666   22.5021
   -7.5000   22.5000   22.500010179.2646   22.4300
    0.0000   22.5000   22.500010471.6758   22.3996
    7.5000   22.5000   22.5000 9995.6641   22.4774
   -7.5000   30.0000   22.5000 8927.6387   22.2138
    0.0000   30.0000   22.5000 9194.2939   22.1909
    7.5000   30.0000   22.5000 8777.4102   22.2654
   -7.5000   37.5000   22.5000 8030.0117   22.4109
    0.0000   37.5000   22.5000 8263.5264   22.3982
    7.5000   37.5000   22.5000 7883.6372   22.4720
   -7.5000   45.0000   22.5000 6851.3579   22.2466
    0.0000   45.0000   22.5000 7051.1553   22.2377
    7.5000   45.0000   22.5000 6716.6323   22.3146
   -7.5000  -45.0000   30.000010801.0830   22.5092
    0.0000  -45.0000   30.000011234.5547   22.4969
    7.5000  -45.0000   30.000010666.9570   22.5553
   -7.5000  -37.5000   30.000011034.5137   22.5171
    0.0000  -37.5000   30.000011467.0234   22.4971
    7.5000  -37.5000   30.000010882.6982   22.5595
   -7.5000  -30.0000   30.000011643.1855   22.4862
    0.0000  -30.0000   30.000012096.3613   22.4618
    7.5000  -30.0000   30.000011486.6660   22.5300
   -7.5000  -22.5000   30.000012124.0029   22.4421
    0.0000  -22.5000   30.000012582.5352   22.4192
    7.5000  -22.5000   30.000011971.7236   22.4868
   -7.5000  -15.0000   30.000012448.3525   22.4320
    0.0000  -15.0000   30.000012907.6660   22.4139
    7.5000  -15.0000   30.000012297.1377   22.4759
   -7.5000   -7.5000   30.000012621.8438   22.4683
    0.0000   -7.5000   30.000013069.3105   22.4566
    7.5000   -7.5000   30.000012460.1582   22.5151
   -7.5000    0.0000   30.000012653.2422   22.5091
    0.0000    0.0000   30.000013075.9062   22.4968
    7.5000    0.0000   30.000012447.0996   22.5553
   -7.5000    7.5000   30.000011681.0020   22.5171
    0.0000    7.5000   30.000012054.0264   22.4971
    7.5000    7.5000   30.000011493.3438   22.5595
   -7.5000   15.0000   30.000010595.5117   22.4979
    0.0000   15.0000   30.000010970.9326   22.4734
    7.5000   15.0000   30.000010454.3037   22.5417
   -7.5000   22.5000   30.0000 9464.1006   22.4765
    0.0000   22.5000   30.0000 9797.3076   22.4534
    7.5000   22.5000   30.0000 9328.5430   22.5214
   -7.5000   30.0000   30.0000 8292.1934   22.2711
    0.0000   30.0000   30.0000 8569.5459   22.2529
    7.5000   30.0000   30.0000 8178.7876   22.3159
   -7.5000   37.5000   30.0000 7483.2227   22.4783
    0.0000   37.5000   30.0000 7716.9785   22.4663
    7.5000   37.5000   30.0000 7350.8145   22.5268
   -7.5000   45.0000   30.0000 6399.2222   22.3105
    0.0000   45.0000   30.0000 6584.3857   22.3019
    7.5000   45.0000   30.0000 6272.1587   22.3671
   -7.5000  -45.0000   37.500010391.9873   22.8459
    0.0000  -45.0000   37.500010828.6172   22.8425
    7.5000  -45.0000   37.500010272.8311   22.8953
   -7.5000  -37.5000   37.500010613.5879   22.8472
    0.0000  -37.5000   37.500011048.5508   22.8395
    7.5000  -37.5000   37.500010488.1445   22.8989
   -7.5000  -30.0000   37.500011178.1172   22.8134
    0.0000  -30.0000   37.500011637.6582   22.8073
    7.5000  -30.0000   37.500011061.1816   22.8765
   -7.5000  -22.5000   37.500011656.2998   22.7746
    0.0000  -22.5000   37.500012108.9297   22.7723
    7.5000  -22.5000   37.500011529.9951   22.8430
   -7.5000  -15.0000   37.500011996.2422   22.7697
    0.0000  -15.0000   37.500012455.4014   22.7707
    7.5000  -15.0000   37.500011857.3750   22.8356
   -7.5000   -7.5000   37.500012176.1953   22.8074
    0.0000   -7.5000   37.500012637.9854   22.8090
    7.5000   -7.5000   37.500012026.1680   22.8659
   -7.5000    0.0000   37.500012207.6729   22.8459
    0.0000    0.0000   37.500012635.0615   22.8424
    7.5000    0.0000   37.500012036.2100   22.8952
   -7.5000    7.5000   37.500011257.8076   22.8472
    0.0000    7.5000   37.500011653.3740   22.8395
    7.5000    7.5000   37.500011092.7725   22.8989
   -7.5000   15.0000   37.500010233.9912   22.8253
    0.0000   15.0000   37.500010594.2822   22.8191
    7.5000   15.0000   37.500010083.7891   22.8883
   -7.5000   22.5000   37.5000 9139.0576   22.8102
    0.0000   22.5000   37.5000 9454.7920   22.8078
    7.5000   22.5000   37.5000 8998.8027   22.8787
   -7.5000   30.0000   37.5000 8018.7065   22.6072
    0.0000   30.0000   37.5000 8282.9512   22.6081
    7.5000   30.0000   37.5000 7920.3228   22.6738
   -7.5000   37.5000   37.5000 7246.5679   22.8216
    0.0000   37.5000   37.5000 7466.0762   22.8226
    7.5000   37.5000   37.5000 7123.6440   22.8813
   -7.5000   45.0000   37.5000 6199.9019   22.6497
    0.0000   45.0000   37.5000 6395.4956   22.6505
    7.5000   45.0000   37.5000 6081.5161   22.7107
   -7.5000  -45.0000   45.0000 9528.5898   23.2166
    0.0000  -45.0000   45.0000 9933.4482   23.2194
    7.5000  -45.0000   45.0000 9424.3574   23.2851
   -7.5000  -37.5000   45.0000 9749.7012   23.2250
    0.0000  -37.5000   45.000010135.2012   23.2250
    7.5000  -37.5000   45.0000 9613.9590   23.2992
   -7.5000  -30.0000   45.000010269.7773   23.1994
    0.0000  -30.0000   45.000010669.1357   23.2041
    7.5000  -30.0000   45.000010137.8447   23.2900
   -7.5000  -22.5000   45.000010719.4434   23.1615
    0.0000  -22.5000   45.000011118.9922   23.1718
    7.5000  -22.5000   45.000010583.3037   23.2605
   -7.5000  -15.0000   45.000011050.4463   23.1484
    0.0000  -15.0000   45.000011456.4844   23.1621
    7.5000  -15.0000   45.000010911.9004   23.2457
   -7.5000   -7.5000   45.000011230.2168   23.1781
    0.0000   -7.5000   45.000011623.3350   23.1889
    7.5000   -7.5000   45.000011071.8809   23.2613
   -7.5000    0.0000   45.000011245.2539   23.2165
    0.0000    0.0000   45.000011640.7109   23.2194
    7.5000    0.0000   45.000011104.5195   23.2850
   -7.5000    7.5000   45.000010376.8955   23.2250
    0.0000    7.5000   45.000010718.5156   23.2250
    7.5000    7.5000   45.000010234.7393   23.2992
   -7.5000   15.0000   45.0000 9455.7295   23.2110
    0.0000   15.0000   45.0000 9762.0107   23.2156
    7.5000   15.0000   45.0000 9313.7529   23.3015
   -7.5000   22.5000   45.0000 8457.0166   23.1957
    0.0000   22.5000   45.0000 8732.5938   23.2063
    7.5000   22.5000   45.0000 8318.3633   23.2954
   -7.5000   30.0000   45.0000 7430.7402   22.9785
    0.0000   30.0000   45.0000 7661.4966   22.9923
    7.5000   30.0000   45.0000 7317.5063   23.0769
   -7.5000   37.5000   45.0000 6725.4980   23.1875
    0.0000   37.5000   45.0000 6915.3521   23.1985
    7.5000   37.5000   45.0000 6594.8140   23.2730
   -7.5000   45.0000   45.0000 5762.5249   23.0260
    0.0000   45.0000   45.0000 5927.1860   23.0339
    7.5000   45.0000   45.0000 5651.0718   23.1063

---------------------------------------------------------------------
imgreg_4dfp /opt/freesurfer/average/711-2C_as_mni_average_305 /opt/freesurfer/average/711-2B_as_mni_average_305_mask talsrcimg_g11 none talsrcimg_to_711-2C_as_mni_average_305_t4 4355
---------------------------------------------------------------------

freesurfer imgreg_4dfp.c
/opt/freesurfer/average/711-2C_as_mni_average_305.4dfp.img
       256       256       256         1
  1.000000  1.000000  1.000000
orientation T byte_order littleendian
Reading image: /opt/freesurfer/average/711-2C_as_mni_average_305.4dfp.img
dimensions:      256       256       256
mmppix:       1.0000   -1.0000   -1.0000
center:     128.0000 -129.0000 -129.0000
/opt/freesurfer/average/711-2B_as_mni_average_305_mask.4dfp.img
       256       256       256         1
  1.000000  1.000000  1.000000
orientation T byte_order littleendian
Reading mask: /opt/freesurfer/average/711-2B_as_mni_average_305_mask.4dfp.img (2306576 pixels)
talsrcimg_g11.4dfp.img
       256       256       256         1
  1.000000  1.000000  1.000000
orientation T byte_order littleendian
Reading image: talsrcimg_g11.4dfp.img
dimensions:      256       256       256
mmppix:       1.0000   -1.0000   -1.0000
center:     128.0000 -129.0000 -129.0000
rotation matrix determinant  1.000000
image alignment mode   4355 decimal     1103 hex
   -7.5000  -45.0000  -45.0000 2276.7571   16.8983
    0.0000  -45.0000  -45.0000 2271.8140   16.8867
    7.5000  -45.0000  -45.0000 2242.5601   17.2028
   -7.5000  -37.5000  -45.0000 2295.4834   16.4532
    0.0000  -37.5000  -45.0000 2289.3499   16.4475
    7.5000  -37.5000  -45.0000 2260.4319   16.7635
   -7.5000  -30.0000  -45.0000 2291.3630   16.3528
    0.0000  -30.0000  -45.0000 2287.2598   16.3165
    7.5000  -30.0000  -45.0000 2261.2983   16.6630
   -7.5000  -22.5000  -45.0000 2261.4441   16.5541
    0.0000  -22.5000  -45.0000 2261.8999   16.5443
    7.5000  -22.5000  -45.0000 2233.6206   16.8903
   -7.5000  -15.0000  -45.0000 2210.4912   17.0899
    0.0000  -15.0000  -45.0000 2214.9246   17.0538
    7.5000  -15.0000  -45.0000 2183.2363   17.4026
   -7.5000   -7.5000  -45.0000 2137.0334   18.0101
    0.0000   -7.5000  -45.0000 2138.7256   17.9775
    7.5000   -7.5000  -45.0000 2107.3853   18.3339
   -7.5000    0.0000  -45.0000 2042.0635   19.3989
    0.0000    0.0000  -45.0000 2046.7612   19.3549
    7.5000    0.0000  -45.0000 2016.6427   19.7665
   -7.5000    7.5000  -45.0000 1933.1317   21.4266
    0.0000    7.5000  -45.0000 1939.0065   21.3585
    7.5000    7.5000  -45.0000 1913.7367   21.8228
   -7.5000   15.0000  -45.0000 1820.7500   24.2891
    0.0000   15.0000  -45.0000 1827.5956   24.2423
    7.5000   15.0000  -45.0000 1796.8586   24.6960
   -7.5000   22.5000  -45.0000 1691.3461   28.1743
    0.0000   22.5000  -45.0000 1695.5709   28.0969
    7.5000   22.5000  -45.0000 1677.5022   28.6212
   -7.5000   30.0000  -45.0000 1550.1967   33.7155
    0.0000   30.0000  -45.0000 1554.6609   33.5558
    7.5000   30.0000  -45.0000 1539.2384   34.2466
   -7.5000   37.5000  -45.0000 1418.9662   41.9149
    0.0000   37.5000  -45.0000 1427.0935   41.7595
    7.5000   37.5000  -45.0000 1407.8705   42.7024
   -7.5000   45.0000  -45.0000 1274.4274   54.4004
    0.0000   45.0000  -45.0000 1282.7854   54.2718
    7.5000   45.0000  -45.0000 1270.5802   55.3963
   -7.5000  -45.0000  -37.5000 2366.6057   15.7193
    0.0000  -45.0000  -37.5000 2363.2217   15.7101
    7.5000  -45.0000  -37.5000 2329.2878   15.9708
   -7.5000  -37.5000  -37.5000 2391.5327   15.3532
    0.0000  -37.5000  -37.5000 2388.4238   15.3200
    7.5000  -37.5000  -37.5000 2354.3667   15.5869
   -7.5000  -30.0000  -37.5000 2390.8306   15.2340
    0.0000  -30.0000  -37.5000 2386.9158   15.1965
    7.5000  -30.0000  -37.5000 2353.9282   15.4858
   -7.5000  -22.5000  -37.5000 2361.1064   15.4002
    0.0000  -22.5000  -37.5000 2361.2891   15.3636
    7.5000  -22.5000  -37.5000 2328.2788   15.6903
   -7.5000  -15.0000  -37.5000 2303.7578   15.8731
    0.0000  -15.0000  -37.5000 2306.8542   15.8127
    7.5000  -15.0000  -37.5000 2272.4001   16.1538
   -7.5000   -7.5000  -37.5000 2220.7373   16.7207
    0.0000   -7.5000  -37.5000 2228.8860   16.6620
    7.5000   -7.5000  -37.5000 2196.2322   17.0194
   -7.5000    0.0000  -37.5000 2119.1492   17.9737
    0.0000    0.0000  -37.5000 2123.7058   17.9116
    7.5000    0.0000  -37.5000 2097.4739   18.3080
   -7.5000    7.5000  -37.5000 2005.9095   19.8375
    0.0000    7.5000  -37.5000 2008.2122   19.7167
    7.5000    7.5000  -37.5000 1988.2427   20.1541
   -7.5000   15.0000  -37.5000 1888.5402   22.4284
    0.0000   15.0000  -37.5000 1895.3937   22.3453
    7.5000   15.0000  -37.5000 1868.9758   22.8210
   -7.5000   22.5000  -37.5000 1755.9315   25.8746
    0.0000   22.5000  -37.5000 1757.1147   25.7825
    7.5000   22.5000  -37.5000 1740.4701   26.2983
   -7.5000   30.0000  -37.5000 1614.3491   30.9274
    0.0000   30.0000  -37.5000 1615.7349   30.7779
    7.5000   30.0000  -37.5000 1595.1306   31.2940
   -7.5000   37.5000  -37.5000 1466.3083   38.0295
    0.0000   37.5000  -37.5000 1472.0874   37.9491
    7.5000   37.5000  -37.5000 1461.4956   38.5991
   -7.5000   45.0000  -37.5000 1323.4911   48.8163
    0.0000   45.0000  -37.5000 1330.1287   48.7304
    7.5000   45.0000  -37.5000 1314.2538   49.5053
   -7.5000  -45.0000  -30.0000 2503.6782   15.1148
    0.0000  -45.0000  -30.0000 2499.7751   15.0892
    7.5000  -45.0000  -30.0000 2462.5720   15.2992
   -7.5000  -37.5000  -30.0000 2529.0391   14.7913
    0.0000  -37.5000  -30.0000 2530.8499   14.7533
    7.5000  -37.5000  -30.0000 2491.2129   14.9737
   -7.5000  -30.0000  -30.0000 2532.4607   14.6858
    0.0000  -30.0000  -30.0000 2536.3137   14.6434
    7.5000  -30.0000  -30.0000 2493.2378   14.9040
   -7.5000  -22.5000  -30.0000 2507.7346   14.8378
    0.0000  -22.5000  -30.0000 2510.4558   14.7876
    7.5000  -22.5000  -30.0000 2469.7881   15.0766
   -7.5000  -15.0000  -30.0000 2444.7498   15.2795
    0.0000  -15.0000  -30.0000 2451.1736   15.2387
    7.5000  -15.0000  -30.0000 2411.6201   15.5366
   -7.5000   -7.5000  -30.0000 2359.5474   16.0874
    0.0000   -7.5000  -30.0000 2370.8115   16.0320
    7.5000   -7.5000  -30.0000 2331.6072   16.3509
   -7.5000    0.0000  -30.0000 2247.4912   17.2499
    0.0000    0.0000  -30.0000 2255.0552   17.1831
    7.5000    0.0000  -30.0000 2221.9985   17.5447
   -7.5000    7.5000  -30.0000 2117.5801   18.9563
    0.0000    7.5000  -30.0000 2122.2876   18.8552
    7.5000    7.5000  -30.0000 2095.6670   19.2712
   -7.5000   15.0000  -30.0000 1987.7854   21.3831
    0.0000   15.0000  -30.0000 1998.9910   21.2911
    7.5000   15.0000  -30.0000 1971.5033   21.7578
   -7.5000   22.5000  -30.0000 1854.3035   24.5814
    0.0000   22.5000  -30.0000 1860.6675   24.4694
    7.5000   22.5000  -30.0000 1836.3999   24.9731
   -7.5000   30.0000  -30.0000 1705.9921   29.1623
    0.0000   30.0000  -30.0000 1709.3129   28.9798
    7.5000   30.0000  -30.0000 1686.8910   29.5361
   -7.5000   37.5000  -30.0000 1551.1760   35.7251
    0.0000   37.5000  -30.0000 1561.8481   35.5826
    7.5000   37.5000  -30.0000 1541.4912   36.2126
   -7.5000   45.0000  -30.0000 1397.3699   45.2550
    0.0000   45.0000  -30.0000 1404.8132   45.2325
    7.5000   45.0000  -30.0000 1386.9639   46.0104
   -7.5000  -45.0000  -22.5000 2616.4368   14.3290
    0.0000  -45.0000  -22.5000 2615.8779   14.3119
    7.5000  -45.0000  -22.5000 2576.9167   14.5424
   -7.5000  -37.5000  -22.5000 2646.3425   14.0820
    0.0000  -37.5000  -22.5000 2649.8176   14.0419
    7.5000  -37.5000  -22.5000 2608.8210   14.2772
   -7.5000  -30.0000  -22.5000 2652.5054   14.0400
    0.0000  -30.0000  -22.5000 2659.9446   13.9863
    7.5000  -30.0000  -22.5000 2611.7239   14.2124
   -7.5000  -22.5000  -22.5000 2629.1016   14.2123
    0.0000  -22.5000  -22.5000 2639.3264   14.1427
    7.5000  -22.5000  -22.5000 2590.5776   14.3975
   -7.5000  -15.0000  -22.5000 2567.4766   14.6370
    0.0000  -15.0000  -22.5000 2579.0034   14.5834
    7.5000  -15.0000  -22.5000 2531.6636   14.8232
   -7.5000   -7.5000  -22.5000 2472.7727   15.3921
    0.0000   -7.5000  -22.5000 2486.1138   15.3418
    7.5000   -7.5000  -22.5000 2441.7917   15.6176
   -7.5000    0.0000  -22.5000 2353.3354   16.4809
    0.0000    0.0000  -22.5000 2363.2031   16.4393
    7.5000    0.0000  -22.5000 2324.7485   16.7516
   -7.5000    7.5000  -22.5000 2214.3032   18.1180
    0.0000    7.5000  -22.5000 2223.3447   18.0086
    7.5000    7.5000  -22.5000 2190.9915   18.3693
   -7.5000   15.0000  -22.5000 2072.1753   20.3022
    0.0000   15.0000  -22.5000 2080.5652   20.1977
    7.5000   15.0000  -22.5000 2053.2288   20.6215
   -7.5000   22.5000  -22.5000 1925.9117   23.2773
    0.0000   22.5000  -22.5000 1933.3242   23.1501
    7.5000   22.5000  -22.5000 1907.2716   23.6212
   -7.5000   30.0000  -22.5000 1776.1794   27.5175
    0.0000   30.0000  -22.5000 1787.3177   27.3349
    7.5000   30.0000  -22.5000 1761.8619   27.8488
   -7.5000   37.5000  -22.5000 1617.8445   33.5153
    0.0000   37.5000  -22.5000 1625.6101   33.3315
    7.5000   37.5000  -22.5000 1605.5215   33.8787
   -7.5000   45.0000  -22.5000 1458.6981   42.0039
    0.0000   45.0000  -22.5000 1461.7053   41.8516
    7.5000   45.0000  -22.5000 1448.7122   42.5507
   -7.5000  -45.0000  -15.0000 2701.2195   13.6005
    0.0000  -45.0000  -15.0000 2703.2681   13.5916
    7.5000  -45.0000  -15.0000 2663.8550   13.8829
   -7.5000  -37.5000  -15.0000 2742.3831   13.4103
    0.0000  -37.5000  -15.0000 2750.6182   13.3668
    7.5000  -37.5000  -15.0000 2702.3684   13.6338
   -7.5000  -30.0000  -15.0000 2748.7192   13.4416
    0.0000  -30.0000  -15.0000 2765.7505   13.3554
    7.5000  -30.0000  -15.0000 2711.5979   13.6062
   -7.5000  -22.5000  -15.0000 2722.9988   13.6388
    0.0000  -22.5000  -15.0000 2739.3850   13.5460
    7.5000  -22.5000  -15.0000 2685.1279   13.8145
   -7.5000  -15.0000  -15.0000 2654.8796   14.0727
    0.0000  -15.0000  -15.0000 2672.5610   13.9982
    7.5000  -15.0000  -15.0000 2620.1147   14.2564
   -7.5000   -7.5000  -15.0000 2559.5591   14.7798
    0.0000   -7.5000  -15.0000 2572.7034   14.7184
    7.5000   -7.5000  -15.0000 2525.9292   15.0031
   -7.5000    0.0000  -15.0000 2430.7029   15.8376
    0.0000    0.0000  -15.0000 2436.9548   15.7827
    7.5000    0.0000  -15.0000 2400.9692   16.1049
   -7.5000    7.5000  -15.0000 2286.7419   17.3438
    0.0000    7.5000  -15.0000 2293.7942   17.2884
    7.5000    7.5000  -15.0000 2257.4463   17.6322
   -7.5000   15.0000  -15.0000 2128.1890   19.4226
    0.0000   15.0000  -15.0000 2128.6345   19.3291
    7.5000   15.0000  -15.0000 2105.5278   19.6967
   -7.5000   22.5000  -15.0000 1970.6549   22.2304
    0.0000   22.5000  -15.0000 1978.4290   22.0766
    7.5000   22.5000  -15.0000 1954.7701   22.5393
   -7.5000   30.0000  -15.0000 1814.0825   26.1214
    0.0000   30.0000  -15.0000 1827.0459   25.9408
    7.5000   30.0000  -15.0000 1802.0005   26.4752
   -7.5000   37.5000  -15.0000 1654.1278   31.6757
    0.0000   37.5000  -15.0000 1659.9528   31.4994
    7.5000   37.5000  -15.0000 1641.4274   31.9430
   -7.5000   45.0000  -15.0000 1497.4795   39.6200
    0.0000   45.0000  -15.0000 1498.0747   39.4797
    7.5000   45.0000  -15.0000 1480.4795   40.1369
   -7.5000  -45.0000   -7.5000 2773.5525   13.0246
    0.0000  -45.0000   -7.5000 2778.9539   12.9817
    7.5000  -45.0000   -7.5000 2727.3987   13.3867
   -7.5000  -37.5000   -7.5000 2825.4724   12.8598
    0.0000  -37.5000   -7.5000 2833.5867   12.7759
    7.5000  -37.5000   -7.5000 2777.9602   13.1377
   -7.5000  -30.0000   -7.5000 2830.9902   12.9344
    0.0000  -30.0000   -7.5000 2846.0000   12.8286
    7.5000  -30.0000   -7.5000 2789.8013   13.1407
   -7.5000  -22.5000   -7.5000 2797.7151   13.1742
    0.0000  -22.5000   -7.5000 2812.0745   13.0670
    7.5000  -22.5000   -7.5000 2760.3906   13.3688
   -7.5000  -15.0000   -7.5000 2717.0742   13.6125
    0.0000  -15.0000   -7.5000 2731.2546   13.5204
    7.5000  -15.0000   -7.5000 2687.1545   13.8135
   -7.5000   -7.5000   -7.5000 2610.8037   14.3064
    0.0000   -7.5000   -7.5000 2625.5403   14.2502
    7.5000   -7.5000   -7.5000 2579.7832   14.5213
   -7.5000    0.0000   -7.5000 2482.2678   15.3173
    0.0000    0.0000   -7.5000 2484.7229   15.2759
    7.5000    0.0000   -7.5000 2447.6479   15.5818
   -7.5000    7.5000   -7.5000 2331.7720   16.7745
    0.0000    7.5000   -7.5000 2334.5034   16.7314
    7.5000    7.5000   -7.5000 2296.9490   17.0563
   -7.5000   15.0000   -7.5000 2168.1868   18.7707
    0.0000   15.0000   -7.5000 2174.9241   18.7212
    7.5000   15.0000   -7.5000 2139.2729   19.0554
   -7.5000   22.5000   -7.5000 1998.0392   21.4079
    0.0000   22.5000   -7.5000 2005.4926   21.3492
    7.5000   22.5000   -7.5000 1979.8625   21.7399
   -7.5000   30.0000   -7.5000 1833.7422   25.0501
    0.0000   30.0000   -7.5000 1846.7985   24.9732
    7.5000   30.0000   -7.5000 1828.3279   25.3754
   -7.5000   37.5000   -7.5000 1671.1913   30.0881
    0.0000   37.5000   -7.5000 1674.6392   30.0056
    7.5000   37.5000   -7.5000 1662.9290   30.5005
   -7.5000   45.0000   -7.5000 1513.6133   37.5022
    0.0000   45.0000   -7.5000 1513.9021   37.2732
    7.5000   45.0000   -7.5000 1500.0579   37.9772
   -7.5000  -45.0000    0.0000 2814.8765   12.7381
    0.0000  -45.0000    0.0000 2822.3538   12.6669
    7.5000  -45.0000    0.0000 2764.6138   13.1403
   -7.5000  -37.5000    0.0000 2879.5400   12.4665
    0.0000  -37.5000    0.0000 2889.4021   12.3789
    7.5000  -37.5000    0.0000 2822.3350   12.8537
   -7.5000  -30.0000    0.0000 2877.5979   12.5610
    0.0000  -30.0000    0.0000 2898.9822   12.4585
    7.5000  -30.0000    0.0000 2836.0857   12.8589
   -7.5000  -22.5000    0.0000 2831.6135   12.8370
    0.0000  -22.5000    0.0000 2849.7080   12.7420
    7.5000  -22.5000    0.0000 2801.0703   13.0771
   -7.5000  -15.0000    0.0000 2751.8081   13.2839
    0.0000  -15.0000    0.0000 2767.3276   13.2397
    7.5000  -15.0000    0.0000 2727.3416   13.5288
   -7.5000   -7.5000    0.0000 2638.4099   13.9891
    0.0000   -7.5000    0.0000 2648.8667   13.9714
    7.5000   -7.5000    0.0000 2611.1553   14.2599
   -7.5000    0.0000    0.0000 2499.7473   14.9975
    0.0000    0.0000    0.0000 2501.1245   14.9711
    7.5000    0.0000    0.0000 2468.3406   15.2997
   -7.5000    7.5000    0.0000 2345.8479   16.3891
    0.0000    7.5000    0.0000 2353.4614   16.3685
    7.5000    7.5000    0.0000 2319.8816   16.7331
   -7.5000   15.0000    0.0000 2180.1970   18.3192
    0.0000   15.0000    0.0000 2190.4617   18.3165
    7.5000   15.0000    0.0000 2161.6235   18.7062
   -7.5000   22.5000    0.0000 2012.6091   20.8820
    0.0000   22.5000    0.0000 2021.7457   20.8560
    7.5000   22.5000    0.0000 1996.8846   21.2773
   -7.5000   30.0000    0.0000 1846.3556   24.3064
    0.0000   30.0000    0.0000 1854.2916   24.2701
    7.5000   30.0000    0.0000 1835.4852   24.6658
   -7.5000   37.5000    0.0000 1678.2697   29.0403
    0.0000   37.5000    0.0000 1686.3870   28.9456
    7.5000   37.5000    0.0000 1668.2352   29.4848
   -7.5000   45.0000    0.0000 1516.4899   35.8429
    0.0000   45.0000    0.0000 1518.7769   35.7420
    7.5000   45.0000    0.0000 1507.6514   36.3957
   -7.5000  -45.0000    7.5000 2815.8945   12.7598
    0.0000  -45.0000    7.5000 2829.8657   12.6804
    7.5000  -45.0000    7.5000 2776.5088   13.1133
   -7.5000  -37.5000    7.5000 2888.7402   12.3825
    0.0000  -37.5000    7.5000 2910.3728   12.3133
    7.5000  -37.5000    7.5000 2843.5784   12.7821
   -7.5000  -30.0000    7.5000 2894.0608   12.3870
    0.0000  -30.0000    7.5000 2914.2300   12.3186
    7.5000  -30.0000    7.5000 2853.0449   12.7463
   -7.5000  -22.5000    7.5000 2839.8767   12.6643
    0.0000  -22.5000    7.5000 2858.9197   12.6273
    7.5000  -22.5000    7.5000 2814.4731   12.9849
   -7.5000  -15.0000    7.5000 2759.9202   13.1434
    0.0000  -15.0000    7.5000 2775.3418   13.1259
    7.5000  -15.0000    7.5000 2736.6096   13.4498
   -7.5000   -7.5000    7.5000 2638.9238   13.8995
    0.0000   -7.5000    7.5000 2649.4421   13.8859
    7.5000   -7.5000    7.5000 2615.7566   14.2052
   -7.5000    0.0000    7.5000 2500.4734   14.9288
    0.0000    0.0000    7.5000 2503.2073   14.8918
    7.5000    0.0000    7.5000 2470.3103   15.2261
   -7.5000    7.5000    7.5000 2345.0085   16.2859
    0.0000    7.5000    7.5000 2351.8728   16.2414
    7.5000    7.5000    7.5000 2321.6875   16.5954
   -7.5000   15.0000    7.5000 2180.7139   18.1635
    0.0000   15.0000    7.5000 2189.6880   18.1008
    7.5000   15.0000    7.5000 2165.3005   18.4923
   -7.5000   22.5000    7.5000 2011.8995   20.6416
    0.0000   22.5000    7.5000 2021.3724   20.5586
    7.5000   22.5000    7.5000 2000.6539   20.9689
   -7.5000   30.0000    7.5000 1849.3774   24.0093
    0.0000   30.0000    7.5000 1853.6454   23.8437
    7.5000   30.0000    7.5000 1839.1287   24.2999
   -7.5000   37.5000    7.5000 1677.7379   28.5161
    0.0000   37.5000    7.5000 1682.6017   28.3621
    7.5000   37.5000    7.5000 1665.7349   28.9299
   -7.5000   45.0000    7.5000 1513.8762   35.0025
    0.0000   45.0000    7.5000 1518.0990   34.7836
    7.5000   45.0000    7.5000 1505.5039   35.6582
   -7.5000  -45.0000   15.0000 2783.1030   12.9297
    0.0000  -45.0000   15.0000 2806.8408   12.8423
    7.5000  -45.0000   15.0000 2758.2234   13.2313
   -7.5000  -37.5000   15.0000 2857.8320   12.6320
    0.0000  -37.5000   15.0000 2886.7646   12.5145
    7.5000  -37.5000   15.0000 2829.6619   12.9084
   -7.5000  -30.0000   15.0000 2866.6379   12.6287
    0.0000  -30.0000   15.0000 2898.5154   12.5544
    7.5000  -30.0000   15.0000 2843.3518   12.8870
   -7.5000  -22.5000   15.0000 2822.2725   12.8120
    0.0000  -22.5000   15.0000 2843.8752   12.7514
    7.5000  -22.5000   15.0000 2801.5295   13.0899
   -7.5000  -15.0000   15.0000 2741.3162   13.2077
    0.0000  -15.0000   15.0000 2758.0117   13.1631
    7.5000  -15.0000   15.0000 2722.0015   13.5051
   -7.5000   -7.5000   15.0000 2622.0645   13.9383
    0.0000   -7.5000   15.0000 2635.8091   13.9039
    7.5000   -7.5000   15.0000 2607.0415   14.2268
   -7.5000    0.0000   15.0000 2481.1680   14.9967
    0.0000    0.0000   15.0000 2485.8687   14.9327
    7.5000    0.0000   15.0000 2457.9399   15.2825
   -7.5000    7.5000   15.0000 2327.9219   16.3604
    0.0000    7.5000   15.0000 2333.6162   16.3079
    7.5000    7.5000   15.0000 2308.2305   16.6684
   -7.5000   15.0000   15.0000 2162.4517   18.2329
    0.0000   15.0000   15.0000 2170.4668   18.1305
    7.5000   15.0000   15.0000 2149.7905   18.5036
   -7.5000   22.5000   15.0000 1996.0045   20.6988
    0.0000   22.5000   15.0000 2004.9395   20.5614
    7.5000   22.5000   15.0000 1989.8781   20.9100
   -7.5000   30.0000   15.0000 1836.8157   23.9230
    0.0000   30.0000   15.0000 1840.4080   23.7632
    7.5000   30.0000   15.0000 1826.9767   24.1036
   -7.5000   37.5000   15.0000 1670.1937   28.2699
    0.0000   37.5000   15.0000 1675.8414   28.1610
    7.5000   37.5000   15.0000 1658.9033   28.7010
   -7.5000   45.0000   15.0000 1508.6534   34.5894
    0.0000   45.0000   15.0000 1506.7063   34.4193
    7.5000   45.0000   15.0000 1496.8894   35.2038
   -7.5000  -45.0000   22.5000 2737.3188   13.3475
    0.0000  -45.0000   22.5000 2764.0144   13.2176
    7.5000  -45.0000   22.5000 2719.6965   13.5959
   -7.5000  -37.5000   22.5000 2803.4741   13.0380
    0.0000  -37.5000   22.5000 2832.4680   12.9243
    7.5000  -37.5000   22.5000 2785.7275   13.2504
   -7.5000  -30.0000   22.5000 2814.3196   13.0199
    0.0000  -30.0000   22.5000 2843.8943   12.9360
    7.5000  -30.0000   22.5000 2801.5354   13.2189
   -7.5000  -22.5000   22.5000 2771.1060   13.2146
    0.0000  -22.5000   22.5000 2795.1038   13.1272
    7.5000  -22.5000   22.5000 2760.7729   13.4085
   -7.5000  -15.0000   22.5000 2690.6516   13.6109
    0.0000  -15.0000   22.5000 2709.9829   13.5577
    7.5000  -15.0000   22.5000 2676.8711   13.8288
   -7.5000   -7.5000   22.5000 2581.8979   14.2914
    0.0000   -7.5000   22.5000 2598.1633   14.2428
    7.5000   -7.5000   22.5000 2568.5117   14.5412
   -7.5000    0.0000   22.5000 2450.8579   15.3037
    0.0000    0.0000   22.5000 2458.2942   15.2637
    7.5000    0.0000   22.5000 2429.9229   15.5871
   -7.5000    7.5000   22.5000 2299.1045   16.6533
    0.0000    7.5000   22.5000 2304.0940   16.5916
    7.5000    7.5000   22.5000 2284.3357   16.9217
   -7.5000   15.0000   22.5000 2135.4741   18.4341
    0.0000   15.0000   22.5000 2144.3508   18.3315
    7.5000   15.0000   22.5000 2129.1489   18.6910
   -7.5000   22.5000   22.5000 1977.0414   20.7734
    0.0000   22.5000   22.5000 1978.6626   20.6591
    7.5000   22.5000   22.5000 1965.2477   21.0632
   -7.5000   30.0000   22.5000 1812.9387   23.9519
    0.0000   30.0000   22.5000 1819.9583   23.8015
    7.5000   30.0000   22.5000 1805.0018   24.2658
   -7.5000   37.5000   22.5000 1654.8029   28.4028
    0.0000   37.5000   22.5000 1657.4855   28.3069
    7.5000   37.5000   22.5000 1642.2799   28.7888
   -7.5000   45.0000   22.5000 1489.5323   34.6561
    0.0000   45.0000   22.5000 1490.7618   34.5088
    7.5000   45.0000   22.5000 1480.5051   35.2315
   -7.5000  -45.0000   30.0000 2668.2871   14.0379
    0.0000  -45.0000   30.0000 2698.9990   13.9398
    7.5000  -45.0000   30.0000 2658.2017   14.2413
   -7.5000  -37.5000   30.0000 2726.3914   13.7088
    0.0000  -37.5000   30.0000 2754.0261   13.6100
    7.5000  -37.5000   30.0000 2714.9897   13.8730
   -7.5000  -30.0000   30.0000 2735.5640   13.6464
    0.0000  -30.0000   30.0000 2763.8782   13.5724
    7.5000  -30.0000   30.0000 2727.2722   13.8049
   -7.5000  -22.5000   30.0000 2692.9609   13.8035
    0.0000  -22.5000   30.0000 2718.9758   13.7327
    7.5000  -22.5000   30.0000 2686.9629   13.9687
   -7.5000  -15.0000   30.0000 2617.7373   14.1936
    0.0000  -15.0000   30.0000 2639.2639   14.1260
    7.5000  -15.0000   30.0000 2609.5398   14.3755
   -7.5000   -7.5000   30.0000 2515.8726   14.8839
    0.0000   -7.5000   30.0000 2531.7019   14.8257
    7.5000   -7.5000   30.0000 2504.2451   15.0939
   -7.5000    0.0000   30.0000 2392.6963   15.8796
    0.0000    0.0000   30.0000 2401.8970   15.8452
    7.5000    0.0000   30.0000 2375.3916   16.1407
   -7.5000    7.5000   30.0000 2250.4333   17.1773
    0.0000    7.5000   30.0000 2254.5540   17.1181
    7.5000    7.5000   30.0000 2236.1753   17.4630
   -7.5000   15.0000   30.0000 2092.2920   18.9225
    0.0000   15.0000   30.0000 2103.6074   18.8500
    7.5000   15.0000   30.0000 2087.6479   19.2059
   -7.5000   22.5000   30.0000 1938.2056   21.2179
    0.0000   22.5000   30.0000 1947.1680   21.1214
    7.5000   22.5000   30.0000 1932.0177   21.5493
   -7.5000   30.0000   30.0000 1781.1566   24.3537
    0.0000   30.0000   30.0000 1783.6157   24.2641
    7.5000   30.0000   30.0000 1773.8010   24.7336
   -7.5000   37.5000   30.0000 1623.4392   28.9064
    0.0000   37.5000   30.0000 1627.1406   28.8425
    7.5000   37.5000   30.0000 1613.8171   29.3223
   -7.5000   45.0000   30.0000 1466.1050   35.3080
    0.0000   45.0000   30.0000 1468.4958   35.2312
    7.5000   45.0000   30.0000 1457.1646   35.8156
   -7.5000  -45.0000   37.5000 2590.7891   14.9718
    0.0000  -45.0000   37.5000 2620.0044   14.8958
    7.5000  -45.0000   37.5000 2586.3586   15.1845
   -7.5000  -37.5000   37.5000 2639.5408   14.5954
    0.0000  -37.5000   37.5000 2666.4785   14.5216
    7.5000  -37.5000   37.5000 2633.6338   14.7728
   -7.5000  -30.0000   37.5000 2639.1357   14.4896
    0.0000  -30.0000   37.5000 2666.6362   14.4227
    7.5000  -30.0000   37.5000 2639.1716   14.6661
   -7.5000  -22.5000   37.5000 2603.8892   14.6332
    0.0000  -22.5000   37.5000 2625.5576   14.5597
    7.5000  -22.5000   37.5000 2602.8352   14.7932
   -7.5000  -15.0000   37.5000 2532.7559   15.0184
    0.0000  -15.0000   37.5000 2551.3875   14.9511
    7.5000  -15.0000   37.5000 2530.5986   15.1880
   -7.5000   -7.5000   37.5000 2440.7683   15.6954
    0.0000   -7.5000   37.5000 2453.7351   15.6554
    7.5000   -7.5000   37.5000 2433.6650   15.9141
   -7.5000    0.0000   37.5000 2327.6868   16.6806
    0.0000    0.0000   37.5000 2331.4602   16.6598
    7.5000    0.0000   37.5000 2315.3821   16.9309
   -7.5000    7.5000   37.5000 2192.0640   18.0041
    0.0000    7.5000   37.5000 2197.3013   17.9509
    7.5000    7.5000   37.5000 2181.9473   18.2831
   -7.5000   15.0000   37.5000 2043.3845   19.7598
    0.0000   15.0000   37.5000 2051.0535   19.7319
    7.5000   15.0000   37.5000 2037.1450   20.0894
   -7.5000   22.5000   37.5000 1891.2676   22.0937
    0.0000   22.5000   37.5000 1900.8920   22.0242
    7.5000   22.5000   37.5000 1888.6022   22.4512
   -7.5000   30.0000   37.5000 1739.7986   25.3417
    0.0000   30.0000   37.5000 1746.7150   25.2829
    7.5000   30.0000   37.5000 1742.1309   25.7618
   -7.5000   37.5000   37.5000 1587.8298   30.0229
    0.0000   37.5000   37.5000 1590.2611   29.8579
    7.5000   37.5000   37.5000 1581.6747   30.3101
   -7.5000   45.0000   37.5000 1438.1090   36.5593
    0.0000   45.0000   37.5000 1443.7452   36.3181
    7.5000   45.0000   37.5000 1428.0574   36.8496
   -7.5000  -45.0000   45.0000 2502.9556   16.1282
    0.0000  -45.0000   45.0000 2527.4568   16.0664
    7.5000  -45.0000   45.0000 2500.6426   16.3432
   -7.5000  -37.5000   45.0000 2546.3062   15.7035
    0.0000  -37.5000   45.0000 2567.2568   15.6209
    7.5000  -37.5000   45.0000 2538.1726   15.8686
   -7.5000  -30.0000   45.0000 2540.8000   15.5575
    0.0000  -30.0000   45.0000 2559.0667   15.4745
    7.5000  -30.0000   45.0000 2537.9304   15.7118
   -7.5000  -22.5000   45.0000 2508.6553   15.6724
    0.0000  -22.5000   45.0000 2521.2446   15.5997
    7.5000  -22.5000   45.0000 2500.2896   15.8439
   -7.5000  -15.0000   45.0000 2441.7957   16.0543
    0.0000  -15.0000   45.0000 2454.8748   15.9910
    7.5000  -15.0000   45.0000 2435.5388   16.2549
   -7.5000   -7.5000   45.0000 2356.4155   16.7022
    0.0000   -7.5000   45.0000 2362.5767   16.6429
    7.5000   -7.5000   45.0000 2346.3152   16.9437
   -7.5000    0.0000   45.0000 2245.0652   17.7037
    0.0000    0.0000   45.0000 2254.2400   17.6657
    7.5000    0.0000   45.0000 2242.1208   17.9499
   -7.5000    7.5000   45.0000 2121.9258   19.0441
    0.0000    7.5000   45.0000 2127.5732   19.0013
    7.5000    7.5000   45.0000 2115.2156   19.3362
   -7.5000   15.0000   45.0000 1984.1866   20.8969
    0.0000   15.0000   45.0000 1991.9591   20.8712
    7.5000   15.0000   45.0000 1978.1721   21.2280
   -7.5000   22.5000   45.0000 1843.2166   23.3481
    0.0000   22.5000   45.0000 1853.7371   23.3067
    7.5000   22.5000   45.0000 1837.5071   23.7066
   -7.5000   30.0000   45.0000 1699.1428   26.7018
    0.0000   30.0000   45.0000 1701.1204   26.6328
    7.5000   30.0000   45.0000 1692.2963   27.0674
   -7.5000   37.5000   45.0000 1550.0028   31.4517
    0.0000   37.5000   45.0000 1548.9103   31.3003
    7.5000   37.5000   45.0000 1541.2208   31.7355
   -7.5000   45.0000   45.0000 1402.3188   38.2776
    0.0000   45.0000   45.0000 1399.9310   38.0961
    7.5000   45.0000   45.0000 1393.7914   38.5989

---------------------------------------------------------------------
imgreg_4dfp /opt/freesurfer/average/711-2C_as_mni_average_305 /opt/freesurfer/average/711-2B_as_mni_average_305_mask talsrcimg_g11 none talsrcimg_to_711-2C_as_mni_average_305_t4 1283
---------------------------------------------------------------------

freesurfer imgreg_4dfp.c
/opt/freesurfer/average/711-2C_as_mni_average_305.4dfp.img
       256       256       256         1
  1.000000  1.000000  1.000000
orientation T byte_order littleendian
Reading image: /opt/freesurfer/average/711-2C_as_mni_average_305.4dfp.img
dimensions:      256       256       256
mmppix:       1.0000   -1.0000   -1.0000
center:     128.0000 -129.0000 -129.0000
/opt/freesurfer/average/711-2B_as_mni_average_305_mask.4dfp.img
       256       256       256         1
  1.000000  1.000000  1.000000
orientation T byte_order littleendian
Reading mask: /opt/freesurfer/average/711-2B_as_mni_average_305_mask.4dfp.img (2306576 pixels)
talsrcimg_g11.4dfp.img
       256       256       256         1
  1.000000  1.000000  1.000000
orientation T byte_order littleendian
Reading image: talsrcimg_g11.4dfp.img
dimensions:      256       256       256
mmppix:       1.0000   -1.0000   -1.0000
center:     128.0000 -129.0000 -129.0000
rotation matrix determinant  1.000000
fimgreg.f
image alignment mode   1283 decimal      503 hex
parameters
    0.0000  -30.0000    7.5000    0.0000    0.0000    0.0000
eta,q 0.91538 12.27773
niter,ni,del,rscale     5    3   12.0000    1.2000
parameter  2  0.744970 ->  0.500000 qaram    1.1500
parameter  4  1.036301 ->  0.500000 qaram    1.1500
parameter  5  1.754596 ->  0.500000 qaram    1.1500
parameters
   -1.0766  -33.4500    8.1290   -3.4500   -3.4500   -1.5412
eta,q 0.92091 12.09320
  0.0904  0.0834  0.0845  0.0794  0.0779  0.0807
  0.0880  0.0820  0.0841  0.0800  0.0789  0.0795
  0.0864  0.0828  0.0836  0.0804  0.0800  0.0791
  0.0860  0.0859  0.0817  0.0815  0.0801  0.0793
  0.0870  0.0898  0.0813  0.0834  0.0805  0.0800
  0.0905  0.0941  0.0824  0.0854  0.0822  0.0815
  0.0975  0.0995  0.0847  0.0880  0.0840  0.0838
niter,ni,del,rscale     7    3   12.0000    1.2000
parameter  4  0.919483 ->  0.500000 qaram    1.3225
parameters
   -0.2891  -32.7851    7.7069   -7.4175   -5.5921   -1.0712
eta,q 0.92418 12.10198
  0.0883  0.0930  0.0812  0.0762  0.0781  0.0796
  0.0848  0.0844  0.0798  0.0767  0.0760  0.0779
  0.0815  0.0797  0.0794  0.0775  0.0759  0.0768
  0.0791  0.0786  0.0786  0.0788  0.0768  0.0759
  0.0783  0.0789  0.0783  0.0794  0.0780  0.0759
  0.0796  0.0822  0.0805  0.0813  0.0790  0.0770
  0.0861  0.0875  0.0826  0.0851  0.0816  0.0789
niter,ni,del,rscale     7    3   12.0000    1.2000
parameter  4  0.619371 ->  0.500000 qaram    1.5209
parameters
   -0.1161  -31.6000    6.9639  -11.9801   -4.8923   -1.9927
eta,q 0.92618 12.17490
  0.0869  0.0910  0.0793  0.0747  0.0806  0.0768
  0.0813  0.0836  0.0761  0.0739  0.0776  0.0748
  0.0773  0.0791  0.0754  0.0743  0.0753  0.0739
  0.0758  0.0758  0.0749  0.0750  0.0740  0.0740
  0.0764  0.0750  0.0759  0.0771  0.0747  0.0750
  0.0792  0.0777  0.0789  0.0793  0.0763  0.0766
  0.0866  0.0839  0.0815  0.0817  0.0784  0.0788
niter,ni,del,rscale     7    3   12.0000    1.2000
parameters
   -0.5437  -30.1498    6.3318  -14.0919   -4.6423   -1.7891
eta,q 0.92713 12.22440
  0.0832  0.0917  0.0766  0.0763  0.0794  0.0772
  0.0784  0.0829  0.0750  0.0741  0.0759  0.0747
  0.0749  0.0766  0.0735  0.0729  0.0737  0.0731
  0.0738  0.0738  0.0735  0.0734  0.0728  0.0728
  0.0752  0.0739  0.0737  0.0748  0.0743  0.0736
  0.0795  0.0768  0.0754  0.0774  0.0762  0.0746
  0.0874  0.0806  0.0794  0.0818  0.0778  0.0763
niter,ni,del,rscale     6    3   12.0000    1.2000
parameters
   -0.7443  -29.2192    5.9034  -15.4812   -4.5570   -2.0572
eta,q 0.92739 12.20980
  0.0825  0.0879  0.0762  0.0771  0.0781  0.0758
  0.0781  0.0796  0.0746  0.0736  0.0751  0.0736
  0.0745  0.0744  0.0731  0.0728  0.0736  0.0726
  0.0729  0.0729  0.0733  0.0730  0.0727  0.0727
  0.0741  0.0745  0.0737  0.0743  0.0738  0.0733
  0.0780  0.0773  0.0742  0.0762  0.0756  0.0743
  0.0849  0.0802  0.0779  0.0803  0.0773  0.0760
niter,ni,del,rscale     5    3   12.0000    1.2000
parameters
   -0.8661  -28.6210    5.5250  -16.1735   -4.5050   -2.1832
eta,q 0.92772 12.18156
  0.0816  0.0859  0.0760  0.0787  0.0769  0.0757
  0.0774  0.0780  0.0739  0.0736  0.0745  0.0733
  0.0741  0.0738  0.0728  0.0725  0.0732  0.0722
  0.0726  0.0726  0.0727  0.0725  0.0723  0.0723
  0.0738  0.0742  0.0735  0.0745  0.0729  0.0730
  0.0771  0.0770  0.0740  0.0761  0.0747  0.0739
  0.0831  0.0807  0.0772  0.0794  0.0767  0.0754
niter,ni,del,rscale     4    3   12.0000    1.2000
parameters
   -0.9779  -28.4386    5.4670  -16.3216   -4.3984   -2.2185
eta,q 0.92779 12.17681
  0.0809  0.0843  0.0765  0.0799  0.0766  0.0757
  0.0767  0.0769  0.0737  0.0743  0.0743  0.0733
  0.0738  0.0735  0.0727  0.0725  0.0732  0.0722
  0.0723  0.0723  0.0723  0.0723  0.0722  0.0722
  0.0734  0.0742  0.0732  0.0744  0.0727  0.0730
  0.0765  0.0772  0.0738  0.0760  0.0743  0.0738
  0.0822  0.0821  0.0765  0.0788  0.0764  0.0753
niter,ni,del,rscale     3    3   12.0000    1.2000
parameters
   -1.0603  -28.3818    5.4877  -16.3751   -4.2989   -2.2351
eta,q 0.92782 12.17691
  0.0808  0.0838  0.0767  0.0802  0.0765  0.0758
  0.0765  0.0767  0.0737  0.0745  0.0743  0.0734
  0.0736  0.0734  0.0726  0.0725  0.0732  0.0722
  0.0722  0.0722  0.0722  0.0722  0.0722  0.0722
  0.0733  0.0742  0.0731  0.0744  0.0726  0.0730
  0.0763  0.0773  0.0737  0.0761  0.0742  0.0738
  0.0818  0.0826  0.0764  0.0788  0.0764  0.0752
niter,ni,del,rscale     2    3   12.0000    1.2000
parameters
   -1.1149  -28.3391    5.5073  -16.4275   -4.2308   -2.2481
eta,q 0.92784 12.17722
  0.0809  0.0837  0.0767  0.0803  0.0764  0.0758
  0.0764  0.0767  0.0737  0.0746  0.0743  0.0734
  0.0736  0.0734  0.0726  0.0725  0.0732  0.0722
  0.0722  0.0722  0.0722  0.0722  0.0722  0.0722
  0.0733  0.0741  0.0731  0.0744  0.0726  0.0730
  0.0762  0.0773  0.0737  0.0761  0.0742  0.0738
  0.0816  0.0828  0.0764  0.0788  0.0764  0.0752
registration optimization eta report
parameter search radius
    6.0000    6.9000    6.0000    9.1253    6.9000    6.0000
100000*second partial in parameter space
       25.       23.       12.        9.        9.        9.
  0.0809  0.0837  0.0767  0.0803  0.0764  0.0758
  0.0764  0.0767  0.0737  0.0746  0.0743  0.0734
  0.0736  0.0734  0.0726  0.0725  0.0732  0.0722
  0.0722  0.0722  0.0722  0.0722  0.0722  0.0722
  0.0733  0.0741  0.0731  0.0744  0.0726  0.0730
  0.0762  0.0773  0.0737  0.0761  0.0742  0.0738
  0.0816  0.0828  0.0764  0.0788  0.0764  0.0752
   -1.1149  -28.3391    5.5073  -16.4275   -4.2308   -2.2481
eta,q 0.92784 12.17722

---------------------------------------------------------------------
imgreg_4dfp /opt/freesurfer/average/711-2C_as_mni_average_305 /opt/freesurfer/average/711-2B_as_mni_average_305_mask talsrcimg_g11 none talsrcimg_to_711-2C_as_mni_average_305_t4 3335
---------------------------------------------------------------------

freesurfer imgreg_4dfp.c
/opt/freesurfer/average/711-2C_as_mni_average_305.4dfp.img
       256       256       256         1
  1.000000  1.000000  1.000000
orientation T byte_order littleendian
Reading image: /opt/freesurfer/average/711-2C_as_mni_average_305.4dfp.img
dimensions:      256       256       256
mmppix:       1.0000   -1.0000   -1.0000
center:     128.0000 -129.0000 -129.0000
/opt/freesurfer/average/711-2B_as_mni_average_305_mask.4dfp.img
       256       256       256         1
  1.000000  1.000000  1.000000
orientation T byte_order littleendian
Reading mask: /opt/freesurfer/average/711-2B_as_mni_average_305_mask.4dfp.img (2306576 pixels)
talsrcimg_g11.4dfp.img
       256       256       256         1
  1.000000  1.000000  1.000000
orientation T byte_order littleendian
Reading image: talsrcimg_g11.4dfp.img
dimensions:      256       256       256
mmppix:       1.0000   -1.0000   -1.0000
center:     128.0000 -129.0000 -129.0000
fimgreg.f
image alignment mode   3335 decimal      D07 hex
parameters
   -1.1149  -28.3391    5.5073   -0.3493   -4.0742   -4.3436
    1.6777    8.1802   -3.9119   27.9808   -7.3775  -28.2031
eta,q 0.93051 12.18303
niter,ni,del,rscale     5    3    5.0000    1.2000
parameter  4  3.892972 ->  0.500000 qaram    1.1500
parameter  5  4.019722 ->  0.500000 qaram    1.1500
parameter  6  1.403723 ->  0.500000 qaram    1.1500
parameter 10  1.038351 ->  0.500000 qaram    1.1500
parameters
   -1.2660  -28.0757    5.7506   -4.4893   -8.2142   -8.4836
    0.4743    7.6336   -1.7523   23.8408   -4.1099  -30.6257
eta,q 0.95136 11.23960
  0.0714  0.0715  0.0708  0.0586  0.0526  0.0503  0.0538  0.0558  0.0553  0.0482  0.0511  0.0491
  0.0702  0.0705  0.0701  0.0614  0.0555  0.0516  0.0527  0.0537  0.0538  0.0487  0.0501  0.0488
  0.0696  0.0698  0.0696  0.0653  0.0587  0.0535  0.0521  0.0523  0.0526  0.0499  0.0494  0.0486
  0.0695  0.0695  0.0694  0.0694  0.0624  0.0563  0.0520  0.0520  0.0519  0.0517  0.0490  0.0487
  0.0699  0.0695  0.0695  0.0738  0.0664  0.0602  0.0526  0.0528  0.0517  0.0542  0.0488  0.0491
  0.0706  0.0700  0.0698  0.0785  0.0706  0.0647  0.0539  0.0546  0.0520  0.0576  0.0488  0.0498
  0.0718  0.0708  0.0703  0.0834  0.0750  0.0693  0.0556  0.0570  0.0528  0.0615  0.0491  0.0507
niter,ni,del,rscale     7    3    5.0000    1.2000
parameter  4  1.054264 ->  0.500000 qaram    1.3225
parameter  5  1.900010 ->  0.500000 qaram    1.3225
parameter  6  0.659688 ->  0.500000 qaram    1.3225
parameters
   -1.0794  -27.6950    4.7679   -9.2503  -12.9752  -13.2446
    0.0606    7.2996   -1.8248   20.6923   -6.3623  -33.1359
eta,q 0.96341 10.54904
  0.0523  0.0517  0.0488  0.0436  0.0370  0.0375  0.0395  0.0408  0.0396  0.0383  0.0372  0.0372
  0.0504  0.0501  0.0485  0.0439  0.0386  0.0374  0.0383  0.0389  0.0384  0.0372  0.0369  0.0368
  0.0492  0.0491  0.0484  0.0454  0.0410  0.0378  0.0376  0.0378  0.0377  0.0369  0.0368  0.0366
  0.0486  0.0486  0.0486  0.0484  0.0442  0.0392  0.0374  0.0374  0.0374  0.0374  0.0369  0.0368
  0.0489  0.0487  0.0491  0.0526  0.0479  0.0416  0.0377  0.0379  0.0377  0.0388  0.0372  0.0373
  0.0498  0.0492  0.0500  0.0573  0.0520  0.0455  0.0387  0.0393  0.0385  0.0412  0.0377  0.0380
  0.0513  0.0502  0.0513  0.0626  0.0567  0.0505  0.0401  0.0416  0.0397  0.0445  0.0383  0.0387
niter,ni,del,rscale     7    3    5.0000    1.2000
parameter  5  0.804979 ->  0.500000 qaram    1.5209
parameters
   -0.7967  -26.8634    4.7319  -13.3762  -18.4503  -15.1291
   -0.1902    7.7835   -1.9249   21.2492   -9.8268  -36.2749
eta,q 0.96729 10.09491
  0.0406  0.0409  0.0377  0.0368  0.0332  0.0354  0.0351  0.0371  0.0348  0.0370  0.0332  0.0332
  0.0385  0.0389  0.0369  0.0359  0.0331  0.0341  0.0341  0.0352  0.0339  0.0350  0.0330  0.0328
  0.0372  0.0374  0.0364  0.0356  0.0339  0.0333  0.0334  0.0338  0.0333  0.0338  0.0330  0.0327
  0.0366  0.0365  0.0362  0.0362  0.0356  0.0332  0.0332  0.0332  0.0332  0.0332  0.0331  0.0330
  0.0367  0.0362  0.0364  0.0382  0.0386  0.0340  0.0335  0.0335  0.0334  0.0333  0.0334  0.0335
  0.0375  0.0365  0.0370  0.0421  0.0424  0.0358  0.0343  0.0345  0.0340  0.0344  0.0337  0.0342
  0.0391  0.0373  0.0378  0.0470  0.0467  0.0390  0.0355  0.0362  0.0349  0.0362  0.0341  0.0349
niter,ni,del,rscale     7    3    5.0000    1.2000
parameters
   -0.4196  -26.2575    4.4585  -13.8051  -22.0566  -15.0869
   -0.7930    8.2398   -1.8417   22.3353  -10.1852  -38.0708
eta,q 0.96802  9.94423
  0.0368  0.0363  0.0336  0.0359  0.0342  0.0361  0.0339  0.0363  0.0336  0.0362  0.0327  0.0327
  0.0348  0.0345  0.0329  0.0343  0.0329  0.0342  0.0329  0.0342  0.0328  0.0342  0.0323  0.0322
  0.0334  0.0333  0.0325  0.0331  0.0322  0.0329  0.0323  0.0328  0.0323  0.0328  0.0321  0.0320
  0.0327  0.0326  0.0325  0.0325  0.0325  0.0322  0.0322  0.0321  0.0321  0.0321  0.0321  0.0321
  0.0327  0.0326  0.0328  0.0327  0.0341  0.0324  0.0325  0.0324  0.0323  0.0322  0.0322  0.0324
  0.0335  0.0330  0.0334  0.0341  0.0371  0.0338  0.0333  0.0336  0.0328  0.0330  0.0325  0.0330
  0.0349  0.0338  0.0342  0.0373  0.0412  0.0364  0.0345  0.0353  0.0335  0.0346  0.0328  0.0337
niter,ni,del,rscale     6    3    5.0000    1.2000
parameters
   -0.3440  -25.6389    4.3389  -13.3400  -23.7561  -15.3432
   -1.0974    8.3099   -1.7088   23.2433  -10.2188  -38.9818
eta,q 0.96825  9.89420
  0.0352  0.0351  0.0331  0.0357  0.0346  0.0355  0.0337  0.0356  0.0332  0.0355  0.0325  0.0327
  0.0335  0.0336  0.0324  0.0339  0.0331  0.0337  0.0327  0.0336  0.0324  0.0337  0.0321  0.0321
  0.0324  0.0325  0.0320  0.0326  0.0321  0.0325  0.0320  0.0323  0.0320  0.0324  0.0318  0.0318
  0.0320  0.0320  0.0319  0.0319  0.0318  0.0318  0.0318  0.0318  0.0318  0.0318  0.0318  0.0318
  0.0323  0.0319  0.0321  0.0318  0.0326  0.0322  0.0321  0.0323  0.0320  0.0319  0.0319  0.0321
  0.0332  0.0322  0.0326  0.0328  0.0345  0.0336  0.0329  0.0336  0.0324  0.0327  0.0321  0.0325
  0.0348  0.0330  0.0333  0.0355  0.0377  0.0364  0.0340  0.0354  0.0331  0.0342  0.0325  0.0331
niter,ni,del,rscale     5    3    5.0000    1.2000
parameters
   -0.3193  -25.2270    4.1312  -13.1675  -24.7752  -15.6620
   -1.2988    8.2862   -1.5116   23.9179  -10.2677  -39.4991
eta,q 0.96831  9.85821
  0.0348  0.0343  0.0328  0.0353  0.0348  0.0353  0.0336  0.0354  0.0330  0.0350  0.0324  0.0327
  0.0331  0.0330  0.0321  0.0337  0.0332  0.0336  0.0326  0.0334  0.0323  0.0334  0.0320  0.0321
  0.0321  0.0322  0.0317  0.0324  0.0321  0.0323  0.0319  0.0322  0.0319  0.0322  0.0317  0.0317
  0.0318  0.0318  0.0317  0.0317  0.0317  0.0317  0.0317  0.0317  0.0317  0.0317  0.0317  0.0317
  0.0321  0.0318  0.0319  0.0317  0.0322  0.0321  0.0320  0.0323  0.0319  0.0319  0.0318  0.0320
  0.0331  0.0322  0.0324  0.0328  0.0339  0.0335  0.0327  0.0335  0.0322  0.0327  0.0321  0.0324
  0.0347  0.0330  0.0332  0.0357  0.0366  0.0363  0.0338  0.0353  0.0329  0.0341  0.0324  0.0329
niter,ni,del,rscale     4    3    5.0000    1.2000
parameters
   -0.3185  -24.9356    3.9469  -13.0719  -25.5388  -15.9686
   -1.4021    8.2252   -1.3113   24.4210  -10.3218  -39.7995
eta,q 0.96833  9.82706
  0.0346  0.0340  0.0328  0.0352  0.0347  0.0352  0.0336  0.0353  0.0329  0.0347  0.0324  0.0327
  0.0330  0.0328  0.0321  0.0336  0.0333  0.0335  0.0326  0.0334  0.0323  0.0332  0.0320  0.0321
  0.0320  0.0320  0.0317  0.0324  0.0321  0.0323  0.0319  0.0321  0.0319  0.0322  0.0317  0.0317
  0.0317  0.0317  0.0317  0.0317  0.0316  0.0317  0.0317  0.0317  0.0317  0.0317  0.0317  0.0317
  0.0320  0.0318  0.0319  0.0316  0.0321  0.0320  0.0319  0.0322  0.0318  0.0319  0.0318  0.0319
  0.0330  0.0322  0.0324  0.0328  0.0336  0.0334  0.0326  0.0335  0.0322  0.0327  0.0321  0.0323
  0.0346  0.0330  0.0331  0.0357  0.0362  0.0362  0.0337  0.0353  0.0328  0.0341  0.0324  0.0328
niter,ni,del,rscale     3    3    5.0000    1.2000
parameters
   -0.3305  -24.6820    3.7743  -13.0167  -26.2441  -16.2757
   -1.4405    8.1444   -1.1527   24.8512  -10.3881  -39.9422
eta,q 0.96831  9.79437
  0.0345  0.0338  0.0328  0.0352  0.0347  0.0352  0.0336  0.0352  0.0328  0.0346  0.0324  0.0327
  0.0330  0.0327  0.0321  0.0336  0.0332  0.0335  0.0326  0.0333  0.0322  0.0331  0.0320  0.0321
  0.0320  0.0320  0.0317  0.0324  0.0321  0.0323  0.0319  0.0321  0.0318  0.0322  0.0317  0.0318
  0.0317  0.0317  0.0317  0.0316  0.0316  0.0317  0.0317  0.0317  0.0317  0.0317  0.0317  0.0317
  0.0320  0.0318  0.0319  0.0316  0.0320  0.0320  0.0319  0.0322  0.0318  0.0319  0.0319  0.0319
  0.0330  0.0323  0.0324  0.0328  0.0335  0.0334  0.0326  0.0335  0.0322  0.0327  0.0321  0.0323
  0.0346  0.0330  0.0331  0.0358  0.0359  0.0361  0.0336  0.0353  0.0327  0.0341  0.0324  0.0327
niter,ni,del,rscale     2    3    5.0000    1.2000
parameters
   -0.3504  -24.4216    3.5929  -12.9709  -26.9910  -16.6169
   -1.4185    8.0592   -1.0469   25.2923  -10.4848  -40.0100
eta,q 0.96830  9.75707
  0.0345  0.0338  0.0328  0.0351  0.0345  0.0350  0.0336  0.0352  0.0328  0.0345  0.0324  0.0327
  0.0329  0.0326  0.0321  0.0336  0.0331  0.0335  0.0326  0.0333  0.0322  0.0331  0.0320  0.0321
  0.0320  0.0320  0.0317  0.0324  0.0321  0.0323  0.0320  0.0321  0.0319  0.0322  0.0317  0.0318
  0.0317  0.0317  0.0317  0.0317  0.0317  0.0317  0.0317  0.0317  0.0317  0.0317  0.0317  0.0317
  0.0320  0.0318  0.0319  0.0316  0.0320  0.0320  0.0319  0.0322  0.0318  0.0319  0.0319  0.0319
  0.0330  0.0322  0.0324  0.0328  0.0335  0.0334  0.0326  0.0335  0.0322  0.0326  0.0321  0.0323
  0.0346  0.0330  0.0331  0.0358  0.0358  0.0360  0.0336  0.0353  0.0327  0.0340  0.0324  0.0326
niter,ni,del,rscale     1    3    5.0000    1.2000
parameters
   -0.3770  -24.1220    3.3678  -12.9310  -27.8793  -17.0586
   -1.3510    7.9577   -0.9760   25.8000  -10.5066  -39.9959
eta,q 0.96829  9.70936
  0.0344  0.0338  0.0327  0.0351  0.0343  0.0349  0.0335  0.0351  0.0328  0.0344  0.0324  0.0327
  0.0329  0.0327  0.0321  0.0336  0.0330  0.0334  0.0326  0.0333  0.0322  0.0331  0.0320  0.0321
  0.0320  0.0320  0.0317  0.0324  0.0321  0.0323  0.0320  0.0321  0.0319  0.0322  0.0317  0.0318
  0.0317  0.0317  0.0317  0.0317  0.0317  0.0317  0.0317  0.0317  0.0317  0.0317  0.0317  0.0317
  0.0320  0.0318  0.0319  0.0316  0.0320  0.0320  0.0319  0.0323  0.0318  0.0318  0.0319  0.0319
  0.0330  0.0322  0.0324  0.0328  0.0334  0.0334  0.0325  0.0335  0.0322  0.0326  0.0321  0.0322
  0.0345  0.0329  0.0331  0.0357  0.0357  0.0360  0.0335  0.0352  0.0327  0.0340  0.0324  0.0325
registration optimization eta report
parameter search radius
    2.4000    2.4000    2.4000    9.5220   10.9503    9.5220
    7.2000    7.2000    7.2000    8.2800    7.2000    7.2000
100000*second partial in parameter space
       48.       28.       21.        4.        3.        4.
        3.        7.        2.        4.        1.        2.
  0.0344  0.0338  0.0327  0.0351  0.0343  0.0349  0.0335  0.0351  0.0328  0.0344  0.0324  0.0327
  0.0329  0.0327  0.0321  0.0336  0.0330  0.0334  0.0326  0.0333  0.0322  0.0331  0.0320  0.0321
  0.0320  0.0320  0.0317  0.0324  0.0321  0.0323  0.0320  0.0321  0.0319  0.0322  0.0317  0.0318
  0.0317  0.0317  0.0317  0.0317  0.0317  0.0317  0.0317  0.0317  0.0317  0.0317  0.0317  0.0317
  0.0320  0.0318  0.0319  0.0316  0.0320  0.0320  0.0319  0.0323  0.0318  0.0318  0.0319  0.0319
  0.0330  0.0322  0.0324  0.0328  0.0334  0.0334  0.0325  0.0335  0.0322  0.0326  0.0321  0.0322
  0.0345  0.0329  0.0331  0.0357  0.0357  0.0360  0.0335  0.0352  0.0327  0.0340  0.0324  0.0325
   -0.3770  -24.1220    3.3678  -12.9310  -27.8793  -17.0586
   -1.3510    7.9577   -0.9760   25.8000  -10.5066  -39.9959
eta,q 0.96829  9.70936

---------------------------------------------------------------------
imgreg_4dfp /opt/freesurfer/average/711-2C_as_mni_average_305 /opt/freesurfer/average/711-2B_as_mni_average_305_mask talsrcimg_g11 none talsrcimg_to_711-2C_as_mni_average_305_t4 2311
---------------------------------------------------------------------

freesurfer imgreg_4dfp.c
/opt/freesurfer/average/711-2C_as_mni_average_305.4dfp.img
       256       256       256         1
  1.000000  1.000000  1.000000
orientation T byte_order littleendian
Reading image: /opt/freesurfer/average/711-2C_as_mni_average_305.4dfp.img
dimensions:      256       256       256
mmppix:       1.0000   -1.0000   -1.0000
center:     128.0000 -129.0000 -129.0000
/opt/freesurfer/average/711-2B_as_mni_average_305_mask.4dfp.img
       256       256       256         1
  1.000000  1.000000  1.000000
orientation T byte_order littleendian
Reading mask: /opt/freesurfer/average/711-2B_as_mni_average_305_mask.4dfp.img (2306576 pixels)
talsrcimg_g11.4dfp.img
       256       256       256         1
  1.000000  1.000000  1.000000
orientation T byte_order littleendian
Reading image: talsrcimg_g11.4dfp.img
dimensions:      256       256       256
mmppix:       1.0000   -1.0000   -1.0000
center:     128.0000 -129.0000 -129.0000
fimgreg.f
image alignment mode   2311 decimal      907 hex
parameters
   -0.3770  -24.1220    3.3678  -12.9310  -27.8793  -17.0586
   -1.3510    7.9577   -0.9760   25.8000  -10.5066  -39.9959
eta,q 0.96829  9.70936
niter,ni,del,rscale     5    3    5.0000    0.8000
parameters
   -0.4174  -23.7972    3.0459  -11.3002  -27.9905  -17.1711
   -1.4745    7.8802   -0.9091   26.6170  -10.1710  -40.2669
eta,q 0.96854  9.77766
  0.0329  0.0327  0.0320  0.0329  0.0321  0.0325  0.0323  0.0331  0.0320  0.0326  0.0319  0.0319
  0.0322  0.0322  0.0318  0.0324  0.0318  0.0320  0.0319  0.0322  0.0317  0.0321  0.0317  0.0316
  0.0318  0.0319  0.0317  0.0320  0.0316  0.0316  0.0316  0.0317  0.0316  0.0317  0.0315  0.0315
  0.0317  0.0317  0.0317  0.0317  0.0315  0.0315  0.0315  0.0315  0.0315  0.0315  0.0315  0.0315
  0.0319  0.0317  0.0318  0.0315  0.0316  0.0316  0.0316  0.0317  0.0316  0.0315  0.0315  0.0316
  0.0323  0.0318  0.0321  0.0316  0.0318  0.0320  0.0319  0.0323  0.0317  0.0317  0.0316  0.0318
  0.0330  0.0321  0.0324  0.0320  0.0322  0.0327  0.0324  0.0332  0.0320  0.0321  0.0318  0.0320
niter,ni,del,rscale     4    3    5.0000    0.7000
parameters
   -0.4451  -23.6374    2.8386  -11.3165  -28.4012  -17.4233
   -1.3782    7.7911   -1.1247   27.0082   -9.9974  -40.4482
eta,q 0.96858  9.75850
  0.0324  0.0321  0.0318  0.0322  0.0318  0.0322  0.0321  0.0327  0.0318  0.0323  0.0318  0.0318
  0.0319  0.0318  0.0316  0.0319  0.0316  0.0318  0.0318  0.0320  0.0316  0.0319  0.0316  0.0316
  0.0316  0.0316  0.0315  0.0316  0.0315  0.0315  0.0315  0.0316  0.0315  0.0316  0.0315  0.0314
  0.0315  0.0315  0.0315  0.0314  0.0314  0.0314  0.0314  0.0314  0.0314  0.0314  0.0314  0.0314
  0.0316  0.0315  0.0316  0.0315  0.0315  0.0316  0.0315  0.0316  0.0315  0.0315  0.0315  0.0315
  0.0319  0.0316  0.0317  0.0318  0.0317  0.0319  0.0317  0.0321  0.0316  0.0317  0.0316  0.0317
  0.0325  0.0319  0.0320  0.0323  0.0321  0.0324  0.0321  0.0328  0.0318  0.0320  0.0317  0.0318
niter,ni,del,rscale     3    3    5.0000    0.6000
parameters
   -0.4900  -23.4723    2.7126  -11.1401  -28.7683  -17.6385
   -1.2676    7.7552   -1.2650   27.3198   -9.7926  -40.6088
eta,q 0.96860  9.74793
  0.0321  0.0320  0.0317  0.0320  0.0317  0.0319  0.0319  0.0324  0.0317  0.0320  0.0317  0.0317
  0.0317  0.0317  0.0315  0.0317  0.0315  0.0317  0.0316  0.0318  0.0315  0.0317  0.0315  0.0315
  0.0315  0.0315  0.0314  0.0315  0.0314  0.0315  0.0315  0.0315  0.0314  0.0315  0.0314  0.0314
  0.0314  0.0314  0.0314  0.0314  0.0314  0.0314  0.0314  0.0314  0.0314  0.0314  0.0314  0.0314
  0.0315  0.0314  0.0315  0.0314  0.0315  0.0315  0.0315  0.0315  0.0314  0.0314  0.0314  0.0315
  0.0318  0.0315  0.0316  0.0316  0.0316  0.0317  0.0316  0.0319  0.0315  0.0316  0.0315  0.0316
  0.0322  0.0317  0.0318  0.0320  0.0319  0.0321  0.0319  0.0324  0.0317  0.0319  0.0316  0.0317
niter,ni,del,rscale     2    3    5.0000    0.5000
parameters
   -0.5220  -23.3350    2.5997  -10.9832  -29.0631  -17.8193
   -1.1549    7.7227   -1.3974   27.5454   -9.6282  -40.7467
eta,q 0.96862  9.73895
  0.0318  0.0318  0.0316  0.0318  0.0316  0.0318  0.0317  0.0320  0.0316  0.0318  0.0316  0.0316
  0.0316  0.0316  0.0315  0.0316  0.0315  0.0316  0.0315  0.0317  0.0315  0.0316  0.0315  0.0315
  0.0314  0.0315  0.0314  0.0315  0.0314  0.0314  0.0314  0.0315  0.0314  0.0315  0.0314  0.0314
  0.0314  0.0314  0.0314  0.0314  0.0314  0.0314  0.0314  0.0314  0.0314  0.0314  0.0314  0.0314
  0.0315  0.0314  0.0314  0.0314  0.0314  0.0315  0.0314  0.0315  0.0314  0.0314  0.0314  0.0314
  0.0316  0.0315  0.0315  0.0315  0.0315  0.0316  0.0315  0.0317  0.0315  0.0315  0.0314  0.0315
  0.0319  0.0316  0.0317  0.0318  0.0317  0.0319  0.0317  0.0321  0.0316  0.0317  0.0315  0.0316
niter,ni,del,rscale     1    3    5.0000    0.4000
parameters
   -0.5547  -23.2386    2.5144  -10.8704  -29.2474  -17.9529
   -1.0688    7.7057   -1.4786   27.7118   -9.5168  -40.7926
eta,q 0.96863  9.73349
  0.0317  0.0316  0.0315  0.0317  0.0315  0.0316  0.0316  0.0318  0.0315  0.0317  0.0315  0.0315
  0.0315  0.0315  0.0314  0.0315  0.0314  0.0315  0.0315  0.0316  0.0314  0.0315  0.0314  0.0314
  0.0314  0.0314  0.0314  0.0314  0.0314  0.0314  0.0314  0.0314  0.0314  0.0314  0.0314  0.0314
  0.0314  0.0314  0.0314  0.0314  0.0314  0.0314  0.0314  0.0314  0.0314  0.0314  0.0314  0.0314
  0.0314  0.0314  0.0314  0.0314  0.0314  0.0314  0.0314  0.0314  0.0314  0.0314  0.0314  0.0314
  0.0315  0.0314  0.0315  0.0315  0.0315  0.0315  0.0315  0.0316  0.0314  0.0315  0.0314  0.0314
  0.0317  0.0315  0.0315  0.0316  0.0316  0.0317  0.0316  0.0318  0.0315  0.0316  0.0315  0.0315
registration optimization eta report
parameter search radius
    0.8000    0.8000    0.8000    2.4000    2.4000    2.4000
    2.4000    2.4000    2.4000    2.4000    2.4000    2.4000
100000*second partial in parameter space
       48.       29.       23.        5.        3.        5.
        3.        7.        2.        5.        2.        2.
  0.0317  0.0316  0.0315  0.0317  0.0315  0.0316  0.0316  0.0318  0.0315  0.0317  0.0315  0.0315
  0.0315  0.0315  0.0314  0.0315  0.0314  0.0315  0.0315  0.0316  0.0314  0.0315  0.0314  0.0314
  0.0314  0.0314  0.0314  0.0314  0.0314  0.0314  0.0314  0.0314  0.0314  0.0314  0.0314  0.0314
  0.0314  0.0314  0.0314  0.0314  0.0314  0.0314  0.0314  0.0314  0.0314  0.0314  0.0314  0.0314
  0.0314  0.0314  0.0314  0.0314  0.0314  0.0314  0.0314  0.0314  0.0314  0.0314  0.0314  0.0314
  0.0315  0.0314  0.0315  0.0315  0.0315  0.0315  0.0315  0.0316  0.0314  0.0315  0.0314  0.0314
  0.0317  0.0315  0.0315  0.0316  0.0316  0.0317  0.0316  0.0318  0.0315  0.0316  0.0315  0.0315
   -0.5547  -23.2386    2.5144  -10.8704  -29.2474  -17.9529
   -1.0688    7.7057   -1.4786   27.7118   -9.5168  -40.7926
eta,q 0.96863  9.73349

---------------------------------------------------------------------
imgreg_4dfp /opt/freesurfer/average/711-2C_as_mni_average_305 /opt/freesurfer/average/711-2B_as_mni_average_305_mask talsrcimg_g11 none talsrcimg_to_711-2C_as_mni_average_305_t4 2311
---------------------------------------------------------------------

freesurfer imgreg_4dfp.c
/opt/freesurfer/average/711-2C_as_mni_average_305.4dfp.img
       256       256       256         1
  1.000000  1.000000  1.000000
orientation T byte_order littleendian
Reading image: /opt/freesurfer/average/711-2C_as_mni_average_305.4dfp.img
dimensions:      256       256       256
mmppix:       1.0000   -1.0000   -1.0000
center:     128.0000 -129.0000 -129.0000
/opt/freesurfer/average/711-2B_as_mni_average_305_mask.4dfp.img
       256       256       256         1
  1.000000  1.000000  1.000000
orientation T byte_order littleendian
Reading mask: /opt/freesurfer/average/711-2B_as_mni_average_305_mask.4dfp.img (2306576 pixels)
talsrcimg_g11.4dfp.img
       256       256       256         1
  1.000000  1.000000  1.000000
orientation T byte_order littleendian
Reading image: talsrcimg_g11.4dfp.img
dimensions:      256       256       256
mmppix:       1.0000   -1.0000   -1.0000
center:     128.0000 -129.0000 -129.0000
fimgreg.f
image alignment mode   2311 decimal      907 hex
parameters
   -0.5547  -23.2386    2.5144  -10.8704  -29.2474  -17.9529
   -1.0688    7.7057   -1.4786   27.7118   -9.5168  -40.7926
eta,q 0.96863  9.73348
niter,ni,del,rscale     5    3    5.0000    0.8000
parameters
   -0.5794  -23.1389    2.4601  -11.2845  -29.8094  -18.1641
   -0.9851    7.6799   -1.5847   27.7417   -9.3582  -40.5001
eta,q 0.96860  9.67931
  0.0325  0.0322  0.0319  0.0322  0.0318  0.0323  0.0322  0.0330  0.0319  0.0324  0.0318  0.0318
  0.0319  0.0318  0.0316  0.0318  0.0316  0.0318  0.0318  0.0321  0.0316  0.0319  0.0315  0.0316
  0.0315  0.0315  0.0314  0.0315  0.0314  0.0315  0.0315  0.0316  0.0314  0.0315  0.0314  0.0314
  0.0314  0.0314  0.0314  0.0314  0.0314  0.0314  0.0314  0.0314  0.0314  0.0314  0.0314  0.0314
  0.0315  0.0314  0.0314  0.0315  0.0315  0.0315  0.0315  0.0316  0.0315  0.0315  0.0314  0.0314
  0.0319  0.0316  0.0316  0.0319  0.0317  0.0319  0.0317  0.0322  0.0316  0.0318  0.0315  0.0316
  0.0326  0.0320  0.0320  0.0327  0.0322  0.0325  0.0321  0.0330  0.0319  0.0324  0.0317  0.0317
niter,ni,del,rscale     4    3    5.0000    0.7000
parameters
   -0.5868  -22.9982    2.3633  -11.0813  -30.0617  -18.2133
   -0.9254    7.6573   -1.6296   27.8233   -9.3254  -40.5017
eta,q 0.96862  9.67217
  0.0323  0.0321  0.0317  0.0321  0.0317  0.0321  0.0320  0.0326  0.0318  0.0322  0.0317  0.0317
  0.0318  0.0317  0.0315  0.0318  0.0315  0.0317  0.0317  0.0319  0.0315  0.0317  0.0315  0.0315
  0.0315  0.0315  0.0314  0.0315  0.0314  0.0315  0.0315  0.0315  0.0314  0.0315  0.0314  0.0314
  0.0314  0.0314  0.0314  0.0314  0.0314  0.0314  0.0314  0.0314  0.0314  0.0314  0.0314  0.0314
  0.0315  0.0314  0.0315  0.0314  0.0314  0.0315  0.0314  0.0315  0.0314  0.0314  0.0314  0.0314
  0.0318  0.0316  0.0316  0.0316  0.0316  0.0317  0.0316  0.0320  0.0316  0.0317  0.0315  0.0315
  0.0323  0.0318  0.0318  0.0321  0.0319  0.0322  0.0320  0.0326  0.0318  0.0321  0.0316  0.0316
niter,ni,del,rscale     3    3    5.0000    0.6000
parameters
   -0.6009  -22.9469    2.3195  -10.9548  -30.0990  -18.2307
   -0.8873    7.6480   -1.6415   27.8839   -9.2891  -40.5911
eta,q 0.96862  9.67630
  0.0320  0.0318  0.0317  0.0319  0.0316  0.0319  0.0318  0.0323  0.0317  0.0320  0.0316  0.0316
  0.0317  0.0316  0.0315  0.0317  0.0315  0.0316  0.0316  0.0318  0.0315  0.0316  0.0315  0.0314
  0.0314  0.0314  0.0314  0.0315  0.0314  0.0314  0.0314  0.0315  0.0314  0.0314  0.0314  0.0314
  0.0314  0.0314  0.0314  0.0314  0.0314  0.0314  0.0314  0.0314  0.0314  0.0314  0.0314  0.0314
  0.0315  0.0314  0.0314  0.0314  0.0314  0.0314  0.0314  0.0315  0.0314  0.0314  0.0314  0.0314
  0.0317  0.0315  0.0315  0.0316  0.0315  0.0316  0.0316  0.0318  0.0315  0.0316  0.0315  0.0315
  0.0321  0.0317  0.0317  0.0319  0.0317  0.0319  0.0318  0.0323  0.0317  0.0319  0.0316  0.0316
niter,ni,del,rscale     2    3    5.0000    0.5000
parameters
   -0.6135  -22.9376    2.2956  -10.8503  -30.0716  -18.2327
   -0.8667    7.6434   -1.6702   27.9149   -9.2371  -40.6550
eta,q 0.96863  9.68291
  0.0318  0.0317  0.0316  0.0318  0.0316  0.0318  0.0317  0.0320  0.0316  0.0318  0.0315  0.0315
  0.0316  0.0315  0.0315  0.0316  0.0315  0.0316  0.0315  0.0317  0.0315  0.0316  0.0314  0.0314
  0.0314  0.0314  0.0314  0.0314  0.0314  0.0314  0.0314  0.0314  0.0314  0.0314  0.0314  0.0314
  0.0314  0.0314  0.0314  0.0314  0.0314  0.0314  0.0314  0.0314  0.0314  0.0314  0.0314  0.0314
  0.0314  0.0314  0.0314  0.0314  0.0314  0.0314  0.0314  0.0314  0.0314  0.0314  0.0314  0.0314
  0.0316  0.0315  0.0315  0.0315  0.0314  0.0315  0.0315  0.0317  0.0315  0.0315  0.0314  0.0314
  0.0318  0.0316  0.0316  0.0318  0.0316  0.0318  0.0317  0.0320  0.0316  0.0318  0.0315  0.0315
niter,ni,del,rscale     1    3    5.0000    0.4000
parameters
   -0.6196  -22.9530    2.2910  -10.7767  -29.9861  -18.2200
   -0.8463    7.6450   -1.6806   27.9338   -9.2030  -40.7579
eta,q 0.96863  9.69222
  0.0317  0.0315  0.0315  0.0316  0.0315  0.0316  0.0316  0.0318  0.0315  0.0316  0.0315  0.0315
  0.0315  0.0314  0.0314  0.0315  0.0314  0.0315  0.0315  0.0316  0.0314  0.0315  0.0314  0.0314
  0.0314  0.0314  0.0314  0.0314  0.0314  0.0314  0.0314  0.0314  0.0314  0.0314  0.0314  0.0314
  0.0314  0.0314  0.0314  0.0314  0.0314  0.0314  0.0314  0.0314  0.0314  0.0314  0.0314  0.0314
  0.0314  0.0314  0.0314  0.0314  0.0314  0.0314  0.0314  0.0314  0.0314  0.0314  0.0314  0.0314
  0.0315  0.0315  0.0314  0.0315  0.0314  0.0315  0.0314  0.0315  0.0314  0.0315  0.0314  0.0314
  0.0317  0.0316  0.0315  0.0316  0.0315  0.0316  0.0316  0.0318  0.0315  0.0316  0.0314  0.0315
registration optimization eta report
parameter search radius
    0.8000    0.8000    0.8000    2.4000    2.4000    2.4000
    2.4000    2.4000    2.4000    2.4000    2.4000    2.4000
100000*second partial in parameter space
       46.       29.       21.        5.        2.        4.
        3.        7.        2.        5.        1.        2.
  0.0317  0.0315  0.0315  0.0316  0.0315  0.0316  0.0316  0.0318  0.0315  0.0316  0.0315  0.0315
  0.0315  0.0314  0.0314  0.0315  0.0314  0.0315  0.0315  0.0316  0.0314  0.0315  0.0314  0.0314
  0.0314  0.0314  0.0314  0.0314  0.0314  0.0314  0.0314  0.0314  0.0314  0.0314  0.0314  0.0314
  0.0314  0.0314  0.0314  0.0314  0.0314  0.0314  0.0314  0.0314  0.0314  0.0314  0.0314  0.0314
  0.0314  0.0314  0.0314  0.0314  0.0314  0.0314  0.0314  0.0314  0.0314  0.0314  0.0314  0.0314
  0.0315  0.0315  0.0314  0.0315  0.0314  0.0315  0.0314  0.0315  0.0314  0.0315  0.0314  0.0314
  0.0317  0.0316  0.0315  0.0316  0.0315  0.0316  0.0316  0.0318  0.0315  0.0316  0.0314  0.0315
   -0.6196  -22.9530    2.2910  -10.7767  -29.9861  -18.2200
   -0.8463    7.6450   -1.6806   27.9338   -9.2030  -40.7579
eta,q 0.96863  9.69222

---------------------------------------------------------------------
compute_vox2vox talsrcimg talsrcimg_to_711-2C_as_mni_average_305_t4 /opt/freesurfer/average/711-2C_as_mni_average_305
---------------------------------------------------------------------

freesurfer compute_vox2vox.c
Reading: talsrcimg.4dfp.ifh
Reading: talsrcimg_to_711-2C_as_mni_average_305_t4
Reading: /opt/freesurfer/average/711-2C_as_mni_average_305.4dfp.ifh
Writing: talsrcimg_to_711-2C_as_mni_average_305_t4_vox2vox.txt

start time Sat Mar 14 10:30:57 CET 2026
end		time Sat Mar 14 10:31:12 CET 2026

mpr2mni305 success

avi2talxfm orig_nu.mgz /opt/freesurfer/average/mni305.cor.mgz talsrcimg_to_711-2C_as_mni_average_305_t4_vox2vox.txt transforms/talairach.auto.xfm
avi2talxfm done
mv -f /out/sourcedata/freesurfer/sub-v2s9x29169_ses-1/mri/talsrcimg_to_711-2C_as_mni_average_305_t4_vox2vox.txt /out/sourcedata/freesurfer/sub-v2s9x29169_ses-1/mri/transforms/talsrcimg_to_711-2C_as_mni_average_305_t4_vox2vox.txt
lta_convert --src orig_nu.mgz --trg /opt/freesurfer/average/mni305.cor.mgz --inxfm transforms/talairach.auto.xfm --outlta transforms/talairach.auto.xfm.lta --subject fsaverage
7.3.2

--src: orig_nu.mgz src image (geometry).
--trg: /opt/freesurfer/average/mni305.cor.mgz trg image (geometry).
--inmni: transforms/talairach.auto.xfm input MNI/XFM transform.
--outlta: transforms/talairach.auto.xfm.lta output LTA.
--s: fsaverage subject name
 LTA read, type : 1
 1.11072  -0.09044  -0.03922  -0.70438;
 0.11535   1.01059   0.58970   9.62514;
-0.01936  -0.40537   1.19207   27.09914;
 0.00000   0.00000   0.00000   1.00000;
setting subject to fsaverage
Writing  LTA to file transforms/talairach.auto.xfm.lta...
lta_convert successful.
 
 
Started at Sat Mar 14 10:30:57 CET 2026
Ended   at Sat Mar 14 10:31:12 CET 2026
talairach_avi done
