/out/sourcedata/freesurfer/sub-v2s9x29163_ses-1/mri
/opt/freesurfer/bin/talairach_avi
--i orig_nu.mgz --xfm transforms/talairach.auto.xfm
talairach_avi 7.3.2
Linux dna075 5.14.0-427.37.1.el9_4.x86_64 #1 SMP PREEMPT_DYNAMIC Fri Sep 13 12:41:50 EDT 2024 x86_64 x86_64 x86_64 GNU/Linux
Sat Mar 14 10:30:48 CET 2026
mri_convert orig_nu.mgz talsrcimg.img 
reading from orig_nu.mgz...
TR=0.00, TE=0.00, TI=0.00, flip angle=0.00
i_ras = (-1, 0, 0)
j_ras = (0, 0, -1)
k_ras = (0, 1, 0)
writing to talsrcimg.img...
Analyze Output Matrix
-1.00000   0.00000   0.00000   129.66513;
 0.00000   0.00000   1.00000  -128.00000;
 0.00000  -1.00000   0.00000   130.00000;
 0.00000   0.00000   0.00000   1.00000;
--------------------
INFO: set hdr.hist.orient to -1
mpr2mni305 talsrcimg
Sat Mar 14 10:30:49 CET 2026
/opt/freesurfer/bin/mpr2mni305 talsrcimg
mpr2mni305 7.3.2
target=711-2C_as_mni_average_305

---------------------------------------------------------------------
analyzeto4dfp talsrcimg -O0 -y
---------------------------------------------------------------------

freesurfer ifh2hdr.c
Sat Mar 14 10:30:49 2026
Writing: talsrcimg.4dfp.hdr
freesurfer analyzeto4dfp.c
Reading: talsrcimg.hdr
header size 348 bytes
hdr.dime.datatype	offset=70	value=2
hdr.dime.bitpix		offset=72	value=8
hdr.hist.orient		offset=252	value=-1
dimensionality     4
dimensions       256       256       256         1
Reading: talsrcimg.img
Writing: talsrcimg.4dfp.img
Writing: talsrcimg.4dfp.ifh
ifh2hdr talsrcimg -r0to231
ori=2

---------------------------------------------------------------------
gauss_4dfp talsrcimg 1.1
---------------------------------------------------------------------

freesurfer gauss_4dfp.c
Reading: talsrcimg.4dfp.img
Writing: talsrcimg_g11.4dfp.img
image dimensions 256 256 256 padded to 288 288 288
processing volume 1freesurfer ifh2hdr.c
Sat Mar 14 10:30:50 2026
Writing: talsrcimg_g11.4dfp.hdr

Writing: talsrcimg_g11.4dfp.ifh
including: talsrcimg.4dfp.img.rec in talsrcimg_g11.4dfp.img.rec

---------------------------------------------------------------------
imgreg_4dfp /opt/freesurfer/average/711-2C_as_mni_average_305 none talsrcimg_g11 none talsrcimg_to_711-2C_as_mni_average_305_t4 4355
---------------------------------------------------------------------

freesurfer imgreg_4dfp.c
/opt/freesurfer/average/711-2C_as_mni_average_305.4dfp.img
       256       256       256         1
  1.000000  1.000000  1.000000
orientation T byte_order littleendian
Reading image: /opt/freesurfer/average/711-2C_as_mni_average_305.4dfp.img
dimensions:      256       256       256
mmppix:       1.0000   -1.0000   -1.0000
center:     128.0000 -129.0000 -129.0000
talsrcimg_g11.4dfp.img
       256       256       256         1
  1.000000  1.000000  1.000000
orientation T byte_order littleendian
Reading image: talsrcimg_g11.4dfp.img
dimensions:      256       256       256
mmppix:       1.0000   -1.0000   -1.0000
center:     128.0000 -129.0000 -129.0000
t4_read: open error in t4_sub.f l:  41 t4_file(1:l)talsrcimg_to_711-2C_as_mni_average_305_t4 
t4_read: transform initialized to I4
rotation matrix determinant  1.000000
image alignment mode   4355 decimal     1103 hex
   -7.5000  -45.0000  -45.0000 9107.0215   19.5688
    0.0000  -45.0000  -45.0000 9349.0938   19.5552
    7.5000  -45.0000  -45.0000 8843.8193   19.4999
   -7.5000  -37.5000  -45.0000 9512.0225   19.5405
    0.0000  -37.5000  -45.0000 9754.8916   19.5301
    7.5000  -37.5000  -45.0000 9212.8408   19.4788
   -7.5000  -30.0000  -45.000010213.6631   19.5296
    0.0000  -30.0000  -45.000010487.8887   19.5221
    7.5000  -30.0000  -45.0000 9894.3018   19.4756
   -7.5000  -22.5000  -45.000010867.3496   19.5120
    0.0000  -22.5000  -45.000011144.5713   19.5019
    7.5000  -22.5000  -45.000010514.4648   19.4544
   -7.5000  -15.0000  -45.000011432.2451   19.5030
    0.0000  -15.0000  -45.000011723.4902   19.4876
    7.5000  -15.0000  -45.000011060.9688   19.4339
   -7.5000   -7.5000  -45.000011944.9580   19.5162
    0.0000   -7.5000  -45.000012263.0762   19.5004
    7.5000   -7.5000  -45.000011570.0840   19.4437
   -7.5000    0.0000  -45.000012333.3604   19.5342
    0.0000    0.0000  -45.000012643.5273   19.5207
    7.5000    0.0000  -45.000011950.9756   19.4655
   -7.5000    7.5000  -45.000011661.8301   19.5386
    0.0000    7.5000  -45.000011953.1270   19.5281
    7.5000    7.5000  -45.000011285.6621   19.4768
   -7.5000   15.0000  -45.000010917.5811   19.5296
    0.0000   15.0000  -45.000011173.4248   19.5221
    7.5000   15.0000  -45.000010525.7002   19.4756
   -7.5000   22.5000  -45.000010088.9248   19.5093
    0.0000   22.5000  -45.000010325.7559   19.4992
    7.5000   22.5000  -45.0000 9727.7666   19.4518
   -7.5000   30.0000  -45.0000 9226.5820   19.2431
    0.0000   30.0000  -45.0000 9453.5342   19.2279
    7.5000   30.0000  -45.0000 8887.1875   19.1749
   -7.5000   37.5000  -45.0000 8634.9043   19.2625
    0.0000   37.5000  -45.0000 8849.8193   19.2470
    7.5000   37.5000  -45.0000 8328.5928   19.1910
   -7.5000   45.0000  -45.0000 7754.6597   18.9108
    0.0000   45.0000  -45.0000 7927.1401   18.8975
    7.5000   45.0000  -45.0000 7472.9409   18.8429
   -7.5000  -45.0000  -37.5000 9657.9160   19.6130
    0.0000  -45.0000  -37.5000 9900.6670   19.6018
    7.5000  -45.0000  -37.5000 9364.1240   19.5394
   -7.5000  -37.5000  -37.500010066.4180   19.5937
    0.0000  -37.5000  -37.500010328.1348   19.5820
    7.5000  -37.5000  -37.5000 9741.5625   19.5233
   -7.5000  -30.0000  -37.500010796.1875   19.5825
    0.0000  -30.0000  -37.500011071.9941   19.5734
    7.5000  -30.0000  -37.500010449.6074   19.5206
   -7.5000  -22.5000  -37.500011488.9404   19.5548
    0.0000  -22.5000  -37.500011752.2139   19.5477
    7.5000  -22.5000  -37.500011088.2256   19.4950
   -7.5000  -15.0000  -37.500012062.1670   19.5355
    0.0000  -15.0000  -37.500012347.2969   19.5280
    7.5000  -15.0000  -37.500011636.3486   19.4693
   -7.5000   -7.5000  -37.500012568.7852   19.5498
    0.0000   -7.5000  -37.500012878.0518   19.5408
    7.5000   -7.5000  -37.500012153.7324   19.4783
   -7.5000    0.0000  -37.500012974.4023   19.5783
    0.0000    0.0000  -37.500013289.9854   19.5671
    7.5000    0.0000  -37.500012539.2158   19.5048
   -7.5000    7.5000  -37.500012252.5791   19.5918
    0.0000    7.5000  -37.500012553.1260   19.5800
    7.5000    7.5000  -37.500011840.5479   19.5215
   -7.5000   15.0000  -37.500011419.7158   19.5825
    0.0000   15.0000  -37.500011697.8398   19.5734
    7.5000   15.0000  -37.500011030.0898   19.5206
   -7.5000   22.5000  -37.500010524.1035   19.5522
    0.0000   22.5000  -37.500010789.9189   19.5450
    7.5000   22.5000  -37.500010159.0742   19.4923
   -7.5000   30.0000  -37.5000 9616.3848   19.2752
    0.0000   30.0000  -37.5000 9845.5605   19.2678
    7.5000   30.0000  -37.5000 9286.8193   19.2099
   -7.5000   37.5000  -37.5000 9003.9775   19.2953
    0.0000   37.5000  -37.5000 9213.1035   19.2865
    7.5000   37.5000  -37.5000 8695.1094   19.2248
   -7.5000   45.0000  -37.5000 8092.1758   18.9529
    0.0000   45.0000  -37.5000 8257.0518   18.9418
    7.5000   45.0000  -37.5000 7803.5796   18.8804
   -7.5000  -45.0000  -30.000010361.3301   20.4452
    0.0000  -45.0000  -30.000010658.3721   20.4441
    7.5000  -45.0000  -30.000010082.9072   20.3889
   -7.5000  -37.5000  -30.000010773.0684   20.4284
    0.0000  -37.5000  -30.000011062.0215   20.4230
    7.5000  -37.5000  -30.000010455.0752   20.3707
   -7.5000  -30.0000  -30.000011528.6309   20.4086
    0.0000  -30.0000  -30.000011815.4688   20.4033
    7.5000  -30.0000  -30.000011174.4893   20.3568
   -7.5000  -22.5000  -30.000012243.6367   20.3689
    0.0000  -22.5000  -30.000012524.0703   20.3679
    7.5000  -22.5000  -30.000011847.3389   20.3219
   -7.5000  -15.0000  -30.000012854.9385   20.3457
    0.0000  -15.0000  -30.000013134.7822   20.3487
    7.5000  -15.0000  -30.000012411.0283   20.2970
   -7.5000   -7.5000  -30.000013394.7529   20.3681
    0.0000   -7.5000  -30.000013677.9561   20.3711
    7.5000   -7.5000  -30.000012921.1768   20.3160
   -7.5000    0.0000  -30.000013828.0674   20.4090
    0.0000    0.0000  -30.000014129.2910   20.4078
    7.5000    0.0000  -30.000013314.8936   20.3528
   -7.5000    7.5000  -30.000013038.8838   20.4264
    0.0000    7.5000  -30.000013341.0986   20.4210
    7.5000    7.5000  -30.000012559.9678   20.3687
   -7.5000   15.0000  -30.000012111.0693   20.4086
    0.0000   15.0000  -30.000012390.7061   20.4033
    7.5000   15.0000  -30.000011693.2188   20.3568
   -7.5000   22.5000  -30.000011129.5078   20.3640
    0.0000   22.5000  -30.000011376.6211   20.3630
    7.5000   22.5000  -30.000010760.2910   20.3170
   -7.5000   30.0000  -30.000010142.4756   20.0765
    0.0000   30.0000  -30.000010359.0732   20.0794
    7.5000   30.0000  -30.0000 9807.8916   20.0284
   -7.5000   37.5000  -30.0000 9495.5049   20.1045
    0.0000   37.5000  -30.0000 9699.2490   20.1076
    7.5000   37.5000  -30.0000 9181.3301   20.0531
   -7.5000   45.0000  -30.0000 8505.9004   19.7698
    0.0000   45.0000  -30.0000 8692.6650   19.7683
    7.5000   45.0000  -30.0000 8236.7480   19.7137
   -7.5000  -45.0000  -22.500011109.4443   21.1052
    0.0000  -45.0000  -22.500011431.4619   21.1132
    7.5000  -45.0000  -22.500010786.5352   21.0739
   -7.5000  -37.5000  -22.500011498.4561   21.0796
    0.0000  -37.5000  -22.500011808.4600   21.0837
    7.5000  -37.5000  -22.500011150.2900   21.0465
   -7.5000  -30.0000  -22.500012255.7383   21.0503
    0.0000  -30.0000  -22.500012580.5820   21.0522
    7.5000  -30.0000  -22.500011896.5557   21.0206
   -7.5000  -22.5000  -22.500012981.7305   21.0108
    0.0000  -22.5000  -22.500013293.1758   21.0136
    7.5000  -22.5000  -22.500012583.8262   20.9827
   -7.5000  -15.0000  -22.500013635.8281   20.9968
    0.0000  -15.0000  -22.500013949.7490   21.0023
    7.5000  -15.0000  -22.500013172.4414   20.9659
   -7.5000   -7.5000  -22.500014218.2393   21.0268
    0.0000   -7.5000  -22.500014505.7363   21.0352
    7.5000   -7.5000  -22.500013679.3691   20.9959
   -7.5000    0.0000  -22.500014672.3223   21.0680
    0.0000    0.0000  -22.500014958.7871   21.0758
    7.5000    0.0000  -22.500014081.2979   21.0366
   -7.5000    7.5000  -22.500013794.2783   21.0775
    0.0000    7.5000  -22.500014110.4717   21.0815
    7.5000    7.5000  -22.500013290.8066   21.0444
   -7.5000   15.0000  -22.500012776.9551   21.0503
    0.0000   15.0000  -22.500013102.7510   21.0522
    7.5000   15.0000  -22.500012362.8682   21.0206
   -7.5000   22.5000  -22.500011724.3242   21.0044
    0.0000   22.5000  -22.500012015.3027   21.0071
    7.5000   22.5000  -22.500011358.4658   20.9763
   -7.5000   30.0000  -22.500010654.9893   20.7221
    0.0000   30.0000  -22.500010901.3135   20.7276
    7.5000   30.0000  -22.500010330.0742   20.6916
   -7.5000   37.5000  -22.5000 9961.1963   20.7580
    0.0000   37.5000  -22.500010190.1738   20.7663
    7.5000   37.5000  -22.5000 9642.2061   20.7275
   -7.5000   45.0000  -22.5000 8899.7783   20.4221
    0.0000   45.0000  -22.5000 9099.5000   20.4293
    7.5000   45.0000  -22.5000 8623.3105   20.3898
   -7.5000  -45.0000  -15.000011872.8398   21.5610
    0.0000  -45.0000  -15.000012207.6045   21.5679
    7.5000  -45.0000  -15.000011498.9189   21.5380
   -7.5000  -37.5000  -15.000012227.7803   21.5236
    0.0000  -37.5000  -15.000012579.1279   21.5312
    7.5000  -37.5000  -15.000011897.1436   21.5032
   -7.5000  -30.0000  -15.000012970.2949   21.4929
    0.0000  -30.0000  -15.000013358.0205   21.4990
    7.5000  -30.0000  -15.000012664.0996   21.4759
   -7.5000  -22.5000  -15.000013749.0059   21.4642
    0.0000  -22.5000  -15.000014136.1660   21.4654
    7.5000  -22.5000  -15.000013380.9492   21.4425
   -7.5000  -15.0000  -15.000014472.0977   21.4616
    0.0000  -15.0000  -15.000014848.6279   21.4597
    7.5000  -15.0000  -15.000013998.5205   21.4313
   -7.5000   -7.5000  -15.000015071.4863   21.4922
    0.0000   -7.5000  -15.000015412.1172   21.4941
    7.5000   -7.5000  -15.000014499.8760   21.4636
   -7.5000    0.0000  -15.000015481.2432   21.5231
    0.0000    0.0000  -15.000015833.8125   21.5298
    7.5000    0.0000  -15.000014911.3232   21.5000
   -7.5000    7.5000  -15.000014565.9023   21.5214
    0.0000    7.5000  -15.000014927.3281   21.5290
    7.5000    7.5000  -15.000014049.7139   21.5010
   -7.5000   15.0000  -15.000013483.6719   21.4929
    0.0000   15.0000  -15.000013835.6055   21.4990
    7.5000   15.0000  -15.000013049.7744   21.4759
   -7.5000   22.5000  -15.000012347.3916   21.4566
    0.0000   22.5000  -15.000012680.8701   21.4578
    7.5000   22.5000  -15.000011979.5020   21.4349
   -7.5000   30.0000  -15.000011193.9824   21.1839
    0.0000   30.0000  -15.000011476.5459   21.1820
    7.5000   30.0000  -15.000010877.2559   21.1539
   -7.5000   37.5000  -15.000010421.2324   21.2207
    0.0000   37.5000  -15.000010663.4131   21.2226
    7.5000   37.5000  -15.000010103.2236   21.1925
   -7.5000   45.0000  -15.0000 9271.1348   20.8763
    0.0000   45.0000  -15.0000 9476.2520   20.8823
    7.5000   45.0000  -15.0000 8993.2725   20.8520
   -7.5000  -45.0000   -7.500012578.5615   21.8043
    0.0000  -45.0000   -7.500012926.2354   21.7992
    7.5000  -45.0000   -7.500012213.2705   21.7584
   -7.5000  -37.5000   -7.500012926.5400   21.7650
    0.0000  -37.5000   -7.500013295.9463   21.7641
    7.5000  -37.5000   -7.500012608.1406   21.7263
   -7.5000  -30.0000   -7.500013690.1816   21.7435
    0.0000  -30.0000   -7.500014115.7520   21.7437
    7.5000  -30.0000   -7.500013414.5918   21.7101
   -7.5000  -22.5000   -7.500014436.6904   21.7240
    0.0000  -22.5000   -7.500014908.0869   21.7180
    7.5000  -22.5000   -7.500014171.9473   21.6832
   -7.5000  -15.0000   -7.500015108.4580   21.7227
    0.0000  -15.0000   -7.500015615.9600   21.7095
    7.5000  -15.0000   -7.500014812.2451   21.6686
   -7.5000   -7.5000   -7.500015682.5469   21.7453
    0.0000   -7.5000   -7.500016174.0605   21.7342
    7.5000   -7.5000   -7.500015329.7285   21.6914
   -7.5000    0.0000   -7.500016098.1406   21.7660
    0.0000    0.0000   -7.500016611.4688   21.7608
    7.5000    0.0000   -7.500015730.5947   21.7201
   -7.5000    7.5000   -7.500015186.4355   21.7628
    0.0000    7.5000   -7.500015673.7080   21.7619
    7.5000    7.5000   -7.500014820.3506   21.7241
   -7.5000   15.0000   -7.500014097.2002   21.7435
    0.0000   15.0000   -7.500014561.0986   21.7437
    7.5000   15.0000   -7.500013767.8057   21.7101
   -7.5000   22.5000   -7.500012911.4932   21.7140
    0.0000   22.5000   -7.500013318.5039   21.7079
    7.5000   22.5000   -7.500012603.7070   21.6732
   -7.5000   30.0000   -7.500011696.7256   21.4410
    0.0000   30.0000   -7.500012013.1621   21.4280
    7.5000   30.0000   -7.500011411.5479   21.3876
   -7.5000   37.5000   -7.500010866.4404   21.4704
    0.0000   37.5000   -7.500011145.2764   21.4595
    7.5000   37.5000   -7.500010591.6211   21.4172
   -7.5000   45.0000   -7.5000 9655.5322   21.1177
    0.0000   45.0000   -7.5000 9887.3672   21.1124
    7.5000   45.0000   -7.5000 9384.9453   21.0715
   -7.5000  -45.0000    0.000013070.5020   21.8831
    0.0000  -45.0000    0.000013375.3203   21.8679
    7.5000  -45.0000    0.000012716.2041   21.8058
   -7.5000  -37.5000    0.000013478.2578   21.8515
    0.0000  -37.5000    0.000013804.3633   21.8397
    7.5000  -37.5000    0.000013150.4365   21.7822
   -7.5000  -30.0000    0.000014292.9746   21.8392
    0.0000  -30.0000    0.000014712.8701   21.8307
    7.5000  -30.0000    0.000014029.0205   21.7786
   -7.5000  -22.5000    0.000014946.4004   21.8195
    0.0000  -22.5000    0.000015495.2559   21.8082
    7.5000  -22.5000    0.000014841.2979   21.7549
   -7.5000  -15.0000    0.000015634.4600   21.8094
    0.0000  -15.0000    0.000016226.5781   21.7922
    7.5000  -15.0000    0.000015526.7393   21.7320
   -7.5000   -7.5000    0.000016254.4902   21.8243
    0.0000   -7.5000    0.000016885.3926   21.8066
    7.5000   -7.5000    0.000016091.2734   21.7430
   -7.5000    0.0000    0.000016756.6133   21.8445
    0.0000    0.0000    0.000017376.3223   21.8293
    7.5000    0.0000    0.000016499.5840   21.7674
   -7.5000    7.5000    0.000015846.7607   21.8493
    0.0000    7.5000    0.000016406.3516   21.8375
    7.5000    7.5000    0.000015526.4092   21.7800
   -7.5000   15.0000    0.000014715.0771   21.8392
    0.0000   15.0000    0.000015214.8838   21.8307
    7.5000   15.0000    0.000014397.6396   21.7786
   -7.5000   22.5000    0.000013450.0605   21.8095
    0.0000   22.5000    0.000013875.4238   21.7981
    7.5000   22.5000    0.000013140.3174   21.7449
   -7.5000   30.0000    0.000012157.8809   21.5272
    0.0000   30.0000    0.000012509.9971   21.5102
    7.5000   30.0000    0.000011865.8008   21.4507
   -7.5000   37.5000    0.000011261.3066   21.5490
    0.0000   37.5000    0.000011579.9590   21.5316
    7.5000   37.5000    0.000010982.2002   21.4688
   -7.5000   45.0000    0.0000 9968.0234   21.1970
    0.0000   45.0000    0.000010230.0996   21.1820
    7.5000   45.0000    0.0000 9693.0439   21.1206
   -7.5000  -45.0000    7.500012566.7627   21.9474
    0.0000  -45.0000    7.500012893.8018   21.9348
    7.5000  -45.0000    7.500012237.8652   21.8650
   -7.5000  -37.5000    7.500012968.5625   21.9258
    0.0000  -37.5000    7.500013307.8145   21.9126
    7.5000  -37.5000    7.500012655.1348   21.8470
   -7.5000  -30.0000    7.500013821.6006   21.9133
    0.0000  -30.0000    7.500014208.0303   21.9031
    7.5000  -30.0000    7.500013514.8535   21.8440
   -7.5000  -22.5000    7.500014504.3818   21.8823
    0.0000  -22.5000    7.500015030.6455   21.8743
    7.5000  -22.5000    7.500014329.6045   21.8153
   -7.5000  -15.0000    7.500015183.4746   21.8607
    0.0000  -15.0000    7.500015779.0264   21.8523
    7.5000  -15.0000    7.500015053.8984   21.7866
   -7.5000   -7.5000    7.500015761.2686   21.8767
    0.0000   -7.5000    7.500016381.1807   21.8666
    7.5000   -7.5000    7.500015609.2295   21.7966
   -7.5000    0.0000    7.500016219.3574   21.9085
    0.0000    0.0000    7.500016814.5566   21.8960
    7.5000    0.0000    7.500015972.1729   21.8263
   -7.5000    7.5000    7.500015336.4551   21.9236
    0.0000    7.5000    7.500015828.1357   21.9105
    7.5000    7.5000    7.500015012.3037   21.8449
   -7.5000   15.0000    7.500014179.5186   21.9133
    0.0000   15.0000    7.500014609.9824   21.9031
    7.5000   15.0000    7.500013856.4277   21.8440
   -7.5000   22.5000    7.500012929.6562   21.8722
    0.0000   22.5000    7.500013288.3633   21.8642
    7.5000   22.5000    7.500012616.5010   21.8053
   -7.5000   30.0000    7.500011655.8613   21.5778
    0.0000   30.0000    7.500011952.6270   21.5695
    7.5000   30.0000    7.500011375.3867   21.5046
   -7.5000   37.5000    7.500010760.5762   21.6003
    0.0000   37.5000    7.500011028.6680   21.5904
    7.5000   37.5000    7.500010519.7871   21.5214
   -7.5000   45.0000    7.5000 9453.6445   21.2587
    0.0000   45.0000    7.5000 9707.1025   21.2462
    7.5000   45.0000    7.5000 9256.3311   21.1773
   -7.5000  -45.0000   15.000011988.4131   22.0074
    0.0000  -45.0000   15.000012304.0205   22.0060
    7.5000  -45.0000   15.000011646.6670   21.9465
   -7.5000  -37.5000   15.000012384.2041   21.9893
    0.0000  -37.5000   15.000012698.8379   21.9834
    7.5000  -37.5000   15.000012033.4170   21.9270
   -7.5000  -30.0000   15.000013190.7275   21.9681
    0.0000  -30.0000   15.000013527.3164   21.9624
    7.5000  -30.0000   15.000012863.1494   21.9121
   -7.5000  -22.5000   15.000013989.9199   21.9255
    0.0000  -22.5000   15.000014348.4707   21.9243
    7.5000  -22.5000   15.000013668.3496   21.8744
   -7.5000  -15.0000   15.000014759.9072   21.9006
    0.0000  -15.0000   15.000015131.9775   21.9035
    7.5000  -15.0000   15.000014363.5938   21.8474
   -7.5000   -7.5000   15.000015256.8857   21.9245
    0.0000   -7.5000   15.000015670.7881   21.9274
    7.5000   -7.5000   15.000014882.2588   21.8678
   -7.5000    0.0000   15.000015580.7080   21.9684
    0.0000    0.0000   15.000016022.9912   21.9669
    7.5000    0.0000   15.000015225.8301   21.9075
   -7.5000    7.5000   15.000014628.5830   21.9871
    0.0000    7.5000   15.000015031.0879   21.9812
    7.5000    7.5000   15.000014268.8584   21.9248
   -7.5000   15.0000   15.000013468.7373   21.9681
    0.0000   15.0000   15.000013822.4951   21.9624
    7.5000   15.0000   15.000013129.6611   21.9121
   -7.5000   22.5000   15.000012263.3037   21.9154
    0.0000   22.5000   15.000012547.8896   21.9142
    7.5000   22.5000   15.000011906.5244   21.8643
   -7.5000   30.0000   15.000011032.4600   21.6171
    0.0000   30.0000   15.000011286.1133   21.6200
    7.5000   30.0000   15.000010742.8721   21.5646
   -7.5000   37.5000   15.000010207.0420   21.6471
    0.0000   37.5000   15.000010434.4463   21.6501
    7.5000   37.5000   15.0000 9947.3340   21.5912
   -7.5000   45.0000   15.0000 8973.1533   21.3151
    0.0000   45.0000   15.0000 9187.3271   21.3133
    7.5000   45.0000   15.0000 8753.6318   21.2542
   -7.5000  -45.0000   22.500011332.5215   22.0455
    0.0000  -45.0000   22.500011628.6826   22.0539
    7.5000  -45.0000   22.500010965.1152   22.0127
   -7.5000  -37.5000   22.500011738.6768   22.0178
    0.0000  -37.5000   22.500012015.8242   22.0222
    7.5000  -37.5000   22.500011336.0889   21.9832
   -7.5000  -30.0000   22.500012525.3838   21.9869
    0.0000  -30.0000   22.500012819.8662   21.9890
    7.5000  -30.0000   22.500012131.6553   21.9555
   -7.5000  -22.5000   22.500013290.3066   21.9462
    0.0000  -22.5000   22.500013593.6201   21.9490
    7.5000  -22.5000   22.500012908.1104   21.9162
   -7.5000  -15.0000   22.500014006.8604   21.9322
    0.0000  -15.0000   22.500014308.1006   21.9378
    7.5000  -15.0000   22.500013564.2344   21.8992
   -7.5000   -7.5000   22.500014498.7432   21.9638
    0.0000   -7.5000   22.500014796.8525   21.9725
    7.5000   -7.5000   22.500014043.2354   21.9311
   -7.5000    0.0000   22.500014758.0527   22.0064
    0.0000    0.0000   22.500015074.4258   22.0146
    7.5000    0.0000   22.500014294.1855   21.9734
   -7.5000    7.5000   22.500013819.0225   22.0156
    0.0000    7.5000   22.500014115.2080   22.0200
    7.5000    7.5000   22.500013380.8359   21.9809
   -7.5000   15.0000   22.500012725.7334   21.9869
    0.0000   15.0000   22.500012981.2705   21.9890
    7.5000   15.0000   22.500012309.5449   21.9555
   -7.5000   22.5000   22.500011554.8184   21.9361
    0.0000   22.5000   22.500011789.7549   21.9389
    7.5000   22.5000   22.500011173.4863   21.9061
   -7.5000   30.0000   22.500010376.6621   21.6483
    0.0000   30.0000   22.500010600.6543   21.6539
    7.5000   30.0000   22.500010053.4551   21.6158
   -7.5000   37.5000   22.5000 9607.1943   21.6860
    0.0000   37.5000   22.5000 9815.9375   21.6947
    7.5000   37.5000   22.5000 9302.8906   21.6537
   -7.5000   45.0000   22.5000 8437.6670   21.3511
    0.0000   45.0000   22.5000 8646.4814   21.3587
    7.5000   45.0000   22.5000 8179.5444   21.3172
   -7.5000  -45.0000   30.000010526.4766   22.0995
    0.0000  -45.0000   30.000010784.8330   22.1071
    7.5000  -45.0000   30.000010161.3311   22.0763
   -7.5000  -37.5000   30.000010904.9336   22.0598
    0.0000  -37.5000   30.000011161.5361   22.0682
    7.5000  -37.5000   30.000010499.5635   22.0391
   -7.5000  -30.0000   30.000011652.4971   22.0277
    0.0000  -30.0000   30.000011911.8418   22.0346
    7.5000  -30.0000   30.000011243.6377   22.0101
   -7.5000  -22.5000   30.000012385.8359   21.9988
    0.0000  -22.5000   30.000012656.9883   22.0005
    7.5000  -22.5000   30.000011973.8125   21.9762
   -7.5000  -15.0000   30.000013031.3330   21.9971
    0.0000  -15.0000   30.000013323.3057   21.9956
    7.5000  -15.0000   30.000012596.6494   21.9658
   -7.5000   -7.5000   30.000013474.0586   22.0289
    0.0000   -7.5000   30.000013748.8662   22.0313
    7.5000   -7.5000   30.000013009.4473   21.9997
   -7.5000    0.0000   30.000013696.2168   22.0602
    0.0000    0.0000   30.000013963.9180   22.0676
    7.5000    0.0000   30.000013247.6992   22.0369
   -7.5000    7.5000   30.000012822.4443   22.0574
    0.0000    7.5000   30.000013059.0791   22.0659
    7.5000    7.5000   30.000012401.1621   22.0368
   -7.5000   15.0000   30.000011815.9912   22.0277
    0.0000   15.0000   30.000012050.2139   22.0346
    7.5000   15.0000   30.000011416.5312   22.0101
   -7.5000   22.5000   30.000010744.2871   21.9886
    0.0000   22.5000   30.000010971.9209   21.9903
    7.5000   22.5000   30.000010369.9580   21.9661
   -7.5000   30.0000   30.0000 9654.8320   21.7124
    0.0000   30.0000   30.0000 9855.5586   21.7109
    7.5000   30.0000   30.0000 9329.0098   21.6815
   -7.5000   37.5000   30.0000 8924.6748   21.7507
    0.0000   37.5000   30.0000 9137.1738   21.7531
    7.5000   37.5000   30.0000 8650.0693   21.7219
   -7.5000   45.0000   30.0000 7833.2114   21.4044
    0.0000   45.0000   30.0000 8043.5264   21.4112
    7.5000   45.0000   30.0000 7610.4702   21.3799
   -7.5000  -45.0000   37.500010055.5547   22.3993
    0.0000  -45.0000   37.500010327.6758   22.3951
    7.5000  -45.0000   37.5000 9703.1846   22.3527
   -7.5000  -37.5000   37.500010430.0820   22.3563
    0.0000  -37.5000   37.500010687.4268   22.3564
    7.5000  -37.5000   37.500010046.0635   22.3172
   -7.5000  -30.0000   37.500011168.9219   22.3329
    0.0000  -30.0000   37.500011438.2920   22.3342
    7.5000  -30.0000   37.500010777.9805   22.2989
   -7.5000  -22.5000   37.500011876.5107   22.3136
    0.0000  -22.5000   37.500012145.0176   22.3083
    7.5000  -22.5000   37.500011465.8662   22.2712
   -7.5000  -15.0000   37.500012485.7715   22.3138
    0.0000  -15.0000   37.500012754.2080   22.3011
    7.5000  -15.0000   37.500012063.6309   22.2575
   -7.5000   -7.5000   37.500012910.6357   22.3381
    0.0000   -7.5000   37.500013181.1475   22.3276
    7.5000   -7.5000   37.500012471.5088   22.2826
   -7.5000    0.0000   37.500013116.8682   22.3589
    0.0000    0.0000   37.500013391.8105   22.3546
    7.5000    0.0000   37.500012704.0391   22.3123
   -7.5000    7.5000   37.500012301.3828   22.3539
    0.0000    7.5000   37.500012569.1924   22.3540
    7.5000    7.5000   37.500011918.2480   22.3149
   -7.5000   15.0000   37.500011345.8145   22.3329
    0.0000   15.0000   37.500011594.1670   22.3342
    7.5000   15.0000   37.500010986.5283   22.2989
   -7.5000   22.5000   37.500010323.3857   22.3033
    0.0000   22.5000   37.500010565.5322   22.2980
    7.5000   22.5000   37.5000 9986.7324   22.2610
   -7.5000   30.0000   37.5000 9301.0791   22.0250
    0.0000   30.0000   37.5000 9517.3535   22.0125
    7.5000   30.0000   37.5000 8968.1582   21.9694
   -7.5000   37.5000   37.5000 8596.4834   22.0564
    0.0000   37.5000   37.5000 8813.5400   22.0462
    7.5000   37.5000   37.5000 8303.5107   22.0017
   -7.5000   45.0000   37.5000 7567.2266   21.6982
    0.0000   45.0000   37.5000 7754.7251   21.6939
    7.5000   45.0000   37.5000 7319.2637   21.6513
   -7.5000  -45.0000   45.0000 9181.4824   22.8027
    0.0000  -45.0000   45.0000 9455.5020   22.7882
    7.5000  -45.0000   45.0000 8871.8652   22.7245
   -7.5000  -37.5000   45.0000 9534.6895   22.7674
    0.0000  -37.5000   45.0000 9798.1055   22.7570
    7.5000  -37.5000   45.0000 9201.9697   22.6984
   -7.5000  -30.0000   45.000010203.2539   22.7532
    0.0000  -30.0000   45.000010480.7061   22.7473
    7.5000  -30.0000   45.0000 9864.4062   22.6935
   -7.5000  -22.5000   45.000010851.0078   22.7317
    0.0000  -22.5000   45.000011129.5654   22.7235
    7.5000  -22.5000   45.000010491.8936   22.6673
   -7.5000  -15.0000   45.000011419.2178   22.7210
    0.0000  -15.0000   45.000011694.5938   22.7064
    7.5000  -15.0000   45.000011047.4639   22.6425
   -7.5000   -7.5000   45.000011817.9189   22.7380
    0.0000   -7.5000   45.000012101.2275   22.7217
    7.5000   -7.5000   45.000011457.4854   22.6552
   -7.5000    0.0000   45.000012030.6240   22.7605
    0.0000    0.0000   45.000012310.9023   22.7460
    7.5000    0.0000   45.000011649.5635   22.6826
   -7.5000    7.5000   45.000011314.8770   22.7651
    0.0000    7.5000   45.000011570.2686   22.7546
    7.5000    7.5000   45.000010940.9775   22.6960
   -7.5000   15.0000   45.000010424.1992   22.7532
    0.0000   15.0000   45.000010662.9336   22.7473
    7.5000   15.0000   45.000010101.3613   22.6935
   -7.5000   22.5000   45.0000 9499.6514   22.7212
    0.0000   22.5000   45.0000 9727.3682   22.7129
    7.5000   22.5000   45.0000 9188.0879   22.6568
   -7.5000   30.0000   45.0000 8565.9658   22.4250
    0.0000   30.0000   45.0000 8757.2031   22.4106
    7.5000   30.0000   45.0000 8261.0518   22.3475
   -7.5000   37.5000   45.0000 7933.0308   22.4495
    0.0000   37.5000   45.0000 8121.3203   22.4336
    7.5000   37.5000   45.0000 7677.2495   22.3679
   -7.5000   45.0000   45.0000 6996.2676   22.1031
    0.0000   45.0000   45.0000 7158.6880   22.0889
    7.5000   45.0000   45.0000 6759.4424   22.0258

---------------------------------------------------------------------
imgreg_4dfp /opt/freesurfer/average/711-2C_as_mni_average_305 /opt/freesurfer/average/711-2B_as_mni_average_305_mask talsrcimg_g11 none talsrcimg_to_711-2C_as_mni_average_305_t4 4355
---------------------------------------------------------------------

freesurfer imgreg_4dfp.c
/opt/freesurfer/average/711-2C_as_mni_average_305.4dfp.img
       256       256       256         1
  1.000000  1.000000  1.000000
orientation T byte_order littleendian
Reading image: /opt/freesurfer/average/711-2C_as_mni_average_305.4dfp.img
dimensions:      256       256       256
mmppix:       1.0000   -1.0000   -1.0000
center:     128.0000 -129.0000 -129.0000
/opt/freesurfer/average/711-2B_as_mni_average_305_mask.4dfp.img
       256       256       256         1
  1.000000  1.000000  1.000000
orientation T byte_order littleendian
Reading mask: /opt/freesurfer/average/711-2B_as_mni_average_305_mask.4dfp.img (2306576 pixels)
talsrcimg_g11.4dfp.img
       256       256       256         1
  1.000000  1.000000  1.000000
orientation T byte_order littleendian
Reading image: talsrcimg_g11.4dfp.img
dimensions:      256       256       256
mmppix:       1.0000   -1.0000   -1.0000
center:     128.0000 -129.0000 -129.0000
rotation matrix determinant  1.000000
image alignment mode   4355 decimal     1103 hex
   -7.5000  -45.0000  -45.0000 2225.1382   18.6201
    0.0000  -45.0000  -45.0000 2203.9648   18.8234
    7.5000  -45.0000  -45.0000 2170.2817   19.3412
   -7.5000  -37.5000  -45.0000 2278.7236   17.6441
    0.0000  -37.5000  -45.0000 2253.9329   17.8086
    7.5000  -37.5000  -45.0000 2218.6335   18.3165
   -7.5000  -30.0000  -45.0000 2309.5803   16.9918
    0.0000  -30.0000  -45.0000 2282.2119   17.1837
    7.5000  -30.0000  -45.0000 2244.0686   17.7053
   -7.5000  -22.5000  -45.0000 2324.3120   16.6621
    0.0000  -22.5000  -45.0000 2295.6438   16.8840
    7.5000  -22.5000  -45.0000 2254.5222   17.3672
   -7.5000  -15.0000  -45.0000 2317.5808   16.5824
    0.0000  -15.0000  -45.0000 2287.4785   16.8064
    7.5000  -15.0000  -45.0000 2244.5364   17.3273
   -7.5000   -7.5000  -45.0000 2298.1245   16.7831
    0.0000   -7.5000  -45.0000 2265.9758   17.0230
    7.5000   -7.5000  -45.0000 2221.6604   17.5768
   -7.5000    0.0000  -45.0000 2248.3271   17.3600
    0.0000    0.0000  -45.0000 2214.4319   17.6248
    7.5000    0.0000  -45.0000 2173.1677   18.2460
   -7.5000    7.5000  -45.0000 2178.6978   18.2214
    0.0000    7.5000  -45.0000 2146.4597   18.5689
    7.5000    7.5000  -45.0000 2102.0288   19.2313
   -7.5000   15.0000  -45.0000 2093.8147   19.5122
    0.0000   15.0000  -45.0000 2060.4373   19.8819
    7.5000   15.0000  -45.0000 2013.8582   20.6865
   -7.5000   22.5000  -45.0000 1989.8223   21.4011
    0.0000   22.5000  -45.0000 1962.6941   21.7989
    7.5000   22.5000  -45.0000 1914.5319   22.6896
   -7.5000   30.0000  -45.0000 1880.6661   24.0695
    0.0000   30.0000  -45.0000 1855.2103   24.4894
    7.5000   30.0000  -45.0000 1806.2487   25.5117
   -7.5000   37.5000  -45.0000 1756.5145   27.8465
    0.0000   37.5000  -45.0000 1736.6166   28.3063
    7.5000   37.5000  -45.0000 1695.7734   29.5224
   -7.5000   45.0000  -45.0000 1628.8466   33.2165
    0.0000   45.0000  -45.0000 1612.2875   33.9054
    7.5000   45.0000  -45.0000 1573.2661   35.3412
   -7.5000  -45.0000  -37.5000 2312.9448   17.2984
    0.0000  -45.0000  -37.5000 2285.0945   17.4684
    7.5000  -45.0000  -37.5000 2250.6931   17.9448
   -7.5000  -37.5000  -37.5000 2367.9949   16.4177
    0.0000  -37.5000  -37.5000 2336.7769   16.5512
    7.5000  -37.5000  -37.5000 2304.5105   16.9974
   -7.5000  -30.0000  -37.5000 2400.3652   15.8393
    0.0000  -30.0000  -37.5000 2366.6484   16.0008
    7.5000  -30.0000  -37.5000 2333.1169   16.4295
   -7.5000  -22.5000  -37.5000 2421.9648   15.5329
    0.0000  -22.5000  -37.5000 2386.4626   15.6787
    7.5000  -22.5000  -37.5000 2344.0747   16.1404
   -7.5000  -15.0000  -37.5000 2416.2734   15.4470
    0.0000  -15.0000  -37.5000 2384.2976   15.6300
    7.5000  -15.0000  -37.5000 2335.4890   16.1205
   -7.5000   -7.5000  -37.5000 2394.6680   15.6470
    0.0000   -7.5000  -37.5000 2362.0940   15.8687
    7.5000   -7.5000  -37.5000 2313.4995   16.3671
   -7.5000    0.0000  -37.5000 2346.4473   16.1561
    0.0000    0.0000  -37.5000 2314.7046   16.4193
    7.5000    0.0000  -37.5000 2263.7407   16.9754
   -7.5000    7.5000  -37.5000 2269.5522   16.9796
    0.0000    7.5000  -37.5000 2242.0242   17.2782
    7.5000    7.5000  -37.5000 2192.0962   17.8868
   -7.5000   15.0000  -37.5000 2176.1240   18.1433
    0.0000   15.0000  -37.5000 2150.7024   18.4817
    7.5000   15.0000  -37.5000 2099.0381   19.1758
   -7.5000   22.5000  -37.5000 2070.3247   19.8285
    0.0000   22.5000  -37.5000 2047.9905   20.1910
    7.5000   22.5000  -37.5000 1997.3749   20.9594
   -7.5000   30.0000  -37.5000 1953.7762   22.2325
    0.0000   30.0000  -37.5000 1929.4211   22.6128
    7.5000   30.0000  -37.5000 1880.4762   23.4527
   -7.5000   37.5000  -37.5000 1822.5391   25.6285
    0.0000   37.5000  -37.5000 1803.9591   26.0887
    7.5000   37.5000  -37.5000 1760.8436   27.0889
   -7.5000   45.0000  -37.5000 1691.4872   30.4359
    0.0000   45.0000  -37.5000 1671.6261   31.0461
    7.5000   45.0000  -37.5000 1634.0250   32.1832
   -7.5000  -45.0000  -30.0000 2438.8108   16.6783
    0.0000  -45.0000  -30.0000 2409.5698   16.8445
    7.5000  -45.0000  -30.0000 2373.9370   17.3192
   -7.5000  -37.5000  -30.0000 2502.1392   15.7866
    0.0000  -37.5000  -30.0000 2468.4126   15.9294
    7.5000  -37.5000  -30.0000 2430.7778   16.3991
   -7.5000  -30.0000  -30.0000 2541.2583   15.2407
    0.0000  -30.0000  -30.0000 2506.0554   15.3706
    7.5000  -30.0000  -30.0000 2466.5334   15.8213
   -7.5000  -22.5000  -30.0000 2565.1992   14.9863
    0.0000  -22.5000  -30.0000 2527.4177   15.0894
    7.5000  -22.5000  -30.0000 2483.6873   15.5622
   -7.5000  -15.0000  -30.0000 2565.3965   14.9336
    0.0000  -15.0000  -30.0000 2525.1594   15.0798
    7.5000  -15.0000  -30.0000 2474.3804   15.5468
   -7.5000   -7.5000  -30.0000 2547.7993   15.1668
    0.0000   -7.5000  -30.0000 2507.1038   15.3308
    7.5000   -7.5000  -30.0000 2449.2625   15.8265
   -7.5000    0.0000  -30.0000 2494.9404   15.6724
    0.0000    0.0000  -30.0000 2458.7217   15.8801
    7.5000    0.0000  -30.0000 2393.3210   16.4267
   -7.5000    7.5000  -30.0000 2414.8149   16.4525
    0.0000    7.5000  -30.0000 2378.2292   16.6893
    7.5000    7.5000  -30.0000 2317.1331   17.3043
   -7.5000   15.0000  -30.0000 2306.9612   17.5465
    0.0000   15.0000  -30.0000 2275.7549   17.8311
    7.5000   15.0000  -30.0000 2221.2358   18.5368
   -7.5000   22.5000  -30.0000 2191.5806   19.1270
    0.0000   22.5000  -30.0000 2161.7920   19.4435
    7.5000   22.5000  -30.0000 2111.2651   20.1885
   -7.5000   30.0000  -30.0000 2058.6069   21.3933
    0.0000   30.0000  -30.0000 2032.4384   21.7369
    7.5000   30.0000  -30.0000 1988.0225   22.5352
   -7.5000   37.5000  -30.0000 1921.9998   24.6424
    0.0000   37.5000  -30.0000 1898.1904   25.0611
    7.5000   37.5000  -30.0000 1856.7755   25.9693
   -7.5000   45.0000  -30.0000 1783.6892   29.1443
    0.0000   45.0000  -30.0000 1760.8722   29.6690
    7.5000   45.0000  -30.0000 1722.7211   30.7395
   -7.5000  -45.0000  -22.5000 2538.7122   15.9250
    0.0000  -45.0000  -22.5000 2509.1914   16.0984
    7.5000  -45.0000  -22.5000 2465.8738   16.5907
   -7.5000  -37.5000  -22.5000 2608.8340   15.0656
    0.0000  -37.5000  -22.5000 2573.1665   15.2102
    7.5000  -37.5000  -22.5000 2529.5432   15.6951
   -7.5000  -30.0000  -22.5000 2659.5024   14.5025
    0.0000  -30.0000  -22.5000 2620.6985   14.6442
    7.5000  -30.0000  -22.5000 2575.1089   15.1422
   -7.5000  -22.5000  -22.5000 2690.8469   14.2906
    0.0000  -22.5000  -22.5000 2643.4836   14.4021
    7.5000  -22.5000  -22.5000 2594.9651   14.8819
   -7.5000  -15.0000  -22.5000 2695.1248   14.3044
    0.0000  -15.0000  -22.5000 2646.7629   14.4059
    7.5000  -15.0000  -22.5000 2586.0913   14.8758
   -7.5000   -7.5000  -22.5000 2678.7883   14.5885
    0.0000   -7.5000  -22.5000 2627.0979   14.7041
    7.5000   -7.5000  -22.5000 2559.6267   15.2031
   -7.5000    0.0000  -22.5000 2627.5645   15.1003
    0.0000    0.0000  -22.5000 2575.4448   15.2539
    7.5000    0.0000  -22.5000 2502.3254   15.7998
   -7.5000    7.5000  -22.5000 2533.5457   15.8379
    0.0000    7.5000  -22.5000 2489.5740   16.0486
    7.5000    7.5000  -22.5000 2419.9050   16.6262
   -7.5000   15.0000  -22.5000 2416.4448   16.8395
    0.0000   15.0000  -22.5000 2379.2473   17.1258
    7.5000   15.0000  -22.5000 2315.5100   17.7912
   -7.5000   22.5000  -22.5000 2289.1230   18.3061
    0.0000   22.5000  -22.5000 2256.4907   18.6469
    7.5000   22.5000  -22.5000 2198.2988   19.3563
   -7.5000   30.0000  -22.5000 2146.8237   20.4738
    0.0000   30.0000  -22.5000 2117.7727   20.8362
    7.5000   30.0000  -22.5000 2068.7773   21.6042
   -7.5000   37.5000  -22.5000 2000.0686   23.4824
    0.0000   37.5000  -22.5000 1976.9028   23.9036
    7.5000   37.5000  -22.5000 1929.4575   24.8097
   -7.5000   45.0000  -22.5000 1853.3839   27.6081
    0.0000   45.0000  -22.5000 1828.3807   28.1517
    7.5000   45.0000  -22.5000 1787.4980   29.1873
   -7.5000  -45.0000  -15.0000 2602.3872   15.2192
    0.0000  -45.0000  -15.0000 2571.9338   15.4068
    7.5000  -45.0000  -15.0000 2525.6394   15.9067
   -7.5000  -37.5000  -15.0000 2683.2837   14.3399
    0.0000  -37.5000  -15.0000 2648.1616   14.5174
    7.5000  -37.5000  -15.0000 2600.4805   15.0615
   -7.5000  -30.0000  -15.0000 2744.6494   13.7880
    0.0000  -30.0000  -15.0000 2705.6482   13.9602
    7.5000  -30.0000  -15.0000 2649.0330   14.5307
   -7.5000  -22.5000  -15.0000 2782.6758   13.5925
    0.0000  -22.5000  -15.0000 2739.6260   13.7455
    7.5000  -22.5000  -15.0000 2672.5142   14.2848
   -7.5000  -15.0000  -15.0000 2797.5784   13.6650
    0.0000  -15.0000  -15.0000 2749.8672   13.7778
    7.5000  -15.0000  -15.0000 2670.9080   14.2903
   -7.5000   -7.5000  -15.0000 2782.6396   14.0142
    0.0000   -7.5000  -15.0000 2725.9878   14.1112
    7.5000   -7.5000  -15.0000 2640.9397   14.5906
   -7.5000    0.0000  -15.0000 2717.4006   14.5261
    0.0000    0.0000  -15.0000 2663.6829   14.6675
    7.5000    0.0000  -15.0000 2579.8906   15.1706
   -7.5000    7.5000  -15.0000 2620.3821   15.2289
    0.0000    7.5000  -15.0000 2572.0059   15.4382
    7.5000    7.5000  -15.0000 2490.2612   15.9756
   -7.5000   15.0000  -15.0000 2492.8633   16.2020
    0.0000   15.0000  -15.0000 2449.9275   16.4684
    7.5000   15.0000  -15.0000 2378.0276   17.1060
   -7.5000   22.5000  -15.0000 2353.8503   17.6258
    0.0000   22.5000  -15.0000 2320.3582   17.9177
    7.5000   22.5000  -15.0000 2256.9888   18.6001
   -7.5000   30.0000  -15.0000 2203.4580   19.6825
    0.0000   30.0000  -15.0000 2176.5261   19.9884
    7.5000   30.0000  -15.0000 2118.2476   20.7174
   -7.5000   37.5000  -15.0000 2052.2109   22.4790
    0.0000   37.5000  -15.0000 2024.8049   22.8579
    7.5000   37.5000  -15.0000 1972.7067   23.6765
   -7.5000   45.0000  -15.0000 1895.8649   26.2343
    0.0000   45.0000  -15.0000 1871.8135   26.7776
    7.5000   45.0000  -15.0000 1831.2733   27.6832
   -7.5000  -45.0000   -7.5000 2640.0491   14.5758
    0.0000  -45.0000   -7.5000 2613.6648   14.7402
    7.5000  -45.0000   -7.5000 2566.2717   15.3721
   -7.5000  -37.5000   -7.5000 2734.3867   13.6937
    0.0000  -37.5000   -7.5000 2696.4314   13.8959
    7.5000  -37.5000   -7.5000 2642.0837   14.5365
   -7.5000  -30.0000   -7.5000 2806.5847   13.1639
    0.0000  -30.0000   -7.5000 2763.0898   13.4128
    7.5000  -30.0000   -7.5000 2698.3745   13.9869
   -7.5000  -22.5000   -7.5000 2854.8215   12.9688
    0.0000  -22.5000   -7.5000 2807.5054   13.2188
    7.5000  -22.5000   -7.5000 2731.6511   13.7663
   -7.5000  -15.0000   -7.5000 2870.9004   13.0665
    0.0000  -15.0000   -7.5000 2819.0225   13.2660
    7.5000  -15.0000   -7.5000 2728.5493   13.8076
   -7.5000   -7.5000   -7.5000 2846.8477   13.4028
    0.0000   -7.5000   -7.5000 2794.9529   13.5846
    7.5000   -7.5000   -7.5000 2699.0381   14.1043
   -7.5000    0.0000   -7.5000 2769.4668   13.9304
    0.0000    0.0000   -7.5000 2722.6492   14.1399
    7.5000    0.0000   -7.5000 2632.1719   14.6446
   -7.5000    7.5000   -7.5000 2667.0791   14.6724
    0.0000    7.5000   -7.5000 2623.1240   14.9065
    7.5000    7.5000   -7.5000 2542.9868   15.4159
   -7.5000   15.0000   -7.5000 2533.7124   15.6634
    0.0000   15.0000   -7.5000 2494.9758   15.9287
    7.5000   15.0000   -7.5000 2426.9094   16.5007
   -7.5000   22.5000   -7.5000 2391.7327   17.0582
    0.0000   22.5000   -7.5000 2356.3252   17.3512
    7.5000   22.5000   -7.5000 2294.8005   17.9935
   -7.5000   30.0000   -7.5000 2238.4651   19.0153
    0.0000   30.0000   -7.5000 2201.8345   19.2829
    7.5000   30.0000   -7.5000 2149.0200   19.9905
   -7.5000   37.5000   -7.5000 2079.1387   21.6760
    0.0000   37.5000   -7.5000 2046.9626   22.0088
    7.5000   37.5000   -7.5000 1998.6550   22.7919
   -7.5000   45.0000   -7.5000 1921.9114   25.1948
    0.0000   45.0000   -7.5000 1897.1785   25.6229
    7.5000   45.0000   -7.5000 1851.7902   26.5841
   -7.5000  -45.0000    0.0000 2655.6394   14.1919
    0.0000  -45.0000    0.0000 2630.7170   14.3603
    7.5000  -45.0000    0.0000 2587.7351   15.0511
   -7.5000  -37.5000    0.0000 2758.8135   13.3497
    0.0000  -37.5000    0.0000 2721.0974   13.5420
    7.5000  -37.5000    0.0000 2668.1538   14.2115
   -7.5000  -30.0000    0.0000 2845.7319   12.8498
    0.0000  -30.0000    0.0000 2799.2532   13.0868
    7.5000  -30.0000    0.0000 2728.6873   13.7082
   -7.5000  -22.5000    0.0000 2903.3503   12.6075
    0.0000  -22.5000    0.0000 2849.0615   12.9138
    7.5000  -22.5000    0.0000 2763.9683   13.5178
   -7.5000  -15.0000    0.0000 2912.9570   12.6707
    0.0000  -15.0000    0.0000 2857.0449   12.9951
    7.5000  -15.0000    0.0000 2762.0996   13.5687
   -7.5000   -7.5000    0.0000 2873.7463   13.0851
    0.0000   -7.5000    0.0000 2828.9573   13.3565
    7.5000   -7.5000    0.0000 2735.2456   13.8774
   -7.5000    0.0000    0.0000 2796.0071   13.6887
    0.0000    0.0000    0.0000 2752.7778   13.9133
    7.5000    0.0000    0.0000 2662.4087   14.4411
   -7.5000    7.5000    0.0000 2685.3088   14.4618
    0.0000    7.5000    0.0000 2646.1191   14.6886
    7.5000    7.5000    0.0000 2564.5193   15.2266
   -7.5000   15.0000    0.0000 2550.9858   15.4573
    0.0000   15.0000    0.0000 2517.2563   15.6982
    7.5000   15.0000    0.0000 2445.7935   16.2758
   -7.5000   22.5000    0.0000 2404.9680   16.8412
    0.0000   22.5000    0.0000 2373.8340   17.1168
    7.5000   22.5000    0.0000 2314.5129   17.7425
   -7.5000   30.0000    0.0000 2252.6414   18.7028
    0.0000   30.0000    0.0000 2218.5706   19.0185
    7.5000   30.0000    0.0000 2165.1377   19.6829
   -7.5000   37.5000    0.0000 2088.8647   21.2067
    0.0000   37.5000    0.0000 2060.1484   21.5711
    7.5000   37.5000    0.0000 2010.9716   22.3440
   -7.5000   45.0000    0.0000 1930.6848   24.5196
    0.0000   45.0000    0.0000 1901.5350   24.9401
    7.5000   45.0000    0.0000 1859.8594   25.8785
   -7.5000  -45.0000    7.5000 2660.4187   14.1399
    0.0000  -45.0000    7.5000 2636.7634   14.3456
    7.5000  -45.0000    7.5000 2590.1812   15.0112
   -7.5000  -37.5000    7.5000 2764.7095   13.2678
    0.0000  -37.5000    7.5000 2733.3796   13.5069
    7.5000  -37.5000    7.5000 2677.0503   14.1574
   -7.5000  -30.0000    7.5000 2858.1140   12.7839
    0.0000  -30.0000    7.5000 2816.6538   13.0341
    7.5000  -30.0000    7.5000 2745.8911   13.6628
   -7.5000  -22.5000    7.5000 2919.1604   12.5912
    0.0000  -22.5000    7.5000 2863.9050   12.8805
    7.5000  -22.5000    7.5000 2778.3943   13.4931
   -7.5000  -15.0000    7.5000 2926.8750   12.6497
    0.0000  -15.0000    7.5000 2867.0764   13.0149
    7.5000  -15.0000    7.5000 2775.8787   13.5648
   -7.5000   -7.5000    7.5000 2881.9075   13.0493
    0.0000   -7.5000    7.5000 2839.1521   13.3506
    7.5000   -7.5000    7.5000 2749.4514   13.8779
   -7.5000    0.0000    7.5000 2791.5991   13.6654
    0.0000    0.0000    7.5000 2755.3501   13.9217
    7.5000    0.0000    7.5000 2669.8457   14.4163
   -7.5000    7.5000    7.5000 2680.5671   14.4564
    0.0000    7.5000    7.5000 2643.5359   14.6996
    7.5000    7.5000    7.5000 2566.6948   15.2188
   -7.5000   15.0000    7.5000 2543.1677   15.4836
    0.0000   15.0000    7.5000 2511.1572   15.7398
    7.5000   15.0000    7.5000 2440.9963   16.2969
   -7.5000   22.5000    7.5000 2397.9001   16.8568
    0.0000   22.5000    7.5000 2370.9961   17.1492
    7.5000   22.5000    7.5000 2312.9924   17.7427
   -7.5000   30.0000    7.5000 2243.8796   18.6431
    0.0000   30.0000    7.5000 2216.7656   18.9658
    7.5000   30.0000    7.5000 2166.6611   19.6526
   -7.5000   37.5000    7.5000 2084.1108   21.0388
    0.0000   37.5000    7.5000 2056.3740   21.4490
    7.5000   37.5000    7.5000 2011.0958   22.2196
   -7.5000   45.0000    7.5000 1921.3275   24.2367
    0.0000   45.0000    7.5000 1900.3903   24.6766
    7.5000   45.0000    7.5000 1856.6091   25.6288
   -7.5000  -45.0000   15.0000 2643.7034   14.3346
    0.0000  -45.0000   15.0000 2626.2795   14.5481
    7.5000  -45.0000   15.0000 2576.8989   15.2238
   -7.5000  -37.5000   15.0000 2748.6470   13.4662
    0.0000  -37.5000   15.0000 2719.1533   13.6893
    7.5000  -37.5000   15.0000 2661.2683   14.3169
   -7.5000  -30.0000   15.0000 2832.3608   13.0061
    0.0000  -30.0000   15.0000 2798.1462   13.2073
    7.5000  -30.0000   15.0000 2727.6191   13.8370
   -7.5000  -22.5000   15.0000 2888.7034   12.7917
    0.0000  -22.5000   15.0000 2845.2029   13.0350
    7.5000  -22.5000   15.0000 2767.3125   13.6470
   -7.5000  -15.0000   15.0000 2892.5479   12.9617
    0.0000  -15.0000   15.0000 2850.9285   13.1863
    7.5000  -15.0000   15.0000 2760.6865   13.7164
   -7.5000   -7.5000   15.0000 2843.7253   13.3624
    0.0000   -7.5000   15.0000 2804.6770   13.5955
    7.5000   -7.5000   15.0000 2719.3982   14.0803
   -7.5000    0.0000   15.0000 2757.5474   13.8874
    0.0000    0.0000   15.0000 2723.0029   14.1577
    7.5000    0.0000   15.0000 2642.8496   14.6451
   -7.5000    7.5000   15.0000 2647.9653   14.6394
    0.0000    7.5000   15.0000 2615.5769   14.9014
    7.5000    7.5000   15.0000 2542.6489   15.4244
   -7.5000   15.0000   15.0000 2514.7336   15.6516
    0.0000   15.0000   15.0000 2488.2964   15.9043
    7.5000   15.0000   15.0000 2422.9355   16.4820
   -7.5000   22.5000   15.0000 2377.4075   16.9905
    0.0000   22.5000   15.0000 2350.3833   17.2769
    7.5000   22.5000   15.0000 2291.3098   17.8907
   -7.5000   30.0000   15.0000 2218.9673   18.7522
    0.0000   30.0000   15.0000 2197.7644   19.0722
    7.5000   30.0000   15.0000 2153.1133   19.7738
   -7.5000   37.5000   15.0000 2061.7908   21.0750
    0.0000   37.5000   15.0000 2039.5082   21.4627
    7.5000   37.5000   15.0000 1998.3846   22.3031
   -7.5000   45.0000   15.0000 1899.8744   24.2662
    0.0000   45.0000   15.0000 1882.3484   24.6703
    7.5000   45.0000   15.0000 1842.4442   25.6738
   -7.5000  -45.0000   22.5000 2608.6724   14.8305
    0.0000  -45.0000   22.5000 2596.7517   15.0088
    7.5000  -45.0000   22.5000 2547.7771   15.6391
   -7.5000  -37.5000   22.5000 2707.7043   13.9426
    0.0000  -37.5000   22.5000 2686.6536   14.1116
    7.5000  -37.5000   22.5000 2628.1211   14.7085
   -7.5000  -30.0000   22.5000 2787.3076   13.4305
    0.0000  -30.0000   22.5000 2758.3379   13.6055
    7.5000  -30.0000   22.5000 2692.3596   14.1977
   -7.5000  -22.5000   22.5000 2838.0637   13.2163
    0.0000  -22.5000   22.5000 2803.3647   13.4015
    7.5000  -22.5000   22.5000 2731.3120   13.9788
   -7.5000  -15.0000   22.5000 2836.6780   13.3948
    0.0000  -15.0000   22.5000 2802.6477   13.5468
    7.5000  -15.0000   22.5000 2724.6760   14.0676
   -7.5000   -7.5000   22.5000 2786.5212   13.8118
    0.0000   -7.5000   22.5000 2749.6184   13.9627
    7.5000   -7.5000   22.5000 2679.5818   14.4573
   -7.5000    0.0000   22.5000 2697.1021   14.3877
    0.0000    0.0000   22.5000 2663.8303   14.5533
    7.5000    0.0000   22.5000 2597.0220   15.0575
   -7.5000    7.5000   22.5000 2593.2061   15.1500
    0.0000    7.5000   22.5000 2560.5088   15.3333
    7.5000    7.5000   22.5000 2500.4719   15.8256
   -7.5000   15.0000   22.5000 2472.3413   16.1153
    0.0000   15.0000   22.5000 2440.2749   16.3427
    7.5000   15.0000   22.5000 2383.6592   16.9060
   -7.5000   22.5000   22.5000 2340.2935   17.3809
    0.0000   22.5000   22.5000 2309.9956   17.6714
    7.5000   22.5000   22.5000 2254.9253   18.3009
   -7.5000   30.0000   22.5000 2185.8250   19.1217
    0.0000   30.0000   22.5000 2163.8354   19.4536
    7.5000   30.0000   22.5000 2122.1689   20.1063
   -7.5000   37.5000   22.5000 2033.3906   21.3995
    0.0000   37.5000   22.5000 2011.2037   21.8213
    7.5000   37.5000   22.5000 1972.7463   22.5632
   -7.5000   45.0000   22.5000 1875.5006   24.4931
    0.0000   45.0000   22.5000 1859.5123   24.9340
    7.5000   45.0000   22.5000 1822.8385   25.8770
   -7.5000  -45.0000   30.0000 2558.1313   15.5769
    0.0000  -45.0000   30.0000 2543.5117   15.7644
    7.5000  -45.0000   30.0000 2497.0312   16.3477
   -7.5000  -37.5000   30.0000 2650.2197   14.6291
    0.0000  -37.5000   30.0000 2630.0208   14.8093
    7.5000  -37.5000   30.0000 2571.9863   15.3633
   -7.5000  -30.0000   30.0000 2722.5454   14.0524
    0.0000  -30.0000   30.0000 2695.3108   14.2251
    7.5000  -30.0000   30.0000 2633.1753   14.7778
   -7.5000  -22.5000   30.0000 2765.9084   13.8575
    0.0000  -22.5000   30.0000 2737.3228   14.0031
    7.5000  -22.5000   30.0000 2677.7439   14.5248
   -7.5000  -15.0000   30.0000 2756.1350   14.0119
    0.0000  -15.0000   30.0000 2730.1367   14.1404
    7.5000  -15.0000   30.0000 2667.9731   14.6207
   -7.5000   -7.5000   30.0000 2704.4529   14.4230
    0.0000   -7.5000   30.0000 2674.5002   14.5506
    7.5000   -7.5000   30.0000 2614.5867   15.0305
   -7.5000    0.0000   30.0000 2619.2964   15.0317
    0.0000    0.0000   30.0000 2591.6794   15.1746
    7.5000    0.0000   30.0000 2540.6372   15.6496
   -7.5000    7.5000   30.0000 2520.2771   15.8203
    0.0000    7.5000   30.0000 2491.3418   15.9858
    7.5000    7.5000   30.0000 2442.9685   16.4612
   -7.5000   15.0000   30.0000 2409.6340   16.8187
    0.0000   15.0000   30.0000 2383.8298   17.0075
    7.5000   15.0000   30.0000 2336.1526   17.5477
   -7.5000   22.5000   30.0000 2286.8318   18.0519
    0.0000   22.5000   30.0000 2261.8464   18.3373
    7.5000   22.5000   30.0000 2213.5508   18.9596
   -7.5000   30.0000   30.0000 2141.4070   19.7685
    0.0000   30.0000   30.0000 2115.5757   20.1095
    7.5000   30.0000   30.0000 2078.6638   20.7832
   -7.5000   37.5000   30.0000 1991.0879   22.0936
    0.0000   37.5000   30.0000 1973.9252   22.5026
    7.5000   37.5000   30.0000 1940.1904   23.1978
   -7.5000   45.0000   30.0000 1836.5421   25.1285
    0.0000   45.0000   30.0000 1826.5339   25.6014
    7.5000   45.0000   30.0000 1796.0300   26.3930
   -7.5000  -45.0000   37.5000 2488.7080   16.5836
    0.0000  -45.0000   37.5000 2476.5537   16.7870
    7.5000  -45.0000   37.5000 2434.4426   17.3378
   -7.5000  -37.5000   37.5000 2576.9775   15.5604
    0.0000  -37.5000   37.5000 2559.1982   15.7387
    7.5000  -37.5000   37.5000 2508.4299   16.2644
   -7.5000  -30.0000   37.5000 2645.5073   14.9160
    0.0000  -30.0000   37.5000 2626.1060   15.1052
    7.5000  -30.0000   37.5000 2572.4878   15.6000
   -7.5000  -22.5000   37.5000 2680.3069   14.7009
    0.0000  -22.5000   37.5000 2661.1335   14.8226
    7.5000  -22.5000   37.5000 2609.0886   15.2856
   -7.5000  -15.0000   37.5000 2664.5063   14.8463
    0.0000  -15.0000   37.5000 2642.0586   14.9477
    7.5000  -15.0000   37.5000 2594.3801   15.3698
   -7.5000   -7.5000   37.5000 2611.4314   15.2583
    0.0000   -7.5000   37.5000 2587.8176   15.3717
    7.5000   -7.5000   37.5000 2539.8643   15.7811
   -7.5000    0.0000   37.5000 2529.0537   15.8849
    0.0000    0.0000   37.5000 2506.8271   16.0179
    7.5000    0.0000   37.5000 2467.8889   16.4505
   -7.5000    7.5000   37.5000 2436.2942   16.7160
    0.0000    7.5000   37.5000 2416.4761   16.8809
    7.5000    7.5000   37.5000 2378.6912   17.3371
   -7.5000   15.0000   37.5000 2332.4666   17.7454
    0.0000   15.0000   37.5000 2314.0625   17.9459
    7.5000   15.0000   37.5000 2274.3237   18.4649
   -7.5000   22.5000   37.5000 2219.4792   19.0173
    0.0000   22.5000   37.5000 2201.5127   19.2703
    7.5000   22.5000   37.5000 2158.0642   19.8817
   -7.5000   30.0000   37.5000 2089.8394   20.7415
    0.0000   30.0000   37.5000 2070.5432   21.0650
    7.5000   30.0000   37.5000 2026.8112   21.7115
   -7.5000   37.5000   37.5000 1945.6404   23.0510
    0.0000   37.5000   37.5000 1930.2101   23.4628
    7.5000   37.5000   37.5000 1892.6277   24.1608
   -7.5000   45.0000   37.5000 1794.1178   26.1468
    0.0000   45.0000   37.5000 1781.7887   26.6292
    7.5000   45.0000   37.5000 1753.4517   27.3874
   -7.5000  -45.0000   45.0000 2412.7939   17.9201
    0.0000  -45.0000   45.0000 2405.4324   18.1041
    7.5000  -45.0000   45.0000 2366.1870   18.6195
   -7.5000  -37.5000   45.0000 2494.7656   16.7835
    0.0000  -37.5000   45.0000 2486.3323   16.9565
    7.5000  -37.5000   45.0000 2440.1909   17.4494
   -7.5000  -30.0000   45.0000 2553.2305   16.0860
    0.0000  -30.0000   45.0000 2540.7952   16.2444
    7.5000  -30.0000   45.0000 2497.3525   16.6860
   -7.5000  -22.5000   45.0000 2582.4912   15.7889
    0.0000  -22.5000   45.0000 2569.8586   15.9087
    7.5000  -22.5000   45.0000 2525.7139   16.3290
   -7.5000  -15.0000   45.0000 2562.7988   15.8855
    0.0000  -15.0000   45.0000 2544.0747   16.0063
    7.5000  -15.0000   45.0000 2504.6299   16.3984
   -7.5000   -7.5000   45.0000 2508.6602   16.3028
    0.0000   -7.5000   45.0000 2488.3936   16.4135
    7.5000   -7.5000   45.0000 2451.8037   16.8049
   -7.5000    0.0000   45.0000 2434.3184   16.9826
    0.0000    0.0000   45.0000 2413.1250   17.0821
    7.5000    0.0000   45.0000 2375.2214   17.5016
   -7.5000    7.5000   45.0000 2350.6411   17.8481
    0.0000    7.5000   45.0000 2332.4575   17.9998
    7.5000    7.5000   45.0000 2292.8586   18.4632
   -7.5000   15.0000   45.0000 2249.5439   18.9143
    0.0000   15.0000   45.0000 2233.0127   19.1644
    7.5000   15.0000   45.0000 2201.5432   19.6613
   -7.5000   22.5000   45.0000 2143.1763   20.2803
    0.0000   22.5000   45.0000 2127.8289   20.5754
    7.5000   22.5000   45.0000 2090.5156   21.1159
   -7.5000   30.0000   45.0000 2020.9191   22.0581
    0.0000   30.0000   45.0000 2004.3658   22.3350
    7.5000   30.0000   45.0000 1967.7992   22.9348
   -7.5000   37.5000   45.0000 1883.6456   24.4081
    0.0000   37.5000   45.0000 1868.1123   24.7275
    7.5000   37.5000   45.0000 1839.9938   25.4592
   -7.5000   45.0000   45.0000 1740.6094   27.5597
    0.0000   45.0000   45.0000 1725.4877   28.0451
    7.5000   45.0000   45.0000 1700.1802   28.8468

---------------------------------------------------------------------
imgreg_4dfp /opt/freesurfer/average/711-2C_as_mni_average_305 /opt/freesurfer/average/711-2B_as_mni_average_305_mask talsrcimg_g11 none talsrcimg_to_711-2C_as_mni_average_305_t4 1283
---------------------------------------------------------------------

freesurfer imgreg_4dfp.c
/opt/freesurfer/average/711-2C_as_mni_average_305.4dfp.img
       256       256       256         1
  1.000000  1.000000  1.000000
orientation T byte_order littleendian
Reading image: /opt/freesurfer/average/711-2C_as_mni_average_305.4dfp.img
dimensions:      256       256       256
mmppix:       1.0000   -1.0000   -1.0000
center:     128.0000 -129.0000 -129.0000
/opt/freesurfer/average/711-2B_as_mni_average_305_mask.4dfp.img
       256       256       256         1
  1.000000  1.000000  1.000000
orientation T byte_order littleendian
Reading mask: /opt/freesurfer/average/711-2B_as_mni_average_305_mask.4dfp.img (2306576 pixels)
talsrcimg_g11.4dfp.img
       256       256       256         1
  1.000000  1.000000  1.000000
orientation T byte_order littleendian
Reading image: talsrcimg_g11.4dfp.img
dimensions:      256       256       256
mmppix:       1.0000   -1.0000   -1.0000
center:     128.0000 -129.0000 -129.0000
rotation matrix determinant  1.000000
fimgreg.f
image alignment mode   1283 decimal      503 hex
parameters
   -7.5000  -15.0000    7.5000    0.0000    0.0000    0.0000
eta,q 0.92025 12.58125
niter,ni,del,rscale     5    3   12.0000    1.2000
parameter  4-34.926556 ->  0.500000 qaram    1.1500
parameter  5  0.949095 ->  0.500000 qaram    1.1500
parameter  6 -0.728372 -> -0.500000 qaram    1.1500
parameters
   -8.3821  -17.2550    5.8469   -3.4500   -3.4500    3.4500
eta,q 0.92655 12.39935
  0.0858  0.0809  0.0800  0.0764  0.0741  0.0792
  0.0822  0.0794  0.0796  0.0761  0.0747  0.0780
  0.0801  0.0783  0.0789  0.0774  0.0754  0.0769
  0.0791  0.0794  0.0782  0.0789  0.0763  0.0749
  0.0807  0.0819  0.0791  0.0793  0.0783  0.0733
  0.0860  0.0857  0.0824  0.0794  0.0810  0.0736
  0.0917  0.0915  0.0872  0.0807  0.0840  0.0744
niter,ni,del,rscale     7    3   12.0000    1.2000
parameter  5  0.858833 ->  0.500000 qaram    1.3225
parameters
   -7.2484  -15.4629    5.0517   -6.7717   -7.4175    4.5339
eta,q 0.93175 12.45767
  0.0847  0.0854  0.0760  0.0732  0.0689  0.0748
  0.0789  0.0809  0.0744  0.0716  0.0680  0.0718
  0.0746  0.0773  0.0731  0.0711  0.0693  0.0691
  0.0734  0.0738  0.0719  0.0722  0.0712  0.0682
  0.0741  0.0718  0.0728  0.0749  0.0732  0.0685
  0.0754  0.0734  0.0756  0.0771  0.0759  0.0696
  0.0780  0.0777  0.0801  0.0788  0.0797  0.0716
niter,ni,del,rscale     7    3   12.0000    1.2000
parameters
   -6.1045  -14.6942    4.2500   -7.1941   -8.3702    5.3584
eta,q 0.93301 12.46751
  0.0814  0.0829  0.0731  0.0712  0.0742  0.0729
  0.0738  0.0764  0.0697  0.0697  0.0702  0.0696
  0.0696  0.0709  0.0678  0.0681  0.0672  0.0676
  0.0682  0.0682  0.0681  0.0678  0.0677  0.0671
  0.0686  0.0691  0.0689  0.0686  0.0705  0.0670
  0.0707  0.0727  0.0721  0.0698  0.0733  0.0681
  0.0730  0.0768  0.0773  0.0725  0.0767  0.0705
niter,ni,del,rscale     6    3   12.0000    1.2000
parameters
   -6.0547  -14.5913    4.0135   -7.2449   -8.5383    5.4115
eta,q 0.93309 12.47119
  0.0772  0.0801  0.0741  0.0709  0.0755  0.0717
  0.0709  0.0737  0.0702  0.0695  0.0716  0.0687
  0.0678  0.0686  0.0675  0.0678  0.0680  0.0673
  0.0670  0.0670  0.0670  0.0670  0.0670  0.0669
  0.0694  0.0699  0.0682  0.0680  0.0695  0.0671
  0.0723  0.0742  0.0707  0.0690  0.0724  0.0688
  0.0753  0.0781  0.0754  0.0713  0.0755  0.0715
niter,ni,del,rscale     5    3   12.0000    1.2000
parameters
   -6.0642  -14.6060    3.9620   -7.2612   -8.5573    5.4114
eta,q 0.93312 12.47134
  0.0771  0.0796  0.0745  0.0708  0.0758  0.0717
  0.0709  0.0733  0.0706  0.0694  0.0718  0.0686
  0.0677  0.0683  0.0676  0.0678  0.0682  0.0672
  0.0669  0.0669  0.0669  0.0669  0.0669  0.0669
  0.0695  0.0700  0.0681  0.0679  0.0693  0.0671
  0.0726  0.0744  0.0703  0.0689  0.0722  0.0688
  0.0755  0.0785  0.0749  0.0712  0.0753  0.0715
registration optimization eta report
parameter search radius
    6.0000    6.0000    6.0000    6.9000    7.9350    6.9000
100000*second partial in parameter space
       25.       32.       21.        8.       13.       10.
  0.0771  0.0796  0.0745  0.0708  0.0758  0.0717
  0.0709  0.0733  0.0706  0.0694  0.0718  0.0686
  0.0677  0.0683  0.0676  0.0678  0.0682  0.0672
  0.0669  0.0669  0.0669  0.0669  0.0669  0.0669
  0.0695  0.0700  0.0681  0.0679  0.0693  0.0671
  0.0726  0.0744  0.0703  0.0689  0.0722  0.0688
  0.0755  0.0785  0.0749  0.0712  0.0753  0.0715
   -6.0642  -14.6060    3.9620   -7.2612   -8.5573    5.4114
eta,q 0.93312 12.47134

---------------------------------------------------------------------
imgreg_4dfp /opt/freesurfer/average/711-2C_as_mni_average_305 /opt/freesurfer/average/711-2B_as_mni_average_305_mask talsrcimg_g11 none talsrcimg_to_711-2C_as_mni_average_305_t4 3335
---------------------------------------------------------------------

freesurfer imgreg_4dfp.c
/opt/freesurfer/average/711-2C_as_mni_average_305.4dfp.img
       256       256       256         1
  1.000000  1.000000  1.000000
orientation T byte_order littleendian
Reading image: /opt/freesurfer/average/711-2C_as_mni_average_305.4dfp.img
dimensions:      256       256       256
mmppix:       1.0000   -1.0000   -1.0000
center:     128.0000 -129.0000 -129.0000
/opt/freesurfer/average/711-2B_as_mni_average_305_mask.4dfp.img
       256       256       256         1
  1.000000  1.000000  1.000000
orientation T byte_order littleendian
Reading mask: /opt/freesurfer/average/711-2B_as_mni_average_305_mask.4dfp.img (2306576 pixels)
talsrcimg_g11.4dfp.img
       256       256       256         1
  1.000000  1.000000  1.000000
orientation T byte_order littleendian
Reading image: talsrcimg_g11.4dfp.img
dimensions:      256       256       256
mmppix:       1.0000   -1.0000   -1.0000
center:     128.0000 -129.0000 -129.0000
fimgreg.f
image alignment mode   3335 decimal      D07 hex
parameters
   -6.0642  -14.6060    3.9620   -1.5540   -1.4215   -1.9063
  -11.2274   13.5028    9.3257   13.9751  -14.8799  -12.4987
eta,q 0.93066 12.46633
niter,ni,del,rscale     5    3    5.0000    1.2000
parameter  4  2.653517 ->  0.500000 qaram    1.1500
parameter  5  2.222804 ->  0.500000 qaram    1.1500
parameter  6  1.406100 ->  0.500000 qaram    1.1500
parameters
   -6.1931  -14.4282    4.8300   -5.6940   -5.5615   -6.0463
  -10.5479   11.4484    6.7100   10.7949  -12.1227  -15.6519
eta,q 0.94602 11.63062
  0.0710  0.0707  0.0708  0.0612  0.0578  0.0541  0.0580  0.0569  0.0552  0.0550  0.0566  0.0543
  0.0700  0.0699  0.0700  0.0631  0.0592  0.0550  0.0566  0.0555  0.0548  0.0545  0.0556  0.0541
  0.0694  0.0695  0.0696  0.0659  0.0613  0.0568  0.0557  0.0549  0.0547  0.0544  0.0548  0.0540
  0.0693  0.0693  0.0693  0.0692  0.0638  0.0597  0.0553  0.0553  0.0549  0.0547  0.0543  0.0542
  0.0696  0.0694  0.0692  0.0730  0.0668  0.0627  0.0554  0.0566  0.0553  0.0555  0.0542  0.0546
  0.0703  0.0697  0.0693  0.0770  0.0699  0.0666  0.0561  0.0583  0.0561  0.0568  0.0543  0.0551
  0.0713  0.0703  0.0695  0.0812  0.0734  0.0710  0.0571  0.0607  0.0571  0.0584  0.0546  0.0557
niter,ni,del,rscale     7    3    5.0000    1.2000
parameter  2 -0.703037 -> -0.500000 qaram    1.1500
parameter  3  0.532749 ->  0.500000 qaram    1.1500
parameter  4  0.770756 ->  0.500000 qaram    1.3225
parameter  5  1.357812 ->  0.500000 qaram    1.3225
parameter  6  0.881134 ->  0.500000 qaram    1.3225
parameter 10 -0.503051 -> -0.500000 qaram    1.1500
parameter 12  0.726553 ->  0.500000 qaram    1.1500
parameters
   -6.4280  -13.0482    3.4500  -10.4550  -10.3225  -10.8073
  -10.9596   10.5836    8.1421   14.9349  -14.3445  -19.7919
eta,q 0.95541 11.11612
  0.0561  0.0573  0.0531  0.0506  0.0461  0.0443  0.0470  0.0474  0.0466  0.0477  0.0453  0.0446
  0.0548  0.0559  0.0529  0.0502  0.0470  0.0452  0.0460  0.0462  0.0460  0.0466  0.0450  0.0446
  0.0541  0.0548  0.0529  0.0509  0.0483  0.0461  0.0455  0.0456  0.0456  0.0458  0.0449  0.0447
  0.0540  0.0539  0.0532  0.0529  0.0503  0.0473  0.0454  0.0454  0.0454  0.0453  0.0450  0.0449
  0.0545  0.0534  0.0539  0.0562  0.0529  0.0499  0.0457  0.0458  0.0453  0.0451  0.0452  0.0453
  0.0556  0.0532  0.0548  0.0602  0.0560  0.0537  0.0464  0.0469  0.0455  0.0450  0.0455  0.0459
  0.0571  0.0534  0.0560  0.0647  0.0594  0.0582  0.0473  0.0489  0.0459  0.0453  0.0459  0.0467
niter,ni,del,rscale     7    3    5.0000    1.2000
parameter  2 -1.323294 -> -0.500000 qaram    1.3225
parameter  3  0.889005 ->  0.500000 qaram    1.3225
parameter  5  0.965837 ->  0.500000 qaram    1.5209
parameter  6  0.563292 ->  0.500000 qaram    1.5209
parameter 10 -0.549522 -> -0.500000 qaram    1.3225
parameters
   -6.9696  -11.4612    1.8630  -12.2252  -15.7976  -16.2824
  -12.3707    9.8446    8.1971   19.6959  -14.3758  -23.6331
eta,q 0.96287 10.64342
  0.0459  0.0502  0.0416  0.0446  0.0391  0.0384  0.0392  0.0401  0.0391  0.0419  0.0382  0.0376
  0.0449  0.0480  0.0416  0.0433  0.0393  0.0381  0.0384  0.0389  0.0385  0.0403  0.0377  0.0372
  0.0445  0.0460  0.0419  0.0422  0.0402  0.0385  0.0381  0.0382  0.0381  0.0389  0.0375  0.0372
  0.0446  0.0445  0.0426  0.0416  0.0418  0.0395  0.0381  0.0380  0.0380  0.0380  0.0374  0.0374
  0.0453  0.0432  0.0435  0.0425  0.0442  0.0407  0.0386  0.0385  0.0381  0.0375  0.0375  0.0380
  0.0464  0.0423  0.0448  0.0452  0.0472  0.0443  0.0394  0.0395  0.0384  0.0375  0.0378  0.0387
  0.0478  0.0419  0.0462  0.0494  0.0506  0.0488  0.0404  0.0412  0.0391  0.0378  0.0381  0.0397
niter,ni,del,rscale     7    3    5.0000    1.2000
parameter  2 -1.330267 -> -0.500000 qaram    1.5209
parameter  5  0.597902 ->  0.500000 qaram    1.7490
parameter 10 -0.628601 -> -0.500000 qaram    1.5209
parameters
   -7.1903   -9.6361    0.4593  -12.4262  -22.0941  -19.2703
  -12.6260    9.2265    8.0337   25.1711  -13.5681  -27.3243
eta,q 0.96952 10.32729
  0.0390  0.0457  0.0344  0.0369  0.0330  0.0339  0.0340  0.0345  0.0336  0.0387  0.0316  0.0310
  0.0378  0.0425  0.0339  0.0355  0.0323  0.0329  0.0330  0.0332  0.0329  0.0363  0.0312  0.0306
  0.0372  0.0396  0.0338  0.0344  0.0326  0.0323  0.0324  0.0324  0.0324  0.0341  0.0309  0.0305
  0.0371  0.0371  0.0341  0.0338  0.0338  0.0323  0.0322  0.0322  0.0322  0.0322  0.0308  0.0308
  0.0376  0.0351  0.0351  0.0336  0.0358  0.0334  0.0325  0.0327  0.0324  0.0311  0.0309  0.0315
  0.0384  0.0339  0.0365  0.0350  0.0388  0.0351  0.0332  0.0338  0.0330  0.0309  0.0310  0.0325
  0.0398  0.0333  0.0383  0.0379  0.0428  0.0394  0.0343  0.0356  0.0338  0.0317  0.0313  0.0336
niter,ni,del,rscale     7    3    5.0000    1.2000
parameter  2 -0.729399 -> -0.500000 qaram    1.7490
parameters
   -7.4675   -7.5373   -0.7729  -12.3766  -23.9722  -19.2687
  -13.2086    8.9787    7.9545   27.3691  -12.6102  -31.4212
eta,q 0.97305 10.31023
  0.0325  0.0418  0.0285  0.0308  0.0316  0.0318  0.0293  0.0307  0.0293  0.0352  0.0279  0.0274
  0.0312  0.0373  0.0279  0.0294  0.0292  0.0297  0.0283  0.0290  0.0284  0.0319  0.0276  0.0270
  0.0305  0.0334  0.0277  0.0283  0.0279  0.0282  0.0277  0.0279  0.0278  0.0292  0.0274  0.0270
  0.0305  0.0304  0.0280  0.0277  0.0277  0.0276  0.0276  0.0276  0.0276  0.0276  0.0273  0.0273
  0.0310  0.0286  0.0288  0.0276  0.0287  0.0279  0.0279  0.0280  0.0278  0.0274  0.0273  0.0280
  0.0321  0.0279  0.0302  0.0287  0.0313  0.0290  0.0287  0.0293  0.0284  0.0287  0.0274  0.0289
  0.0337  0.0285  0.0319  0.0314  0.0353  0.0324  0.0299  0.0312  0.0294  0.0311  0.0277  0.0300
niter,ni,del,rscale     7    3    5.0000    1.2000
parameters
   -7.6342   -6.9529   -1.5255  -12.0226  -24.8698  -19.2809
  -13.5193    8.7881    7.7042   28.9811  -12.1273  -34.2862
eta,q 0.97343 10.35292
  0.0293  0.0354  0.0281  0.0303  0.0311  0.0314  0.0286  0.0300  0.0283  0.0336  0.0271  0.0271
  0.0279  0.0310  0.0273  0.0288  0.0287  0.0291  0.0276  0.0283  0.0275  0.0303  0.0269  0.0267
  0.0271  0.0281  0.0269  0.0276  0.0272  0.0275  0.0270  0.0272  0.0269  0.0280  0.0267  0.0266
  0.0270  0.0269  0.0269  0.0268  0.0268  0.0268  0.0268  0.0268  0.0268  0.0268  0.0267  0.0267
  0.0274  0.0273  0.0275  0.0267  0.0273  0.0269  0.0271  0.0272  0.0270  0.0269  0.0267  0.0271
  0.0284  0.0290  0.0286  0.0277  0.0294  0.0280  0.0278  0.0284  0.0276  0.0282  0.0268  0.0278
  0.0300  0.0314  0.0301  0.0304  0.0329  0.0324  0.0290  0.0305  0.0286  0.0306  0.0270  0.0287
niter,ni,del,rscale     6    3    5.0000    1.2000
parameters
   -7.7419   -6.7698   -2.0894  -11.8613  -25.6324  -19.6825
  -13.5345    8.5867    7.4064   29.8737  -12.6141  -35.6913
eta,q 0.97349 10.35143
  0.0291  0.0333  0.0279  0.0301  0.0307  0.0311  0.0286  0.0298  0.0280  0.0325  0.0269  0.0273
  0.0276  0.0294  0.0270  0.0286  0.0285  0.0287  0.0275  0.0281  0.0272  0.0294  0.0267  0.0268
  0.0268  0.0272  0.0266  0.0274  0.0270  0.0272  0.0268  0.0270  0.0267  0.0274  0.0266  0.0265
  0.0266  0.0266  0.0266  0.0265  0.0265  0.0265  0.0266  0.0266  0.0266  0.0266  0.0266  0.0265
  0.0270  0.0274  0.0271  0.0264  0.0270  0.0265  0.0268  0.0269  0.0268  0.0269  0.0266  0.0268
  0.0280  0.0292  0.0280  0.0277  0.0289  0.0280  0.0275  0.0282  0.0274  0.0283  0.0267  0.0273
  0.0295  0.0318  0.0294  0.0306  0.0323  0.0332  0.0286  0.0304  0.0282  0.0308  0.0270  0.0281
niter,ni,del,rscale     5    3    5.0000    1.2000
parameters
   -7.7881   -6.6227   -2.4009  -11.8208  -26.1141  -20.0354
  -13.4965    8.4786    7.3837   30.3302  -12.7587  -36.1156
eta,q 0.97345 10.33368
  0.0291  0.0329  0.0282  0.0300  0.0308  0.0312  0.0286  0.0298  0.0281  0.0319  0.0269  0.0277
  0.0276  0.0291  0.0272  0.0285  0.0285  0.0288  0.0275  0.0281  0.0272  0.0290  0.0267  0.0269
  0.0268  0.0270  0.0266  0.0273  0.0270  0.0272  0.0268  0.0270  0.0267  0.0272  0.0266  0.0266
  0.0265  0.0265  0.0265  0.0265  0.0265  0.0265  0.0266  0.0266  0.0266  0.0266  0.0266  0.0266
  0.0269  0.0273  0.0269  0.0264  0.0269  0.0264  0.0268  0.0269  0.0268  0.0270  0.0266  0.0267
  0.0278  0.0291  0.0277  0.0278  0.0287  0.0280  0.0275  0.0281  0.0273  0.0285  0.0267  0.0272
  0.0293  0.0316  0.0289  0.0307  0.0319  0.0332  0.0286  0.0302  0.0281  0.0310  0.0270  0.0278
niter,ni,del,rscale     4    3    5.0000    1.2000
parameters
   -7.8181   -6.5158   -2.5555  -11.8293  -26.3896  -20.2418
  -13.4986    8.4066    7.3766   30.5781  -12.6926  -36.2371
eta,q 0.97340 10.31826
  0.0291  0.0325  0.0284  0.0300  0.0308  0.0313  0.0286  0.0299  0.0281  0.0317  0.0270  0.0278
  0.0277  0.0290  0.0273  0.0285  0.0286  0.0289  0.0275  0.0281  0.0273  0.0288  0.0267  0.0270
  0.0268  0.0270  0.0267  0.0274  0.0271  0.0273  0.0268  0.0270  0.0268  0.0271  0.0266  0.0267
  0.0266  0.0265  0.0266  0.0266  0.0266  0.0266  0.0266  0.0266  0.0266  0.0266  0.0266  0.0266
  0.0269  0.0273  0.0269  0.0265  0.0269  0.0264  0.0268  0.0269  0.0268  0.0271  0.0266  0.0268
  0.0278  0.0291  0.0276  0.0278  0.0285  0.0279  0.0275  0.0281  0.0273  0.0286  0.0267  0.0272
  0.0293  0.0315  0.0287  0.0308  0.0316  0.0329  0.0286  0.0301  0.0281  0.0312  0.0270  0.0278
niter,ni,del,rscale     3    3    5.0000    1.2000
parameters
   -7.8371   -6.4458   -2.6405  -11.8470  -26.5760  -20.3579
  -13.5140    8.3627    7.3346   30.7330  -12.5328  -36.2687
eta,q 0.97337 10.30575
  0.0292  0.0323  0.0285  0.0300  0.0308  0.0313  0.0286  0.0299  0.0281  0.0315  0.0270  0.0278
  0.0277  0.0289  0.0274  0.0286  0.0287  0.0289  0.0275  0.0282  0.0273  0.0288  0.0268  0.0271
  0.0269  0.0270  0.0268  0.0274  0.0272  0.0273  0.0268  0.0271  0.0268  0.0271  0.0267  0.0267
  0.0266  0.0266  0.0266  0.0266  0.0266  0.0266  0.0266  0.0266  0.0266  0.0266  0.0266  0.0266
  0.0269  0.0274  0.0269  0.0265  0.0269  0.0265  0.0269  0.0269  0.0268  0.0271  0.0266  0.0268
  0.0278  0.0291  0.0276  0.0278  0.0285  0.0278  0.0276  0.0281  0.0273  0.0286  0.0267  0.0272
  0.0292  0.0316  0.0286  0.0308  0.0315  0.0327  0.0286  0.0301  0.0281  0.0312  0.0270  0.0278
niter,ni,del,rscale     2    3    5.0000    1.2000
parameters
   -7.8477   -6.3998   -2.6924  -11.8610  -26.7104  -20.4294
  -13.5166    8.3410    7.2725   30.8372  -12.4168  -36.2682
eta,q 0.97335 10.29635
  0.0292  0.0322  0.0285  0.0300  0.0308  0.0313  0.0286  0.0299  0.0281  0.0315  0.0270  0.0279
  0.0278  0.0289  0.0274  0.0286  0.0287  0.0289  0.0275  0.0282  0.0273  0.0288  0.0268  0.0271
  0.0269  0.0270  0.0268  0.0274  0.0272  0.0273  0.0269  0.0271  0.0268  0.0272  0.0267  0.0267
  0.0266  0.0266  0.0266  0.0266  0.0266  0.0266  0.0266  0.0266  0.0266  0.0266  0.0266  0.0266
  0.0269  0.0274  0.0269  0.0266  0.0269  0.0265  0.0269  0.0269  0.0268  0.0271  0.0267  0.0268
  0.0278  0.0291  0.0276  0.0279  0.0284  0.0278  0.0276  0.0281  0.0273  0.0287  0.0268  0.0272
  0.0292  0.0316  0.0286  0.0308  0.0314  0.0326  0.0286  0.0301  0.0282  0.0312  0.0270  0.0278
niter,ni,del,rscale     1    3    5.0000    1.2000
parameters
   -7.8533   -6.3657   -2.7210  -11.8749  -26.8117  -20.4752
  -13.5109    8.3285    7.2350   30.9119  -12.3247  -36.2767
eta,q 0.97334 10.28937
  0.0292  0.0322  0.0286  0.0300  0.0309  0.0313  0.0286  0.0299  0.0281  0.0314  0.0270  0.0279
  0.0278  0.0289  0.0275  0.0286  0.0287  0.0290  0.0275  0.0282  0.0273  0.0288  0.0268  0.0271
  0.0269  0.0270  0.0268  0.0274  0.0272  0.0273  0.0269  0.0271  0.0268  0.0272  0.0267  0.0268
  0.0266  0.0266  0.0267  0.0267  0.0267  0.0267  0.0267  0.0267  0.0267  0.0267  0.0267  0.0267
  0.0269  0.0274  0.0269  0.0266  0.0269  0.0265  0.0269  0.0269  0.0268  0.0272  0.0267  0.0268
  0.0278  0.0291  0.0276  0.0279  0.0284  0.0278  0.0276  0.0281  0.0274  0.0287  0.0268  0.0272
  0.0292  0.0316  0.0286  0.0308  0.0313  0.0325  0.0286  0.0301  0.0282  0.0313  0.0270  0.0278
registration optimization eta report
parameter search radius
    2.4000    4.1976    3.1740    9.5220   12.5928   10.9503
    7.2000    7.2000    7.2000   10.9503    7.2000    8.2800
100000*second partial in parameter space
       45.       30.       19.        4.        3.        5.
        4.        6.        3.        4.        1.        2.
  0.0292  0.0322  0.0286  0.0300  0.0309  0.0313  0.0286  0.0299  0.0281  0.0314  0.0270  0.0279
  0.0278  0.0289  0.0275  0.0286  0.0287  0.0290  0.0275  0.0282  0.0273  0.0288  0.0268  0.0271
  0.0269  0.0270  0.0268  0.0274  0.0272  0.0273  0.0269  0.0271  0.0268  0.0272  0.0267  0.0268
  0.0266  0.0266  0.0267  0.0267  0.0267  0.0267  0.0267  0.0267  0.0267  0.0267  0.0267  0.0267
  0.0269  0.0274  0.0269  0.0266  0.0269  0.0265  0.0269  0.0269  0.0268  0.0272  0.0267  0.0268
  0.0278  0.0291  0.0276  0.0279  0.0284  0.0278  0.0276  0.0281  0.0274  0.0287  0.0268  0.0272
  0.0292  0.0316  0.0286  0.0308  0.0313  0.0325  0.0286  0.0301  0.0282  0.0313  0.0270  0.0278
   -7.8533   -6.3657   -2.7210  -11.8749  -26.8117  -20.4752
  -13.5109    8.3285    7.2350   30.9119  -12.3247  -36.2767
eta,q 0.97334 10.28937

---------------------------------------------------------------------
imgreg_4dfp /opt/freesurfer/average/711-2C_as_mni_average_305 /opt/freesurfer/average/711-2B_as_mni_average_305_mask talsrcimg_g11 none talsrcimg_to_711-2C_as_mni_average_305_t4 2311
---------------------------------------------------------------------

freesurfer imgreg_4dfp.c
/opt/freesurfer/average/711-2C_as_mni_average_305.4dfp.img
       256       256       256         1
  1.000000  1.000000  1.000000
orientation T byte_order littleendian
Reading image: /opt/freesurfer/average/711-2C_as_mni_average_305.4dfp.img
dimensions:      256       256       256
mmppix:       1.0000   -1.0000   -1.0000
center:     128.0000 -129.0000 -129.0000
/opt/freesurfer/average/711-2B_as_mni_average_305_mask.4dfp.img
       256       256       256         1
  1.000000  1.000000  1.000000
orientation T byte_order littleendian
Reading mask: /opt/freesurfer/average/711-2B_as_mni_average_305_mask.4dfp.img (2306576 pixels)
talsrcimg_g11.4dfp.img
       256       256       256         1
  1.000000  1.000000  1.000000
orientation T byte_order littleendian
Reading image: talsrcimg_g11.4dfp.img
dimensions:      256       256       256
mmppix:       1.0000   -1.0000   -1.0000
center:     128.0000 -129.0000 -129.0000
fimgreg.f
image alignment mode   2311 decimal      907 hex
parameters
   -7.8533   -6.3657   -2.7210  -11.8749  -26.8117  -20.4752
  -13.5109    8.3285    7.2350   30.9119  -12.3247  -36.2767
eta,q 0.97334 10.28937
niter,ni,del,rscale     5    3    5.0000    0.8000
parameters
   -7.8557   -6.5929   -2.7788  -10.3669  -25.7514  -18.2481
  -12.9646    8.2802    7.5938   30.4527  -13.9333  -37.0824
eta,q 0.97387 10.49210
  0.0278  0.0272  0.0271  0.0280  0.0273  0.0277  0.0276  0.0282  0.0271  0.0270  0.0264  0.0266
  0.0272  0.0268  0.0268  0.0274  0.0269  0.0271  0.0269  0.0271  0.0266  0.0265  0.0262  0.0263
  0.0268  0.0267  0.0267  0.0270  0.0266  0.0267  0.0265  0.0265  0.0264  0.0263  0.0262  0.0261
  0.0267  0.0267  0.0266  0.0266  0.0265  0.0264  0.0263  0.0263  0.0263  0.0262  0.0262  0.0262
  0.0268  0.0268  0.0267  0.0265  0.0264  0.0263  0.0263  0.0265  0.0263  0.0264  0.0264  0.0263
  0.0272  0.0272  0.0269  0.0266  0.0265  0.0263  0.0266  0.0271  0.0265  0.0268  0.0266  0.0266
  0.0278  0.0276  0.0272  0.0270  0.0268  0.0265  0.0271  0.0282  0.0268  0.0273  0.0268  0.0269
niter,ni,del,rscale     4    3    5.0000    0.7000
parameters
   -7.9283   -6.8281   -2.2760  -10.3205  -25.1113  -17.9867
  -13.1158    8.4195    7.9589   30.0669  -14.4193  -36.6717
eta,q 0.97404 10.52886
  0.0271  0.0266  0.0270  0.0271  0.0267  0.0270  0.0268  0.0277  0.0267  0.0266  0.0263  0.0266
  0.0265  0.0263  0.0266  0.0266  0.0264  0.0266  0.0263  0.0268  0.0263  0.0262  0.0261  0.0263
  0.0262  0.0261  0.0263  0.0262  0.0262  0.0262  0.0261  0.0262  0.0261  0.0260  0.0260  0.0260
  0.0261  0.0261  0.0261  0.0260  0.0260  0.0260  0.0260  0.0260  0.0260  0.0260  0.0260  0.0260
  0.0263  0.0263  0.0260  0.0261  0.0260  0.0260  0.0261  0.0261  0.0260  0.0261  0.0261  0.0260
  0.0267  0.0266  0.0261  0.0265  0.0261  0.0263  0.0264  0.0266  0.0262  0.0264  0.0262  0.0261
  0.0273  0.0270  0.0263  0.0272  0.0264  0.0269  0.0269  0.0275  0.0265  0.0269  0.0264  0.0264
niter,ni,del,rscale     3    3    5.0000    0.6000
parameters
   -7.8812   -6.9311   -2.1891  -10.2952  -24.8431  -17.7711
  -13.2073    8.5581    8.0616   29.8613  -14.5325  -36.4867
eta,q 0.97408 10.54454
  0.0268  0.0264  0.0264  0.0268  0.0264  0.0267  0.0265  0.0272  0.0264  0.0265  0.0262  0.0264
  0.0264  0.0261  0.0262  0.0264  0.0262  0.0264  0.0262  0.0265  0.0261  0.0261  0.0261  0.0261
  0.0261  0.0260  0.0260  0.0261  0.0260  0.0261  0.0260  0.0261  0.0260  0.0260  0.0259  0.0260
  0.0260  0.0260  0.0260  0.0260  0.0260  0.0259  0.0259  0.0259  0.0259  0.0259  0.0259  0.0259
  0.0260  0.0261  0.0260  0.0260  0.0260  0.0259  0.0260  0.0260  0.0260  0.0260  0.0260  0.0260
  0.0263  0.0263  0.0261  0.0263  0.0261  0.0262  0.0262  0.0264  0.0261  0.0263  0.0261  0.0261
  0.0267  0.0266  0.0263  0.0269  0.0263  0.0266  0.0266  0.0270  0.0263  0.0266  0.0263  0.0263
niter,ni,del,rscale     2    3    5.0000    0.5000
parameters
   -7.8541   -6.9804   -2.1459  -10.2664  -24.6972  -17.6209
  -13.1961    8.6140    8.0814   29.7467  -14.5678  -36.3831
eta,q 0.97409 10.55369
  0.0265  0.0263  0.0263  0.0265  0.0263  0.0265  0.0264  0.0268  0.0262  0.0263  0.0261  0.0262
  0.0262  0.0261  0.0261  0.0262  0.0261  0.0262  0.0261  0.0263  0.0261  0.0261  0.0260  0.0260
  0.0260  0.0259  0.0260  0.0260  0.0260  0.0260  0.0260  0.0260  0.0260  0.0259  0.0259  0.0259
  0.0259  0.0259  0.0259  0.0259  0.0259  0.0259  0.0259  0.0259  0.0259  0.0259  0.0259  0.0259
  0.0260  0.0260  0.0259  0.0260  0.0259  0.0259  0.0260  0.0260  0.0260  0.0260  0.0259  0.0260
  0.0262  0.0261  0.0260  0.0262  0.0260  0.0261  0.0261  0.0263  0.0261  0.0261  0.0260  0.0260
  0.0265  0.0263  0.0262  0.0266  0.0262  0.0264  0.0264  0.0267  0.0262  0.0264  0.0261  0.0262
niter,ni,del,rscale     1    3    5.0000    0.4000
parameters
   -7.8487   -7.0095   -2.1160  -10.2135  -24.6295  -17.5114
  -13.1759    8.6392    8.1029   29.6852  -14.5660  -36.3467
eta,q 0.97409 10.56016
  0.0263  0.0261  0.0261  0.0263  0.0261  0.0263  0.0262  0.0265  0.0261  0.0262  0.0261  0.0261
  0.0261  0.0260  0.0260  0.0261  0.0260  0.0261  0.0260  0.0262  0.0260  0.0260  0.0260  0.0260
  0.0260  0.0259  0.0259  0.0260  0.0259  0.0260  0.0259  0.0260  0.0259  0.0259  0.0259  0.0259
  0.0259  0.0259  0.0259  0.0259  0.0259  0.0259  0.0259  0.0259  0.0259  0.0259  0.0259  0.0259
  0.0260  0.0260  0.0259  0.0259  0.0259  0.0259  0.0259  0.0260  0.0259  0.0260  0.0259  0.0259
  0.0261  0.0260  0.0260  0.0261  0.0260  0.0260  0.0260  0.0261  0.0260  0.0260  0.0260  0.0260
  0.0263  0.0262  0.0261  0.0263  0.0261  0.0262  0.0262  0.0264  0.0261  0.0262  0.0261  0.0261
registration optimization eta report
parameter search radius
    0.8000    0.8000    0.8000    2.4000    2.4000    2.4000
    2.4000    2.4000    2.4000    2.4000    2.4000    2.4000
100000*second partial in parameter space
       58.       39.       32.        7.        3.        6.
        5.       10.        3.        5.        3.        3.
  0.0263  0.0261  0.0261  0.0263  0.0261  0.0263  0.0262  0.0265  0.0261  0.0262  0.0261  0.0261
  0.0261  0.0260  0.0260  0.0261  0.0260  0.0261  0.0260  0.0262  0.0260  0.0260  0.0260  0.0260
  0.0260  0.0259  0.0259  0.0260  0.0259  0.0260  0.0259  0.0260  0.0259  0.0259  0.0259  0.0259
  0.0259  0.0259  0.0259  0.0259  0.0259  0.0259  0.0259  0.0259  0.0259  0.0259  0.0259  0.0259
  0.0260  0.0260  0.0259  0.0259  0.0259  0.0259  0.0259  0.0260  0.0259  0.0260  0.0259  0.0259
  0.0261  0.0260  0.0260  0.0261  0.0260  0.0260  0.0260  0.0261  0.0260  0.0260  0.0260  0.0260
  0.0263  0.0262  0.0261  0.0263  0.0261  0.0262  0.0262  0.0264  0.0261  0.0262  0.0261  0.0261
   -7.8487   -7.0095   -2.1160  -10.2135  -24.6295  -17.5114
  -13.1759    8.6392    8.1029   29.6852  -14.5660  -36.3467
eta,q 0.97409 10.56016

---------------------------------------------------------------------
imgreg_4dfp /opt/freesurfer/average/711-2C_as_mni_average_305 /opt/freesurfer/average/711-2B_as_mni_average_305_mask talsrcimg_g11 none talsrcimg_to_711-2C_as_mni_average_305_t4 2311
---------------------------------------------------------------------

freesurfer imgreg_4dfp.c
/opt/freesurfer/average/711-2C_as_mni_average_305.4dfp.img
       256       256       256         1
  1.000000  1.000000  1.000000
orientation T byte_order littleendian
Reading image: /opt/freesurfer/average/711-2C_as_mni_average_305.4dfp.img
dimensions:      256       256       256
mmppix:       1.0000   -1.0000   -1.0000
center:     128.0000 -129.0000 -129.0000
/opt/freesurfer/average/711-2B_as_mni_average_305_mask.4dfp.img
       256       256       256         1
  1.000000  1.000000  1.000000
orientation T byte_order littleendian
Reading mask: /opt/freesurfer/average/711-2B_as_mni_average_305_mask.4dfp.img (2306576 pixels)
talsrcimg_g11.4dfp.img
       256       256       256         1
  1.000000  1.000000  1.000000
orientation T byte_order littleendian
Reading image: talsrcimg_g11.4dfp.img
dimensions:      256       256       256
mmppix:       1.0000   -1.0000   -1.0000
center:     128.0000 -129.0000 -129.0000
fimgreg.f
image alignment mode   2311 decimal      907 hex
parameters
   -7.8487   -7.0095   -2.1160  -10.2135  -24.6295  -17.5114
  -13.1759    8.6392    8.1029   29.6852  -14.5660  -36.3467
eta,q 0.97409 10.56016
niter,ni,del,rscale     5    3    5.0000    0.8000
parameters
   -7.8362   -6.9889   -2.0809  -10.5922  -24.9017  -17.9058
  -13.2783    8.6030    8.0630   29.7352  -14.5217  -36.2922
eta,q 0.97404 10.52271
  0.0274  0.0269  0.0268  0.0272  0.0266  0.0270  0.0270  0.0280  0.0267  0.0271  0.0265  0.0267
  0.0266  0.0264  0.0263  0.0266  0.0263  0.0265  0.0264  0.0269  0.0263  0.0264  0.0262  0.0262
  0.0261  0.0260  0.0260  0.0261  0.0260  0.0261  0.0261  0.0262  0.0260  0.0261  0.0260  0.0260
  0.0259  0.0259  0.0259  0.0259  0.0259  0.0259  0.0260  0.0260  0.0259  0.0260  0.0260  0.0260
  0.0261  0.0260  0.0260  0.0261  0.0260  0.0260  0.0261  0.0262  0.0260  0.0261  0.0260  0.0261
  0.0266  0.0264  0.0263  0.0267  0.0263  0.0266  0.0265  0.0269  0.0263  0.0264  0.0262  0.0263
  0.0273  0.0269  0.0267  0.0278  0.0269  0.0277  0.0271  0.0280  0.0267  0.0270  0.0264  0.0266
niter,ni,del,rscale     4    3    5.0000    0.7000
parameters
   -7.8197   -6.9676   -2.1505  -10.4386  -24.7913  -17.8399
  -13.2584    8.6195    8.0649   29.7437  -14.5374  -36.3530
eta,q 0.97406 10.53609
  0.0271  0.0267  0.0265  0.0271  0.0265  0.0269  0.0268  0.0276  0.0265  0.0268  0.0264  0.0265
  0.0265  0.0263  0.0262  0.0266  0.0262  0.0265  0.0263  0.0267  0.0262  0.0263  0.0261  0.0261
  0.0261  0.0260  0.0260  0.0262  0.0260  0.0261  0.0260  0.0261  0.0260  0.0260  0.0260  0.0260
  0.0260  0.0260  0.0260  0.0260  0.0259  0.0259  0.0259  0.0259  0.0259  0.0259  0.0259  0.0259
  0.0261  0.0260  0.0260  0.0260  0.0260  0.0260  0.0260  0.0261  0.0260  0.0260  0.0260  0.0260
  0.0264  0.0263  0.0263  0.0263  0.0262  0.0263  0.0263  0.0266  0.0262  0.0263  0.0261  0.0262
  0.0270  0.0267  0.0266  0.0271  0.0265  0.0270  0.0268  0.0275  0.0265  0.0268  0.0263  0.0264
niter,ni,del,rscale     3    3    5.0000    0.6000
parameters
   -7.8285   -6.9889   -2.1443  -10.3476  -24.7194  -17.7117
  -13.2285    8.6302    8.0786   29.7274  -14.5704  -36.3477
eta,q 0.97408 10.54646
  0.0267  0.0265  0.0264  0.0268  0.0264  0.0267  0.0266  0.0271  0.0264  0.0266  0.0262  0.0263
  0.0263  0.0262  0.0261  0.0264  0.0261  0.0263  0.0262  0.0265  0.0261  0.0262  0.0261  0.0261
  0.0260  0.0260  0.0260  0.0261  0.0260  0.0261  0.0260  0.0260  0.0260  0.0260  0.0259  0.0260
  0.0259  0.0259  0.0259  0.0259  0.0259  0.0259  0.0259  0.0259  0.0259  0.0259  0.0259  0.0259
  0.0260  0.0260  0.0260  0.0260  0.0260  0.0259  0.0260  0.0261  0.0260  0.0260  0.0260  0.0260
  0.0263  0.0262  0.0261  0.0263  0.0261  0.0262  0.0262  0.0265  0.0261  0.0262  0.0261  0.0261
  0.0268  0.0265  0.0264  0.0268  0.0264  0.0267  0.0266  0.0271  0.0264  0.0265  0.0262  0.0263
niter,ni,del,rscale     2    3    5.0000    0.5000
parameters
   -7.8386   -7.0028   -2.1295  -10.2768  -24.6583  -17.5976
  -13.2005    8.6378    8.0858   29.7033  -14.5724  -36.3480
eta,q 0.97409 10.55468
  0.0265  0.0263  0.0262  0.0265  0.0262  0.0265  0.0264  0.0268  0.0262  0.0264  0.0261  0.0262
  0.0262  0.0261  0.0261  0.0262  0.0261  0.0262  0.0261  0.0263  0.0261  0.0261  0.0260  0.0260
  0.0260  0.0260  0.0260  0.0260  0.0260  0.0260  0.0260  0.0260  0.0259  0.0259  0.0259  0.0259
  0.0259  0.0259  0.0259  0.0259  0.0259  0.0259  0.0259  0.0259  0.0259  0.0259  0.0259  0.0259
  0.0260  0.0260  0.0259  0.0260  0.0259  0.0259  0.0260  0.0260  0.0259  0.0260  0.0259  0.0259
  0.0262  0.0261  0.0261  0.0262  0.0260  0.0261  0.0261  0.0263  0.0260  0.0261  0.0260  0.0260
  0.0265  0.0263  0.0262  0.0265  0.0262  0.0264  0.0264  0.0268  0.0262  0.0264  0.0261  0.0262
niter,ni,del,rscale     1    3    5.0000    0.4000
parameters
   -7.8414   -7.0181   -2.1111  -10.2271  -24.6100  -17.4943
  -13.1657    8.6449    8.0967   29.6834  -14.5716  -36.3382
eta,q 0.97409 10.56110
  0.0263  0.0262  0.0261  0.0263  0.0261  0.0263  0.0262  0.0265  0.0261  0.0262  0.0261  0.0261
  0.0261  0.0260  0.0260  0.0261  0.0260  0.0261  0.0260  0.0262  0.0260  0.0260  0.0260  0.0260
  0.0260  0.0259  0.0259  0.0260  0.0259  0.0260  0.0259  0.0260  0.0259  0.0259  0.0259  0.0259
  0.0259  0.0259  0.0259  0.0259  0.0259  0.0259  0.0259  0.0259  0.0259  0.0259  0.0259  0.0259
  0.0260  0.0259  0.0259  0.0259  0.0259  0.0259  0.0259  0.0260  0.0259  0.0259  0.0259  0.0259
  0.0261  0.0260  0.0260  0.0261  0.0260  0.0260  0.0260  0.0262  0.0260  0.0260  0.0260  0.0260
  0.0263  0.0262  0.0261  0.0263  0.0261  0.0262  0.0262  0.0265  0.0261  0.0262  0.0261  0.0261
registration optimization eta report
parameter search radius
    0.8000    0.8000    0.8000    2.4000    2.4000    2.4000
    2.4000    2.4000    2.4000    2.4000    2.4000    2.4000
100000*second partial in parameter space
       58.       39.       32.        7.        3.        6.
        5.       10.        4.        5.        3.        3.
  0.0263  0.0262  0.0261  0.0263  0.0261  0.0263  0.0262  0.0265  0.0261  0.0262  0.0261  0.0261
  0.0261  0.0260  0.0260  0.0261  0.0260  0.0261  0.0260  0.0262  0.0260  0.0260  0.0260  0.0260
  0.0260  0.0259  0.0259  0.0260  0.0259  0.0260  0.0259  0.0260  0.0259  0.0259  0.0259  0.0259
  0.0259  0.0259  0.0259  0.0259  0.0259  0.0259  0.0259  0.0259  0.0259  0.0259  0.0259  0.0259
  0.0260  0.0259  0.0259  0.0259  0.0259  0.0259  0.0259  0.0260  0.0259  0.0259  0.0259  0.0259
  0.0261  0.0260  0.0260  0.0261  0.0260  0.0260  0.0260  0.0262  0.0260  0.0260  0.0260  0.0260
  0.0263  0.0262  0.0261  0.0263  0.0261  0.0262  0.0262  0.0265  0.0261  0.0262  0.0261  0.0261
   -7.8414   -7.0181   -2.1111  -10.2271  -24.6100  -17.4943
  -13.1657    8.6449    8.0967   29.6834  -14.5716  -36.3382
eta,q 0.97409 10.56110

---------------------------------------------------------------------
compute_vox2vox talsrcimg talsrcimg_to_711-2C_as_mni_average_305_t4 /opt/freesurfer/average/711-2C_as_mni_average_305
---------------------------------------------------------------------

freesurfer compute_vox2vox.c
Reading: talsrcimg.4dfp.ifh
Reading: talsrcimg_to_711-2C_as_mni_average_305_t4
Reading: /opt/freesurfer/average/711-2C_as_mni_average_305.4dfp.ifh
Writing: talsrcimg_to_711-2C_as_mni_average_305_t4_vox2vox.txt

start time Sat Mar 14 10:30:49 CET 2026
end		time Sat Mar 14 10:31:03 CET 2026

mpr2mni305 success

avi2talxfm orig_nu.mgz /opt/freesurfer/average/mni305.cor.mgz talsrcimg_to_711-2C_as_mni_average_305_t4_vox2vox.txt transforms/talairach.auto.xfm
avi2talxfm done
mv -f /out/sourcedata/freesurfer/sub-v2s9x29163_ses-1/mri/talsrcimg_to_711-2C_as_mni_average_305_t4_vox2vox.txt /out/sourcedata/freesurfer/sub-v2s9x29163_ses-1/mri/transforms/talsrcimg_to_711-2C_as_mni_average_305_t4_vox2vox.txt
lta_convert --src orig_nu.mgz --trg /opt/freesurfer/average/mni305.cor.mgz --inxfm transforms/talairach.auto.xfm --outlta transforms/talairach.auto.xfm.lta --subject fsaverage
7.3.2

--src: orig_nu.mgz src image (geometry).
--trg: /opt/freesurfer/average/mni305.cor.mgz trg image (geometry).
--inmni: transforms/talairach.auto.xfm input MNI/XFM transform.
--outlta: transforms/talairach.auto.xfm.lta output LTA.
--s: fsaverage subject name
 LTA read, type : 1
 1.07862  -0.15407   0.11410   8.10193;
 0.11887   1.01594   0.51044   5.06969;
-0.16264  -0.38346   1.11320   4.72275;
 0.00000   0.00000   0.00000   1.00000;
setting subject to fsaverage
Writing  LTA to file transforms/talairach.auto.xfm.lta...
lta_convert successful.
 
 
Started at Sat Mar 14 10:30:48 CET 2026
Ended   at Sat Mar 14 10:31:03 CET 2026
talairach_avi done
