/out/sourcedata/freesurfer/sub-v2s9x29160_ses-1/mri
/opt/freesurfer/bin/talairach_avi
--i orig_nu.mgz --xfm transforms/talairach.auto.xfm
talairach_avi 7.3.2
Linux dna074 5.14.0-427.37.1.el9_4.x86_64 #1 SMP PREEMPT_DYNAMIC Fri Sep 13 12:41:50 EDT 2024 x86_64 x86_64 x86_64 GNU/Linux
Sat Mar 14 10:30:53 CET 2026
mri_convert orig_nu.mgz talsrcimg.img 
reading from orig_nu.mgz...
TR=0.00, TE=0.00, TI=0.00, flip angle=0.00
i_ras = (-1, 0, 0)
j_ras = (0, 0, -1)
k_ras = (0, 1, 0)
writing to talsrcimg.img...
Analyze Output Matrix
-1.00000   0.00000   0.00000   129.66513;
 0.00000   0.00000   1.00000  -128.00000;
 0.00000  -1.00000   0.00000   130.00000;
 0.00000   0.00000   0.00000   1.00000;
--------------------
INFO: set hdr.hist.orient to -1
mpr2mni305 talsrcimg
Sat Mar 14 10:30:54 CET 2026
/opt/freesurfer/bin/mpr2mni305 talsrcimg
mpr2mni305 7.3.2
target=711-2C_as_mni_average_305

---------------------------------------------------------------------
analyzeto4dfp talsrcimg -O0 -y
---------------------------------------------------------------------

freesurfer ifh2hdr.c
Sat Mar 14 10:30:54 2026
Writing: talsrcimg.4dfp.hdr
freesurfer analyzeto4dfp.c
Reading: talsrcimg.hdr
header size 348 bytes
hdr.dime.datatype	offset=70	value=2
hdr.dime.bitpix		offset=72	value=8
hdr.hist.orient		offset=252	value=-1
dimensionality     4
dimensions       256       256       256         1
Reading: talsrcimg.img
Writing: talsrcimg.4dfp.img
Writing: talsrcimg.4dfp.ifh
ifh2hdr talsrcimg -r0to216
ori=2

---------------------------------------------------------------------
gauss_4dfp talsrcimg 1.1
---------------------------------------------------------------------

freesurfer gauss_4dfp.c
Reading: talsrcimg.4dfp.img
Writing: talsrcimg_g11.4dfp.img
image dimensions 256 256 256 padded to 288 288 288
processing volume 1freesurfer ifh2hdr.c
Sat Mar 14 10:30:55 2026
Writing: talsrcimg_g11.4dfp.hdr

Writing: talsrcimg_g11.4dfp.ifh
including: talsrcimg.4dfp.img.rec in talsrcimg_g11.4dfp.img.rec

---------------------------------------------------------------------
imgreg_4dfp /opt/freesurfer/average/711-2C_as_mni_average_305 none talsrcimg_g11 none talsrcimg_to_711-2C_as_mni_average_305_t4 4355
---------------------------------------------------------------------

freesurfer imgreg_4dfp.c
/opt/freesurfer/average/711-2C_as_mni_average_305.4dfp.img
       256       256       256         1
  1.000000  1.000000  1.000000
orientation T byte_order littleendian
Reading image: /opt/freesurfer/average/711-2C_as_mni_average_305.4dfp.img
dimensions:      256       256       256
mmppix:       1.0000   -1.0000   -1.0000
center:     128.0000 -129.0000 -129.0000
talsrcimg_g11.4dfp.img
       256       256       256         1
  1.000000  1.000000  1.000000
orientation T byte_order littleendian
Reading image: talsrcimg_g11.4dfp.img
dimensions:      256       256       256
mmppix:       1.0000   -1.0000   -1.0000
center:     128.0000 -129.0000 -129.0000
t4_read: open error in t4_sub.f l:  41 t4_file(1:l)talsrcimg_to_711-2C_as_mni_average_305_t4 
t4_read: transform initialized to I4
rotation matrix determinant  1.000000
image alignment mode   4355 decimal     1103 hex
   -7.5000  -45.0000  -45.0000 7456.5493   18.6081
    0.0000  -45.0000  -45.0000 7878.8096   18.5930
    7.5000  -45.0000  -45.0000 7655.4116   18.6212
   -7.5000  -37.5000  -45.0000 7853.6328   18.6320
    0.0000  -37.5000  -45.0000 8318.0625   18.6209
    7.5000  -37.5000  -45.0000 8065.0015   18.6434
   -7.5000  -30.0000  -45.0000 8484.0713   18.6452
    0.0000  -30.0000  -45.0000 8998.0518   18.6320
    7.5000  -30.0000  -45.0000 8714.7979   18.6526
   -7.5000  -22.5000  -45.0000 9104.9229   18.6273
    0.0000  -22.5000  -45.0000 9628.3721   18.6080
    7.5000  -22.5000  -45.0000 9301.9551   18.6335
   -7.5000  -15.0000  -45.0000 9655.9609   18.5959
    0.0000  -15.0000  -45.000010209.8242   18.5730
    7.5000  -15.0000  -45.0000 9865.4307   18.6052
   -7.5000   -7.5000  -45.000010125.7637   18.5892
    0.0000   -7.5000  -45.000010717.0117   18.5683
    7.5000   -7.5000  -45.000010368.6768   18.6014
   -7.5000    0.0000  -45.000010499.3164   18.6073
    0.0000    0.0000  -45.000011108.7510   18.5923
    7.5000    0.0000  -45.000010763.3291   18.6205
   -7.5000    7.5000  -45.000010113.7432   18.6320
    0.0000    7.5000  -45.000010694.7041   18.6209
    7.5000    7.5000  -45.000010348.5244   18.6434
   -7.5000   15.0000  -45.0000 9607.1182   18.6452
    0.0000   15.0000  -45.000010145.0869   18.6320
    7.5000   15.0000  -45.0000 9787.7988   18.6526
   -7.5000   22.5000  -45.0000 8948.6533   18.6247
    0.0000   22.5000  -45.0000 9445.2578   18.6054
    7.5000   22.5000  -45.0000 9099.8086   18.6309
   -7.5000   30.0000  -45.0000 8251.8984   18.3481
    0.0000   30.0000  -45.0000 8714.7129   18.3255
    7.5000   30.0000  -45.0000 8384.8154   18.3573
   -7.5000   37.5000  -45.0000 7838.9863   18.3415
    0.0000   37.5000  -45.0000 8292.4092   18.3209
    7.5000   37.5000  -45.0000 7951.1382   18.3536
   -7.5000   45.0000  -45.0000 7118.3872   17.8934
    0.0000   45.0000  -45.0000 7538.3350   17.8790
    7.5000   45.0000  -45.0000 7241.2036   17.9061
   -7.5000  -45.0000  -37.5000 8031.1309   18.4879
    0.0000  -45.0000  -37.5000 8481.3613   18.4727
    7.5000  -45.0000  -37.5000 8231.8115   18.4923
   -7.5000  -37.5000  -37.5000 8450.0244   18.4983
    0.0000  -37.5000  -37.5000 8924.7832   18.4878
    7.5000  -37.5000  -37.5000 8653.7324   18.5054
   -7.5000  -30.0000  -37.5000 9110.2197   18.4976
    0.0000  -30.0000  -37.5000 9623.1953   18.4866
    7.5000  -30.0000  -37.5000 9326.2500   18.5056
   -7.5000  -22.5000  -37.5000 9741.9990   18.4797
    0.0000  -22.5000  -37.500010282.0254   18.4639
    7.5000  -22.5000  -37.5000 9942.0547   18.4872
   -7.5000  -15.0000  -37.500010319.3418   18.4619
    0.0000  -15.0000  -37.500010880.3486   18.4423
    7.5000  -15.0000  -37.500010516.7461   18.4685
   -7.5000   -7.5000  -37.500010810.0957   18.4686
    0.0000   -7.5000  -37.500011414.1533   18.4492
    7.5000   -7.5000  -37.500011030.9385   18.4731
   -7.5000    0.0000  -37.500011181.0010   18.4872
    0.0000    0.0000  -37.500011810.4941   18.4720
    7.5000    0.0000  -37.500011423.6465   18.4915
   -7.5000    7.5000  -37.500010774.8340   18.4983
    0.0000    7.5000  -37.500011381.3574   18.4878
    7.5000    7.5000  -37.500010995.2627   18.5054
   -7.5000   15.0000  -37.500010236.5186   18.4976
    0.0000   15.0000  -37.500010816.8418   18.4866
    7.5000   15.0000  -37.500010434.9209   18.5056
   -7.5000   22.5000  -37.5000 9520.8164   18.4772
    0.0000   22.5000  -37.500010051.0127   18.4613
    7.5000   22.5000  -37.5000 9667.6377   18.4847
   -7.5000   30.0000  -37.5000 8751.3037   18.2158
    0.0000   30.0000  -37.5000 9264.4932   18.1965
    7.5000   30.0000  -37.5000 8868.6904   18.2224
   -7.5000   37.5000  -37.5000 8271.2676   18.2225
    0.0000   37.5000  -37.5000 8774.5273   18.2033
    7.5000   37.5000  -37.5000 8383.6328   18.2269
   -7.5000   45.0000  -37.5000 7489.9956   17.7779
    0.0000   45.0000  -37.5000 7966.0957   17.7633
    7.5000   45.0000  -37.5000 7607.3276   17.7820
   -7.5000  -45.0000  -30.0000 8781.9863   19.2639
    0.0000  -45.0000  -30.0000 9272.3389   19.2440
    7.5000  -45.0000  -30.0000 8965.8340   19.2595
   -7.5000  -37.5000  -30.0000 9238.6348   19.2598
    0.0000  -37.5000  -30.0000 9753.2480   19.2481
    7.5000  -37.5000  -30.0000 9416.0693   19.2657
   -7.5000  -30.0000  -30.0000 9962.4307   19.2474
    0.0000  -30.0000  -30.000010489.6377   19.2391
    7.5000  -30.0000  -30.000010148.8223   19.2641
   -7.5000  -22.5000  -30.000010611.4502   19.2333
    0.0000  -22.5000  -30.000011190.2744   19.2205
    7.5000  -22.5000  -30.000010815.2852   19.2522
   -7.5000  -15.0000  -30.000011219.6787   19.2301
    0.0000  -15.0000  -30.000011834.9033   19.2104
    7.5000  -15.0000  -30.000011422.5635   19.2416
   -7.5000   -7.5000  -30.000011737.5859   19.2475
    0.0000   -7.5000  -30.000012385.9609   19.2239
    7.5000   -7.5000  -30.000011945.9170   19.2466
   -7.5000    0.0000  -30.000012132.4219   19.2630
    0.0000    0.0000  -30.000012792.4902   19.2432
    7.5000    0.0000  -30.000012359.6562   19.2586
   -7.5000    7.5000  -30.000011655.2881   19.2598
    0.0000    7.5000  -30.000012293.8604   19.2481
    7.5000    7.5000  -30.000011878.1113   19.2657
   -7.5000   15.0000  -30.000011086.6953   19.2474
    0.0000   15.0000  -30.000011716.6094   19.2391
    7.5000   15.0000  -30.000011264.3877   19.2641
   -7.5000   22.5000  -30.000010256.6074   19.2287
    0.0000   22.5000  -30.000010857.4346   19.2159
    7.5000   22.5000  -30.000010411.8779   19.2476
   -7.5000   30.0000  -30.0000 9400.4102   18.9756
    0.0000   30.0000  -30.0000 9955.7471   18.9562
    7.5000   30.0000  -30.0000 9516.9824   18.9870
   -7.5000   37.5000  -30.0000 8893.4482   18.9928
    0.0000   37.5000  -30.0000 9432.2783   18.9696
    7.5000   37.5000  -30.0000 8994.3154   18.9919
   -7.5000   45.0000  -30.0000 8029.7783   18.5376
    0.0000   45.0000  -30.0000 8533.3975   18.5185
    7.5000   45.0000  -30.0000 8133.0171   18.5334
   -7.5000  -45.0000  -22.5000 9546.7383   19.9279
    0.0000  -45.0000  -22.500010096.1904   19.9034
    7.5000  -45.0000  -22.5000 9759.6943   19.9239
   -7.5000  -37.5000  -22.500010033.0703   19.9221
    0.0000  -37.5000  -22.500010619.8379   19.9091
    7.5000  -37.5000  -22.500010250.7119   19.9315
   -7.5000  -30.0000  -22.500010808.6260   19.9126
    0.0000  -30.0000  -22.500011427.6826   19.9052
    7.5000  -30.0000  -22.500011032.5195   19.9378
   -7.5000  -22.5000  -22.500011495.3164   19.9047
    0.0000  -22.5000  -22.500012155.4062   19.8913
    7.5000  -22.5000  -22.500011747.6211   19.9335
   -7.5000  -15.0000  -22.500012113.9766   19.9039
    0.0000  -15.0000  -22.500012830.3887   19.8800
    7.5000  -15.0000  -22.500012372.0850   19.9224
   -7.5000   -7.5000  -22.500012666.5020   19.9168
    0.0000   -7.5000  -22.500013402.6416   19.8875
    7.5000   -7.5000  -22.500012914.4365   19.9183
   -7.5000    0.0000  -22.500013087.9824   19.9271
    0.0000    0.0000  -22.500013823.5254   19.9026
    7.5000    0.0000  -22.500013344.0479   19.9231
   -7.5000    7.5000  -22.500012543.4453   19.9221
    0.0000    7.5000  -22.500013249.1621   19.9091
    7.5000    7.5000  -22.500012782.7803   19.9315
   -7.5000   15.0000  -22.500011901.1504   19.9126
    0.0000   15.0000  -22.500012601.0918   19.9052
    7.5000   15.0000  -22.500012102.1865   19.9378
   -7.5000   22.5000  -22.500011014.2627   19.8986
    0.0000   22.5000  -22.500011676.9463   19.8852
    7.5000   22.5000  -22.500011182.1816   19.9273
   -7.5000   30.0000  -22.500010079.0938   19.6436
    0.0000   30.0000  -22.500010685.4775   19.6199
    7.5000   30.0000  -22.500010193.9180   19.6618
   -7.5000   37.5000  -22.5000 9496.5508   19.6563
    0.0000   37.5000  -22.500010082.7061   19.6274
    7.5000   37.5000  -22.5000 9633.2510   19.6578
   -7.5000   45.0000  -22.5000 8567.4307   19.1911
    0.0000   45.0000  -22.5000 9083.4062   19.1675
    7.5000   45.0000  -22.5000 8670.4873   19.1872
   -7.5000  -45.0000  -15.000010328.3486   20.3910
    0.0000  -45.0000  -15.000010939.5049   20.3668
    7.5000  -45.0000  -15.000010550.7002   20.3962
   -7.5000  -37.5000  -15.000010840.1133   20.3983
    0.0000  -37.5000  -15.000011469.9307   20.3855
    7.5000  -37.5000  -15.000011065.5098   20.4139
   -7.5000  -30.0000  -15.000011651.8760   20.4021
    0.0000  -30.0000  -15.000012335.3057   20.3935
    7.5000  -30.0000  -15.000011912.5684   20.4299
   -7.5000  -22.5000  -15.000012376.2666   20.3937
    0.0000  -22.5000  -15.000013107.3711   20.3774
    7.5000  -22.5000  -15.000012666.9775   20.4242
   -7.5000  -15.0000  -15.000013044.2842   20.3795
    0.0000  -15.0000  -15.000013815.5557   20.3517
    7.5000  -15.0000  -15.000013322.5225   20.4019
   -7.5000   -7.5000  -15.000013631.6309   20.3795
    0.0000   -7.5000  -15.000014429.2910   20.3481
    7.5000   -7.5000  -15.000013891.2363   20.3890
   -7.5000    0.0000  -15.000014063.0918   20.3901
    0.0000    0.0000  -15.000014880.8652   20.3659
    7.5000    0.0000  -15.000014327.5811   20.3954
   -7.5000    7.5000  -15.000013448.1162   20.3983
    0.0000    7.5000  -15.000014223.9102   20.3855
    7.5000    7.5000  -15.000013679.1113   20.4139
   -7.5000   15.0000  -15.000012744.1348   20.4021
    0.0000   15.0000  -15.000013490.0010   20.3935
    7.5000   15.0000  -15.000012935.1807   20.4299
   -7.5000   22.5000  -15.000011793.8115   20.3865
    0.0000   22.5000  -15.000012501.5605   20.3702
    7.5000   22.5000  -15.000011944.1523   20.4170
   -7.5000   30.0000  -15.000010770.4229   20.1157
    0.0000   30.0000  -15.000011414.8662   20.0883
    7.5000   30.0000  -15.000010877.8604   20.1379
   -7.5000   37.5000  -15.000010147.1533   20.1157
    0.0000   37.5000  -15.000010756.9893   20.0848
    7.5000   37.5000  -15.000010280.5088   20.1251
   -7.5000   45.0000  -15.0000 9140.4668   19.6489
    0.0000   45.0000  -15.0000 9647.0410   19.6256
    7.5000   45.0000  -15.0000 9222.2129   19.6540
   -7.5000  -45.0000   -7.500011185.4648   20.6033
    0.0000  -45.0000   -7.500011834.1465   20.5830
    7.5000  -45.0000   -7.500011417.2432   20.6169
   -7.5000  -37.5000   -7.500011682.7422   20.6266
    0.0000  -37.5000   -7.500012338.7119   20.6140
    7.5000  -37.5000   -7.500011903.7109   20.6430
   -7.5000  -30.0000   -7.500012535.4023   20.6416
    0.0000  -30.0000   -7.500013236.6367   20.6292
    7.5000  -30.0000   -7.500012785.8525   20.6604
   -7.5000  -22.5000   -7.500013306.4307   20.6267
    0.0000  -22.5000   -7.500014048.9707   20.6064
    7.5000  -22.5000   -7.500013593.1182   20.6458
   -7.5000  -15.0000   -7.500014022.0430   20.5955
    0.0000  -15.0000   -7.500014828.8633   20.5675
    7.5000  -15.0000   -7.500014274.4697   20.6136
   -7.5000   -7.5000   -7.500014656.5342   20.5863
    0.0000   -7.5000   -7.500015518.3174   20.5584
    7.5000   -7.5000   -7.500014880.9863   20.6011
   -7.5000    0.0000   -7.500015105.2812   20.6025
    0.0000    0.0000   -7.500015985.1289   20.5821
    7.5000    0.0000   -7.500015330.8164   20.6161
   -7.5000    7.5000   -7.500014419.7422   20.6266
    0.0000    7.5000   -7.500015228.3281   20.6140
    7.5000    7.5000   -7.500014592.6777   20.6430
   -7.5000   15.0000   -7.500013617.0059   20.6416
    0.0000   15.0000   -7.500014384.8926   20.6292
    7.5000   15.0000   -7.500013791.0234   20.6604
   -7.5000   22.5000   -7.500012599.3643   20.6172
    0.0000   22.5000   -7.500013326.8398   20.5969
    7.5000   22.5000   -7.500012728.2764   20.6363
   -7.5000   30.0000   -7.500011496.5498   20.3285
    0.0000   30.0000   -7.500012148.3311   20.3008
    7.5000   30.0000   -7.500011576.3232   20.3463
   -7.5000   37.5000   -7.500010844.9844   20.3193
    0.0000   37.5000   -7.500011443.4277   20.2918
    7.5000   37.5000   -7.500010933.8750   20.3340
   -7.5000   45.0000   -7.5000 9747.4834   19.8572
    0.0000   45.0000   -7.500010264.9141   19.8376
    7.5000   45.0000   -7.5000 9806.5938   19.8703
   -7.5000  -45.0000    0.000011951.2129   20.6324
    0.0000  -45.0000    0.000012623.8594   20.6160
    7.5000  -45.0000    0.000012167.3594   20.6471
   -7.5000  -37.5000    0.000012459.3340   20.6580
    0.0000  -37.5000    0.000013116.7305   20.6459
    7.5000  -37.5000    0.000012680.5293   20.6710
   -7.5000  -30.0000    0.000013330.6982   20.6719
    0.0000  -30.0000    0.000014051.9346   20.6575
    7.5000  -30.0000    0.000013596.7695   20.6809
   -7.5000  -22.5000    0.000014146.3125   20.6524
    0.0000  -22.5000    0.000014939.6582   20.6313
    7.5000  -22.5000    0.000014424.5322   20.6600
   -7.5000  -15.0000    0.000014938.7324   20.6186
    0.0000  -15.0000    0.000015745.1611   20.5936
    7.5000  -15.0000    0.000015143.7969   20.6294
   -7.5000   -7.5000    0.000015631.7373   20.6118
    0.0000   -7.5000    0.000016436.8438   20.5890
    7.5000   -7.5000    0.000015791.6064   20.6255
   -7.5000    0.0000    0.000016109.1865   20.6316
    0.0000    0.0000    0.000016930.0371   20.6152
    7.5000    0.0000    0.000016237.6270   20.6462
   -7.5000    7.5000    0.000015328.8682   20.6580
    0.0000    7.5000    0.000016124.8994   20.6459
    7.5000    7.5000    0.000015440.8408   20.6710
   -7.5000   15.0000    0.000014437.1963   20.6719
    0.0000   15.0000    0.000015167.0801   20.6575
    7.5000   15.0000    0.000014524.4561   20.6809
   -7.5000   22.5000    0.000013360.9043   20.6429
    0.0000   22.5000    0.000014035.3555   20.6218
    7.5000   22.5000    0.000013433.2178   20.6505
   -7.5000   30.0000    0.000012162.1084   20.3517
    0.0000   30.0000    0.000012785.2197   20.3271
    7.5000   30.0000    0.000012205.6807   20.3624
   -7.5000   37.5000    0.000011479.9424   20.3450
    0.0000   37.5000    0.000012070.2236   20.3226
    7.5000   37.5000    0.000011510.3789   20.3586
   -7.5000   45.0000    0.000010312.6240   19.8868
    0.0000   45.0000    0.000010817.4746   19.8710
    7.5000   45.0000    0.000010305.3467   19.9009
   -7.5000  -45.0000    7.500011775.1260   20.6500
    0.0000  -45.0000    7.500012420.5498   20.6334
    7.5000  -45.0000    7.500012007.6016   20.6559
   -7.5000  -37.5000    7.500012311.1875   20.6611
    0.0000  -37.5000    7.500012956.5459   20.6498
    7.5000  -37.5000    7.500012541.4258   20.6703
   -7.5000  -30.0000    7.500013189.1152   20.6600
    0.0000  -30.0000    7.500013911.7334   20.6482
    7.5000  -30.0000    7.500013457.2871   20.6706
   -7.5000  -22.5000    7.500014018.2842   20.6401
    0.0000  -22.5000    7.500014674.8330   20.6229
    7.5000  -22.5000    7.500014184.3184   20.6501
   -7.5000  -15.0000    7.500014760.7773   20.6205
    0.0000  -15.0000    7.500015308.7256   20.5992
    7.5000  -15.0000    7.500014815.3574   20.6295
   -7.5000   -7.5000    7.500015384.4658   20.6284
    0.0000   -7.5000    7.500015986.8584   20.6072
    7.5000   -7.5000    7.500015461.6123   20.6346
   -7.5000    0.0000    7.500015862.6025   20.6491
    0.0000    0.0000    7.500016496.9453   20.6325
    7.5000    0.0000    7.500015927.1377   20.6550
   -7.5000    7.5000    7.500015103.8506   20.6611
    0.0000    7.5000    7.500015682.4141   20.6498
    7.5000    7.5000    7.500015129.7920   20.6703
   -7.5000   15.0000    7.500014215.9277   20.6600
    0.0000   15.0000    7.500014734.5352   20.6482
    7.5000   15.0000    7.500014190.6064   20.6706
   -7.5000   22.5000    7.500013139.0400   20.6306
    0.0000   22.5000    7.500013635.8047   20.6134
    7.5000   22.5000    7.500013090.2646   20.6406
   -7.5000   30.0000    7.500011957.7559   20.3536
    0.0000   30.0000    7.500012462.4170   20.3326
    7.5000   30.0000    7.500011916.8506   20.3625
   -7.5000   37.5000    7.500011248.4902   20.3615
    0.0000   37.5000    7.500011772.8438   20.3405
    7.5000   37.5000    7.500011234.0244   20.3676
   -7.5000   45.0000    7.500010044.5146   19.9037
    0.0000   45.0000    7.500010526.8584   19.8877
    7.5000   45.0000    7.500010027.8369   19.9094
   -7.5000  -45.0000   15.000011399.1924   20.6782
    0.0000  -45.0000   15.000012049.3730   20.6570
    7.5000  -45.0000   15.000011684.5059   20.6737
   -7.5000  -37.5000   15.000011919.5654   20.6737
    0.0000  -37.5000   15.000012611.8193   20.6613
    7.5000  -37.5000   15.000012263.7080   20.6802
   -7.5000  -30.0000   15.000012825.7676   20.6601
    0.0000  -30.0000   15.000013510.3643   20.6514
    7.5000  -30.0000   15.000013136.1387   20.6784
   -7.5000  -22.5000   15.000013596.2793   20.6449
    0.0000  -22.5000   15.000014036.2725   20.6313
    7.5000  -22.5000   15.000013626.2412   20.6655
   -7.5000  -15.0000   15.000014219.3477   20.6415
    0.0000  -15.0000   15.000014571.8936   20.6206
    7.5000  -15.0000   15.000014166.4873   20.6542
   -7.5000   -7.5000   15.000014828.4521   20.6605
    0.0000   -7.5000   15.000015246.4883   20.6354
    7.5000   -7.5000   15.000014809.3213   20.6598
   -7.5000    0.0000   15.000015365.4814   20.6773
    0.0000    0.0000   15.000015814.1104   20.6561
    7.5000    0.0000   15.000015314.9434   20.6728
   -7.5000    7.5000   15.000014612.1328   20.6737
    0.0000    7.5000   15.000015053.9717   20.6613
    7.5000    7.5000   15.000014566.6924   20.6802
   -7.5000   15.0000   15.000013717.4600   20.6601
    0.0000   15.0000   15.000014171.9941   20.6514
    7.5000   15.0000   15.000013676.0674   20.6784
   -7.5000   22.5000   15.000012663.0342   20.6354
    0.0000   22.5000   15.000013165.6553   20.6218
    7.5000   22.5000   15.000012646.6875   20.6560
   -7.5000   30.0000   15.000011554.2764   20.3744
    0.0000   30.0000   15.000012061.0449   20.3537
    7.5000   30.0000   15.000011546.5205   20.3869
   -7.5000   37.5000   15.000010867.1934   20.3931
    0.0000   37.5000   15.000011376.5762   20.3683
    7.5000   37.5000   15.000010858.2725   20.3924
   -7.5000   45.0000   15.0000 9674.8604   19.9309
    0.0000   45.0000   15.000010131.6797   19.9104
    7.5000   45.0000   15.0000 9663.4248   19.9265
   -7.5000  -45.0000   22.500010909.7148   20.6874
    0.0000  -45.0000   22.500011514.7578   20.6621
    7.5000  -45.0000   22.500011207.7979   20.6834
   -7.5000  -37.5000   22.500011371.1904   20.6814
    0.0000  -37.5000   22.500012023.8262   20.6680
    7.5000  -37.5000   22.500011766.0273   20.6913
   -7.5000  -30.0000   22.500012243.0605   20.6716
    0.0000  -30.0000   22.500012964.0654   20.6640
    7.5000  -30.0000   22.500012639.3779   20.6979
   -7.5000  -22.5000   22.500013064.5947   20.6634
    0.0000  -22.5000   22.500013596.5566   20.6495
    7.5000  -22.5000   22.500013170.6709   20.6933
   -7.5000  -15.0000   22.500013725.7510   20.6625
    0.0000  -15.0000   22.500014181.1279   20.6377
    7.5000  -15.0000   22.500013713.1211   20.6818
   -7.5000   -7.5000   22.500014327.8135   20.6759
    0.0000   -7.5000   22.500014833.5859   20.6455
    7.5000   -7.5000   22.500014355.9678   20.6776
   -7.5000    0.0000   22.500014794.1572   20.6865
    0.0000    0.0000   22.500015357.4229   20.6612
    7.5000    0.0000   22.500014855.9189   20.6826
   -7.5000    7.5000   22.500013995.7520   20.6814
    0.0000    7.5000   22.500014553.7227   20.6680
    7.5000    7.5000   22.500014083.2578   20.6913
   -7.5000   15.0000   22.500013089.4971   20.6716
    0.0000   15.0000   22.500013639.2646   20.6640
    7.5000   15.0000   22.500013168.4004   20.6979
   -7.5000   22.5000   22.500012077.4346   20.6539
    0.0000   22.5000   22.500012610.4688   20.6400
    7.5000   22.5000   22.500012149.6602   20.6838
   -7.5000   30.0000   22.500011014.6201   20.3951
    0.0000   30.0000   22.500011500.5020   20.3706
    7.5000   30.0000   22.500011078.7070   20.4141
   -7.5000   37.5000   22.500010332.9521   20.4083
    0.0000   37.5000   22.500010780.3887   20.3783
    7.5000   37.5000   22.500010402.7197   20.4100
   -7.5000   45.0000   22.5000 9187.8311   19.9398
    0.0000   45.0000   22.5000 9579.0234   19.9154
    7.5000   45.0000   22.5000 9231.2559   19.9360
   -7.5000  -45.0000   30.000010317.1787   20.6914
    0.0000  -45.0000   30.000010904.6992   20.6671
    7.5000  -45.0000   30.000010598.9229   20.6974
   -7.5000  -37.5000   30.000010744.1875   20.6987
    0.0000  -37.5000   30.000011373.4004   20.6860
    7.5000  -37.5000   30.000011092.3945   20.7153
   -7.5000  -30.0000   30.000011555.3896   20.7024
    0.0000  -30.0000   30.000012191.4697   20.6939
    7.5000  -30.0000   30.000011896.1504   20.7313
   -7.5000  -22.5000   30.000012312.1787   20.6939
    0.0000  -22.5000   30.000012912.0557   20.6775
    7.5000  -22.5000   30.000012584.8682   20.7255
   -7.5000  -15.0000   30.000012992.7070   20.6795
    0.0000  -15.0000   30.000013624.5449   20.6515
    7.5000  -15.0000   30.000013290.6738   20.7030
   -7.5000   -7.5000   30.000013606.1348   20.6797
    0.0000   -7.5000   30.000014306.3027   20.6481
    7.5000   -7.5000   30.000013915.1553   20.6900
   -7.5000    0.0000   30.000014054.1826   20.6905
    0.0000    0.0000   30.000014776.1113   20.6662
    7.5000    0.0000   30.000014317.4863   20.6965
   -7.5000    7.5000   30.000013274.2461   20.6987
    0.0000    7.5000   30.000013934.5322   20.6860
    7.5000    7.5000   30.000013478.1885   20.7153
   -7.5000   15.0000   30.000012381.4238   20.7024
    0.0000   15.0000   30.000012970.9072   20.6939
    7.5000   15.0000   30.000012540.0537   20.7313
   -7.5000   22.5000   30.000011394.1572   20.6844
    0.0000   22.5000   30.000011936.9600   20.6680
    7.5000   22.5000   30.000011506.4980   20.7160
   -7.5000   30.0000   30.000010383.7979   20.4119
    0.0000   30.0000   30.000010837.7471   20.3843
    7.5000   30.0000   30.000010446.0391   20.4351
   -7.5000   37.5000   30.0000 9719.9971   20.4120
    0.0000   37.5000   30.000010129.1289   20.3808
    7.5000   37.5000   30.0000 9782.4521   20.4222
   -7.5000   45.0000   30.0000 8637.9248   19.9436
    0.0000   45.0000   30.0000 8990.8496   19.9202
    7.5000   45.0000   30.0000 8688.9893   19.9494
   -7.5000  -45.0000   37.500010059.3086   20.7173
    0.0000  -45.0000   37.500010641.6582   20.6971
    7.5000  -45.0000   37.500010342.5898   20.7322
   -7.5000  -37.5000   37.500010491.9834   20.7406
    0.0000  -37.5000   37.500011120.7627   20.7283
    7.5000  -37.5000   37.500010845.9287   20.7584
   -7.5000  -30.0000   37.500011302.0820   20.7553
    0.0000  -30.0000   37.500011954.6172   20.7431
    7.5000  -30.0000   37.500011630.6602   20.7755
   -7.5000  -22.5000   37.500012035.1250   20.7399
    0.0000  -22.5000   37.500012690.2637   20.7197
    7.5000  -22.5000   37.500012338.8252   20.7603
   -7.5000  -15.0000   37.500012658.6816   20.7087
    0.0000  -15.0000   37.500013367.9121   20.6806
    7.5000  -15.0000   37.500012982.7988   20.7279
   -7.5000   -7.5000   37.500013246.9336   20.6999
    0.0000   -7.5000   37.500014008.0127   20.6720
    7.5000   -7.5000   37.500013586.4805   20.7158
   -7.5000    0.0000   37.500013699.3467   20.7164
    0.0000    0.0000   37.500014445.6230   20.6963
    7.5000    0.0000   37.500014001.5791   20.7313
   -7.5000    7.5000   37.500012975.5869   20.7406
    0.0000    7.5000   37.500013621.5830   20.7283
    7.5000    7.5000   37.500013200.5967   20.7584
   -7.5000   15.0000   37.500012107.4111   20.7553
    0.0000   15.0000   37.500012667.1670   20.7431
    7.5000   15.0000   37.500012289.9053   20.7755
   -7.5000   22.5000   37.500011140.7637   20.7303
    0.0000   22.5000   37.500011631.6973   20.7102
    7.5000   22.5000   37.500011279.4678   20.7508
   -7.5000   30.0000   37.500010129.9805   20.4407
    0.0000   30.0000   37.500010542.0762   20.4130
    7.5000   30.0000   37.500010209.2881   20.4596
   -7.5000   37.5000   37.5000 9453.0986   20.4320
    0.0000   37.5000   37.5000 9861.7734   20.4045
    7.5000   37.5000   37.5000 9518.0166   20.4478
   -7.5000   45.0000   37.5000 8378.9678   19.9686
    0.0000   45.0000   37.5000 8748.8281   19.9492
    7.5000   45.0000   37.5000 8429.7070   19.9829
   -7.5000  -45.0000   45.0000 9345.8711   20.7248
    0.0000  -45.0000   45.0000 9911.1650   20.7097
    7.5000  -45.0000   45.0000 9580.6191   20.7432
   -7.5000  -37.5000   45.0000 9785.6045   20.7505
    0.0000  -37.5000   45.000010385.0508   20.7399
    7.5000  -37.5000   45.000010040.2773   20.7671
   -7.5000  -30.0000   45.000010541.3564   20.7645
    0.0000  -30.0000   45.000011163.7129   20.7515
    7.5000  -30.0000   45.000010788.8066   20.7769
   -7.5000  -22.5000   45.000011176.9160   20.7448
    0.0000  -22.5000   45.000011814.9775   20.7249
    7.5000  -22.5000   45.000011435.6689   20.7559
   -7.5000  -15.0000   45.000011749.4336   20.7106
    0.0000  -15.0000   45.000012417.8750   20.6868
    7.5000  -15.0000   45.000012037.9141   20.7250
   -7.5000   -7.5000   45.000012253.8662   20.7038
    0.0000   -7.5000   45.000012930.1602   20.6823
    7.5000   -7.5000   45.000012551.8984   20.7214
   -7.5000    0.0000   45.000012674.6943   20.7239
    0.0000    0.0000   45.000013334.6064   20.7089
    7.5000    0.0000   45.000012934.4482   20.7423
   -7.5000    7.5000   45.000012023.9775   20.7505
    0.0000    7.5000   45.000012644.2930   20.7399
    7.5000    7.5000   45.000012258.6689   20.7671
   -7.5000   15.0000   45.000011248.9727   20.7645
    0.0000   15.0000   45.000011799.1572   20.7515
    7.5000   15.0000   45.000011429.0664   20.7769
   -7.5000   22.5000   45.000010339.3174   20.7351
    0.0000   22.5000   45.000010838.3711   20.7153
    7.5000   22.5000   45.000010491.1953   20.7462
   -7.5000   30.0000   45.0000 9400.2061   20.4408
    0.0000   30.0000   45.0000 9835.7178   20.4173
    7.5000   30.0000   45.0000 9513.9951   20.4550
   -7.5000   37.5000   45.0000 8779.2549   20.4341
    0.0000   37.5000   45.0000 9158.5957   20.4129
    7.5000   37.5000   45.0000 8854.9238   20.4514
   -7.5000   45.0000   45.0000 7791.1465   19.9848
    0.0000   45.0000   45.0000 8106.6592   19.9703
    7.5000   45.0000   45.0000 7839.7900   20.0026

---------------------------------------------------------------------
imgreg_4dfp /opt/freesurfer/average/711-2C_as_mni_average_305 /opt/freesurfer/average/711-2B_as_mni_average_305_mask talsrcimg_g11 none talsrcimg_to_711-2C_as_mni_average_305_t4 4355
---------------------------------------------------------------------

freesurfer imgreg_4dfp.c
/opt/freesurfer/average/711-2C_as_mni_average_305.4dfp.img
       256       256       256         1
  1.000000  1.000000  1.000000
orientation T byte_order littleendian
Reading image: /opt/freesurfer/average/711-2C_as_mni_average_305.4dfp.img
dimensions:      256       256       256
mmppix:       1.0000   -1.0000   -1.0000
center:     128.0000 -129.0000 -129.0000
/opt/freesurfer/average/711-2B_as_mni_average_305_mask.4dfp.img
       256       256       256         1
  1.000000  1.000000  1.000000
orientation T byte_order littleendian
Reading mask: /opt/freesurfer/average/711-2B_as_mni_average_305_mask.4dfp.img (2306576 pixels)
talsrcimg_g11.4dfp.img
       256       256       256         1
  1.000000  1.000000  1.000000
orientation T byte_order littleendian
Reading image: talsrcimg_g11.4dfp.img
dimensions:      256       256       256
mmppix:       1.0000   -1.0000   -1.0000
center:     128.0000 -129.0000 -129.0000
rotation matrix determinant  1.000000
image alignment mode   4355 decimal     1103 hex
   -7.5000  -45.0000  -45.0000 1968.5424   21.2888
    0.0000  -45.0000  -45.0000 1987.6296   20.9388
    7.5000  -45.0000  -45.0000 1999.6196   20.8429
   -7.5000  -37.5000  -45.0000 2025.3242   19.9462
    0.0000  -37.5000  -45.0000 2051.6772   19.6459
    7.5000  -37.5000  -45.0000 2061.1777   19.5168
   -7.5000  -30.0000  -45.0000 2066.2012   19.0263
    0.0000  -30.0000  -45.0000 2099.0754   18.6665
    7.5000  -30.0000  -45.0000 2107.7610   18.5081
   -7.5000  -22.5000  -45.0000 2092.5474   18.4166
    0.0000  -22.5000  -45.0000 2122.0320   17.9742
    7.5000  -22.5000  -45.0000 2127.8066   17.8441
   -7.5000  -15.0000  -45.0000 2090.8245   18.1377
    0.0000  -15.0000  -45.0000 2120.8857   17.7073
    7.5000  -15.0000  -45.0000 2131.1411   17.5658
   -7.5000   -7.5000  -45.0000 2072.4512   18.3683
    0.0000   -7.5000  -45.0000 2103.2654   17.9293
    7.5000   -7.5000  -45.0000 2117.5193   17.7751
   -7.5000    0.0000  -45.0000 2033.2861   19.0204
    0.0000    0.0000  -45.0000 2067.9575   18.5615
    7.5000    0.0000  -45.0000 2082.0862   18.4045
   -7.5000    7.5000  -45.0000 1980.1426   20.0395
    0.0000    7.5000  -45.0000 2014.5653   19.5945
    7.5000    7.5000  -45.0000 2030.3822   19.3803
   -7.5000   15.0000  -45.0000 1909.3252   21.5415
    0.0000   15.0000  -45.0000 1941.4003   21.0388
    7.5000   15.0000  -45.0000 1958.1737   20.7342
   -7.5000   22.5000  -45.0000 1820.5653   23.6228
    0.0000   22.5000  -45.0000 1853.5709   22.9732
    7.5000   22.5000  -45.0000 1872.1470   22.6482
   -7.5000   30.0000  -45.0000 1719.6722   26.5002
    0.0000   30.0000  -45.0000 1751.7108   25.7390
    7.5000   30.0000  -45.0000 1773.1637   25.3632
   -7.5000   37.5000  -45.0000 1620.2623   30.6453
    0.0000   37.5000  -45.0000 1648.6113   29.6744
    7.5000   37.5000  -45.0000 1656.1461   29.3773
   -7.5000   45.0000  -45.0000 1505.9432   36.6584
    0.0000   45.0000  -45.0000 1536.6578   35.3178
    7.5000   45.0000  -45.0000 1546.4329   35.0937
   -7.5000  -45.0000  -37.5000 2067.4963   19.5009
    0.0000  -45.0000  -37.5000 2089.0283   19.1659
    7.5000  -45.0000  -37.5000 2100.2122   19.0887
   -7.5000  -37.5000  -37.5000 2132.4834   18.1987
    0.0000  -37.5000  -37.5000 2150.3484   17.9305
    7.5000  -37.5000  -37.5000 2164.1482   17.8616
   -7.5000  -30.0000  -37.5000 2172.5815   17.3319
    0.0000  -30.0000  -37.5000 2194.7913   17.0257
    7.5000  -30.0000  -37.5000 2204.0776   16.9236
   -7.5000  -22.5000  -37.5000 2194.7607   16.7831
    0.0000  -22.5000  -37.5000 2219.1924   16.4126
    7.5000  -22.5000  -37.5000 2228.2861   16.3091
   -7.5000  -15.0000  -37.5000 2191.7378   16.5744
    0.0000  -15.0000  -37.5000 2220.3147   16.1900
    7.5000  -15.0000  -37.5000 2230.1086   16.0783
   -7.5000   -7.5000  -37.5000 2177.1514   16.7884
    0.0000   -7.5000  -37.5000 2210.3955   16.3722
    7.5000   -7.5000  -37.5000 2220.2400   16.2540
   -7.5000    0.0000  -37.5000 2135.4338   17.3527
    0.0000    0.0000  -37.5000 2170.4734   16.9664
    7.5000    0.0000  -37.5000 2182.2922   16.8099
   -7.5000    7.5000  -37.5000 2081.8447   18.2422
    0.0000    7.5000  -37.5000 2117.3855   17.8903
    7.5000    7.5000  -37.5000 2131.9626   17.6780
   -7.5000   15.0000  -37.5000 2006.5867   19.5813
    0.0000   15.0000  -37.5000 2043.2582   19.1518
    7.5000   15.0000  -37.5000 2060.7383   18.8965
   -7.5000   22.5000  -37.5000 1916.0449   21.4172
    0.0000   22.5000  -37.5000 1950.8381   20.8916
    7.5000   22.5000  -37.5000 1966.3951   20.6390
   -7.5000   30.0000  -37.5000 1811.4099   24.0535
    0.0000   30.0000  -37.5000 1845.7513   23.3875
    7.5000   30.0000  -37.5000 1860.2810   23.0670
   -7.5000   37.5000  -37.5000 1696.3118   27.7555
    0.0000   37.5000  -37.5000 1729.3549   26.9153
    7.5000   37.5000  -37.5000 1736.7498   26.5337
   -7.5000   45.0000  -37.5000 1577.0881   33.0037
    0.0000   45.0000  -37.5000 1606.4271   31.8948
    7.5000   45.0000  -37.5000 1614.6995   31.4649
   -7.5000  -45.0000  -30.0000 2201.0857   18.4562
    0.0000  -45.0000  -30.0000 2225.2271   18.1752
    7.5000  -45.0000  -30.0000 2233.8062   18.0910
   -7.5000  -37.5000  -30.0000 2273.9966   17.2375
    0.0000  -37.5000  -30.0000 2297.3291   16.9968
    7.5000  -37.5000  -30.0000 2302.6536   16.9101
   -7.5000  -30.0000  -30.0000 2317.3760   16.3952
    0.0000  -30.0000  -30.0000 2337.8516   16.1190
    7.5000  -30.0000  -30.0000 2347.7944   16.0805
   -7.5000  -22.5000  -30.0000 2336.0454   15.9258
    0.0000  -22.5000  -30.0000 2362.7744   15.6309
    7.5000  -22.5000  -30.0000 2374.1348   15.5657
   -7.5000  -15.0000  -30.0000 2334.2761   15.7950
    0.0000  -15.0000  -30.0000 2368.2593   15.4195
    7.5000  -15.0000  -30.0000 2378.8455   15.3571
   -7.5000   -7.5000  -30.0000 2319.9614   15.9387
    0.0000   -7.5000  -30.0000 2357.8801   15.5459
    7.5000   -7.5000  -30.0000 2369.7954   15.4666
   -7.5000    0.0000  -30.0000 2281.9519   16.4411
    0.0000    0.0000  -30.0000 2322.7334   16.0588
    7.5000    0.0000  -30.0000 2334.9629   15.9364
   -7.5000    7.5000  -30.0000 2221.4290   17.2942
    0.0000    7.5000  -30.0000 2263.0405   16.9152
    7.5000    7.5000  -30.0000 2280.8384   16.7516
   -7.5000   15.0000  -30.0000 2142.3911   18.5326
    0.0000   15.0000  -30.0000 2182.6965   18.1012
    7.5000   15.0000  -30.0000 2198.0974   17.9320
   -7.5000   22.5000  -30.0000 2040.8593   20.2074
    0.0000   22.5000  -30.0000 2082.4087   19.7536
    7.5000   22.5000  -30.0000 2094.3430   19.5345
   -7.5000   30.0000  -30.0000 1930.2336   22.6458
    0.0000   30.0000  -30.0000 1967.1907   22.1263
    7.5000   30.0000  -30.0000 1979.3621   21.8318
   -7.5000   37.5000  -30.0000 1809.1991   25.9809
    0.0000   37.5000  -30.0000 1844.8708   25.3028
    7.5000   37.5000  -30.0000 1853.7378   25.0231
   -7.5000   45.0000  -30.0000 1675.2186   30.7222
    0.0000   45.0000  -30.0000 1708.7319   29.8444
    7.5000   45.0000  -30.0000 1714.1289   29.4315
   -7.5000  -45.0000  -22.5000 2308.8494   17.3256
    0.0000  -45.0000  -22.5000 2339.1790   17.0437
    7.5000  -45.0000  -22.5000 2340.4490   17.0050
   -7.5000  -37.5000  -22.5000 2389.1992   16.1684
    0.0000  -37.5000  -22.5000 2419.4731   15.9256
    7.5000  -37.5000  -22.5000 2422.5676   15.8589
   -7.5000  -30.0000  -22.5000 2436.6538   15.4126
    0.0000  -30.0000  -22.5000 2466.7554   15.1794
    7.5000  -30.0000  -22.5000 2472.2673   15.1247
   -7.5000  -22.5000  -22.5000 2458.9983   14.9676
    0.0000  -22.5000  -22.5000 2492.6057   14.7142
    7.5000  -22.5000  -22.5000 2503.0586   14.6717
   -7.5000  -15.0000  -22.5000 2459.2690   14.8725
    0.0000  -15.0000  -22.5000 2501.1455   14.5404
    7.5000  -15.0000  -22.5000 2512.9082   14.5098
   -7.5000   -7.5000  -22.5000 2441.0703   15.0227
    0.0000   -7.5000  -22.5000 2488.9165   14.6465
    7.5000   -7.5000  -22.5000 2501.5559   14.5998
   -7.5000    0.0000  -22.5000 2403.2034   15.4775
    0.0000    0.0000  -22.5000 2449.6499   15.0897
    7.5000    0.0000  -22.5000 2467.4817   15.0109
   -7.5000    7.5000  -22.5000 2338.5032   16.2875
    0.0000    7.5000  -22.5000 2387.6487   15.8938
    7.5000    7.5000  -22.5000 2406.0242   15.7805
   -7.5000   15.0000  -22.5000 2248.8340   17.4404
    0.0000   15.0000  -22.5000 2297.7844   17.0504
    7.5000   15.0000  -22.5000 2310.0527   16.9015
   -7.5000   22.5000  -22.5000 2147.5129   18.9813
    0.0000   22.5000  -22.5000 2191.4404   18.5730
    7.5000   22.5000  -22.5000 2202.1521   18.4348
   -7.5000   30.0000  -22.5000 2030.4161   21.1809
    0.0000   30.0000  -22.5000 2065.1260   20.6517
    7.5000   30.0000  -22.5000 2072.0029   20.4878
   -7.5000   37.5000  -22.5000 1896.5685   24.2426
    0.0000   37.5000  -22.5000 1934.0182   23.6669
    7.5000   37.5000  -22.5000 1946.0918   23.4600
   -7.5000   45.0000  -22.5000 1755.8433   28.5132
    0.0000   45.0000  -22.5000 1783.6667   27.7903
    7.5000   45.0000  -22.5000 1793.8445   27.4716
   -7.5000  -45.0000  -15.0000 2386.0342   16.2746
    0.0000  -45.0000  -15.0000 2420.8130   15.9706
    7.5000  -45.0000  -15.0000 2416.9700   15.9485
   -7.5000  -37.5000  -15.0000 2479.2678   15.1617
    0.0000  -37.5000  -15.0000 2513.3696   14.8819
    7.5000  -37.5000  -15.0000 2511.5811   14.8384
   -7.5000  -30.0000  -15.0000 2531.2490   14.4416
    0.0000  -30.0000  -15.0000 2570.7839   14.1739
    7.5000  -30.0000  -15.0000 2576.1873   14.1476
   -7.5000  -22.5000  -15.0000 2563.4136   14.0284
    0.0000  -22.5000  -15.0000 2605.6599   13.7548
    7.5000  -22.5000  -15.0000 2612.7966   13.7433
   -7.5000  -15.0000  -15.0000 2570.5483   13.9342
    0.0000  -15.0000  -15.0000 2615.7292   13.6357
    7.5000  -15.0000  -15.0000 2624.8594   13.6370
   -7.5000   -7.5000  -15.0000 2552.4751   14.1258
    0.0000   -7.5000  -15.0000 2599.7285   13.7872
    7.5000   -7.5000  -15.0000 2612.2888   13.7525
   -7.5000    0.0000  -15.0000 2503.5747   14.5841
    0.0000    0.0000  -15.0000 2552.2805   14.2145
    7.5000    0.0000  -15.0000 2571.4587   14.1587
   -7.5000    7.5000  -15.0000 2433.9126   15.3397
    0.0000    7.5000  -15.0000 2487.5964   14.9596
    7.5000    7.5000  -15.0000 2502.3184   14.8790
   -7.5000   15.0000  -15.0000 2341.5801   16.4134
    0.0000   15.0000  -15.0000 2391.9204   16.0299
    7.5000   15.0000  -15.0000 2404.8967   15.9607
   -7.5000   22.5000  -15.0000 2229.1589   17.8741
    0.0000   22.5000  -15.0000 2273.8821   17.4635
    7.5000   22.5000  -15.0000 2284.1333   17.3696
   -7.5000   30.0000  -15.0000 2097.8389   19.8745
    0.0000   30.0000  -15.0000 2138.3350   19.4039
    7.5000   30.0000  -15.0000 2141.6873   19.3054
   -7.5000   37.5000  -15.0000 1961.7393   22.7131
    0.0000   37.5000  -15.0000 2001.8743   22.1465
    7.5000   37.5000  -15.0000 2006.9332   21.9455
   -7.5000   45.0000  -15.0000 1816.6426   26.6177
    0.0000   45.0000  -15.0000 1842.4648   25.9983
    7.5000   45.0000  -15.0000 1848.7019   25.6493
   -7.5000  -45.0000   -7.5000 2451.3479   15.3540
    0.0000  -45.0000   -7.5000 2487.5471   14.9976
    7.5000  -45.0000   -7.5000 2482.6094   15.0149
   -7.5000  -37.5000   -7.5000 2544.9167   14.2812
    0.0000  -37.5000   -7.5000 2584.7393   13.9367
    7.5000  -37.5000   -7.5000 2586.1841   13.9425
   -7.5000  -30.0000   -7.5000 2610.0645   13.5594
    0.0000  -30.0000   -7.5000 2655.6418   13.2547
    7.5000  -30.0000   -7.5000 2663.3293   13.2532
   -7.5000  -22.5000   -7.5000 2654.1306   13.1696
    0.0000  -22.5000   -7.5000 2700.0374   12.8658
    7.5000  -22.5000   -7.5000 2709.4380   12.8727
   -7.5000  -15.0000   -7.5000 2671.8989   13.0769
    0.0000  -15.0000   -7.5000 2720.5483   12.7707
    7.5000  -15.0000   -7.5000 2727.2192   12.7749
   -7.5000   -7.5000   -7.5000 2648.9470   13.2782
    0.0000   -7.5000   -7.5000 2703.9219   13.0007
    7.5000   -7.5000   -7.5000 2712.9053   12.9577
   -7.5000    0.0000   -7.5000 2592.3042   13.7466
    0.0000    0.0000   -7.5000 2649.9817   13.4465
    7.5000    0.0000   -7.5000 2663.0293   13.3773
   -7.5000    7.5000   -7.5000 2515.0569   14.4595
    0.0000    7.5000   -7.5000 2572.5693   14.1197
    7.5000    7.5000   -7.5000 2585.2549   14.0736
   -7.5000   15.0000   -7.5000 2415.0469   15.5228
    0.0000   15.0000   -7.5000 2466.7188   15.1292
    7.5000   15.0000   -7.5000 2484.0657   15.0699
   -7.5000   22.5000   -7.5000 2295.6714   16.9181
    0.0000   22.5000   -7.5000 2339.3513   16.4616
    7.5000   22.5000   -7.5000 2351.8201   16.4296
   -7.5000   30.0000   -7.5000 2154.4609   18.8011
    0.0000   30.0000   -7.5000 2195.5159   18.3211
    7.5000   30.0000   -7.5000 2201.8555   18.2350
   -7.5000   37.5000   -7.5000 2011.5938   21.4384
    0.0000   37.5000   -7.5000 2046.5525   20.8959
    7.5000   37.5000   -7.5000 2055.0925   20.7399
   -7.5000   45.0000   -7.5000 1860.7008   25.0443
    0.0000   45.0000   -7.5000 1885.3735   24.4885
    7.5000   45.0000   -7.5000 1896.2078   24.2173
   -7.5000  -45.0000    0.0000 2492.5076   14.6738
    0.0000  -45.0000    0.0000 2526.2273   14.2870
    7.5000  -45.0000    0.0000 2525.2820   14.3322
   -7.5000  -37.5000    0.0000 2596.7297   13.6139
    0.0000  -37.5000    0.0000 2639.0574   13.2490
    7.5000  -37.5000    0.0000 2644.3066   13.2809
   -7.5000  -30.0000    0.0000 2676.9182   12.9066
    0.0000  -30.0000    0.0000 2727.6450   12.5626
    7.5000  -30.0000    0.0000 2737.6565   12.5905
   -7.5000  -22.5000    0.0000 2730.4421   12.5197
    0.0000  -22.5000    0.0000 2785.6428   12.1786
    7.5000  -22.5000    0.0000 2795.2405   12.2119
   -7.5000  -15.0000    0.0000 2753.9736   12.4273
    0.0000  -15.0000    0.0000 2811.2781   12.1247
    7.5000  -15.0000    0.0000 2820.2156   12.1068
   -7.5000   -7.5000    0.0000 2732.5015   12.6298
    0.0000   -7.5000    0.0000 2792.5310   12.3660
    7.5000   -7.5000    0.0000 2799.9133   12.3354
   -7.5000    0.0000    0.0000 2670.5933   13.1053
    0.0000    0.0000    0.0000 2732.1843   12.7886
    7.5000    0.0000    0.0000 2739.6802   12.7646
   -7.5000    7.5000    0.0000 2583.6484   13.8193
    0.0000    7.5000    0.0000 2645.3145   13.4310
    7.5000    7.5000    0.0000 2655.7622   13.4245
   -7.5000   15.0000    0.0000 2474.1814   14.8110
    0.0000   15.0000    0.0000 2524.9653   14.4065
    7.5000   15.0000    0.0000 2537.7559   14.3888
   -7.5000   22.5000    0.0000 2349.0371   16.1853
    0.0000   22.5000    0.0000 2391.0381   15.7713
    7.5000   22.5000    0.0000 2408.5925   15.7187
   -7.5000   30.0000    0.0000 2200.2227   18.0030
    0.0000   30.0000    0.0000 2243.0486   17.5421
    7.5000   30.0000    0.0000 2254.2529   17.4628
   -7.5000   37.5000    0.0000 2048.9138   20.5032
    0.0000   37.5000    0.0000 2087.1082   20.0135
    7.5000   37.5000    0.0000 2096.4497   19.8737
   -7.5000   45.0000    0.0000 1892.3967   23.8689
    0.0000   45.0000    0.0000 1918.5288   23.3695
    7.5000   45.0000    0.0000 1930.5448   23.1078
   -7.5000  -45.0000    7.5000 2518.4099   14.2479
    0.0000  -45.0000    7.5000 2551.9954   13.8288
    7.5000  -45.0000    7.5000 2556.8899   13.9489
   -7.5000  -37.5000    7.5000 2639.8350   13.2115
    0.0000  -37.5000    7.5000 2678.9358   12.7954
    7.5000  -37.5000    7.5000 2688.7798   12.8847
   -7.5000  -30.0000    7.5000 2733.8403   12.5019
    0.0000  -30.0000    7.5000 2784.6809   12.0917
    7.5000  -30.0000    7.5000 2794.4761   12.1633
   -7.5000  -22.5000    7.5000 2797.9873   12.0927
    0.0000  -22.5000    7.5000 2859.4128   11.6697
    7.5000  -22.5000    7.5000 2870.2910   11.7272
   -7.5000  -15.0000    7.5000 2827.0188   11.9802
    0.0000  -15.0000    7.5000 2889.5781   11.5937
    7.5000  -15.0000    7.5000 2896.1062   11.6163
   -7.5000   -7.5000    7.5000 2801.4714   12.2268
    0.0000   -7.5000    7.5000 2866.8467   11.8101
    7.5000   -7.5000    7.5000 2870.8250   11.8631
   -7.5000    0.0000    7.5000 2731.3298   12.6897
    0.0000    0.0000    7.5000 2789.8298   12.2845
    7.5000    0.0000    7.5000 2800.8831   12.3117
   -7.5000    7.5000    7.5000 2637.4636   13.3794
    0.0000    7.5000    7.5000 2686.0015   12.9782
    7.5000    7.5000    7.5000 2705.3062   12.9662
   -7.5000   15.0000    7.5000 2520.7776   14.3688
    0.0000   15.0000    7.5000 2561.5193   13.9505
    7.5000   15.0000    7.5000 2578.9846   13.9315
   -7.5000   22.5000    7.5000 2388.7473   15.7042
    0.0000   22.5000    7.5000 2429.5508   15.2636
    7.5000   22.5000    7.5000 2441.3892   15.2317
   -7.5000   30.0000    7.5000 2229.5369   17.5070
    0.0000   30.0000    7.5000 2273.8369   17.0071
    7.5000   30.0000    7.5000 2282.6516   16.9456
   -7.5000   37.5000    7.5000 2072.3374   19.8862
    0.0000   37.5000    7.5000 2114.0920   19.3712
    7.5000   37.5000    7.5000 2123.6414   19.2401
   -7.5000   45.0000    7.5000 1911.6946   23.0972
    0.0000   45.0000    7.5000 1944.9083   22.5809
    7.5000   45.0000    7.5000 1952.0764   22.3303
   -7.5000  -45.0000   15.0000 2520.0127   14.0470
    0.0000  -45.0000   15.0000 2557.5352   13.6341
    7.5000  -45.0000   15.0000 2558.4851   13.7575
   -7.5000  -37.5000   15.0000 2646.9961   13.0159
    0.0000  -37.5000   15.0000 2692.4062   12.5781
    7.5000  -37.5000   15.0000 2696.3372   12.6926
   -7.5000  -30.0000   15.0000 2754.3782   12.3143
    0.0000  -30.0000   15.0000 2807.7769   11.8918
    7.5000  -30.0000   15.0000 2814.2217   11.9822
   -7.5000  -22.5000   15.0000 2832.3411   11.8425
    0.0000  -22.5000   15.0000 2895.3521   11.3407
    7.5000  -22.5000   15.0000 2902.7329   11.4278
   -7.5000  -15.0000   15.0000 2863.4954   11.6794
    0.0000  -15.0000   15.0000 2928.7571   11.1251
    7.5000  -15.0000   15.0000 2935.7610   11.2085
   -7.5000   -7.5000   15.0000 2833.1514   11.9359
    0.0000   -7.5000   15.0000 2895.3821   11.4410
    7.5000   -7.5000   15.0000 2902.3215   11.4817
   -7.5000    0.0000   15.0000 2760.8674   12.4506
    0.0000    0.0000   15.0000 2813.1628   12.0346
    7.5000    0.0000   15.0000 2822.8220   12.0246
   -7.5000    7.5000   15.0000 2659.8804   13.1561
    0.0000    7.5000   15.0000 2707.0081   12.7731
    7.5000    7.5000   15.0000 2718.6145   12.7336
   -7.5000   15.0000   15.0000 2536.9153   14.0968
    0.0000   15.0000   15.0000 2582.6311   13.7371
    7.5000   15.0000   15.0000 2592.1638   13.6729
   -7.5000   22.5000   15.0000 2396.1963   15.4084
    0.0000   22.5000   15.0000 2444.9675   15.0617
    7.5000   22.5000   15.0000 2449.7024   14.9751
   -7.5000   30.0000   15.0000 2245.7119   17.1887
    0.0000   30.0000   15.0000 2289.1704   16.8134
    7.5000   30.0000   15.0000 2292.9453   16.6733
   -7.5000   37.5000   15.0000 2085.2964   19.5529
    0.0000   37.5000   15.0000 2121.2830   19.1219
    7.5000   37.5000   15.0000 2126.5874   18.8982
   -7.5000   45.0000   15.0000 1915.8718   22.6655
    0.0000   45.0000   15.0000 1949.9906   22.1477
    7.5000   45.0000   15.0000 1955.7595   21.8761
   -7.5000  -45.0000   22.5000 2507.9124   14.0792
    0.0000  -45.0000   22.5000 2547.2114   13.6460
    7.5000  -45.0000   22.5000 2548.2261   13.7907
   -7.5000  -37.5000   22.5000 2635.2661   13.0149
    0.0000  -37.5000   22.5000 2686.5151   12.5685
    7.5000  -37.5000   22.5000 2689.0344   12.7009
   -7.5000  -30.0000   22.5000 2749.5862   12.3125
    0.0000  -30.0000   22.5000 2809.2671   11.9047
    7.5000  -30.0000   22.5000 2809.4978   12.0048
   -7.5000  -22.5000   22.5000 2838.5161   11.8964
    0.0000  -22.5000   22.5000 2899.6890   11.3992
    7.5000  -22.5000   22.5000 2902.5605   11.4547
   -7.5000  -15.0000   22.5000 2875.1472   11.7524
    0.0000  -15.0000   22.5000 2941.4238   11.2121
    7.5000  -15.0000   22.5000 2940.3733   11.2376
   -7.5000   -7.5000   22.5000 2847.7021   11.9373
    0.0000   -7.5000   22.5000 2915.7908   11.4824
    7.5000   -7.5000   22.5000 2915.6792   11.4989
   -7.5000    0.0000   22.5000 2769.3176   12.4122
    0.0000    0.0000   22.5000 2830.3232   12.0351
    7.5000    0.0000   22.5000 2832.2092   11.9929
   -7.5000    7.5000   22.5000 2661.7297   13.0902
    0.0000    7.5000   22.5000 2714.0771   12.7286
    7.5000    7.5000   22.5000 2721.4775   12.6771
   -7.5000   15.0000   22.5000 2532.8062   14.0310
    0.0000   15.0000   22.5000 2579.0051   13.6888
    7.5000   15.0000   22.5000 2590.3101   13.6242
   -7.5000   22.5000   22.5000 2392.2273   15.3582
    0.0000   22.5000   22.5000 2439.3955   15.0057
    7.5000   22.5000   22.5000 2445.6887   14.9341
   -7.5000   30.0000   22.5000 2240.6389   17.0947
    0.0000   30.0000   22.5000 2279.4517   16.6867
    7.5000   30.0000   22.5000 2284.3618   16.6293
   -7.5000   37.5000   22.5000 2078.4976   19.3863
    0.0000   37.5000   22.5000 2110.4536   18.9382
    7.5000   37.5000   22.5000 2118.6780   18.8150
   -7.5000   45.0000   22.5000 1912.4995   22.4597
    0.0000   45.0000   22.5000 1945.9755   21.9359
    7.5000   45.0000   22.5000 1952.9248   21.6821
   -7.5000  -45.0000   30.0000 2486.4006   14.3452
    0.0000  -45.0000   30.0000 2525.5823   13.9287
    7.5000  -45.0000   30.0000 2520.1533   14.0840
   -7.5000  -37.5000   30.0000 2609.7080   13.2862
    0.0000  -37.5000   30.0000 2662.7319   12.8586
    7.5000  -37.5000   30.0000 2655.9771   13.0011
   -7.5000  -30.0000   30.0000 2718.7737   12.5693
    0.0000  -30.0000   30.0000 2777.4661   12.1428
    7.5000  -30.0000   30.0000 2772.5095   12.2696
   -7.5000  -22.5000   30.0000 2804.0217   12.1219
    0.0000  -22.5000   30.0000 2865.5723   11.6648
    7.5000  -22.5000   30.0000 2863.6704   11.7794
   -7.5000  -15.0000   30.0000 2841.2720   12.0046
    0.0000  -15.0000   30.0000 2898.5591   11.5949
    7.5000  -15.0000   30.0000 2900.6545   11.6992
   -7.5000   -7.5000   30.0000 2819.2295   12.1774
    0.0000   -7.5000   30.0000 2880.6353   11.8110
    7.5000   -7.5000   30.0000 2879.2222   11.9002
   -7.5000    0.0000   30.0000 2746.0801   12.5960
    0.0000    0.0000   30.0000 2802.8123   12.2675
    7.5000    0.0000   30.0000 2801.7039   12.2913
   -7.5000    7.5000   30.0000 2638.7781   13.2586
    0.0000    7.5000   30.0000 2689.7205   12.8965
    7.5000    7.5000   30.0000 2693.1624   12.8821
   -7.5000   15.0000   30.0000 2505.8176   14.2347
    0.0000   15.0000   30.0000 2555.4939   13.8417
    7.5000   15.0000   30.0000 2564.7302   13.7966
   -7.5000   22.5000   30.0000 2367.1108   15.5211
    0.0000   22.5000   30.0000 2415.8430   15.1191
    7.5000   22.5000   30.0000 2422.1047   15.0393
   -7.5000   30.0000   30.0000 2223.1775   17.2298
    0.0000   30.0000   30.0000 2253.6841   16.7671
    7.5000   30.0000   30.0000 2263.7585   16.6591
   -7.5000   37.5000   30.0000 2060.6357   19.4834
    0.0000   37.5000   30.0000 2088.8108   18.9682
    7.5000   37.5000   30.0000 2099.9236   18.7915
   -7.5000   45.0000   30.0000 1897.3107   22.4335
    0.0000   45.0000   30.0000 1928.3492   21.9014
    7.5000   45.0000   30.0000 1933.4628   21.7086
   -7.5000  -45.0000   37.5000 2458.4170   14.8506
    0.0000  -45.0000   37.5000 2496.0942   14.4480
    7.5000  -45.0000   37.5000 2487.1575   14.5926
   -7.5000  -37.5000   37.5000 2574.2258   13.7766
    0.0000  -37.5000   37.5000 2622.5142   13.4049
    7.5000  -37.5000   37.5000 2616.8438   13.5420
   -7.5000  -30.0000   37.5000 2672.6543   13.0561
    0.0000  -30.0000   37.5000 2724.4106   12.6918
    7.5000  -30.0000   37.5000 2722.3545   12.7860
   -7.5000  -22.5000   37.5000 2745.1348   12.5972
    0.0000  -22.5000   37.5000 2801.4792   12.2347
    7.5000  -22.5000   37.5000 2801.4963   12.3164
   -7.5000  -15.0000   37.5000 2772.5066   12.4499
    0.0000  -15.0000   37.5000 2829.3809   12.1169
    7.5000  -15.0000   37.5000 2834.1780   12.1762
   -7.5000   -7.5000   37.5000 2755.5657   12.5709
    0.0000   -7.5000   37.5000 2810.4553   12.2672
    7.5000   -7.5000   37.5000 2816.9045   12.3206
   -7.5000    0.0000   37.5000 2690.6367   12.9806
    0.0000    0.0000   37.5000 2737.9038   12.6624
    7.5000    0.0000   37.5000 2743.8477   12.6953
   -7.5000    7.5000   37.5000 2591.1013   13.6448
    0.0000    7.5000   37.5000 2631.4358   13.3115
    7.5000    7.5000   37.5000 2636.0598   13.3403
   -7.5000   15.0000   37.5000 2469.8474   14.5793
    0.0000   15.0000   37.5000 2509.4148   14.2005
    7.5000   15.0000   37.5000 2517.4561   14.2083
   -7.5000   22.5000   37.5000 2335.1980   15.8607
    0.0000   22.5000   37.5000 2376.3833   15.4177
    7.5000   22.5000   37.5000 2383.3833   15.4235
   -7.5000   30.0000   37.5000 2184.8135   17.5067
    0.0000   30.0000   37.5000 2215.5784   17.0275
    7.5000   30.0000   37.5000 2224.9116   17.0248
   -7.5000   37.5000   37.5000 2028.9923   19.6924
    0.0000   37.5000   37.5000 2060.6511   19.1936
    7.5000   37.5000   37.5000 2065.6057   19.1111
   -7.5000   45.0000   37.5000 1876.1490   22.6028
    0.0000   45.0000   37.5000 1902.9703   22.1123
    7.5000   45.0000   37.5000 1908.5638   21.9472
   -7.5000  -45.0000   45.0000 2415.1804   15.6062
    0.0000  -45.0000   45.0000 2450.1797   15.2751
    7.5000  -45.0000   45.0000 2439.4175   15.3797
   -7.5000  -37.5000   45.0000 2523.2866   14.5166
    0.0000  -37.5000   45.0000 2566.0044   14.2206
    7.5000  -37.5000   45.0000 2556.8184   14.2915
   -7.5000  -30.0000   45.0000 2608.9612   13.7597
    0.0000  -30.0000   45.0000 2660.2148   13.4558
    7.5000  -30.0000   45.0000 2655.3140   13.5052
   -7.5000  -22.5000   45.0000 2666.2358   13.2606
    0.0000  -22.5000   45.0000 2720.0054   12.9479
    7.5000  -22.5000   45.0000 2718.4172   13.0040
   -7.5000  -15.0000   45.0000 2687.6763   13.0698
    0.0000  -15.0000   45.0000 2738.9490   12.7939
    7.5000  -15.0000   45.0000 2744.6211   12.8287
   -7.5000   -7.5000   45.0000 2668.8853   13.1435
    0.0000   -7.5000   45.0000 2716.7583   12.8682
    7.5000   -7.5000   45.0000 2723.3208   12.9089
   -7.5000    0.0000   45.0000 2608.7822   13.5418
    0.0000    0.0000   45.0000 2648.4512   13.2602
    7.5000    0.0000   45.0000 2652.8708   13.2673
   -7.5000    7.5000   45.0000 2515.5503   14.2085
    0.0000    7.5000   45.0000 2557.4187   13.8898
    7.5000    7.5000   45.0000 2562.2756   13.9065
   -7.5000   15.0000   45.0000 2410.0720   15.1217
    0.0000   15.0000   45.0000 2444.7793   14.7885
    7.5000   15.0000   45.0000 2449.3176   14.7909
   -7.5000   22.5000   45.0000 2284.2986   16.3815
    0.0000   22.5000   45.0000 2319.1819   16.0020
    7.5000   22.5000   45.0000 2324.3604   15.9731
   -7.5000   30.0000   45.0000 2141.8115   18.0016
    0.0000   30.0000   45.0000 2168.7788   17.5991
    7.5000   30.0000   45.0000 2176.3467   17.5754
   -7.5000   37.5000   45.0000 1992.7217   20.2095
    0.0000   37.5000   45.0000 2016.1102   19.7500
    7.5000   37.5000   45.0000 2022.7114   19.6928
   -7.5000   45.0000   45.0000 1838.7999   23.1458
    0.0000   45.0000   45.0000 1858.0988   22.6454
    7.5000   45.0000   45.0000 1866.2739   22.5573

---------------------------------------------------------------------
imgreg_4dfp /opt/freesurfer/average/711-2C_as_mni_average_305 /opt/freesurfer/average/711-2B_as_mni_average_305_mask talsrcimg_g11 none talsrcimg_to_711-2C_as_mni_average_305_t4 1283
---------------------------------------------------------------------

freesurfer imgreg_4dfp.c
/opt/freesurfer/average/711-2C_as_mni_average_305.4dfp.img
       256       256       256         1
  1.000000  1.000000  1.000000
orientation T byte_order littleendian
Reading image: /opt/freesurfer/average/711-2C_as_mni_average_305.4dfp.img
dimensions:      256       256       256
mmppix:       1.0000   -1.0000   -1.0000
center:     128.0000 -129.0000 -129.0000
/opt/freesurfer/average/711-2B_as_mni_average_305_mask.4dfp.img
       256       256       256         1
  1.000000  1.000000  1.000000
orientation T byte_order littleendian
Reading mask: /opt/freesurfer/average/711-2B_as_mni_average_305_mask.4dfp.img (2306576 pixels)
talsrcimg_g11.4dfp.img
       256       256       256         1
  1.000000  1.000000  1.000000
orientation T byte_order littleendian
Reading image: talsrcimg_g11.4dfp.img
dimensions:      256       256       256
mmppix:       1.0000   -1.0000   -1.0000
center:     128.0000 -129.0000 -129.0000
rotation matrix determinant  1.000000
fimgreg.f
image alignment mode   1283 decimal      503 hex
parameters
    0.0000  -15.0000   22.5000    0.0000    0.0000    0.0000
eta,q 0.92369 11.21569
niter,ni,del,rscale     5    3   12.0000    1.2000
parameter  1 -1.228129 -> -0.500000 qaram    1.1500
parameter  4  0.860848 ->  0.500000 qaram    1.1500
parameter  5 -1.238672 -> -0.500000 qaram    1.1500
parameter  6  1.183025 ->  0.500000 qaram    1.1500
parameters
    3.4500  -14.0241   19.6470   -3.4500    3.4500   -3.4500
eta,q 0.92920 11.08380
  0.0935  0.0869  0.0762  0.0746  0.0778  0.0708
  0.0869  0.0817  0.0763  0.0742  0.0756  0.0706
  0.0827  0.0783  0.0763  0.0746  0.0745  0.0715
  0.0804  0.0767  0.0765  0.0764  0.0742  0.0728
  0.0787  0.0770  0.0779  0.0792  0.0737  0.0744
  0.0765  0.0792  0.0805  0.0822  0.0726  0.0761
  0.0743  0.0815  0.0855  0.0848  0.0724  0.0780
niter,ni,del,rscale     7    3   12.0000    1.2000
parameters
    3.4385  -12.9770   18.6932   -5.8243    3.7071   -5.2936
eta,q 0.93045 11.10910
  0.0756  0.0806  0.0735  0.0724  0.0713  0.0718
  0.0740  0.0765  0.0724  0.0715  0.0692  0.0704
  0.0734  0.0732  0.0713  0.0699  0.0696  0.0696
  0.0708  0.0708  0.0704  0.0707  0.0700  0.0699
  0.0695  0.0706  0.0716  0.0730  0.0696  0.0713
  0.0712  0.0727  0.0743  0.0757  0.0694  0.0733
  0.0788  0.0760  0.0761  0.0791  0.0708  0.0752
niter,ni,del,rscale     6    3   12.0000    1.2000
parameters
    2.9306  -11.8428   18.1579   -7.5929    4.8569   -6.1077
eta,q 0.93100 11.13841
  0.0748  0.0795  0.0722  0.0721  0.0716  0.0722
  0.0716  0.0761  0.0716  0.0710  0.0691  0.0706
  0.0713  0.0731  0.0703  0.0697  0.0694  0.0693
  0.0696  0.0701  0.0691  0.0693  0.0694  0.0691
  0.0684  0.0690  0.0698  0.0713  0.0687  0.0700
  0.0719  0.0714  0.0723  0.0742  0.0687  0.0718
  0.0791  0.0755  0.0739  0.0779  0.0702  0.0741
niter,ni,del,rscale     5    3   12.0000    1.2000
parameters
    2.3680  -11.1324   18.3146   -8.5155    5.5016   -6.3843
eta,q 0.93114 11.16851
  0.0743  0.0777  0.0714  0.0723  0.0707  0.0723
  0.0706  0.0745  0.0711  0.0703  0.0690  0.0707
  0.0698  0.0718  0.0705  0.0696  0.0696  0.0694
  0.0690  0.0694  0.0690  0.0688  0.0691  0.0688
  0.0678  0.0689  0.0686  0.0695  0.0685  0.0693
  0.0714  0.0712  0.0704  0.0718  0.0686  0.0708
  0.0786  0.0756  0.0721  0.0754  0.0704  0.0733
niter,ni,del,rscale     4    3   12.0000    1.2000
parameters
    2.1119  -10.8203   18.2809   -8.6403    5.2610   -6.3584
eta,q 0.93110 11.17311
  0.0752  0.0763  0.0712  0.0732  0.0702  0.0728
  0.0709  0.0734  0.0710  0.0705  0.0691  0.0709
  0.0691  0.0707  0.0705  0.0694  0.0695  0.0695
  0.0689  0.0689  0.0688  0.0688  0.0688  0.0689
  0.0680  0.0688  0.0684  0.0690  0.0684  0.0692
  0.0710  0.0713  0.0704  0.0707  0.0689  0.0705
  0.0775  0.0759  0.0723  0.0736  0.0711  0.0730
niter,ni,del,rscale     3    3   12.0000    1.2000
parameters
    2.2040  -10.7744   18.2571   -8.6336    5.3316   -6.2867
eta,q 0.93112 11.17227
  0.0760  0.0760  0.0714  0.0735  0.0704  0.0727
  0.0711  0.0732  0.0711  0.0708  0.0690  0.0708
  0.0689  0.0704  0.0705  0.0695  0.0695  0.0695
  0.0689  0.0689  0.0689  0.0689  0.0689  0.0689
  0.0681  0.0692  0.0686  0.0689  0.0684  0.0691
  0.0703  0.0721  0.0705  0.0708  0.0688  0.0704
  0.0762  0.0768  0.0725  0.0737  0.0708  0.0729
niter,ni,del,rscale     2    3   12.0000    1.2000
parameters
    2.1542  -10.7641   18.2743   -8.6409    5.3711   -6.2669
eta,q 0.93115 11.17251
  0.0756  0.0759  0.0713  0.0735  0.0704  0.0726
  0.0709  0.0731  0.0711  0.0708  0.0690  0.0708
  0.0688  0.0704  0.0705  0.0695  0.0695  0.0694
  0.0689  0.0689  0.0689  0.0689  0.0689  0.0688
  0.0680  0.0692  0.0686  0.0689  0.0684  0.0691
  0.0705  0.0721  0.0704  0.0707  0.0688  0.0704
  0.0765  0.0769  0.0724  0.0737  0.0709  0.0729
registration optimization eta report
parameter search radius
    6.9000    6.0000    6.0000    6.9000    6.9000    6.9000
100000*second partial in parameter space
       17.       21.        8.       10.        4.        8.
  0.0756  0.0759  0.0713  0.0735  0.0704  0.0726
  0.0709  0.0731  0.0711  0.0708  0.0690  0.0708
  0.0688  0.0704  0.0705  0.0695  0.0695  0.0694
  0.0689  0.0689  0.0689  0.0689  0.0689  0.0688
  0.0680  0.0692  0.0686  0.0689  0.0684  0.0691
  0.0705  0.0721  0.0704  0.0707  0.0688  0.0704
  0.0765  0.0769  0.0724  0.0737  0.0709  0.0729
    2.1542  -10.7641   18.2743   -8.6409    5.3711   -6.2669
eta,q 0.93115 11.17251

---------------------------------------------------------------------
imgreg_4dfp /opt/freesurfer/average/711-2C_as_mni_average_305 /opt/freesurfer/average/711-2B_as_mni_average_305_mask talsrcimg_g11 none talsrcimg_to_711-2C_as_mni_average_305_t4 3335
---------------------------------------------------------------------

freesurfer imgreg_4dfp.c
/opt/freesurfer/average/711-2C_as_mni_average_305.4dfp.img
       256       256       256         1
  1.000000  1.000000  1.000000
orientation T byte_order littleendian
Reading image: /opt/freesurfer/average/711-2C_as_mni_average_305.4dfp.img
dimensions:      256       256       256
mmppix:       1.0000   -1.0000   -1.0000
center:     128.0000 -129.0000 -129.0000
/opt/freesurfer/average/711-2B_as_mni_average_305_mask.4dfp.img
       256       256       256         1
  1.000000  1.000000  1.000000
orientation T byte_order littleendian
Reading mask: /opt/freesurfer/average/711-2B_as_mni_average_305_mask.4dfp.img (2306576 pixels)
talsrcimg_g11.4dfp.img
       256       256       256         1
  1.000000  1.000000  1.000000
orientation T byte_order littleendian
Reading image: talsrcimg_g11.4dfp.img
dimensions:      256       256       256
mmppix:       1.0000   -1.0000   -1.0000
center:     128.0000 -129.0000 -129.0000
fimgreg.f
image alignment mode   3335 decimal      D07 hex
parameters
    2.1542  -10.7641   18.2743   -1.0340   -1.8794   -1.5691
   12.1901   -7.5590  -10.8681   15.9445    9.3606  -14.9582
eta,q 0.93394 11.10154
niter,ni,del,rscale     5    3    5.0000    1.2000
parameter  4  5.331661 ->  0.500000 qaram    1.1500
parameter  5  3.328136 ->  0.500000 qaram    1.1500
parameter  6  2.549550 ->  0.500000 qaram    1.1500
parameter  9 -0.740132 -> -0.500000 qaram    1.1500
parameter 10  1.240238 ->  0.500000 qaram    1.1500
parameter 11  0.979115 ->  0.500000 qaram    1.1500
parameter 12  0.643223 ->  0.500000 qaram    1.1500
parameters
    1.3509  -11.4137   18.7322   -5.1740   -6.0194   -5.7091
   11.3782   -7.6110   -6.7281   11.8045    5.2206  -19.0982
eta,q 0.95375 10.33572
  0.0667  0.0667  0.0666  0.0560  0.0509  0.0478  0.0518  0.0529  0.0532  0.0461  0.0465  0.0464
  0.0661  0.0660  0.0662  0.0591  0.0538  0.0495  0.0507  0.0513  0.0519  0.0467  0.0465  0.0463
  0.0659  0.0657  0.0659  0.0623  0.0567  0.0519  0.0501  0.0504  0.0508  0.0478  0.0467  0.0463
  0.0661  0.0659  0.0658  0.0657  0.0600  0.0546  0.0501  0.0501  0.0501  0.0494  0.0470  0.0466
  0.0667  0.0664  0.0657  0.0694  0.0638  0.0572  0.0505  0.0504  0.0496  0.0515  0.0473  0.0470
  0.0678  0.0673  0.0658  0.0733  0.0681  0.0602  0.0514  0.0513  0.0493  0.0540  0.0478  0.0476
  0.0693  0.0684  0.0662  0.0774  0.0725  0.0643  0.0526  0.0530  0.0494  0.0571  0.0483  0.0483
niter,ni,del,rscale     7    3    5.0000    1.2000
parameter  3  0.859931 ->  0.500000 qaram    1.1500
parameter  4  2.542389 ->  0.500000 qaram    1.3225
parameter  5  2.424729 ->  0.500000 qaram    1.3225
parameter  6  0.969888 ->  0.500000 qaram    1.3225
parameters
    1.0754  -11.4808   17.3522   -9.9350  -10.7804  -10.4701
   12.4611   -6.7111   -6.6681    9.3647    6.3587  -19.4789
eta,q 0.97155 10.00629
  0.0479  0.0477  0.0453  0.0366  0.0303  0.0291  0.0329  0.0363  0.0320  0.0310  0.0312  0.0302
  0.0468  0.0469  0.0454  0.0381  0.0323  0.0289  0.0311  0.0331  0.0303  0.0293  0.0299  0.0292
  0.0462  0.0464  0.0457  0.0415  0.0353  0.0302  0.0297  0.0304  0.0292  0.0285  0.0290  0.0286
  0.0463  0.0462  0.0462  0.0454  0.0389  0.0330  0.0290  0.0290  0.0288  0.0288  0.0285  0.0285
  0.0467  0.0464  0.0470  0.0498  0.0430  0.0375  0.0291  0.0291  0.0292  0.0305  0.0285  0.0287
  0.0475  0.0470  0.0482  0.0543  0.0474  0.0428  0.0298  0.0308  0.0303  0.0333  0.0291  0.0294
  0.0487  0.0480  0.0495  0.0587  0.0521  0.0472  0.0312  0.0336  0.0319  0.0369  0.0301  0.0305
niter,ni,del,rscale     7    3    5.0000    1.2000
parameter  5  0.670578 ->  0.500000 qaram    1.5209
parameters
    1.4774  -11.3622   16.4340  -13.3952  -16.2556  -12.5473
   13.7364   -6.8256   -7.4758    9.8599    8.0484  -22.6528
eta,q 0.97481  9.67414
  0.0339  0.0314  0.0292  0.0303  0.0260  0.0284  0.0288  0.0300  0.0274  0.0296  0.0269  0.0258
  0.0313  0.0297  0.0283  0.0287  0.0255  0.0270  0.0273  0.0273  0.0263  0.0275  0.0262  0.0253
  0.0294  0.0287  0.0280  0.0275  0.0259  0.0259  0.0263  0.0259  0.0257  0.0262  0.0258  0.0252
  0.0284  0.0283  0.0283  0.0280  0.0276  0.0255  0.0257  0.0256  0.0256  0.0256  0.0255  0.0254
  0.0284  0.0286  0.0292  0.0311  0.0302  0.0261  0.0256  0.0261  0.0260  0.0258  0.0254  0.0260
  0.0294  0.0294  0.0307  0.0355  0.0339  0.0297  0.0261  0.0277  0.0270  0.0269  0.0256  0.0268
  0.0313  0.0308  0.0327  0.0405  0.0384  0.0355  0.0272  0.0301  0.0283  0.0288  0.0261  0.0278
niter,ni,del,rscale     7    3    5.0000    1.2000
parameters
    1.5480  -10.7796   16.6190  -13.4645  -18.6126  -12.8173
   13.8975   -7.0633   -7.6656   10.8911    7.6242  -23.7518
eta,q 0.97497  9.56206
  0.0290  0.0293  0.0275  0.0298  0.0279  0.0290  0.0276  0.0291  0.0271  0.0290  0.0261  0.0262
  0.0270  0.0273  0.0262  0.0280  0.0263  0.0273  0.0263  0.0267  0.0260  0.0269  0.0255  0.0254
  0.0257  0.0259  0.0254  0.0264  0.0253  0.0259  0.0255  0.0254  0.0253  0.0256  0.0252  0.0251
  0.0252  0.0252  0.0251  0.0251  0.0251  0.0251  0.0251  0.0251  0.0251  0.0251  0.0251  0.0251
  0.0255  0.0251  0.0252  0.0250  0.0263  0.0251  0.0253  0.0257  0.0254  0.0252  0.0252  0.0254
  0.0267  0.0256  0.0258  0.0272  0.0289  0.0266  0.0262  0.0272  0.0262  0.0259  0.0256  0.0260
  0.0286  0.0266  0.0269  0.0310  0.0329  0.0306  0.0275  0.0296  0.0273  0.0274  0.0263  0.0268
niter,ni,del,rscale     6    3    5.0000    1.2000
parameters
    1.6184  -10.4067   16.4757  -13.3262  -19.3640  -12.9624
   13.8306   -6.9236   -7.4901   11.8285    7.3090  -24.2683
eta,q 0.97500  9.54076
  0.0287  0.0281  0.0269  0.0297  0.0286  0.0290  0.0274  0.0296  0.0271  0.0285  0.0261  0.0263
  0.0267  0.0265  0.0258  0.0279  0.0268  0.0273  0.0262  0.0270  0.0260  0.0267  0.0255  0.0255
  0.0255  0.0255  0.0252  0.0263  0.0256  0.0259  0.0253  0.0255  0.0253  0.0255  0.0251  0.0251
  0.0250  0.0250  0.0250  0.0250  0.0250  0.0250  0.0250  0.0250  0.0250  0.0250  0.0250  0.0250
  0.0253  0.0251  0.0253  0.0249  0.0253  0.0250  0.0253  0.0254  0.0253  0.0251  0.0251  0.0253
  0.0264  0.0257  0.0261  0.0268  0.0272  0.0264  0.0262  0.0269  0.0259  0.0258  0.0255  0.0258
  0.0283  0.0265  0.0273  0.0304  0.0303  0.0303  0.0275  0.0291  0.0269  0.0272  0.0263  0.0266
niter,ni,del,rscale     5    3    5.0000    1.2000
parameters
    1.6830  -10.1476   16.2554  -13.2264  -19.8512  -13.2204
   13.8153   -6.7890   -7.2479   12.5908    7.0127  -24.6136
eta,q 0.97500  9.52457
  0.0286  0.0276  0.0267  0.0296  0.0285  0.0289  0.0274  0.0295  0.0270  0.0282  0.0260  0.0263
  0.0267  0.0262  0.0257  0.0278  0.0268  0.0272  0.0262  0.0269  0.0260  0.0265  0.0254  0.0255
  0.0255  0.0253  0.0251  0.0263  0.0256  0.0258  0.0253  0.0255  0.0253  0.0254  0.0251  0.0251
  0.0250  0.0250  0.0250  0.0250  0.0250  0.0250  0.0250  0.0250  0.0250  0.0250  0.0250  0.0250
  0.0253  0.0252  0.0253  0.0248  0.0252  0.0249  0.0253  0.0255  0.0252  0.0251  0.0251  0.0252
  0.0264  0.0257  0.0261  0.0268  0.0269  0.0264  0.0261  0.0269  0.0258  0.0258  0.0255  0.0257
  0.0282  0.0266  0.0273  0.0304  0.0298  0.0305  0.0275  0.0290  0.0268  0.0272  0.0262  0.0265
niter,ni,del,rscale     4    3    5.0000    1.2000
parameters
    1.7406   -9.9099   16.0632  -13.1615  -20.3391  -13.4971
   13.7898   -6.6759   -7.0098   13.2757    6.7253  -24.8345
eta,q 0.97499  9.50405
  0.0285  0.0275  0.0267  0.0295  0.0284  0.0288  0.0274  0.0294  0.0270  0.0280  0.0260  0.0264
  0.0266  0.0261  0.0257  0.0278  0.0268  0.0271  0.0262  0.0269  0.0260  0.0264  0.0254  0.0255
  0.0255  0.0253  0.0251  0.0263  0.0256  0.0259  0.0254  0.0254  0.0253  0.0255  0.0251  0.0251
  0.0250  0.0250  0.0250  0.0250  0.0250  0.0250  0.0251  0.0251  0.0251  0.0251  0.0250  0.0250
  0.0253  0.0251  0.0253  0.0249  0.0252  0.0249  0.0253  0.0255  0.0252  0.0251  0.0251  0.0252
  0.0264  0.0257  0.0261  0.0268  0.0268  0.0263  0.0261  0.0268  0.0258  0.0258  0.0255  0.0257
  0.0282  0.0266  0.0272  0.0304  0.0296  0.0305  0.0275  0.0290  0.0268  0.0273  0.0262  0.0264
niter,ni,del,rscale     3    3    5.0000    1.2000
parameters
    1.7975   -9.6736   15.8911  -13.1241  -20.8431  -13.7666
   13.7649   -6.5708   -6.7977   13.9443    6.4668  -25.0245
eta,q 0.97498  9.48102
  0.0284  0.0274  0.0267  0.0294  0.0283  0.0287  0.0273  0.0293  0.0270  0.0280  0.0260  0.0263
  0.0266  0.0261  0.0257  0.0277  0.0267  0.0271  0.0262  0.0268  0.0260  0.0265  0.0254  0.0255
  0.0255  0.0253  0.0251  0.0263  0.0256  0.0258  0.0254  0.0254  0.0253  0.0255  0.0251  0.0251
  0.0250  0.0250  0.0250  0.0250  0.0250  0.0250  0.0251  0.0251  0.0251  0.0251  0.0250  0.0250
  0.0253  0.0252  0.0253  0.0249  0.0252  0.0249  0.0253  0.0255  0.0252  0.0251  0.0251  0.0252
  0.0264  0.0257  0.0260  0.0268  0.0267  0.0263  0.0261  0.0268  0.0258  0.0258  0.0255  0.0257
  0.0282  0.0266  0.0272  0.0304  0.0295  0.0305  0.0274  0.0289  0.0268  0.0273  0.0262  0.0264
niter,ni,del,rscale     2    3    5.0000    1.2000
parameters
    1.8561   -9.4356   15.7295  -13.1138  -21.3454  -14.0192
   13.7216   -6.4584   -6.6554   14.5756    6.3266  -25.2219
eta,q 0.97497  9.45741
  0.0284  0.0275  0.0267  0.0293  0.0282  0.0287  0.0273  0.0292  0.0270  0.0280  0.0260  0.0263
  0.0266  0.0261  0.0257  0.0277  0.0267  0.0271  0.0261  0.0268  0.0260  0.0265  0.0254  0.0255
  0.0255  0.0253  0.0251  0.0262  0.0255  0.0259  0.0254  0.0254  0.0253  0.0255  0.0251  0.0251
  0.0250  0.0250  0.0250  0.0250  0.0250  0.0250  0.0251  0.0251  0.0251  0.0251  0.0250  0.0250
  0.0253  0.0252  0.0253  0.0249  0.0252  0.0249  0.0253  0.0255  0.0252  0.0251  0.0251  0.0252
  0.0263  0.0257  0.0260  0.0268  0.0267  0.0262  0.0261  0.0268  0.0259  0.0259  0.0254  0.0257
  0.0281  0.0266  0.0271  0.0303  0.0294  0.0304  0.0274  0.0288  0.0269  0.0273  0.0261  0.0264
niter,ni,del,rscale     1    3    5.0000    1.2000
parameters
    1.9162   -9.2029   15.5818  -13.1286  -21.8316  -14.2477
   13.6906   -6.3448   -6.6117   15.1837    6.2846  -25.4534
eta,q 0.97495  9.43528
  0.0283  0.0275  0.0267  0.0292  0.0282  0.0287  0.0272  0.0291  0.0270  0.0280  0.0260  0.0263
  0.0266  0.0262  0.0257  0.0276  0.0266  0.0271  0.0262  0.0267  0.0260  0.0265  0.0255  0.0256
  0.0255  0.0253  0.0252  0.0262  0.0255  0.0259  0.0254  0.0254  0.0253  0.0256  0.0252  0.0251
  0.0250  0.0250  0.0250  0.0250  0.0250  0.0250  0.0251  0.0251  0.0251  0.0251  0.0251  0.0251
  0.0253  0.0252  0.0253  0.0249  0.0253  0.0248  0.0253  0.0255  0.0253  0.0252  0.0251  0.0252
  0.0263  0.0257  0.0260  0.0268  0.0267  0.0261  0.0261  0.0268  0.0259  0.0259  0.0254  0.0257
  0.0281  0.0266  0.0271  0.0303  0.0293  0.0303  0.0273  0.0287  0.0269  0.0274  0.0261  0.0264
registration optimization eta report
parameter search radius
    2.4000    2.4000    2.7600    9.5220   10.9503    9.5220
    7.2000    7.2000    8.2800    8.2800    8.2800    8.2800
100000*second partial in parameter space
       55.       35.       25.        5.        3.        5.
        4.        7.        3.        4.        1.        2.
  0.0283  0.0275  0.0267  0.0292  0.0282  0.0287  0.0272  0.0291  0.0270  0.0280  0.0260  0.0263
  0.0266  0.0262  0.0257  0.0276  0.0266  0.0271  0.0262  0.0267  0.0260  0.0265  0.0255  0.0256
  0.0255  0.0253  0.0252  0.0262  0.0255  0.0259  0.0254  0.0254  0.0253  0.0256  0.0252  0.0251
  0.0250  0.0250  0.0250  0.0250  0.0250  0.0250  0.0251  0.0251  0.0251  0.0251  0.0251  0.0251
  0.0253  0.0252  0.0253  0.0249  0.0253  0.0248  0.0253  0.0255  0.0253  0.0252  0.0251  0.0252
  0.0263  0.0257  0.0260  0.0268  0.0267  0.0261  0.0261  0.0268  0.0259  0.0259  0.0254  0.0257
  0.0281  0.0266  0.0271  0.0303  0.0293  0.0303  0.0273  0.0287  0.0269  0.0274  0.0261  0.0264
    1.9162   -9.2029   15.5818  -13.1286  -21.8316  -14.2477
   13.6906   -6.3448   -6.6117   15.1837    6.2846  -25.4534
eta,q 0.97495  9.43528

---------------------------------------------------------------------
imgreg_4dfp /opt/freesurfer/average/711-2C_as_mni_average_305 /opt/freesurfer/average/711-2B_as_mni_average_305_mask talsrcimg_g11 none talsrcimg_to_711-2C_as_mni_average_305_t4 2311
---------------------------------------------------------------------

freesurfer imgreg_4dfp.c
/opt/freesurfer/average/711-2C_as_mni_average_305.4dfp.img
       256       256       256         1
  1.000000  1.000000  1.000000
orientation T byte_order littleendian
Reading image: /opt/freesurfer/average/711-2C_as_mni_average_305.4dfp.img
dimensions:      256       256       256
mmppix:       1.0000   -1.0000   -1.0000
center:     128.0000 -129.0000 -129.0000
/opt/freesurfer/average/711-2B_as_mni_average_305_mask.4dfp.img
       256       256       256         1
  1.000000  1.000000  1.000000
orientation T byte_order littleendian
Reading mask: /opt/freesurfer/average/711-2B_as_mni_average_305_mask.4dfp.img (2306576 pixels)
talsrcimg_g11.4dfp.img
       256       256       256         1
  1.000000  1.000000  1.000000
orientation T byte_order littleendian
Reading image: talsrcimg_g11.4dfp.img
dimensions:      256       256       256
mmppix:       1.0000   -1.0000   -1.0000
center:     128.0000 -129.0000 -129.0000
fimgreg.f
image alignment mode   2311 decimal      907 hex
parameters
    1.9162   -9.2029   15.5818  -13.1286  -21.8316  -14.2477
   13.6906   -6.3448   -6.6117   15.1836    6.2846  -25.4533
eta,q 0.97495  9.43527
niter,ni,del,rscale     5    3    5.0000    0.8000
parameters
    2.0042   -9.0449   15.4355  -11.4703  -21.0832  -12.6579
   12.9807   -6.0747   -6.7805   16.2477    6.5385  -25.2130
eta,q 0.97560  9.60445
  0.0266  0.0262  0.0256  0.0269  0.0256  0.0261  0.0253  0.0271  0.0252  0.0258  0.0251  0.0250
  0.0258  0.0256  0.0252  0.0262  0.0252  0.0256  0.0248  0.0257  0.0248  0.0252  0.0248  0.0247
  0.0253  0.0252  0.0251  0.0256  0.0249  0.0251  0.0245  0.0248  0.0245  0.0248  0.0245  0.0245
  0.0251  0.0250  0.0250  0.0250  0.0247  0.0247  0.0245  0.0245  0.0245  0.0245  0.0244  0.0244
  0.0251  0.0251  0.0252  0.0247  0.0247  0.0245  0.0248  0.0247  0.0246  0.0244  0.0244  0.0245
  0.0256  0.0254  0.0254  0.0249  0.0249  0.0246  0.0253  0.0254  0.0248  0.0246  0.0246  0.0246
  0.0263  0.0258  0.0258  0.0256  0.0252  0.0251  0.0260  0.0266  0.0253  0.0251  0.0250  0.0249
niter,ni,del,rscale     4    3    5.0000    0.7000
parameters
    1.9362   -9.1424   15.1885  -11.5908  -20.6893  -12.6386
   13.3094   -6.0677   -6.7686   16.3296    6.8880  -25.3256
eta,q 0.97567  9.62772
  0.0256  0.0251  0.0248  0.0259  0.0251  0.0254  0.0254  0.0263  0.0250  0.0252  0.0250  0.0248
  0.0249  0.0246  0.0245  0.0252  0.0247  0.0250  0.0249  0.0252  0.0246  0.0248  0.0247  0.0245
  0.0245  0.0244  0.0244  0.0246  0.0245  0.0246  0.0245  0.0246  0.0244  0.0245  0.0245  0.0244
  0.0244  0.0244  0.0244  0.0244  0.0244  0.0244  0.0244  0.0243  0.0243  0.0243  0.0243  0.0243
  0.0246  0.0245  0.0245  0.0245  0.0244  0.0244  0.0244  0.0246  0.0244  0.0244  0.0244  0.0244
  0.0251  0.0248  0.0248  0.0252  0.0245  0.0247  0.0247  0.0252  0.0246  0.0247  0.0245  0.0246
  0.0259  0.0252  0.0253  0.0262  0.0249  0.0257  0.0251  0.0263  0.0250  0.0252  0.0248  0.0248
niter,ni,del,rscale     3    3    5.0000    0.6000
parameters
    1.9012   -9.1879   15.1639  -11.5488  -20.5624  -12.4565
   13.3865   -6.1465   -6.8546   16.3413    7.0640  -25.3532
eta,q 0.97570  9.64218
  0.0253  0.0249  0.0248  0.0256  0.0248  0.0252  0.0250  0.0258  0.0248  0.0250  0.0248  0.0247
  0.0247  0.0245  0.0245  0.0250  0.0246  0.0248  0.0246  0.0250  0.0245  0.0246  0.0245  0.0245
  0.0244  0.0244  0.0244  0.0246  0.0244  0.0245  0.0244  0.0245  0.0243  0.0244  0.0244  0.0243
  0.0243  0.0243  0.0243  0.0243  0.0243  0.0243  0.0243  0.0243  0.0243  0.0243  0.0243  0.0243
  0.0245  0.0244  0.0244  0.0244  0.0244  0.0243  0.0244  0.0245  0.0244  0.0244  0.0243  0.0243
  0.0248  0.0246  0.0246  0.0249  0.0245  0.0245  0.0246  0.0250  0.0245  0.0246  0.0245  0.0245
  0.0254  0.0249  0.0248  0.0257  0.0248  0.0252  0.0250  0.0259  0.0248  0.0250  0.0247  0.0247
niter,ni,del,rscale     2    3    5.0000    0.5000
parameters
    1.8684   -9.2272   15.1687  -11.5231  -20.4651  -12.2864
   13.4476   -6.2061   -6.8860   16.3259    7.1540  -25.3592
eta,q 0.97572  9.65270
  0.0250  0.0247  0.0247  0.0253  0.0247  0.0250  0.0248  0.0254  0.0246  0.0248  0.0246  0.0245
  0.0246  0.0245  0.0245  0.0248  0.0245  0.0247  0.0245  0.0248  0.0244  0.0245  0.0245  0.0244
  0.0244  0.0243  0.0243  0.0245  0.0244  0.0244  0.0244  0.0244  0.0243  0.0244  0.0243  0.0243
  0.0243  0.0243  0.0243  0.0243  0.0243  0.0243  0.0243  0.0243  0.0243  0.0243  0.0243  0.0243
  0.0244  0.0244  0.0243  0.0244  0.0243  0.0243  0.0243  0.0244  0.0243  0.0243  0.0243  0.0243
  0.0247  0.0245  0.0245  0.0247  0.0244  0.0245  0.0245  0.0248  0.0244  0.0245  0.0244  0.0244
  0.0251  0.0247  0.0246  0.0253  0.0246  0.0249  0.0248  0.0254  0.0246  0.0248  0.0246  0.0245
niter,ni,del,rscale     1    3    5.0000    0.4000
parameters
    1.8407   -9.2754   15.1884  -11.5207  -20.3675  -12.1408
   13.5013   -6.2534   -6.8991   16.2752    7.2313  -25.3492
eta,q 0.97572  9.66104
  0.0247  0.0245  0.0245  0.0249  0.0245  0.0247  0.0246  0.0250  0.0245  0.0246  0.0245  0.0245
  0.0245  0.0244  0.0244  0.0246  0.0244  0.0245  0.0244  0.0246  0.0244  0.0244  0.0244  0.0243
  0.0243  0.0243  0.0243  0.0244  0.0243  0.0244  0.0243  0.0244  0.0243  0.0243  0.0243  0.0243
  0.0243  0.0243  0.0243  0.0243  0.0243  0.0243  0.0243  0.0243  0.0243  0.0243  0.0243  0.0243
  0.0244  0.0243  0.0243  0.0244  0.0243  0.0243  0.0243  0.0244  0.0243  0.0243  0.0243  0.0243
  0.0245  0.0244  0.0244  0.0246  0.0244  0.0244  0.0244  0.0246  0.0244  0.0244  0.0244  0.0244
  0.0248  0.0246  0.0245  0.0250  0.0245  0.0247  0.0246  0.0250  0.0245  0.0246  0.0245  0.0244
registration optimization eta report
parameter search radius
    0.8000    0.8000    0.8000    2.4000    2.4000    2.4000
    2.4000    2.4000    2.4000    2.4000    2.4000    2.4000
100000*second partial in parameter space
       74.       41.       36.       11.        4.        7.
        6.       13.        4.        6.        4.        3.
  0.0247  0.0245  0.0245  0.0249  0.0245  0.0247  0.0246  0.0250  0.0245  0.0246  0.0245  0.0245
  0.0245  0.0244  0.0244  0.0246  0.0244  0.0245  0.0244  0.0246  0.0244  0.0244  0.0244  0.0243
  0.0243  0.0243  0.0243  0.0244  0.0243  0.0244  0.0243  0.0244  0.0243  0.0243  0.0243  0.0243
  0.0243  0.0243  0.0243  0.0243  0.0243  0.0243  0.0243  0.0243  0.0243  0.0243  0.0243  0.0243
  0.0244  0.0243  0.0243  0.0244  0.0243  0.0243  0.0243  0.0244  0.0243  0.0243  0.0243  0.0243
  0.0245  0.0244  0.0244  0.0246  0.0244  0.0244  0.0244  0.0246  0.0244  0.0244  0.0244  0.0244
  0.0248  0.0246  0.0245  0.0250  0.0245  0.0247  0.0246  0.0250  0.0245  0.0246  0.0245  0.0244
    1.8407   -9.2754   15.1884  -11.5207  -20.3675  -12.1408
   13.5013   -6.2534   -6.8991   16.2752    7.2313  -25.3492
eta,q 0.97572  9.66104

---------------------------------------------------------------------
imgreg_4dfp /opt/freesurfer/average/711-2C_as_mni_average_305 /opt/freesurfer/average/711-2B_as_mni_average_305_mask talsrcimg_g11 none talsrcimg_to_711-2C_as_mni_average_305_t4 2311
---------------------------------------------------------------------

freesurfer imgreg_4dfp.c
/opt/freesurfer/average/711-2C_as_mni_average_305.4dfp.img
       256       256       256         1
  1.000000  1.000000  1.000000
orientation T byte_order littleendian
Reading image: /opt/freesurfer/average/711-2C_as_mni_average_305.4dfp.img
dimensions:      256       256       256
mmppix:       1.0000   -1.0000   -1.0000
center:     128.0000 -129.0000 -129.0000
/opt/freesurfer/average/711-2B_as_mni_average_305_mask.4dfp.img
       256       256       256         1
  1.000000  1.000000  1.000000
orientation T byte_order littleendian
Reading mask: /opt/freesurfer/average/711-2B_as_mni_average_305_mask.4dfp.img (2306576 pixels)
talsrcimg_g11.4dfp.img
       256       256       256         1
  1.000000  1.000000  1.000000
orientation T byte_order littleendian
Reading image: talsrcimg_g11.4dfp.img
dimensions:      256       256       256
mmppix:       1.0000   -1.0000   -1.0000
center:     128.0000 -129.0000 -129.0000
fimgreg.f
image alignment mode   2311 decimal      907 hex
parameters
    1.8407   -9.2754   15.1884  -11.5207  -20.3675  -12.1408
   13.5013   -6.2534   -6.8991   16.2752    7.2313  -25.3492
eta,q 0.97572  9.66104
niter,ni,del,rscale     5    3    5.0000    0.8000
parameters
    1.8337   -9.2782   15.2256  -11.9093  -20.6007  -12.6749
   13.6175   -6.3332   -6.9115   16.0387    7.2375  -25.3106
eta,q 0.97565  9.62103
  0.0261  0.0253  0.0252  0.0261  0.0251  0.0256  0.0256  0.0268  0.0252  0.0254  0.0250  0.0249
  0.0251  0.0247  0.0247  0.0253  0.0247  0.0250  0.0249  0.0254  0.0247  0.0248  0.0247  0.0246
  0.0245  0.0244  0.0244  0.0246  0.0244  0.0245  0.0245  0.0246  0.0244  0.0245  0.0245  0.0244
  0.0243  0.0243  0.0243  0.0243  0.0243  0.0243  0.0244  0.0244  0.0244  0.0243  0.0244  0.0244
  0.0245  0.0244  0.0244  0.0246  0.0244  0.0244  0.0245  0.0246  0.0244  0.0245  0.0244  0.0244
  0.0251  0.0248  0.0247  0.0255  0.0247  0.0251  0.0248  0.0255  0.0247  0.0249  0.0246  0.0246
  0.0262  0.0253  0.0251  0.0270  0.0254  0.0269  0.0255  0.0269  0.0252  0.0256  0.0250  0.0249
niter,ni,del,rscale     4    3    5.0000    0.7000
parameters
    1.8418   -9.2550   15.2288  -11.7188  -20.5067  -12.5516
   13.5152   -6.3192   -6.9157   16.1127    7.2288  -25.2889
eta,q 0.97568  9.63512
  0.0257  0.0252  0.0250  0.0260  0.0250  0.0255  0.0252  0.0263  0.0250  0.0252  0.0249  0.0248
  0.0250  0.0247  0.0246  0.0253  0.0247  0.0250  0.0247  0.0252  0.0246  0.0248  0.0246  0.0245
  0.0245  0.0244  0.0244  0.0247  0.0244  0.0246  0.0244  0.0246  0.0244  0.0245  0.0244  0.0244
  0.0244  0.0243  0.0243  0.0244  0.0243  0.0243  0.0243  0.0243  0.0243  0.0243  0.0243  0.0243
  0.0245  0.0244  0.0244  0.0244  0.0244  0.0243  0.0244  0.0245  0.0244  0.0244  0.0244  0.0244
  0.0250  0.0247  0.0247  0.0249  0.0246  0.0246  0.0248  0.0252  0.0246  0.0247  0.0246  0.0245
  0.0257  0.0251  0.0250  0.0259  0.0250  0.0256  0.0253  0.0263  0.0250  0.0252  0.0249  0.0248
niter,ni,del,rscale     3    3    5.0000    0.6000
parameters
    1.8377   -9.2724   15.2123  -11.6132  -20.4315  -12.3856
   13.4981   -6.3042   -6.9210   16.1689    7.2443  -25.3156
eta,q 0.97570  9.64738
  0.0253  0.0249  0.0248  0.0256  0.0248  0.0252  0.0250  0.0258  0.0248  0.0250  0.0247  0.0247
  0.0248  0.0246  0.0245  0.0251  0.0246  0.0248  0.0246  0.0250  0.0245  0.0246  0.0245  0.0244
  0.0244  0.0244  0.0244  0.0246  0.0244  0.0245  0.0244  0.0245  0.0243  0.0244  0.0244  0.0243
  0.0243  0.0243  0.0243  0.0243  0.0243  0.0243  0.0243  0.0243  0.0243  0.0243  0.0243  0.0243
  0.0244  0.0244  0.0244  0.0244  0.0243  0.0243  0.0244  0.0245  0.0244  0.0244  0.0243  0.0243
  0.0248  0.0246  0.0245  0.0248  0.0245  0.0245  0.0246  0.0250  0.0245  0.0246  0.0245  0.0245
  0.0253  0.0249  0.0248  0.0256  0.0248  0.0252  0.0250  0.0258  0.0248  0.0250  0.0247  0.0246
niter,ni,del,rscale     2    3    5.0000    0.5000
parameters
    1.8250   -9.2938   15.2126  -11.5652  -20.3485  -12.2285
   13.5103   -6.3077   -6.9128   16.1803    7.2560  -25.3059
eta,q 0.97571  9.65708
  0.0250  0.0247  0.0247  0.0253  0.0247  0.0250  0.0248  0.0254  0.0246  0.0248  0.0246  0.0245
  0.0246  0.0245  0.0244  0.0248  0.0245  0.0246  0.0245  0.0248  0.0244  0.0245  0.0244  0.0244
  0.0244  0.0243  0.0243  0.0245  0.0243  0.0244  0.0244  0.0244  0.0243  0.0244  0.0243  0.0243
  0.0243  0.0243  0.0243  0.0243  0.0243  0.0243  0.0243  0.0243  0.0243  0.0243  0.0243  0.0243
  0.0244  0.0244  0.0243  0.0244  0.0243  0.0243  0.0243  0.0244  0.0243  0.0243  0.0243  0.0243
  0.0246  0.0245  0.0245  0.0247  0.0244  0.0245  0.0245  0.0248  0.0244  0.0245  0.0244  0.0244
  0.0250  0.0247  0.0246  0.0253  0.0246  0.0249  0.0248  0.0254  0.0246  0.0248  0.0246  0.0245
niter,ni,del,rscale     1    3    5.0000    0.4000
parameters
    1.8161   -9.3245   15.2264  -11.5455  -20.2868  -12.0938
   13.5270   -6.3161   -6.8995   16.1631    7.2864  -25.3108
eta,q 0.97573  9.66388
  0.0247  0.0245  0.0245  0.0249  0.0245  0.0247  0.0246  0.0250  0.0245  0.0246  0.0245  0.0244
  0.0245  0.0244  0.0244  0.0246  0.0244  0.0245  0.0244  0.0246  0.0244  0.0244  0.0244  0.0243
  0.0243  0.0243  0.0243  0.0244  0.0243  0.0244  0.0243  0.0244  0.0243  0.0243  0.0243  0.0243
  0.0243  0.0243  0.0243  0.0243  0.0243  0.0243  0.0243  0.0243  0.0243  0.0243  0.0243  0.0243
  0.0243  0.0243  0.0243  0.0243  0.0243  0.0243  0.0243  0.0244  0.0243  0.0243  0.0243  0.0243
  0.0245  0.0244  0.0244  0.0246  0.0244  0.0244  0.0244  0.0246  0.0244  0.0244  0.0244  0.0244
  0.0248  0.0246  0.0245  0.0249  0.0245  0.0247  0.0246  0.0250  0.0245  0.0246  0.0245  0.0244
registration optimization eta report
parameter search radius
    0.8000    0.8000    0.8000    2.4000    2.4000    2.4000
    2.4000    2.4000    2.4000    2.4000    2.4000    2.4000
100000*second partial in parameter space
       74.       42.       35.       11.        4.        7.
        6.       13.        4.        6.        4.        3.
  0.0247  0.0245  0.0245  0.0249  0.0245  0.0247  0.0246  0.0250  0.0245  0.0246  0.0245  0.0244
  0.0245  0.0244  0.0244  0.0246  0.0244  0.0245  0.0244  0.0246  0.0244  0.0244  0.0244  0.0243
  0.0243  0.0243  0.0243  0.0244  0.0243  0.0244  0.0243  0.0244  0.0243  0.0243  0.0243  0.0243
  0.0243  0.0243  0.0243  0.0243  0.0243  0.0243  0.0243  0.0243  0.0243  0.0243  0.0243  0.0243
  0.0243  0.0243  0.0243  0.0243  0.0243  0.0243  0.0243  0.0244  0.0243  0.0243  0.0243  0.0243
  0.0245  0.0244  0.0244  0.0246  0.0244  0.0244  0.0244  0.0246  0.0244  0.0244  0.0244  0.0244
  0.0248  0.0246  0.0245  0.0249  0.0245  0.0247  0.0246  0.0250  0.0245  0.0246  0.0245  0.0244
    1.8161   -9.3245   15.2264  -11.5455  -20.2868  -12.0938
   13.5270   -6.3161   -6.8995   16.1631    7.2864  -25.3108
eta,q 0.97573  9.66388

---------------------------------------------------------------------
compute_vox2vox talsrcimg talsrcimg_to_711-2C_as_mni_average_305_t4 /opt/freesurfer/average/711-2C_as_mni_average_305
---------------------------------------------------------------------

freesurfer compute_vox2vox.c
Reading: talsrcimg.4dfp.ifh
Reading: talsrcimg_to_711-2C_as_mni_average_305_t4
Reading: /opt/freesurfer/average/711-2C_as_mni_average_305.4dfp.ifh
Writing: talsrcimg_to_711-2C_as_mni_average_305_t4_vox2vox.txt

start time Sat Mar 14 10:30:54 CET 2026
end		time Sat Mar 14 10:31:08 CET 2026

mpr2mni305 success

avi2talxfm orig_nu.mgz /opt/freesurfer/average/mni305.cor.mgz talsrcimg_to_711-2C_as_mni_average_305_t4_vox2vox.txt transforms/talairach.auto.xfm
avi2talxfm done
mv -f /out/sourcedata/freesurfer/sub-v2s9x29160_ses-1/mri/talsrcimg_to_711-2C_as_mni_average_305_t4_vox2vox.txt /out/sourcedata/freesurfer/sub-v2s9x29160_ses-1/mri/transforms/talsrcimg_to_711-2C_as_mni_average_305_t4_vox2vox.txt
lta_convert --src orig_nu.mgz --trg /opt/freesurfer/average/mni305.cor.mgz --inxfm transforms/talairach.auto.xfm --outlta transforms/talairach.auto.xfm.lta --subject fsaverage
7.3.2

--src: orig_nu.mgz src image (geometry).
--trg: /opt/freesurfer/average/mni305.cor.mgz trg image (geometry).
--inmni: transforms/talairach.auto.xfm input MNI/XFM transform.
--outlta: transforms/talairach.auto.xfm.lta output LTA.
--s: fsaverage subject name
 LTA read, type : 1
 1.10961   0.10804  -0.15399  -5.68021;
-0.06077   1.06891   0.34972  -14.21363;
 0.10836  -0.20739   1.17026   12.63071;
 0.00000   0.00000   0.00000   1.00000;
setting subject to fsaverage
Writing  LTA to file transforms/talairach.auto.xfm.lta...
lta_convert successful.
 
 
Started at Sat Mar 14 10:30:53 CET 2026
Ended   at Sat Mar 14 10:31:08 CET 2026
talairach_avi done
