status file for recon-all
Sat Mar 14 11:55:36 CET 2026
#@# Tessellate rh Sat Mar 14 11:55:36 CET 2026
#@# Smooth1 rh Sat Mar 14 11:55:38 CET 2026
#@# Inflation1 rh Sat Mar 14 11:55:40 CET 2026
#@# QSphere rh Sat Mar 14 11:55:47 CET 2026
#@# Fix Topology rh Sat Mar 14 11:56:25 CET 2026
#@# Smooth2 rh Sat Mar 14 12:00:33 CET 2026
#@# Inflation2 rh Sat Mar 14 12:00:34 CET 2026
#@# Curv .H and .K rh Sat Mar 14 12:00:42 CET 2026
#@# Sphere rh Sat Mar 14 12:01:14 CET 2026
#@# Surf Reg rh Sat Mar 14 12:02:54 CET 2026
#@# Jacobian white rh Sat Mar 14 12:05:04 CET 2026
#@# AvgCurv rh Sat Mar 14 12:05:05 CET 2026
#@# Cortical Parc rh Sat Mar 14 12:05:05 CET 2026
#@# white curv rh Sat Mar 14 12:09:38 CET 2026
#@# white area rh Sat Mar 14 12:09:39 CET 2026
#@# pial curv rh Sat Mar 14 12:09:40 CET 2026
#@# pial area rh Sat Mar 14 12:09:41 CET 2026
#@# thickness rh Sat Mar 14 12:09:41 CET 2026
#@# area and vertex vol rh Sat Mar 14 12:09:57 CET 2026
#@# Curvature Stats rh Sat Mar 14 12:09:58 CET 2026
#@# Cortical Parc 2 rh Sat Mar 14 12:09:59 CET 2026
#@# Cortical Parc 3 rh Sat Mar 14 12:10:08 CET 2026
#@# WM/GM Contrast rh Sat Mar 14 12:10:15 CET 2026
recon-all -s sub-v2s9x29174_ses-1 finished without error at Sat Mar 14 12:10:17 CET 2026



#New# invocation of recon-all 



status file for recon-all
Sat Mar 14 12:15:10 CET 2026
#@# white curv rh Sat Mar 14 12:15:10 CET 2026
#@# white area rh Sat Mar 14 12:15:10 CET 2026
#@# pial curv rh Sat Mar 14 12:15:10 CET 2026
#@# pial area rh Sat Mar 14 12:15:11 CET 2026
#@# thickness rh Sat Mar 14 12:15:11 CET 2026
#@# area and vertex vol rh Sat Mar 14 12:15:11 CET 2026
#@# Parcellation Stats rh Sat Mar 14 12:15:11 CET 2026
#@# Parcellation Stats 2 rh Sat Mar 14 12:15:22 CET 2026
#@# Parcellation Stats 3 rh Sat Mar 14 12:15:28 CET 2026
#@# BA_exvivo Labels rh Sat Mar 14 12:15:33 CET 2026
recon-all -s sub-v2s9x29174_ses-1 finished without error at Sat Mar 14 12:17:08 CET 2026
