status file for recon-all
Sat Mar 14 11:41:32 CET 2026
#@# Tessellate lh Sat Mar 14 11:41:32 CET 2026
#@# Smooth1 lh Sat Mar 14 11:41:35 CET 2026
#@# Inflation1 lh Sat Mar 14 11:41:37 CET 2026
#@# QSphere lh Sat Mar 14 11:41:43 CET 2026
#@# Fix Topology lh Sat Mar 14 11:42:16 CET 2026
#@# Smooth2 lh Sat Mar 14 11:46:29 CET 2026
#@# Inflation2 lh Sat Mar 14 11:46:31 CET 2026
#@# Curv .H and .K lh Sat Mar 14 11:46:38 CET 2026
#@# Sphere lh Sat Mar 14 11:47:10 CET 2026
#@# Surf Reg lh Sat Mar 14 11:48:24 CET 2026
#@# Jacobian white lh Sat Mar 14 11:50:25 CET 2026
#@# AvgCurv lh Sat Mar 14 11:50:25 CET 2026
#@# Cortical Parc lh Sat Mar 14 11:50:26 CET 2026
#@# white curv lh Sat Mar 14 11:54:55 CET 2026
#@# white area lh Sat Mar 14 11:54:56 CET 2026
#@# pial curv lh Sat Mar 14 11:54:56 CET 2026
#@# pial area lh Sat Mar 14 11:54:57 CET 2026
#@# thickness lh Sat Mar 14 11:54:58 CET 2026
#@# area and vertex vol lh Sat Mar 14 11:55:14 CET 2026
#@# Curvature Stats lh Sat Mar 14 11:55:15 CET 2026
#@# Cortical Parc 2 lh Sat Mar 14 11:55:16 CET 2026
#@# Cortical Parc 3 lh Sat Mar 14 11:55:25 CET 2026
#@# WM/GM Contrast lh Sat Mar 14 11:55:31 CET 2026
recon-all -s sub-v2s9x29174_ses-1 finished without error at Sat Mar 14 11:55:33 CET 2026



#New# invocation of recon-all 



status file for recon-all
Sat Mar 14 12:13:12 CET 2026
#@# white curv lh Sat Mar 14 12:13:13 CET 2026
#@# white area lh Sat Mar 14 12:13:13 CET 2026
#@# pial curv lh Sat Mar 14 12:13:13 CET 2026
#@# pial area lh Sat Mar 14 12:13:13 CET 2026
#@# thickness lh Sat Mar 14 12:13:13 CET 2026
#@# area and vertex vol lh Sat Mar 14 12:13:13 CET 2026
#@# Parcellation Stats lh Sat Mar 14 12:13:13 CET 2026
#@# Parcellation Stats 2 lh Sat Mar 14 12:13:24 CET 2026
#@# Parcellation Stats 3 lh Sat Mar 14 12:13:30 CET 2026
#@# BA_exvivo Labels lh Sat Mar 14 12:13:35 CET 2026
recon-all -s sub-v2s9x29174_ses-1 finished without error at Sat Mar 14 12:15:09 CET 2026
