status file for recon-all
Sat Mar 14 11:58:28 CET 2026
#@# Tessellate rh Sat Mar 14 11:58:28 CET 2026
#@# Smooth1 rh Sat Mar 14 11:58:31 CET 2026
#@# Inflation1 rh Sat Mar 14 11:58:32 CET 2026
#@# QSphere rh Sat Mar 14 11:58:41 CET 2026
#@# Fix Topology rh Sat Mar 14 11:59:22 CET 2026
#@# Smooth2 rh Sat Mar 14 12:05:15 CET 2026
#@# Inflation2 rh Sat Mar 14 12:05:17 CET 2026
#@# Curv .H and .K rh Sat Mar 14 12:05:25 CET 2026
#@# Sphere rh Sat Mar 14 12:06:02 CET 2026
#@# Surf Reg rh Sat Mar 14 12:07:26 CET 2026
#@# Jacobian white rh Sat Mar 14 12:09:57 CET 2026
#@# AvgCurv rh Sat Mar 14 12:09:58 CET 2026
#@# Cortical Parc rh Sat Mar 14 12:09:58 CET 2026
#@# white curv rh Sat Mar 14 12:14:38 CET 2026
#@# white area rh Sat Mar 14 12:14:39 CET 2026
#@# pial curv rh Sat Mar 14 12:14:40 CET 2026
#@# pial area rh Sat Mar 14 12:14:41 CET 2026
#@# thickness rh Sat Mar 14 12:14:42 CET 2026
#@# area and vertex vol rh Sat Mar 14 12:15:01 CET 2026
#@# Curvature Stats rh Sat Mar 14 12:15:02 CET 2026
#@# Cortical Parc 2 rh Sat Mar 14 12:15:04 CET 2026
#@# Cortical Parc 3 rh Sat Mar 14 12:15:14 CET 2026
#@# WM/GM Contrast rh Sat Mar 14 12:15:21 CET 2026
recon-all -s sub-v2s9x29152_ses-1 finished without error at Sat Mar 14 12:15:24 CET 2026



#New# invocation of recon-all 



status file for recon-all
Sat Mar 14 12:21:12 CET 2026
#@# white curv rh Sat Mar 14 12:21:13 CET 2026
#@# white area rh Sat Mar 14 12:21:13 CET 2026
#@# pial curv rh Sat Mar 14 12:21:13 CET 2026
#@# pial area rh Sat Mar 14 12:21:13 CET 2026
#@# thickness rh Sat Mar 14 12:21:13 CET 2026
#@# area and vertex vol rh Sat Mar 14 12:21:13 CET 2026
#@# Parcellation Stats rh Sat Mar 14 12:21:13 CET 2026
#@# Parcellation Stats 2 rh Sat Mar 14 12:21:27 CET 2026
#@# Parcellation Stats 3 rh Sat Mar 14 12:21:35 CET 2026
#@# BA_exvivo Labels rh Sat Mar 14 12:21:42 CET 2026
recon-all -s sub-v2s9x29152_ses-1 finished without error at Sat Mar 14 12:23:35 CET 2026
