status file for recon-all
Sat Mar 14 11:42:38 CET 2026
#@# Tessellate lh Sat Mar 14 11:42:38 CET 2026
#@# Smooth1 lh Sat Mar 14 11:42:41 CET 2026
#@# Inflation1 lh Sat Mar 14 11:42:43 CET 2026
#@# QSphere lh Sat Mar 14 11:42:51 CET 2026
#@# Fix Topology lh Sat Mar 14 11:43:29 CET 2026
#@# Smooth2 lh Sat Mar 14 11:48:16 CET 2026
#@# Inflation2 lh Sat Mar 14 11:48:18 CET 2026
#@# Curv .H and .K lh Sat Mar 14 11:48:27 CET 2026
#@# Sphere lh Sat Mar 14 11:49:02 CET 2026
#@# Surf Reg lh Sat Mar 14 11:50:36 CET 2026
#@# Jacobian white lh Sat Mar 14 11:53:03 CET 2026
#@# AvgCurv lh Sat Mar 14 11:53:04 CET 2026
#@# Cortical Parc lh Sat Mar 14 11:53:04 CET 2026
#@# white curv lh Sat Mar 14 11:57:42 CET 2026
#@# white area lh Sat Mar 14 11:57:43 CET 2026
#@# pial curv lh Sat Mar 14 11:57:43 CET 2026
#@# pial area lh Sat Mar 14 11:57:45 CET 2026
#@# thickness lh Sat Mar 14 11:57:45 CET 2026
#@# area and vertex vol lh Sat Mar 14 11:58:04 CET 2026
#@# Curvature Stats lh Sat Mar 14 11:58:05 CET 2026
#@# Cortical Parc 2 lh Sat Mar 14 11:58:06 CET 2026
#@# Cortical Parc 3 lh Sat Mar 14 11:58:15 CET 2026
#@# WM/GM Contrast lh Sat Mar 14 11:58:22 CET 2026
recon-all -s sub-v2s9x29152_ses-1 finished without error at Sat Mar 14 11:58:25 CET 2026



#New# invocation of recon-all 



status file for recon-all
Sat Mar 14 12:18:52 CET 2026
#@# white curv lh Sat Mar 14 12:18:53 CET 2026
#@# white area lh Sat Mar 14 12:18:53 CET 2026
#@# pial curv lh Sat Mar 14 12:18:53 CET 2026
#@# pial area lh Sat Mar 14 12:18:53 CET 2026
#@# thickness lh Sat Mar 14 12:18:53 CET 2026
#@# area and vertex vol lh Sat Mar 14 12:18:53 CET 2026
#@# Parcellation Stats lh Sat Mar 14 12:18:53 CET 2026
#@# Parcellation Stats 2 lh Sat Mar 14 12:19:07 CET 2026
#@# Parcellation Stats 3 lh Sat Mar 14 12:19:14 CET 2026
#@# BA_exvivo Labels lh Sat Mar 14 12:19:21 CET 2026
recon-all -s sub-v2s9x29152_ses-1 finished without error at Sat Mar 14 12:21:10 CET 2026
