/out/sourcedata/freesurfer/sub-v2s9x29171_ses-1/mri
/opt/freesurfer/bin/talairach_avi
--i orig_nu.mgz --xfm transforms/talairach.auto.xfm
talairach_avi 7.3.2
Linux dna079 5.14.0-427.37.1.el9_4.x86_64 #1 SMP PREEMPT_DYNAMIC Fri Sep 13 12:41:50 EDT 2024 x86_64 x86_64 x86_64 GNU/Linux
Sat Mar 14 10:30:58 CET 2026
mri_convert orig_nu.mgz talsrcimg.img 
reading from orig_nu.mgz...
TR=0.00, TE=0.00, TI=0.00, flip angle=0.00
i_ras = (-1, 0, 0)
j_ras = (0, 0, -1)
k_ras = (0, 1, 0)
writing to talsrcimg.img...
Analyze Output Matrix
-1.00000   0.00000   0.00000   129.66513;
 0.00000   0.00000   1.00000  -128.00000;
 0.00000  -1.00000   0.00000   130.00000;
 0.00000   0.00000   0.00000   1.00000;
--------------------
INFO: set hdr.hist.orient to -1
mpr2mni305 talsrcimg
Sat Mar 14 10:30:58 CET 2026
/opt/freesurfer/bin/mpr2mni305 talsrcimg
mpr2mni305 7.3.2
target=711-2C_as_mni_average_305

---------------------------------------------------------------------
analyzeto4dfp talsrcimg -O0 -y
---------------------------------------------------------------------

freesurfer ifh2hdr.c
Sat Mar 14 10:30:59 2026
Writing: talsrcimg.4dfp.hdr
freesurfer analyzeto4dfp.c
Reading: talsrcimg.hdr
header size 348 bytes
hdr.dime.datatype	offset=70	value=2
hdr.dime.bitpix		offset=72	value=8
hdr.hist.orient		offset=252	value=-1
dimensionality     4
dimensions       256       256       256         1
Reading: talsrcimg.img
Writing: talsrcimg.4dfp.img
Writing: talsrcimg.4dfp.ifh
ifh2hdr talsrcimg -r0to202
ori=2

---------------------------------------------------------------------
gauss_4dfp talsrcimg 1.1
---------------------------------------------------------------------

freesurfer gauss_4dfp.c
Reading: talsrcimg.4dfp.img
Writing: talsrcimg_g11.4dfp.img
image dimensions 256 256 256 padded to 288 288 288
processing volume 1freesurfer ifh2hdr.c
Sat Mar 14 10:31:00 2026
Writing: talsrcimg_g11.4dfp.hdr

Writing: talsrcimg_g11.4dfp.ifh
including: talsrcimg.4dfp.img.rec in talsrcimg_g11.4dfp.img.rec

---------------------------------------------------------------------
imgreg_4dfp /opt/freesurfer/average/711-2C_as_mni_average_305 none talsrcimg_g11 none talsrcimg_to_711-2C_as_mni_average_305_t4 4355
---------------------------------------------------------------------

freesurfer imgreg_4dfp.c
/opt/freesurfer/average/711-2C_as_mni_average_305.4dfp.img
       256       256       256         1
  1.000000  1.000000  1.000000
orientation T byte_order littleendian
Reading image: /opt/freesurfer/average/711-2C_as_mni_average_305.4dfp.img
dimensions:      256       256       256
mmppix:       1.0000   -1.0000   -1.0000
center:     128.0000 -129.0000 -129.0000
talsrcimg_g11.4dfp.img
       256       256       256         1
  1.000000  1.000000  1.000000
orientation T byte_order littleendian
Reading image: talsrcimg_g11.4dfp.img
dimensions:      256       256       256
mmppix:       1.0000   -1.0000   -1.0000
center:     128.0000 -129.0000 -129.0000
t4_read: open error in t4_sub.f l:  41 t4_file(1:l)talsrcimg_to_711-2C_as_mni_average_305_t4 
t4_read: transform initialized to I4
rotation matrix determinant  1.000000
image alignment mode   4355 decimal     1103 hex
   -7.5000  -45.0000  -45.0000 8727.1328   21.0782
    0.0000  -45.0000  -45.0000 9219.5137   21.0644
    7.5000  -45.0000  -45.0000 8924.1514   21.0688
   -7.5000  -37.5000  -45.0000 9005.8506   21.0872
    0.0000  -37.5000  -45.0000 9519.8281   21.0747
    7.5000  -37.5000  -45.0000 9221.0098   21.0933
   -7.5000  -30.0000  -45.0000 9612.3682   21.1233
    0.0000  -30.0000  -45.000010165.9678   21.1083
    7.5000  -30.0000  -45.0000 9832.9014   21.1345
   -7.5000  -22.5000  -45.000010201.0625   21.1538
    0.0000  -22.5000  -45.000010778.1846   21.1347
    7.5000  -22.5000  -45.000010415.1230   21.1530
   -7.5000  -15.0000  -45.000010662.3750   21.1483
    0.0000  -15.0000  -45.000011258.1035   21.1261
    7.5000  -15.0000  -45.000010899.0254   21.1296
   -7.5000   -7.5000  -45.000011070.8105   21.1088
    0.0000   -7.5000  -45.000011676.5928   21.0894
    7.5000   -7.5000  -45.000011282.3506   21.0867
   -7.5000    0.0000  -45.000011400.1592   21.0782
    0.0000    0.0000  -45.000012006.4160   21.0644
    7.5000    0.0000  -45.000011609.0723   21.0688
   -7.5000    7.5000  -45.000010775.3564   21.0872
    0.0000    7.5000  -45.000011360.0684   21.0747
    7.5000    7.5000  -45.000010970.5693   21.0933
   -7.5000   15.0000  -45.0000 9976.6855   21.1233
    0.0000   15.0000  -45.000010511.6260   21.1083
    7.5000   15.0000  -45.000010147.1641   21.1345
   -7.5000   22.5000  -45.0000 9182.6211   21.1509
    0.0000   22.5000  -45.0000 9691.9307   21.1318
    7.5000   22.5000  -45.0000 9328.4912   21.1501
   -7.5000   30.0000  -45.0000 8353.5146   20.8676
    0.0000   30.0000  -45.0000 8820.5615   20.8457
    7.5000   30.0000  -45.0000 8483.5469   20.8492
   -7.5000   37.5000  -45.0000 7808.1411   20.8635
    0.0000   37.5000  -45.0000 8270.2578   20.8445
    7.5000   37.5000  -45.0000 7938.5571   20.8420
   -7.5000   45.0000  -45.0000 6897.9600   20.4269
    0.0000   45.0000  -45.0000 7319.3237   20.4135
    7.5000   45.0000  -45.0000 7028.0161   20.4179
   -7.5000  -45.0000  -37.5000 9285.7598   21.0374
    0.0000  -45.0000  -37.5000 9821.1279   21.0121
    7.5000  -45.0000  -37.5000 9487.0654   21.0234
   -7.5000  -37.5000  -37.5000 9552.8574   21.0448
    0.0000  -37.5000  -37.500010124.0244   21.0224
    7.5000  -37.5000  -37.5000 9775.3604   21.0481
   -7.5000  -30.0000  -37.500010191.8662   21.0697
    0.0000  -30.0000  -37.500010801.7744   21.0442
    7.5000  -30.0000  -37.500010415.4326   21.0752
   -7.5000  -22.5000  -37.500010789.2510   21.0910
    0.0000  -22.5000  -37.500011439.1367   21.0585
    7.5000  -22.5000  -37.500011025.5146   21.0783
   -7.5000  -15.0000  -37.500011276.3516   21.0874
    0.0000  -15.0000  -37.500011930.6895   21.0499
    7.5000  -15.0000  -37.500011532.5322   21.0542
   -7.5000   -7.5000  -37.500011707.0312   21.0588
    0.0000   -7.5000  -37.500012352.5391   21.0255
    7.5000   -7.5000  -37.500011947.2529   21.0264
   -7.5000    0.0000  -37.500012029.2412   21.0374
    0.0000    0.0000  -37.500012706.9629   21.0121
    7.5000    0.0000  -37.500012269.9512   21.0234
   -7.5000    7.5000  -37.500011352.6973   21.0448
    0.0000    7.5000  -37.500012012.9717   21.0224
    7.5000    7.5000  -37.500011567.4316   21.0481
   -7.5000   15.0000  -37.500010477.9941   21.0697
    0.0000   15.0000  -37.500011072.9424   21.0442
    7.5000   15.0000  -37.500010639.6348   21.0752
   -7.5000   22.5000  -37.5000 9608.3682   21.0881
    0.0000   22.5000  -37.500010170.8721   21.0556
    7.5000   22.5000  -37.5000 9791.1738   21.0754
   -7.5000   30.0000  -37.5000 8743.7354   20.8078
    0.0000   30.0000  -37.5000 9249.9912   20.7709
    7.5000   30.0000  -37.5000 8882.9268   20.7751
   -7.5000   37.5000  -37.5000 8173.2681   20.8147
    0.0000   37.5000  -37.5000 8653.7139   20.7818
    7.5000   37.5000  -37.5000 8287.1963   20.7829
   -7.5000   45.0000  -37.5000 7190.5098   20.3864
    0.0000   45.0000  -37.5000 7631.9536   20.3620
    7.5000   45.0000  -37.5000 7313.8633   20.3733
   -7.5000  -45.0000  -30.0000 9973.6680   21.8910
    0.0000  -45.0000  -30.000010564.9482   21.8705
    7.5000  -45.0000  -30.000010211.6826   21.8931
   -7.5000  -37.5000  -30.000010257.8926   21.8993
    0.0000  -37.5000  -30.000010889.4102   21.8813
    7.5000  -37.5000  -30.000010510.5029   21.9167
   -7.5000  -30.0000  -30.000010935.3672   21.9152
    0.0000  -30.0000  -30.000011623.7734   21.8934
    7.5000  -30.0000  -30.000011188.2178   21.9299
   -7.5000  -22.5000  -30.000011569.5645   21.9259
    0.0000  -22.5000  -30.000012293.7012   21.8961
    7.5000  -22.5000  -30.000011834.1572   21.9185
   -7.5000  -15.0000  -30.000012083.5508   21.9212
    0.0000  -15.0000  -30.000012825.0234   21.8872
    7.5000  -15.0000  -30.000012348.7900   21.8960
   -7.5000   -7.5000  -30.000012527.1514   21.9023
    0.0000   -7.5000  -30.000013262.4092   21.8737
    7.5000   -7.5000  -30.000012785.0576   21.8839
   -7.5000    0.0000  -30.000012832.3867   21.8910
    0.0000    0.0000  -30.000013601.0801   21.8705
    7.5000    0.0000  -30.000013076.2129   21.8931
   -7.5000    7.5000  -30.000012090.7627   21.8993
    0.0000    7.5000  -30.000012828.2324   21.8813
    7.5000    7.5000  -30.000012308.9453   21.9167
   -7.5000   15.0000  -30.000011133.4395   21.9152
    0.0000   15.0000  -30.000011805.1436   21.8934
    7.5000   15.0000  -30.000011330.5820   21.9299
   -7.5000   22.5000  -30.000010203.4531   21.9207
    0.0000   22.5000  -30.000010812.7939   21.8909
    7.5000   22.5000  -30.000010407.1709   21.9132
   -7.5000   30.0000  -30.0000 9284.9287   21.6329
    0.0000   30.0000  -30.0000 9808.6191   21.5993
    7.5000   30.0000  -30.0000 9463.7158   21.6080
   -7.5000   37.5000  -30.0000 8676.0742   21.6516
    0.0000   37.5000  -30.0000 9170.7451   21.6234
    7.5000   37.5000  -30.0000 8798.7266   21.6337
   -7.5000   45.0000  -30.0000 7625.7241   21.2289
    0.0000   45.0000  -30.0000 8056.8984   21.2092
    7.5000   45.0000  -30.0000 7733.7812   21.2316
   -7.5000  -45.0000  -22.500010684.8193   22.6393
    0.0000  -45.0000  -22.500011296.8711   22.6382
    7.5000  -45.0000  -22.500010914.9658   22.6647
   -7.5000  -37.5000  -22.500010994.3174   22.6493
    0.0000  -37.5000  -22.500011647.1533   22.6488
    7.5000  -37.5000  -22.500011236.7393   22.6859
   -7.5000  -30.0000  -22.500011690.5938   22.6674
    0.0000  -30.0000  -22.500012422.8262   22.6631
    7.5000  -30.0000  -22.500011970.4434   22.6997
   -7.5000  -22.5000  -22.500012327.2930   22.6786
    0.0000  -22.5000  -22.500013128.4658   22.6675
    7.5000  -22.5000  -22.500012640.8877   22.6910
   -7.5000  -15.0000  -22.500012847.3154   22.6718
    0.0000  -15.0000  -22.500013660.3203   22.6595
    7.5000  -15.0000  -22.500013169.0225   22.6722
   -7.5000   -7.5000  -22.500013284.5195   22.6508
    0.0000   -7.5000  -22.500014114.2061   22.6445
    7.5000   -7.5000  -22.500013588.9775   22.6598
   -7.5000    0.0000  -22.500013600.1846   22.6393
    0.0000    0.0000  -22.500014434.8740   22.6382
    7.5000    0.0000  -22.500013888.2480   22.6647
   -7.5000    7.5000  -22.500012832.8115   22.6493
    0.0000    7.5000  -22.500013620.3477   22.6488
    7.5000    7.5000  -22.500013087.8857   22.6859
   -7.5000   15.0000  -22.500011802.1836   22.6674
    0.0000   15.0000  -22.500012535.3164   22.6631
    7.5000   15.0000  -22.500012048.6494   22.6997
   -7.5000   22.5000  -22.500010807.5996   22.6716
    0.0000   22.5000  -22.500011450.5244   22.6605
    7.5000   22.5000  -22.500011028.4375   22.6840
   -7.5000   30.0000  -22.5000 9832.4482   22.3768
    0.0000   30.0000  -22.500010389.8721   22.3647
    7.5000   30.0000  -22.500010013.2656   22.3773
   -7.5000   37.5000  -22.5000 9163.3818   22.3959
    0.0000   37.5000  -22.5000 9681.3467   22.3897
    7.5000   37.5000  -22.5000 9302.9131   22.4050
   -7.5000   45.0000  -22.5000 8052.2485   21.9719
    0.0000   45.0000  -22.5000 8502.3857   21.9710
    7.5000   45.0000  -22.5000 8163.1396   21.9971
   -7.5000  -45.0000  -15.000011371.3174   23.2067
    0.0000  -45.0000  -15.000012033.6895   23.2174
    7.5000  -45.0000  -15.000011636.7109   23.2370
   -7.5000  -37.5000  -15.000011674.7207   23.2185
    0.0000  -37.5000  -15.000012373.6406   23.2282
    7.5000  -37.5000  -15.000011959.3604   23.2581
   -7.5000  -30.0000  -15.000012356.6279   23.2498
    0.0000  -30.0000  -15.000013168.8447   23.2561
    7.5000  -30.0000  -15.000012730.5244   23.2879
   -7.5000  -22.5000  -15.000013039.2305   23.2719
    0.0000  -22.5000  -15.000013916.0293   23.2746
    7.5000  -22.5000  -15.000013438.7900   23.2961
   -7.5000  -15.0000  -15.000013584.1387   23.2632
    0.0000  -15.0000  -15.000014480.0225   23.2667
    7.5000  -15.0000  -15.000013977.9570   23.2783
   -7.5000   -7.5000  -15.000014030.9756   23.2292
    0.0000   -7.5000  -15.000014962.2979   23.2374
    7.5000   -7.5000  -15.000014411.9219   23.2491
   -7.5000    0.0000  -15.000014333.6094   23.2067
    0.0000    0.0000  -15.000015299.5029   23.2174
    7.5000    0.0000  -15.000014734.3145   23.2370
   -7.5000    7.5000  -15.000013522.2295   23.2185
    0.0000    7.5000  -15.000014411.1982   23.2282
    7.5000    7.5000  -15.000013872.3496   23.2581
   -7.5000   15.0000  -15.000012454.6416   23.2498
    0.0000   15.0000  -15.000013272.4590   23.2561
    7.5000   15.0000  -15.000012771.0205   23.2879
   -7.5000   22.5000  -15.000011391.5186   23.2637
    0.0000   22.5000  -15.000012118.4961   23.2663
    7.5000   22.5000  -15.000011670.9072   23.2878
   -7.5000   30.0000  -15.000010357.7158   22.9635
    0.0000   30.0000  -15.000010972.2686   22.9669
    7.5000   30.0000  -15.000010561.7041   22.9784
   -7.5000   37.5000  -15.0000 9623.1016   22.9705
    0.0000   37.5000  -15.000010177.2246   22.9789
    7.5000   37.5000  -15.0000 9789.4951   22.9905
   -7.5000   45.0000  -15.0000 8414.3516   22.5370
    0.0000   45.0000  -15.0000 8891.5469   22.5474
    7.5000   45.0000  -15.0000 8540.1719   22.5666
   -7.5000  -45.0000   -7.500012130.7725   23.5071
    0.0000  -45.0000   -7.500012882.6152   23.5101
    7.5000  -45.0000   -7.500012482.3125   23.5193
   -7.5000  -37.5000   -7.500012378.0234   23.5187
    0.0000  -37.5000   -7.500013188.0371   23.5209
    7.5000  -37.5000   -7.500012814.6221   23.5427
   -7.5000  -30.0000   -7.500013088.9434   23.5602
    0.0000  -30.0000   -7.500013996.8252   23.5600
    7.5000  -30.0000   -7.500013570.9355   23.5878
   -7.5000  -22.5000   -7.500013823.2744   23.5936
    0.0000  -22.5000   -7.500014768.5908   23.5909
    7.5000  -22.5000   -7.500014274.5635   23.6108
   -7.5000  -15.0000   -7.500014418.2041   23.5855
    0.0000  -15.0000   -7.500015385.4375   23.5825
    7.5000  -15.0000   -7.500014862.2520   23.5900
   -7.5000   -7.5000   -7.500014878.0918   23.5406
    0.0000   -7.5000   -7.500015868.3936   23.5408
    7.5000   -7.5000   -7.500015333.1396   23.5437
   -7.5000    0.0000   -7.500015138.4248   23.5071
    0.0000    0.0000   -7.500016187.4629   23.5101
    7.5000    0.0000   -7.500015635.1045   23.5193
   -7.5000    7.5000   -7.500014290.1416   23.5187
    0.0000    7.5000   -7.500015278.4453   23.5209
    7.5000    7.5000   -7.500014710.5264   23.5427
   -7.5000   15.0000   -7.500013163.4502   23.5602
    0.0000   15.0000   -7.500014090.5605   23.5600
    7.5000   15.0000   -7.500013563.6533   23.5878
   -7.5000   22.5000   -7.500012018.1855   23.5827
    0.0000   22.5000   -7.500012834.8213   23.5800
    7.5000   22.5000   -7.500012373.6602   23.5999
   -7.5000   30.0000   -7.500010896.6445   23.2808
    0.0000   30.0000   -7.500011585.9971   23.2778
    7.5000   30.0000   -7.500011168.1084   23.2853
   -7.5000   37.5000   -7.500010083.1270   23.2765
    0.0000   37.5000   -7.500010687.6602   23.2768
    7.5000   37.5000   -7.500010296.4600   23.2797
   -7.5000   45.0000   -7.5000 8787.4434   22.8332
    0.0000   45.0000   -7.5000 9267.1357   22.8359
    7.5000   45.0000   -7.5000 8917.9746   22.8449
   -7.5000  -45.0000    0.000012830.5303   23.5647
    0.0000  -45.0000    0.000013726.7324   23.5495
    7.5000  -45.0000    0.000013322.9824   23.5545
   -7.5000  -37.5000    0.000013089.7285   23.5739
    0.0000  -37.5000    0.000013980.9023   23.5601
    7.5000  -37.5000    0.000013587.8975   23.5809
   -7.5000  -30.0000    0.000013806.8057   23.6136
    0.0000  -30.0000    0.000014581.2979   23.5970
    7.5000  -30.0000    0.000014151.5547   23.6264
   -7.5000  -22.5000    0.000014510.1250   23.6483
    0.0000  -22.5000    0.000015306.1982   23.6271
    7.5000  -22.5000    0.000014831.2412   23.6477
   -7.5000  -15.0000    0.000015102.0273   23.6431
    0.0000  -15.0000    0.000015987.3613   23.6185
    7.5000  -15.0000    0.000015458.0684   23.6227
   -7.5000   -7.5000    0.000015556.7080   23.5993
    0.0000   -7.5000    0.000016501.8691   23.5779
    7.5000   -7.5000    0.000016000.7588   23.5751
   -7.5000    0.0000    0.000015838.6807   23.5647
    0.0000    0.0000    0.000016865.9844   23.5495
    7.5000    0.0000    0.000016356.0781   23.5545
   -7.5000    7.5000    0.000014921.3135   23.5739
    0.0000    7.5000    0.000015930.1494   23.5601
    7.5000    7.5000    0.000015411.6641   23.5809
   -7.5000   15.0000    0.000013769.0723   23.6136
    0.0000   15.0000    0.000014705.0459   23.5970
    7.5000   15.0000    0.000014237.7578   23.6264
   -7.5000   22.5000    0.000012595.4307   23.6374
    0.0000   22.5000    0.000013441.3047   23.6162
    7.5000   22.5000    0.000012998.4229   23.6368
   -7.5000   30.0000    0.000011416.0498   23.3384
    0.0000   30.0000    0.000012131.1270   23.3141
    7.5000   30.0000    0.000011690.1113   23.3183
   -7.5000   37.5000    0.000010514.7529   23.3342
    0.0000   37.5000    0.000011148.9902   23.3131
    7.5000   37.5000    0.000010707.8779   23.3105
   -7.5000   45.0000    0.0000 9128.9717   22.8903
    0.0000   45.0000    0.0000 9631.3564   22.8753
    7.5000   45.0000    0.0000 9246.4902   22.8805
   -7.5000  -45.0000    7.500012490.0430   23.5410
    0.0000  -45.0000    7.500013373.9531   23.5128
    7.5000  -45.0000    7.500012970.8613   23.5254
   -7.5000  -37.5000    7.500012911.6504   23.5493
    0.0000  -37.5000    7.500013567.5234   23.5243
    7.5000  -37.5000    7.500013153.0273   23.5530
   -7.5000  -30.0000    7.500013557.4746   23.5772
    0.0000  -30.0000    7.500014007.4795   23.5487
    7.5000  -30.0000    7.500013641.1582   23.5833
   -7.5000  -22.5000    7.500014139.1162   23.6011
    0.0000  -22.5000    7.500014667.6992   23.5647
    7.5000  -22.5000    7.500014317.3213   23.5868
   -7.5000  -15.0000    7.500014669.5918   23.5971
    0.0000  -15.0000    7.500015321.9043   23.5552
    7.5000  -15.0000    7.500014942.8018   23.5599
   -7.5000   -7.5000    7.500015139.0303   23.5651
    0.0000   -7.5000    7.500015866.7939   23.5279
    7.5000   -7.5000    7.500015487.0547   23.5288
   -7.5000    0.0000    7.500015450.2803   23.5410
    0.0000    0.0000    7.500016246.4570   23.5128
    7.5000    0.0000    7.500015816.0156   23.5254
   -7.5000    7.5000    7.500014567.2715   23.5493
    0.0000    7.5000    7.500015361.9209   23.5243
    7.5000    7.5000    7.500014876.3574   23.5530
   -7.5000   15.0000    7.500013448.1260   23.5772
    0.0000   15.0000    7.500014244.4395   23.5487
    7.5000   15.0000    7.500013757.2480   23.5833
   -7.5000   22.5000    7.500012293.0342   23.5902
    0.0000   22.5000    7.500013031.6455   23.5538
    7.5000   22.5000    7.500012574.2969   23.5760
   -7.5000   30.0000    7.500011110.7939   23.2933
    0.0000   30.0000    7.500011752.2402   23.2519
    7.5000   30.0000    7.500011290.4160   23.2567
   -7.5000   37.5000    7.500010219.6973   23.3010
    0.0000   37.5000    7.500010830.1553   23.2642
    7.5000   37.5000    7.500010372.8486   23.2654
   -7.5000   45.0000    7.5000 8843.0918   22.8663
    0.0000   45.0000    7.5000 9358.7275   22.8390
    7.5000   45.0000    7.5000 8976.8340   22.8517
   -7.5000  -45.0000   15.000011890.2842   23.5074
    0.0000  -45.0000   15.000012632.6377   23.4854
    7.5000  -45.0000   15.000012256.2207   23.5097
   -7.5000  -37.5000   15.000012423.9658   23.5163
    0.0000  -37.5000   15.000012908.7129   23.4971
    7.5000  -37.5000   15.000012510.8340   23.5350
   -7.5000  -30.0000   15.000013218.6045   23.5334
    0.0000  -30.0000   15.000013574.7158   23.5101
    7.5000  -30.0000   15.000013218.7705   23.5492
   -7.5000  -22.5000   15.000013881.2900   23.5449
    0.0000  -22.5000   15.000014304.2578   23.5130
    7.5000  -22.5000   15.000013983.4502   23.5370
   -7.5000  -15.0000   15.000014406.8896   23.5399
    0.0000  -15.0000   15.000014908.3799   23.5034
    7.5000  -15.0000   15.000014512.6953   23.5128
   -7.5000   -7.5000   15.000014825.3818   23.5196
    0.0000   -7.5000   15.000015406.3555   23.4889
    7.5000   -7.5000   15.000014954.1709   23.4999
   -7.5000    0.0000   15.000015023.7930   23.5074
    0.0000    0.0000   15.000015680.2178   23.4854
    7.5000    0.0000   15.000015125.6680   23.5097
   -7.5000    7.5000   15.000014070.3564   23.5163
    0.0000    7.5000   15.000014770.7168   23.4971
    7.5000    7.5000   15.000014137.2002   23.5350
   -7.5000   15.0000   15.000012949.5205   23.5334
    0.0000   15.0000   15.000013655.1943   23.5101
    7.5000   15.0000   15.000013046.4736   23.5492
   -7.5000   22.5000   15.000011798.1494   23.5341
    0.0000   22.5000   15.000012467.9189   23.5021
    7.5000   22.5000   15.000011899.1104   23.5261
   -7.5000   30.0000   15.000010610.7969   23.2371
    0.0000   30.0000   15.000011249.1250   23.2011
    7.5000   30.0000   15.000010722.7822   23.2104
   -7.5000   37.5000   15.0000 9764.5938   23.2572
    0.0000   37.5000   15.000010304.4229   23.2270
    7.5000   37.5000   15.0000 9840.1738   23.2380
   -7.5000   45.0000   15.0000 8441.1826   22.8334
    0.0000   45.0000   15.0000 8898.1924   22.8122
    7.5000   45.0000   15.0000 8497.7314   22.8363
   -7.5000  -45.0000   22.500011243.6680   23.5406
    0.0000  -45.0000   22.500011826.6211   23.5394
    7.5000  -45.0000   22.500011474.9355   23.5669
   -7.5000  -37.5000   22.500011711.8320   23.5505
    0.0000  -37.5000   22.500012171.5283   23.5501
    7.5000  -37.5000   22.500011692.5986   23.5885
   -7.5000  -30.0000   22.500012482.3379   23.5695
    0.0000  -30.0000   22.500012989.5791   23.5650
    7.5000  -30.0000   22.500012431.3457   23.6030
   -7.5000  -22.5000   22.500013201.3271   23.5816
    0.0000  -22.5000   22.500013836.1387   23.5700
    7.5000  -22.5000   22.500013215.4785   23.5942
   -7.5000  -15.0000   22.500013707.8389   23.5749
    0.0000  -15.0000   22.500014451.7852   23.5621
    7.5000  -15.0000   22.500013758.7354   23.5749
   -7.5000   -7.5000   22.500014081.5752   23.5530
    0.0000   -7.5000   22.500014856.3770   23.5464
    7.5000   -7.5000   22.500014153.1260   23.5620
   -7.5000    0.0000   22.500014233.0547   23.5406
    0.0000    0.0000   22.500015025.9189   23.5394
    7.5000    0.0000   22.500014316.2998   23.5669
   -7.5000    7.5000   22.500013304.8750   23.5505
    0.0000    7.5000   22.500014040.2539   23.5501
    7.5000    7.5000   22.500013388.2041   23.5885
   -7.5000   15.0000   22.500012241.2930   23.5695
    0.0000   15.0000   22.500012875.6738   23.5650
    7.5000   15.0000   22.500012292.3447   23.6030
   -7.5000   22.5000   22.500011153.3525   23.5707
    0.0000   22.5000   22.500011713.2969   23.5592
    7.5000   22.5000   22.500011228.5381   23.5833
   -7.5000   30.0000   22.500010041.7061   23.2715
    0.0000   30.0000   22.500010549.9170   23.2589
    7.5000   30.0000   22.500010115.2451   23.2715
   -7.5000   37.5000   22.5000 9230.1338   23.2912
    0.0000   37.5000   22.5000 9683.8418   23.2848
    7.5000   37.5000   22.5000 9283.0088   23.3004
   -7.5000   45.0000   22.5000 7970.6665   22.8667
    0.0000   45.0000   22.5000 8357.6699   22.8658
    7.5000   45.0000   22.5000 7996.3506   22.8928
   -7.5000  -45.0000   30.000010495.0918   23.6378
    0.0000  -45.0000   30.000011088.4580   23.6492
    7.5000  -45.0000   30.000010657.7666   23.6689
   -7.5000  -37.5000   30.000010886.2148   23.6495
    0.0000  -37.5000   30.000011411.3672   23.6598
    7.5000  -37.5000   30.000010905.9297   23.6900
   -7.5000  -30.0000   30.000011548.7969   23.6817
    0.0000  -30.0000   30.000012117.7812   23.6884
    7.5000  -30.0000   30.000011566.6689   23.7203
   -7.5000  -22.5000   30.000012160.2773   23.7050
    0.0000  -22.5000   30.000012796.4678   23.7079
    7.5000  -22.5000   30.000012245.1641   23.7292
   -7.5000  -15.0000   30.000012677.6875   23.6966
    0.0000  -15.0000   30.000013358.9736   23.7004
    7.5000  -15.0000   30.000012812.7227   23.7117
   -7.5000   -7.5000   30.000013080.4619   23.6615
    0.0000   -7.5000   30.000013788.0889   23.6704
    7.5000   -7.5000   30.000013211.5967   23.6818
   -7.5000    0.0000   30.000013262.7598   23.6378
    0.0000    0.0000   30.000013971.8457   23.6492
    7.5000    0.0000   30.000013380.6074   23.6689
   -7.5000    7.5000   30.000012415.9902   23.6495
    0.0000    7.5000   30.000013096.7197   23.6598
    7.5000    7.5000   30.000012545.9648   23.6900
   -7.5000   15.0000   30.000011397.1699   23.6817
    0.0000   15.0000   30.000012000.8584   23.6884
    7.5000   15.0000   30.000011498.6592   23.7203
   -7.5000   22.5000   30.000010346.8281   23.6941
    0.0000   22.5000   30.000010899.5586   23.6970
    7.5000   22.5000   30.000010468.7832   23.7183
   -7.5000   30.0000   30.0000 9306.7080   23.3912
    0.0000   30.0000   30.0000 9795.3320   23.3951
    7.5000   30.0000   30.0000 9408.2891   23.4062
   -7.5000   37.5000   30.0000 8521.8643   23.3983
    0.0000   37.5000   30.0000 8955.9297   23.4072
    7.5000   37.5000   30.0000 8617.8115   23.4186
   -7.5000   45.0000   30.0000 7369.4937   22.9625
    0.0000   45.0000   30.0000 7746.1797   22.9737
    7.5000   45.0000   30.0000 7420.2769   22.9930
   -7.5000  -45.0000   37.500010088.1660   23.8563
    0.0000  -45.0000   37.500010647.6025   23.8602
    7.5000  -45.0000   37.500010289.9082   23.8694
   -7.5000  -37.5000   37.500010435.9336   23.8673
    0.0000  -37.5000   37.500010943.5215   23.8703
    7.5000  -37.5000   37.500010544.4365   23.8923
   -7.5000  -30.0000   37.500011058.2373   23.9102
    0.0000  -30.0000   37.500011611.8613   23.9105
    7.5000  -30.0000   37.500011175.0996   23.9386
   -7.5000  -22.5000   37.500011632.9893   23.9460
    0.0000  -22.5000   37.500012217.1436   23.9435
    7.5000  -22.5000   37.500011776.0146   23.9634
   -7.5000  -15.0000   37.500012130.3457   23.9387
    0.0000  -15.0000   37.500012745.1328   23.9361
    7.5000  -15.0000   37.500012288.4336   23.9433
   -7.5000   -7.5000   37.500012546.2773   23.8922
    0.0000   -7.5000   37.500013173.1523   23.8931
    7.5000   -7.5000   37.500012705.7725   23.8956
   -7.5000    0.0000   37.500012761.7393   23.8563
    0.0000    0.0000   37.500013394.3838   23.8602
    7.5000    0.0000   37.500012922.6621   23.8694
   -7.5000    7.5000   37.500011944.1621   23.8673
    0.0000    7.5000   37.500012553.4453   23.8703
    7.5000    7.5000   37.500012103.7930   23.8923
   -7.5000   15.0000   37.500010950.8574   23.9102
    0.0000   15.0000   37.500011502.6982   23.9105
    7.5000   15.0000   37.500011072.8291   23.9386
   -7.5000   22.5000   37.5000 9936.2002   23.9350
    0.0000   22.5000   37.500010464.3438   23.9325
    7.5000   22.5000   37.500010085.3779   23.9524
   -7.5000   30.0000   37.5000 8922.2988   23.6301
    0.0000   30.0000   37.5000 9374.6357   23.6275
    7.5000   30.0000   37.5000 9037.9209   23.6347
   -7.5000   37.5000   37.5000 8160.0146   23.6252
    0.0000   37.5000   37.5000 8570.4434   23.6262
    7.5000   37.5000   37.5000 8266.7607   23.6289
   -7.5000   45.0000   37.5000 7056.0415   23.1764
    0.0000   45.0000   37.5000 7405.7144   23.1801
    7.5000   45.0000   37.5000 7124.8291   23.1890
   -7.5000  -45.0000   45.0000 9251.8896   24.2178
    0.0000  -45.0000   45.0000 9753.7295   24.2022
    7.5000  -45.0000   45.0000 9437.3174   24.2055
   -7.5000  -37.5000   45.0000 9544.6816   24.2297
    0.0000  -37.5000   45.000010035.6543   24.2155
    7.5000  -37.5000   45.0000 9706.3389   24.2356
   -7.5000  -30.0000   45.000010125.3848   24.2745
    0.0000  -30.0000   45.000010641.0742   24.2574
    7.5000  -30.0000   45.000010284.2451   24.2870
   -7.5000  -22.5000   45.000010654.2334   24.3117
    0.0000  -22.5000   45.000011183.3301   24.2902
    7.5000  -22.5000   45.000010805.7959   24.3107
   -7.5000  -15.0000   45.000011140.7012   24.3043
    0.0000  -15.0000   45.000011670.8691   24.2793
    7.5000  -15.0000   45.000011260.5293   24.2824
   -7.5000   -7.5000   45.000011527.9961   24.2551
    0.0000   -7.5000   45.000012086.4863   24.2334
    7.5000   -7.5000   45.000011670.7949   24.2286
   -7.5000    0.0000   45.000011731.8301   24.2178
    0.0000    0.0000   45.000012309.1484   24.2022
    7.5000    0.0000   45.000011881.8096   24.2055
   -7.5000    7.5000   45.000010964.2988   24.2297
    0.0000    7.5000   45.000011504.6113   24.2155
    7.5000    7.5000   45.000011137.8203   24.2356
   -7.5000   15.0000   45.000010065.4268   24.2745
    0.0000   15.0000   45.000010557.7012   24.2574
    7.5000   15.0000   45.000010215.2461   24.2870
   -7.5000   22.5000   45.0000 9151.4082   24.3004
    0.0000   22.5000   45.0000 9613.5312   24.2790
    7.5000   22.5000   45.0000 9299.6318   24.2995
   -7.5000   30.0000   45.0000 8213.2832   23.9890
    0.0000   30.0000   45.0000 8633.9248   23.9643
    7.5000   30.0000   45.0000 8338.4463   23.9674
   -7.5000   37.5000   45.0000 7510.2319   23.9809
    0.0000   37.5000   45.0000 7901.8477   23.9594
    7.5000   37.5000   45.0000 7627.0098   23.9550
   -7.5000   45.0000   45.0000 6515.2139   23.5362
    0.0000   45.0000   45.0000 6829.1382   23.5209
    7.5000   45.0000   45.0000 6576.9028   23.5244

---------------------------------------------------------------------
imgreg_4dfp /opt/freesurfer/average/711-2C_as_mni_average_305 /opt/freesurfer/average/711-2B_as_mni_average_305_mask talsrcimg_g11 none talsrcimg_to_711-2C_as_mni_average_305_t4 4355
---------------------------------------------------------------------

freesurfer imgreg_4dfp.c
/opt/freesurfer/average/711-2C_as_mni_average_305.4dfp.img
       256       256       256         1
  1.000000  1.000000  1.000000
orientation T byte_order littleendian
Reading image: /opt/freesurfer/average/711-2C_as_mni_average_305.4dfp.img
dimensions:      256       256       256
mmppix:       1.0000   -1.0000   -1.0000
center:     128.0000 -129.0000 -129.0000
/opt/freesurfer/average/711-2B_as_mni_average_305_mask.4dfp.img
       256       256       256         1
  1.000000  1.000000  1.000000
orientation T byte_order littleendian
Reading mask: /opt/freesurfer/average/711-2B_as_mni_average_305_mask.4dfp.img (2306576 pixels)
talsrcimg_g11.4dfp.img
       256       256       256         1
  1.000000  1.000000  1.000000
orientation T byte_order littleendian
Reading image: talsrcimg_g11.4dfp.img
dimensions:      256       256       256
mmppix:       1.0000   -1.0000   -1.0000
center:     128.0000 -129.0000 -129.0000
rotation matrix determinant  1.000000
image alignment mode   4355 decimal     1103 hex
   -7.5000  -45.0000  -45.0000 2166.2783   20.0454
    0.0000  -45.0000  -45.0000 2188.2898   19.7034
    7.5000  -45.0000  -45.0000 2186.7368   19.7814
   -7.5000  -37.5000  -45.0000 2208.1118   19.1524
    0.0000  -37.5000  -45.0000 2226.7737   18.7764
    7.5000  -37.5000  -45.0000 2231.2075   18.8335
   -7.5000  -30.0000  -45.0000 2229.9368   18.6845
    0.0000  -30.0000  -45.0000 2253.7815   18.2879
    7.5000  -30.0000  -45.0000 2254.2795   18.3236
   -7.5000  -22.5000  -45.0000 2238.6582   18.6266
    0.0000  -22.5000  -45.0000 2262.8093   18.1840
    7.5000  -22.5000  -45.0000 2264.5332   18.2152
   -7.5000  -15.0000  -45.0000 2214.5979   18.9412
    0.0000  -15.0000  -45.0000 2240.1948   18.5006
    7.5000  -15.0000  -45.0000 2240.6370   18.5025
   -7.5000   -7.5000  -45.0000 2166.9084   19.5510
    0.0000   -7.5000  -45.0000 2194.8193   19.1264
    7.5000   -7.5000  -45.0000 2193.5955   19.1110
   -7.5000    0.0000  -45.0000 2102.9700   20.5837
    0.0000    0.0000  -45.0000 2128.4963   20.1032
    7.5000    0.0000  -45.0000 2129.8643   20.0936
   -7.5000    7.5000  -45.0000 2018.1528   22.1267
    0.0000    7.5000  -45.0000 2048.2017   21.5831
    7.5000    7.5000  -45.0000 2049.0591   21.6526
   -7.5000   15.0000  -45.0000 1916.3495   24.3029
    0.0000   15.0000  -45.0000 1941.3849   23.8413
    7.5000   15.0000  -45.0000 1944.2068   23.9263
   -7.5000   22.5000  -45.0000 1810.8032   27.4455
    0.0000   22.5000  -45.0000 1840.3746   26.9335
    7.5000   22.5000  -45.0000 1839.9116   27.0663
   -7.5000   30.0000  -45.0000 1690.8650   31.6255
    0.0000   30.0000  -45.0000 1713.9353   31.0146
    7.5000   30.0000  -45.0000 1711.3695   31.1452
   -7.5000   37.5000  -45.0000 1571.6326   37.2483
    0.0000   37.5000  -45.0000 1590.6958   36.4853
    7.5000   37.5000  -45.0000 1588.9247   36.4466
   -7.5000   45.0000  -45.0000 1441.8895   45.1109
    0.0000   45.0000  -45.0000 1461.1689   44.2127
    7.5000   45.0000  -45.0000 1469.9568   44.3103
   -7.5000  -45.0000  -37.5000 2263.4355   18.4710
    0.0000  -45.0000  -37.5000 2285.5032   18.2271
    7.5000  -45.0000  -37.5000 2279.5420   18.2409
   -7.5000  -37.5000  -37.5000 2299.1311   17.6652
    0.0000  -37.5000  -37.5000 2326.9666   17.3642
    7.5000  -37.5000  -37.5000 2324.4299   17.3892
   -7.5000  -30.0000  -37.5000 2325.2437   17.2639
    0.0000  -30.0000  -37.5000 2354.7820   16.9237
    7.5000  -30.0000  -37.5000 2351.8542   16.9432
   -7.5000  -22.5000  -37.5000 2332.7993   17.1745
    0.0000  -22.5000  -37.5000 2364.4722   16.7933
    7.5000  -22.5000  -37.5000 2360.5332   16.7987
   -7.5000  -15.0000  -37.5000 2310.1089   17.4291
    0.0000  -15.0000  -37.5000 2341.9521   17.0632
    7.5000  -15.0000  -37.5000 2343.9619   17.0348
   -7.5000   -7.5000  -37.5000 2267.2175   17.9999
    0.0000   -7.5000  -37.5000 2297.0906   17.6176
    7.5000   -7.5000  -37.5000 2302.8135   17.5868
   -7.5000    0.0000  -37.5000 2196.4290   18.9510
    0.0000    0.0000  -37.5000 2227.3562   18.5284
    7.5000    0.0000  -37.5000 2234.4517   18.5109
   -7.5000    7.5000  -37.5000 2106.9644   20.3502
    0.0000    7.5000  -37.5000 2140.7693   19.8437
    7.5000    7.5000  -37.5000 2141.1409   19.9123
   -7.5000   15.0000  -37.5000 1996.6256   22.4077
    0.0000   15.0000  -37.5000 2022.0859   21.9003
    7.5000   15.0000  -37.5000 2023.5685   21.9277
   -7.5000   22.5000  -37.5000 1883.5044   25.2454
    0.0000   22.5000  -37.5000 1915.3153   24.7120
    7.5000   22.5000  -37.5000 1920.7123   24.7530
   -7.5000   30.0000  -37.5000 1763.8661   28.9073
    0.0000   30.0000  -37.5000 1790.8971   28.4262
    7.5000   30.0000  -37.5000 1788.4968   28.4690
   -7.5000   37.5000  -37.5000 1643.3135   33.8837
    0.0000   37.5000  -37.5000 1659.3253   33.2372
    7.5000   37.5000  -37.5000 1656.0142   33.2713
   -7.5000   45.0000  -37.5000 1504.6963   40.7657
    0.0000   45.0000  -37.5000 1523.4480   39.9049
    7.5000   45.0000  -37.5000 1527.4586   40.0040
   -7.5000  -45.0000  -30.0000 2394.3843   17.6902
    0.0000  -45.0000  -30.0000 2419.5046   17.4508
    7.5000  -45.0000  -30.0000 2415.2002   17.4378
   -7.5000  -37.5000  -30.0000 2438.1899   16.8802
    0.0000  -37.5000  -30.0000 2469.0178   16.6504
    7.5000  -37.5000  -30.0000 2465.4905   16.6483
   -7.5000  -30.0000  -30.0000 2466.5420   16.5242
    0.0000  -30.0000  -30.0000 2503.2456   16.2508
    7.5000  -30.0000  -30.0000 2498.3127   16.2278
   -7.5000  -22.5000  -30.0000 2470.9902   16.4828
    0.0000  -22.5000  -30.0000 2512.4768   16.1529
    7.5000  -22.5000  -30.0000 2506.3333   16.1237
   -7.5000  -15.0000  -30.0000 2452.2803   16.7129
    0.0000  -15.0000  -30.0000 2491.7920   16.3818
    7.5000  -15.0000  -30.0000 2488.4355   16.3350
   -7.5000   -7.5000  -30.0000 2411.5293   17.2374
    0.0000   -7.5000  -30.0000 2449.3496   16.9160
    7.5000   -7.5000  -30.0000 2449.4585   16.8469
   -7.5000    0.0000  -30.0000 2332.8503   18.1671
    0.0000    0.0000  -30.0000 2371.9861   17.7777
    7.5000    0.0000  -30.0000 2370.3958   17.7360
   -7.5000    7.5000  -30.0000 2236.6396   19.4659
    0.0000    7.5000  -30.0000 2268.5334   19.0464
    7.5000    7.5000  -30.0000 2267.3718   19.0295
   -7.5000   15.0000  -30.0000 2115.9619   21.3593
    0.0000   15.0000  -30.0000 2143.2800   20.8623
    7.5000   15.0000  -30.0000 2143.2346   20.8858
   -7.5000   22.5000  -30.0000 1990.9677   23.9331
    0.0000   22.5000  -30.0000 2020.0574   23.4257
    7.5000   22.5000  -30.0000 2022.6467   23.4756
   -7.5000   30.0000  -30.0000 1856.2926   27.4014
    0.0000   30.0000  -30.0000 1881.2035   26.9395
    7.5000   30.0000  -30.0000 1884.2681   26.9908
   -7.5000   37.5000  -30.0000 1728.2710   31.9809
    0.0000   37.5000  -30.0000 1751.3484   31.4663
    7.5000   37.5000  -30.0000 1744.9226   31.5790
   -7.5000   45.0000  -30.0000 1588.4038   38.3867
    0.0000   45.0000  -30.0000 1605.8947   37.7822
    7.5000   45.0000  -30.0000 1607.3787   37.8759
   -7.5000  -45.0000  -22.5000 2499.9683   16.8213
    0.0000  -45.0000  -22.5000 2525.1755   16.5880
    7.5000  -45.0000  -22.5000 2521.2703   16.6024
   -7.5000  -37.5000  -22.5000 2558.3584   16.0787
    0.0000  -37.5000  -22.5000 2589.3516   15.8377
    7.5000  -37.5000  -22.5000 2583.0527   15.8190
   -7.5000  -30.0000  -22.5000 2591.3743   15.7348
    0.0000  -30.0000  -22.5000 2630.5134   15.4828
    7.5000  -30.0000  -22.5000 2626.0686   15.4610
   -7.5000  -22.5000  -22.5000 2595.1982   15.7294
    0.0000  -22.5000  -22.5000 2640.9866   15.4597
    7.5000  -22.5000  -22.5000 2635.1414   15.4320
   -7.5000  -15.0000  -22.5000 2572.8540   15.9846
    0.0000  -15.0000  -22.5000 2612.7817   15.7110
    7.5000  -15.0000  -22.5000 2613.7302   15.6630
   -7.5000   -7.5000  -22.5000 2523.9382   16.5057
    0.0000   -7.5000  -22.5000 2566.3855   16.2009
    7.5000   -7.5000  -22.5000 2567.1414   16.1186
   -7.5000    0.0000  -22.5000 2444.3616   17.3338
    0.0000    0.0000  -22.5000 2484.1191   16.9997
    7.5000    0.0000  -22.5000 2486.0864   16.9461
   -7.5000    7.5000  -22.5000 2346.6182   18.5700
    0.0000    7.5000  -22.5000 2378.5913   18.1956
    7.5000    7.5000  -22.5000 2379.3518   18.1666
   -7.5000   15.0000  -22.5000 2212.2424   20.3608
    0.0000   15.0000  -22.5000 2242.2937   19.9480
    7.5000   15.0000  -22.5000 2241.8779   19.9432
   -7.5000   22.5000  -22.5000 2078.5144   22.7662
    0.0000   22.5000  -22.5000 2105.1016   22.3505
    7.5000   22.5000  -22.5000 2103.7419   22.3843
   -7.5000   30.0000  -22.5000 1933.0724   26.0747
    0.0000   30.0000  -22.5000 1954.7491   25.5071
    7.5000   30.0000  -22.5000 1957.0995   25.5586
   -7.5000   37.5000  -22.5000 1796.9452   30.3701
    0.0000   37.5000  -22.5000 1811.3707   29.7037
    7.5000   37.5000  -22.5000 1818.6675   29.8754
   -7.5000   45.0000  -22.5000 1653.1669   36.3237
    0.0000   45.0000  -22.5000 1667.3080   35.6491
    7.5000   45.0000  -22.5000 1676.6154   35.8313
   -7.5000  -45.0000  -15.0000 2570.1536   16.1160
    0.0000  -45.0000  -15.0000 2602.5220   15.8516
    7.5000  -45.0000  -15.0000 2600.9607   15.8453
   -7.5000  -37.5000  -15.0000 2640.5667   15.3156
    0.0000  -37.5000  -15.0000 2677.1118   15.0580
    7.5000  -37.5000  -15.0000 2672.0378   15.0812
   -7.5000  -30.0000  -15.0000 2675.8013   14.9817
    0.0000  -30.0000  -15.0000 2720.1724   14.7524
    7.5000  -30.0000  -15.0000 2720.2166   14.7658
   -7.5000  -22.5000  -15.0000 2685.0537   15.0170
    0.0000  -22.5000  -15.0000 2734.6685   14.7906
    7.5000  -22.5000  -15.0000 2735.4143   14.7790
   -7.5000  -15.0000  -15.0000 2662.5178   15.2862
    0.0000  -15.0000  -15.0000 2707.2354   15.0565
    7.5000  -15.0000  -15.0000 2712.7478   15.0119
   -7.5000   -7.5000  -15.0000 2607.9861   15.8126
    0.0000   -7.5000  -15.0000 2656.6248   15.5212
    7.5000   -7.5000  -15.0000 2657.3386   15.4774
   -7.5000    0.0000  -15.0000 2523.5503   16.6173
    0.0000    0.0000  -15.0000 2571.6750   16.2954
    7.5000    0.0000  -15.0000 2575.2903   16.2286
   -7.5000    7.5000  -15.0000 2418.6560   17.7814
    0.0000    7.5000  -15.0000 2461.4192   17.4498
    7.5000    7.5000  -15.0000 2458.0732   17.4203
   -7.5000   15.0000  -15.0000 2278.3455   19.4831
    0.0000   15.0000  -15.0000 2319.2905   19.1580
    7.5000   15.0000  -15.0000 2316.8721   19.1354
   -7.5000   22.5000  -15.0000 2133.1157   21.8127
    0.0000   22.5000  -15.0000 2168.9619   21.4591
    7.5000   22.5000  -15.0000 2167.0090   21.4466
   -7.5000   30.0000  -15.0000 1978.8586   24.9194
    0.0000   30.0000  -15.0000 2006.8755   24.4455
    7.5000   30.0000  -15.0000 2004.7251   24.3972
   -7.5000   37.5000  -15.0000 1830.3926   28.9439
    0.0000   37.5000  -15.0000 1853.4227   28.3382
    7.5000   37.5000  -15.0000 1857.6384   28.3564
   -7.5000   45.0000  -15.0000 1689.6332   34.4777
    0.0000   45.0000  -15.0000 1704.7968   33.8247
    7.5000   45.0000  -15.0000 1709.6898   33.8496
   -7.5000  -45.0000   -7.5000 2621.7861   15.5715
    0.0000  -45.0000   -7.5000 2660.7888   15.2898
    7.5000  -45.0000   -7.5000 2662.5415   15.2936
   -7.5000  -37.5000   -7.5000 2697.7576   14.6875
    0.0000  -37.5000   -7.5000 2744.7788   14.4070
    7.5000  -37.5000   -7.5000 2744.4473   14.4706
   -7.5000  -30.0000   -7.5000 2743.1738   14.3209
    0.0000  -30.0000   -7.5000 2796.3518   14.0629
    7.5000  -30.0000   -7.5000 2800.2607   14.1118
   -7.5000  -22.5000   -7.5000 2757.7759   14.3522
    0.0000  -22.5000   -7.5000 2811.3054   14.1324
    7.5000  -22.5000   -7.5000 2813.7285   14.1287
   -7.5000  -15.0000   -7.5000 2732.0029   14.6572
    0.0000  -15.0000   -7.5000 2785.5498   14.3921
    7.5000  -15.0000   -7.5000 2787.7134   14.3687
   -7.5000   -7.5000   -7.5000 2674.6245   15.1761
    0.0000   -7.5000   -7.5000 2722.0386   14.8754
    7.5000   -7.5000   -7.5000 2729.8127   14.8382
   -7.5000    0.0000   -7.5000 2579.6028   15.9457
    0.0000    0.0000   -7.5000 2625.1165   15.6278
    7.5000    0.0000   -7.5000 2632.2842   15.6123
   -7.5000    7.5000   -7.5000 2472.7747   17.1239
    0.0000    7.5000   -7.5000 2511.4490   16.7817
    7.5000    7.5000   -7.5000 2508.6545   16.7718
   -7.5000   15.0000   -7.5000 2326.1277   18.7838
    0.0000   15.0000   -7.5000 2374.1907   18.4331
    7.5000   15.0000   -7.5000 2373.3953   18.4411
   -7.5000   22.5000   -7.5000 2168.4751   21.0215
    0.0000   22.5000   -7.5000 2212.0002   20.6437
    7.5000   22.5000   -7.5000 2213.8179   20.6312
   -7.5000   30.0000   -7.5000 2000.2262   23.9120
    0.0000   30.0000   -7.5000 2037.0092   23.4729
    7.5000   30.0000   -7.5000 2040.6279   23.4701
   -7.5000   37.5000   -7.5000 1849.9841   27.7128
    0.0000   37.5000   -7.5000 1876.5652   27.1912
    7.5000   37.5000   -7.5000 1880.2156   27.0899
   -7.5000   45.0000   -7.5000 1706.1268   32.8245
    0.0000   45.0000   -7.5000 1719.7550   32.2218
    7.5000   45.0000   -7.5000 1724.9335   32.2421
   -7.5000  -45.0000    0.0000 2653.5251   15.3002
    0.0000  -45.0000    0.0000 2700.3701   14.9418
    7.5000  -45.0000    0.0000 2704.0520   14.9433
   -7.5000  -37.5000    0.0000 2732.7993   14.4044
    0.0000  -37.5000    0.0000 2793.8579   13.9740
    7.5000  -37.5000    0.0000 2799.7498   14.0900
   -7.5000  -30.0000    0.0000 2790.3994   13.8873
    0.0000  -30.0000    0.0000 2852.2737   13.4841
    7.5000  -30.0000    0.0000 2860.4006   13.5723
   -7.5000  -22.5000    0.0000 2805.6477   13.8861
    0.0000  -22.5000    0.0000 2863.7058   13.4873
    7.5000  -22.5000    0.0000 2871.9919   13.5121
   -7.5000  -15.0000    0.0000 2772.3684   14.2094
    0.0000  -15.0000    0.0000 2828.0366   13.7961
    7.5000  -15.0000    0.0000 2831.3086   13.8010
   -7.5000   -7.5000    0.0000 2704.6882   14.7191
    0.0000   -7.5000    0.0000 2751.3467   14.3555
    7.5000   -7.5000    0.0000 2764.0178   14.3953
   -7.5000    0.0000    0.0000 2608.6431   15.4942
    0.0000    0.0000    0.0000 2647.7185   15.1546
    7.5000    0.0000    0.0000 2662.7563   15.2036
   -7.5000    7.5000    0.0000 2493.0464   16.6383
    0.0000    7.5000    0.0000 2532.0535   16.2799
    7.5000    7.5000    0.0000 2537.5381   16.3372
   -7.5000   15.0000    0.0000 2347.7512   18.2442
    0.0000   15.0000    0.0000 2392.1248   17.8801
    7.5000   15.0000    0.0000 2399.1968   17.9667
   -7.5000   22.5000    0.0000 2186.1946   20.4100
    0.0000   22.5000    0.0000 2226.6448   19.9840
    7.5000   22.5000    0.0000 2231.8840   20.1313
   -7.5000   30.0000    0.0000 2026.2091   23.1808
    0.0000   30.0000    0.0000 2052.5642   22.7354
    7.5000   30.0000    0.0000 2056.5762   22.8494
   -7.5000   37.5000    0.0000 1866.2253   26.8294
    0.0000   37.5000    0.0000 1889.7213   26.3305
    7.5000   37.5000    0.0000 1892.8314   26.4069
   -7.5000   45.0000    0.0000 1709.2034   31.7391
    0.0000   45.0000    0.0000 1724.2676   31.0998
    7.5000   45.0000    0.0000 1727.6743   31.1819
   -7.5000  -45.0000    7.5000 2668.9641   15.2418
    0.0000  -45.0000    7.5000 2713.2075   14.7537
    7.5000  -45.0000    7.5000 2721.7991   14.7556
   -7.5000  -37.5000    7.5000 2764.3887   14.4278
    0.0000  -37.5000    7.5000 2824.6880   13.8622
    7.5000  -37.5000    7.5000 2830.0859   13.9558
   -7.5000  -30.0000    7.5000 2822.1951   13.8298
    0.0000  -30.0000    7.5000 2876.7095   13.1487
    7.5000  -30.0000    7.5000 2888.8398   13.2773
   -7.5000  -22.5000    7.5000 2832.4592   13.6733
    0.0000  -22.5000    7.5000 2881.5549   13.0718
    7.5000  -22.5000    7.5000 2898.9966   13.2022
   -7.5000  -15.0000    7.5000 2790.6956   13.9316
    0.0000  -15.0000    7.5000 2835.2710   13.4327
    7.5000  -15.0000    7.5000 2849.0479   13.5768
   -7.5000   -7.5000    7.5000 2720.8354   14.4887
    0.0000   -7.5000    7.5000 2756.1743   14.0634
    7.5000   -7.5000    7.5000 2776.2556   14.1832
   -7.5000    0.0000    7.5000 2623.2197   15.3286
    0.0000    0.0000    7.5000 2650.8140   14.8840
    7.5000    0.0000    7.5000 2670.5164   14.9975
   -7.5000    7.5000    7.5000 2502.7400   16.4974
    0.0000    7.5000    7.5000 2531.5059   16.0127
    7.5000    7.5000    7.5000 2540.3057   16.1409
   -7.5000   15.0000    7.5000 2355.0159   18.0955
    0.0000   15.0000    7.5000 2393.8677   17.5818
    7.5000   15.0000    7.5000 2397.6594   17.7076
   -7.5000   22.5000    7.5000 2199.8813   20.1973
    0.0000   22.5000    7.5000 2228.3572   19.7178
    7.5000   22.5000    7.5000 2233.9846   19.8682
   -7.5000   30.0000    7.5000 2031.6064   22.9460
    0.0000   30.0000    7.5000 2047.1836   22.4416
    7.5000   30.0000    7.5000 2052.2065   22.5480
   -7.5000   37.5000    7.5000 1875.7898   26.6685
    0.0000   37.5000    7.5000 1898.0909   26.0345
    7.5000   37.5000    7.5000 1898.8676   26.1462
   -7.5000   45.0000    7.5000 1707.0880   31.4748
    0.0000   45.0000    7.5000 1729.7349   30.7924
    7.5000   45.0000    7.5000 1737.2738   30.9665
   -7.5000  -45.0000   15.0000 2653.3877   15.3217
    0.0000  -45.0000   15.0000 2699.0425   14.7824
    7.5000  -45.0000   15.0000 2708.5466   14.8140
   -7.5000  -37.5000   15.0000 2757.9287   14.5776
    0.0000  -37.5000   15.0000 2806.8657   13.9225
    7.5000  -37.5000   15.0000 2817.6606   13.9783
   -7.5000  -30.0000   15.0000 2820.8799   14.1513
    0.0000  -30.0000   15.0000 2868.4551   13.3871
    7.5000  -30.0000   15.0000 2882.8687   13.4459
   -7.5000  -22.5000   15.0000 2836.2856   13.9733
    0.0000  -22.5000   15.0000 2882.5374   13.3245
    7.5000  -22.5000   15.0000 2901.1611   13.4423
   -7.5000  -15.0000   15.0000 2792.6697   14.1203
    0.0000  -15.0000   15.0000 2829.0378   13.5818
    7.5000  -15.0000   15.0000 2849.2859   13.6977
   -7.5000   -7.5000   15.0000 2714.2803   14.5855
    0.0000   -7.5000   15.0000 2749.3579   14.0908
    7.5000   -7.5000   15.0000 2772.3708   14.1898
   -7.5000    0.0000   15.0000 2604.2979   15.3777
    0.0000    0.0000   15.0000 2635.5381   14.9024
    7.5000    0.0000   15.0000 2652.5649   14.9726
   -7.5000    7.5000   15.0000 2484.0471   16.4898
    0.0000    7.5000   15.0000 2517.5381   16.0593
    7.5000    7.5000   15.0000 2517.8328   16.1070
   -7.5000   15.0000   15.0000 2343.7205   18.0790
    0.0000   15.0000   15.0000 2377.8672   17.6576
    7.5000   15.0000   15.0000 2373.3293   17.6699
   -7.5000   22.5000   15.0000 2187.5056   20.2162
    0.0000   22.5000   15.0000 2212.4797   19.8255
    7.5000   22.5000   15.0000 2210.6204   19.7887
   -7.5000   30.0000   15.0000 2010.6080   22.9976
    0.0000   30.0000   15.0000 2039.4631   22.6329
    7.5000   30.0000   15.0000 2036.0758   22.5048
   -7.5000   37.5000   15.0000 1862.3220   26.7418
    0.0000   37.5000   15.0000 1883.8170   26.2197
    7.5000   37.5000   15.0000 1891.0123   26.1394
   -7.5000   45.0000   15.0000 1706.1505   31.5540
    0.0000   45.0000   15.0000 1732.6157   30.9257
    7.5000   45.0000   15.0000 1740.6161   30.9457
   -7.5000  -45.0000   22.5000 2615.3792   15.8140
    0.0000  -45.0000   22.5000 2662.3679   15.1919
    7.5000  -45.0000   22.5000 2672.7109   15.1819
   -7.5000  -37.5000   22.5000 2717.2422   15.0686
    0.0000  -37.5000   22.5000 2766.9722   14.3743
    7.5000  -37.5000   22.5000 2769.7917   14.3086
   -7.5000  -30.0000   22.5000 2775.1370   14.6013
    0.0000  -30.0000   22.5000 2836.2661   14.0015
    7.5000  -30.0000   22.5000 2834.8855   13.9128
   -7.5000  -22.5000   22.5000 2799.1775   14.4274
    0.0000  -22.5000   22.5000 2857.2520   14.0217
    7.5000  -22.5000   22.5000 2859.9363   13.8978
   -7.5000  -15.0000   22.5000 2752.0593   14.5813
    0.0000  -15.0000   22.5000 2809.2288   14.2743
    7.5000  -15.0000   22.5000 2813.0645   14.1128
   -7.5000   -7.5000   22.5000 2677.1963   14.9923
    0.0000   -7.5000   22.5000 2724.5608   14.6778
    7.5000   -7.5000   22.5000 2731.2822   14.5732
   -7.5000    0.0000   22.5000 2572.3606   15.7294
    0.0000    0.0000   22.5000 2611.1750   15.3671
    7.5000    0.0000   22.5000 2619.8066   15.3038
   -7.5000    7.5000   22.5000 2452.3486   16.8373
    0.0000    7.5000   22.5000 2487.3645   16.4477
    7.5000    7.5000   22.5000 2492.5327   16.4048
   -7.5000   15.0000   22.5000 2312.7224   18.3889
    0.0000   15.0000   22.5000 2336.5598   17.9312
    7.5000   15.0000   22.5000 2337.8628   17.9294
   -7.5000   22.5000   22.5000 2158.4971   20.4952
    0.0000   22.5000   22.5000 2174.8210   19.9695
    7.5000   22.5000   22.5000 2182.9739   19.9858
   -7.5000   30.0000   22.5000 1990.6199   23.2778
    0.0000   30.0000   22.5000 2013.8413   22.7809
    7.5000   30.0000   22.5000 2016.8718   22.7510
   -7.5000   37.5000   22.5000 1845.0405   26.9755
    0.0000   37.5000   22.5000 1869.4537   26.5066
    7.5000   37.5000   22.5000 1875.9346   26.4256
   -7.5000   45.0000   22.5000 1691.5382   31.7567
    0.0000   45.0000   22.5000 1714.1392   31.2791
    7.5000   45.0000   22.5000 1716.4042   31.2447
   -7.5000  -45.0000   30.0000 2562.8318   16.5473
    0.0000  -45.0000   30.0000 2606.6597   15.9313
    7.5000  -45.0000   30.0000 2619.1948   15.7848
   -7.5000  -37.5000   30.0000 2655.8152   15.7164
    0.0000  -37.5000   30.0000 2703.9941   15.0671
    7.5000  -37.5000   30.0000 2707.2256   14.9488
   -7.5000  -30.0000   30.0000 2710.8840   15.1951
    0.0000  -30.0000   30.0000 2764.0688   14.6645
    7.5000  -30.0000   30.0000 2761.4949   14.5517
   -7.5000  -22.5000   30.0000 2728.2905   15.0307
    0.0000  -22.5000   30.0000 2778.4319   14.6196
    7.5000  -22.5000   30.0000 2783.8472   14.5125
   -7.5000  -15.0000   30.0000 2688.7656   15.1987
    0.0000  -15.0000   30.0000 2737.4832   14.8244
    7.5000  -15.0000   30.0000 2748.2981   14.7252
   -7.5000   -7.5000   30.0000 2617.0791   15.6500
    0.0000   -7.5000   30.0000 2663.1841   15.2594
    7.5000   -7.5000   30.0000 2668.1646   15.1854
   -7.5000    0.0000   30.0000 2515.3489   16.4017
    0.0000    0.0000   30.0000 2555.6130   16.0027
    7.5000    0.0000   30.0000 2559.9485   15.9443
   -7.5000    7.5000   30.0000 2402.8098   17.5066
    0.0000    7.5000   30.0000 2440.3745   17.0913
    7.5000    7.5000   30.0000 2446.6633   17.0591
   -7.5000   15.0000   30.0000 2264.4060   19.0038
    0.0000   15.0000   30.0000 2288.4402   18.5740
    7.5000   15.0000   30.0000 2290.5288   18.5548
   -7.5000   22.5000   30.0000 2107.3923   21.0160
    0.0000   22.5000   30.0000 2131.9299   20.5737
    7.5000   22.5000   30.0000 2136.6033   20.5718
   -7.5000   30.0000   30.0000 1955.8384   23.7823
    0.0000   30.0000   30.0000 1977.7917   23.2911
    7.5000   30.0000   30.0000 1983.7112   23.2546
   -7.5000   37.5000   30.0000 1816.8448   27.5088
    0.0000   37.5000   30.0000 1836.4594   26.9198
    7.5000   37.5000   30.0000 1838.7847   26.8433
   -7.5000   45.0000   30.0000 1663.7206   32.4104
    0.0000   45.0000   30.0000 1687.1555   31.7822
    7.5000   45.0000   30.0000 1683.3353   31.8426
   -7.5000  -45.0000   37.5000 2504.6309   17.4791
    0.0000  -45.0000   37.5000 2550.3020   16.8154
    7.5000  -45.0000   37.5000 2566.8569   16.7085
   -7.5000  -37.5000   37.5000 2593.3677   16.5859
    0.0000  -37.5000   37.5000 2635.9634   15.9317
    7.5000  -37.5000   37.5000 2645.3069   15.8558
   -7.5000  -30.0000   37.5000 2635.3474   16.0576
    0.0000  -30.0000   37.5000 2680.4602   15.5155
    7.5000  -30.0000   37.5000 2689.6726   15.4350
   -7.5000  -22.5000   37.5000 2641.2000   15.8880
    0.0000  -22.5000   37.5000 2684.4104   15.4110
    7.5000  -22.5000   37.5000 2697.3479   15.3540
   -7.5000  -15.0000   37.5000 2605.6296   16.0359
    0.0000  -15.0000   37.5000 2648.7227   15.5912
    7.5000  -15.0000   37.5000 2662.9067   15.5191
   -7.5000   -7.5000   37.5000 2541.1184   16.4581
    0.0000   -7.5000   37.5000 2579.3394   16.0360
    7.5000   -7.5000   37.5000 2590.7136   15.9689
   -7.5000    0.0000   37.5000 2451.8926   17.2280
    0.0000    0.0000   37.5000 2486.0754   16.7981
    7.5000    0.0000   37.5000 2496.8467   16.7500
   -7.5000    7.5000   37.5000 2340.2258   18.3669
    0.0000    7.5000   37.5000 2373.2678   17.9177
    7.5000    7.5000   37.5000 2384.4517   17.8987
   -7.5000   15.0000   37.5000 2207.0869   19.8981
    0.0000   15.0000   37.5000 2230.6309   19.4474
    7.5000   15.0000   37.5000 2234.4670   19.4251
   -7.5000   22.5000   37.5000 2060.2839   21.8861
    0.0000   22.5000   37.5000 2082.5093   21.4611
    7.5000   22.5000   37.5000 2088.2092   21.4526
   -7.5000   30.0000   37.5000 1917.3732   24.6549
    0.0000   30.0000   37.5000 1934.6736   24.1994
    7.5000   30.0000   37.5000 1940.4414   24.1721
   -7.5000   37.5000   37.5000 1775.0919   28.4580
    0.0000   37.5000   37.5000 1794.7346   27.8168
    7.5000   37.5000   37.5000 1800.9663   27.7866
   -7.5000   45.0000   37.5000 1627.5398   33.4878
    0.0000   45.0000   37.5000 1651.3195   32.7985
    7.5000   45.0000   37.5000 1651.3702   32.6960
   -7.5000  -45.0000   45.0000 2432.9324   18.6266
    0.0000  -45.0000   45.0000 2474.8015   17.9462
    7.5000  -45.0000   45.0000 2493.7761   17.8815
   -7.5000  -37.5000   45.0000 2507.4441   17.6764
    0.0000  -37.5000   45.0000 2551.1980   17.0364
    7.5000  -37.5000   45.0000 2565.2478   17.0039
   -7.5000  -30.0000   45.0000 2542.4326   17.1314
    0.0000  -30.0000   45.0000 2583.8198   16.5819
    7.5000  -30.0000   45.0000 2600.4602   16.5200
   -7.5000  -22.5000   45.0000 2537.9055   16.9355
    0.0000  -22.5000   45.0000 2579.3887   16.4263
    7.5000  -22.5000   45.0000 2596.5022   16.3590
   -7.5000  -15.0000   45.0000 2509.2185   17.0442
    0.0000  -15.0000   45.0000 2544.3254   16.5694
    7.5000  -15.0000   45.0000 2556.4055   16.4810
   -7.5000   -7.5000   45.0000 2449.6763   17.4369
    0.0000   -7.5000   45.0000 2485.2922   16.9981
    7.5000   -7.5000   45.0000 2498.2192   16.9356
   -7.5000    0.0000   45.0000 2372.2144   18.2088
    0.0000    0.0000   45.0000 2404.0911   17.7653
    7.5000    0.0000   45.0000 2414.6755   17.7181
   -7.5000    7.5000   45.0000 2267.3005   19.3501
    0.0000    7.5000   45.0000 2295.3521   18.8998
    7.5000    7.5000   45.0000 2309.8506   18.8780
   -7.5000   15.0000   45.0000 2139.8496   20.9189
    0.0000   15.0000   45.0000 2163.9963   20.4575
    7.5000   15.0000   45.0000 2173.6938   20.4063
   -7.5000   22.5000   45.0000 2001.6931   23.0045
    0.0000   22.5000   45.0000 2023.4951   22.5870
    7.5000   22.5000   45.0000 2031.4858   22.5120
   -7.5000   30.0000   45.0000 1865.8680   25.9032
    0.0000   30.0000   45.0000 1884.8311   25.4099
    7.5000   30.0000   45.0000 1890.3279   25.3202
   -7.5000   37.5000   45.0000 1730.0505   29.8576
    0.0000   37.5000   45.0000 1751.6967   29.1789
    7.5000   37.5000   45.0000 1758.2720   29.0634
   -7.5000   45.0000   45.0000 1591.5089   35.0467
    0.0000   45.0000   45.0000 1603.2030   34.4858
    7.5000   45.0000   45.0000 1606.0717   34.3259

---------------------------------------------------------------------
imgreg_4dfp /opt/freesurfer/average/711-2C_as_mni_average_305 /opt/freesurfer/average/711-2B_as_mni_average_305_mask talsrcimg_g11 none talsrcimg_to_711-2C_as_mni_average_305_t4 1283
---------------------------------------------------------------------

freesurfer imgreg_4dfp.c
/opt/freesurfer/average/711-2C_as_mni_average_305.4dfp.img
       256       256       256         1
  1.000000  1.000000  1.000000
orientation T byte_order littleendian
Reading image: /opt/freesurfer/average/711-2C_as_mni_average_305.4dfp.img
dimensions:      256       256       256
mmppix:       1.0000   -1.0000   -1.0000
center:     128.0000 -129.0000 -129.0000
/opt/freesurfer/average/711-2B_as_mni_average_305_mask.4dfp.img
       256       256       256         1
  1.000000  1.000000  1.000000
orientation T byte_order littleendian
Reading mask: /opt/freesurfer/average/711-2B_as_mni_average_305_mask.4dfp.img (2306576 pixels)
talsrcimg_g11.4dfp.img
       256       256       256         1
  1.000000  1.000000  1.000000
orientation T byte_order littleendian
Reading image: talsrcimg_g11.4dfp.img
dimensions:      256       256       256
mmppix:       1.0000   -1.0000   -1.0000
center:     128.0000 -129.0000 -129.0000
rotation matrix determinant  1.000000
fimgreg.f
image alignment mode   1283 decimal      503 hex
parameters
    7.5000  -22.5000   15.0000    0.0000    0.0000    0.0000
eta,q 0.91180 13.50190
niter,ni,del,rscale     5    3   12.0000    1.2000
parameter  3  0.652094 ->  0.500000 qaram    1.1500
parameter  4  0.633011 ->  0.500000 qaram    1.1500
parameters
    5.9791  -24.5425   11.5500   -3.4500   -0.4159   -2.0063
eta,q 0.92198 13.06516
  0.0909  0.0894  0.0845  0.0803  0.0846  0.0807
  0.0883  0.0857  0.0813  0.0793  0.0815  0.0785
  0.0864  0.0853  0.0821  0.0795  0.0795  0.0780
  0.0857  0.0866  0.0852  0.0807  0.0793  0.0789
  0.0888  0.0891  0.0887  0.0833  0.0803  0.0807
  0.0946  0.0942  0.0927  0.0859  0.0829  0.0831
  0.1025  0.0994  0.0960  0.0885  0.0861  0.0860
niter,ni,del,rscale     6    3   12.0000    1.2000
parameters
    5.3725  -24.8282   11.1699   -3.4130   -0.1315   -1.8126
eta,q 0.92181 13.04052
  0.0884  0.0892  0.0847  0.0860  0.0854  0.0844
  0.0849  0.0843  0.0844  0.0825  0.0823  0.0809
  0.0801  0.0802  0.0812  0.0793  0.0796  0.0786
  0.0780  0.0780  0.0780  0.0782  0.0782  0.0781
  0.0814  0.0807  0.0802  0.0792  0.0789  0.0790
  0.0865  0.0859  0.0837  0.0824  0.0814  0.0808
  0.0951  0.0913  0.0880  0.0859  0.0843  0.0832
niter,ni,del,rscale     5    3   12.0000    1.2000
parameters
    5.2182  -24.8612   11.0575   -3.4218    0.0274   -1.7673
eta,q 0.92165 13.03277
  0.0893  0.0900  0.0848  0.0860  0.0854  0.0842
  0.0864  0.0851  0.0845  0.0824  0.0823  0.0809
  0.0819  0.0810  0.0819  0.0793  0.0797  0.0787
  0.0782  0.0783  0.0783  0.0784  0.0784  0.0783
  0.0806  0.0800  0.0796  0.0795  0.0793  0.0794
  0.0851  0.0851  0.0831  0.0825  0.0819  0.0811
  0.0924  0.0907  0.0872  0.0859  0.0847  0.0836
niter,ni,del,rscale     4    3   12.0000    1.2000
parameters
    5.1502  -24.8519   11.0355   -3.4369    0.1107   -1.7565
eta,q 0.92160 13.03071
  0.0894  0.0901  0.0849  0.0860  0.0853  0.0842
  0.0866  0.0853  0.0845  0.0824  0.0822  0.0809
  0.0823  0.0812  0.0822  0.0794  0.0796  0.0787
  0.0784  0.0784  0.0784  0.0784  0.0784  0.0784
  0.0805  0.0800  0.0794  0.0795  0.0795  0.0795
  0.0850  0.0849  0.0829  0.0826  0.0822  0.0812
  0.0919  0.0906  0.0870  0.0859  0.0848  0.0837
niter,ni,del,rscale     3    3   12.0000    1.2000
parameters
    5.1097  -24.8411   11.0338   -3.4533    0.1576   -1.7533
eta,q 0.92158 13.03002
  0.0894  0.0901  0.0848  0.0860  0.0853  0.0842
  0.0866  0.0853  0.0845  0.0824  0.0821  0.0809
  0.0825  0.0812  0.0822  0.0794  0.0796  0.0788
  0.0784  0.0784  0.0784  0.0784  0.0784  0.0784
  0.0804  0.0800  0.0794  0.0795  0.0796  0.0795
  0.0849  0.0849  0.0829  0.0826  0.0823  0.0812
  0.0917  0.0906  0.0869  0.0859  0.0849  0.0837
registration optimization eta report
parameter search radius
    6.0000    6.0000    6.9000    6.9000    6.0000    6.0000
100000*second partial in parameter space
       31.       32.       14.       16.       18.       15.
  0.0894  0.0901  0.0848  0.0860  0.0853  0.0842
  0.0866  0.0853  0.0845  0.0824  0.0821  0.0809
  0.0825  0.0812  0.0822  0.0794  0.0796  0.0788
  0.0784  0.0784  0.0784  0.0784  0.0784  0.0784
  0.0804  0.0800  0.0794  0.0795  0.0796  0.0795
  0.0849  0.0849  0.0829  0.0826  0.0823  0.0812
  0.0917  0.0906  0.0869  0.0859  0.0849  0.0837
    5.1097  -24.8411   11.0338   -3.4533    0.1576   -1.7533
eta,q 0.92158 13.03002

---------------------------------------------------------------------
imgreg_4dfp /opt/freesurfer/average/711-2C_as_mni_average_305 /opt/freesurfer/average/711-2B_as_mni_average_305_mask talsrcimg_g11 none talsrcimg_to_711-2C_as_mni_average_305_t4 3335
---------------------------------------------------------------------

freesurfer imgreg_4dfp.c
/opt/freesurfer/average/711-2C_as_mni_average_305.4dfp.img
       256       256       256         1
  1.000000  1.000000  1.000000
orientation T byte_order littleendian
Reading image: /opt/freesurfer/average/711-2C_as_mni_average_305.4dfp.img
dimensions:      256       256       256
mmppix:       1.0000   -1.0000   -1.0000
center:     128.0000 -129.0000 -129.0000
/opt/freesurfer/average/711-2B_as_mni_average_305_mask.4dfp.img
       256       256       256         1
  1.000000  1.000000  1.000000
orientation T byte_order littleendian
Reading mask: /opt/freesurfer/average/711-2B_as_mni_average_305_mask.4dfp.img (2306576 pixels)
talsrcimg_g11.4dfp.img
       256       256       256         1
  1.000000  1.000000  1.000000
orientation T byte_order littleendian
Reading image: talsrcimg_g11.4dfp.img
dimensions:      256       256       256
mmppix:       1.0000   -1.0000   -1.0000
center:     128.0000 -129.0000 -129.0000
fimgreg.f
image alignment mode   3335 decimal      D07 hex
parameters
    5.1097  -24.8411   11.0338   -0.0472   -0.2288   -0.1820
    3.0705   -0.0902   -3.0595    6.0290    0.2751   -6.0234
eta,q 0.91602 13.11938
niter,ni,del,rscale     5    3    5.0000    1.2000
parameter  3 -1.356571 -> -0.500000 qaram    1.1500
parameter  4  6.507299 ->  0.500000 qaram    1.1500
parameter  5  3.044271 ->  0.500000 qaram    1.1500
parameter  6  1.394885 ->  0.500000 qaram    1.1500
parameter  8 -1.178008 -> -0.500000 qaram    1.1500
parameter 11 -1.161472 -> -0.500000 qaram    1.1500
parameter 12  0.949759 ->  0.500000 qaram    1.1500
parameters
    5.2373  -23.7685   12.4138   -4.1872   -4.3688   -4.3220
    1.8271    4.0498   -3.2363    5.4007    4.4151  -10.1634
eta,q 0.93347 12.50147
  0.0849  0.0867  0.0855  0.0740  0.0695  0.0675  0.0703  0.0742  0.0687  0.0691  0.0695  0.0665
  0.0847  0.0855  0.0850  0.0762  0.0718  0.0691  0.0698  0.0724  0.0681  0.0683  0.0688  0.0665
  0.0843  0.0846  0.0843  0.0793  0.0743  0.0704  0.0694  0.0709  0.0678  0.0679  0.0682  0.0667
  0.0840  0.0839  0.0836  0.0828  0.0770  0.0724  0.0694  0.0694  0.0677  0.0677  0.0677  0.0671
  0.0838  0.0836  0.0831  0.0862  0.0802  0.0759  0.0698  0.0682  0.0678  0.0679  0.0673  0.0676
  0.0842  0.0837  0.0828  0.0895  0.0836  0.0794  0.0703  0.0676  0.0682  0.0686  0.0670  0.0683
  0.0850  0.0841  0.0829  0.0930  0.0875  0.0836  0.0711  0.0675  0.0688  0.0698  0.0670  0.0691
niter,ni,del,rscale     7    3    5.0000    1.2000
parameter  4  3.727661 ->  0.500000 qaram    1.3225
parameter  5 18.669294 ->  0.500000 qaram    1.3225
parameter  6  1.048929 ->  0.500000 qaram    1.3225
parameter 10  0.550650 ->  0.500000 qaram    1.1500
parameter 12  0.748172 ->  0.500000 qaram    1.3225
parameters
    4.3994  -23.7002   11.6796   -8.9482   -9.1298   -9.0830
    3.3983    3.0718   -4.5919    1.2607    1.4518  -14.9244
eta,q 0.95243 12.00847
  0.0672  0.0676  0.0669  0.0562  0.0481  0.0480  0.0529  0.0542  0.0505  0.0495  0.0494  0.0478
  0.0665  0.0669  0.0665  0.0578  0.0519  0.0495  0.0515  0.0515  0.0499  0.0489  0.0487  0.0476
  0.0663  0.0664  0.0662  0.0614  0.0553  0.0507  0.0504  0.0499  0.0496  0.0490  0.0486  0.0478
  0.0665  0.0663  0.0663  0.0662  0.0586  0.0529  0.0498  0.0497  0.0496  0.0496  0.0489  0.0485
  0.0673  0.0664  0.0666  0.0716  0.0617  0.0573  0.0498  0.0509  0.0500  0.0505  0.0495  0.0498
  0.0686  0.0668  0.0674  0.0762  0.0655  0.0633  0.0502  0.0534  0.0506  0.0517  0.0502  0.0513
  0.0703  0.0674  0.0685  0.0797  0.0695  0.0682  0.0511  0.0569  0.0516  0.0533  0.0511  0.0530
niter,ni,del,rscale     7    3    5.0000    1.2000
parameter  3  0.794627 ->  0.500000 qaram    1.3225
parameter  4  0.593577 ->  0.500000 qaram    1.5209
parameter  5  1.287317 ->  0.500000 qaram    1.5209
parameter 10 -0.537190 -> -0.500000 qaram    1.3225
parameters
    3.7828  -24.1018   10.0926  -14.4234  -14.6049  -12.6831
    5.6298    2.3326   -3.8977    6.0217    1.0911  -19.2268
eta,q 0.96220 11.57516
  0.0493  0.0487  0.0462  0.0449  0.0397  0.0410  0.0434  0.0433  0.0416  0.0463  0.0389  0.0384
  0.0478  0.0478  0.0460  0.0447  0.0399  0.0401  0.0419  0.0407  0.0405  0.0434  0.0385  0.0379
  0.0473  0.0473  0.0464  0.0448  0.0419  0.0398  0.0406  0.0395  0.0398  0.0410  0.0383  0.0378
  0.0476  0.0473  0.0472  0.0461  0.0447  0.0403  0.0398  0.0395  0.0394  0.0394  0.0383  0.0382
  0.0486  0.0478  0.0485  0.0496  0.0481  0.0414  0.0395  0.0405  0.0395  0.0384  0.0383  0.0390
  0.0503  0.0488  0.0501  0.0550  0.0518  0.0460  0.0399  0.0422  0.0400  0.0383  0.0386  0.0399
  0.0526  0.0501  0.0520  0.0611  0.0562  0.0527  0.0408  0.0445  0.0409  0.0392  0.0391  0.0412
niter,ni,del,rscale     7    3    5.0000    1.2000
parameter  2 -0.796514 -> -0.500000 qaram    1.1500
parameter  3  0.528556 ->  0.500000 qaram    1.5209
parameter 12  0.588081 ->  0.500000 qaram    1.5209
parameters
    4.0527  -22.7218    8.2675  -15.8874  -20.0294  -14.4397
    5.1863    2.8212   -3.9004   10.6811    1.8283  -24.7019
eta,q 0.96727 11.20619
  0.0413  0.0447  0.0361  0.0392  0.0361  0.0368  0.0363  0.0399  0.0362  0.0417  0.0343  0.0331
  0.0396  0.0419  0.0356  0.0373  0.0348  0.0354  0.0352  0.0367  0.0352  0.0386  0.0338  0.0327
  0.0384  0.0396  0.0356  0.0360  0.0342  0.0345  0.0345  0.0349  0.0346  0.0361  0.0335  0.0328
  0.0378  0.0378  0.0362  0.0355  0.0356  0.0343  0.0343  0.0343  0.0343  0.0343  0.0333  0.0333
  0.0379  0.0366  0.0373  0.0361  0.0389  0.0346  0.0347  0.0348  0.0346  0.0334  0.0333  0.0341
  0.0387  0.0361  0.0389  0.0385  0.0427  0.0368  0.0356  0.0363  0.0352  0.0334  0.0336  0.0351
  0.0401  0.0362  0.0410  0.0430  0.0470  0.0421  0.0369  0.0384  0.0362  0.0345  0.0340  0.0363
niter,ni,del,rscale     7    3    5.0000    1.2000
parameter  2 -1.047295 -> -0.500000 qaram    1.3225
parameters
    4.1614  -21.1348    6.8897  -15.2395  -22.1871  -16.1329
    4.8090    3.3472   -4.2848   14.7973    1.8579  -26.3499
eta,q 0.97171 11.11720
  0.0360  0.0422  0.0308  0.0344  0.0333  0.0324  0.0317  0.0356  0.0314  0.0377  0.0296  0.0302
  0.0343  0.0385  0.0296  0.0322  0.0313  0.0307  0.0304  0.0321  0.0302  0.0341  0.0289  0.0289
  0.0332  0.0353  0.0294  0.0304  0.0298  0.0296  0.0296  0.0301  0.0296  0.0314  0.0285  0.0284
  0.0327  0.0327  0.0299  0.0293  0.0292  0.0294  0.0294  0.0294  0.0294  0.0294  0.0284  0.0284
  0.0330  0.0308  0.0312  0.0292  0.0309  0.0299  0.0298  0.0300  0.0298  0.0285  0.0285  0.0290
  0.0339  0.0297  0.0332  0.0307  0.0346  0.0322  0.0308  0.0316  0.0306  0.0287  0.0289  0.0301
  0.0355  0.0294  0.0358  0.0340  0.0390  0.0380  0.0322  0.0339  0.0318  0.0302  0.0296  0.0315
niter,ni,del,rscale     7    3    5.0000    1.2000
parameter  2 -0.594579 -> -0.500000 qaram    1.5209
parameters
    4.2787  -19.3098    6.1590  -15.3980  -24.0786  -16.8718
    4.6786    3.6928   -4.1576   17.1736    1.6333  -27.4857
eta,q 0.97383 11.00526
  0.0320  0.0388  0.0287  0.0308  0.0305  0.0304  0.0291  0.0331  0.0287  0.0341  0.0273  0.0281
  0.0301  0.0344  0.0272  0.0287  0.0285  0.0285  0.0278  0.0295  0.0276  0.0307  0.0266  0.0268
  0.0288  0.0308  0.0264  0.0272  0.0270  0.0271  0.0269  0.0273  0.0269  0.0282  0.0263  0.0263
  0.0283  0.0283  0.0265  0.0263  0.0264  0.0266  0.0267  0.0267  0.0267  0.0267  0.0262  0.0262
  0.0285  0.0268  0.0275  0.0265  0.0275  0.0268  0.0270  0.0273  0.0269  0.0262  0.0264  0.0267
  0.0296  0.0266  0.0292  0.0282  0.0313  0.0281  0.0279  0.0291  0.0275  0.0271  0.0268  0.0277
  0.0314  0.0275  0.0315  0.0318  0.0356  0.0334  0.0293  0.0318  0.0285  0.0293  0.0273  0.0289
niter,ni,del,rscale     7    3    5.0000    1.2000
parameters
    4.3432  -18.7430    5.7531  -15.1213  -25.0414  -17.1344
    4.5898    3.9578   -4.1147   18.1144    1.5959  -27.6230
eta,q 0.97388 10.96685
  0.0300  0.0345  0.0287  0.0306  0.0306  0.0303  0.0287  0.0328  0.0281  0.0323  0.0272  0.0283
  0.0280  0.0303  0.0272  0.0285  0.0285  0.0283  0.0274  0.0291  0.0271  0.0293  0.0265  0.0270
  0.0267  0.0275  0.0262  0.0269  0.0269  0.0269  0.0265  0.0269  0.0264  0.0273  0.0262  0.0263
  0.0262  0.0262  0.0261  0.0260  0.0260  0.0262  0.0262  0.0262  0.0262  0.0262  0.0261  0.0261
  0.0265  0.0263  0.0267  0.0261  0.0262  0.0262  0.0265  0.0270  0.0264  0.0264  0.0263  0.0264
  0.0277  0.0278  0.0282  0.0275  0.0292  0.0273  0.0274  0.0289  0.0270  0.0278  0.0266  0.0272
  0.0296  0.0305  0.0302  0.0308  0.0337  0.0321  0.0288  0.0317  0.0281  0.0304  0.0271  0.0283
niter,ni,del,rscale     6    3    5.0000    1.2000
parameters
    4.3901  -18.4986    5.5651  -15.0089  -25.5125  -17.2987
    4.5608    4.0724   -4.0971   18.5010    1.6540  -27.5925
eta,q 0.97380 10.94158
  0.0298  0.0330  0.0290  0.0305  0.0308  0.0302  0.0287  0.0326  0.0281  0.0316  0.0272  0.0283
  0.0279  0.0293  0.0274  0.0284  0.0287  0.0283  0.0274  0.0290  0.0270  0.0289  0.0266  0.0270
  0.0266  0.0270  0.0264  0.0269  0.0271  0.0269  0.0265  0.0268  0.0264  0.0270  0.0263  0.0264
  0.0261  0.0261  0.0261  0.0261  0.0261  0.0262  0.0262  0.0262  0.0262  0.0262  0.0262  0.0262
  0.0265  0.0266  0.0266  0.0262  0.0261  0.0262  0.0265  0.0271  0.0264  0.0266  0.0263  0.0265
  0.0277  0.0284  0.0278  0.0277  0.0284  0.0271  0.0274  0.0291  0.0270  0.0282  0.0267  0.0272
  0.0296  0.0313  0.0297  0.0310  0.0329  0.0318  0.0287  0.0319  0.0280  0.0310  0.0271  0.0282
niter,ni,del,rscale     5    3    5.0000    1.2000
parameters
    4.4116  -18.3828    5.4603  -14.9589  -25.7300  -17.4133
    4.5417    4.1098   -4.1067   18.6742    1.7093  -27.5484
eta,q 0.97376 10.92712
  0.0298  0.0325  0.0292  0.0305  0.0310  0.0302  0.0287  0.0325  0.0281  0.0314  0.0272  0.0283
  0.0279  0.0290  0.0276  0.0285  0.0288  0.0283  0.0274  0.0289  0.0271  0.0287  0.0266  0.0271
  0.0266  0.0269  0.0266  0.0270  0.0272  0.0269  0.0266  0.0268  0.0264  0.0270  0.0263  0.0265
  0.0262  0.0262  0.0262  0.0262  0.0262  0.0262  0.0262  0.0262  0.0262  0.0262  0.0262  0.0262
  0.0266  0.0268  0.0266  0.0263  0.0261  0.0262  0.0266  0.0272  0.0265  0.0267  0.0264  0.0265
  0.0278  0.0287  0.0278  0.0278  0.0281  0.0271  0.0274  0.0292  0.0271  0.0284  0.0267  0.0272
  0.0297  0.0316  0.0296  0.0311  0.0326  0.0316  0.0287  0.0320  0.0281  0.0312  0.0271  0.0282
niter,ni,del,rscale     4    3    5.0000    1.2000
parameters
    4.4192  -18.3258    5.4011  -14.9299  -25.8329  -17.4793
    4.5462    4.1232   -4.1250   18.7598    1.7842  -27.5212
eta,q 0.97373 10.91999
  0.0298  0.0323  0.0293  0.0306  0.0311  0.0303  0.0287  0.0325  0.0281  0.0313  0.0273  0.0283
  0.0279  0.0289  0.0277  0.0285  0.0289  0.0283  0.0274  0.0289  0.0271  0.0287  0.0266  0.0271
  0.0267  0.0269  0.0267  0.0270  0.0272  0.0269  0.0266  0.0268  0.0265  0.0270  0.0263  0.0265
  0.0262  0.0262  0.0262  0.0262  0.0262  0.0263  0.0263  0.0263  0.0263  0.0263  0.0263  0.0263
  0.0266  0.0270  0.0266  0.0263  0.0261  0.0263  0.0266  0.0272  0.0265  0.0268  0.0264  0.0265
  0.0278  0.0289  0.0278  0.0278  0.0280  0.0271  0.0274  0.0292  0.0271  0.0285  0.0267  0.0272
  0.0298  0.0317  0.0295  0.0311  0.0324  0.0315  0.0287  0.0321  0.0281  0.0313  0.0271  0.0282
niter,ni,del,rscale     3    3    5.0000    1.2000
parameters
    4.4218  -18.2962    5.3676  -14.9141  -25.8867  -17.5183
    4.5463    4.1256   -4.1414   18.8068    1.8067  -27.5027
eta,q 0.97372 10.91609
  0.0298  0.0322  0.0293  0.0306  0.0311  0.0303  0.0287  0.0325  0.0281  0.0313  0.0273  0.0283
  0.0279  0.0288  0.0277  0.0285  0.0289  0.0283  0.0274  0.0289  0.0271  0.0287  0.0267  0.0271
  0.0267  0.0268  0.0267  0.0270  0.0273  0.0270  0.0266  0.0268  0.0265  0.0270  0.0263  0.0265
  0.0263  0.0263  0.0263  0.0263  0.0263  0.0263  0.0263  0.0263  0.0263  0.0263  0.0263  0.0263
  0.0267  0.0270  0.0266  0.0264  0.0261  0.0263  0.0266  0.0272  0.0265  0.0268  0.0264  0.0265
  0.0279  0.0289  0.0277  0.0279  0.0279  0.0271  0.0274  0.0292  0.0271  0.0285  0.0267  0.0272
  0.0298  0.0318  0.0295  0.0312  0.0323  0.0314  0.0287  0.0321  0.0281  0.0313  0.0272  0.0282
registration optimization eta report
parameter search radius
    2.4000    3.6501    3.6501   10.9503   10.9503    9.5220
    7.2000    8.2800    7.2000    9.5220    8.2800   10.9503
100000*second partial in parameter space
       61.       43.       23.        4.        5.        5.
        5.        9.        3.        5.        1.        2.
  0.0298  0.0322  0.0293  0.0306  0.0311  0.0303  0.0287  0.0325  0.0281  0.0313  0.0273  0.0283
  0.0279  0.0288  0.0277  0.0285  0.0289  0.0283  0.0274  0.0289  0.0271  0.0287  0.0267  0.0271
  0.0267  0.0268  0.0267  0.0270  0.0273  0.0270  0.0266  0.0268  0.0265  0.0270  0.0263  0.0265
  0.0263  0.0263  0.0263  0.0263  0.0263  0.0263  0.0263  0.0263  0.0263  0.0263  0.0263  0.0263
  0.0267  0.0270  0.0266  0.0264  0.0261  0.0263  0.0266  0.0272  0.0265  0.0268  0.0264  0.0265
  0.0279  0.0289  0.0277  0.0279  0.0279  0.0271  0.0274  0.0292  0.0271  0.0285  0.0267  0.0272
  0.0298  0.0318  0.0295  0.0312  0.0323  0.0314  0.0287  0.0321  0.0281  0.0313  0.0272  0.0282
    4.4218  -18.2962    5.3676  -14.9141  -25.8867  -17.5183
    4.5463    4.1256   -4.1414   18.8068    1.8067  -27.5027
eta,q 0.97372 10.91609

---------------------------------------------------------------------
imgreg_4dfp /opt/freesurfer/average/711-2C_as_mni_average_305 /opt/freesurfer/average/711-2B_as_mni_average_305_mask talsrcimg_g11 none talsrcimg_to_711-2C_as_mni_average_305_t4 2311
---------------------------------------------------------------------

freesurfer imgreg_4dfp.c
/opt/freesurfer/average/711-2C_as_mni_average_305.4dfp.img
       256       256       256         1
  1.000000  1.000000  1.000000
orientation T byte_order littleendian
Reading image: /opt/freesurfer/average/711-2C_as_mni_average_305.4dfp.img
dimensions:      256       256       256
mmppix:       1.0000   -1.0000   -1.0000
center:     128.0000 -129.0000 -129.0000
/opt/freesurfer/average/711-2B_as_mni_average_305_mask.4dfp.img
       256       256       256         1
  1.000000  1.000000  1.000000
orientation T byte_order littleendian
Reading mask: /opt/freesurfer/average/711-2B_as_mni_average_305_mask.4dfp.img (2306576 pixels)
talsrcimg_g11.4dfp.img
       256       256       256         1
  1.000000  1.000000  1.000000
orientation T byte_order littleendian
Reading image: talsrcimg_g11.4dfp.img
dimensions:      256       256       256
mmppix:       1.0000   -1.0000   -1.0000
center:     128.0000 -129.0000 -129.0000
fimgreg.f
image alignment mode   2311 decimal      907 hex
parameters
    4.4218  -18.2962    5.3676  -14.9141  -25.8867  -17.5183
    4.5463    4.1256   -4.1414   18.8068    1.8067  -27.5027
eta,q 0.97372 10.91609
niter,ni,del,rscale     5    3    5.0000    0.8000
parameter  5 -0.502533 -> -0.500000 qaram    1.1500
parameters
    4.4282  -18.3838    5.4534  -13.5962  -23.1267  -15.8124
    4.2980    4.1370   -4.2981   18.9715    2.1479  -28.3423
eta,q 0.97415 11.26812
  0.0279  0.0273  0.0270  0.0274  0.0278  0.0273  0.0272  0.0285  0.0268  0.0274  0.0264  0.0262
  0.0270  0.0267  0.0266  0.0269  0.0271  0.0267  0.0264  0.0269  0.0262  0.0266  0.0261  0.0260
  0.0265  0.0264  0.0264  0.0265  0.0266  0.0262  0.0260  0.0260  0.0259  0.0260  0.0259  0.0259
  0.0263  0.0263  0.0263  0.0263  0.0262  0.0259  0.0259  0.0259  0.0259  0.0259  0.0259  0.0259
  0.0265  0.0265  0.0263  0.0262  0.0260  0.0259  0.0261  0.0263  0.0260  0.0260  0.0259  0.0260
  0.0270  0.0269  0.0265  0.0263  0.0260  0.0259  0.0266  0.0271  0.0263  0.0264  0.0260  0.0262
  0.0279  0.0275  0.0269  0.0266  0.0262  0.0262  0.0275  0.0283  0.0269  0.0272  0.0262  0.0265
niter,ni,del,rscale     5    3    5.0000    0.8000
parameters
    4.3536  -18.7724    5.8167  -13.7867  -23.7472  -15.1310
    4.5324    3.9883   -4.4262   18.6876    1.7943  -28.4922
eta,q 0.97429 11.25371
  0.0274  0.0265  0.0268  0.0266  0.0270  0.0269  0.0272  0.0282  0.0266  0.0270  0.0261  0.0262
  0.0265  0.0260  0.0263  0.0261  0.0264  0.0264  0.0265  0.0267  0.0261  0.0262  0.0258  0.0259
  0.0260  0.0258  0.0260  0.0258  0.0260  0.0260  0.0260  0.0259  0.0258  0.0258  0.0257  0.0257
  0.0258  0.0258  0.0258  0.0257  0.0257  0.0258  0.0257  0.0257  0.0257  0.0257  0.0257  0.0257
  0.0261  0.0262  0.0257  0.0258  0.0258  0.0257  0.0259  0.0262  0.0259  0.0259  0.0258  0.0258
  0.0267  0.0269  0.0259  0.0261  0.0266  0.0258  0.0263  0.0271  0.0262  0.0265  0.0260  0.0260
  0.0278  0.0278  0.0261  0.0269  0.0283  0.0265  0.0270  0.0283  0.0267  0.0273  0.0262  0.0263
niter,ni,del,rscale     4    3    5.0000    0.7000
parameters
    4.3004  -18.7770    5.9544  -13.8723  -23.5637  -15.0466
    4.5557    3.8935   -4.3889   18.6920    1.5328  -28.5485
eta,q 0.97433 11.26594
  0.0270  0.0267  0.0263  0.0264  0.0269  0.0265  0.0268  0.0277  0.0264  0.0268  0.0260  0.0261
  0.0263  0.0261  0.0260  0.0261  0.0264  0.0260  0.0262  0.0265  0.0260  0.0262  0.0258  0.0258
  0.0258  0.0258  0.0258  0.0258  0.0260  0.0258  0.0258  0.0258  0.0258  0.0258  0.0257  0.0257
  0.0257  0.0257  0.0257  0.0257  0.0257  0.0257  0.0257  0.0257  0.0257  0.0257  0.0257  0.0257
  0.0259  0.0258  0.0257  0.0258  0.0257  0.0257  0.0258  0.0260  0.0258  0.0258  0.0258  0.0257
  0.0264  0.0262  0.0259  0.0260  0.0260  0.0258  0.0262  0.0267  0.0260  0.0262  0.0259  0.0259
  0.0272  0.0267  0.0261  0.0266  0.0270  0.0266  0.0268  0.0277  0.0264  0.0268  0.0260  0.0261
niter,ni,del,rscale     3    3    5.0000    0.6000
parameters
    4.2861  -18.8039    6.0103  -13.9268  -23.3426  -14.8527
    4.4984    3.8461   -4.3669   18.7005    1.4516  -28.5827
eta,q 0.97436 11.28702
  0.0267  0.0264  0.0261  0.0262  0.0266  0.0263  0.0265  0.0272  0.0262  0.0265  0.0259  0.0260
  0.0261  0.0260  0.0259  0.0259  0.0262  0.0259  0.0260  0.0263  0.0259  0.0260  0.0258  0.0258
  0.0258  0.0257  0.0257  0.0257  0.0259  0.0257  0.0257  0.0257  0.0257  0.0257  0.0257  0.0257
  0.0257  0.0257  0.0257  0.0257  0.0257  0.0256  0.0256  0.0256  0.0256  0.0256  0.0256  0.0256
  0.0258  0.0258  0.0257  0.0257  0.0256  0.0256  0.0257  0.0259  0.0257  0.0257  0.0257  0.0257
  0.0261  0.0260  0.0258  0.0259  0.0259  0.0257  0.0260  0.0264  0.0259  0.0260  0.0258  0.0258
  0.0267  0.0264  0.0260  0.0263  0.0266  0.0262  0.0265  0.0272  0.0262  0.0265  0.0259  0.0260
niter,ni,del,rscale     2    3    5.0000    0.5000
parameters
    4.2743  -18.8384    6.0489  -13.9677  -23.1293  -14.6770
    4.4664    3.7923   -4.3883   18.7132    1.4392  -28.6188
eta,q 0.97438 11.30765
  0.0263  0.0261  0.0259  0.0260  0.0263  0.0260  0.0262  0.0267  0.0260  0.0262  0.0258  0.0258
  0.0260  0.0258  0.0258  0.0258  0.0260  0.0258  0.0259  0.0261  0.0258  0.0259  0.0257  0.0257
  0.0257  0.0257  0.0257  0.0257  0.0258  0.0257  0.0257  0.0257  0.0257  0.0257  0.0256  0.0256
  0.0256  0.0256  0.0256  0.0256  0.0256  0.0256  0.0256  0.0256  0.0256  0.0256  0.0256  0.0256
  0.0257  0.0257  0.0257  0.0257  0.0256  0.0256  0.0257  0.0258  0.0257  0.0257  0.0256  0.0256
  0.0260  0.0259  0.0258  0.0258  0.0258  0.0257  0.0259  0.0262  0.0258  0.0259  0.0257  0.0257
  0.0264  0.0262  0.0259  0.0261  0.0263  0.0260  0.0262  0.0267  0.0260  0.0262  0.0258  0.0258
niter,ni,del,rscale     1    3    5.0000    0.4000
parameters
    4.2575  -18.8699    6.0863  -14.0008  -22.9269  -14.4867
    4.4559    3.7309   -4.4330   18.7308    1.5305  -28.6393
eta,q 0.97440 11.32870
  0.0261  0.0259  0.0258  0.0259  0.0261  0.0258  0.0260  0.0263  0.0258  0.0260  0.0258  0.0257
  0.0258  0.0257  0.0257  0.0257  0.0259  0.0257  0.0258  0.0259  0.0257  0.0258  0.0257  0.0257
  0.0257  0.0256  0.0256  0.0256  0.0257  0.0256  0.0256  0.0257  0.0256  0.0256  0.0256  0.0256
  0.0256  0.0256  0.0256  0.0256  0.0256  0.0256  0.0256  0.0256  0.0256  0.0256  0.0256  0.0256
  0.0257  0.0257  0.0256  0.0256  0.0256  0.0256  0.0256  0.0257  0.0256  0.0256  0.0256  0.0256
  0.0258  0.0258  0.0257  0.0257  0.0257  0.0256  0.0258  0.0260  0.0257  0.0258  0.0257  0.0257
  0.0261  0.0260  0.0258  0.0259  0.0260  0.0258  0.0260  0.0264  0.0259  0.0260  0.0257  0.0257
registration optimization eta report
parameter search radius
    0.8000    0.8000    0.8000    2.4000    2.7600    2.4000
    2.4000    2.4000    2.4000    2.4000    2.4000    2.4000
100000*second partial in parameter space
       73.       52.       29.        5.        6.        4.
        7.       13.        5.        6.        2.        3.
  0.0261  0.0259  0.0258  0.0259  0.0261  0.0258  0.0260  0.0263  0.0258  0.0260  0.0258  0.0257
  0.0258  0.0257  0.0257  0.0257  0.0259  0.0257  0.0258  0.0259  0.0257  0.0258  0.0257  0.0257
  0.0257  0.0256  0.0256  0.0256  0.0257  0.0256  0.0256  0.0257  0.0256  0.0256  0.0256  0.0256
  0.0256  0.0256  0.0256  0.0256  0.0256  0.0256  0.0256  0.0256  0.0256  0.0256  0.0256  0.0256
  0.0257  0.0257  0.0256  0.0256  0.0256  0.0256  0.0256  0.0257  0.0256  0.0256  0.0256  0.0256
  0.0258  0.0258  0.0257  0.0257  0.0257  0.0256  0.0258  0.0260  0.0257  0.0258  0.0257  0.0257
  0.0261  0.0260  0.0258  0.0259  0.0260  0.0258  0.0260  0.0264  0.0259  0.0260  0.0257  0.0257
    4.2575  -18.8699    6.0863  -14.0008  -22.9269  -14.4867
    4.4559    3.7309   -4.4330   18.7308    1.5305  -28.6393
eta,q 0.97440 11.32870

---------------------------------------------------------------------
imgreg_4dfp /opt/freesurfer/average/711-2C_as_mni_average_305 /opt/freesurfer/average/711-2B_as_mni_average_305_mask talsrcimg_g11 none talsrcimg_to_711-2C_as_mni_average_305_t4 2311
---------------------------------------------------------------------

freesurfer imgreg_4dfp.c
/opt/freesurfer/average/711-2C_as_mni_average_305.4dfp.img
       256       256       256         1
  1.000000  1.000000  1.000000
orientation T byte_order littleendian
Reading image: /opt/freesurfer/average/711-2C_as_mni_average_305.4dfp.img
dimensions:      256       256       256
mmppix:       1.0000   -1.0000   -1.0000
center:     128.0000 -129.0000 -129.0000
/opt/freesurfer/average/711-2B_as_mni_average_305_mask.4dfp.img
       256       256       256         1
  1.000000  1.000000  1.000000
orientation T byte_order littleendian
Reading mask: /opt/freesurfer/average/711-2B_as_mni_average_305_mask.4dfp.img (2306576 pixels)
talsrcimg_g11.4dfp.img
       256       256       256         1
  1.000000  1.000000  1.000000
orientation T byte_order littleendian
Reading image: talsrcimg_g11.4dfp.img
dimensions:      256       256       256
mmppix:       1.0000   -1.0000   -1.0000
center:     128.0000 -129.0000 -129.0000
fimgreg.f
image alignment mode   2311 decimal      907 hex
parameters
    4.2575  -18.8699    6.0863  -14.0008  -22.9269  -14.4867
    4.4559    3.7309   -4.4330   18.7308    1.5305  -28.6393
eta,q 0.97440 11.32870
niter,ni,del,rscale     5    3    5.0000    0.8000
parameters
    4.2250  -18.8878    6.1141  -14.2270  -23.4590  -15.0766
    4.6202    3.8344   -4.3207   18.5306    1.2146  -28.5412
eta,q 0.97434 11.25010
  0.0274  0.0269  0.0264  0.0266  0.0266  0.0266  0.0272  0.0285  0.0267  0.0270  0.0261  0.0263
  0.0264  0.0262  0.0259  0.0261  0.0261  0.0261  0.0264  0.0269  0.0261  0.0262  0.0258  0.0259
  0.0258  0.0257  0.0257  0.0257  0.0258  0.0258  0.0259  0.0259  0.0258  0.0258  0.0257  0.0257
  0.0256  0.0256  0.0256  0.0256  0.0256  0.0256  0.0257  0.0257  0.0257  0.0257  0.0257  0.0257
  0.0258  0.0258  0.0257  0.0257  0.0257  0.0257  0.0258  0.0261  0.0258  0.0259  0.0258  0.0257
  0.0265  0.0262  0.0259  0.0261  0.0263  0.0262  0.0262  0.0269  0.0261  0.0264  0.0259  0.0259
  0.0275  0.0270  0.0263  0.0269  0.0276  0.0278  0.0270  0.0281  0.0266  0.0273  0.0262  0.0262
niter,ni,del,rscale     4    3    5.0000    0.7000
parameters
    4.2885  -18.8189    6.0540  -14.1125  -23.3627  -15.0845
    4.4938    3.8839   -4.2679   18.6160    1.1943  -28.5404
eta,q 0.97435 11.26211
  0.0272  0.0268  0.0262  0.0265  0.0266  0.0265  0.0267  0.0278  0.0264  0.0268  0.0260  0.0261
  0.0264  0.0262  0.0259  0.0261  0.0262  0.0260  0.0261  0.0266  0.0260  0.0262  0.0258  0.0258
  0.0259  0.0258  0.0257  0.0258  0.0258  0.0258  0.0258  0.0258  0.0257  0.0258  0.0257  0.0257
  0.0257  0.0257  0.0257  0.0257  0.0257  0.0256  0.0256  0.0256  0.0257  0.0257  0.0256  0.0256
  0.0258  0.0257  0.0257  0.0257  0.0256  0.0256  0.0258  0.0260  0.0257  0.0258  0.0257  0.0257
  0.0262  0.0260  0.0259  0.0260  0.0259  0.0259  0.0262  0.0266  0.0260  0.0261  0.0258  0.0258
  0.0269  0.0266  0.0263  0.0265  0.0267  0.0267  0.0268  0.0276  0.0264  0.0267  0.0260  0.0261
niter,ni,del,rscale     3    3    5.0000    0.6000
parameters
    4.3018  -18.8257    6.0419  -14.0376  -23.1891  -14.8993
    4.4370    3.8675   -4.3021   18.6640    1.2821  -28.5642
eta,q 0.97437 11.28720
  0.0267  0.0264  0.0261  0.0263  0.0264  0.0263  0.0265  0.0272  0.0262  0.0265  0.0259  0.0260
  0.0261  0.0260  0.0258  0.0259  0.0260  0.0259  0.0260  0.0263  0.0259  0.0260  0.0258  0.0258
  0.0258  0.0257  0.0257  0.0257  0.0258  0.0257  0.0257  0.0257  0.0257  0.0257  0.0257  0.0257
  0.0256  0.0256  0.0256  0.0256  0.0256  0.0256  0.0256  0.0256  0.0256  0.0256  0.0256  0.0256
  0.0258  0.0257  0.0257  0.0257  0.0256  0.0256  0.0257  0.0259  0.0257  0.0257  0.0257  0.0257
  0.0261  0.0260  0.0258  0.0259  0.0258  0.0257  0.0260  0.0264  0.0259  0.0260  0.0258  0.0258
  0.0267  0.0264  0.0261  0.0262  0.0264  0.0262  0.0265  0.0272  0.0262  0.0264  0.0259  0.0260
niter,ni,del,rscale     2    3    5.0000    0.5000
parameters
    4.2905  -18.8556    6.0602  -14.0056  -23.0114  -14.7073
    4.4349    3.8114   -4.3681   18.6760    1.3873  -28.6026
eta,q 0.97439 11.31014
  0.0263  0.0261  0.0259  0.0261  0.0261  0.0260  0.0262  0.0267  0.0260  0.0262  0.0258  0.0258
  0.0259  0.0258  0.0258  0.0258  0.0259  0.0258  0.0259  0.0261  0.0258  0.0259  0.0257  0.0257
  0.0257  0.0257  0.0257  0.0257  0.0257  0.0257  0.0257  0.0257  0.0256  0.0257  0.0256  0.0256
  0.0256  0.0256  0.0256  0.0256  0.0256  0.0256  0.0256  0.0256  0.0256  0.0256  0.0256  0.0256
  0.0257  0.0257  0.0257  0.0257  0.0256  0.0256  0.0257  0.0258  0.0257  0.0257  0.0256  0.0256
  0.0260  0.0259  0.0258  0.0258  0.0258  0.0257  0.0259  0.0262  0.0258  0.0259  0.0257  0.0257
  0.0264  0.0262  0.0259  0.0261  0.0261  0.0260  0.0262  0.0267  0.0260  0.0262  0.0258  0.0258
niter,ni,del,rscale     1    3    5.0000    0.4000
parameters
    4.2676  -18.8827    6.0839  -14.0214  -22.8303  -14.5091
    4.4381    3.7442   -4.4336   18.7081    1.4809  -28.6277
eta,q 0.97441 11.33171
  0.0260  0.0259  0.0258  0.0259  0.0260  0.0258  0.0260  0.0263  0.0258  0.0260  0.0257  0.0257
  0.0258  0.0257  0.0257  0.0257  0.0258  0.0257  0.0258  0.0259  0.0257  0.0258  0.0257  0.0257
  0.0257  0.0256  0.0256  0.0256  0.0257  0.0256  0.0256  0.0256  0.0256  0.0256  0.0256  0.0256
  0.0256  0.0256  0.0256  0.0256  0.0256  0.0256  0.0256  0.0256  0.0256  0.0256  0.0256  0.0256
  0.0257  0.0257  0.0256  0.0256  0.0256  0.0256  0.0256  0.0257  0.0256  0.0256  0.0256  0.0256
  0.0258  0.0258  0.0257  0.0257  0.0257  0.0256  0.0258  0.0260  0.0257  0.0257  0.0257  0.0257
  0.0261  0.0260  0.0258  0.0259  0.0259  0.0258  0.0260  0.0264  0.0259  0.0260  0.0257  0.0257
registration optimization eta report
parameter search radius
    0.8000    0.8000    0.8000    2.4000    2.4000    2.4000
    2.4000    2.4000    2.4000    2.4000    2.4000    2.4000
100000*second partial in parameter space
       73.       53.       29.        5.        6.        4.
        7.       13.        4.        7.        2.        3.
  0.0260  0.0259  0.0258  0.0259  0.0260  0.0258  0.0260  0.0263  0.0258  0.0260  0.0257  0.0257
  0.0258  0.0257  0.0257  0.0257  0.0258  0.0257  0.0258  0.0259  0.0257  0.0258  0.0257  0.0257
  0.0257  0.0256  0.0256  0.0256  0.0257  0.0256  0.0256  0.0256  0.0256  0.0256  0.0256  0.0256
  0.0256  0.0256  0.0256  0.0256  0.0256  0.0256  0.0256  0.0256  0.0256  0.0256  0.0256  0.0256
  0.0257  0.0257  0.0256  0.0256  0.0256  0.0256  0.0256  0.0257  0.0256  0.0256  0.0256  0.0256
  0.0258  0.0258  0.0257  0.0257  0.0257  0.0256  0.0258  0.0260  0.0257  0.0257  0.0257  0.0257
  0.0261  0.0260  0.0258  0.0259  0.0259  0.0258  0.0260  0.0264  0.0259  0.0260  0.0257  0.0257
    4.2676  -18.8827    6.0839  -14.0214  -22.8303  -14.5091
    4.4381    3.7442   -4.4336   18.7081    1.4809  -28.6277
eta,q 0.97441 11.33171

---------------------------------------------------------------------
compute_vox2vox talsrcimg talsrcimg_to_711-2C_as_mni_average_305_t4 /opt/freesurfer/average/711-2C_as_mni_average_305
---------------------------------------------------------------------

freesurfer compute_vox2vox.c
Reading: talsrcimg.4dfp.ifh
Reading: talsrcimg_to_711-2C_as_mni_average_305_t4
Reading: /opt/freesurfer/average/711-2C_as_mni_average_305.4dfp.ifh
Writing: talsrcimg_to_711-2C_as_mni_average_305_t4_vox2vox.txt

start time Sat Mar 14 10:30:58 CET 2026
end		time Sat Mar 14 10:31:12 CET 2026

mpr2mni305 success

avi2talxfm orig_nu.mgz /opt/freesurfer/average/mni305.cor.mgz talsrcimg_to_711-2C_as_mni_average_305_t4_vox2vox.txt transforms/talairach.auto.xfm
avi2talxfm done
mv -f /out/sourcedata/freesurfer/sub-v2s9x29171_ses-1/mri/talsrcimg_to_711-2C_as_mni_average_305_t4_vox2vox.txt /out/sourcedata/freesurfer/sub-v2s9x29171_ses-1/mri/transforms/talsrcimg_to_711-2C_as_mni_average_305_t4_vox2vox.txt
lta_convert --src orig_nu.mgz --trg /opt/freesurfer/average/mni305.cor.mgz --inxfm transforms/talairach.auto.xfm --outlta transforms/talairach.auto.xfm.lta --subject fsaverage
7.3.2

--src: orig_nu.mgz src image (geometry).
--trg: /opt/freesurfer/average/mni305.cor.mgz trg image (geometry).
--inmni: transforms/talairach.auto.xfm input MNI/XFM transform.
--outlta: transforms/talairach.auto.xfm.lta output LTA.
--s: fsaverage subject name
 LTA read, type : 1
 1.15958  -0.03347  -0.07911  -6.93082;
 0.00206   1.08183   0.40121  -0.41712;
 0.06612  -0.26419   1.19404   22.63374;
 0.00000   0.00000   0.00000   1.00000;
setting subject to fsaverage
Writing  LTA to file transforms/talairach.auto.xfm.lta...
lta_convert successful.
 
 
Started at Sat Mar 14 10:30:58 CET 2026
Ended   at Sat Mar 14 10:31:13 CET 2026
talairach_avi done
